08-30 15:11:27.664  7475  7475 I HBD     : h load selected json info : {"version":"1.0","currentLanguageOrder":2,"selected":[{"activeOptionList":["auto_replace","spell_check","auto_spacing"],"engName":"Russian","id":3342336,"inputType":"qwerty","isUsed":true},{"activeOptionList":["auto_replace","spell_check","auto_spacing"],"engName":"English","id":65537,"inputType":"qwerty","isUsed":true},{"activeOptionList":["auto_replace","spell_check","auto_spacing"],"engName":"Ukrainian","id":4456448,"inputType":"qwerty","isUsed":true}]}
08-30 15:11:27.664 23627 23627 I SurfaceControl: nativeRelease nativeObject s[478234523616]
08-30 15:11:27.664 23627 23627 I SurfaceControl: nativeRelease nativeObject e[478234523616]
08-30 15:11:27.664 23627 23627 I SurfaceControl: nativeRelease nativeObject s[478061394848]
08-30 15:11:27.664 23627 23627 I SurfaceControl: nativeRelease nativeObject e[478061394848]
08-30 15:11:27.665  7475  7475 I HBD     : a [UpdatePolicy] [post] a: 0 cl: 4456448 kit: [0/0] vt: 0 ir: 1
08-30 15:11:27.665 23627 23627 I ViewInteraction: Performing 'scroll RecyclerView to position: 5' action on view view.getId() is <2131230949/com.example.dogglers:id/horizontal_recycler_view>
08-30 15:11:27.667  7475  7475 I HBD     : HoneyBoardService [PF_OP][onStartInput]  10385577 ns
08-30 15:11:27.684  3976  6075 I SurfaceFlinger: id=38445 Removed com.sec.android.app.launcher/com.sec.android.app.launcher.activities.LauncherActivity$_5135#0 (106)
08-30 15:11:27.685  5135  5135 I SurfaceControl: nativeRelease nativeObject s[478247339968]
08-30 15:11:27.685  5135  5135 I SurfaceControl: nativeRelease nativeObject e[478247339968]
08-30 15:11:27.685  4349  4369 D SehCodecSolutionService: Update top [com.example.dogglers]
08-30 15:11:27.693  3976  3976 I Layer   : id=38445[1] Destroyed com.sec.android.app.launcher/com.sec.android.app.launcher.activities.LauncherActivity$_5135#0
08-30 15:11:27.700  3976  3976 D SurfaceFlinger: Display 0 HWC layers:
08-30 15:11:27.700  3976  3976 D SurfaceFlinger:      DEVICE | 0x74f0414a80 | 0002 | RGBA_8888    |    0.0    0.0  720.0 1560.0 |    0    0  720 1560 | com.example.dogglers/com.example.dogglers.HorizontalListActivity$_23627#0
08-30 15:11:27.700  3976  3976 D SurfaceFlinger:      DEVICE | 0x75743a6700 | 0002 | RGBA_8888    |    0.0    0.0  720.0 1560.0 |    0    0  720 1560 | Splash Screen com.example.dogglers#0
08-30 15:11:27.700  3976  3976 D SurfaceFlinger:      DEVICE | 0x75743a6200 | 0000 | RGBA_8888    |    0.0    0.0  720.0   53.0 |    0    0  720   53 | StatusBar$_4708#0
08-30 15:11:27.700  3976  3976 D SurfaceFlinger:      DEVICE | 0x74d157fa00 | 0000 | RGBA_8888    |    0.0    0.0   67.0  232.0 |  653  151  720  383 | com.samsung.android.app.cocktailbars[...]rservice.CocktailBarService$_14146#0
08-30 15:11:27.700  3976  3976 D SurfaceFlinger:      DEVICE | 0x75743a7380 | 0000 | RGBA_8888    |    0.0    0.0  720.0   84.0 |    0 1476  720 1560 | NavigationBar0$_4708#0
08-30 15:11:27.700  3976  3976 D SurfaceFlinger:      DEVICE | 0x74f0413e00 | 0000 | RGBA_8888    |    0.0    0.0  720.0  101.0 |    0    0  720  101 | ScreenDecorOverlay$_4708#0
08-30 15:11:27.700  3976  3976 D SurfaceFlinger:      DEVICE | 0x75743a7b00 | 0000 | RGBA_8888    |    0.0    0.0  720.0  101.0 |    0 1459  720 1560 | ScreenDecorOverlayBotto
08-30 15:11:27.701  3976  3976 D SurfaceFlinger: m$_4708#0
08-30 15:11:27.701  3976  3976 D SurfaceFlinger:
08-30 15:11:27.707 23627 23627 I ViewInteraction: Checking 'MatchesViewAssertion{viewMatcher=(view has effective visibility <VISIBLE> and view.getGlobalVisibleRect() to return non-empty rectangle)}' assertion on view an instance of android.widget.TextView and view.getText() with or without transformation to match: is "Bella"
08-30 15:11:27.709  4349  4372 I SurfaceControl: nativeRelease nativeObject s[476016222272]
08-30 15:11:27.709  4349  4372 I SurfaceControl: nativeRelease nativeObject e[476016222272]
08-30 15:11:27.710  4349  4372 I SurfaceControl: nativeRelease nativeObject s[477997773664]
08-30 15:11:27.710  4349  4372 I SurfaceControl: nativeRelease nativeObject e[477997773664]
08-30 15:11:27.711  3976  6075 I Layer   : id=38456 removeFromCurrentState Splash Screen com.example.dogglers#0 (105)
08-30 15:11:27.711  4349  4372 I SurfaceControl: nativeRelease nativeObject s[476017807552]
08-30 15:11:27.711  4349  4372 I SurfaceControl: nativeRelease nativeObject e[476017807552]
08-30 15:11:27.713  3976  4318 I Layer   : id=38455 removeFromCurrentState c7b2d63 Splash Screen com.example.dogglers#0 (105)
08-30 15:11:27.714  3976  4318 I Layer   : id=38468 removeFromCurrentState Surface(name=c7b2d63 Splash Screen com.example.dogglers)/@0xc26c149 - animation-leash#0 (105)
08-30 15:11:27.714  3976  4318 I SurfaceFlinger: id=38455 Removed c7b2d63 Splash Screen com.example.dogglers#0 (105)
08-30 15:11:27.714  3976  4318 I SurfaceFlinger: id=38468 Removed Surface(name=c7b2d63 Splash Screen com.example.dogglers)/@0xc26c149 - animation-leash#0 (105)
08-30 15:11:27.714  3976  4318 I SurfaceFlinger: id=38456 Removed Splash Screen com.example.dogglers#0 (105)
08-30 15:11:27.721  4349  5464 I SemDvfsHyPerManager: acquire hyper - AMS_ACT_START/4349@16, type = -999
08-30 15:11:27.721  3927  3954 I HYPER-HAL: [RequestManager.cpp]acquire(): Acquired ID : 9528811  [4349 / 16]    HINT : AMS_ACT_START    list :
08-30 15:11:27.722  3927  3954 E HYPER-HAL: [HandlerSysfs.cpp]doResourceHandling(): Couldn't Open Sysfs - /sys/power/cstate_control
08-30 15:11:27.722  3927  3954 I HYPER-HAL: [ResourceManager.cpp]updateResource(): [CPUMinFreq] UpdateResource Request ID : 9528811    Value : 1560000
08-30 15:11:27.722  3976  6075 I SurfaceFlinger: id=38470 createSurf (0x0),-1 flag=80004, ActivityRecord{e5d67ca u0 com.example.dogglers/androidx.test.core.app.InstrumentationActivityInvoker$EmptyActivity t1421}#0
08-30 15:11:27.725  4349  4553 I WifiConnectivityMonitor.NetworkCallbackController: sNetworkCallback onCapabilitiesChanged: 732[ Transports: WIFI Capabilities: NOT_METERED&INTERNET&NOT_RESTRICTED&TRUSTED&NOT_VPN&VALIDATED&NOT_ROAMING&FOREGROUND&NOT_CONGESTED&NOT_SUSPENDED LinkUpBandwidth>=47025Kbps LinkDnBandwidth>=687Kbps SignalStrength: -59 OwnerUid: 1000 AdministratorUids: [] SSID: "Vanyxa 2.0" RequestorUid: -1 RequestorPackageName: null]
08-30 15:11:27.726  3976  3976 I Layer   : id=38468[1] Destroyed Surface(name=c7b2d63 Splash Screen com.example.dogglers)/@0xc26c149 - animation-leash#0
08-30 15:11:27.726  3976  3976 I Layer   : id=38455[1] Destroyed c7b2d63 Splash Screen com.example.dogglers#0
08-30 15:11:27.726  3881  3886 E statsd  : Predicate -7037417284711607308 dropping data for dimension key (10)0x2010101->10429[I] (10)0x30000->*launch*[S]
08-30 15:11:27.729  3976  3976 I Layer   : id=38456[1] Destroyed Splash Screen com.example.dogglers#0
08-30 15:11:27.732  4349  4553 D SemWifiSwitchForIndividualAppsService: stopTCPMonitoring : already stopped
08-30 15:11:27.733  3976  3976 D SurfaceFlinger: Display 0 HWC layers:
08-30 15:11:27.733  3976  3976 D SurfaceFlinger:      DEVICE | 0x74f0414f80 | 0002 | RGBA_8888    |    0.0    0.0  720.0 1560.0 |    0    0  720 1560 | com.example.dogglers/com.example.dogglers.HorizontalListActivity$_23627#0
08-30 15:11:27.733  3976  3976 D SurfaceFlinger:      DEVICE | 0x74f0414e40 | 0000 | RGBA_8888    |    0.0    0.0  720.0   53.0 |    0    0  720   53 | StatusBar$_4708#0
08-30 15:11:27.733  3976  3976 D SurfaceFlinger:      DEVICE | 0x74d157fa00 | 0000 | RGBA_8888    |    0.0    0.0   67.0  232.0 |  653  151  720  383 | com.samsung.android.app.cocktailbars[...]rservice.CocktailBarService$_14146#0
08-30 15:11:27.733  3976  3976 D SurfaceFlinger:      DEVICE | 0x75743a7380 | 0000 | RGBA_8888    |    0.0    0.0  720.0   84.0 |    0 1476  720 1560 | NavigationBar0$_4708#0
08-30 15:11:27.733  3976  3976 D SurfaceFlinger:      DEVICE | 0x74f0413e00 | 0000 | RGBA_8888    |    0.0    0.0  720.0  101.0 |    0    0  720  101 | ScreenDecorOverlay$_4708#0
08-30 15:11:27.733  3976  3976 D SurfaceFlinger:      DEVICE | 0x75743a7b00 | 0000 | RGBA_8888    |    0.0    0.0  720.0  101.0 |    0 1459  720 1560 | ScreenDecorOverlayBottom$_4708#0
08-30 15:11:27.733  3976  3976 D SurfaceFlinger:
08-30 15:11:27.733  7475  8684 I HBD     : g onCapabilitiesChanged network : 732 current network state : invalid
08-30 15:11:27.737 23627 23627 D LifecycleMonitor: Lifecycle status change: com.example.dogglers.HorizontalListActivity@3f81e3b in: PAUSED
08-30 15:11:27.738 23627 23627 V ActivityScenario: Update currentActivityStage to PAUSED, currentActivity=com.example.dogglers.HorizontalListActivity@3f81e3b
08-30 15:11:27.741  4349  6765 V WindowOrientationListener: getProposedRotation: -1
08-30 15:11:27.741  4349  6765 V WindowOrientationListener: getProposedRotation: -1
08-30 15:11:27.742  4349  6765 V WindowOrientationListener: getProposedRotation: -1
08-30 15:11:27.745  4349  6765 D InputDispatcher: Focused application set to (0): e5d67ca
08-30 15:11:27.758 23627 23627 D LifecycleMonitor: Lifecycle status change: androidx.test.core.app.InstrumentationActivityInvoker$EmptyActivity@c1a7ed7 in: PRE_ON_CREATE
08-30 15:11:27.758 23627 23627 V ActivityScenario: Activity lifecycle changed event received but ignored because the intent does not match. startActivityIntent=Intent { act=android.intent.action.MAIN cat=[android.intent.category.LAUNCHER] cmp=com.example.dogglers/.HorizontalListActivity }, activity.getIntent()=Intent { act=android.intent.action.MAIN cat=[android.intent.category.LAUNCHER] flg=0x10000000 cmp=com.example.dogglers/androidx.test.core.app.InstrumentationActivityInvoker$EmptyActivity }, activity=androidx.test.core.app.InstrumentationActivityInvoker$EmptyActivity@c1a7ed7
08-30 15:11:27.762  4349  4371 I SemPersonaManager: SecureFolder personaId = 150
08-30 15:11:27.766 23627 23627 I DecorView: [INFO] isPopOver=false, config=true
08-30 15:11:27.766 23627 23627 I DecorView: updateCaptionType >> DecorView@d1572ad[], isFloating=false, isApplication=true, hasWindowDecorCaption=false, hasWindowControllerCallback=true
08-30 15:11:27.766 23627 23627 D DecorView: setCaptionType = 0, this = DecorView@d1572ad[]
08-30 15:11:27.771 23627 23627 D LifecycleMonitor: Lifecycle status change: androidx.test.core.app.InstrumentationActivityInvoker$EmptyActivity@c1a7ed7 in: CREATED
08-30 15:11:27.771 23627 23627 V ActivityScenario: Activity lifecycle changed event received but ignored because the intent does not match. startActivityIntent=Intent { act=android.intent.action.MAIN cat=[android.intent.category.LAUNCHER] cmp=com.example.dogglers/.HorizontalListActivity }, activity.getIntent()=Intent { act=android.intent.action.MAIN cat=[android.intent.category.LAUNCHER] flg=0x10000000 cmp=com.example.dogglers/androidx.test.core.app.InstrumentationActivityInvoker$EmptyActivity }, activity=androidx.test.core.app.InstrumentationActivityInvoker$EmptyActivity@c1a7ed7
08-30 15:11:27.774 23627 23627 D LifecycleMonitor: Lifecycle status change: androidx.test.core.app.InstrumentationActivityInvoker$EmptyActivity@c1a7ed7 in: STARTED
08-30 15:11:27.774 23627 23627 V ActivityScenario: Activity lifecycle changed event received but ignored because the intent does not match. startActivityIntent=Intent { act=android.intent.action.MAIN cat=[android.intent.category.LAUNCHER] cmp=com.example.dogglers/.HorizontalListActivity }, activity.getIntent()=Intent { act=android.intent.action.MAIN cat=[android.intent.category.LAUNCHER] flg=0x10000000 cmp=com.example.dogglers/androidx.test.core.app.InstrumentationActivityInvoker$EmptyActivity }, activity=androidx.test.core.app.InstrumentationActivityInvoker$EmptyActivity@c1a7ed7
08-30 15:11:27.778  4349  6779 I InputDispatcher: Focus left window (23627): 77ac62d in display 0 0
08-30 15:11:27.793  4349  4372 I SurfaceControl: nativeRelease nativeObject s[476016225152]
08-30 15:11:27.793  4349  4372 I SurfaceControl: nativeRelease nativeObject e[476016225152]
08-30 15:11:27.808 12736 12736 I dnxg    : onPause
08-30 15:11:27.809  4349  4371 D EnterpriseDeviceManagerService: isMdmAdminPresentInternal() : MDM Admin Found - com.samsung.knox.securefolder
08-30 15:11:27.810  3976  4002 I Layer   : id=38462 removeFromCurrentState Surface(name=Dim Layer for - Task=1421 - animating-dim)/@0xae073bd - animation-leash#0 (103)
08-30 15:11:27.811  3976  4002 I SurfaceFlinger: id=38462 Removed Surface(name=Dim Layer for - Task=1421 - animating-dim)/@0xae073bd - animation-leash#0 (103)
08-30 15:11:27.816 23627 23627 D LifecycleMonitor: Lifecycle status change: androidx.test.core.app.InstrumentationActivityInvoker$EmptyActivity@c1a7ed7 in: RESUMED
08-30 15:11:27.817 23627 23627 V ActivityScenario: Activity lifecycle changed event received but ignored because the intent does not match. startActivityIntent=Intent { act=android.intent.action.MAIN cat=[android.intent.category.LAUNCHER] cmp=com.example.dogglers/.HorizontalListActivity }, activity.getIntent()=Intent { act=android.intent.action.MAIN cat=[android.intent.category.LAUNCHER] flg=0x10000000 cmp=com.example.dogglers/androidx.test.core.app.InstrumentationActivityInvoker$EmptyActivity }, activity=androidx.test.core.app.InstrumentationActivityInvoker$EmptyActivity@c1a7ed7
08-30 15:11:27.821  4349  5108 D InputTransport: Input channel constructed: '2d427a5', fd=703
08-30 15:11:27.822  4349  5108 D InputTransport: Input channel constructed: '2d427a5', fd=704
08-30 15:11:27.822  3976  4002 I SurfaceFlinger: id=38471 createSurf (0x0),-1 flag=80004, 2d427a5 com.example.dogglers/androidx.test.core.app.InstrumentationActivityInvoker$EmptyActivity#0
08-30 15:11:27.823  4349  5108 D WindowManager: isScreenshotDisabledLocked - win: Window{2d427a5 u0 com.example.dogglers/androidx.test.core.app.InstrumentationActivityInvoker$EmptyActivity}
08-30 15:11:27.823  4349  5108 D WindowManager: isScreenshotDisabledLocked: userId = 0, disabled =false
08-30 15:11:27.823  4349  5108 D InputTransport: Input channel destroyed: '2d427a5', fd=704
08-30 15:11:27.824 23627 23627 D InputTransport: Input channel constructed: '2d427a5', fd=91
08-30 15:11:27.825 23627 23627 I ViewRootImpl@5de4830[InstrumentationActivityInvoker$EmptyActivity]: setView = com.android.internal.policy.DecorView@d1572ad TM=true
08-30 15:11:27.826  3976  3976 I Layer   : id=38462[1] Destroyed Surface(name=Dim Layer for - Task=1421 - animating-dim)/@0xae073bd - animation-leash#0
08-30 15:11:27.830  4349  5108 V WindowManager: Relayout Window{2d427a5 u0 com.example.dogglers/androidx.test.core.app.InstrumentationActivityInvoker$EmptyActivity}: viewVisibility=0 req=720x1560
08-30 15:11:27.832  4349  5108 D WindowManager: isScreenshotDisabledLocked - win: Window{2d427a5 u0 com.example.dogglers/androidx.test.core.app.InstrumentationActivityInvoker$EmptyActivity}
08-30 15:11:27.832  4349  5108 D WindowManager: isScreenshotDisabledLocked: userId = 0, disabled =false
08-30 15:11:27.833  3976  6075 I SurfaceFlinger: id=38472 createSurf (720x1560),1 flag=404, com.example.dogglers/androidx.test.core.app.InstrumentationActivityInvoker$EmptyActivity$_23627#0
08-30 15:11:27.835  7475  7475 E HBD     : g activeNetwork is null
08-30 15:11:27.835  4349  5108 I SurfaceControl: nativeRelease nativeObject s[476016225920]
08-30 15:11:27.835  4349  5108 I SurfaceControl: nativeRelease nativeObject e[476016225920]
08-30 15:11:27.835 14146 14146 I TrayStateController: systemUiVisibilityChanged : 0 0
08-30 15:11:27.835  3976  6075 I SurfaceFlinger: id=38473 createSurf (0x0),-1 flag=24000, Surface(name=1096c8d StatusBar)/@0xeaf4dd0 - animation-leash#0
08-30 15:11:27.836  4349  5108 I SurfaceControl: nativeRelease nativeObject s[476016226112]
08-30 15:11:27.836  4349  5108 I SurfaceControl: nativeRelease nativeObject e[476016226112]
08-30 15:11:27.836  3976  6075 I SurfaceFlinger: id=38474 createSurf (0x0),-1 flag=24000, Surface(name=b07ecc5 NavigationBar0)/@0xa8376fc - animation-leash#1
08-30 15:11:27.838  4349  5108 V WindowManager: Relayout hash=2d427a5, pid=23627: mAttrs={(0,0)(fillxfill) sim={adjust=pan forwardNavigation} ty=BASE_APPLICATION wanim=0x1030001
08-30 15:11:27.838  4349  5108 V WindowManager:   fl=1810100
08-30 15:11:27.838  4349  5108 V WindowManager:   pfl=12020000
08-30 15:11:27.838  4349  5108 V WindowManager:   fitSides= naviIconColor=0}
08-30 15:11:27.838  4349  5108 I SurfaceControl: nativeRelease nativeObject s[477997782304]
08-30 15:11:27.838  4349  5108 I SurfaceControl: nativeRelease nativeObject e[477997782304]
08-30 15:11:27.840 23627 23627 I SurfaceControl: assignNativeObject: nativeObject = 0 Surface(name=null)/@0xec38ca9 / android.view.SurfaceControl.readFromParcel:1117 android.view.IWindowSession$Stub$Proxy.relayout:1836 android.view.ViewRootImpl.relayoutWindow:9005 android.view.ViewRootImpl.performTraversals:3360 android.view.ViewRootImpl.doTraversal:2618 android.view.ViewRootImpl$TraversalRunnable.run:9971 android.view.Choreographer$CallbackRecord.run:1010 android.view.Choreographer.doCallbacks:809 android.view.Choreographer.doFrame:744 android.view.Choreographer$FrameDisplayEventReceiver.run:995
08-30 15:11:27.841 23627 23627 I ViewRootImpl@5de4830[InstrumentationActivityInvoker$EmptyActivity]: Relayout returned: old=(0,0,720,1560) new=(0,0,720,1560) req=(720,1560)0 dur=10 res=0x7 s={true 478211391488} ch=true fn=-1
08-30 15:11:27.844  3976  4002 I Layer   : id=38466 removeFromCurrentState Surface(name=1096c8d StatusBar)/@0xeaf4dd0 - animation-leash#1 (106)
08-30 15:11:27.844  3976  4002 I Layer   : id=38467 removeFromCurrentState Surface(name=b07ecc5 NavigationBar0)/@0xa8376fc - animation-leash#0 (106)
08-30 15:11:27.845  3899  3953 D gralloc : [mali_gralloc_allocate] begin
08-30 15:11:27.845  3899  3953 D gralloc : buffer_descriptor: wh(720 1560) usage_pc(0x40000000000b00 0x40000000000b00) hal_format(0x1) layer_count(1) sizes(0 0 0) strde(0) byte_stride(0) alloc_wh(0 0) internal_format(0x0) alloc_format(0x0) fd_count(1) plane_count(0)
08-30 15:11:27.846 23627 23627 I ViewRootImpl@5de4830[InstrumentationActivityInvoker$EmptyActivity]: [DP] dp(1) 1 android.view.ViewRootImpl.reportNextDraw:10957 android.view.ViewRootImpl.performTraversals:3845 android.view.ViewRootImpl.doTraversal:2618
08-30 15:11:27.846 23627 23627 I ViewRootImpl@5de4830[InstrumentationActivityInvoker$EmptyActivity]: [DP] pd() Asnyc report
08-30 15:11:27.846  3899  3953 D gralloc : [mali_gralloc_allocate] allocation successful
08-30 15:11:27.847  3899  3953 D gralloc : [mali_gralloc_allocate] begin
08-30 15:11:27.847  3899  3953 D gralloc : buffer_descriptor: wh(720 1560) usage_pc(0x40000000000b00 0x40000000000b00) hal_format(0x1) layer_count(1) sizes(0 0 0) strde(0) byte_stride(0) alloc_wh(0 0) internal_format(0x0) alloc_format(0x0) fd_count(1) plane_count(0)
08-30 15:11:27.848  3899  3953 D gralloc : [mali_gralloc_allocate] allocation successful
08-30 15:11:27.848  3899  3953 D gralloc : [mali_gralloc_allocate] begin
08-30 15:11:27.848  3899  3953 D gralloc : buffer_descriptor: wh(720 1560) usage_pc(0x40000000000b00 0x40000000000b00) hal_format(0x1) layer_count(1) sizes(0 0 0) strde(0) byte_stride(0) alloc_wh(0 0) internal_format(0x0) alloc_format(0x0) fd_count(1) plane_count(0)
08-30 15:11:27.849  3899  3953 D gralloc : [mali_gralloc_allocate] allocation successful
08-30 15:11:27.852 23627 23627 I ViewRootImpl@5de4830[InstrumentationActivityInvoker$EmptyActivity]: [DP] pdf(0) 1 android.view.ViewRootImpl.lambda$performDraw$1$ViewRootImpl:4668 android.view.-$$Lambda$ViewRootImpl$DJd0VUYJgsebcnSohO6h8zc_ONI.run:6 android.os.Handler.handleCallback:938
08-30 15:11:27.852 23627 23627 I ViewRootImpl@5de4830[InstrumentationActivityInvoker$EmptyActivity]: [DP] rdf()
08-30 15:11:27.855 23627 23627 I ViewRootImpl@66128ff[HorizontalListActivity]: MSG_WINDOW_FOCUS_CHANGED 0 1
08-30 15:11:27.857 23627 23627 I SurfaceControl: nativeRelease nativeObject s[476145765120]
08-30 15:11:27.857 23627 23627 I SurfaceControl: nativeRelease nativeObject e[476145765120]
08-30 15:11:27.857 23627 23627 I SurfaceControl: nativeRelease nativeObject s[476145765024]
08-30 15:11:27.857 23627 23627 I SurfaceControl: nativeRelease nativeObject e[476145765024]
08-30 15:11:27.857  4349  4372 D PkgPredictorService: pkg:com.example.dogglers activity:androidx.test.core.app.InstrumentationActivityInvoker$EmptyActivity thisTime:138
08-30 15:11:27.857 23627 23627 I SurfaceControl: nativeRelease nativeObject s[476145764928]
08-30 15:11:27.857 23627 23627 I SurfaceControl: nativeRelease nativeObject e[476145764928]
08-30 15:11:27.857  3976  4002 I SurfaceFlinger: id=38467 Removed Surface(name=b07ecc5 NavigationBar0)/@0xa8376fc - animation-leash#0 (106)
08-30 15:11:27.857  3976  4002 I SurfaceFlinger: id=38466 Removed Surface(name=1096c8d StatusBar)/@0xeaf4dd0 - animation-leash#1 (106)
08-30 15:11:27.860  3976  3976 I Layer   : id=38466[1] Destroyed Surface(name=1096c8d StatusBar)/@0xeaf4dd0 - animation-leash#1
08-30 15:11:27.860  3976  3976 I Layer   : id=38467[1] Destroyed Surface(name=b07ecc5 NavigationBar0)/@0xa8376fc - animation-leash#0
08-30 15:11:27.859  4349  4376 I ActivityTaskManager: Displayed com.example.dogglers/androidx.test.core.app.InstrumentationActivityInvoker$EmptyActivity: +138ms
08-30 15:11:27.861  5589  5589 E pageboostd: Received HALT command code 2
08-30 15:11:27.863  4349  4372 I SemDvfsHyPerManager: acquire hyper - AMS_RESUME_TAIL/4349@18, type = -999
08-30 15:11:27.863  4349  4372 I SemDvfsHyPerManager: acquire hyper - AMS_ACT_LAZY/4349@19, type = -999
08-30 15:11:27.864  3927  3954 I HYPER-HAL: [RequestManager.cpp]acquire(): Acquired ID : 9537546  [4349 / 18]    HINT : AMS_RESUME_TAIL    list :
08-30 15:11:27.864  3927  3954 E HYPER-HAL: [HandlerSysfs.cpp]doResourceHandling(): Couldn't Open Sysfs - /sys/power/cstate_control
08-30 15:11:27.864  3927  3954 I HYPER-HAL: [ResourceManager.cpp]updateResource(): [CPUMinFreq] UpdateResource Request ID : 9537546    Value : 1560000
08-30 15:11:27.864  3927  3954 I HYPER-HAL: [RequestManager.cpp]acquire(): Acquired ID : 9541915  [4349 / 19]    HINT :      list :
08-30 15:11:27.864  3927  3954 E HYPER-HAL: [Request.cpp]acquire(): Request:: id : 9541915, No Resource to set
08-30 15:11:27.865  3927  3954 E HYPER-HAL: [HandlerSysfs.cpp]doResourceHandling(): Couldn't Open Sysfs - /sys/power/cstate_control
08-30 15:11:27.865  3927  3954 I HYPER-HAL: [ResourceManager.cpp]removeResource(): [CPUMinFreq] RemoveResource Request ID : 9528811
08-30 15:11:27.865  3927  3954 I HYPER-HAL: [RequestManager.cpp]releaseLocked(): Released ID : 9528811
08-30 15:11:27.869 23627 23627 I ViewRootImpl@66128ff[HorizontalListActivity]: stopped(true) old=false
08-30 15:11:27.870 23627 23627 I SurfaceControl: nativeRelease nativeObject s[476145763392]
08-30 15:11:27.870 23627 23627 I SurfaceControl: nativeRelease nativeObject e[476145763392]
08-30 15:11:27.871 23627 23627 D LifecycleMonitor: Lifecycle status change: com.example.dogglers.HorizontalListActivity@3f81e3b in: STOPPED
08-30 15:11:27.872 23627 23627 V ActivityScenario: Update currentActivityStage to STOPPED, currentActivity=com.example.dogglers.HorizontalListActivity@3f81e3b
08-30 15:11:27.874 23627 23627 D LifecycleMonitor: Lifecycle status change: com.example.dogglers.HorizontalListActivity@3f81e3b in: DESTROYED
08-30 15:11:27.874 23627 23627 V ActivityScenario: Update currentActivityStage to DESTROYED, currentActivity=null
08-30 15:11:27.877  4349  5108 I SemDvfsHyPerManager: acquire hyper - AMS_ACT_START/4349@16, type = -999
08-30 15:11:27.877  3927  3954 I HYPER-HAL: [RequestManager.cpp]acquire(): Acquired ID : 9528811  [4349 / 16]    HINT : AMS_ACT_START    list :
08-30 15:11:27.877  3927  3954 E HYPER-HAL: [HandlerSysfs.cpp]doResourceHandling(): Couldn't Open Sysfs - /sys/power/cstate_control
08-30 15:11:27.878  4349  6765 I InputDispatcher: Focus entered window (23627): 2d427a5 in display 0 0
08-30 15:11:27.878  3927  3954 I HYPER-HAL: [ResourceManager.cpp]updateResource(): [CPUMinFreq] UpdateResource Request ID : 9528811    Value : 1560000
08-30 15:11:27.878  3976  4318 I SurfaceFlinger: id=38475 createSurf (0x0),-1 flag=80004, ActivityRecord{d3f13a0 u0 com.example.dogglers/androidx.test.core.app.InstrumentationActivityInvoker$EmptyActivity t1421}#0
08-30 15:11:27.879  3976  6075 E BufferQueueProducer: [com.example.dogglers/com.example.dogglers.HorizontalListActivity$_23627#0](id:f88000033dd,api:0,p:-1,c:3976) disconnect: not connected (req=1)
08-30 15:11:27.880 23627 23685 W libEGL  : EGLNativeWindowType 0x6efcf29010 disconnect failed
08-30 15:11:27.880 23627 23627 I ViewRootImpl@66128ff[HorizontalListActivity]: dispatchDetachedFromWindow
08-30 15:11:27.883  3976  3976 D SurfaceFlinger: Display 0 HWC layers:
08-30 15:11:27.883  3976  3976 D SurfaceFlinger:      DEVICE | 0x75743a4f40 | 0002 | RGBA_8888    |    0.0    0.0  720.0 1560.0 |    0    0  720 1560 | com.example.dogglers/androidx.test.c[...]tivityInvoker$EmptyActivity$_23627#0
08-30 15:11:27.883  3976  3976 D SurfaceFlinger:      DEVICE | 0x75743a6fc0 | 0000 | RGBA_8888    |    0.0    0.0  720.0   53.0 |    0    0  720   53 | StatusBar$_4708#0
08-30 15:11:27.883  3976  3976 D SurfaceFlinger:      DEVICE | 0x74d157fa00 | 0000 | RGBA_8888    |    0.0    0.0   67.0  232.0 |  653  151  720  383 | com.samsung.android.app.cocktailbars[...]rservice.CocktailBarService$_14146#0
08-30 15:11:27.883  3976  3976 D SurfaceFlinger:      DEVICE | 0x75743a7380 | 0000 | RGBA_8888    |    0.0    0.0  720.0   84.0 |    0 1476  720 1560 | NavigationBar0$_4708#0
08-30 15:11:27.883  3976  3976 D SurfaceFlinger:      DEVICE | 0x74f0413e00 | 0000 | RGBA_8888    |    0.0    0.0  720.0  101.0 |    0    0  720  101 | ScreenDecorOverlay$_4708#0
08-30 15:11:27.883  3976  3976 D SurfaceFlinger:      DEVICE | 0x75743a7b00 | 0000 | RGBA_8888    |    0.0    0.0  720.0  101.0 |    0 1459  720 1560 | ScreenDecorOverlayBottom$_4708#0
08-30 15:11:27.883  3976  3976 D SurfaceFlinger:
08-30 15:11:27.886  4349  6765 D InputTransport: Input channel destroyed: '77ac62d', fd=695
08-30 15:11:27.886  4349  6765 I SurfaceControl: nativeRelease nativeObject s[476021498112]
08-30 15:11:27.886  4349  6765 I SurfaceControl: nativeRelease nativeObject e[476021498112]
08-30 15:11:27.887  4349  6765 D WindowManager: isScreenshotDisabledLocked - win: Window{77ac62d u0 com.example.dogglers/com.example.dogglers.HorizontalListActivity}
08-30 15:11:27.887  4349  6765 D WindowManager: isScreenshotDisabledLocked: userId = 0, disabled =false
08-30 15:11:27.887  4349  6765 I SurfaceControl: nativeRelease nativeObject s[477997776736]
08-30 15:11:27.887  4349  6765 I SurfaceControl: nativeRelease nativeObject e[477997776736]
08-30 15:11:27.887  3976  6075 I SurfaceFlinger: id=38476 createSurf (0x0),-1 flag=24004, Surface(name=749d536 InputMethod)/@0x72f94d3 - animation-leash#1
08-30 15:11:27.888  4349  6765 I SurfaceControl: nativeRelease nativeObject s[476017812448]
08-30 15:11:27.888  4349  6765 I SurfaceControl: nativeRelease nativeObject e[476017812448]
08-30 15:11:27.889  3976  6075 I Layer   : id=38465 removeFromCurrentState com.example.dogglers/com.example.dogglers.HorizontalListActivity$_23627#0 (106)
08-30 15:11:27.889  3976  4318 I SurfaceFlinger: id=38465 Removed com.example.dogglers/com.example.dogglers.HorizontalListActivity$_23627#0 (106)
08-30 15:11:27.891  3976  4001 I Layer   : id=38464 removeFromCurrentState 77ac62d com.example.dogglers/com.example.dogglers.HorizontalListActivity#0 (106)
08-30 15:11:27.891  3976  4001 I Layer   : id=38469 removeFromCurrentState Surface(name=749d536 InputMethod)/@0x72f94d3 - animation-leash#0 (106)
08-30 15:11:27.891  3976  4001 I SurfaceFlinger: id=38464 Removed 77ac62d com.example.dogglers/com.example.dogglers.HorizontalListActivity#0 (106)
08-30 15:11:27.893 23627 23627 D InputTransport: Input channel destroyed: '77ac62d', fd=81
08-30 15:11:27.893  3976  3976 I Layer   : id=38464[1] Destroyed 77ac62d com.example.dogglers/com.example.dogglers.HorizontalListActivity#0
08-30 15:11:27.894  3976  3976 I Layer   : id=38465[1] Destroyed com.example.dogglers/com.example.dogglers.HorizontalListActivity$_23627#0
08-30 15:11:27.895  4349  4913 I SurfaceControl: nativeRelease nativeObject s[477997777120]
08-30 15:11:27.895  4349  4913 I SurfaceControl: nativeRelease nativeObject e[477997777120]
08-30 15:11:27.897  3976  4001 I Layer   : id=38459 removeFromCurrentState ActivityRecord{6f0eb50 u0 com.example.dogglers/.HorizontalListActivity t1421}#0 (104)
08-30 15:11:27.897  3976  4002 I SurfaceFlinger: id=38459 Removed ActivityRecord{6f0eb50 u0 com.example.dogglers/.HorizontalListActivity t1421}#0 (104)
08-30 15:11:27.898  4349  4372 I SurfaceControl: nativeRelease nativeObject s[477997782016]
08-30 15:11:27.898  4349  4372 I SurfaceControl: nativeRelease nativeObject e[477997782016]
08-30 15:11:27.898  4349  4372 I SurfaceControl: nativeRelease nativeObject s[476016225056]
08-30 15:11:27.898  4349  4372 I SurfaceControl: nativeRelease nativeObject e[476016225056]
08-30 15:11:27.902 23627 23627 D LifecycleMonitor: Lifecycle status change: androidx.test.core.app.InstrumentationActivityInvoker$EmptyActivity@c1a7ed7 in: PAUSED
08-30 15:11:27.902 23627 23627 V ActivityScenario: Activity lifecycle changed event received but ignored because the intent does not match. startActivityIntent=Intent { act=android.intent.action.MAIN cat=[android.intent.category.LAUNCHER] cmp=com.example.dogglers/.HorizontalListActivity }, activity.getIntent()=Intent { act=android.intent.action.MAIN cat=[android.intent.category.LAUNCHER] flg=0x10000000 cmp=com.example.dogglers/androidx.test.core.app.InstrumentationActivityInvoker$EmptyActivity }, activity=androidx.test.core.app.InstrumentationActivityInvoker$EmptyActivity@c1a7ed7
08-30 15:11:27.904  4349  4913 V WindowOrientationListener: getProposedRotation: -1
08-30 15:11:27.905  4349  4913 V WindowOrientationListener: getProposedRotation: -1
08-30 15:11:27.906  4349  4913 V WindowOrientationListener: getProposedRotation: -1
08-30 15:11:27.908  4349  4913 D InputDispatcher: Focused application set to (0): d3f13a0
08-30 15:11:27.909  3976  3976 I Layer   : id=38459[1] Destroyed ActivityRecord{6f0eb50 u0 com.example.dogglers/.HorizontalListActivity t1421}#0
08-30 15:11:27.913  3976  4002 I Layer   : id=38460 removeFromCurrentState Surface(name=ActivityRecord{100580d u0 com.example.dogglers/androidx.test.core.app.InstrumentationActivityInvoker$BootstrapActivity t1421})/@0x3805081 - animation-leash#0 (103)
08-30 15:11:27.913  3976  4002 I Layer   : id=38463 removeFromCurrentState Surface(name=ActivityRecord{100580d u0 com.example.dogglers/androidx.test.core.app.InstrumentationActivityInvoker$BootstrapActivity t1421})/@0x3805081 - animation-bounds#0 (103)
08-30 15:11:27.914  3976  4001 I SurfaceFlinger: id=38460 Removed Surface(name=ActivityRecord{100580d u0 com.example.dogglers/androidx.test.core.app.InstrumentationActivityInvoker$BootstrapActivity t1421})/@0x3805081 - animation-leash#0 (103)
08-30 15:11:27.914  3976  4001 I SurfaceFlinger: id=38463 Removed Surface(name=ActivityRecord{100580d u0 com.example.dogglers/androidx.test.core.app.InstrumentationActivityInvoker$BootstrapActivity t1421})/@0x3805081 - animation-bounds#0 (103)
08-30 15:11:27.915 23627 23627 I ViewRootImpl@5de4830[InstrumentationActivityInvoker$EmptyActivity]: MSG_WINDOW_FOCUS_CHANGED 1 1
08-30 15:11:27.915 23627 23627 D InputMethodManager: prepareNavigationBarInfo() DecorView@d1572ad[InstrumentationActivityInvoker$EmptyActivity]
08-30 15:11:27.915 23627 23627 D InputMethodManager: getNavigationBarColor() -16711423
08-30 15:11:27.915 23627 23627 D InputMethodManager: prepareNavigationBarInfo() DecorView@d1572ad[InstrumentationActivityInvoker$EmptyActivity]
08-30 15:11:27.915 23627 23627 D InputMethodManager: getNavigationBarColor() -16711423
08-30 15:11:27.915 23627 23627 V InputMethodManager: Starting input: tba=com.example.dogglers ic=null mNaviBarColor -16711423 mIsGetNaviBarColorSuccess true , NavVisible : true , NavTrans : false
08-30 15:11:27.916 23627 23627 D InputMethodManager: startInputInner - Id : 0
08-30 15:11:27.916 23627 23627 I InputMethodManager: startInputInner - mService.startInputOrWindowGainedFocus
08-30 15:11:27.916  4349  6779 D InputMethodManagerService: mSecureKeypadEnabled = false
08-30 15:11:27.917  4349  6779 V InputMethodManagerService: hideCurrentInputLocked : shouldHideSoftInput is false
08-30 15:11:27.917  4349  6779 D InputMethodManagerService: mDesktopModeManager null!
08-30 15:11:27.917  4349  6779 V InputMethodManagerService: getDisplayIdOfInputMethodWindowToBeAdded : 0
08-30 15:11:27.918  4349  6779 D InputMethodManagerService: checkDisplayOfStartInputAndUpdateKeyboard display Id 0last 0
08-30 15:11:27.918  4349  6779 D InputTransport: Input channel constructed: 'ClientS', fd=695
08-30 15:11:27.918  4349  6779 D InputTransport: Input channel destroyed: 'ClientS', fd=695
08-30 15:11:27.919 23627 23627 D InputTransport: Input channel constructed: 'ClientS', fd=81
08-30 15:11:27.919 23627 23627 D InputTransport: Input channel destroyed: 'ClientS', fd=90
08-30 15:11:27.919  4349  6765 I SurfaceControl: nativeRelease nativeObject s[478079924704]
08-30 15:11:27.919  4349  6765 I SurfaceControl: nativeRelease nativeObject e[478079924704]
08-30 15:11:27.919  3976  4002 I SurfaceFlinger: id=38477 createSurf (0x0),-1 flag=24004, Surface(name=749d536 InputMethod)/@0x72f94d3 - animation-leash#0
08-30 15:11:27.920  7475  7475 I HBD     : HoneyBoardService onFinishInput
08-30 15:11:27.921  7475  7475 I HBD     : a IC have been unbinded,  InputConnectionWrapper{idHash=#b5f41f6 mMissingMethods=}
08-30 15:11:27.921  7475  7475 I HBD     : HoneyBoardService [PF_CL][onFinishInput]  377654 ns
08-30 15:11:27.921  7475  7475 I HBD     : HoneyBoardService [IMI] onStartInput - caller pid : 23627 , caller uid : 10429
08-30 15:11:27.921  7475  7475 I HBD     : i updateConfigs
08-30 15:11:27.921  7475  7475 I HBD     : i isEnabledNightMode : true
08-30 15:11:27.921  7475  7475 I HBD     : a IC have been binded, InputConnectionWrapper{idHash=#b5f41f6 mMissingMethods=}
08-30 15:11:27.922  7475  7475 I HBD     : h [EditorInputType]setPrivateImeOptionsToTable privateImeOptions ( null )
08-30 15:11:27.922  7475  7475 I HBD     : b incognitoMode : false
08-30 15:11:27.922  7475  7475 I HBD     : a needOff = true , isForceOff = false, isNullInputClass : true
08-30 15:11:27.922  7475  7475 I HBD     : h getDefaultInputRange : UNKNOWN
08-30 15:11:27.922  7475  7475 I HBD     : h getDefaultInputRange : UNKNOWN
08-30 15:11:27.922  7475  7475 I HBD     : h getDefaultInputRange : UNKNOWN
08-30 15:11:27.923  4349  6765 D SdpManagerService: Not an enterprise user : 0
08-30 15:11:27.923  4349  6765 D SdpManagerService: Not an enterprise user : 0
08-30 15:11:27.924  7475  7475 I HBD     : h getDefaultInputRange : UNKNOWN
08-30 15:11:27.924  7475  7475 I HBD     : a currentState : 0
08-30 15:11:27.926  7475  7475 I HBD     : h load selected json info : {"version":"1.0","currentLanguageOrder":2,"selected":[{"activeOptionList":["auto_replace","spell_check","auto_spacing"],"engName":"Russian","id":3342336,"inputType":"qwerty","isUsed":true},{"activeOptionList":["auto_replace","spell_check","auto_spacing"],"engName":"English","id":65537,"inputType":"qwerty","isUsed":true},{"activeOptionList":["auto_replace","spell_check","auto_spacing"],"engName":"Ukrainian","id":4456448,"inputType":"qwerty","isUsed":true}]}
08-30 15:11:27.926 23627 23627 D LifecycleMonitor: Lifecycle status change: androidx.test.core.app.InstrumentationActivityInvoker$EmptyActivity@f5c5beb in: PRE_ON_CREATE
08-30 15:11:27.926  3976  3976 I Layer   : id=38463[1] Destroyed Surface(name=ActivityRecord{100580d u0 com.example.dogglers/androidx.test.core.app.InstrumentationActivityInvoker$BootstrapActivity t1421})/@0x3805081 - animation-bounds#0
08-30 15:11:27.926  3976  3976 I Layer   : id=38460[1] Destroyed Surface(name=ActivityRecord{100580d u0 com.example.dogglers/androidx.test.core.app.InstrumentationActivityInvoker$BootstrapActivity t1421})/@0x3805081 - animation-leash#0
08-30 15:11:27.926 23627 23627 V ActivityScenario: Activity lifecycle changed event received but ignored because the intent does not match. startActivityIntent=Intent { act=android.intent.action.MAIN cat=[android.intent.category.LAUNCHER] cmp=com.example.dogglers/.HorizontalListActivity }, activity.getIntent()=Intent { act=android.intent.action.MAIN cat=[android.intent.category.LAUNCHER] flg=0x10000000 cmp=com.example.dogglers/androidx.test.core.app.InstrumentationActivityInvoker$EmptyActivity }, activity=androidx.test.core.app.InstrumentationActivityInvoker$EmptyActivity@f5c5beb
08-30 15:11:27.927  3976  4002 I Layer   : id=38476 removeFromCurrentState Surface(name=749d536 InputMethod)/@0x72f94d3 - animation-leash#1 (102)
08-30 15:11:27.927  7475  7475 I HBD     : a [UpdatePolicy] [post] a: 0 cl: 4456448 kit: [0/0] vt: 0 ir: 1
08-30 15:11:27.928  4349  4371 I SemPersonaManager: SecureFolder personaId = 150
08-30 15:11:27.931  7475  7475 I HBD     : HoneyBoardService [PF_OP][onStartInput]  9857769 ns
08-30 15:11:27.933 23627 23627 I DecorView: [INFO] isPopOver=false, config=true
08-30 15:11:27.933 23627 23627 I DecorView: updateCaptionType >> DecorView@bf27e1[], isFloating=false, isApplication=true, hasWindowDecorCaption=false, hasWindowControllerCallback=true
08-30 15:11:27.933 23627 23627 D DecorView: setCaptionType = 0, this = DecorView@bf27e1[]
08-30 15:11:27.938 23627 23627 D LifecycleMonitor: Lifecycle status change: androidx.test.core.app.InstrumentationActivityInvoker$EmptyActivity@f5c5beb in: CREATED
08-30 15:11:27.938 23627 23627 V ActivityScenario: Activity lifecycle changed event received but ignored because the intent does not match. startActivityIntent=Intent { act=android.intent.action.MAIN cat=[android.intent.category.LAUNCHER] cmp=com.example.dogglers/.HorizontalListActivity }, activity.getIntent()=Intent { act=android.intent.action.MAIN cat=[android.intent.category.LAUNCHER] flg=0x10000000 cmp=com.example.dogglers/androidx.test.core.app.InstrumentationActivityInvoker$EmptyActivity }, activity=androidx.test.core.app.InstrumentationActivityInvoker$EmptyActivity@f5c5beb
08-30 15:11:27.941 23627 23627 D LifecycleMonitor: Lifecycle status change: androidx.test.core.app.InstrumentationActivityInvoker$EmptyActivity@f5c5beb in: STARTED
08-30 15:11:27.941 23627 23627 V ActivityScenario: Activity lifecycle changed event received but ignored because the intent does not match. startActivityIntent=Intent { act=android.intent.action.MAIN cat=[android.intent.category.LAUNCHER] cmp=com.example.dogglers/.HorizontalListActivity }, activity.getIntent()=Intent { act=android.intent.action.MAIN cat=[android.intent.category.LAUNCHER] flg=0x10000000 cmp=com.example.dogglers/androidx.test.core.app.InstrumentationActivityInvoker$EmptyActivity }, activity=androidx.test.core.app.InstrumentationActivityInvoker$EmptyActivity@f5c5beb
08-30 15:11:27.944  4349  6765 I InputDispatcher: Focus left window (23627): 2d427a5 in display 0 0
08-30 15:11:27.947 12736 12736 I dnxg    : onStop
08-30 15:11:27.957  4065  4904 I GNSS_MEMS: TGT_MEMS SCSCMemsReportSensorDrops: dropped 0 events (spam) 1 events (rate limit) out of 52 total for sensor 0 since last report
08-30 15:11:27.971  4349  4371 D EnterpriseDeviceManagerService: isMdmAdminPresentInternal() : MDM Admin Found - com.samsung.knox.securefolder
08-30 15:11:27.977 23627 23627 D LifecycleMonitor: Lifecycle status change: androidx.test.core.app.InstrumentationActivityInvoker$EmptyActivity@f5c5beb in: RESUMED
08-30 15:11:27.978 23627 23627 V ActivityScenario: Activity lifecycle changed event received but ignored because the intent does not match. startActivityIntent=Intent { act=android.intent.action.MAIN cat=[android.intent.category.LAUNCHER] cmp=com.example.dogglers/.HorizontalListActivity }, activity.getIntent()=Intent { act=android.intent.action.MAIN cat=[android.intent.category.LAUNCHER] flg=0x10000000 cmp=com.example.dogglers/androidx.test.core.app.InstrumentationActivityInvoker$EmptyActivity }, activity=androidx.test.core.app.InstrumentationActivityInvoker$EmptyActivity@f5c5beb
08-30 15:11:27.986  4349  6765 D InputTransport: Input channel constructed: '6a23de8', fd=715
08-30 15:11:27.986  4349  6765 D InputTransport: Input channel constructed: '6a23de8', fd=716
08-30 15:11:27.987  3976  4001 I SurfaceFlinger: id=38478 createSurf (0x0),-1 flag=80004, 6a23de8 com.example.dogglers/androidx.test.core.app.InstrumentationActivityInvoker$EmptyActivity#0
08-30 15:11:27.988  4349  6765 D WindowManager: isScreenshotDisabledLocked - win: Window{6a23de8 u0 com.example.dogglers/androidx.test.core.app.InstrumentationActivityInvoker$EmptyActivity}
08-30 15:11:27.988  4349  6765 D WindowManager: isScreenshotDisabledLocked: userId = 0, disabled =false
08-30 15:11:27.988  4349  6765 D InputTransport: Input channel destroyed: '6a23de8', fd=716
08-30 15:11:27.989 23627 23627 D InputTransport: Input channel constructed: '6a23de8', fd=90
08-30 15:11:27.991 23627 23627 I ViewRootImpl@85195f4[InstrumentationActivityInvoker$EmptyActivity]: setView = com.android.internal.policy.DecorView@bf27e1 TM=true
08-30 15:11:27.994 23627 23627 D LifecycleMonitor: Lifecycle status change: androidx.test.core.app.InstrumentationActivityInvoker$BootstrapActivity@f33240 in: STOPPED
08-30 15:11:27.994 23627 23627 V ActivityScenario: Activity lifecycle changed event received but ignored because the intent does not match. startActivityIntent=Intent { act=android.intent.action.MAIN cat=[android.intent.category.LAUNCHER] cmp=com.example.dogglers/.HorizontalListActivity }, activity.getIntent()=Intent { act=android.intent.action.MAIN cat=[android.intent.category.LAUNCHER] flg=0x10008000 cmp=com.example.dogglers/androidx.test.core.app.InstrumentationActivityInvoker$BootstrapActivity (has extras) }, activity=androidx.test.core.app.InstrumentationActivityInvoker$BootstrapActivity@f33240
08-30 15:11:27.996 23627 23627 D LifecycleMonitor: Lifecycle status change: androidx.test.core.app.InstrumentationActivityInvoker$BootstrapActivity@f33240 in: DESTROYED
08-30 15:11:27.996 23627 23627 V ActivityScenario: Activity lifecycle changed event received but ignored because the intent does not match. startActivityIntent=Intent { act=android.intent.action.MAIN cat=[android.intent.category.LAUNCHER] cmp=com.example.dogglers/.HorizontalListActivity }, activity.getIntent()=Intent { act=android.intent.action.MAIN cat=[android.intent.category.LAUNCHER] flg=0x10008000 cmp=com.example.dogglers/androidx.test.core.app.InstrumentationActivityInvoker$BootstrapActivity (has extras) }, activity=androidx.test.core.app.InstrumentationActivityInvoker$BootstrapActivity@f33240
08-30 15:11:27.997  4349  6779 I SurfaceControl: nativeRelease nativeObject s[477997784416]
08-30 15:11:27.997  4349  6779 I SurfaceControl: nativeRelease nativeObject e[477997784416]
08-30 15:11:27.999  4349  6765 D SamsungIMMSHWKeyboard: isConnectedDexOnPC false
08-30 15:11:28.000 23627 23627 I SurfaceControl: nativeRelease nativeObject s[476571795520]
08-30 15:11:28.000 23627 23627 I SurfaceControl: nativeRelease nativeObject e[476571795520]
08-30 15:11:28.000 23627 23627 I SurfaceControl: nativeRelease nativeObject s[476571795424]
08-30 15:11:28.000 23627 23627 I SurfaceControl: nativeRelease nativeObject e[476571795424]
08-30 15:11:28.001  4349  6765 D InputMethodManagerService: isImeSwitcherDisabledPackage : false
08-30 15:11:28.003  3976  4001 I Layer   : id=38454 removeFromCurrentState ActivityRecord{100580d u0 com.example.dogglers/androidx.test.core.app.InstrumentationActivityInvoker$BootstrapActivity t1421}#0 (103)
08-30 15:11:28.003  3976  4001 I SurfaceFlinger: id=38454 Removed ActivityRecord{100580d u0 com.example.dogglers/androidx.test.core.app.InstrumentationActivityInvoker$BootstrapActivity t1421}#0 (103)
08-30 15:11:28.005  4349  6779 V WindowManager: Relayout Window{6a23de8 u0 com.example.dogglers/androidx.test.core.app.InstrumentationActivityInvoker$EmptyActivity}: viewVisibility=0 req=720x1560
08-30 15:11:28.008  4349  6779 D WindowManager: isScreenshotDisabledLocked - win: Window{6a23de8 u0 com.example.dogglers/androidx.test.core.app.InstrumentationActivityInvoker$EmptyActivity}
08-30 15:11:28.008  4349  6779 D WindowManager: isScreenshotDisabledLocked: userId = 0, disabled =false
08-30 15:11:28.009  3976  3976 I Layer   : id=38454[1] Destroyed ActivityRecord{100580d u0 com.example.dogglers/androidx.test.core.app.InstrumentationActivityInvoker$BootstrapActivity t1421}#0
08-30 15:11:28.010  3976  4001 I SurfaceFlinger: id=38479 createSurf (720x1560),1 flag=404, com.example.dogglers/androidx.test.core.app.InstrumentationActivityInvoker$EmptyActivity$_23627#1
08-30 15:11:28.012  4349  6779 I SurfaceControl: nativeRelease nativeObject s[478247330848]
08-30 15:11:28.012  4349  6779 I SurfaceControl: nativeRelease nativeObject e[478247330848]
08-30 15:11:28.012 14146 14146 I TrayStateController: systemUiVisibilityChanged : 0 0
08-30 15:11:28.013  6927  6952 W System  : A resource failed to call close.
08-30 15:11:28.013  3976  4001 I SurfaceFlinger: id=38480 createSurf (0x0),-1 flag=24000, Surface(name=1096c8d StatusBar)/@0xeaf4dd0 - animation-leash#1
08-30 15:11:28.013  4349  6779 I SurfaceControl: nativeRelease nativeObject s[477997554816]
08-30 15:11:28.013  4349  6779 I SurfaceControl: nativeRelease nativeObject e[477997554816]
08-30 15:11:28.014  3976  4001 I SurfaceFlinger: id=38481 createSurf (0x0),-1 flag=24000, Surface(name=b07ecc5 NavigationBar0)/@0xa8376fc - animation-leash#0
08-30 15:11:28.015  4349  6779 V WindowManager: Relayout hash=6a23de8, pid=23627: mAttrs={(0,0)(fillxfill) sim={adjust=pan forwardNavigation} ty=BASE_APPLICATION wanim=0x1030001
08-30 15:11:28.015  4349  6779 V WindowManager:   fl=1810100
08-30 15:11:28.015  4349  6779 V WindowManager:   pfl=12020000
08-30 15:11:28.015  4349  6779 V WindowManager:   fitSides= naviIconColor=0}
08-30 15:11:28.016  4349  6779 I SurfaceControl: nativeRelease nativeObject s[476008566528]
08-30 15:11:28.016  4349  6779 I SurfaceControl: nativeRelease nativeObject e[476008566528]
08-30 15:11:28.017  3976  4001 I Layer   : id=38473 removeFromCurrentState Surface(name=1096c8d StatusBar)/@0xeaf4dd0 - animation-leash#0 (105)
08-30 15:11:28.017  3976  4001 I Layer   : id=38474 removeFromCurrentState Surface(name=b07ecc5 NavigationBar0)/@0xa8376fc - animation-leash#1 (105)
08-30 15:11:28.018 23627 23627 I SurfaceControl: assignNativeObject: nativeObject = 0 Surface(name=null)/@0x525611d / android.view.SurfaceControl.readFromParcel:1117 android.view.IWindowSession$Stub$Proxy.relayout:1836 android.view.ViewRootImpl.relayoutWindow:9005 android.view.ViewRootImpl.performTraversals:3360 android.view.ViewRootImpl.doTraversal:2618 android.view.ViewRootImpl$TraversalRunnable.run:9971 android.view.Choreographer$CallbackRecord.run:1010 android.view.Choreographer.doCallbacks:809 android.view.Choreographer.doFrame:744 android.view.Choreographer$FrameDisplayEventReceiver.run:995
08-30 15:11:28.019 23627 23627 I ViewRootImpl@85195f4[InstrumentationActivityInvoker$EmptyActivity]: Relayout returned: old=(0,0,720,1560) new=(0,0,720,1560) req=(720,1560)0 dur=14 res=0x7 s={true 478231379968} ch=true fn=-1
08-30 15:11:28.021  3899  3953 D gralloc : [mali_gralloc_allocate] begin
08-30 15:11:28.021  3899  3953 D gralloc : buffer_descriptor: wh(720 1560) usage_pc(0x40000000000b00 0x40000000000b00) hal_format(0x1) layer_count(1) sizes(0 0 0) strde(0) byte_stride(0) alloc_wh(0 0) internal_format(0x0) alloc_format(0x0) fd_count(1) plane_count(0)
08-30 15:11:28.022 23627 23627 I ViewRootImpl@85195f4[InstrumentationActivityInvoker$EmptyActivity]: [DP] dp(1) 1 android.view.ViewRootImpl.reportNextDraw:10957 android.view.ViewRootImpl.performTraversals:3845 android.view.ViewRootImpl.doTraversal:2618
08-30 15:11:28.022 23627 23627 I ViewRootImpl@85195f4[InstrumentationActivityInvoker$EmptyActivity]: [DP] pd() Asnyc report
08-30 15:11:28.022  3899  3953 D gralloc : [mali_gralloc_allocate] allocation successful
08-30 15:11:28.023  3899  3953 D gralloc : [mali_gralloc_allocate] begin
08-30 15:11:28.023  3899  3953 D gralloc : buffer_descriptor: wh(720 1560) usage_pc(0x40000000000b00 0x40000000000b00) hal_format(0x1) layer_count(1) sizes(0 0 0) strde(0) byte_stride(0) alloc_wh(0 0) internal_format(0x0) alloc_format(0x0) fd_count(1) plane_count(0)
08-30 15:11:28.024  3899  3953 D gralloc : [mali_gralloc_allocate] allocation successful
08-30 15:11:28.024  3899  3953 D gralloc : [mali_gralloc_allocate] begin
08-30 15:11:28.025  3899  3953 D gralloc : buffer_descriptor: wh(720 1560) usage_pc(0x40000000000b00 0x40000000000b00) hal_format(0x1) layer_count(1) sizes(0 0 0) strde(0) byte_stride(0) alloc_wh(0 0) internal_format(0x0) alloc_format(0x0) fd_count(1) plane_count(0)
08-30 15:11:28.025  3899  3953 D gralloc : [mali_gralloc_allocate] allocation successful
08-30 15:11:28.029 23627 23627 I ViewRootImpl@85195f4[InstrumentationActivityInvoker$EmptyActivity]: [DP] pdf(0) 1 android.view.ViewRootImpl.lambda$performDraw$1$ViewRootImpl:4668 android.view.-$$Lambda$ViewRootImpl$DJd0VUYJgsebcnSohO6h8zc_ONI.run:6 android.os.Handler.handleCallback:938
08-30 15:11:28.030 23627 23627 I ViewRootImpl@85195f4[InstrumentationActivityInvoker$EmptyActivity]: [DP] rdf()
08-30 15:11:28.032 23627 23627 I ViewRootImpl@5de4830[InstrumentationActivityInvoker$EmptyActivity]: MSG_WINDOW_FOCUS_CHANGED 0 1
08-30 15:11:28.034  4349  4372 D PkgPredictorService: pkg:com.example.dogglers activity:androidx.test.core.app.InstrumentationActivityInvoker$EmptyActivity thisTime:160
08-30 15:11:28.035  4349  4372 I SemDvfsHyPerManager: acquire hyper - AMS_RESUME_TAIL/4349@18, type = -999
08-30 15:11:28.035  4349  4376 I ActivityTaskManager: Displayed com.example.dogglers/androidx.test.core.app.InstrumentationActivityInvoker$EmptyActivity: +160ms
08-30 15:11:28.036  4349  4372 I SemDvfsHyPerManager: acquire hyper - AMS_ACT_LAZY/4349@19, type = -999
