08-30 15:11:28.921 23627 23627 I ViewInteraction: Checking 'MatchesViewAssertion{viewMatcher=(view has effective visibility <VISIBLE> and view.getGlobalVisibleRect() to return non-empty rectangle)}' assertion on view an instance of android.widget.TextView and view.getText() with or without transformation to match: is "Hobbies: sunbathing"
08-30 15:11:28.948  3976  3976 D SurfaceFlinger: Display 0 HWC layers:
08-30 15:11:28.948  3976  3976 D SurfaceFlinger:      DEVICE | 0x74f0415700 | 0002 | RGBA_8888    |    0.0    0.0  720.0 1560.0 |    0    0  720 1560 | com.example.dogglers/com.example.dogglers.HorizontalListActivity$_23627#0
08-30 15:11:28.948  3976  3976 D SurfaceFlinger:      DEVICE | 0x75743a5800 | 0002 | RGBA_8888    |    0.0    0.0  720.0 1560.0 |    0    0  720 1560 | Splash Screen com.example.dogglers#0
08-30 15:11:28.948  3976  3976 D SurfaceFlinger:      DEVICE | 0x75743a6fc0 | 0000 | RGBA_8888    |    0.0    0.0  720.0   53.0 |    0    0  720   53 | StatusBar$_4708#0
08-30 15:11:28.948  3976  3976 D SurfaceFlinger:      DEVICE | 0x74d157fa00 | 0000 | RGBA_8888    |    0.0    0.0   67.0  232.0 |  653  151  720  383 | com.samsung.android.app.cocktailbars[...]rservice.CocktailBarService$_14146#0
08-30 15:11:28.948  3976  3976 D SurfaceFlinger:      DEVICE | 0x75743a7380 | 0000 | RGBA_8888    |    0.0    0.0  720.0   84.0 |    0 1476  720 1560 | NavigationBar0$_4708#0
08-30 15:11:28.948  3976  3976 D SurfaceFlinger:      DEVICE | 0x74f0413e00 | 0000 | RGBA_8888    |    0.0    0.0  720.0  101.0 |    0    0  720  101 | ScreenDecorOverlay$_4708#0
08-30 15:11:28.948  3976  3976 D SurfaceFlinger:      DEVICE | 0x75743a7b00 | 0000 | RGBA_8888    |    0.0    0.0  720.0  101.0 |    0 1459  720 1560 | ScreenDecorOverlayBotto
08-30 15:11:28.948  3976  3976 D SurfaceFlinger: m$_4708#0
08-30 15:11:28.948  3976  3976 D SurfaceFlinger:
08-30 15:11:28.959  4349  4372 I SurfaceControl: nativeRelease nativeObject s[476008566720]
08-30 15:11:28.959  4349  4372 I SurfaceControl: nativeRelease nativeObject e[476008566720]
08-30 15:11:28.960  4349  4372 I SurfaceControl: nativeRelease nativeObject s[476016225920]
08-30 15:11:28.960  4349  4372 I SurfaceControl: nativeRelease nativeObject e[476016225920]
08-30 15:11:28.961  3976  4318 I Layer   : id=38494 removeFromCurrentState Splash Screen com.example.dogglers#0 (102)
08-30 15:11:28.961  4349  4372 I SurfaceControl: nativeRelease nativeObject s[478247330752]
08-30 15:11:28.961  4349  4372 I SurfaceControl: nativeRelease nativeObject e[478247330752]
08-30 15:11:28.963  3976  4318 I Layer   : id=38493 removeFromCurrentState 3aa935e Splash Screen com.example.dogglers#0 (102)
08-30 15:11:28.963  3976  4318 I Layer   : id=38506 removeFromCurrentState Surface(name=3aa935e Splash Screen com.example.dogglers)/@0x31b5609 - animation-leash#0 (102)
08-30 15:11:28.964  3976  6075 I SurfaceFlinger: id=38493 Removed 3aa935e Splash Screen com.example.dogglers#0 (102)
08-30 15:11:28.964  3976  6075 I SurfaceFlinger: id=38506 Removed Surface(name=3aa935e Splash Screen com.example.dogglers)/@0x31b5609 - animation-leash#0 (102)
08-30 15:11:28.964  3976  4001 I SurfaceFlinger: id=38494 Removed Splash Screen com.example.dogglers#0 (102)
08-30 15:11:28.975  3976  3976 I Layer   : id=38506[1] Destroyed Surface(name=3aa935e Splash Screen com.example.dogglers)/@0x31b5609 - animation-leash#0
08-30 15:11:28.975  3976  3976 I Layer   : id=38493[1] Destroyed 3aa935e Splash Screen com.example.dogglers#0
08-30 15:11:28.978  3976  3976 I Layer   : id=38494[1] Destroyed Splash Screen com.example.dogglers#0
08-30 15:11:28.981  3976  3976 D SurfaceFlinger: Display 0 HWC layers:
08-30 15:11:28.981  3976  3976 D SurfaceFlinger:      DEVICE | 0x74f0415700 | 0002 | RGBA_8888    |    0.0    0.0  720.0 1560.0 |    0    0  720 1560 | com.example.dogglers/com.example.dogglers.HorizontalListActivity$_23627#0
08-30 15:11:28.981  3976  3976 D SurfaceFlinger:      DEVICE | 0x75743a6fc0 | 0000 | RGBA_8888    |    0.0    0.0  720.0   53.0 |    0    0  720   53 | StatusBar$_4708#0
08-30 15:11:28.981  3976  3976 D SurfaceFlinger:      DEVICE | 0x74d157fa00 | 0000 | RGBA_8888    |    0.0    0.0   67.0  232.0 |  653  151  720  383 | com.samsung.android.app.cocktailbars[...]rservice.CocktailBarService$_14146#0
08-30 15:11:28.981  3976  3976 D SurfaceFlinger:      DEVICE | 0x75743a7380 | 0000 | RGBA_8888    |    0.0    0.0  720.0   84.0 |    0 1476  720 1560 | NavigationBar0$_4708#0
08-30 15:11:28.981  3976  3976 D SurfaceFlinger:      DEVICE | 0x74f0413e00 | 0000 | RGBA_8888    |    0.0    0.0  720.0  101.0 |    0    0  720  101 | ScreenDecorOverlay$_4708#0
08-30 15:11:28.981  3976  3976 D SurfaceFlinger:      DEVICE | 0x75743a7b00 | 0000 | RGBA_8888    |    0.0    0.0  720.0  101.0 |    0 1459  720 1560 | ScreenDecorOverlayBottom$_4708#0
08-30 15:11:28.981  3976  3976 D SurfaceFlinger:
08-30 15:11:29.042  4349  4372 I SurfaceControl: nativeRelease nativeObject s[478247330848]
08-30 15:11:29.042  4349  4372 I SurfaceControl: nativeRelease nativeObject e[478247330848]
08-30 15:11:29.060  3976  5385 I Layer   : id=38500 removeFromCurrentState Surface(name=Dim Layer for - Task=1422 - animating-dim)/@0x964f772 - animation-leash#0 (99)
08-30 15:11:29.060  3976  5385 I SurfaceFlinger: id=38500 Removed Surface(name=Dim Layer for - Task=1422 - animating-dim)/@0x964f772 - animation-leash#0 (99)
08-30 15:11:29.061 23627 23627 I ViewInteraction: Checking 'MatchesViewAssertion{viewMatcher=(view has effective visibility <VISIBLE> and view.getGlobalVisibleRect() to return non-empty rectangle)}' assertion on view has drawable resource 2131165345
08-30 15:11:29.067 12736 12736 I dnxg    : onPause
08-30 15:11:29.070  4349  6765 I SemDvfsHyPerManager: acquire hyper - AMS_ACT_START/4349@16, type = -999
08-30 15:11:29.071  3927  3954 I HYPER-HAL: [RequestManager.cpp]acquire(): Acquired ID : 9528811  [4349 / 16]    HINT : AMS_ACT_START    list :
08-30 15:11:29.071  3927  3954 E HYPER-HAL: [HandlerSysfs.cpp]doResourceHandling(): Couldn't Open Sysfs - /sys/power/cstate_control
08-30 15:11:29.071  3927  3954 I HYPER-HAL: [ResourceManager.cpp]updateResource(): [CPUMinFreq] UpdateResource Request ID : 9528811    Value : 1560000
08-30 15:11:29.071  3976  5385 I SurfaceFlinger: id=38508 createSurf (0x0),-1 flag=80004, ActivityRecord{3ab00df u0 com.example.dogglers/androidx.test.core.app.InstrumentationActivityInvoker$EmptyActivity t1422}#0
08-30 15:11:29.075  3976  3976 I Layer   : id=38500[1] Destroyed Surface(name=Dim Layer for - Task=1422 - animating-dim)/@0x964f772 - animation-leash#0
08-30 15:11:29.075  3881  3886 E statsd  : Predicate -7037417284711607308 dropping data for dimension key (10)0x2010101->10429[I] (10)0x30000->*launch*[S]
08-30 15:11:29.081 23627 23627 D LifecycleMonitor: Lifecycle status change: com.example.dogglers.HorizontalListActivity@8d0cb51 in: PAUSED
08-30 15:11:29.082 23627 23627 V ActivityScenario: Update currentActivityStage to PAUSED, currentActivity=com.example.dogglers.HorizontalListActivity@8d0cb51
08-30 15:11:29.084  4349  5464 V WindowOrientationListener: getProposedRotation: -1
08-30 15:11:29.084  4349  5464 V WindowOrientationListener: getProposedRotation: -1
08-30 15:11:29.086  4349  5464 V WindowOrientationListener: getProposedRotation: -1
08-30 15:11:29.088  4349  5464 D InputDispatcher: Focused application set to (0): 3ab00df
08-30 15:11:29.100  4349  4371 I SemPersonaManager: SecureFolder personaId = 150
08-30 15:11:29.108 23627 23627 D LifecycleMonitor: Lifecycle status change: androidx.test.core.app.InstrumentationActivityInvoker$EmptyActivity@157ee52 in: PRE_ON_CREATE
08-30 15:11:29.108 23627 23627 V ActivityScenario: Activity lifecycle changed event received but ignored because the intent does not match. startActivityIntent=Intent { act=android.intent.action.MAIN cat=[android.intent.category.LAUNCHER] cmp=com.example.dogglers/.HorizontalListActivity }, activity.getIntent()=Intent { act=android.intent.action.MAIN cat=[android.intent.category.LAUNCHER] flg=0x10000000 cmp=com.example.dogglers/androidx.test.core.app.InstrumentationActivityInvoker$EmptyActivity }, activity=androidx.test.core.app.InstrumentationActivityInvoker$EmptyActivity@157ee52
08-30 15:11:29.110  4349  5464 I InputDispatcher: Focus left window (23627): 3deeeed in display 0 0
08-30 15:11:29.136 14146 14146 I Utils   : isCurrentUser current = 0, ownerId = 0
08-30 15:11:29.136 14146 14146 I TrayVisibilityController: getComputedTrayVisible : keyguardState = 1
08-30 15:11:29.136 14146 14146 I TrayVisibilityController: updateTrayVisible: State=1 visible=1 mCurrentVisible=1 specificMode=0
08-30 15:11:29.136 14146 14146 I TrayStateController: onNotifyUpdateTray: 0 to need to visible? true
08-30 15:11:29.142  4349  4372 I SurfaceControl: nativeRelease nativeObject s[476008566816]
08-30 15:11:29.142  4349  4372 I SurfaceControl: nativeRelease nativeObject e[476008566816]
08-30 15:11:29.142  4349  4372 I SurfaceControl: nativeRelease nativeObject s[478079924800]
08-30 15:11:29.142  4349  4372 I SurfaceControl: nativeRelease nativeObject e[478079924800]
08-30 15:11:29.145  4349  4371 D EnterpriseDeviceManagerService: isMdmAdminPresentInternal() : MDM Admin Found - com.samsung.knox.securefolder
08-30 15:11:29.155 23627 23627 I DecorView: [INFO] isPopOver=false, config=true
08-30 15:11:29.155 23627 23627 I DecorView: updateCaptionType >> DecorView@a2e2a20[], isFloating=false, isApplication=true, hasWindowDecorCaption=false, hasWindowControllerCallback=true
08-30 15:11:29.155 23627 23627 D DecorView: setCaptionType = 0, this = DecorView@a2e2a20[]
08-30 15:11:29.159  3976  4001 I Layer   : id=38498 removeFromCurrentState Surface(name=ActivityRecord{9fa9645 u0 com.example.dogglers/androidx.test.core.app.InstrumentationActivityInvoker$BootstrapActivity t1422})/@0xd9292e6 - animation-leash#0 (99)
08-30 15:11:29.159  3976  4001 I Layer   : id=38501 removeFromCurrentState Surface(name=ActivityRecord{9fa9645 u0 com.example.dogglers/androidx.test.core.app.InstrumentationActivityInvoker$BootstrapActivity t1422})/@0xd9292e6 - animation-bounds#0 (99)
08-30 15:11:29.159 23627 23627 D LifecycleMonitor: Lifecycle status change: androidx.test.core.app.InstrumentationActivityInvoker$EmptyActivity@157ee52 in: CREATED
08-30 15:11:29.159  3976  4001 I SurfaceFlinger: id=38498 Removed Surface(name=ActivityRecord{9fa9645 u0 com.example.dogglers/androidx.test.core.app.InstrumentationActivityInvoker$BootstrapActivity t1422})/@0xd9292e6 - animation-leash#0 (99)
08-30 15:11:29.159  3976  6075 I SurfaceFlinger: id=38501 Removed Surface(name=ActivityRecord{9fa9645 u0 com.example.dogglers/androidx.test.core.app.InstrumentationActivityInvoker$BootstrapActivity t1422})/@0xd9292e6 - animation-bounds#0 (99)
08-30 15:11:29.160 23627 23627 V ActivityScenario: Activity lifecycle changed event received but ignored because the intent does not match. startActivityIntent=Intent { act=android.intent.action.MAIN cat=[android.intent.category.LAUNCHER] cmp=com.example.dogglers/.HorizontalListActivity }, activity.getIntent()=Intent { act=android.intent.action.MAIN cat=[android.intent.category.LAUNCHER] flg=0x10000000 cmp=com.example.dogglers/androidx.test.core.app.InstrumentationActivityInvoker$EmptyActivity }, activity=androidx.test.core.app.InstrumentationActivityInvoker$EmptyActivity@157ee52
08-30 15:11:29.162 23627 23627 D LifecycleMonitor: Lifecycle status change: androidx.test.core.app.InstrumentationActivityInvoker$EmptyActivity@157ee52 in: STARTED
08-30 15:11:29.162 23627 23627 V ActivityScenario: Activity lifecycle changed event received but ignored because the intent does not match. startActivityIntent=Intent { act=android.intent.action.MAIN cat=[android.intent.category.LAUNCHER] cmp=com.example.dogglers/.HorizontalListActivity }, activity.getIntent()=Intent { act=android.intent.action.MAIN cat=[android.intent.category.LAUNCHER] flg=0x10000000 cmp=com.example.dogglers/androidx.test.core.app.InstrumentationActivityInvoker$EmptyActivity }, activity=androidx.test.core.app.InstrumentationActivityInvoker$EmptyActivity@157ee52
08-30 15:11:29.164 23627 23627 D LifecycleMonitor: Lifecycle status change: androidx.test.core.app.InstrumentationActivityInvoker$EmptyActivity@157ee52 in: RESUMED
08-30 15:11:29.165 23627 23627 V ActivityScenario: Activity lifecycle changed event received but ignored because the intent does not match. startActivityIntent=Intent { act=android.intent.action.MAIN cat=[android.intent.category.LAUNCHER] cmp=com.example.dogglers/.HorizontalListActivity }, activity.getIntent()=Intent { act=android.intent.action.MAIN cat=[android.intent.category.LAUNCHER] flg=0x10000000 cmp=com.example.dogglers/androidx.test.core.app.InstrumentationActivityInvoker$EmptyActivity }, activity=androidx.test.core.app.InstrumentationActivityInvoker$EmptyActivity@157ee52
08-30 15:11:29.169  4349  5464 D InputTransport: Input channel constructed: '5cb6865', fd=723
08-30 15:11:29.169  4349  5464 D InputTransport: Input channel constructed: '5cb6865', fd=724
08-30 15:11:29.170  3976  4318 I SurfaceFlinger: id=38509 createSurf (0x0),-1 flag=80004, 5cb6865 com.example.dogglers/androidx.test.core.app.InstrumentationActivityInvoker$EmptyActivity#0
08-30 15:11:29.170  4349  5464 D WindowManager: isScreenshotDisabledLocked - win: Window{5cb6865 u0 com.example.dogglers/androidx.test.core.app.InstrumentationActivityInvoker$EmptyActivity}
08-30 15:11:29.170  4349  5464 D WindowManager: isScreenshotDisabledLocked: userId = 0, disabled =false
08-30 15:11:29.171  4349  5464 D InputTransport: Input channel destroyed: '5cb6865', fd=724
08-30 15:11:29.171 23627 23627 D InputTransport: Input channel constructed: '5cb6865', fd=92
08-30 15:11:29.173 23627 23627 I ViewRootImpl@237707f[InstrumentationActivityInvoker$EmptyActivity]: setView = com.android.internal.policy.DecorView@a2e2a20 TM=true
08-30 15:11:29.175  3976  3976 I Layer   : id=38501[1] Destroyed Surface(name=ActivityRecord{9fa9645 u0 com.example.dogglers/androidx.test.core.app.InstrumentationActivityInvoker$BootstrapActivity t1422})/@0xd9292e6 - animation-bounds#0
08-30 15:11:29.175  3976  3976 I Layer   : id=38498[1] Destroyed Surface(name=ActivityRecord{9fa9645 u0 com.example.dogglers/androidx.test.core.app.InstrumentationActivityInvoker$BootstrapActivity t1422})/@0xd9292e6 - animation-leash#0
08-30 15:11:29.178  4349  5464 V WindowManager: Relayout Window{5cb6865 u0 com.example.dogglers/androidx.test.core.app.InstrumentationActivityInvoker$EmptyActivity}: viewVisibility=0 req=720x1560
08-30 15:11:29.180  4349  5464 D WindowManager: isScreenshotDisabledLocked - win: Window{5cb6865 u0 com.example.dogglers/androidx.test.core.app.InstrumentationActivityInvoker$EmptyActivity}
08-30 15:11:29.180  4349  5464 D WindowManager: isScreenshotDisabledLocked: userId = 0, disabled =false
08-30 15:11:29.181 12736 12736 I dnxg    : onStop
08-30 15:11:29.181  3976  4318 I SurfaceFlinger: id=38510 createSurf (720x1560),1 flag=404, com.example.dogglers/androidx.test.core.app.InstrumentationActivityInvoker$EmptyActivity$_23627#0
08-30 15:11:29.183  4349  5464 I SurfaceControl: nativeRelease nativeObject s[476008573248]
08-30 15:11:29.183  4349  5464 I SurfaceControl: nativeRelease nativeObject e[476008573248]
08-30 15:11:29.183 14146 14146 I TrayStateController: systemUiVisibilityChanged : 0 0
08-30 15:11:29.183  3976  4318 I SurfaceFlinger: id=38511 createSurf (0x0),-1 flag=24000, Surface(name=1096c8d StatusBar)/@0xeaf4dd0 - animation-leash#1
08-30 15:11:29.184  4349  5464 I SurfaceControl: nativeRelease nativeObject s[476008573344]
08-30 15:11:29.184  4349  5464 I SurfaceControl: nativeRelease nativeObject e[476008573344]
08-30 15:11:29.185  3976  4318 I SurfaceFlinger: id=38512 createSurf (0x0),-1 flag=24000, Surface(name=b07ecc5 NavigationBar0)/@0xa8376fc - animation-leash#0
08-30 15:11:29.186  4349  5464 V WindowManager: Relayout hash=5cb6865, pid=23627: mAttrs={(0,0)(fillxfill) sim={adjust=pan forwardNavigation} ty=BASE_APPLICATION wanim=0x1030001
08-30 15:11:29.186  4349  5464 V WindowManager:   fl=1810100
08-30 15:11:29.186  4349  5464 V WindowManager:   pfl=12020000
08-30 15:11:29.186  4349  5464 V WindowManager:   fitSides= naviIconColor=0}
08-30 15:11:29.187  4349  5464 I SurfaceControl: nativeRelease nativeObject s[476016225632]
08-30 15:11:29.187  4349  5464 I SurfaceControl: nativeRelease nativeObject e[476016225632]
08-30 15:11:29.188 23627 23627 I SurfaceControl: assignNativeObject: nativeObject = 0 Surface(name=null)/@0x71bc84c / android.view.SurfaceControl.readFromParcel:1117 android.view.IWindowSession$Stub$Proxy.relayout:1836 android.view.ViewRootImpl.relayoutWindow:9005 android.view.ViewRootImpl.performTraversals:3360 android.view.ViewRootImpl.doTraversal:2618 android.view.ViewRootImpl$TraversalRunnable.run:9971 android.view.Choreographer$CallbackRecord.run:1010 android.view.Choreographer.doCallbacks:809 android.view.Choreographer.doFrame:744 android.view.Choreographer$FrameDisplayEventReceiver.run:995
08-30 15:11:29.189 23627 23627 I ViewRootImpl@237707f[InstrumentationActivityInvoker$EmptyActivity]: Relayout returned: old=(0,0,720,1560) new=(0,0,720,1560) req=(720,1560)0 dur=10 res=0x7 s={true 478211391488} ch=true fn=-1
08-30 15:11:29.192 23627 23627 I ViewRootImpl@237707f[InstrumentationActivityInvoker$EmptyActivity]: [DP] dp(1) 1 android.view.ViewRootImpl.reportNextDraw:10957 android.view.ViewRootImpl.performTraversals:3845 android.view.ViewRootImpl.doTraversal:2618
08-30 15:11:29.192 23627 23627 I ViewRootImpl@237707f[InstrumentationActivityInvoker$EmptyActivity]: [DP] pd() Asnyc report
08-30 15:11:29.195  3976  4002 I Layer   : id=38504 removeFromCurrentState Surface(name=1096c8d StatusBar)/@0xeaf4dd0 - animation-leash#0 (101)
08-30 15:11:29.195  3899  3953 D gralloc : [mali_gralloc_allocate] begin
08-30 15:11:29.195  3976  4002 I Layer   : id=38505 removeFromCurrentState Surface(name=b07ecc5 NavigationBar0)/@0xa8376fc - animation-leash#1 (101)
08-30 15:11:29.195  3899  3953 D gralloc : buffer_descriptor: wh(720 1560) usage_pc(0x40000000000b00 0x40000000000b00) hal_format(0x1) layer_count(1) sizes(0 0 0) strde(0) byte_stride(0) alloc_wh(0 0) internal_format(0x0) alloc_format(0x0) fd_count(1) plane_count(0)
08-30 15:11:29.195  3899  3953 D gralloc : [mali_gralloc_allocate] allocation successful
08-30 15:11:29.196  3899  3953 D gralloc : [mali_gralloc_allocate] begin
08-30 15:11:29.196  3899  3953 D gralloc : buffer_descriptor: wh(720 1560) usage_pc(0x40000000000b00 0x40000000000b00) hal_format(0x1) layer_count(1) sizes(0 0 0) strde(0) byte_stride(0) alloc_wh(0 0) internal_format(0x0) alloc_format(0x0) fd_count(1) plane_count(0)
08-30 15:11:29.197  3899  3953 D gralloc : [mali_gralloc_allocate] allocation successful
08-30 15:11:29.198  3899  3953 D gralloc : [mali_gralloc_allocate] begin
08-30 15:11:29.198  3899  3953 D gralloc : buffer_descriptor: wh(720 1560) usage_pc(0x40000000000b00 0x40000000000b00) hal_format(0x1) layer_count(1) sizes(0 0 0) strde(0) byte_stride(0) alloc_wh(0 0) internal_format(0x0) alloc_format(0x0) fd_count(1) plane_count(0)
08-30 15:11:29.199  3899  3953 D gralloc : [mali_gralloc_allocate] allocation successful
08-30 15:11:29.201 23627 23627 I ViewRootImpl@237707f[InstrumentationActivityInvoker$EmptyActivity]: [DP] pdf(0) 1 android.view.ViewRootImpl.lambda$performDraw$1$ViewRootImpl:4668 android.view.-$$Lambda$ViewRootImpl$DJd0VUYJgsebcnSohO6h8zc_ONI.run:6 android.os.Handler.handleCallback:938
08-30 15:11:29.201 23627 23627 I ViewRootImpl@237707f[InstrumentationActivityInvoker$EmptyActivity]: [DP] rdf()
08-30 15:11:29.202 23627 23627 I ViewRootImpl@91623b5[HorizontalListActivity]: MSG_WINDOW_FOCUS_CHANGED 0 1
08-30 15:11:29.205  4349  4372 D PkgPredictorService: pkg:com.example.dogglers activity:androidx.test.core.app.InstrumentationActivityInvoker$EmptyActivity thisTime:136
08-30 15:11:29.207  4349  4372 I SemDvfsHyPerManager: acquire hyper - AMS_RESUME_TAIL/4349@18, type = -999
08-30 15:11:29.207  4349  4376 I ActivityTaskManager: Displayed com.example.dogglers/androidx.test.core.app.InstrumentationActivityInvoker$EmptyActivity: +136ms
08-30 15:11:29.207  4349  4372 I SemDvfsHyPerManager: acquire hyper - AMS_ACT_LAZY/4349@19, type = -999
08-30 15:11:29.207  3927  3954 I HYPER-HAL: [RequestManager.cpp]acquire(): Acquired ID : 9537546  [4349 / 18]    HINT : AMS_RESUME_TAIL    list :
08-30 15:11:29.207  3927  3954 E HYPER-HAL: [HandlerSysfs.cpp]doResourceHandling(): Couldn't Open Sysfs - /sys/power/cstate_control
08-30 15:11:29.207  3927  3954 I HYPER-HAL: [ResourceManager.cpp]updateResource(): [CPUMinFreq] UpdateResource Request ID : 9537546    Value : 1560000
08-30 15:11:29.207  5589  5589 E pageboostd: Received HALT command code 2
08-30 15:11:29.207  3927  3954 I HYPER-HAL: [RequestManager.cpp]acquire(): Acquired ID : 9541915  [4349 / 19]    HINT :      list :
08-30 15:11:29.209  3927  3954 E HYPER-HAL: [Request.cpp]acquire(): Request:: id : 9541915, No Resource to set
08-30 15:11:29.209  3927  3954 E HYPER-HAL: [HandlerSysfs.cpp]doResourceHandling(): Couldn't Open Sysfs - /sys/power/cstate_control
08-30 15:11:29.209  3927  3954 I HYPER-HAL: [ResourceManager.cpp]removeResource(): [CPUMinFreq] RemoveResource Request ID : 9528811
08-30 15:11:29.209  3927  3954 I HYPER-HAL: [RequestManager.cpp]releaseLocked(): Released ID : 9528811
08-30 15:11:29.218 23627 23627 I SurfaceControl: nativeRelease nativeObject s[476145768672]
08-30 15:11:29.218 23627 23627 I SurfaceControl: nativeRelease nativeObject e[476145768672]
08-30 15:11:29.218 23627 23627 I SurfaceControl: nativeRelease nativeObject s[476145768480]
08-30 15:11:29.218 23627 23627 I SurfaceControl: nativeRelease nativeObject e[476145768480]
08-30 15:11:29.218 23627 23627 I SurfaceControl: nativeRelease nativeObject s[476145765120]
08-30 15:11:29.218 23627 23627 I SurfaceControl: nativeRelease nativeObject e[476145765120]
08-30 15:11:29.218  3976  4318 I SurfaceFlinger: id=38505 Removed Surface(name=b07ecc5 NavigationBar0)/@0xa8376fc - animation-leash#1 (101)
08-30 15:11:29.218  3976  4318 I SurfaceFlinger: id=38504 Removed Surface(name=1096c8d StatusBar)/@0xeaf4dd0 - animation-leash#0 (101)
08-30 15:11:29.225  3976  3976 I Layer   : id=38504[1] Destroyed Surface(name=1096c8d StatusBar)/@0xeaf4dd0 - animation-leash#0
08-30 15:11:29.225  3976  3976 I Layer   : id=38505[1] Destroyed Surface(name=b07ecc5 NavigationBar0)/@0xa8376fc - animation-leash#1
08-30 15:11:29.225  4349  6765 I SemDvfsHyPerManager: acquire hyper - AMS_ACT_START/4349@16, type = -999
08-30 15:11:29.225  3927  3954 I HYPER-HAL: [RequestManager.cpp]acquire(): Acquired ID : 9528811  [4349 / 16]    HINT : AMS_ACT_START    list :
08-30 15:11:29.226  3927  3954 E HYPER-HAL: [HandlerSysfs.cpp]doResourceHandling(): Couldn't Open Sysfs - /sys/power/cstate_control
08-30 15:11:29.226  3927  3954 I HYPER-HAL: [ResourceManager.cpp]updateResource(): [CPUMinFreq] UpdateResource Request ID : 9528811    Value : 1560000
08-30 15:11:29.226  3976  4318 I SurfaceFlinger: id=38513 createSurf (0x0),-1 flag=80004, ActivityRecord{1166b63 u0 com.example.dogglers/androidx.test.core.app.InstrumentationActivityInvoker$EmptyActivity t1422}#0
08-30 15:11:29.226  4349  5464 I InputDispatcher: Focus entered window (23627): 5cb6865 in display 0 0
08-30 15:11:29.227 23627 23627 I ViewRootImpl@91623b5[HorizontalListActivity]: stopped(true) old=false
08-30 15:11:29.229 23627 23627 I SurfaceControl: nativeRelease nativeObject s[476145766272]
08-30 15:11:29.229 23627 23627 I SurfaceControl: nativeRelease nativeObject e[476145766272]
08-30 15:11:29.229 23627 23627 D LifecycleMonitor: Lifecycle status change: com.example.dogglers.HorizontalListActivity@8d0cb51 in: STOPPED
08-30 15:11:29.230 23627 23627 V ActivityScenario: Update currentActivityStage to STOPPED, currentActivity=com.example.dogglers.HorizontalListActivity@8d0cb51
08-30 15:11:29.231  3976  3976 D SurfaceFlinger: Display 0 HWC layers:
08-30 15:11:29.231  3976  3976 D SurfaceFlinger:      DEVICE | 0x75743a7c40 | 0002 | RGBA_8888    |    0.0    0.0  720.0 1560.0 |    0    0  720 1560 | com.example.dogglers/androidx.test.c[...]tivityInvoker$EmptyActivity$_23627#0
08-30 15:11:29.231  3976  3976 D SurfaceFlinger:      DEVICE | 0x75743a6fc0 | 0000 | RGBA_8888    |    0.0    0.0  720.0   53.0 |    0    0  720   53 | StatusBar$_4708#0
08-30 15:11:29.231  3976  3976 D SurfaceFlinger:      DEVICE | 0x74d157fa00 | 0000 | RGBA_8888    |    0.0    0.0   67.0  232.0 |  653  151  720  383 | com.samsung.android.app.cocktailbars[...]rservice.CocktailBarService$_14146#0
08-30 15:11:29.231  3976  3976 D SurfaceFlinger:      DEVICE | 0x75743a7380 | 0000 | RGBA_8888    |    0.0    0.0  720.0   84.0 |    0 1476  720 1560 | NavigationBar0$_4708#0
08-30 15:11:29.231  3976  3976 D SurfaceFlinger:      DEVICE | 0x74f0413e00 | 0000 | RGBA_8888    |    0.0    0.0  720.0  101.0 |    0    0  720  101 | ScreenDecorOverlay$_4708#0
08-30 15:11:29.231  3976  3976 D SurfaceFlinger:      DEVICE | 0x75743a7b00 | 0000 | RGBA_8888    |    0.0    0.0  720.0  101.0 |    0 1459  720 1560 | ScreenDecorOverlayBottom$_4708#0
08-30 15:11:29.231  3976  3976 D SurfaceFlinger:
08-30 15:11:29.232 23627 23627 D LifecycleMonitor: Lifecycle status change: com.example.dogglers.HorizontalListActivity@8d0cb51 in: DESTROYED
08-30 15:11:29.232 23627 23627 V ActivityScenario: Update currentActivityStage to DESTROYED, currentActivity=null
08-30 15:11:29.236  3976  4318 E BufferQueueProducer: [com.example.dogglers/com.example.dogglers.HorizontalListActivity$_23627#0](id:f88000033e2,api:0,p:-1,c:3976) disconnect: not connected (req=1)
08-30 15:11:29.236 23627 23685 W libEGL  : EGLNativeWindowType 0x6f58cfc010 disconnect failed
08-30 15:11:29.237 23627 23627 I ViewRootImpl@91623b5[HorizontalListActivity]: dispatchDetachedFromWindow
08-30 15:11:29.238  4349  5464 D InputTransport: Input channel destroyed: '3deeeed', fd=740
08-30 15:11:29.239  4349  5464 I SurfaceControl: nativeRelease nativeObject s[476016225824]
08-30 15:11:29.239  4349  5464 I SurfaceControl: nativeRelease nativeObject e[476016225824]
08-30 15:11:29.239  4349  5464 D WindowManager: isScreenshotDisabledLocked - win: Window{3deeeed u0 com.example.dogglers/com.example.dogglers.HorizontalListActivity}
08-30 15:11:29.239  4349  5464 D WindowManager: isScreenshotDisabledLocked: userId = 0, disabled =false
08-30 15:11:29.240  4349  5464 I SurfaceControl: nativeRelease nativeObject s[477997777600]
08-30 15:11:29.240  4349  5464 I SurfaceControl: nativeRelease nativeObject e[477997777600]
08-30 15:11:29.240  3976  4318 I SurfaceFlinger: id=38514 createSurf (0x0),-1 flag=24004, Surface(name=749d536 InputMethod)/@0x72f94d3 - animation-leash#0
08-30 15:11:29.241  4349  5464 I SurfaceControl: nativeRelease nativeObject s[476016222656]
08-30 15:11:29.241  4349  5464 I SurfaceControl: nativeRelease nativeObject e[476016222656]
08-30 15:11:29.242  3976  4318 I Layer   : id=38503 removeFromCurrentState com.example.dogglers/com.example.dogglers.HorizontalListActivity$_23627#0 (101)
08-30 15:11:29.242  3976  4318 I SurfaceFlinger: id=38503 Removed com.example.dogglers/com.example.dogglers.HorizontalListActivity$_23627#0 (101)
08-30 15:11:29.244  3976  4318 I Layer   : id=38502 removeFromCurrentState 3deeeed com.example.dogglers/com.example.dogglers.HorizontalListActivity#0 (101)
08-30 15:11:29.244  3976  4318 I Layer   : id=38507 removeFromCurrentState Surface(name=749d536 InputMethod)/@0x72f94d3 - animation-leash#1 (101)
08-30 15:11:29.245  3976  4318 I SurfaceFlinger: id=38502 Removed 3deeeed com.example.dogglers/com.example.dogglers.HorizontalListActivity#0 (101)
08-30 15:11:29.245 23627 23627 D InputTransport: Input channel destroyed: '3deeeed', fd=81
08-30 15:11:29.247  4349  6779 I SurfaceControl: nativeRelease nativeObject s[476017812448]
08-30 15:11:29.247  4349  6779 I SurfaceControl: nativeRelease nativeObject e[476017812448]
08-30 15:11:29.249  3976  4318 I Layer   : id=38497 removeFromCurrentState ActivityRecord{8bbdb10 u0 com.example.dogglers/.HorizontalListActivity t1422}#0 (101)
08-30 15:11:29.249  3976  6075 I SurfaceFlinger: id=38497 Removed ActivityRecord{8bbdb10 u0 com.example.dogglers/.HorizontalListActivity t1422}#0 (101)
08-30 15:11:29.256 23627 23627 D LifecycleMonitor: Lifecycle status change: androidx.test.core.app.InstrumentationActivityInvoker$EmptyActivity@157ee52 in: PAUSED
08-30 15:11:29.257 23627 23627 V ActivityScenario: Activity lifecycle changed event received but ignored because the intent does not match. startActivityIntent=Intent { act=android.intent.action.MAIN cat=[android.intent.category.LAUNCHER] cmp=com.example.dogglers/.HorizontalListActivity }, activity.getIntent()=Intent { act=android.intent.action.MAIN cat=[android.intent.category.LAUNCHER] flg=0x10000000 cmp=com.example.dogglers/androidx.test.core.app.InstrumentationActivityInvoker$EmptyActivity }, activity=androidx.test.core.app.InstrumentationActivityInvoker$EmptyActivity@157ee52
08-30 15:11:29.258  3976  3976 I Layer   : id=38497[1] Destroyed ActivityRecord{8bbdb10 u0 com.example.dogglers/.HorizontalListActivity t1422}#0
08-30 15:11:29.258  3976  3976 I Layer   : id=38502[1] Destroyed 3deeeed com.example.dogglers/com.example.dogglers.HorizontalListActivity#0
08-30 15:11:29.259  3976  3976 I Layer   : id=38503[1] Destroyed com.example.dogglers/com.example.dogglers.HorizontalListActivity$_23627#0
08-30 15:11:29.260  4349  6779 V WindowOrientationListener: getProposedRotation: -1
08-30 15:11:29.260  4349  6779 V WindowOrientationListener: getProposedRotation: -1
08-30 15:11:29.262  4349  6779 V WindowOrientationListener: getProposedRotation: -1
08-30 15:11:29.264  4349  6779 D InputDispatcher: Focused application set to (0): 1166b63
08-30 15:11:29.270 23627 23627 I ViewRootImpl@237707f[InstrumentationActivityInvoker$EmptyActivity]: MSG_WINDOW_FOCUS_CHANGED 1 1
08-30 15:11:29.271 23627 23627 D InputMethodManager: prepareNavigationBarInfo() DecorView@a2e2a20[InstrumentationActivityInvoker$EmptyActivity]
08-30 15:11:29.271 23627 23627 D InputMethodManager: getNavigationBarColor() -16711423
08-30 15:11:29.271 23627 23627 D InputMethodManager: prepareNavigationBarInfo() DecorView@a2e2a20[InstrumentationActivityInvoker$EmptyActivity]
08-30 15:11:29.271 23627 23627 D InputMethodManager: getNavigationBarColor() -16711423
08-30 15:11:29.271 23627 23627 V InputMethodManager: Starting input: tba=com.example.dogglers ic=null mNaviBarColor -16711423 mIsGetNaviBarColorSuccess true , NavVisible : true , NavTrans : false
08-30 15:11:29.272 23627 23627 D InputMethodManager: startInputInner - Id : 0
08-30 15:11:29.272 23627 23627 I InputMethodManager: startInputInner - mService.startInputOrWindowGainedFocus
08-30 15:11:29.272  4349  6765 D InputMethodManagerService: mSecureKeypadEnabled = false
08-30 15:11:29.272  4349  6765 V InputMethodManagerService: hideCurrentInputLocked : shouldHideSoftInput is false
08-30 15:11:29.273  4349  6765 D InputMethodManagerService: mDesktopModeManager null!
08-30 15:11:29.273  4349  6765 V InputMethodManagerService: getDisplayIdOfInputMethodWindowToBeAdded : 0
08-30 15:11:29.273  4349  6765 D InputMethodManagerService: checkDisplayOfStartInputAndUpdateKeyboard display Id 0last 0
08-30 15:11:29.273  4349  6765 D InputTransport: Input channel constructed: 'ClientS', fd=724
08-30 15:11:29.273  4349  6765 D InputTransport: Input channel destroyed: 'ClientS', fd=724
08-30 15:11:29.274 23627 23627 D InputTransport: Input channel constructed: 'ClientS', fd=81
08-30 15:11:29.274  4349  6765 I SurfaceControl: nativeRelease nativeObject s[476016225632]
08-30 15:11:29.274  4349  6765 I SurfaceControl: nativeRelease nativeObject e[476016225632]
08-30 15:11:29.274 23627 23627 D InputTransport: Input channel destroyed: 'ClientS', fd=90
08-30 15:11:29.275  3976  6075 I SurfaceFlinger: id=38515 createSurf (0x0),-1 flag=24004, Surface(name=749d536 InputMethod)/@0x72f94d3 - animation-leash#1
08-30 15:11:29.277  7475  7475 I HBD     : HoneyBoardService onFinishInput
08-30 15:11:29.277  3976  6075 I Layer   : id=38514 removeFromCurrentState Surface(name=749d536 InputMethod)/@0x72f94d3 - animation-leash#0 (99)
08-30 15:11:29.277  7475  7475 I HBD     : a IC have been unbinded,  InputConnectionWrapper{idHash=#ba07e93 mMissingMethods=}
08-30 15:11:29.278  7475  7475 I HBD     : HoneyBoardService [PF_CL][onFinishInput]  518654 ns
08-30 15:11:29.278  7475  7475 I HBD     : HoneyBoardService [IMI] onStartInput - caller pid : 23627 , caller uid : 10429
08-30 15:11:29.278  7475  7475 I HBD     : i updateConfigs
08-30 15:11:29.278  7475  7475 I HBD     : i isEnabledNightMode : true
08-30 15:11:29.278  7475  7475 I HBD     : a IC have been binded, InputConnectionWrapper{idHash=#ba07e93 mMissingMethods=}
08-30 15:11:29.279  7475  7475 I HBD     : h [EditorInputType]setPrivateImeOptionsToTable privateImeOptions ( null )
08-30 15:11:29.279  7475  7475 I HBD     : b incognitoMode : false
08-30 15:11:29.279  7475  7475 I HBD     : a needOff = true , isForceOff = false, isNullInputClass : true
08-30 15:11:29.279  7475  7475 I HBD     : h getDefaultInputRange : UNKNOWN
08-30 15:11:29.279  7475  7475 I HBD     : h getDefaultInputRange : UNKNOWN
08-30 15:11:29.279  7475  7475 I HBD     : h getDefaultInputRange : UNKNOWN
08-30 15:11:29.280  4349  5464 D SdpManagerService: Not an enterprise user : 0
08-30 15:11:29.280  4349  5464 D SdpManagerService: Not an enterprise user : 0
08-30 15:11:29.280  4349  4371 I SemPersonaManager: SecureFolder personaId = 150
08-30 15:11:29.281  7475  7475 I HBD     : h getDefaultInputRange : UNKNOWN
08-30 15:11:29.281  7475  7475 I HBD     : a currentState : 0
08-30 15:11:29.282  7475  7475 I HBD     : h load selected json info : {"version":"1.0","currentLanguageOrder":2,"selected":[{"activeOptionList":["auto_replace","spell_check","auto_spacing"],"engName":"Russian","id":3342336,"inputType":"qwerty","isUsed":true},{"activeOptionList":["auto_replace","spell_check","auto_spacing"],"engName":"English","id":65537,"inputType":"qwerty","isUsed":true},{"activeOptionList":["auto_replace","spell_check","auto_spacing"],"engName":"Ukrainian","id":4456448,"inputType":"qwerty","isUsed":true}]}
08-30 15:11:29.283  7475  7475 I HBD     : a [UpdatePolicy] [post] a: 0 cl: 4456448 kit: [0/0] vt: 0 ir: 1
08-30 15:11:29.284  7475  7475 I HBD     : HoneyBoardService [PF_OP][onStartInput]  6364308 ns
08-30 15:11:29.285  3920  3920 I Sensors : [AMS] lux : 3, cam_lux : -1, result_lux : 3, brightness: 19, cam_on: 0, driver lux : 3
08-30 15:11:29.285 23627 23627 D LifecycleMonitor: Lifecycle status change: androidx.test.core.app.InstrumentationActivityInvoker$EmptyActivity@286c276 in: PRE_ON_CREATE
08-30 15:11:29.286 23627 23627 V ActivityScenario: Activity lifecycle changed event received but ignored because the intent does not match. startActivityIntent=Intent { act=android.intent.action.MAIN cat=[android.intent.category.LAUNCHER] cmp=com.example.dogglers/.HorizontalListActivity }, activity.getIntent()=Intent { act=android.intent.action.MAIN cat=[android.intent.category.LAUNCHER] flg=0x10000000 cmp=com.example.dogglers/androidx.test.core.app.InstrumentationActivityInvoker$EmptyActivity }, activity=androidx.test.core.app.InstrumentationActivityInvoker$EmptyActivity@286c276
08-30 15:11:29.293  4349  5464 I InputDispatcher: Focus left window (23627): 5cb6865 in display 0 0
08-30 15:11:29.325  4349  4371 D EnterpriseDeviceManagerService: isMdmAdminPresentInternal() : MDM Admin Found - com.samsung.knox.securefolder
08-30 15:11:29.336 23627 23627 I DecorView: [INFO] isPopOver=false, config=true
08-30 15:11:29.336 23627 23627 I DecorView: updateCaptionType >> DecorView@8c8d4e4[], isFloating=false, isApplication=true, hasWindowDecorCaption=false, hasWindowControllerCallback=true
08-30 15:11:29.336 23627 23627 D DecorView: setCaptionType = 0, this = DecorView@8c8d4e4[]
08-30 15:11:29.340 23627 23627 D LifecycleMonitor: Lifecycle status change: androidx.test.core.app.InstrumentationActivityInvoker$EmptyActivity@286c276 in: CREATED
08-30 15:11:29.340 23627 23627 V ActivityScenario: Activity lifecycle changed event received but ignored because the intent does not match. startActivityIntent=Intent { act=android.intent.action.MAIN cat=[android.intent.category.LAUNCHER] cmp=com.example.dogglers/.HorizontalListActivity }, activity.getIntent()=Intent { act=android.intent.action.MAIN cat=[android.intent.category.LAUNCHER] flg=0x10000000 cmp=com.example.dogglers/androidx.test.core.app.InstrumentationActivityInvoker$EmptyActivity }, activity=androidx.test.core.app.InstrumentationActivityInvoker$EmptyActivity@286c276
08-30 15:11:29.342 23627 23627 D LifecycleMonitor: Lifecycle status change: androidx.test.core.app.InstrumentationActivityInvoker$EmptyActivity@286c276 in: STARTED
08-30 15:11:29.343 23627 23627 V ActivityScenario: Activity lifecycle changed event received but ignored because the intent does not match. startActivityIntent=Intent { act=android.intent.action.MAIN cat=[android.intent.category.LAUNCHER] cmp=com.example.dogglers/.HorizontalListActivity }, activity.getIntent()=Intent { act=android.intent.action.MAIN cat=[android.intent.category.LAUNCHER] flg=0x10000000 cmp=com.example.dogglers/androidx.test.core.app.InstrumentationActivityInvoker$EmptyActivity }, activity=androidx.test.core.app.InstrumentationActivityInvoker$EmptyActivity@286c276
08-30 15:11:29.345 23627 23627 D LifecycleMonitor: Lifecycle status change: androidx.test.core.app.InstrumentationActivityInvoker$EmptyActivity@286c276 in: RESUMED
08-30 15:11:29.345 23627 23627 V ActivityScenario: Activity lifecycle changed event received but ignored because the intent does not match. startActivityIntent=Intent { act=android.intent.action.MAIN cat=[android.intent.category.LAUNCHER] cmp=com.example.dogglers/.HorizontalListActivity }, activity.getIntent()=Intent { act=android.intent.action.MAIN cat=[android.intent.category.LAUNCHER] flg=0x10000000 cmp=com.example.dogglers/androidx.test.core.app.InstrumentationActivityInvoker$EmptyActivity }, activity=androidx.test.core.app.InstrumentationActivityInvoker$EmptyActivity@286c276
08-30 15:11:29.349  4349  5464 D InputTransport: Input channel constructed: '80ee9bc', fd=740
08-30 15:11:29.350  4349  5464 D InputTransport: Input channel constructed: '80ee9bc', fd=747
08-30 15:11:29.350  3976  4318 I SurfaceFlinger: id=38516 createSurf (0x0),-1 flag=80004, 80ee9bc com.example.dogglers/androidx.test.core.app.InstrumentationActivityInvoker$EmptyActivity#0
08-30 15:11:29.351  4349  5464 D WindowManager: isScreenshotDisabledLocked - win: Window{80ee9bc u0 com.example.dogglers/androidx.test.core.app.InstrumentationActivityInvoker$EmptyActivity}
08-30 15:11:29.351  4349  5464 D WindowManager: isScreenshotDisabledLocked: userId = 0, disabled =false
08-30 15:11:29.351  4349  5464 D InputTransport: Input channel destroyed: '80ee9bc', fd=747
08-30 15:11:29.352 23627 23627 D InputTransport: Input channel constructed: '80ee9bc', fd=90
08-30 15:11:29.353 23627 23627 I ViewRootImpl@cae1d13[InstrumentationActivityInvoker$EmptyActivity]: setView = com.android.internal.policy.DecorView@8c8d4e4 TM=true
08-30 15:11:29.355 23627 23627 D LifecycleMonitor: Lifecycle status change: androidx.test.core.app.InstrumentationActivityInvoker$BootstrapActivity@d1fe2de in: STOPPED
08-30 15:11:29.356 23627 23627 V ActivityScenario: Activity lifecycle changed event received but ignored because the intent does not match. startActivityIntent=Intent { act=android.intent.action.MAIN cat=[android.intent.category.LAUNCHER] cmp=com.example.dogglers/.HorizontalListActivity }, activity.getIntent()=Intent { act=android.intent.action.MAIN cat=[android.intent.category.LAUNCHER] flg=0x10008000 cmp=com.example.dogglers/androidx.test.core.app.InstrumentationActivityInvoker$BootstrapActivity (has extras) }, activity=androidx.test.core.app.InstrumentationActivityInvoker$BootstrapActivity@d1fe2de
08-30 15:11:29.377 23627 23627 D LifecycleMonitor: Lifecycle status change: androidx.test.core.app.InstrumentationActivityInvoker$BootstrapActivity@d1fe2de in: DESTROYED
08-30 15:11:29.377 23627 23627 V ActivityScenario: Activity lifecycle changed event received but ignored because the intent does not match. startActivityIntent=Intent { act=android.intent.action.MAIN cat=[android.intent.category.LAUNCHER] cmp=com.example.dogglers/.HorizontalListActivity }, activity.getIntent()=Intent { act=android.intent.action.MAIN cat=[android.intent.category.LAUNCHER] flg=0x10008000 cmp=com.example.dogglers/androidx.test.core.app.InstrumentationActivityInvoker$BootstrapActivity (has extras) }, activity=androidx.test.core.app.InstrumentationActivityInvoker$BootstrapActivity@d1fe2de
08-30 15:11:29.378  4349  5464 I SurfaceControl: nativeRelease nativeObject s[476008566624]
08-30 15:11:29.378  4349  5464 I SurfaceControl: nativeRelease nativeObject e[476008566624]
08-30 15:11:29.381  4349  5464 D SamsungIMMSHWKeyboard: isConnectedDexOnPC false
08-30 15:11:29.381 23627 23627 I SurfaceControl: nativeRelease nativeObject s[476145768960]
08-30 15:11:29.381 23627 23627 I SurfaceControl: nativeRelease nativeObject e[476145768960]
08-30 15:11:29.381 23627 23627 I SurfaceControl: nativeRelease nativeObject s[476145768768]
08-30 15:11:29.381 23627 23627 I SurfaceControl: nativeRelease nativeObject e[476145768768]
08-30 15:11:29.382  3976  6075 I Layer   : id=38492 removeFromCurrentState ActivityRecord{9fa9645 u0 com.example.dogglers/androidx.test.core.app.InstrumentationActivityInvoker$BootstrapActivity t1422}#0 (100)
08-30 15:11:29.383  3976  6075 I SurfaceFlinger: id=38492 Removed ActivityRecord{9fa9645 u0 com.example.dogglers/androidx.test.core.app.InstrumentationActivityInvoker$BootstrapActivity t1422}#0 (100)
08-30 15:11:29.385  4349  5464 D InputMethodManagerService: isImeSwitcherDisabledPackage : false
08-30 15:11:29.386  4349  5108 V WindowManager: Relayout Window{80ee9bc u0 com.example.dogglers/androidx.test.core.app.InstrumentationActivityInvoker$EmptyActivity}: viewVisibility=0 req=720x1560
08-30 15:11:29.389  4349  5108 D WindowManager: isScreenshotDisabledLocked - win: Window{80ee9bc u0 com.example.dogglers/androidx.test.core.app.InstrumentationActivityInvoker$EmptyActivity}
08-30 15:11:29.389  4349  5108 D WindowManager: isScreenshotDisabledLocked: userId = 0, disabled =false
08-30 15:11:29.389  3976  6075 I SurfaceFlinger: id=38517 createSurf (720x1560),1 flag=404, com.example.dogglers/androidx.test.core.app.InstrumentationActivityInvoker$EmptyActivity$_23627#1
08-30 15:11:29.391  4349  5108 I SurfaceControl: nativeRelease nativeObject s[476017198592]
08-30 15:11:29.391  4349  5108 I SurfaceControl: nativeRelease nativeObject e[476017198592]
08-30 15:11:29.391 14146 14146 I TrayStateController: systemUiVisibilityChanged : 0 0
08-30 15:11:29.392  3976  3976 I Layer   : id=38492[1] Destroyed ActivityRecord{9fa9645 u0 com.example.dogglers/androidx.test.core.app.InstrumentationActivityInvoker$BootstrapActivity t1422}#0
08-30 15:11:29.392  3976  4318 I SurfaceFlinger: id=38518 createSurf (0x0),-1 flag=24000, Surface(name=1096c8d StatusBar)/@0xeaf4dd0 - animation-leash#0
08-30 15:11:29.393  4349  5108 I SurfaceControl: nativeRelease nativeObject s[476017198976]
08-30 15:11:29.393  4349  5108 I SurfaceControl: nativeRelease nativeObject e[476017198976]
08-30 15:11:29.394  3976  4318 I SurfaceFlinger: id=38519 createSurf (0x0),-1 flag=24000, Surface(name=b07ecc5 NavigationBar0)/@0xa8376fc - animation-leash#1
08-30 15:11:29.396  4349  5108 V WindowManager: Relayout hash=80ee9bc, pid=23627: mAttrs={(0,0)(fillxfill) sim={adjust=pan forwardNavigation} ty=BASE_APPLICATION wanim=0x1030001
08-30 15:11:29.396  4349  5108 V WindowManager:   fl=1810100
08-30 15:11:29.396  4349  5108 V WindowManager:   pfl=12020000
08-30 15:11:29.396  4349  5108 V WindowManager:   fitSides= naviIconColor=0}
08-30 15:11:29.396  4349  5108 I SurfaceControl: nativeRelease nativeObject s[477997782304]
08-30 15:11:29.396  4349  5108 I SurfaceControl: nativeRelease nativeObject e[477997782304]
08-30 15:11:29.397  3976  4318 I Layer   : id=38511 removeFromCurrentState Surface(name=1096c8d StatusBar)/@0xeaf4dd0 - animation-leash#1 (102)
08-30 15:11:29.397  3976  4318 I Layer   : id=38512 removeFromCurrentState Surface(name=b07ecc5 NavigationBar0)/@0xa8376fc - animation-leash#0 (102)
08-30 15:11:29.398 23627 23627 I SurfaceControl: assignNativeObject: nativeObject = 0 Surface(name=null)/@0x2b05b50 / android.view.SurfaceControl.readFromParcel:1117 android.view.IWindowSession$Stub$Proxy.relayout:1836 android.view.ViewRootImpl.relayoutWindow:9005 android.view.ViewRootImpl.performTraversals:3360 android.view.ViewRootImpl.doTraversal:2618 android.view.ViewRootImpl$TraversalRunnable.run:9971 android.view.Choreographer$CallbackRecord.run:1010 android.view.Choreographer.doCallbacks:809 android.view.Choreographer.doFrame:744 android.view.Choreographer$FrameDisplayEventReceiver.run:995
08-30 15:11:29.399 23627 23627 I ViewRootImpl@cae1d13[InstrumentationActivityInvoker$EmptyActivity]: Relayout returned: old=(0,0,720,1560) new=(0,0,720,1560) req=(720,1560)0 dur=13 res=0x7 s={true 478233575424} ch=true fn=-1
08-30 15:11:29.401  3899  3953 D gralloc : [mali_gralloc_allocate] begin
08-30 15:11:29.401  3899  3953 D gralloc : buffer_descriptor: wh(720 1560) usage_pc(0x40000000000b00 0x40000000000b00) hal_format(0x1) layer_count(1) sizes(0 0 0) strde(0) byte_stride(0) alloc_wh(0 0) internal_format(0x0) alloc_format(0x0) fd_count(1) plane_count(0)
08-30 15:11:29.402 23627 23627 I ViewRootImpl@cae1d13[InstrumentationActivityInvoker$EmptyActivity]: [DP] dp(1) 1 android.view.ViewRootImpl.reportNextDraw:10957 android.view.ViewRootImpl.performTraversals:3845 android.view.ViewRootImpl.doTraversal:2618
08-30 15:11:29.402 23627 23627 I ViewRootImpl@cae1d13[InstrumentationActivityInvoker$EmptyActivity]: [DP] pd() Asnyc report
08-30 15:11:29.402  3899  3953 D gralloc : [mali_gralloc_allocate] allocation successful
08-30 15:11:29.403  3899  3953 D gralloc : [mali_gralloc_allocate] begin
08-30 15:11:29.403  3899  3953 D gralloc : buffer_descriptor: wh(720 1560) usage_pc(0x40000000000b00 0x40000000000b00) hal_format(0x1) layer_count(1) sizes(0 0 0) strde(0) byte_stride(0) alloc_wh(0 0) internal_format(0x0) alloc_format(0x0) fd_count(1) plane_count(0)
08-30 15:11:29.404  3899  3953 D gralloc : [mali_gralloc_allocate] allocation successful
08-30 15:11:29.404  3899  3953 D gralloc : [mali_gralloc_allocate] begin
08-30 15:11:29.404  3899  3953 D gralloc : buffer_descriptor: wh(720 1560) usage_pc(0x40000000000b00 0x40000000000b00) hal_format(0x1) layer_count(1) sizes(0 0 0) strde(0) byte_stride(0) alloc_wh(0 0) internal_format(0x0) alloc_format(0x0) fd_count(1) plane_count(0)
08-30 15:11:29.405  3899  3953 D gralloc : [mali_gralloc_allocate] allocation successful
08-30 15:11:29.408 23627 23627 I ViewRootImpl@cae1d13[InstrumentationActivityInvoker$EmptyActivity]: [DP] pdf(0) 1 android.view.ViewRootImpl.lambda$performDraw$1$ViewRootImpl:4668 android.view.-$$Lambda$ViewRootImpl$DJd0VUYJgsebcnSohO6h8zc_ONI.run:6 android.os.Handler.handleCallback:938
08-30 15:11:29.408 23627 23627 I ViewRootImpl@cae1d13[InstrumentationActivityInvoker$EmptyActivity]: [DP] rdf()
08-30 15:11:29.410 23627 23627 I ViewRootImpl@237707f[InstrumentationActivityInvoker$EmptyActivity]: MSG_WINDOW_FOCUS_CHANGED 0 1
08-30 15:11:29.412  4349  4372 D PkgPredictorService: pkg:com.example.dogglers activity:androidx.test.core.app.InstrumentationActivityInvoker$EmptyActivity thisTime:189
08-30 15:11:29.414  4349  4372 I SemDvfsHyPerManager: acquire hyper - AMS_RESUME_TAIL/4349@18, type = -999
08-30 15:11:29.414  4349  4376 I ActivityTaskManager: Displayed com.example.dogglers/androidx.test.core.app.InstrumentationActivityInvoker$EmptyActivity: +189ms
08-30 15:11:29.414  4349  4372 I SemDvfsHyPerManager: acquire hyper - AMS_ACT_LAZY/4349@19, type = -999
08-30 15:11:29.414  3927  3954 I HYPER-HAL: [RequestManager.cpp]acquire(): Acquired ID : 9537546  [4349 / 18]    HINT : AMS_RESUME_TAIL    list :
08-30 15:11:29.414  3927  3954 E HYPER-HAL: [HandlerSysfs.cpp]doResourceHandling(): Couldn't Open Sysfs - /sys/power/cstate_control
08-30 15:11:29.414  3927  3954 I HYPER-HAL: [ResourceManager.cpp]updateResource(): [CPUMinFreq] UpdateResource Request ID : 9537546    Value : 1560000
08-30 15:11:29.414  5589  5589 E pageboostd: Received HALT command code 2
08-30 15:11:29.415  3927  3954 I HYPER-HAL: [RequestManager.cpp]acquire(): Acquired ID : 9541915  [4349 / 19]    HINT :      list :
08-30 15:11:29.415  3927  3954 E HYPER-HAL: [Request.cpp]acquire(): Request:: id : 9541915, No Resource to set
08-30 15:11:29.415  3927  3954 E HYPER-HAL: [HandlerSysfs.cpp]doResourceHandling(): Couldn't Open Sysfs - /sys/power/cstate_control
08-30 15:11:29.415  3927  3954 I HYPER-HAL: [ResourceManager.cpp]removeResource(): [CPUMinFreq] RemoveResource Request ID : 9528811
08-30 15:11:29.415  3927  3954 I HYPER-HAL: [RequestManager.cpp]releaseLocked(): Released ID : 9528811
08-30 15:11:29.419 23627 23627 I SurfaceControl: nativeRelease nativeObject s[476571792928]
08-30 15:11:29.419 23627 23627 I SurfaceControl: nativeRelease nativeObject e[476571792928]
08-30 15:11:29.419 23627 23627 I SurfaceControl: nativeRelease nativeObject s[476571792352]
08-30 15:11:29.419 23627 23627 I SurfaceControl: nativeRelease nativeObject e[476571792352]
08-30 15:11:29.419 23627 23627 I SurfaceControl: nativeRelease nativeObject s[476571791872]
08-30 15:11:29.419 23627 23627 I SurfaceControl: nativeRelease nativeObject e[476571791872]
08-30 15:11:29.419  3976  4318 I SurfaceFlinger: id=38512 Removed Surface(name=b07ecc5 NavigationBar0)/@0xa8376fc - animation-leash#0 (102)
08-30 15:11:29.419  3976  4002 I SurfaceFlinger: id=38511 Removed Surface(name=1096c8d StatusBar)/@0xeaf4dd0 - animation-leash#1 (102)
08-30 15:11:29.425  3976  3976 I Layer   : id=38511[1] Destroyed Surface(name=1096c8d StatusBar)/@0xeaf4dd0 - animation-leash#1
