08-30 15:11:28.036  3927  3954 I HYPER-HAL: [RequestManager.cpp]acquire(): Acquired ID : 9537546  [4349 / 18]    HINT : AMS_RESUME_TAIL    list :
08-30 15:11:28.036  3927  3954 E HYPER-HAL: [HandlerSysfs.cpp]doResourceHandling(): Couldn't Open Sysfs - /sys/power/cstate_control
08-30 15:11:28.036  3927  3954 I HYPER-HAL: [ResourceManager.cpp]updateResource(): [CPUMinFreq] UpdateResource Request ID : 9537546    Value : 1560000
08-30 15:11:28.036  5589  5589 E pageboostd: Received HALT command code 2
08-30 15:11:28.036  3927  3954 I HYPER-HAL: [RequestManager.cpp]acquire(): Acquired ID : 9541915  [4349 / 19]    HINT :      list :
08-30 15:11:28.037  3927  3954 E HYPER-HAL: [Request.cpp]acquire(): Request:: id : 9541915, No Resource to set
08-30 15:11:28.037  3927  3954 E HYPER-HAL: [HandlerSysfs.cpp]doResourceHandling(): Couldn't Open Sysfs - /sys/power/cstate_control
08-30 15:11:28.037  3927  3954 I HYPER-HAL: [ResourceManager.cpp]removeResource(): [CPUMinFreq] RemoveResource Request ID : 9528811
08-30 15:11:28.038  3927  3954 I HYPER-HAL: [RequestManager.cpp]releaseLocked(): Released ID : 9528811
08-30 15:11:28.041 23627 23627 I SurfaceControl: nativeRelease nativeObject s[476571791104]
08-30 15:11:28.041 23627 23627 I SurfaceControl: nativeRelease nativeObject e[476571791104]
08-30 15:11:28.041 23627 23627 I SurfaceControl: nativeRelease nativeObject s[476571790720]
08-30 15:11:28.041 23627 23627 I SurfaceControl: nativeRelease nativeObject e[476571790720]
08-30 15:11:28.041 23627 23627 I SurfaceControl: nativeRelease nativeObject s[476571795616]
08-30 15:11:28.041 23627 23627 I SurfaceControl: nativeRelease nativeObject e[476571795616]
08-30 15:11:28.041  3976  4318 I SurfaceFlinger: id=38474 Removed Surface(name=b07ecc5 NavigationBar0)/@0xa8376fc - animation-leash#1 (105)
08-30 15:11:28.041  3976  4318 I SurfaceFlinger: id=38473 Removed Surface(name=1096c8d StatusBar)/@0xeaf4dd0 - animation-leash#0 (105)
08-30 15:11:28.042  3976  3976 I Layer   : id=38473[1] Destroyed Surface(name=1096c8d StatusBar)/@0xeaf4dd0 - animation-leash#0
08-30 15:11:28.042  3976  3976 I Layer   : id=38474[1] Destroyed Surface(name=b07ecc5 NavigationBar0)/@0xa8376fc - animation-leash#1
08-30 15:11:28.044  4349  4913 I InputDispatcher: Focus entered window (23627): 6a23de8 in display 0 0
08-30 15:11:28.048  3976  3976 D SurfaceFlinger: Display 0 HWC layers:
08-30 15:11:28.048  3976  3976 D SurfaceFlinger:      DEVICE | 0x74f04155c0 | 0002 | RGBA_8888    |    0.0    0.0  720.0 1560.0 |    0    0  720 1560 | com.example.dogglers/androidx.test.c[...]tivityInvoker$EmptyActivity$_23627#1
08-30 15:11:28.048  3976  3976 D SurfaceFlinger:      DEVICE | 0x75743a6fc0 | 0000 | RGBA_8888    |    0.0    0.0  720.0   53.0 |    0    0  720   53 | StatusBar$_4708#0
08-30 15:11:28.048  3976  3976 D SurfaceFlinger:      DEVICE | 0x74d157fa00 | 0000 | RGBA_8888    |    0.0    0.0   67.0  232.0 |  653  151  720  383 | com.samsung.android.app.cocktailbars[...]rservice.CocktailBarService$_14146#0
08-30 15:11:28.048  3976  3976 D SurfaceFlinger:      DEVICE | 0x75743a7380 | 0000 | RGBA_8888    |    0.0    0.0  720.0   84.0 |    0 1476  720 1560 | NavigationBar0$_4708#0
08-30 15:11:28.048  3976  3976 D SurfaceFlinger:      DEVICE | 0x74f0413e00 | 0000 | RGBA_8888    |    0.0    0.0  720.0  101.0 |    0    0  720  101 | ScreenDecorOverlay$_4708#0
08-30 15:11:28.048  3976  3976 D SurfaceFlinger:      DEVICE | 0x75743a7b00 | 0000 | RGBA_8888    |    0.0    0.0  720.0  101.0 |    0 1459  720 1560 | ScreenDecorOverlayBottom$_4708#0
08-30 15:11:28.048  3976  3976 D SurfaceFlinger:
08-30 15:11:28.051  4349  6779 D InputDispatcher: Focused application set to (0): 641dc7a
08-30 15:11:28.060  4349  6779 D SecContentProvider: query(), uri = 17 selection = isSettingsChangesAllowed
08-30 15:11:28.061  4349  4371 D PersonaActivityHelper: Activity not in resumed state, do not run immediate lock
08-30 15:11:28.062  3976  4001 E BufferQueueProducer: [com.example.dogglers/androidx.test.core.app.InstrumentationActivityInvoker$EmptyActivity$_23627#0](id:f88000033de,api:0,p:-1,c:3976) disconnect: not connected (req=1)
08-30 15:11:28.062 23627 23685 W libEGL  : EGLNativeWindowType 0x6f579ec010 disconnect failed
08-30 15:11:28.063  4349  6779 V WindowManager: Relayout Window{2d427a5 u0 com.example.dogglers/androidx.test.core.app.InstrumentationActivityInvoker$EmptyActivity}: viewVisibility=8 req=720x1560
08-30 15:11:28.066  4349  6779 V WindowManager: Relayout hash=2d427a5, pid=23627: mAttrs={(0,0)(fillxfill) sim={adjust=pan forwardNavigation} ty=BASE_APPLICATION wanim=0x1030001
08-30 15:11:28.066  4349  6779 V WindowManager:   fl=1810100
08-30 15:11:28.066  4349  6779 V WindowManager:   pfl=12020000
08-30 15:11:28.066  4349  6779 V WindowManager:   fitSides= naviIconColor=0}
08-30 15:11:28.067 23627 23627 I SurfaceControl: nativeRelease nativeObject s[478234527072]
08-30 15:11:28.067 23627 23627 I SurfaceControl: nativeRelease nativeObject e[478234527072]
08-30 15:11:28.067 23627 23627 I SurfaceControl: assignNativeObject: nativeObject = 0 Surface(name=null)/@0xdef5f92 / android.view.SurfaceControl.readFromParcel:1117 android.view.IWindowSession$Stub$Proxy.relayout:1826 android.view.ViewRootImpl.relayoutWindow:9005 android.view.ViewRootImpl.performTraversals:3360 android.view.ViewRootImpl.doTraversal:2618 android.view.ViewRootImpl$TraversalRunnable.run:9971 android.view.Choreographer$CallbackRecord.run:1010 android.view.Choreographer.doCallbacks:809 android.view.Choreographer.doFrame:744 android.view.Choreographer$FrameDisplayEventReceiver.run:995
08-30 15:11:28.068 23627 23627 I SurfaceControl: assignNativeObject: nativeObject = 0 Surface(name=null)/@0xec38ca9 / android.view.SurfaceControl.readFromParcel:1117 android.view.IWindowSession$Stub$Proxy.relayout:1836 android.view.ViewRootImpl.relayoutWindow:9005 android.view.ViewRootImpl.performTraversals:3360 android.view.ViewRootImpl.doTraversal:2618 android.view.ViewRootImpl$TraversalRunnable.run:9971 android.view.Choreographer$CallbackRecord.run:1010 android.view.Choreographer.doCallbacks:809 android.view.Choreographer.doFrame:744 android.view.Choreographer$FrameDisplayEventReceiver.run:995
08-30 15:11:28.068 23627 23627 I SurfaceControl: nativeRelease nativeObject s[476145763392]
08-30 15:11:28.068 23627 23627 I SurfaceControl: nativeRelease nativeObject e[476145763392]
08-30 15:11:28.069 23627 23627 I ViewRootImpl@5de4830[InstrumentationActivityInvoker$EmptyActivity]: Relayout returned: old=(0,0,720,1560) new=(0,0,720,1560) req=(720,1560)8 dur=6 res=0x5 s={false 0} ch=true fn=2
08-30 15:11:28.070 23627 23627 I ViewRootImpl@5de4830[InstrumentationActivityInvoker$EmptyActivity]: stopped(true) old=false
08-30 15:11:28.071 23627 23627 D LifecycleMonitor: Lifecycle status change: androidx.test.core.app.InstrumentationActivityInvoker$EmptyActivity@c1a7ed7 in: STOPPED
08-30 15:11:28.071 23627 23627 V ActivityScenario: Activity lifecycle changed event received but ignored because the intent does not match. startActivityIntent=Intent { act=android.intent.action.MAIN cat=[android.intent.category.LAUNCHER] cmp=com.example.dogglers/.HorizontalListActivity }, activity.getIntent()=Intent { act=android.intent.action.MAIN cat=[android.intent.category.LAUNCHER] flg=0x10000000 cmp=com.example.dogglers/androidx.test.core.app.InstrumentationActivityInvoker$EmptyActivity }, activity=androidx.test.core.app.InstrumentationActivityInvoker$EmptyActivity@c1a7ed7
08-30 15:11:28.073 23627 23627 D LifecycleMonitor: Lifecycle status change: androidx.test.core.app.InstrumentationActivityInvoker$EmptyActivity@c1a7ed7 in: DESTROYED
08-30 15:11:28.073 23627 23627 V ActivityScenario: Activity lifecycle changed event received but ignored because the intent does not match. startActivityIntent=Intent { act=android.intent.action.MAIN cat=[android.intent.category.LAUNCHER] cmp=com.example.dogglers/.HorizontalListActivity }, activity.getIntent()=Intent { act=android.intent.action.MAIN cat=[android.intent.category.LAUNCHER] flg=0x10000000 cmp=com.example.dogglers/androidx.test.core.app.InstrumentationActivityInvoker$EmptyActivity }, activity=androidx.test.core.app.InstrumentationActivityInvoker$EmptyActivity@c1a7ed7
08-30 15:11:28.075 23627 23627 I ViewRootImpl@5de4830[InstrumentationActivityInvoker$EmptyActivity]: dispatchDetachedFromWindow
08-30 15:11:28.076  4349  6779 I InputDispatcher: Focus left window (23627): 6a23de8 in display 0 0
08-30 15:11:28.076  4349  4913 D InputTransport: Input channel destroyed: '2d427a5', fd=703
08-30 15:11:28.077  4349  4913 I SurfaceControl: nativeRelease nativeObject s[477997782496]
08-30 15:11:28.077  4349  4913 I SurfaceControl: nativeRelease nativeObject e[477997782496]
08-30 15:11:28.077  4349  4913 D WindowManager: isScreenshotDisabledLocked - win: Window{2d427a5 u0 com.example.dogglers/androidx.test.core.app.InstrumentationActivityInvoker$EmptyActivity}
08-30 15:11:28.077  4349  4913 D WindowManager: isScreenshotDisabledLocked: userId = 0, disabled =false
08-30 15:11:28.077  4349  4913 I SurfaceControl: nativeRelease nativeObject s[477997776736]
08-30 15:11:28.077  4349  4913 I SurfaceControl: nativeRelease nativeObject e[477997776736]
08-30 15:11:28.077  3976  4001 I SurfaceFlinger: id=38482 createSurf (0x0),-1 flag=24004, Surface(name=749d536 InputMethod)/@0x72f94d3 - animation-leash#1
08-30 15:11:28.078  4349  4913 I SurfaceControl: nativeRelease nativeObject s[478247329792]
08-30 15:11:28.078  4349  4913 I SurfaceControl: nativeRelease nativeObject e[478247329792]
08-30 15:11:28.079  3976  4001 I Layer   : id=38472 removeFromCurrentState com.example.dogglers/androidx.test.core.app.InstrumentationActivityInvoker$EmptyActivity$_23627#0 (104)
08-30 15:11:28.079  3976  4001 I SurfaceFlinger: id=38472 Removed com.example.dogglers/androidx.test.core.app.InstrumentationActivityInvoker$EmptyActivity$_23627#0 (104)
08-30 15:11:28.081  3976  4001 I Layer   : id=38471 removeFromCurrentState 2d427a5 com.example.dogglers/androidx.test.core.app.InstrumentationActivityInvoker$EmptyActivity#0 (104)
08-30 15:11:28.081  3976  4001 I Layer   : id=38477 removeFromCurrentState Surface(name=749d536 InputMethod)/@0x72f94d3 - animation-leash#0 (104)
08-30 15:11:28.082  3976  4001 I SurfaceFlinger: id=38471 Removed 2d427a5 com.example.dogglers/androidx.test.core.app.InstrumentationActivityInvoker$EmptyActivity#0 (104)
08-30 15:11:28.083 23627 23627 D InputTransport: Input channel destroyed: '2d427a5', fd=91
08-30 15:11:28.084 23627 23627 I ViewRootImpl@85195f4[InstrumentationActivityInvoker$EmptyActivity]: MSG_WINDOW_FOCUS_CHANGED 0 1
08-30 15:11:28.084  4349  4913 I SurfaceControl: nativeRelease nativeObject s[476016225728]
08-30 15:11:28.084  4349  4913 I SurfaceControl: nativeRelease nativeObject e[476016225728]
08-30 15:11:28.087 23627 23627 D LifecycleMonitor: Lifecycle status change: androidx.test.core.app.InstrumentationActivityInvoker$EmptyActivity@f5c5beb in: PAUSED
08-30 15:11:28.087 23627 23627 V ActivityScenario: Activity lifecycle changed event received but ignored because the intent does not match. startActivityIntent=Intent { act=android.intent.action.MAIN cat=[android.intent.category.LAUNCHER] cmp=com.example.dogglers/.HorizontalListActivity }, activity.getIntent()=Intent { act=android.intent.action.MAIN cat=[android.intent.category.LAUNCHER] flg=0x10000000 cmp=com.example.dogglers/androidx.test.core.app.InstrumentationActivityInvoker$EmptyActivity }, activity=androidx.test.core.app.InstrumentationActivityInvoker$EmptyActivity@f5c5beb
08-30 15:11:28.089  4349  6779 I SemDvfsHyPerManager: acquire hyper - AMS_APP_HOME/4349@35, type = -999
08-30 15:11:28.089  3927  3954 I HYPER-HAL: [RequestManager.cpp]acquire(): Acquired ID : 9611955  [4349 / 35]    HINT : AMS_APP_HOME    list :
08-30 15:11:28.090  3927  3954 E HYPER-HAL: [HandlerSysfs.cpp]doResourceHandling(): Couldn't Open Sysfs - /sys/power/cstate_control
08-30 15:11:28.090  3927  3954 I HYPER-HAL: [ResourceManager.cpp]updateResource(): [CPUMinFreq] UpdateResource Request ID : 9611955    Value : 1768000
08-30 15:11:28.090  3881  3886 E statsd  : Predicate -7037417284711607308 dropping data for dimension key (10)0x2010101->10429[I] (10)0x30000->*launch*[S]
08-30 15:11:28.092  4349  6779 V WindowOrientationListener: getProposedRotation: -1
08-30 15:11:28.092  4349  6779 V WindowOrientationListener: getProposedRotation: -1
08-30 15:11:28.092  3976  3976 I Layer   : id=38471[1] Destroyed 2d427a5 com.example.dogglers/androidx.test.core.app.InstrumentationActivityInvoker$EmptyActivity#0
08-30 15:11:28.092  3976  3976 I Layer   : id=38472[1] Destroyed com.example.dogglers/androidx.test.core.app.InstrumentationActivityInvoker$EmptyActivity$_23627#0
08-30 15:11:28.093  4349  6779 V WindowOrientationListener: getProposedRotation: -1
08-30 15:11:28.099  3976  4001 I Layer   : id=38470 removeFromCurrentState ActivityRecord{e5d67ca u0 com.example.dogglers/androidx.test.core.app.InstrumentationActivityInvoker$EmptyActivity t1421}#0 (102)
08-30 15:11:28.100  3976  4001 I SurfaceFlinger: id=38470 Removed ActivityRecord{e5d67ca u0 com.example.dogglers/androidx.test.core.app.InstrumentationActivityInvoker$EmptyActivity t1421}#0 (102)
08-30 15:11:28.100  4349  4913 V WindowManager: Relayout Window{b49dc7f u0 com.sec.android.app.launcher/com.sec.android.app.launcher.activities.LauncherActivity}: viewVisibility=4 req=720x1560
08-30 15:11:28.100 23627 23627 I ViewRootImpl@85195f4[InstrumentationActivityInvoker$EmptyActivity]: MSG_WINDOW_FOCUS_CHANGED 0 1
08-30 15:11:28.100 23627 23651 I TestRunner: finished: horizontal_scroll_content_at_last_position(com.example.dogglers.HorizontalListTests)
