08-30 15:11:05.094 23627 23651 I TestRunner: started: grid_list_button_is_displayed(com.example.dogglers.ButtonTests)
08-30 15:11:05.115 23627 23651 W Settings: Setting always_finish_activities has moved from android.provider.Settings.System to android.provider.Settings.Global, returning read-only value.
08-30 15:11:05.123  4032  4032 I keystore: !@ reading blob user_0/5023_USRPKEY_com+^samsung+^android+^networkdiagnostic_dbsecurekey
08-30 15:11:05.130  4032  4032 I keystore: !@ Start - USRPKEY_com.samsung.android.networkdiagnostic_dbsecurekey from uid 5023 for uid 5023, isKnoxKey(0)
08-30 15:11:05.130  4032  4032 I keystore: !@ reading blob user_0/5023_USRPKEY_com+^samsung+^android+^networkdiagnostic_dbsecurekey
08-30 15:11:05.132  3832  3832 W keymaster_tee: [WRN]begin req PARAMS: A32 B2 P64
08-30 15:11:05.155  4349  5520 I SemDvfsHyPerManager: acquire hyper - AMS_APP_SWITCH/4349@20, type = -999
08-30 15:11:05.156  3927  3954 I HYPER-HAL: [RequestManager.cpp]acquire(): Acquired ID : 9546285  [4349 / 20]    HINT : AMS_APP_SWITCH    list :
08-30 15:11:05.157  3927  3954 E HYPER-HAL: [HandlerSysfs.cpp]doResourceHandling(): Couldn't Open Sysfs - /sys/power/cstate_control
08-30 15:11:05.157  3927  3954 I HYPER-HAL: [ResourceManager.cpp]updateResource(): [CPUMinFreq] UpdateResource Request ID : 9546285    Value : 1768000
08-30 15:11:05.158  3976  4318 I SurfaceFlinger: id=37913 createSurf (0x0),-1 flag=24004, Task=1408#0
08-30 15:11:05.162  3976  4318 I SurfaceFlinger: id=37914 createSurf (0x0),-1 flag=80004, ActivityRecord{7ee246e u0 com.example.dogglers/androidx.test.core.app.InstrumentationActivityInvoker$BootstrapActivity t1408}#0
08-30 15:11:05.166  3881  3886 E statsd  : Predicate -7037417284711607308 dropping data for dimension key (10)0x2010101->5023[I] (10)0x30000->*job*/com.samsung.android.networkdiagnostic/.core.background.cp.CellHistoryIntentService[S]
08-30 15:11:05.166  4349  5464 V WindowOrientationListener: getProposedRotation: -1
08-30 15:11:05.168  3881  3886 E statsd  : Predicate -7037417284711607308 dropping data for dimension key (10)0x2010101->10429[I] (10)0x30000->*launch*[S]
08-30 15:11:05.170  4349  5464 I SemDvfsHyPerManager: acquire hyper - AMS_APP_LAUNCH/4349@17, type = -999
08-30 15:11:05.170  3927  3954 I HYPER-HAL: [RequestManager.cpp]acquire(): Acquired ID : 9533178  [4349 / 17]    HINT : AMS_APP_LAUNCH    list :
08-30 15:11:05.172  3927  3954 E HYPER-HAL: [HandlerSysfs.cpp]doResourceHandling(): Couldn't Open Sysfs - /sys/power/cstate_control
08-30 15:11:05.172  3927  3954 I HYPER-HAL: [ResourceManager.cpp]updateResource(): [CPUMinFreq] UpdateResource Request ID : 9533178    Value : 1768000
08-30 15:11:05.174  5135  5135 I DragController: endDrag
08-30 15:11:05.175  5135  5135 I SPayUpdater: updateSpayHandler launcher activity is paused false
08-30 15:11:05.176  4349  7427 D SecContentProvider: query(), uri = 17 selection = isSettingsChangesAllowed
08-30 15:11:05.180  4349  5464 V WindowOrientationListener: getProposedRotation: -1
08-30 15:11:05.181  4349  5464 V WindowOrientationListener: getProposedRotation: -1
08-30 15:11:05.184  4349  5464 V WindowOrientationListener: getProposedRotation: -1
08-30 15:11:05.186  4349  5464 D InputDispatcher: Focused application set to (0): 7ee246e
08-30 15:11:05.189 23653 23683 I [ND]CellHistoryIntentService: AsyncTask #1 | onHandleWork
08-30 15:11:05.192  4349  4496 I SemPersonaManager: SecureFolder personaId = 150
08-30 15:11:05.253  4349  5464 V WindowManager: Relayout Window{b49dc7f u0 com.sec.android.app.launcher/com.sec.android.app.launcher.activities.LauncherActivity}: viewVisibility=0 req=720x1560
08-30 15:11:05.260  4349  5464 V WindowManager: Relayout hash=b49dc7f, pid=5135: mAttrs={(0,0)(fillxfill) sim={adjust=nothing} layoutInDisplayCutoutMode=shortEdges ty=BASE_APPLICATION fmt=TRANSPARENT wanim=0x10302f2
08-30 15:11:05.260  4349  5464 V WindowManager:   fl=81910100
08-30 15:11:05.260  4349  5464 V WindowManager:   pfl=16020000
08-30 15:11:05.260  4349  5464 V WindowManager:   vsysui=1700
08-30 15:11:05.260  4349  5464 V WindowManager:   bhv=SHOW_TRANSIENT_BARS_BY_SWIPE
08-30 15:11:05.260  4349  5464 V WindowManager:   fitSides= naviIconColor=0}
08-30 15:11:05.261  4349  5464 I SurfaceControl: nativeRelease nativeObject s[478079923456]
08-30 15:11:05.261  4349  5464 I SurfaceControl: nativeRelease nativeObject e[478079923456]
08-30 15:11:05.262  5135  5135 I SurfaceControl: nativeRelease nativeObject s[478247339296]
08-30 15:11:05.262  5135  5135 I SurfaceControl: nativeRelease nativeObject e[478247339296]
08-30 15:11:05.263  5135  5135 I SurfaceControl: assignNativeObject: nativeObject = 0 Surface(name=null)/@0xe42a745 / android.view.SurfaceControl.readFromParcel:1117 android.view.IWindowSession$Stub$Proxy.relayout:1836 android.view.ViewRootImpl.relayoutWindow:9005 android.view.ViewRootImpl.performTraversals:3360 android.view.ViewRootImpl.doTraversal:2618 android.view.ViewRootImpl$TraversalRunnable.run:9971 android.view.Choreographer$CallbackRecord.run:1010 android.view.Choreographer.doCallbacks:809 android.view.Choreographer.doFrame:744 android.view.Choreographer$FrameDisplayEventReceiver.run:995
08-30 15:11:05.263  5135  5135 I SurfaceControl: nativeRelease nativeObject s[477998351200]
08-30 15:11:05.263  5135  5135 I SurfaceControl: nativeRelease nativeObject e[477998351200]
08-30 15:11:05.263  5135  5135 I SurfaceControl: nativeRelease nativeObject s[478247329888]
08-30 15:11:05.263  5135  5135 I SurfaceControl: nativeRelease nativeObject e[478247329888]
08-30 15:11:05.263  5135  5135 I SurfaceControl: nativeRelease nativeObject s[478247332096]
08-30 15:11:05.263  5135  5135 I SurfaceControl: nativeRelease nativeObject e[478247332096]
08-30 15:11:05.264  5135  5135 I ViewRootImpl@fbf3973[LauncherActivity]: Relayout returned: old=(0,0,720,1560) new=(0,0,720,1560) req=(720,1560)0 dur=11 res=0x1 s={true 476610932736} ch=false fn=8
08-30 15:11:05.265  4349  4369 D SehCodecSolutionService: Update top [com.example.dogglers]
08-30 15:11:05.266  4349  4372 D InputTransport: Input channel constructed: '56aa4b5', fd=444
08-30 15:11:05.267  4349  4372 D InputTransport: Input channel constructed: '56aa4b5', fd=471
08-30 15:11:05.267  3976  6075 I SurfaceFlinger: id=37915 createSurf (0x0),-1 flag=80004, 56aa4b5 Splash Screen com.example.dogglers#0
08-30 15:11:05.268 13855 13915 I Rubin   : [72465] LoggingEventHelper.notifyUpdatedWithValue(LoggingEventHelper.java:58) : Notify AppUsageLogger's database is updated.
08-30 15:11:05.271  4349  4372 I ViewRootImpl@189c8ec[dogglers]: setView = com.android.internal.policy.DecorView@83886bb TM=true
08-30 15:11:05.273  4349  4586 D PkgPredictorService: com.example.dogglers go to foreground!
08-30 15:11:05.273  4349  4586 E PkgPredictorService-Collector: record changed bt=0  wifi=1 screen=0
08-30 15:11:05.274  4349  4586 D PkgPredictorService: previous pkgs: com.example.dogglers,com.example.dogglers,com.instagram.android running pkg: com.example.dogglers, uid: 0 is system: false
08-30 15:11:05.277  4349  4586 D PkgPredictorService-Collector: save record...
08-30 15:11:05.277  4349  4586 D PkgPredictorService-Collector:  (hour:15 day:4 previous:[com.example.dogglers, com.example.dogglers, com.instagram.android] activityName:unknown running:com.example.dogglers userId:0 screenOrientation:0 wifi:1 bt:0 predictTime:8 apkVersion:1.0 consumeTime:-1 preloaded:false>)
08-30 15:11:05.277  4349  4586 D PkgPredictorService-NapPreloadController: User using: com.example.dogglers
08-30 15:11:05.277  4349  4586 I PkgPredictorService-NapClassifier: RF predict version:1693350305206
08-30 15:11:05.278  4349  4577 I System.out: (HTTPLog)-Static: isSBSettingEnabled false
08-30 15:11:05.279  4349  4577 I System.out: (HTTPLog)-Static: isSBSettingEnabled false
08-30 15:11:05.279  4349  4586 D PkgPredictorService-NapClassifier: Predict result: 207.0,202.0,203.0, - [0_&_org.telegram.messenger, 0_&_com.instagram.android, 0_&_com.zhiliaoapp.musically]
08-30 15:11:05.279 13855 13915 I Rubin   : [72465] ExercisingWithCmhMonitor.isSatisfiedByCmh(ExercisingWithCmhMonitor.java:119) : isSatisfiedByCmh is false
08-30 15:11:05.281  3882  3907 E Netd    : getNetworkForDns: getNetId from enterpriseCtrl is netid 0
08-30 15:11:05.284  4349  5464 D NetdEventListenerService: DNS Requested by : 732, 1000
08-30 15:11:05.285  4349  4371 I SemPersonaManager: SecureFolder personaId = 150
08-30 15:11:05.286 23627 23627 D LifecycleMonitor: Lifecycle status change: androidx.test.core.app.InstrumentationActivityInvoker$BootstrapActivity@7b5606 in: PRE_ON_CREATE
08-30 15:11:05.287 23627 23627 V ActivityScenario: Activity lifecycle changed event received but ignored because the intent does not match. startActivityIntent=Intent { act=android.intent.action.MAIN cat=[android.intent.category.LAUNCHER] cmp=com.example.dogglers/.MainActivity }, activity.getIntent()=Intent { act=android.intent.action.MAIN cat=[android.intent.category.LAUNCHER] flg=0x10008000 cmp=com.example.dogglers/androidx.test.core.app.InstrumentationActivityInvoker$BootstrapActivity (has extras) }, activity=androidx.test.core.app.InstrumentationActivityInvoker$BootstrapActivity@7b5606
08-30 15:11:05.288  4349  4372 V WindowManager: Relayout Window{56aa4b5 u0 Splash Screen com.example.dogglers}: viewVisibility=0 req=720x1560
08-30 15:11:05.291  3882  3914 E Netd    : getNetworkForDns: getNetId from enterpriseCtrl is netid 0
08-30 15:11:05.292  4349  4372 D WindowManager: isScreenshotDisabledLocked - win: Window{56aa4b5 u0 Splash Screen com.example.dogglers}
08-30 15:11:05.292  4349  4372 D WindowManager: isScreenshotDisabledLocked: userId = 0, disabled =false
08-30 15:11:05.292  3976  6075 I SurfaceFlinger: id=37916 createSurf (720x1560),1 flag=404, Splash Screen com.example.dogglers#0
08-30 15:11:05.294  4349  4372 V WindowManager: Relayout hash=56aa4b5, pid=4349: mAttrs={(0,0)(fillxfill) sim={adjust=pan} layoutInDisplayCutoutMode=shortEdges ty=APPLICATION_STARTING wanim=0x1030001
08-30 15:11:05.294  4349  4372 V WindowManager:   fl=1830118
08-30 15:11:05.294  4349  4372 V WindowManager:   pfl=12020011
08-30 15:11:05.294  4349  4372 V WindowManager:   fitSides= naviIconColor=0}
08-30 15:11:05.296  4349  4372 I ViewRootImpl@189c8ec[dogglers]: Relayout returned: old=(0,0,720,1560) new=(0,0,720,1560) req=(720,1560)0 dur=7 res=0x7 s={true 476020408320} ch=true fn=-1
08-30 15:11:05.297  4349  4372 I ViewRootImpl@189c8ec[dogglers]: [DP] dp(1) 1 android.view.ViewRootImpl.reportNextDraw:10957 android.view.ViewRootImpl.performTraversals:3845 android.view.ViewRootImpl.doTraversal:2618
08-30 15:11:05.298  3899 10978 D gralloc : [mali_gralloc_allocate] begin
08-30 15:11:05.298  3899 10978 D gralloc : buffer_descriptor: wh(720 1560) usage_pc(0x966 0x906) hal_format(0x1) layer_count(1) sizes(0 0 0) strde(0) byte_stride(0) alloc_wh(0 0) internal_format(0x0) alloc_format(0x0) fd_count(1) plane_count(0)
08-30 15:11:05.301  3899 10978 D gralloc : [mali_gralloc_allocate] allocation successful
08-30 15:11:05.309  4349  6800 I InputDispatcher: Focus left window (5135): b49dc7f in display 0 0
08-30 15:11:05.310  5135  5135 I ViewRootImpl@fbf3973[LauncherActivity]: MSG_WINDOW_FOCUS_CHANGED 0 1
08-30 15:11:05.311  4349  4372 I ViewRootImpl@189c8ec[dogglers]: [DP] pdf(0) 1 android.view.ViewRootImpl.performDraw:4809 android.view.ViewRootImpl.performTraversals:3866 android.view.ViewRootImpl.doTraversal:2618
08-30 15:11:05.311  4349  4372 I ViewRootImpl@189c8ec[dogglers]: [DP] rdf()
08-30 15:11:05.316  3976  6075 I SurfaceFlinger: id=37917 createSurf (0x0),-1 flag=24000, Surface(name=Task=1)/@0x4660384 - animation-leash#0
08-30 15:11:05.320  3976  6075 I SurfaceFlinger: id=37918 createSurf (0x0),-1 flag=24004, Surface(name=Task=1408)/@0x8d19708 - animation-leash#0
08-30 15:11:05.323  4349  4372 I SurfaceControl: nativeRelease nativeObject s[476017198208]
08-30 15:11:05.323  4349  4372 I SurfaceControl: nativeRelease nativeObject e[476017198208]
08-30 15:11:05.324 14146 14146 I TrayStateController: systemUiVisibilityChanged : 2 0
08-30 15:11:05.324  3976  6075 I SurfaceFlinger: id=37919 createSurf (0x0),-1 flag=24000, Surface(name=1096c8d StatusBar)/@0xeaf4dd0 - animation-leash#1
08-30 15:11:05.326  4349  4372 I SurfaceControl: nativeRelease nativeObject s[476017198304]
08-30 15:11:05.326  4349  4372 I SurfaceControl: nativeRelease nativeObject e[476017198304]
08-30 15:11:05.326  3976  4318 I SurfaceFlinger: id=37920 createSurf (0x0),-1 flag=24000, Surface(name=b07ecc5 NavigationBar0)/@0xa8376fc - animation-leash#0
08-30 15:11:05.328  3976  6075 I Layer   : id=37909 removeFromCurrentState Surface(name=1096c8d StatusBar)/@0xeaf4dd0 - animation-leash#0 (84)
08-30 15:11:05.328  3976  6075 I Layer   : id=37910 removeFromCurrentState Surface(name=b07ecc5 NavigationBar0)/@0xa8376fc - animation-leash#1 (84)
08-30 15:11:05.330  5135  5135 I SurfaceControl: nativeRelease nativeObject s[478169919552]
08-30 15:11:05.330  5135  5135 I SurfaceControl: nativeRelease nativeObject e[478169919552]
08-30 15:11:05.330  5135  5135 I SurfaceControl: nativeRelease nativeObject s[478169918304]
08-30 15:11:05.330  5135  5135 I SurfaceControl: nativeRelease nativeObject e[478169918304]
08-30 15:11:05.330  5135  5135 I SurfaceControl: nativeRelease nativeObject s[478247339296]
08-30 15:11:05.331  5135  5135 I SurfaceControl: nativeRelease nativeObject e[478247339296]
08-30 15:11:05.357  4349  4371 D EnterpriseDeviceManagerService: isMdmAdminPresentInternal() : MDM Admin Found - com.samsung.knox.securefolder
08-30 15:11:05.364  3976  3976 D SurfaceFlinger: Display 0 HWC layers:
08-30 15:11:05.364  3976  3976 D SurfaceFlinger:      DEVICE | 0x74d157f780 | 0002 | RGBA_1010102 |   40.0    0.0  760.0 1560.0 |    0    0  720 1560 | com.android.systemui.ImageWallpaper$_4708#0
08-30 15:11:05.364  3976  3976 D SurfaceFlinger:      DEVICE | 0x75743a7ec0 | 0000 | RGBA_8888    |    0.0    0.0  720.0 1560.0 |    0    0  720 1560 | com.sec.android.app.launcher/com.sec[...].activities.LauncherActivity$_5135#0
08-30 15:11:05.364  3976  3976 D SurfaceFlinger:      DEVICE | 0x75743a5800 | 0002 | RGBA_8888    |    0.0    0.0  720.0 1560.0 |   45   97  675 1463 | Splash Screen com.example.dogglers#0
08-30 15:11:05.364  3976  3976 D SurfaceFlinger:      DEVICE | 0x74f0414e40 | 0000 | RGBA_8888    |    0.0    0.0  720.0   53.0 |    0    0  720   53 | StatusBar$_4708#0
08-30 15:11:05.364  3976  3976 D SurfaceFlinger:      DEVICE | 0x74d157fa00 | 0000 | RGBA_8888    |    0.0    0.0   67.0  232.0 |  653  151  720  383 | com.samsung.android.app.cocktailbars[...]rservice.CocktailBarService$_14146#0
08-30 15:11:05.364  3976  3976 D SurfaceFlinger:      DEVICE | 0x75743a7380 | 0000 | RGBA_8888    |    0.0    0.0  720.0   84.0 |    0 1476  720 1560 | NavigationBar0$_4708#0
08-30 15:11:05.364  3976  3976 D SurfaceFlinger:      DEVICE | 0x74f0413e00 | 0000 | RGBA_8888    |    0.0    0.0  720.0  101.0 |    0    0  720  101 | Sc
08-30 15:11:05.364  3976  3976 D SurfaceFlinger: reenDecorOverlay$_4708#0
08-30 15:11:05.364  3976  3976 D SurfaceFlinger:      DEVICE | 0x75743a7b00 | 0000 | RGBA_8888    |    0.0    0.0  720.0  101.0 |    0 1459  720 1560 | ScreenDecorOverlayBottom$_4708#0
08-30 15:11:05.364  3976  3976 D SurfaceFlinger:
08-30 15:11:05.373 14146 14146 I TrayStateController: systemUiVisibilityChanged : 0 0
08-30 15:11:05.458 23627 23627 I DecorView: [INFO] isPopOver=false, config=true
08-30 15:11:05.459 23627 23627 I DecorView: updateCaptionType >> DecorView@666cc92[], isFloating=false, isApplication=true, hasWindowDecorCaption=false, hasWindowControllerCallback=true
08-30 15:11:05.459 23627 23627 D DecorView: setCaptionType = 0, this = DecorView@666cc92[]
08-30 15:11:05.475 23627 23627 D LifecycleMonitor: Lifecycle status change: androidx.test.core.app.InstrumentationActivityInvoker$BootstrapActivity@7b5606 in: CREATED
08-30 15:11:05.476 23627 23627 V ActivityScenario: Activity lifecycle changed event received but ignored because the intent does not match. startActivityIntent=Intent { act=android.intent.action.MAIN cat=[android.intent.category.LAUNCHER] cmp=com.example.dogglers/.MainActivity }, activity.getIntent()=Intent { act=android.intent.action.MAIN cat=[android.intent.category.LAUNCHER] flg=0x10008000 cmp=com.example.dogglers/androidx.test.core.app.InstrumentationActivityInvoker$BootstrapActivity (has extras) }, activity=androidx.test.core.app.InstrumentationActivityInvoker$BootstrapActivity@7b5606
08-30 15:11:05.481 23627 23627 D LifecycleMonitor: Lifecycle status change: androidx.test.core.app.InstrumentationActivityInvoker$BootstrapActivity@7b5606 in: STARTED
08-30 15:11:05.482 23627 23627 V ActivityScenario: Activity lifecycle changed event received but ignored because the intent does not match. startActivityIntent=Intent { act=android.intent.action.MAIN cat=[android.intent.category.LAUNCHER] cmp=com.example.dogglers/.MainActivity }, activity.getIntent()=Intent { act=android.intent.action.MAIN cat=[android.intent.category.LAUNCHER] flg=0x10008000 cmp=com.example.dogglers/androidx.test.core.app.InstrumentationActivityInvoker$BootstrapActivity (has extras) }, activity=androidx.test.core.app.InstrumentationActivityInvoker$BootstrapActivity@7b5606
08-30 15:11:05.496  3976  4318 I SurfaceFlinger: id=37921 createSurf (0x0),-1 flag=80004, ActivityRecord{192906f u0 com.example.dogglers/.MainActivity t1408}#0
08-30 15:11:05.499 23653 23683 I [ND]CellHistoryIntentService: AsyncTask #1 | onComplete
08-30 15:11:05.500  3881  3886 E statsd  : Predicate -7037417284711607308 dropping data for dimension key (10)0x2010101->5023[I] (10)0x30000->*job*/com.samsung.android.networkdiagnostic/.core.background.cp.CellHistoryIntentService[S]
08-30 15:11:05.507  4349  4372 I ViewRootImpl@189c8ec[dogglers]: MSG_RESIZED_REPORT: frame=(0,0,720,1560) ci=(0,53,0,0) vi=(0,53,0,0) or=1
08-30 15:11:05.507  4349  4372 I ViewRootImpl@189c8ec[dogglers]: [DP] dp(1) 1 android.view.ViewRootImpl.reportNextDraw:10957 android.view.ViewRootImpl.access$1200:256 android.view.ViewRootImpl$ViewRootHandler.handleMessage:6101
08-30 15:11:05.508 23627 23627 D LifecycleMonitor: Lifecycle status change: androidx.test.core.app.InstrumentationActivityInvoker$BootstrapActivity@7b5606 in: RESUMED
08-30 15:11:05.509 23627 23627 V ActivityScenario: Activity lifecycle changed event received but ignored because the intent does not match. startActivityIntent=Intent { act=android.intent.action.MAIN cat=[android.intent.category.LAUNCHER] cmp=com.example.dogglers/.MainActivity }, activity.getIntent()=Intent { act=android.intent.action.MAIN cat=[android.intent.category.LAUNCHER] flg=0x10008000 cmp=com.example.dogglers/androidx.test.core.app.InstrumentationActivityInvoker$BootstrapActivity (has extras) }, activity=androidx.test.core.app.InstrumentationActivityInvoker$BootstrapActivity@7b5606
08-30 15:11:05.516 23627 23627 D LifecycleMonitor: Lifecycle status change: androidx.test.core.app.InstrumentationActivityInvoker$BootstrapActivity@7b5606 in: PAUSED
08-30 15:11:05.516 23627 23627 V ActivityScenario: Activity lifecycle changed event received but ignored because the intent does not match. startActivityIntent=Intent { act=android.intent.action.MAIN cat=[android.intent.category.LAUNCHER] cmp=com.example.dogglers/.MainActivity }, activity.getIntent()=Intent { act=android.intent.action.MAIN cat=[android.intent.category.LAUNCHER] flg=0x10008000 cmp=com.example.dogglers/androidx.test.core.app.InstrumentationActivityInvoker$BootstrapActivity (has extras) }, activity=androidx.test.core.app.InstrumentationActivityInvoker$BootstrapActivity@7b5606
08-30 15:11:05.520  4349  5464 V WindowOrientationListener: getProposedRotation: -1
08-30 15:11:05.523  4349  5464 D InputDispatcher: Focused application set to (0): 192906f
08-30 15:11:05.530  4349  4372 V WindowManager: Relayout Window{56aa4b5 u0 Splash Screen com.example.dogglers}: viewVisibility=0 req=720x1560
08-30 15:11:05.533  4349  4372 I SurfaceControl: nativeRelease nativeObject s[478247329792]
08-30 15:11:05.533  4349  4372 I SurfaceControl: nativeRelease nativeObject e[478247329792]
08-30 15:11:05.534  4349  4372 V WindowManager: Relayout hash=56aa4b5, pid=4349: mAttrs={(0,0)(fillxfill) sim={adjust=pan} layoutInDisplayCutoutMode=shortEdges ty=APPLICATION_STARTING wanim=0x1030001
08-30 15:11:05.534  4349  4372 V WindowManager:   fl=1830118
08-30 15:11:05.534  4349  4372 V WindowManager:   pfl=12020011
08-30 15:11:05.534  4349  4372 V WindowManager:   fitSides= naviIconColor=0}
08-30 15:11:05.534  4349  4372 I SurfaceControl: nativeRelease nativeObject s[476017198208]
08-30 15:11:05.535  4349  4372 I SurfaceControl: nativeRelease nativeObject e[476017198208]
08-30 15:11:05.535  4349  4372 I SurfaceControl: nativeRelease nativeObject s[476017198304]
08-30 15:11:05.535  4349  4372 I SurfaceControl: nativeRelease nativeObject e[476017198304]
08-30 15:11:05.535  4349  4372 I ViewRootImpl@189c8ec[dogglers]: Relayout returned: old=(0,0,720,1560) new=(0,0,720,1560) req=(720,1560)0 dur=10 res=0x1 s={true 476020408320} ch=false fn=2
08-30 15:11:05.535  3899 10978 D gralloc : [mali_gralloc_allocate] begin
08-30 15:11:05.535  3899 10978 D gralloc : buffer_descriptor: wh(720 1560) usage_pc(0x966 0x906) hal_format(0x1) layer_count(1) sizes(0 0 0) strde(0) byte_stride(0) alloc_wh(0 0) internal_format(0x0) alloc_format(0x0) fd_count(1) plane_count(0)
08-30 15:11:05.540  3899 10978 D gralloc : [mali_gralloc_allocate] allocation successful
08-30 15:11:05.547  4349  4372 I ViewRootImpl@189c8ec[dogglers]: [DP] pdf(0) 1 android.view.ViewRootImpl.performDraw:4809 android.view.ViewRootImpl.performTraversals:3866 android.view.ViewRootImpl.doTraversal:2618
08-30 15:11:05.547  4349  4372 I ViewRootImpl@189c8ec[dogglers]: [DP] rdf()
08-30 15:11:05.551  4349  4371 I SemPersonaManager: SecureFolder personaId = 150
08-30 15:11:05.610 23627 23627 D LifecycleMonitor: Lifecycle status change: com.example.dogglers.MainActivity@19dfc51 in: PRE_ON_CREATE
08-30 15:11:05.611 23627 23627 V ActivityScenario: Activity lifecycle changed event received but ignored because the reported transition was not ON_CREATE while the last known transition was PRE_ON_CREATE
08-30 15:11:05.625  4349  4371 D EnterpriseDeviceManagerService: isMdmAdminPresentInternal() : MDM Admin Found - com.samsung.knox.securefolder
08-30 15:11:05.659  4065  4904 I GNSS_MEMS: TGT_MEMS SCSCMemsReportSensorDrops: dropped 0 events (spam) 1 events (rate limit) out of 51 total for sensor 0 since last report
08-30 15:11:05.664  3976  3976 D SurfaceFlinger: Display 0 HWC layers:
08-30 15:11:05.664  3976  3976 D SurfaceFlinger:      DEVICE | 0x75743a4f40 | 0002 | RGBA_8888    |    0.0    0.0  720.0 1560.0 |    0    0  720 1560 | Splash Screen com.example.dogglers#0
08-30 15:11:05.664  3976  3976 D SurfaceFlinger:      DEVICE | 0x74f0414e40 | 0000 | RGBA_8888    |    0.0    0.0  720.0   53.0 |    0    0  720   53 | StatusBar$_4708#0
08-30 15:11:05.664  3976  3976 D SurfaceFlinger:      DEVICE | 0x74d157fa00 | 0000 | RGBA_8888    |    0.0    0.0   67.0  232.0 |  653  151  720  383 | com.samsung.android.app.cocktailbars[...]rservice.CocktailBarService$_14146#0
08-30 15:11:05.664  3976  3976 D SurfaceFlinger:      DEVICE | 0x75743a7380 | 0000 | RGBA_8888    |    0.0    0.0  720.0   84.0 |    0 1476  720 1560 | NavigationBar0$_4708#0
08-30 15:11:05.664  3976  3976 D SurfaceFlinger:      DEVICE | 0x74f0413e00 | 0000 | RGBA_8888    |    0.0    0.0  720.0  101.0 |    0    0  720  101 | ScreenDecorOverlay$_4708#0
08-30 15:11:05.664  3976  3976 D SurfaceFlinger:      DEVICE | 0x75743a7b00 | 0000 | RGBA_8888    |    0.0    0.0  720.0  101.0 |    0 1459  720 1560 | ScreenDecorOverlayBottom$_4708#0
08-30 15:11:05.664  3976  3976 D SurfaceFlinger:
08-30 15:11:05.674  4349  4372 I SurfaceControl: nativeRelease nativeObject s[476023402272]
08-30 15:11:05.674  4349  4372 I SurfaceControl: nativeRelease nativeObject e[476023402272]
08-30 15:11:05.677  4708 10042 D WallpaperService: dispatchAppVisibility onVisibilityChanged(): false
08-30 15:11:05.677  4708  4708 D WallpaperService: reportVisibility onVisibilityChanged visible: false
08-30 15:11:05.678  4708  4907 I ImageWallpaper:  onVisibilityChanged false , 0
08-30 15:11:05.679  3976  4318 I Layer   : id=37917 removeFromCurrentState Surface(name=Task=1)/@0x4660384 - animation-leash#0 (85)
08-30 15:11:05.680  3976  4318 I SurfaceFlinger: id=37917 Removed Surface(name=Task=1)/@0x4660384 - animation-leash#0 (85)
08-30 15:11:05.680  4349  4372 I SurfaceControl: nativeRelease nativeObject s[476016219296]
08-30 15:11:05.680  4349  4372 I SurfaceControl: nativeRelease nativeObject e[476016219296]
08-30 15:11:05.683  3976  4318 I Layer   : id=37918 removeFromCurrentState Surface(name=Task=1408)/@0x8d19708 - animation-leash#0 (85)
08-30 15:11:05.683  3976  4318 I SurfaceFlinger: id=37918 Removed Surface(name=Task=1408)/@0x8d19708 - animation-leash#0 (85)
08-30 15:11:05.687 12736 12736 I dnxg    : onPause
08-30 15:11:05.691  3976  3976 I Layer   : id=37917[1] Destroyed Surface(name=Task=1)/@0x4660384 - animation-leash#0
08-30 15:11:05.691  3976  3976 I Layer   : id=37918[1] Destroyed Surface(name=Task=1408)/@0x8d19708 - animation-leash#0
08-30 15:11:05.695  3976  4002 E BufferQueueProducer: [com.sec.android.app.launcher/com.sec.android.app.launcher.activities.LauncherActivity$_5135#0](id:f8800003394,api:0,p:-1,c:3976) disconnect: not connected (req=1)
08-30 15:11:05.695  5135  7074 W libEGL  : EGLNativeWindowType 0x6ef839b010 disconnect failed
08-30 15:11:05.697  4349  6779 V WindowManager: Relayout Window{b49dc7f u0 com.sec.android.app.launcher/com.sec.android.app.launcher.activities.LauncherActivity}: viewVisibility=8 req=720x1560
08-30 15:11:05.700  4349  6779 V WindowManager: Relayout hash=b49dc7f, pid=5135: mAttrs={(0,0)(fillxfill) sim={adjust=nothing} layoutInDisplayCutoutMode=shortEdges ty=BASE_APPLICATION fmt=TRANSPARENT wanim=0x10302f2
08-30 15:11:05.700  4349  6779 V WindowManager:   fl=81910100
08-30 15:11:05.700  4349  6779 V WindowManager:   pfl=16020000
08-30 15:11:05.700  4349  6779 V WindowManager:   vsysui=1700
08-30 15:11:05.700  4349  6779 V WindowManager:   bhv=SHOW_TRANSIENT_BARS_BY_SWIPE
08-30 15:11:05.700  4349  6779 V WindowManager:   fitSides= naviIconColor=0}
08-30 15:11:05.701  5135  5135 I SurfaceControl: nativeRelease nativeObject s[478169917824]
08-30 15:11:05.701  5135  5135 I SurfaceControl: nativeRelease nativeObject e[478169917824]
08-30 15:11:05.701  5135  5135 I SurfaceControl: assignNativeObject: nativeObject = 0 Surface(name=null)/@0xd6fa7c2 / android.view.SurfaceControl.readFromParcel:1117 android.view.IWindowSession$Stub$Proxy.relayout:1826 android.view.ViewRootImpl.relayoutWindow:9005 android.view.ViewRootImpl.performTraversals:3360 android.view.ViewRootImpl.doTraversal:2618 android.view.ViewRootImpl$TraversalRunnable.run:9971 android.view.Choreographer$CallbackRecord.run:1010 android.view.Choreographer.doCallbacks:809 android.view.Choreographer.doFrame:744 android.view.Choreographer$FrameDisplayEventReceiver.run:995
08-30 15:11:05.702  5135  5135 I SurfaceControl: assignNativeObject: nativeObject = 0 Surface(name=null)/@0xe42a745 / android.view.SurfaceControl.readFromParcel:1117 android.view.IWindowSession$Stub$Proxy.relayout:1836 android.view.ViewRootImpl.relayoutWindow:9005 android.view.ViewRootImpl.performTraversals:3360 android.view.ViewRootImpl.doTraversal:2618 android.view.ViewRootImpl$TraversalRunnable.run:9971 android.view.Choreographer$CallbackRecord.run:1010 android.view.Choreographer.doCallbacks:809 android.view.Choreographer.doFrame:744 android.view.Choreographer$FrameDisplayEventReceiver.run:995
08-30 15:11:05.703  5135  5135 I SurfaceControl: nativeRelease nativeObject s[477998353408]
08-30 15:11:05.703  5135  5135 I SurfaceControl: nativeRelease nativeObject e[477998353408]
08-30 15:11:05.703  5135  5135 I ViewRootImpl@fbf3973[LauncherActivity]: Relayout returned: old=(0,0,720,1560) new=(0,0,720,1560) req=(720,1560)8 dur=6 res=0x5 s={false 0} ch=true fn=9
08-30 15:11:05.732  4349  6800 D WifiNl80211Manager: Scan result ready event
08-30 15:11:05.732  4349  6800 D WifiNative: Scan result ready event
08-30 15:11:05.734  4349  4368 I EthernetTracker: interfaceLinkStateChanged, iface: wlan0, up: true
08-30 15:11:05.734  4922 10553 D NetlinkTracker/wlan0: interfaceLinkStateChanged: wlan0 up
08-30 15:11:05.807 23627 23627 I DecorView: [INFO] isPopOver=false, config=true
08-30 15:11:05.807 23627 23627 I DecorView: updateCaptionType >> DecorView@988f57[], isFloating=false, isApplication=true, hasWindowDecorCaption=false, hasWindowControllerCallback=true
08-30 15:11:05.807 23627 23627 D DecorView: setCaptionType = 0, this = DecorView@988f57[]
08-30 15:11:05.859  4349  4577 W SemWifiTransportLayerUtils: getApplicationCategory - IOException com.example.dogglers
08-30 15:11:05.859  4349  4577 W System.err: java.io.FileNotFoundException: https://play.google.com/store/apps/details?id=com.example.dogglers&hl=en
08-30 15:11:05.859  4349  4577 W System.err: 	at com.android.okhttp.internal.huc.HttpURLConnectionImpl.getInputStream(HttpURLConnectionImpl.java:255)
08-30 15:11:05.859  4349  4577 W System.err: 	at com.android.okhttp.internal.huc.DelegatingHttpsURLConnection.getInputStream(DelegatingHttpsURLConnection.java:211)
08-30 15:11:05.860  4349  4577 W System.err: 	at com.android.okhttp.internal.huc.HttpsURLConnectionImpl.getInputStream(HttpsURLConnectionImpl.java:30)
08-30 15:11:05.860  4349  4577 W System.err: 	at com.samsung.android.server.wifi.tcp.SemWifiTransportLayerUtils.getApplicationCategory(SemWifiTransportLayerUtils.java:103)
08-30 15:11:05.860  4349  4577 W System.err: 	at com.samsung.android.server.wifi.tcp.SemWifiTransportLayerMonitor$TcpMonitorHandler.handleMessage(SemWifiTransportLayerMonitor.java:242)
08-30 15:11:05.860  4349  4577 W System.err: 	at android.os.Handler.dispatchMessage(Handler.java:106)
08-30 15:11:05.860  4349  4577 W System.err: 	at android.os.Looper.loop(Looper.java:246)
08-30 15:11:05.860  4349  4577 W System.err: 	at android.os.HandlerThread.run(HandlerThread.java:67)
08-30 15:11:05.860  4349  4577 D SemWifiTransportLayerMonitor.TcpMonitorHandler: MSG_SAVE_PACKAGE_INFO
08-30 15:11:05.861  4349  4577 D SemWifiTransportLayerFileManager: saveWifiPackageInfoToFile
08-30 15:11:05.861  4349  4577 D SemWifiTransportLayerFileManager: writeWifiPackageInfoList
08-30 15:11:05.872  8169  8565 W SQLiteConnectionPool: The connection pool for database '+data+user+0+com_microsoft_appmanager+databases+AriaStorage_db' has been unable to grant a connection to thread 537 (Aria-Stats-thread-1) with flags 0x2 for 270329.03 seconds.
08-30 15:11:05.872  8169  8565 W SQLiteConnectionPool: Connections: 0 active, 1 idle, 0 available.
08-30 15:11:05.874 23627 23627 W xample.doggler: Accessing hidden method Landroid/view/View;->computeFitSystemWindows(Landroid/graphics/Rect;Landroid/graphics/Rect;)Z (greylist, reflection, allowed)
08-30 15:11:05.877 23627 23627 W xample.doggler: Accessing hidden method Landroid/view/ViewGroup;->makeOptionalFitsSystemWindows()V (greylist, reflection, allowed)
08-30 15:11:05.891 23627 23627 D LifecycleMonitor: Lifecycle status change: com.example.dogglers.MainActivity@19dfc51 in: CREATED
08-30 15:11:05.892 23627 23627 V ActivityScenario: Update currentActivityStage to CREATED, currentActivity=com.example.dogglers.MainActivity@19dfc51
08-30 15:11:05.897 23627 23627 D LifecycleMonitor: Lifecycle status change: com.example.dogglers.MainActivity@19dfc51 in: STARTED
08-30 15:11:05.897 23627 23627 V ActivityScenario: Update currentActivityStage to STARTED, currentActivity=com.example.dogglers.MainActivity@19dfc51
08-30 15:11:05.900 23627 23627 D LifecycleMonitor: Lifecycle status change: com.example.dogglers.MainActivity@19dfc51 in: RESUMED
08-30 15:11:05.900 23627 23627 V ActivityScenario: Update currentActivityStage to RESUMED, currentActivity=com.example.dogglers.MainActivity@19dfc51
08-30 15:11:05.930  4349  4468 D InputTransport: Input channel constructed: 'bdfa9f3', fd=714
08-30 15:11:05.930  4349  4468 D InputTransport: Input channel constructed: 'bdfa9f3', fd=715
08-30 15:11:05.931  3976  4002 I SurfaceFlinger: id=37922 createSurf (0x0),-1 flag=80004, bdfa9f3 com.example.dogglers/com.example.dogglers.MainActivity#0
08-30 15:11:05.932  4349  4468 D WindowManager: isScreenshotDisabledLocked - win: Window{bdfa9f3 u0 com.example.dogglers/com.example.dogglers.MainActivity}
08-30 15:11:05.932  4349  4468 D WindowManager: isScreenshotDisabledLocked: userId = 0, disabled =false
08-30 15:11:05.932  4349  4468 D InputTransport: Input channel destroyed: 'bdfa9f3', fd=715
08-30 15:11:05.933 23627 23627 D InputTransport: Input channel constructed: 'bdfa9f3', fd=81
08-30 15:11:05.935 23627 23651 D EventInjectionStrategy: Creating injection strategy with input manager.
08-30 15:11:05.936 23627 23651 W xample.doggler: Accessing hidden method Landroid/hardware/input/InputManager;->getInstance()Landroid/hardware/input/InputManager; (greylist, reflection, allowed)
08-30 15:11:05.936 23627 23651 W xample.doggler: Accessing hidden method Landroid/hardware/input/InputManager;->injectInputEvent(Landroid/view/InputEvent;I)Z (greylist, reflection, allowed)
08-30 15:11:05.936 23627 23651 W xample.doggler: Accessing hidden field Landroid/hardware/input/InputManager;->INJECT_INPUT_EVENT_MODE_WAIT_FOR_FINISH:I (greylist, reflection, allowed)
08-30 15:11:05.936 14146 14146 I Utils   : isCurrentUser current = 0, ownerId = 0
08-30 15:11:05.937 14146 14146 I TrayVisibilityController: getComputedTrayVisible : keyguardState = 1
08-30 15:11:05.937 14146 14146 I TrayVisibilityController: updateTrayVisible: State=1 visible=1 mCurrentVisible=1 specificMode=0
08-30 15:11:05.937 14146 14146 I TrayStateController: onNotifyUpdateTray: 0 to need to visible? true
08-30 15:11:05.938 23627 23627 I ViewRootImpl@c49555e[MainActivity]: setView = com.android.internal.policy.DecorView@988f57 TM=true
08-30 15:11:05.979  4349  4468 V WindowManager: Relayout Window{bdfa9f3 u0 com.example.dogglers/com.example.dogglers.MainActivity}: viewVisibility=0 req=720x1560
08-30 15:11:05.981  4349  4468 D WindowManager: isScreenshotDisabledLocked - win: Window{bdfa9f3 u0 com.example.dogglers/com.example.dogglers.MainActivity}
08-30 15:11:05.981  4349  4468 D WindowManager: isScreenshotDisabledLocked: userId = 0, disabled =false
08-30 15:11:05.982  3976  4002 I SurfaceFlinger: id=37923 createSurf (720x1560),1 flag=404, com.example.dogglers/com.example.dogglers.MainActivity$_23627#0
08-30 15:11:05.985  4349  4468 I SurfaceControl: nativeRelease nativeObject s[476016220352]
08-30 15:11:05.985  4349  4468 I SurfaceControl: nativeRelease nativeObject e[476016220352]
08-30 15:11:05.985 14146 14146 I TrayStateController: systemUiVisibilityChanged : 0 0
08-30 15:11:05.985  3976  4318 I SurfaceFlinger: id=37924 createSurf (0x0),-1 flag=24000, Surface(name=1096c8d StatusBar)/@0xeaf4dd0 - animation-leash#0
08-30 15:11:05.986  4349  4468 I SurfaceControl: nativeRelease nativeObject s[476016220256]
08-30 15:11:05.986  4349  4468 I SurfaceControl: nativeRelease nativeObject e[476016220256]
08-30 15:11:05.986  3976  4318 I SurfaceFlinger: id=37925 createSurf (0x0),-1 flag=24000, Surface(name=b07ecc5 NavigationBar0)/@0xa8376fc - animation-leash#1
08-30 15:11:05.988  4349  4468 V WindowManager: Relayout hash=bdfa9f3, pid=23627: mAttrs={(0,0)(fillxfill) sim={adjust=pan forwardNavigation} ty=BASE_APPLICATION wanim=0x1030304
08-30 15:11:05.988  4349  4468 V WindowManager:   fl=81810100
08-30 15:11:05.988  4349  4468 V WindowManager:   pfl=12020000
08-30 15:11:05.988  4349  4468 V WindowManager:   fitSides= naviIconColor=0}
08-30 15:11:05.988  4349  4468 I SurfaceControl: nativeRelease nativeObject s[476008565568]
08-30 15:11:05.988  4349  4468 I SurfaceControl: nativeRelease nativeObject e[476008565568]
08-30 15:11:05.991 23627 23627 I SurfaceControl: assignNativeObject: nativeObject = 0 Surface(name=null)/@0x4e3d00d / android.view.SurfaceControl.readFromParcel:1117 android.view.IWindowSession$Stub$Proxy.relayout:1836 android.view.ViewRootImpl.relayoutWindow:9005 android.view.ViewRootImpl.performTraversals:3360 android.view.ViewRootImpl.doTraversal:2618 android.view.ViewRootImpl$TraversalRunnable.run:9971 android.view.Choreographer$CallbackRecord.run:1010 android.view.Choreographer.doCallbacks:809 android.view.Choreographer.doFrame:744 android.view.Choreographer$FrameDisplayEventReceiver.run:995
08-30 15:11:05.993  3976  4002 I Layer   : id=37919 removeFromCurrentState Surface(name=1096c8d StatusBar)/@0xeaf4dd0 - animation-leash#1 (87)
08-30 15:11:05.993  3976  4002 I Layer   : id=37920 removeFromCurrentState Surface(name=b07ecc5 NavigationBar0)/@0xa8376fc - animation-leash#0 (87)
08-30 15:11:05.994  4349  4372 I SurfaceControl: nativeRelease nativeObject s[476016220448]
08-30 15:11:05.994  4349  4372 I SurfaceControl: nativeRelease nativeObject e[476016220448]
08-30 15:11:05.994  4349  4372 I SurfaceControl: nativeRelease nativeObject s[478247329792]
08-30 15:11:05.994  4349  4372 I SurfaceControl: nativeRelease nativeObject e[478247329792]
08-30 15:11:05.994  3976  4318 I SurfaceFlinger: id=37920 Removed Surface(name=b07ecc5 NavigationBar0)/@0xa8376fc - animation-leash#0 (87)
08-30 15:11:05.994  3976  4318 I SurfaceFlinger: id=37919 Removed Surface(name=1096c8d StatusBar)/@0xeaf4dd0 - animation-leash#1 (87)
08-30 15:11:05.995 23627 23627 I ViewRootImpl@c49555e[MainActivity]: Relayout returned: old=(0,0,720,1560) new=(0,0,720,1560) req=(720,1560)0 dur=14 res=0x7 s={true 478079311872} ch=true fn=-1
08-30 15:11:05.999  3899 10978 D gralloc : [mali_gralloc_allocate] begin
08-30 15:11:05.999  3899 10978 D gralloc : buffer_descriptor: wh(720 1560) usage_pc(0x40000000000b00 0x40000000000b00) hal_format(0x1) layer_count(1) sizes(0 0 0) strde(0) byte_stride(0) alloc_wh(0 0) internal_format(0x0) alloc_format(0x0) fd_count(1) plane_count(0)
08-30 15:11:06.002  3899 10978 D gralloc : [mali_gralloc_allocate] allocation successful
08-30 15:11:06.003  3899 10978 D gralloc : [mali_gralloc_allocate] begin
08-30 15:11:06.003  3899 10978 D gralloc : buffer_descriptor: wh(720 1560) usage_pc(0x40000000000b00 0x40000000000b00) hal_format(0x1) layer_count(1) sizes(0 0 0) strde(0) byte_stride(0) alloc_wh(0 0) internal_format(0x0) alloc_format(0x0) fd_count(1) plane_count(0)
08-30 15:11:06.005 23627 23627 I ViewRootImpl@c49555e[MainActivity]: [DP] dp(1) 1 android.view.ViewRootImpl.reportNextDraw:10957 android.view.ViewRootImpl.performTraversals:3845 android.view.ViewRootImpl.doTraversal:2618
08-30 15:11:06.005 23627 23627 I ViewRootImpl@c49555e[MainActivity]: [DP] pd() Asnyc report
08-30 15:11:06.007  3899 10978 D gralloc : [mali_gralloc_allocate] allocation successful
08-30 15:11:06.008  3899 10978 D gralloc : [mali_gralloc_allocate] begin
08-30 15:11:06.008  3899 10978 D gralloc : buffer_descriptor: wh(720 1560) usage_pc(0x40000000000b00 0x40000000000b00) hal_format(0x1) layer_count(1) sizes(0 0 0) strde(0) byte_stride(0) alloc_wh(0 0) internal_format(0x0) alloc_format(0x0) fd_count(1) plane_count(0)
08-30 15:11:06.008  3976  3976 I Layer   : id=37919[1] Destroyed Surface(name=1096c8d StatusBar)/@0xeaf4dd0 - animation-leash#1
08-30 15:11:06.008  3976  3976 I Layer   : id=37920[1] Destroyed Surface(name=b07ecc5 NavigationBar0)/@0xa8376fc - animation-leash#0
08-30 15:11:06.013  3899 10978 D gralloc : [mali_gralloc_allocate] allocation successful
08-30 15:11:06.032  3683  3683 I hwservicemanager: getTransport: Cannot find entry android.hardware.graphics.mapper@4.0::IMapper/default in either framework or device manifest.
08-30 15:11:06.032 23627 23685 I Gralloc4: mapper 4.x is not supported
08-30 15:11:06.032  3683  3683 I hwservicemanager: getTransport: Cannot find entry android.hardware.graphics.mapper@3.0::IMapper/default in either framework or device manifest.
08-30 15:11:06.032 23627 23685 W Gralloc3: mapper 3.x is not supported
08-30 15:11:06.035 23627 23685 I gralloc : Arm Module v1.0
08-30 15:11:06.111 23627 23627 I ViewRootImpl@c49555e[MainActivity]: [DP] pdf(0) 1 android.view.ViewRootImpl.lambda$performDraw$1$ViewRootImpl:4668 android.view.-$$Lambda$ViewRootImpl$DJd0VUYJgsebcnSohO6h8zc_ONI.run:6 android.os.Handler.handleCallback:938
08-30 15:11:06.111 23627 23627 I ViewRootImpl@c49555e[MainActivity]: [DP] rdf()
08-30 15:11:06.115  4349  4372 D PkgPredictorService: pkg:com.example.dogglers activity:com.example.dogglers.MainActivity thisTime:978
08-30 15:11:06.116  4349  4372 D PkgPredictorService-Collector: update activity launch time: MainActivity : 978
08-30 15:11:06.116  4349  4372 I SemDvfsHyPerManager: acquire hyper - AMS_RESUME_TAIL/4349@18, type = -999
08-30 15:11:06.116  4349  4372 I SemDvfsHyPerManager: acquire hyper - AMS_ACT_LAZY/4349@19, type = -999
08-30 15:11:06.116  3927  3954 I HYPER-HAL: [RequestManager.cpp]acquire(): Acquired ID : 9537546  [4349 / 18]    HINT : AMS_RESUME_TAIL    list :
08-30 15:11:06.117  3927  3954 E HYPER-HAL: [HandlerSysfs.cpp]doResourceHandling(): Couldn't Open Sysfs - /sys/power/cstate_control
08-30 15:11:06.117  3927  3954 I HYPER-HAL: [ResourceManager.cpp]updateResource(): [CPUMinFreq] UpdateResource Request ID : 9537546    Value : 1560000
08-30 15:11:06.117  4349  4376 D ArtManagerInternalImpl: /data/misc/iorapd/com.example.dogglers/1/com.example.dogglers.MainActivity/compiled_traces/compiled_trace.pb doesn't exist
08-30 15:11:06.117  3927  3954 I HYPER-HAL: [RequestManager.cpp]acquire(): Acquired ID : 9541915  [4349 / 19]    HINT :      list :
08-30 15:11:06.118  3927  3954 E HYPER-HAL: [Request.cpp]acquire(): Request:: id : 9541915, No Resource to set
08-30 15:11:06.118  3927  3954 E HYPER-HAL: [HandlerSysfs.cpp]doResourceHandling(): Couldn't Open Sysfs - /sys/power/cstate_control
08-30 15:11:06.118  3927  3954 I HYPER-HAL: [ResourceManager.cpp]removeResource(): [CPUMinFreq] RemoveResource Request ID : 9546285
08-30 15:11:06.118  3927  3954 I HYPER-HAL: [RequestManager.cpp]releaseLocked(): Released ID : 9546285
08-30 15:11:06.120  4349  4372 D ViewRootImpl@189c8ec[dogglers]: dispatchDetachedFromWindow: reset blurmask
08-30 15:11:06.120  4349  4376 I ActivityTaskManager: Displayed com.example.dogglers/.MainActivity: +978ms
08-30 15:11:06.120  4349  4372 I ViewRootImpl@189c8ec[dogglers]: dispatchDetachedFromWindow
08-30 15:11:06.121  4349  4372 I SurfaceControl: nativeRelease nativeObject s[476131359360]
08-30 15:11:06.121  4349  4372 I SurfaceControl: nativeRelease nativeObject e[476131359360]
08-30 15:11:06.121  4349  4372 D InputTransport: Input channel destroyed: '56aa4b5', fd=444
08-30 15:11:06.121  5589  5589 E pageboostd: Received HALT command code 2
08-30 15:11:06.124  3976  4002 I SurfaceFlinger: id=37926 createSurf (0x0),-1 flag=24000, Surface(name=56aa4b5 Splash Screen com.example.dogglers)/@0x81a1a05 - animation-leash#0
08-30 15:11:06.125  4349  4468 I InputDispatcher: Focus entered window (23627): bdfa9f3 in display 0 0
08-30 15:11:06.130  4349  4372 D InputTransport: Input channel destroyed: '56aa4b5', fd=471
08-30 15:11:06.136  8310  8310 I Choreographer: Skipped 53 frames!  The application may be doing too much work on its main thread.
08-30 15:11:06.138 15212 15212 I Choreographer: Skipped 53 frames!  The application may be doing too much work on its main thread.
08-30 15:11:06.166 23627 23627 I ViewRootImpl@c49555e[MainActivity]: MSG_WINDOW_FOCUS_CHANGED 1 1
08-30 15:11:06.167 23627 23627 D InputMethodManager: prepareNavigationBarInfo() DecorView@988f57[MainActivity]
08-30 15:11:06.167 23627 23627 D InputMethodManager: getNavigationBarColor() -16711423
08-30 15:11:06.170 23627 23627 D InputMethodManager: prepareNavigationBarInfo() DecorView@988f57[MainActivity]
08-30 15:11:06.170 23627 23627 D InputMethodManager: getNavigationBarColor() -16711423
08-30 15:11:06.171 23627 23627 V InputMethodManager: Starting input: tba=com.example.dogglers ic=null mNaviBarColor -16711423 mIsGetNaviBarColorSuccess true , NavVisible : true , NavTrans : false
08-30 15:11:06.171 23627 23627 D InputMethodManager: startInputInner - Id : 0
08-30 15:11:06.171 23627 23627 I InputMethodManager: startInputInner - mService.startInputOrWindowGainedFocus
08-30 15:11:06.172  4349  4468 D InputMethodManagerService: mSecureKeypadEnabled = false
08-30 15:11:06.173  4349  4468 V InputMethodManagerService: hideCurrentInputLocked : shouldHideSoftInput is false
08-30 15:11:06.173  4349  4468 D InputMethodManagerService: mDesktopModeManager null!
08-30 15:11:06.173  4349  4468 V InputMethodManagerService: getDisplayIdOfInputMethodWindowToBeAdded : 0
08-30 15:11:06.174  4349  4468 D SamsungIMMSHWKeyboard: isConnectedDexOnPC false
08-30 15:11:06.175  4349  4468 D InputMethodManagerService: isImeSwitcherDisabledPackage : false
08-30 15:11:06.176  4349  4468 D InputTransport: Input channel constructed: 'ClientS', fd=444
08-30 15:11:06.176  4349  4468 D InputTransport: Input channel constructed: 'ClientS', fd=471
08-30 15:11:06.176  4349  4468 D InputTransport: Input channel destroyed: 'ClientS', fd=471
08-30 15:11:06.181  4349  4468 D InputMethodManagerService: checkDisplayOfStartInputAndUpdateKeyboard display Id 0last 0
08-30 15:11:06.181  4349  4468 D InputTransport: Input channel constructed: 'ClientS', fd=471
08-30 15:11:06.182  4349  4468 D InputTransport: Input channel destroyed: 'ClientS', fd=471
08-30 15:11:06.182  3976  3976 D SurfaceFlinger: Display 0 HWC layers:
08-30 15:11:06.182  3976  3976 D SurfaceFlinger:      DEVICE | 0x75743a6340 | 0002 | RGBA_8888    |    0.0    0.0  720.0 1560.0 |    0    0  720 1560 | com.example.dogglers/com.example.dogglers.MainActivity$_23627#0
08-30 15:11:06.182  3976  3976 D SurfaceFlinger:      DEVICE | 0x75743a4f40 | 0002 | RGBA_8888    |    0.0    0.0  720.0 1560.0 |    0    0  720 1560 | Splash Screen com.example.dogglers#0
08-30 15:11:06.182  3976  3976 D SurfaceFlinger:      DEVICE | 0x74f0414e40 | 0000 | RGBA_8888    |    0.0    0.0  720.0   53.0 |    0    0  720   53 | StatusBar$_4708#0
08-30 15:11:06.182  3976  3976 D SurfaceFlinger:      DEVICE | 0x74d157fa00 | 0000 | RGBA_8888    |    0.0    0.0   67.0  232.0 |  653  151  720  383 | com.samsung.android.app.cocktailbars[...]rservice.CocktailBarService$_14146#0
08-30 15:11:06.182  3976  3976 D SurfaceFlinger:      DEVICE | 0x75743a7380 | 0000 | RGBA_8888    |    0.0    0.0  720.0   84.0 |    0 1476  720 1560 | NavigationBar0$_4708#0
08-30 15:11:06.182  3976  3976 D SurfaceFlinger:      DEVICE | 0x74f0413e00 | 0000 | RGBA_8888    |    0.0    0.0  720.0  101.0 |    0    0  720  101 | ScreenDecorOverlay$_4708#0
08-30 15:11:06.182  3976  3976 D SurfaceFlinger:      DEVICE | 0x75743a7b00 | 0000 | RGBA_8888    |    0.0    0.0  720.0  101.0 |    0 1459  720 1560 | ScreenDecorOverlayBottom$_4708#0
08-30 15:11:06.182  3976  3976 D SurfaceFlinger:
08-30 15:11:06.182 23627 23647 D InputTransport: Input channel constructed: 'ClientS', fd=85
08-30 15:11:06.183 23627 23627 D InputMethodManager: prepareNavigationBarInfo() DecorView@988f57[MainActivity]
08-30 15:11:06.183 23627 23627 D InputMethodManager: getNavigationBarColor() -16711423
08-30 15:11:06.184 23627 23627 V InputMethodManager: Starting input: tba=com.example.dogglers ic=null mNaviBarColor -16711423 mIsGetNaviBarColorSuccess true , NavVisible : true , NavTrans : false
08-30 15:11:06.184 23627 23627 D InputMethodManager: startInputInner - Id : 0
08-30 15:11:06.185  4349  4468 I SurfaceControl: nativeRelease nativeObject s[476017198592]
08-30 15:11:06.185  4349  4468 I SurfaceControl: nativeRelease nativeObject e[476017198592]
08-30 15:11:06.186  3976  4002 I SurfaceFlinger: id=37927 createSurf (0x0),-1 flag=24004, Surface(name=749d536 InputMethod)/@0x72f94d3 - animation-leash#1
08-30 15:11:06.188  7475  7475 I HBD     : HoneyBoardService onFinishInput
08-30 15:11:06.189  3881  3886 E statsd  : Predicate -7037417284711607308 dropping data for dimension key (10)0x2010101->10429[I] (10)0x30000->*launch*[S]
08-30 15:11:06.189  7475  7475 I HBD     : a IC have been unbinded,  InputConnectionWrapper{idHash=#d478174 mMissingMethods=}
08-30 15:11:06.189  7475  7475 I HBD     : HoneyBoardService [PF_CL][onFinishInput]  565231 ns
08-30 15:11:06.189  7475  7475 I HBD     : HoneyBoardService [IMI] onStartInput - caller pid : 23627 , caller uid : 10429
08-30 15:11:06.189  7475  7475 I HBD     : i updateConfigs
08-30 15:11:06.190  7475  7475 I HBD     : i isEnabledNightMode : true
08-30 15:11:06.190  7475  7475 I HBD     : a IC have been binded, InputConnectionWrapper{idHash=#d77f712 mMissingMethods=}
08-30 15:11:06.190  7475  7475 I HBD     : h [EditorInputType]setPrivateImeOptionsToTable privateImeOptions ( null )
08-30 15:11:06.190  7475  7475 I HBD     : b incognitoMode : false
08-30 15:11:06.191  7475  7475 I HBD     : a needOff = true , isForceOff = false, isNullInputClass : true
08-30 15:11:06.192  7475  7475 I HBD     : h getDefaultInputRange : UNKNOWN
08-30 15:11:06.192  7475  7475 I HBD     : h getDefaultInputRange : UNKNOWN
08-30 15:11:06.192  7475  7475 I HBD     : h getDefaultInputRange : UNKNOWN
08-30 15:11:06.192  5135  5135 I ViewRootImpl@fbf3973[LauncherActivity]: stopped(true) old=false
08-30 15:11:06.193 23627 23627 W xample.doggler: Accessing hidden method Landroid/os/MessageQueue;->next()Landroid/os/Message; (greylist, reflection, allowed)
08-30 15:11:06.193  4349  6800 D SdpManagerService: Not an enterprise user : 0
08-30 15:11:06.193  5135  5135 I StateManager: goToState isInState Normal
08-30 15:11:06.193  4349  6800 D SdpManagerService: Not an enterprise user : 0
08-30 15:11:06.193 23627 23627 W xample.doggler: Accessing hidden field Landroid/os/MessageQueue;->mMessages:Landroid/os/Message; (greylist, reflection, allowed)
08-30 15:11:06.193 23627 23627 W xample.doggler: Accessing hidden method Landroid/os/Message;->recycleUnchecked()V (greylist, reflection, allowed)
08-30 15:11:06.194  7475  7475 I HBD     : h getDefaultInputRange : UNKNOWN
