08-30 15:11:08.804  4349  7427 I SurfaceControl: nativeRelease nativeObject e[476022452544]
08-30 15:11:08.804  3976  5385 I Layer   : id=37980 removeFromCurrentState com.example.dogglers/androidx.test.core.app.InstrumentationActivityInvoker$EmptyActivity$_23627#0 (97)
08-30 15:11:08.804  3976  5385 I SurfaceFlinger: id=37980 Removed com.example.dogglers/androidx.test.core.app.InstrumentationActivityInvoker$EmptyActivity$_23627#0 (97)
08-30 15:11:08.806  3976  3976 I Layer   : id=37980[1] Destroyed com.example.dogglers/androidx.test.core.app.InstrumentationActivityInvoker$EmptyActivity$_23627#0
08-30 15:11:08.807  3976  5385 I Layer   : id=37979 removeFromCurrentState bb7add8 com.example.dogglers/androidx.test.core.app.InstrumentationActivityInvoker$EmptyActivity#0 (96)
08-30 15:11:08.808  4349  5464 I InputDispatcher: Focus left window (23627): 8ac777  in display 0 0
08-30 15:11:08.809  3976  5385 I SurfaceFlinger: id=37979 Removed bb7add8 com.example.dogglers/androidx.test.core.app.InstrumentationActivityInvoker$EmptyActivity#0 (96)
08-30 15:11:08.809 23627 23627 D InputTransport: Input channel destroyed: 'bb7add8', fd=100
08-30 15:11:08.811  4349  5464 I SurfaceControl: nativeRelease nativeObject s[476016219296]
08-30 15:11:08.811  4349  5464 I SurfaceControl: nativeRelease nativeObject e[476016219296]
08-30 15:11:08.815 23627 23627 D LifecycleMonitor: Lifecycle status change: androidx.test.core.app.InstrumentationActivityInvoker$EmptyActivity@4f1890c in: PAUSED
08-30 15:11:08.815 23627 23627 V ActivityScenario: Activity lifecycle changed event received but ignored because the intent does not match. startActivityIntent=Intent { act=android.intent.action.MAIN cat=[android.intent.category.LAUNCHER] cmp=com.example.dogglers/.MainActivity }, activity.getIntent()=Intent { act=android.intent.action.MAIN cat=[android.intent.category.LAUNCHER] flg=0x10000000 cmp=com.example.dogglers/androidx.test.core.app.InstrumentationActivityInvoker$EmptyActivity }, activity=androidx.test.core.app.InstrumentationActivityInvoker$EmptyActivity@4f1890c
08-30 15:11:08.817  4349  7427 I SemDvfsHyPerManager: acquire hyper - AMS_ACT_RESUME/4349@15, type = -999
08-30 15:11:08.818  3927  3954 I HYPER-HAL: [RequestManager.cpp]acquire(): Acquired ID : 9524445  [4349 / 15]    HINT : AMS_ACT_RESUME    list :
08-30 15:11:08.818  3927  3954 E HYPER-HAL: [HandlerSysfs.cpp]doResourceHandling(): Couldn't Open Sysfs - /sys/power/cstate_control
08-30 15:11:08.818  3927  3954 I HYPER-HAL: [ResourceManager.cpp]updateResource(): [CPUMinFreq] UpdateResource Request ID : 9524445    Value : 1352000
08-30 15:11:08.819  4349  7427 D InputDispatcher: Focused application set to (0): d7be4fb
08-30 15:11:08.820  4349  7427 V WindowOrientationListener: getProposedRotation: -1
08-30 15:11:08.820  4349  7427 V WindowOrientationListener: getProposedRotation: -1
08-30 15:11:08.821  4349  7427 V WindowOrientationListener: getProposedRotation: -1
08-30 15:11:08.822  3976  3976 I Layer   : id=37979[1] Destroyed bb7add8 com.example.dogglers/androidx.test.core.app.InstrumentationActivityInvoker$EmptyActivity#0
08-30 15:11:08.826  3976  4001 I Layer   : id=37978 removeFromCurrentState ActivityRecord{b729c1 u0 com.example.dogglers/androidx.test.core.app.InstrumentationActivityInvoker$EmptyActivity t1409}#0 (95)
08-30 15:11:08.827  3976  4001 I SurfaceFlinger: id=37978 Removed ActivityRecord{b729c1 u0 com.example.dogglers/androidx.test.core.app.InstrumentationActivityInvoker$EmptyActivity t1409}#0 (95)
08-30 15:11:08.829 23627 23627 I ViewRootImpl@e4f9ed1[InstrumentationActivityInvoker$EmptyActivity]: MSG_WINDOW_FOCUS_CHANGED 0 1
08-30 15:11:08.830 23627 23627 I ViewRootImpl@ff1f911[HorizontalListActivity]: stopped(false) old=true
08-30 15:11:08.830 23627 23627 D LifecycleMonitor: Lifecycle status change: com.example.dogglers.HorizontalListActivity@a9aac84 in: RESTARTED
08-30 15:11:08.831 23627 23627 V ActivityScenario: Activity lifecycle changed event received but ignored because the intent does not match. startActivityIntent=Intent { act=android.intent.action.MAIN cat=[android.intent.category.LAUNCHER] cmp=com.example.dogglers/.MainActivity }, activity.getIntent()=Intent { cmp=com.example.dogglers/.HorizontalListActivity }, activity=com.example.dogglers.HorizontalListActivity@a9aac84
08-30 15:11:08.832 23627 23627 D LifecycleMonitor: Lifecycle status change: com.example.dogglers.HorizontalListActivity@a9aac84 in: STARTED
08-30 15:11:08.833 23627 23627 V ActivityScenario: Activity lifecycle changed event received but ignored because the intent does not match. startActivityIntent=Intent { act=android.intent.action.MAIN cat=[android.intent.category.LAUNCHER] cmp=com.example.dogglers/.MainActivity }, activity.getIntent()=Intent { cmp=com.example.dogglers/.HorizontalListActivity }, activity=com.example.dogglers.HorizontalListActivity@a9aac84
08-30 15:11:08.834 23627 23627 I ViewRootImpl@ff1f911[HorizontalListActivity]: stopped(false) old=false
08-30 15:11:08.834 23627 23627 D LifecycleMonitor: Lifecycle status change: com.example.dogglers.HorizontalListActivity@a9aac84 in: RESUMED
08-30 15:11:08.835  4349  4371 I SemPersonaManager: SecureFolder personaId = 150
08-30 15:11:08.835 23627 23627 V ActivityScenario: Activity lifecycle changed event received but ignored because the intent does not match. startActivityIntent=Intent { act=android.intent.action.MAIN cat=[android.intent.category.LAUNCHER] cmp=com.example.dogglers/.MainActivity }, activity.getIntent()=Intent { cmp=com.example.dogglers/.HorizontalListActivity }, activity=com.example.dogglers.HorizontalListActivity@a9aac84
08-30 15:11:08.839  3976  3976 I Layer   : id=37978[1] Destroyed ActivityRecord{b729c1 u0 com.example.dogglers/androidx.test.core.app.InstrumentationActivityInvoker$EmptyActivity t1409}#0
08-30 15:11:08.848  4349  7427 V WindowManager: Relayout Window{28c02eb u0 com.example.dogglers/com.example.dogglers.HorizontalListActivity}: viewVisibility=0 req=720x1560
08-30 15:11:08.851  4349  7427 D WindowManager: isScreenshotDisabledLocked - win: Window{28c02eb u0 com.example.dogglers/com.example.dogglers.HorizontalListActivity}
08-30 15:11:08.851  4349  7427 D WindowManager: isScreenshotDisabledLocked: userId = 0, disabled =false
08-30 15:11:08.852  3976  5385 I SurfaceFlinger: id=37990 createSurf (720x1560),1 flag=404, com.example.dogglers/com.example.dogglers.HorizontalListActivity$_23627#0
08-30 15:11:08.854  4349  7427 I SurfaceControl: nativeRelease nativeObject s[476016219776]
08-30 15:11:08.854  4349  7427 I SurfaceControl: nativeRelease nativeObject e[476016219776]
08-30 15:11:08.854 14146 14146 I TrayStateController: systemUiVisibilityChanged : 0 0
08-30 15:11:08.855  3976  5385 I SurfaceFlinger: id=37991 createSurf (0x0),-1 flag=24000, Surface(name=1096c8d StatusBar)/@0xeaf4dd0 - animation-leash#1
08-30 15:11:08.856  4349  7427 I SurfaceControl: nativeRelease nativeObject s[476017199648]
08-30 15:11:08.856  4349  7427 I SurfaceControl: nativeRelease nativeObject e[476017199648]
08-30 15:11:08.857  3976  5385 I SurfaceFlinger: id=37992 createSurf (0x0),-1 flag=24000, Surface(name=b07ecc5 NavigationBar0)/@0xa8376fc - animation-leash#0
08-30 15:11:08.860  4349  7427 V WindowManager: Relayout hash=28c02eb, pid=23627: mAttrs={(0,0)(fillxfill) sim={adjust=resize} ty=BASE_APPLICATION wanim=0x1030304
08-30 15:11:08.860  4349  7427 V WindowManager:   fl=81810100
08-30 15:11:08.860  4349  7427 V WindowManager:   pfl=12020000
08-30 15:11:08.860  4349  7427 V WindowManager:   fitSides= naviIconColor=0}
08-30 15:11:08.860  4349  7427 I SurfaceControl: nativeRelease nativeObject s[477997783072]
08-30 15:11:08.860  4349  7427 I SurfaceControl: nativeRelease nativeObject e[477997783072]
08-30 15:11:08.861  3976  5385 I Layer   : id=37987 removeFromCurrentState Surface(name=1096c8d StatusBar)/@0xeaf4dd0 - animation-leash#0 (97)
08-30 15:11:08.861  3976  5385 I Layer   : id=37988 removeFromCurrentState Surface(name=b07ecc5 NavigationBar0)/@0xa8376fc - animation-leash#1 (97)
08-30 15:11:08.862 23627 23627 I SurfaceControl: assignNativeObject: nativeObject = 0 Surface(name=null)/@0x9d53f1 / android.view.SurfaceControl.readFromParcel:1117 android.view.IWindowSession$Stub$Proxy.relayout:1836 android.view.ViewRootImpl.relayoutWindow:9005 android.view.ViewRootImpl.performTraversals:3360 android.view.ViewRootImpl.doTraversal:2618 android.view.ViewRootImpl$TraversalRunnable.run:9971 android.view.Choreographer$CallbackRecord.run:1010 android.view.Choreographer.doCallbacks:809 android.view.Choreographer.doFrame:744 android.view.Choreographer$FrameDisplayEventReceiver.run:995
08-30 15:11:08.863 23627 23627 I ViewRootImpl@ff1f911[HorizontalListActivity]: Relayout returned: old=(0,0,720,1560) new=(0,0,720,1560) req=(720,1560)0 dur=15 res=0x7 s={true 478079811584} ch=true fn=-1
08-30 15:11:08.864 23627 23627 I ViewRootImpl@ff1f911[HorizontalListActivity]: [DP] dp(1) 1 android.view.ViewRootImpl.reportNextDraw:10957 android.view.ViewRootImpl.performTraversals:3845 android.view.ViewRootImpl.doTraversal:2618
08-30 15:11:08.864 23627 23627 I ViewRootImpl@ff1f911[HorizontalListActivity]: [DP] pd() Asnyc report
08-30 15:11:08.865  3899 10978 D gralloc : [mali_gralloc_allocate] begin
08-30 15:11:08.865  3899 10978 D gralloc : buffer_descriptor: wh(720 1560) usage_pc(0x40000000000b00 0x40000000000b00) hal_format(0x1) layer_count(1) sizes(0 0 0) strde(0) byte_stride(0) alloc_wh(0 0) internal_format(0x0) alloc_format(0x0) fd_count(1) plane_count(0)
08-30 15:11:08.866  3899 10978 D gralloc : [mali_gralloc_allocate] allocation successful
08-30 15:11:08.867  3899 10978 D gralloc : [mali_gralloc_allocate] begin
08-30 15:11:08.867  3899 10978 D gralloc : buffer_descriptor: wh(720 1560) usage_pc(0x40000000000b00 0x40000000000b00) hal_format(0x1) layer_count(1) sizes(0 0 0) strde(0) byte_stride(0) alloc_wh(0 0) internal_format(0x0) alloc_format(0x0) fd_count(1) plane_count(0)
08-30 15:11:08.868  3899 10978 D gralloc : [mali_gralloc_allocate] allocation successful
08-30 15:11:08.868  3899 10978 D gralloc : [mali_gralloc_allocate] begin
08-30 15:11:08.868  3899 10978 D gralloc : buffer_descriptor: wh(720 1560) usage_pc(0x40000000000b00 0x40000000000b00) hal_format(0x1) layer_count(1) sizes(0 0 0) strde(0) byte_stride(0) alloc_wh(0 0) internal_format(0x0) alloc_format(0x0) fd_count(1) plane_count(0)
08-30 15:11:08.869  3899 10978 D gralloc : [mali_gralloc_allocate] allocation successful
08-30 15:11:08.880 23627 23627 I ViewRootImpl@ff1f911[HorizontalListActivity]: [DP] pdf(0) 1 android.view.ViewRootImpl.lambda$performDraw$1$ViewRootImpl:4668 android.view.-$$Lambda$ViewRootImpl$DJd0VUYJgsebcnSohO6h8zc_ONI.run:6 android.os.Handler.handleCallback:938
08-30 15:11:08.880 23627 23627 I ViewRootImpl@ff1f911[HorizontalListActivity]: [DP] rdf()
08-30 15:11:08.884  4349  4371 D EnterpriseDeviceManagerService: isMdmAdminPresentInternal() : MDM Admin Found - com.samsung.knox.securefolder
08-30 15:11:08.884  4349  4372 D PkgPredictorService: pkg:com.example.dogglers activity:com.example.dogglers.HorizontalListActivity thisTime:-1
08-30 15:11:08.887 23627 23627 I SurfaceControl: nativeRelease nativeObject s[476571788032]
08-30 15:11:08.887 23627 23627 I SurfaceControl: nativeRelease nativeObject e[476571788032]
08-30 15:11:08.887 23627 23627 I SurfaceControl: nativeRelease nativeObject s[478247332384]
08-30 15:11:08.887 23627 23627 I SurfaceControl: nativeRelease nativeObject e[478247332384]
08-30 15:11:08.887 23627 23627 I SurfaceControl: nativeRelease nativeObject s[478247332288]
08-30 15:11:08.887 23627 23627 I SurfaceControl: nativeRelease nativeObject e[478247332288]
08-30 15:11:08.887  3927  3954 E HYPER-HAL: [HandlerSysfs.cpp]doResourceHandling(): Couldn't Open Sysfs - /sys/power/cstate_control
08-30 15:11:08.887  3976  5385 I SurfaceFlinger: id=37988 Removed Surface(name=b07ecc5 NavigationBar0)/@0xa8376fc - animation-leash#1 (97)
08-30 15:11:08.887  3976  5385 I SurfaceFlinger: id=37987 Removed Surface(name=1096c8d StatusBar)/@0xeaf4dd0 - animation-leash#0 (97)
08-30 15:11:08.887  3927  3954 I HYPER-HAL: [ResourceManager.cpp]removeResource(): [CPUMinFreq] RemoveResource Request ID : 9524445
08-30 15:11:08.888  3927  3954 I HYPER-HAL: [RequestManager.cpp]releaseLocked(): Released ID : 9524445
08-30 15:11:08.888  3976  3976 I Layer   : id=37987[1] Destroyed Surface(name=1096c8d StatusBar)/@0xeaf4dd0 - animation-leash#0
08-30 15:11:08.889  3976  3976 I Layer   : id=37988[1] Destroyed Surface(name=b07ecc5 NavigationBar0)/@0xa8376fc - animation-leash#1
08-30 15:11:08.898  3976  4001 E BufferQueueProducer: [com.example.dogglers/androidx.test.core.app.InstrumentationActivityInvoker$EmptyActivity$_23627#1](id:f880000339e,api:0,p:-1,c:3976) disconnect: not connected (req=1)
08-30 15:11:08.898 23627 23685 W libEGL  : EGLNativeWindowType 0x6f4e8ef010 disconnect failed
08-30 15:11:08.900  4349  7427 V WindowManager: Relayout Window{8ac777 u0 com.example.dogglers/androidx.test.core.app.InstrumentationActivityInvoker$EmptyActivity}: viewVisibility=8 req=720x1560
08-30 15:11:08.903  4349  7427 V WindowManager: Relayout hash=8ac777, pid=23627: mAttrs={(0,0)(fillxfill) sim={adjust=pan forwardNavigation} ty=BASE_APPLICATION wanim=0x1030001
08-30 15:11:08.903  4349  7427 V WindowManager:   fl=1810100
08-30 15:11:08.903  4349  7427 V WindowManager:   pfl=12020000
08-30 15:11:08.903  4349  7427 V WindowManager:   fitSides= naviIconColor=0}
08-30 15:11:08.905 23627 23627 I SurfaceControl: nativeRelease nativeObject s[476571792064]
08-30 15:11:08.905 23627 23627 I SurfaceControl: nativeRelease nativeObject e[476571792064]
08-30 15:11:08.905 23627 23627 I SurfaceControl: assignNativeObject: nativeObject = 0 Surface(name=null)/@0x3a3332f / android.view.SurfaceControl.readFromParcel:1117 android.view.IWindowSession$Stub$Proxy.relayout:1826 android.view.ViewRootImpl.relayoutWindow:9005 android.view.ViewRootImpl.performTraversals:3360 android.view.ViewRootImpl.doTraversal:2618 android.view.ViewRootImpl$TraversalRunnable.run:9971 android.view.Choreographer$CallbackRecord.run:1010 android.view.Choreographer.doCallbacks:809 android.view.Choreographer.doFrame:744 android.view.Choreographer$FrameDisplayEventReceiver.run:995
08-30 15:11:08.906 23627 23627 I SurfaceControl: assignNativeObject: nativeObject = 0 Surface(name=null)/@0xf07d36 / android.view.SurfaceControl.readFromParcel:1117 android.view.IWindowSession$Stub$Proxy.relayout:1836 android.view.ViewRootImpl.relayoutWindow:9005 android.view.ViewRootImpl.performTraversals:3360 android.view.ViewRootImpl.doTraversal:2618 android.view.ViewRootImpl$TraversalRunnable.run:9971 android.view.Choreographer$CallbackRecord.run:1010 android.view.Choreographer.doCallbacks:809 android.view.Choreographer.doFrame:744 android.view.Choreographer$FrameDisplayEventReceiver.run:995
08-30 15:11:08.906  4349  7427 I InputDispatcher: Focus entered window (23627): 28c02eb in display 0 0
08-30 15:11:08.907 23627 23627 I SurfaceControl: nativeRelease nativeObject s[476571792832]
08-30 15:11:08.907 23627 23627 I SurfaceControl: nativeRelease nativeObject e[476571792832]
08-30 15:11:08.907 23627 23627 I ViewRootImpl@e4f9ed1[InstrumentationActivityInvoker$EmptyActivity]: Relayout returned: old=(0,0,720,1560) new=(0,0,720,1560) req=(720,1560)8 dur=7 res=0x5 s={false 0} ch=true fn=2
08-30 15:11:08.908 23627 23627 I ViewRootImpl@ff1f911[HorizontalListActivity]: MSG_WINDOW_FOCUS_CHANGED 1 1
08-30 15:11:08.908 23627 23627 D InputMethodManager: prepareNavigationBarInfo() DecorView@36941fa[HorizontalListActivity]
08-30 15:11:08.908 23627 23627 D InputMethodManager: getNavigationBarColor() -16711423
08-30 15:11:08.910 23627 23627 D InputMethodManager: prepareNavigationBarInfo() DecorView@36941fa[HorizontalListActivity]
08-30 15:11:08.910 23627 23627 D InputMethodManager: getNavigationBarColor() -16711423
08-30 15:11:08.910 23627 23627 V InputMethodManager: Starting input: tba=com.example.dogglers ic=null mNaviBarColor -16711423 mIsGetNaviBarColorSuccess true , NavVisible : true , NavTrans : false
08-30 15:11:08.910 23627 23627 D InputMethodManager: startInputInner - Id : 0
08-30 15:11:08.910 23627 23627 I InputMethodManager: startInputInner - mService.startInputOrWindowGainedFocus
08-30 15:11:08.911  3976  3976 D SurfaceFlinger: Display 0 HWC layers:
08-30 15:11:08.911  3976  3976 D SurfaceFlinger:      DEVICE | 0x75743a7c40 | 0002 | RGBA_8888    |    0.0    0.0  720.0 1560.0 |    0    0  720 1560 | com.example.dogglers/com.example.dogglers.HorizontalListActivity$_23627#0
08-30 15:11:08.911  3976  3976 D SurfaceFlinger:      DEVICE | 0x75743a6fc0 | 0000 | RGBA_8888    |    0.0    0.0  720.0   53.0 |    0    0  720   53 | StatusBar$_4708#0
08-30 15:11:08.911  3976  3976 D SurfaceFlinger:      DEVICE | 0x74d157fa00 | 0000 | RGBA_8888    |    0.0    0.0   67.0  232.0 |  653  151  720  383 | com.samsung.android.app.cocktailbars[...]rservice.CocktailBarService$_14146#0
08-30 15:11:08.911  3976  3976 D SurfaceFlinger:      DEVICE | 0x75743a7380 | 0000 | RGBA_8888    |    0.0    0.0  720.0   84.0 |    0 1476  720 1560 | NavigationBar0$_4708#0
08-30 15:11:08.911  3976  3976 D SurfaceFlinger:      DEVICE | 0x74f0413e00 | 0000 | RGBA_8888    |    0.0    0.0  720.0  101.0 |    0    0  720  101 | ScreenDecorOverlay$_4708#0
08-30 15:11:08.911  3976  3976 D SurfaceFlinger:      DEVICE | 0x75743a7b00 | 0000 | RGBA_8888    |    0.0    0.0  720.0  101.0 |    0 1459  720 1560 | ScreenDecorOverlayBottom$_4708#0
08-30 15:11:08.911  3976  3976 D SurfaceFlinger:
08-30 15:11:08.911  4349  5464 D InputMethodManagerService: mSecureKeypadEnabled = false
08-30 15:11:08.912  4349  5464 V InputMethodManagerService: hideCurrentInputLocked : shouldHideSoftInput is false
08-30 15:11:08.912  4349  5464 D InputMethodManagerService: mDesktopModeManager null!
08-30 15:11:08.912  4349  5464 V InputMethodManagerService: getDisplayIdOfInputMethodWindowToBeAdded : 0
08-30 15:11:08.913  4349  5464 D InputMethodManagerService: checkDisplayOfStartInputAndUpdateKeyboard display Id 0last 0
08-30 15:11:08.913  4349  5464 D InputTransport: Input channel constructed: 'ClientS', fd=782
08-30 15:11:08.913  4349  5464 D InputTransport: Input channel destroyed: 'ClientS', fd=782
08-30 15:11:08.914 23627 23627 D InputTransport: Input channel constructed: 'ClientS', fd=90
08-30 15:11:08.914 23627 23627 D InputTransport: Input channel destroyed: 'ClientS', fd=92
08-30 15:11:08.914  4349  7427 I SurfaceControl: nativeRelease nativeObject s[476017810048]
08-30 15:11:08.914  4349  7427 I SurfaceControl: nativeRelease nativeObject e[476017810048]
08-30 15:11:08.914  3976  6075 I SurfaceFlinger: id=37993 createSurf (0x0),-1 flag=24004, Surface(name=749d536 InputMethod)/@0x72f94d3 - animation-leash#0
08-30 15:11:08.915  7475  7475 I HBD     : HoneyBoardService onFinishInput
08-30 15:11:08.916  7475  7475 I HBD     : a IC have been unbinded,  InputConnectionWrapper{idHash=#90f863f mMissingMethods=}
08-30 15:11:08.916  7475  7475 I HBD     : HoneyBoardService [PF_CL][onFinishInput]  319038 ns
08-30 15:11:08.916  7475  7475 I HBD     : HoneyBoardService [IMI] onStartInput - caller pid : 23627 , caller uid : 10429
08-30 15:11:08.916  7475  7475 I HBD     : i updateConfigs
08-30 15:11:08.916  7475  7475 I HBD     : i isEnabledNightMode : true
08-30 15:11:08.917  7475  7475 I HBD     : a IC have been binded, InputConnectionWrapper{idHash=#90f863f mMissingMethods=}
08-30 15:11:08.917  7475  7475 I HBD     : h [EditorInputType]setPrivateImeOptionsToTable privateImeOptions ( null )
08-30 15:11:08.917  7475  7475 I HBD     : b incognitoMode : false
08-30 15:11:08.917  7475  7475 I HBD     : a needOff = true , isForceOff = false, isNullInputClass : true
08-30 15:11:08.917  7475  7475 I HBD     : h getDefaultInputRange : UNKNOWN
08-30 15:11:08.917  7475  7475 I HBD     : h getDefaultInputRange : UNKNOWN
08-30 15:11:08.918  7475  7475 I HBD     : h getDefaultInputRange : UNKNOWN
08-30 15:11:08.918  4349  7427 D SdpManagerService: Not an enterprise user : 0
08-30 15:11:08.918  4349  7427 D SdpManagerService: Not an enterprise user : 0
08-30 15:11:08.919  7475  7475 I HBD     : h getDefaultInputRange : UNKNOWN
08-30 15:11:08.919  7475  7475 I HBD     : a currentState : 0
08-30 15:11:08.920  7475  7475 I HBD     : h load selected json info : {"version":"1.0","currentLanguageOrder":2,"selected":[{"activeOptionList":["auto_replace","spell_check","auto_spacing"],"engName":"Russian","id":3342336,"inputType":"qwerty","isUsed":true},{"activeOptionList":["auto_replace","spell_check","auto_spacing"],"engName":"English","id":65537,"inputType":"qwerty","isUsed":true},{"activeOptionList":["auto_replace","spell_check","auto_spacing"],"engName":"Ukrainian","id":4456448,"inputType":"qwerty","isUsed":true}]}
08-30 15:11:08.921  7475  7475 I HBD     : a [UpdatePolicy] [post] a: 0 cl: 4456448 kit: [0/0] vt: 0 ir: 1
08-30 15:11:08.922  7475  7475 I HBD     : HoneyBoardService [PF_OP][onStartInput]  5857846 ns
08-30 15:11:08.923  3976  6075 I Layer   : id=37989 removeFromCurrentState Surface(name=749d536 InputMethod)/@0x72f94d3 - animation-leash#1 (96)
08-30 15:11:08.925 23627 23651 I TestRunner: finished: clicking_horizontal_list_button_displays_horizontal_list(com.example.dogglers.ButtonTests)
