08-30 15:11:26.730 23627 23627 I SurfaceControl: nativeRelease nativeObject s[476571794848]
08-30 15:11:26.730 23627 23627 I SurfaceControl: nativeRelease nativeObject e[476571794848]
08-30 15:11:26.730 23627 23627 I SurfaceControl: nativeRelease nativeObject s[476571794752]
08-30 15:11:26.730 23627 23627 I SurfaceControl: nativeRelease nativeObject e[476571794752]
08-30 15:11:26.730  3976  5385 I SurfaceFlinger: id=38436 Removed Surface(name=b07ecc5 NavigationBar0)/@0xa8376fc - animation-leash#0 (98)
08-30 15:11:26.730  3976  4001 I SurfaceFlinger: id=38435 Removed Surface(name=1096c8d StatusBar)/@0xeaf4dd0 - animation-leash#1 (98)
08-30 15:11:26.742  4349  7427 D InputDispatcher: Focused application set to (0): 641dc7a
08-30 15:11:26.743  3976  3976 I Layer   : id=38435[1] Destroyed Surface(name=1096c8d StatusBar)/@0xeaf4dd0 - animation-leash#1
08-30 15:11:26.743  3976  3976 I Layer   : id=38436[1] Destroyed Surface(name=b07ecc5 NavigationBar0)/@0xa8376fc - animation-leash#0
08-30 15:11:26.745  4349  5464 I InputDispatcher: Focus entered window (23627): bb721e4 in display 0 0
08-30 15:11:26.749  3976  3976 D SurfaceFlinger: Display 0 HWC layers:
08-30 15:11:26.749  3976  3976 D SurfaceFlinger:      DEVICE | 0x75743a74c0 | 0002 | RGBA_8888    |    0.0    0.0  720.0 1560.0 |    0    0  720 1560 | com.example.dogglers/androidx.test.c[...]tivityInvoker$EmptyActivity$_23627#1
08-30 15:11:26.749  3976  3976 D SurfaceFlinger:      DEVICE | 0x75743a6fc0 | 0000 | RGBA_8888    |    0.0    0.0  720.0   53.0 |    0    0  720   53 | StatusBar$_4708#0
08-30 15:11:26.749  3976  3976 D SurfaceFlinger:      DEVICE | 0x74d157fa00 | 0000 | RGBA_8888    |    0.0    0.0   67.0  232.0 |  653  151  720  383 | com.samsung.android.app.cocktailbars[...]rservice.CocktailBarService$_14146#0
08-30 15:11:26.749  3976  3976 D SurfaceFlinger:      DEVICE | 0x75743a7380 | 0000 | RGBA_8888    |    0.0    0.0  720.0   84.0 |    0 1476  720 1560 | NavigationBar0$_4708#0
08-30 15:11:26.749  3976  3976 D SurfaceFlinger:      DEVICE | 0x74f0413e00 | 0000 | RGBA_8888    |    0.0    0.0  720.0  101.0 |    0    0  720  101 | ScreenDecorOverlay$_4708#0
08-30 15:11:26.749  3976  3976 D SurfaceFlinger:      DEVICE | 0x75743a7b00 | 0000 | RGBA_8888    |    0.0    0.0  720.0  101.0 |    0 1459  720 1560 | ScreenDecorOverlayBottom$_4708#0
08-30 15:11:26.749  3976  3976 D SurfaceFlinger:
08-30 15:11:26.752  4349  7427 D SecContentProvider: query(), uri = 17 selection = isSettingsChangesAllowed
08-30 15:11:26.752  4349  4371 D PersonaActivityHelper: Activity not in resumed state, do not run immediate lock
08-30 15:11:26.756  3976  5385 E BufferQueueProducer: [com.example.dogglers/androidx.test.core.app.InstrumentationActivityInvoker$EmptyActivity$_23627#0](id:f88000033d9,api:0,p:-1,c:3976) disconnect: not connected (req=1)
08-30 15:11:26.757 23627 23685 W libEGL  : EGLNativeWindowType 0x6f579ec010 disconnect failed
08-30 15:11:26.757  4349  5464 V WindowManager: Relayout Window{3ff31 u0 com.example.dogglers/androidx.test.core.app.InstrumentationActivityInvoker$EmptyActivity}: viewVisibility=8 req=720x1560
08-30 15:11:26.761  4349  7427 I InputDispatcher: Focus left window (23627): bb721e4 in display 0 0
08-30 15:11:26.761  4349  5464 V WindowManager: Relayout hash=3ff31, pid=23627: mAttrs={(0,0)(fillxfill) sim={adjust=pan forwardNavigation} ty=BASE_APPLICATION wanim=0x1030001
08-30 15:11:26.761  4349  5464 V WindowManager:   fl=1810100
08-30 15:11:26.761  4349  5464 V WindowManager:   pfl=12020000
08-30 15:11:26.761  4349  5464 V WindowManager:   fitSides= naviIconColor=0}
08-30 15:11:26.762 23627 23627 I SurfaceControl: nativeRelease nativeObject s[476145767520]
08-30 15:11:26.762 23627 23627 I SurfaceControl: nativeRelease nativeObject e[476145767520]
08-30 15:11:26.763 23627 23627 I SurfaceControl: assignNativeObject: nativeObject = 0 Surface(name=null)/@0xd71cd4 / android.view.SurfaceControl.readFromParcel:1117 android.view.IWindowSession$Stub$Proxy.relayout:1826 android.view.ViewRootImpl.relayoutWindow:9005 android.view.ViewRootImpl.performTraversals:3360 android.view.ViewRootImpl.doTraversal:2618 android.view.ViewRootImpl$TraversalRunnable.run:9971 android.view.Choreographer$CallbackRecord.run:1010 android.view.Choreographer.doCallbacks:809 android.view.Choreographer.doFrame:744 android.view.Choreographer$FrameDisplayEventReceiver.run:995
08-30 15:11:26.763 23627 23627 I SurfaceControl: assignNativeObject: nativeObject = 0 Surface(name=null)/@0x22d93c2 / android.view.SurfaceControl.readFromParcel:1117 android.view.IWindowSession$Stub$Proxy.relayout:1836 android.view.ViewRootImpl.relayoutWindow:9005 android.view.ViewRootImpl.performTraversals:3360 android.view.ViewRootImpl.doTraversal:2618 android.view.ViewRootImpl$TraversalRunnable.run:9971 android.view.Choreographer$CallbackRecord.run:1010 android.view.Choreographer.doCallbacks:809 android.view.Choreographer.doFrame:744 android.view.Choreographer$FrameDisplayEventReceiver.run:995
08-30 15:11:26.764 23627 23627 I SurfaceControl: nativeRelease nativeObject s[476571792352]
08-30 15:11:26.764 23627 23627 I SurfaceControl: nativeRelease nativeObject e[476571792352]
08-30 15:11:26.764 23627 23627 I ViewRootImpl@248080d[InstrumentationActivityInvoker$EmptyActivity]: Relayout returned: old=(0,0,720,1560) new=(0,0,720,1560) req=(720,1560)8 dur=6 res=0x5 s={false 0} ch=true fn=2
08-30 15:11:26.765 23627 23627 I ViewRootImpl@248080d[InstrumentationActivityInvoker$EmptyActivity]: stopped(true) old=false
08-30 15:11:26.765 23627 23627 D LifecycleMonitor: Lifecycle status change: androidx.test.core.app.InstrumentationActivityInvoker$EmptyActivity@4beaef8 in: STOPPED
08-30 15:11:26.766 23627 23627 V ActivityScenario: Activity lifecycle changed event received but ignored because the intent does not match. startActivityIntent=Intent { act=android.intent.action.MAIN cat=[android.intent.category.LAUNCHER] cmp=com.example.dogglers/.HorizontalListActivity }, activity.getIntent()=Intent { act=android.intent.action.MAIN cat=[android.intent.category.LAUNCHER] flg=0x10000000 cmp=com.example.dogglers/androidx.test.core.app.InstrumentationActivityInvoker$EmptyActivity }, activity=androidx.test.core.app.InstrumentationActivityInvoker$EmptyActivity@4beaef8
08-30 15:11:26.768 23627 23627 D LifecycleMonitor: Lifecycle status change: androidx.test.core.app.InstrumentationActivityInvoker$EmptyActivity@4beaef8 in: DESTROYED
08-30 15:11:26.769 23627 23627 V ActivityScenario: Activity lifecycle changed event received but ignored because the intent does not match. startActivityIntent=Intent { act=android.intent.action.MAIN cat=[android.intent.category.LAUNCHER] cmp=com.example.dogglers/.HorizontalListActivity }, activity.getIntent()=Intent { act=android.intent.action.MAIN cat=[android.intent.category.LAUNCHER] flg=0x10000000 cmp=com.example.dogglers/androidx.test.core.app.InstrumentationActivityInvoker$EmptyActivity }, activity=androidx.test.core.app.InstrumentationActivityInvoker$EmptyActivity@4beaef8
08-30 15:11:26.770 23627 23627 I ViewRootImpl@248080d[InstrumentationActivityInvoker$EmptyActivity]: dispatchDetachedFromWindow
08-30 15:11:26.771  4349  5464 D InputTransport: Input channel destroyed: '3ff31 c', fd=756
08-30 15:11:26.771  4349  5464 I SurfaceControl: nativeRelease nativeObject s[477997777408]
08-30 15:11:26.771  4349  5464 I SurfaceControl: nativeRelease nativeObject e[477997777408]
08-30 15:11:26.771  4349  5464 D WindowManager: isScreenshotDisabledLocked - win: Window{3ff31 u0 com.example.dogglers/androidx.test.core.app.InstrumentationActivityInvoker$EmptyActivity}
08-30 15:11:26.771  4349  5464 D WindowManager: isScreenshotDisabledLocked: userId = 0, disabled =false
08-30 15:11:26.772  4349  5464 I SurfaceControl: nativeRelease nativeObject s[477997777600]
08-30 15:11:26.772  4349  5464 I SurfaceControl: nativeRelease nativeObject e[477997777600]
08-30 15:11:26.772  3976  5385 I SurfaceFlinger: id=38444 createSurf (0x0),-1 flag=24004, Surface(name=749d536 InputMethod)/@0x72f94d3 - animation-leash#0
08-30 15:11:26.774  4349  5464 I SurfaceControl: nativeRelease nativeObject s[476017812448]
08-30 15:11:26.774  4349  5464 I SurfaceControl: nativeRelease nativeObject e[476017812448]
08-30 15:11:26.774  3976  5385 I Layer   : id=38434 removeFromCurrentState com.example.dogglers/androidx.test.core.app.InstrumentationActivityInvoker$EmptyActivity$_23627#0 (97)
08-30 15:11:26.777  3976  4001 I Layer   : id=38433 removeFromCurrentState 3ff31 com.example.dogglers/androidx.test.core.app.InstrumentationActivityInvoker$EmptyActivity#0 (97)
08-30 15:11:26.777  3976  4001 I Layer   : id=38439 removeFromCurrentState Surface(name=749d536 InputMethod)/@0x72f94d3 - animation-leash#1 (97)
08-30 15:11:26.778  3976  5385 I SurfaceFlinger: id=38434 Removed com.example.dogglers/androidx.test.core.app.InstrumentationActivityInvoker$EmptyActivity$_23627#0 (97)
08-30 15:11:26.778  3976  5385 I SurfaceFlinger: id=38433 Removed 3ff31 com.example.dogglers/androidx.test.core.app.InstrumentationActivityInvoker$EmptyActivity#0 (97)
08-30 15:11:26.779 23627 23627 D InputTransport: Input channel destroyed: '3ff31 c', fd=92
08-30 15:11:26.780  4349  5464 I SurfaceControl: nativeRelease nativeObject s[476008566336]
08-30 15:11:26.781  4349  5464 I SurfaceControl: nativeRelease nativeObject e[476008566336]
08-30 15:11:26.781 23627 23627 D LifecycleMonitor: Lifecycle status change: androidx.test.core.app.InstrumentationActivityInvoker$EmptyActivity@da32bc5 in: PAUSED
08-30 15:11:26.781 23627 23627 V ActivityScenario: Activity lifecycle changed event received but ignored because the intent does not match. startActivityIntent=Intent { act=android.intent.action.MAIN cat=[android.intent.category.LAUNCHER] cmp=com.example.dogglers/.HorizontalListActivity }, activity.getIntent()=Intent { act=android.intent.action.MAIN cat=[android.intent.category.LAUNCHER] flg=0x10000000 cmp=com.example.dogglers/androidx.test.core.app.InstrumentationActivityInvoker$EmptyActivity }, activity=androidx.test.core.app.InstrumentationActivityInvoker$EmptyActivity@da32bc5
08-30 15:11:26.785  4349  7427 I SemDvfsHyPerManager: acquire hyper - AMS_APP_HOME/4349@35, type = -999
08-30 15:11:26.785  3927  3954 I HYPER-HAL: [RequestManager.cpp]acquire(): Acquired ID : 9611955  [4349 / 35]    HINT : AMS_APP_HOME    list :
08-30 15:11:26.786  3927  3954 E HYPER-HAL: [HandlerSysfs.cpp]doResourceHandling(): Couldn't Open Sysfs - /sys/power/cstate_control
08-30 15:11:26.786  3881  3886 E statsd  : Predicate -7037417284711607308 dropping data for dimension key (10)0x2010101->10429[I] (10)0x30000->*launch*[S]
08-30 15:11:26.786  3927  3954 I HYPER-HAL: [ResourceManager.cpp]updateResource(): [CPUMinFreq] UpdateResource Request ID : 9611955    Value : 1768000
08-30 15:11:26.788  4349  7427 V WindowOrientationListener: getProposedRotation: -1
08-30 15:11:26.788  4349  7427 V WindowOrientationListener: getProposedRotation: -1
08-30 15:11:26.789  4349  7427 V WindowOrientationListener: getProposedRotation: -1
08-30 15:11:26.793  3976  3976 I Layer   : id=38434[1] Destroyed com.example.dogglers/androidx.test.core.app.InstrumentationActivityInvoker$EmptyActivity$_23627#0
08-30 15:11:26.793  3976  3976 I Layer   : id=38433[1] Destroyed 3ff31 com.example.dogglers/androidx.test.core.app.InstrumentationActivityInvoker$EmptyActivity#0
08-30 15:11:26.796  3976  4001 I Layer   : id=38432 removeFromCurrentState ActivityRecord{6a65aa7 u0 com.example.dogglers/androidx.test.core.app.InstrumentationActivityInvoker$EmptyActivity t1420}#0 (95)
08-30 15:11:26.797 23627 23627 I ViewRootImpl@fc06ce6[InstrumentationActivityInvoker$EmptyActivity]: MSG_WINDOW_FOCUS_CHANGED 0 1
08-30 15:11:26.797  3976  4001 I SurfaceFlinger: id=38432 Removed ActivityRecord{6a65aa7 u0 com.example.dogglers/androidx.test.core.app.InstrumentationActivityInvoker$EmptyActivity t1420}#0 (95)
08-30 15:11:26.797  4349  5464 V WindowManager: Relayout Window{b49dc7f u0 com.sec.android.app.launcher/com.sec.android.app.launcher.activities.LauncherActivity}: viewVisibility=4 req=720x1560
08-30 15:11:26.797 23627 23627 I ViewRootImpl@fc06ce6[InstrumentationActivityInvoker$EmptyActivity]: MSG_WINDOW_FOCUS_CHANGED 0 1
08-30 15:11:26.798 23627 23651 I TestRunner: finished: horizontal_scrolling(com.example.dogglers.HorizontalListTests)
