08-30 15:11:25.207  3927  3954 E HYPER-HAL: [HandlerSysfs.cpp]doResourceHandling(): Couldn't Open Sysfs - /sys/power/cstate_control
08-30 15:11:25.207  3927  3954 I HYPER-HAL: [ResourceManager.cpp]removeResource(): [CPUMinFreq] RemoveResource Request ID : 9528811
08-30 15:11:25.208  3927  3954 I HYPER-HAL: [RequestManager.cpp]releaseLocked(): Released ID : 9528811
08-30 15:11:25.211  5589  5589 E pageboostd: Received HALT command code 2
08-30 15:11:25.212  4349  6765 I InputDispatcher: Focus entered window (23627): a5928ea in display 0 0
08-30 15:11:25.214  4349  4918 D SLocation: SGeofenceCellManager - requestCellInfoUpdate
08-30 15:11:25.217  3976  3976 D SurfaceFlinger: Display 0 HWC layers:
08-30 15:11:25.217  3976  3976 D SurfaceFlinger:      DEVICE | 0x75743a7240 | 0002 | RGBA_8888    |    0.0    0.0  720.0 1560.0 |    0    0  720 1560 | com.example.dogglers/androidx.test.c[...]tivityInvoker$EmptyActivity$_23627#1
08-30 15:11:25.217  3976  3976 D SurfaceFlinger:      DEVICE | 0x74f0414e40 | 0000 | RGBA_8888    |    0.0    0.0  720.0   53.0 |    0    0  720   53 | StatusBar$_4708#0
08-30 15:11:25.217  3976  3976 D SurfaceFlinger:      DEVICE | 0x74d157fa00 | 0000 | RGBA_8888    |    0.0    0.0   67.0  232.0 |  653  151  720  383 | com.samsung.android.app.cocktailbars[...]rservice.CocktailBarService$_14146#0
08-30 15:11:25.217  3976  3976 D SurfaceFlinger:      DEVICE | 0x75743a7380 | 0000 | RGBA_8888    |    0.0    0.0  720.0   84.0 |    0 1476  720 1560 | NavigationBar0$_4708#0
08-30 15:11:25.217  3976  3976 D SurfaceFlinger:      DEVICE | 0x74f0413e00 | 0000 | RGBA_8888    |    0.0    0.0  720.0  101.0 |    0    0  720  101 | ScreenDecorOverlay$_4708#0
08-30 15:11:25.217  3976  3976 D SurfaceFlinger:      DEVICE | 0x75743a7b00 | 0000 | RGBA_8888    |    0.0    0.0  720.0  101.0 |    0 1459  720 1560 | ScreenDecorOverlayBottom$_4708#0
08-30 15:11:25.217  3976  3976 D SurfaceFlinger:
08-30 15:11:25.218 23627 23627 I SurfaceControl: nativeRelease nativeObject s[476571788224]
08-30 15:11:25.218 23627 23627 I SurfaceControl: nativeRelease nativeObject e[476571788224]
08-30 15:11:25.218 23627 23627 I SurfaceControl: nativeRelease nativeObject s[478247332384]
08-30 15:11:25.218 23627 23627 I SurfaceControl: nativeRelease nativeObject e[478247332384]
08-30 15:11:25.219 23627 23627 I SurfaceControl: nativeRelease nativeObject s[478247332288]
08-30 15:11:25.219 23627 23627 I SurfaceControl: nativeRelease nativeObject e[478247332288]
08-30 15:11:25.219  3976  4318 I SurfaceFlinger: id=38400 Removed Surface(name=b07ecc5 NavigationBar0)/@0xa8376fc - animation-leash#1 (93)
08-30 15:11:25.219  3976  5385 I SurfaceFlinger: id=38399 Removed Surface(name=1096c8d StatusBar)/@0xeaf4dd0 - animation-leash#0 (93)
08-30 15:11:25.228  3976  3976 I Layer   : id=38399[1] Destroyed Surface(name=1096c8d StatusBar)/@0xeaf4dd0 - animation-leash#0
08-30 15:11:25.228  3976  3976 I Layer   : id=38400[1] Destroyed Surface(name=b07ecc5 NavigationBar0)/@0xa8376fc - animation-leash#1
08-30 15:11:25.232  4349  6779 D InputDispatcher: Focused application set to (0): 641dc7a
08-30 15:11:25.232  4349  4918 D SLocation: SGeofenceCellManager - onCellInfo
08-30 15:11:25.237  4349  4918 D TelephonyManager: getAllCellInfo : Caller (PID / UID / TID): 4349 / 1000 / 4918
08-30 15:11:25.238  4349  4918 D SLocation: SGeofenceCellManager - cellList : 1
08-30 15:11:25.239  4349  4918 D SLocation: SecureMemoryAdapter -
08-30 15:11:25.239  4349  4918 W SLocation: EventGeofenceObserver - handleEvent EXIT : currentDirection 2
08-30 15:11:25.240  4349  4918 D SLocation: SecureMemoryAdapter -
08-30 15:11:25.240  4349  4918 W SLocation: EventGeofenceObserver - handleEvent EXIT : currentDirection 2
08-30 15:11:25.242  4349  4918 D SLocation: SecureMemoryAdapter -
08-30 15:11:25.242  4349  4918 D SLocation: EventGeofenceObserver - not enough cell db
08-30 15:11:25.242  4349  4918 W SLocation: EventGeofenceObserver - handleEvent UNKNOWN : currentDirection 0
08-30 15:11:25.243 23627 23627 I ViewRootImpl@c4580ec[InstrumentationActivityInvoker$EmptyActivity]: MSG_WINDOW_FOCUS_CHANGED 1 1
08-30 15:11:25.244 23627 23627 D InputMethodManager: prepareNavigationBarInfo() DecorView@afeb9f9[InstrumentationActivityInvoker$EmptyActivity]
08-30 15:11:25.244 23627 23627 D InputMethodManager: getNavigationBarColor() -16711423
08-30 15:11:25.244 23627 23627 D InputMethodManager: prepareNavigationBarInfo() DecorView@afeb9f9[InstrumentationActivityInvoker$EmptyActivity]
08-30 15:11:25.244 23627 23627 D InputMethodManager: getNavigationBarColor() -16711423
08-30 15:11:25.244 23627 23627 V InputMethodManager: Starting input: tba=com.example.dogglers ic=null mNaviBarColor -16711423 mIsGetNaviBarColorSuccess true , NavVisible : true , NavTrans : false
08-30 15:11:25.244 23627 23627 D InputMethodManager: startInputInner - Id : 0
08-30 15:11:25.245 23627 23627 I InputMethodManager: startInputInner - mService.startInputOrWindowGainedFocus
08-30 15:11:25.245  4349  5464 D SecContentProvider: query(), uri = 17 selection = isSettingsChangesAllowed
08-30 15:11:25.245  4349  6779 D InputMethodManagerService: mSecureKeypadEnabled = false
08-30 15:11:25.246  4349  6779 V InputMethodManagerService: hideCurrentInputLocked : shouldHideSoftInput is false
08-30 15:11:25.246  4349  6779 D InputMethodManagerService: mDesktopModeManager null!
08-30 15:11:25.246  4349  4371 D PersonaActivityHelper: Activity not in resumed state, do not run immediate lock
08-30 15:11:25.246  4349  6779 V InputMethodManagerService: getDisplayIdOfInputMethodWindowToBeAdded : 0
08-30 15:11:25.246  4349  4918 D SLocation: SecureMemoryAdapter -
08-30 15:11:25.246  4349  4918 D SLocation: EventGeofenceObserver - not enough cell db
08-30 15:11:25.247  4349  4918 W SLocation: EventGeofenceObserver - handleEvent UNKNOWN : currentDirection 0
08-30 15:11:25.248  4349  4918 D SLocation: SecureMemoryAdapter -
08-30 15:11:25.248  4349  6779 D InputMethodManagerService: checkDisplayOfStartInputAndUpdateKeyboard display Id 0last 0
08-30 15:11:25.248  4349  4918 D SLocation: EventGeofenceObserver - not enough cell db
08-30 15:11:25.248  4349  4918 W SLocation: EventGeofenceObserver - handleEvent UNKNOWN : currentDirection 0
08-30 15:11:25.248  4349  6779 D InputTransport: Input channel constructed: 'ClientS', fd=708
08-30 15:11:25.248  4349  6779 D InputTransport: Input channel destroyed: 'ClientS', fd=708
08-30 15:11:25.248 23627 23627 D InputTransport: Input channel constructed: 'ClientS', fd=94
08-30 15:11:25.249 23627 23627 D InputTransport: Input channel destroyed: 'ClientS', fd=81
08-30 15:11:25.249  4349  6779 I SurfaceControl: nativeRelease nativeObject s[476008564224]
08-30 15:11:25.249  4349  6779 I SurfaceControl: nativeRelease nativeObject e[476008564224]
08-30 15:11:25.250  3976  5385 I SurfaceFlinger: id=38408 createSurf (0x0),-1 flag=24004, Surface(name=749d536 InputMethod)/@0x72f94d3 - animation-leash#1
08-30 15:11:25.250  4349  4918 D SLocation: SecureMemoryAdapter -
08-30 15:11:25.250  4349  4918 W SLocation: EventGeofenceObserver - handleEvent ENTER : currentDirection 2
08-30 15:11:25.252  7475  7475 I HBD     : HoneyBoardService onFinishInput
08-30 15:11:25.252  3976  5385 E BufferQueueProducer: [com.example.dogglers/androidx.test.core.app.InstrumentationActivityInvoker$EmptyActivity$_23627#0](id:f88000033d4,api:0,p:-1,c:3976) disconnect: not connected (req=1)
08-30 15:11:25.252 23627 23685 W libEGL  : EGLNativeWindowType 0x6f4e9fc010 disconnect failed
08-30 15:11:25.252  7475  7475 I HBD     : a IC have been unbinded,  InputConnectionWrapper{idHash=#8e8a6a3 mMissingMethods=}
08-30 15:11:25.252  7475  7475 I HBD     : HoneyBoardService [PF_CL][onFinishInput]  415539 ns
08-30 15:11:25.253  7475  7475 I HBD     : HoneyBoardService [IMI] onStartInput - caller pid : 23627 , caller uid : 10429
08-30 15:11:25.253  7475  7475 I HBD     : i updateConfigs
08-30 15:11:25.253  7475  7475 I HBD     : i isEnabledNightMode : true
08-30 15:11:25.253  7475  7475 I HBD     : a IC have been binded, InputConnectionWrapper{idHash=#8e8a6a3 mMissingMethods=}
08-30 15:11:25.253  4349  5464 V WindowManager: Relayout Window{8c6c4df u0 com.example.dogglers/androidx.test.core.app.InstrumentationActivityInvoker$EmptyActivity}: viewVisibility=8 req=720x1560
08-30 15:11:25.253  7475  7475 I HBD     : h [EditorInputType]setPrivateImeOptionsToTable privateImeOptions ( null )
08-30 15:11:25.253  7475  7475 I HBD     : b incognitoMode : false
08-30 15:11:25.253  4349  4918 D SLocation: SGeofenceReceiverManager - geofence id (11) detected : 1
08-30 15:11:25.253  7475  7475 I HBD     : a needOff = true , isForceOff = false, isNullInputClass : true
08-30 15:11:25.253  7475  7475 I HBD     : h getDefaultInputRange : UNKNOWN
08-30 15:11:25.254  7475  7475 I HBD     : h getDefaultInputRange : UNKNOWN
08-30 15:11:25.254  7475  7475 I HBD     : h getDefaultInputRange : UNKNOWN
08-30 15:11:25.254  4349  6779 D SdpManagerService: Not an enterprise user : 0
08-30 15:11:25.254  4349  6779 D SdpManagerService: Not an enterprise user : 0
08-30 15:11:25.255  7475  7475 I HBD     : h getDefaultInputRange : UNKNOWN
08-30 15:11:25.255  7475  7475 I HBD     : a currentState : 0
08-30 15:11:25.255  3976  5385 I Layer   : id=38403 removeFromCurrentState Surface(name=749d536 InputMethod)/@0x72f94d3 - animation-leash#0 (92)
08-30 15:11:25.256  4349  4918 D SLocation: SecureMemoryAdapter -
08-30 15:11:25.256  4349  4918 W SLocation: EventGeofenceObserver - handleEvent EXIT : currentDirection 2
08-30 15:11:25.257  7475  7475 I HBD     : h load selected json info : {"version":"1.0","currentLanguageOrder":2,"selected":[{"activeOptionList":["auto_replace","spell_check","auto_spacing"],"engName":"Russian","id":3342336,"inputType":"qwerty","isUsed":true},{"activeOptionList":["auto_replace","spell_check","auto_spacing"],"engName":"English","id":65537,"inputType":"qwerty","isUsed":true},{"activeOptionList":["auto_replace","spell_check","auto_spacing"],"engName":"Ukrainian","id":4456448,"inputType":"qwerty","isUsed":true}]}
08-30 15:11:25.258  4349  5464 V WindowManager: Relayout hash=8c6c4df, pid=23627: mAttrs={(0,0)(fillxfill) sim={adjust=pan forwardNavigation} ty=BASE_APPLICATION wanim=0x1030001
08-30 15:11:25.258  4349  5464 V WindowManager:   fl=1810100
08-30 15:11:25.258  4349  5464 V WindowManager:   pfl=12020000
08-30 15:11:25.258  4349  5464 V WindowManager:   fitSides= naviIconColor=0}
08-30 15:11:25.258  4349  4918 D SLocation: SecureMemoryAdapter -
08-30 15:11:25.258  4349  4918 D SLocation: EventGeofenceObserver - not enough cell db
08-30 15:11:25.258  4349  4918 W SLocation: EventGeofenceObserver - handleEvent UNKNOWN : currentDirection 2
08-30 15:11:25.258  4349  4918 D SLocation: SGeofenceReceiverManager - Event_6 : send event geofence result - 0
08-30 15:11:25.258  4349  4918 D SLocation: SGeofenceReceiverManager - geofence id (6) detected : 0
08-30 15:11:25.258  7475  7475 I HBD     : a [UpdatePolicy] [post] a: 0 cl: 4456448 kit: [0/0] vt: 0 ir: 1
08-30 15:11:25.259 23627 23627 I SurfaceControl: nativeRelease nativeObject s[478236423136]
08-30 15:11:25.259 23627 23627 I SurfaceControl: nativeRelease nativeObject e[478236423136]
08-30 15:11:25.259  7475  7475 I HBD     : HoneyBoardService [PF_OP][onStartInput]  6286577 ns
08-30 15:11:25.259 23627 23627 I SurfaceControl: assignNativeObject: nativeObject = 0 Surface(name=null)/@0x943ef4a / android.view.SurfaceControl.readFromParcel:1117 android.view.IWindowSession$Stub$Proxy.relayout:1826 android.view.ViewRootImpl.relayoutWindow:9005 android.view.ViewRootImpl.performTraversals:3360 android.view.ViewRootImpl.doTraversal:2618 android.view.ViewRootImpl$TraversalRunnable.run:9971 android.view.Choreographer$CallbackRecord.run:1010 android.view.Choreographer.doCallbacks:809 android.view.Choreographer.doFrame:744 android.view.Choreographer$FrameDisplayEventReceiver.run:995
08-30 15:11:25.259 23627 23627 I SurfaceControl: assignNativeObject: nativeObject = 0 Surface(name=null)/@0x647dca8 / android.view.SurfaceControl.readFromParcel:1117 android.view.IWindowSession$Stub$Proxy.relayout:1836 android.view.ViewRootImpl.relayoutWindow:9005 android.view.ViewRootImpl.performTraversals:3360 android.view.ViewRootImpl.doTraversal:2618 android.view.ViewRootImpl$TraversalRunnable.run:9971 android.view.Choreographer$CallbackRecord.run:1010 android.view.Choreographer.doCallbacks:809 android.view.Choreographer.doFrame:744 android.view.Choreographer$FrameDisplayEventReceiver.run:995
08-30 15:11:25.259 23627 23627 I SurfaceControl: nativeRelease nativeObject s[476571790720]
08-30 15:11:25.260 23627 23627 I SurfaceControl: nativeRelease nativeObject e[476571790720]
08-30 15:11:25.260  3976  5385 I SurfaceFlinger: id=38403 Removed Surface(name=749d536 InputMethod)/@0x72f94d3 - animation-leash#0 (92)
08-30 15:11:25.260 23627 23627 I ViewRootImpl@3c7eccb[InstrumentationActivityInvoker$EmptyActivity]: Relayout returned: old=(0,0,720,1560) new=(0,0,720,1560) req=(720,1560)8 dur=7 res=0x5 s={false 0} ch=true fn=2
08-30 15:11:25.261 23627 23627 I ViewRootImpl@3c7eccb[InstrumentationActivityInvoker$EmptyActivity]: stopped(true) old=false
08-30 15:11:25.261  3976  3976 I Layer   : id=38403[1] Destroyed Surface(name=749d536 InputMethod)/@0x72f94d3 - animation-leash#0
08-30 15:11:25.261 23627 23627 D LifecycleMonitor: Lifecycle status change: androidx.test.core.app.InstrumentationActivityInvoker$EmptyActivity@2b4948e in: STOPPED
08-30 15:11:25.262 23627 23627 V ActivityScenario: Activity lifecycle changed event received but ignored because the intent does not match. startActivityIntent=Intent { act=android.intent.action.MAIN cat=[android.intent.category.LAUNCHER] cmp=com.example.dogglers/.HorizontalListActivity }, activity.getIntent()=Intent { act=android.intent.action.MAIN cat=[android.intent.category.LAUNCHER] flg=0x10000000 cmp=com.example.dogglers/androidx.test.core.app.InstrumentationActivityInvoker$EmptyActivity }, activity=androidx.test.core.app.InstrumentationActivityInvoker$EmptyActivity@2b4948e
08-30 15:11:25.262  4349  5464 I InputDispatcher: Focus left window (23627): a5928ea in display 0 0
08-30 15:11:25.268  4349  4369 D SehCodecSolutionService: Update top [com.sec.android.app.launcher]
08-30 15:11:25.268 23627 23627 D LifecycleMonitor: Lifecycle status change: androidx.test.core.app.InstrumentationActivityInvoker$EmptyActivity@2b4948e in: DESTROYED
08-30 15:11:25.269 23627 23627 V ActivityScenario: Activity lifecycle changed event received but ignored because the intent does not match. startActivityIntent=Intent { act=android.intent.action.MAIN cat=[android.intent.category.LAUNCHER] cmp=com.example.dogglers/.HorizontalListActivity }, activity.getIntent()=Intent { act=android.intent.action.MAIN cat=[android.intent.category.LAUNCHER] flg=0x10000000 cmp=com.example.dogglers/androidx.test.core.app.InstrumentationActivityInvoker$EmptyActivity }, activity=androidx.test.core.app.InstrumentationActivityInvoker$EmptyActivity@2b4948e
08-30 15:11:25.269  4349  4918 D SLocation: SecureMemoryAdapter -
08-30 15:11:25.269  4349  4918 D SLocation: EventGeofenceObserver - not enough cell db
08-30 15:11:25.269  4349  4918 W SLocation: EventGeofenceObserver - handleEvent UNKNOWN : currentDirection 0
08-30 15:11:25.270 13855 13915 I Rubin   : [72465] LoggingEventHelper.notifyUpdatedWithValue(LoggingEventHelper.java:58) : Notify AppUsageLogger's database is updated.
08-30 15:11:25.270 23627 23627 I ViewRootImpl@3c7eccb[InstrumentationActivityInvoker$EmptyActivity]: dispatchDetachedFromWindow
08-30 15:11:25.271  4349  4918 D SLocation: SecureMemoryAdapter -
08-30 15:11:25.271  4349  5464 D InputTransport: Input channel destroyed: '8c6c4df', fd=692
08-30 15:11:25.271  4349  4918 W SLocation: EventGeofenceObserver - handleEvent EXIT : currentDirection 2
08-30 15:11:25.271  4349  5464 I SurfaceControl: nativeRelease nativeObject s[477997783648]
08-30 15:11:25.271  4349  5464 I SurfaceControl: nativeRelease nativeObject e[477997783648]
08-30 15:11:25.271  4349  5464 D WindowManager: isScreenshotDisabledLocked - win: Window{8c6c4df u0 com.example.dogglers/androidx.test.core.app.InstrumentationActivityInvoker$EmptyActivity}
08-30 15:11:25.271  4349  5464 D WindowManager: isScreenshotDisabledLocked: userId = 0, disabled =false
08-30 15:11:25.272  4349  4918 D SLocation: SecureMemoryAdapter -
08-30 15:11:25.272  4349  4918 D SLocation: EventGeofenceObserver - not enough cell db
08-30 15:11:25.272  4349  4918 W SLocation: EventGeofenceObserver - handleEvent UNKNOWN : currentDirection 0
08-30 15:11:25.272  4349  5464 I SurfaceControl: nativeRelease nativeObject s[478247330560]
08-30 15:11:25.272  4349  5464 I SurfaceControl: nativeRelease nativeObject e[478247330560]
08-30 15:11:25.272  3976  5385 I Layer   : id=38398 removeFromCurrentState com.example.dogglers/androidx.test.core.app.InstrumentationActivityInvoker$EmptyActivity$_23627#0 (91)
08-30 15:11:25.273  3976  5385 I SurfaceFlinger: id=38398 Removed com.example.dogglers/androidx.test.core.app.InstrumentationActivityInvoker$EmptyActivity$_23627#0 (91)
08-30 15:11:25.273  4349  4918 D SLocation: SecureMemoryAdapter -
08-30 15:11:25.273  4349  4918 W SLocation: EventGeofenceObserver - handleEvent EXIT : currentDirection 2
08-30 15:11:25.274  3976  5385 I Layer   : id=38397 removeFromCurrentState 8c6c4df com.example.dogglers/androidx.test.core.app.InstrumentationActivityInvoker$EmptyActivity#0 (91)
08-30 15:11:25.275  4349  4918 D SLocation: SecureMemoryAdapter -
08-30 15:11:25.275  4349  4918 W SLocation: EventGeofenceObserver - handleEvent EXIT : currentDirection 0
08-30 15:11:25.275  4349  4918 D SLocation: SGeofenceReceiverManager - Event_19 : send event geofence result - 2
08-30 15:11:25.275  4349  4918 D SLocation: SGeofenceReceiverManager - geofence id (19) detected : 2
08-30 15:11:25.275  3976  5385 I SurfaceFlinger: id=38397 Removed 8c6c4df com.example.dogglers/androidx.test.core.app.InstrumentationActivityInvoker$EmptyActivity#0 (91)
08-30 15:11:25.276 23627 23627 D InputTransport: Input channel destroyed: '8c6c4df', fd=91
08-30 15:11:25.277  4349  6779 I SurfaceControl: nativeRelease nativeObject s[478079924704]
08-30 15:11:25.277  4349  6779 I SurfaceControl: nativeRelease nativeObject e[478079924704]
08-30 15:11:25.278  3976  3976 I Layer   : id=38397[1] Destroyed 8c6c4df com.example.dogglers/androidx.test.core.app.InstrumentationActivityInvoker$EmptyActivity#0
08-30 15:11:25.278  3976  3976 I Layer   : id=38398[1] Destroyed com.example.dogglers/androidx.test.core.app.InstrumentationActivityInvoker$EmptyActivity$_23627#0
08-30 15:11:25.281  3976  5385 I Layer   : id=38396 removeFromCurrentState ActivityRecord{bf36cbe u0 com.example.dogglers/androidx.test.core.app.InstrumentationActivityInvoker$EmptyActivity t1419}#0 (89)
08-30 15:11:25.281  3976  5385 I SurfaceFlinger: id=38396 Removed ActivityRecord{bf36cbe u0 com.example.dogglers/androidx.test.core.app.InstrumentationActivityInvoker$EmptyActivity t1419}#0 (89)
08-30 15:11:25.282 13855 13915 I Rubin   : [72465] ExercisingWithCmhMonitor.isSatisfiedByCmh(ExercisingWithCmhMonitor.java:119) : isSatisfiedByCmh is false
08-30 15:11:25.282 23627 23627 D LifecycleMonitor: Lifecycle status change: androidx.test.core.app.InstrumentationActivityInvoker$EmptyActivity@1672a43 in: PAUSED
08-30 15:11:25.283 23627 23627 V ActivityScenario: Activity lifecycle changed event received but ignored because the intent does not match. startActivityIntent=Intent { act=android.intent.action.MAIN cat=[android.intent.category.LAUNCHER] cmp=com.example.dogglers/.HorizontalListActivity }, activity.getIntent()=Intent { act=android.intent.action.MAIN cat=[android.intent.category.LAUNCHER] flg=0x10000000 cmp=com.example.dogglers/androidx.test.core.app.InstrumentationActivityInvoker$EmptyActivity }, activity=androidx.test.core.app.InstrumentationActivityInvoker$EmptyActivity@1672a43
08-30 15:11:25.285  4349  5108 I SemDvfsHyPerManager: acquire hyper - AMS_APP_HOME/4349@35, type = -999
08-30 15:11:25.285  4349  4918 D SLocation: SecureMemoryAdapter -
08-30 15:11:25.285  4349  4918 W SLocation: EventGeofenceObserver - handleEvent EXIT : currentDirection 2
08-30 15:11:25.286  3881  3886 E statsd  : Predicate -7037417284711607308 dropping data for dimension key (10)0x2010101->10429[I] (10)0x30000->*launch*[S]
08-30 15:11:25.286  4349  4918 D SLocation: SecureMemoryAdapter -
08-30 15:11:25.286  3927  3954 I HYPER-HAL: [RequestManager.cpp]acquire(): Acquired ID : 9611955  [4349 / 35]    HINT : AMS_APP_HOME    list :
08-30 15:11:25.286  4349  4918 W SLocation: EventGeofenceObserver - handleEvent EXIT : currentDirection 2
08-30 15:11:25.287  3927  3954 E HYPER-HAL: [HandlerSysfs.cpp]doResourceHandling(): Couldn't Open Sysfs - /sys/power/cstate_control
08-30 15:11:25.287  3927  3954 I HYPER-HAL: [ResourceManager.cpp]updateResource(): [CPUMinFreq] UpdateResource Request ID : 9611955    Value : 1768000
08-30 15:11:25.288  4349  5108 V WindowOrientationListener: getProposedRotation: -1
08-30 15:11:25.288  4349  5108 V WindowOrientationListener: getProposedRotation: -1
08-30 15:11:25.288  4349  4918 D SLocation: SecureMemoryAdapter -
08-30 15:11:25.288  4349  4918 W SLocation: EventGeofenceObserver - handleEvent ENTER : currentDirection 2
08-30 15:11:25.289  4349  5108 V WindowOrientationListener: getProposedRotation: -1
08-30 15:11:25.290  4349  4918 D SLocation: SGeofenceReceiverManager - geofence id (9) detected : 1
08-30 15:11:25.294  3976  3976 I Layer   : id=38396[1] Destroyed ActivityRecord{bf36cbe u0 com.example.dogglers/androidx.test.core.app.InstrumentationActivityInvoker$EmptyActivity t1419}#0
08-30 15:11:25.296  4349  4586 W PkgPredictorService: background app without no launcher icon com.sec.android.app.launcher for.uid: 10089 userId: 0
08-30 15:11:25.297  4349  6779 V WindowManager: Relayout Window{b49dc7f u0 com.sec.android.app.launcher/com.sec.android.app.launcher.activities.LauncherActivity}: viewVisibility=4 req=720x1560
08-30 15:11:25.299 23627 23627 I SurfaceControl: nativeRelease nativeObject s[476571790624]
08-30 15:11:25.299 23627 23627 I SurfaceControl: nativeRelease nativeObject e[476571790624]
08-30 15:11:25.299 23627 23627 I SurfaceControl: nativeRelease nativeObject s[476571788416]
08-30 15:11:25.299 23627 23627 I SurfaceControl: nativeRelease nativeObject e[476571788416]
08-30 15:11:25.300  4349  5464 D SamsungIMMSHWKeyboard: isConnectedDexOnPC false
08-30 15:11:25.301 23627 23627 I ViewRootImpl@c4580ec[InstrumentationActivityInvoker$EmptyActivity]: MSG_WINDOW_FOCUS_CHANGED 0 1
08-30 15:11:25.301  4349  6779 V WindowManager: Relayout hash=b49dc7f, pid=5135: mAttrs={(0,0)(fillxfill) sim={adjust=nothing} layoutInDisplayCutoutMode=shortEdges ty=BASE_APPLICATION fmt=TRANSPARENT wanim=0x10302f2
08-30 15:11:25.301  4349  6779 V WindowManager:   fl=81910100
08-30 15:11:25.301  4349  6779 V WindowManager:   pfl=16020000
08-30 15:11:25.301  4349  6779 V WindowManager:   vsysui=1700
08-30 15:11:25.301  4349  6779 V WindowManager:   bhv=SHOW_TRANSIENT_BARS_BY_SWIPE
08-30 15:11:25.301  4349  6779 V WindowManager:   fitSides= naviIconColor=0}
08-30 15:11:25.301  4349  5464 D InputMethodManagerService: isImeSwitcherDisabledPackage : false
08-30 15:11:25.302  5135  5135 I SurfaceControl: assignNativeObject: nativeObject = 0 Surface(name=null)/@0xd6fa7c2 / android.view.SurfaceControl.readFromParcel:1117 android.view.IWindowSession$Stub$Proxy.relayout:1826 android.view.ViewRootImpl.relayoutWindow:9005 android.view.ViewRootImpl.performTraversals:3360 android.view.ViewRootImpl.doTraversal:2618 android.view.ViewRootImpl$TraversalRunnable.run:9971 android.view.Choreographer$CallbackRecord.run:1010 android.view.Choreographer.doCallbacks:809 android.view.Choreographer.doFrame:744 android.view.Choreographer$FrameDisplayEventReceiver.run:995
08-30 15:11:25.302  5135  5135 I SurfaceControl: assignNativeObject: nativeObject = 0 Surface(name=null)/@0xe42a745 / android.view.SurfaceControl.readFromParcel:1117 android.view.IWindowSession$Stub$Proxy.relayout:1836 android.view.ViewRootImpl.relayoutWindow:9005 android.view.ViewRootImpl.performTraversals:3360 android.view.ViewRootImpl.doTraversal:2618 android.view.ViewRootImpl$TraversalRunnable.run:9971 android.view.Choreographer$CallbackRecord.run:1010 android.view.Choreographer.doCallbacks:809 android.view.Choreographer.doFrame:744 android.view.Choreographer$FrameDisplayEventReceiver.run:995
08-30 15:11:25.302 23627 23651 I TestRunner: finished: recycler_view_item_count(com.example.dogglers.HorizontalListTests)
