08-30 15:11:32.618 23627 23651 I TestRunner: started: vertical_scrolling(com.example.dogglers.VerticalListTests)
08-30 15:11:32.619  4349  5108 I SurfaceControl: nativeRelease nativeObject s[476016225056]
08-30 15:11:32.619  4349  5108 I SurfaceControl: nativeRelease nativeObject e[476016225056]
08-30 15:11:32.619  4349  5108 I SurfaceControl: nativeRelease nativeObject s[477998032736]
08-30 15:11:32.619  4349  5108 I SurfaceControl: nativeRelease nativeObject e[477998032736]
08-30 15:11:32.623  3976  3976 I Layer   : id=38593[1] Destroyed 1a72fb7 com.example.dogglers/androidx.test.core.app.InstrumentationActivityInvoker$EmptyActivity#0
08-30 15:11:32.623  3976  3976 I Layer   : id=38594[1] Destroyed com.example.dogglers/androidx.test.core.app.InstrumentationActivityInvoker$EmptyActivity$_23627#1
08-30 15:11:32.625  3976  4318 I Layer   : id=38590 removeFromCurrentState ActivityRecord{8f7a3a u0 com.example.dogglers/androidx.test.core.app.InstrumentationActivityInvoker$EmptyActivity t1424}#0 (89)
08-30 15:11:32.625  3976  4318 I Layer   : id=38568 removeFromCurrentState Task=1424#0 (89)
08-30 15:11:32.625  3976  4001 I SurfaceFlinger: id=38590 Removed ActivityRecord{8f7a3a u0 com.example.dogglers/androidx.test.core.app.InstrumentationActivityInvoker$EmptyActivity t1424}#0 (89)
08-30 15:11:32.625  3976  4001 I SurfaceFlinger: id=38568 Removed Task=1424#0 (89)
08-30 15:11:32.638 23627 23651 W Settings: Setting always_finish_activities has moved from android.provider.Settings.System to android.provider.Settings.Global, returning read-only value.
08-30 15:11:32.640  3976  3976 I Layer   : id=38568[1] Destroyed Task=1424#0
08-30 15:11:32.640  3976  3976 I Layer   : id=38590[1] Destroyed ActivityRecord{8f7a3a u0 com.example.dogglers/androidx.test.core.app.InstrumentationActivityInvoker$EmptyActivity t1424}#0
08-30 15:11:32.648  3976  3976 I SurfaceFlinger: SFWD update time=302824457509748
08-30 15:11:32.655  4349  5520 I SemDvfsHyPerManager: acquire hyper - AMS_APP_SWITCH/4349@20, type = -999
08-30 15:11:32.655  3927  3954 I HYPER-HAL: [RequestManager.cpp]acquire(): Acquired ID : 9546285  [4349 / 20]    HINT : AMS_APP_SWITCH    list :
08-30 15:11:32.656  3927  3954 E HYPER-HAL: [HandlerSysfs.cpp]doResourceHandling(): Couldn't Open Sysfs - /sys/power/cstate_control
08-30 15:11:32.657  3927  3954 I HYPER-HAL: [ResourceManager.cpp]updateResource(): [CPUMinFreq] UpdateResource Request ID : 9546285    Value : 1768000
08-30 15:11:32.657  3976  4001 I SurfaceFlinger: id=38606 createSurf (0x0),-1 flag=24004, Task=1425#0
08-30 15:11:32.661  3976  4001 I SurfaceFlinger: id=38607 createSurf (0x0),-1 flag=80004, ActivityRecord{b6d0c38 u0 com.example.dogglers/androidx.test.core.app.InstrumentationActivityInvoker$BootstrapActivity t1425}#0
08-30 15:11:32.664  4349  7427 V WindowOrientationListener: getProposedRotation: -1
08-30 15:11:32.666  3881  3886 E statsd  : Predicate -7037417284711607308 dropping data for dimension key (10)0x2010101->10429[I] (10)0x30000->*launch*[S]
08-30 15:11:32.669  4349  7427 I SemDvfsHyPerManager: acquire hyper - AMS_APP_LAUNCH/4349@17, type = -999
08-30 15:11:32.669  3927  3954 I HYPER-HAL: [RequestManager.cpp]acquire(): Acquired ID : 9533178  [4349 / 17]    HINT : AMS_APP_LAUNCH    list :
08-30 15:11:32.669  3927  3954 E HYPER-HAL: [HandlerSysfs.cpp]doResourceHandling(): Couldn't Open Sysfs - /sys/power/cstate_control
08-30 15:11:32.669  3927  3954 I HYPER-HAL: [ResourceManager.cpp]updateResource(): [CPUMinFreq] UpdateResource Request ID : 9533178    Value : 1768000
08-30 15:11:32.673  5135  5135 I DragController: endDrag
08-30 15:11:32.673  5135  5135 I SPayUpdater: updateSpayHandler launcher activity is paused false
08-30 15:11:32.674  4349  5108 D SecContentProvider: query(), uri = 17 selection = isSettingsChangesAllowed
08-30 15:11:32.695  3927 24111 E HYPER-HAL: [HandlerSysfs.cpp]doResourceHandling(): Couldn't Open Sysfs - /sys/power/cstate_control
08-30 15:11:32.695  3927 24111 I HYPER-HAL: [ResourceManager.cpp]removeResource(): [CPUMinFreq] RemoveResource Request ID : 9611955
08-30 15:11:32.695  3927 24111 I HYPER-HAL: [RequestManager.cpp]releaseLocked(): Released ID : 9611955
08-30 15:11:32.718  5057  5299 I ImsSecChannelCallback: receive
08-30 15:11:32.718  5057  5299 I IpcDispatcher<0>: [Rx]: (M)IPC_IIL_CMD (S)IPC_IIL_SSAC_INFO (T)EVENT l:13
08-30 15:11:32.719  5057  5057 I SsacManager: updateSSACInfo[0] : Voice(-1:0) Video(-1:0)
08-30 15:11:32.719  5057  5057 I SsacManager: Voice Call updateSSACInfo[0] : f[100], t[0]
08-30 15:11:32.719  5057  5057 I SsacManager: Video Call updateSSACInfo[0] : f[100], t[0]
08-30 15:11:32.726  5057  5299 I ImsSecChannelCallback: receive
08-30 15:11:32.726  5057  5299 I IpcDispatcher<0>: [Rx]: (M)IPC_IIL_CMD (S)IPC_IIL_SSAC_INFO (T)EVENT l:13
08-30 15:11:32.727  5057  5057 I SsacManager: updateSSACInfo[0] : Voice(-1:0) Video(-1:0)
08-30 15:11:32.727  5057  5057 I SsacManager: Voice Call updateSSACInfo[0] : f[100], t[0]
08-30 15:11:32.727  5057  5057 I SsacManager: Video Call updateSSACInfo[0] : f[100], t[0]
08-30 15:11:32.733  4349  7427 V WindowOrientationListener: getProposedRotation: -1
08-30 15:11:32.733  4349  7427 V WindowOrientationListener: getProposedRotation: -1
08-30 15:11:32.734  5057  5299 I ImsSecChannelCallback: receive
08-30 15:11:32.734  5057  5299 I IpcDispatcher<0>: [Rx]: (M)IPC_IIL_CMD (S)IPC_IIL_SSAC_INFO (T)EVENT l:13
08-30 15:11:32.735  4349  7427 V WindowOrientationListener: getProposedRotation: -1
08-30 15:11:32.735  5057  5057 I SsacManager: updateSSACInfo[0] : Voice(100:0) Video(100:0)
08-30 15:11:32.735  5057  5057 I SsacManager: Voice factor 100 is unavailable value.
08-30 15:11:32.737  4349  7427 D InputDispatcher: Focused application set to (0): b6d0c38
08-30 15:11:32.739  3927 24098 E HYPER-HAL: [HandlerSysfs.cpp]doResourceHandling(): Couldn't Open Sysfs - /sys/power/cstate_control
08-30 15:11:32.739  3927 24098 I HYPER-HAL: [ResourceManager.cpp]removeResource(): [CPUMinFreq] RemoveResource Request ID : 9537546
08-30 15:11:32.739  3927 24098 I HYPER-HAL: [RequestManager.cpp]releaseLocked(): Released ID : 9537546
08-30 15:11:32.739  4349  4496 I SemPersonaManager: SecureFolder personaId = 150
08-30 15:11:32.745  4349  4372 D InputTransport: Input channel constructed: 'cd4709c', fd=746
08-30 15:11:32.745  4349  4372 D InputTransport: Input channel constructed: 'cd4709c', fd=752
08-30 15:11:32.746  3976  4318 I SurfaceFlinger: id=38608 createSurf (0x0),-1 flag=80004, cd4709c Splash Screen com.example.dogglers#0
08-30 15:11:32.747  4349  4372 I ViewRootImpl@6770702[dogglers]: setView = com.android.internal.policy.DecorView@d741e7a TM=true
08-30 15:11:32.748  4349  7427 V WindowManager: Relayout Window{b49dc7f u0 com.sec.android.app.launcher/com.sec.android.app.launcher.activities.LauncherActivity}: viewVisibility=0 req=720x1560
08-30 15:11:32.753  4349  7427 V WindowManager: Relayout hash=b49dc7f, pid=5135: mAttrs={(0,0)(fillxfill) sim={adjust=nothing} layoutInDisplayCutoutMode=shortEdges ty=BASE_APPLICATION fmt=TRANSPARENT wanim=0x10302f2
08-30 15:11:32.753  4349  7427 V WindowManager:   fl=81910100
08-30 15:11:32.753  4349  7427 V WindowManager:   pfl=16020000
08-30 15:11:32.753  4349  7427 V WindowManager:   vsysui=1700
08-30 15:11:32.753  4349  7427 V WindowManager:   bhv=SHOW_TRANSIENT_BARS_BY_SWIPE
08-30 15:11:32.753  4349  7427 V WindowManager:   fitSides= naviIconColor=0}
08-30 15:11:32.753  4349  7427 I SurfaceControl: nativeRelease nativeObject s[477997776736]
08-30 15:11:32.753  4349  7427 I SurfaceControl: nativeRelease nativeObject e[477997776736]
08-30 15:11:32.755  5135  5135 I SurfaceControl: nativeRelease nativeObject s[477998350336]
08-30 15:11:32.755  5135  5135 I SurfaceControl: nativeRelease nativeObject e[477998350336]
08-30 15:11:32.755  5135  5135 I SurfaceControl: assignNativeObject: nativeObject = 0 Surface(name=null)/@0xe42a745 / android.view.SurfaceControl.readFromParcel:1117 android.view.IWindowSession$Stub$Proxy.relayout:1836 android.view.ViewRootImpl.relayoutWindow:9005 android.view.ViewRootImpl.performTraversals:3360 android.view.ViewRootImpl.doTraversal:2618 android.view.ViewRootImpl$TraversalRunnable.run:9971 android.view.Choreographer$CallbackRecord.run:1010 android.view.Choreographer.doCallbacks:809 android.view.Choreographer.doFrame:744 android.view.Choreographer$FrameDisplayEventReceiver.run:995
08-30 15:11:32.756  5135  5135 I SurfaceControl: nativeRelease nativeObject s[478247338144]
08-30 15:11:32.756  5135  5135 I SurfaceControl: nativeRelease nativeObject e[478247338144]
08-30 15:11:32.756  5135  5135 I SurfaceControl: nativeRelease nativeObject s[478247336416]
08-30 15:11:32.756  5135  5135 I SurfaceControl: nativeRelease nativeObject e[478247336416]
08-30 15:11:32.756  5135  5135 I SurfaceControl: nativeRelease nativeObject s[478247334496]
08-30 15:11:32.756  5135  5135 I SurfaceControl: nativeRelease nativeObject e[478247334496]
08-30 15:11:32.756  5135  5135 I ViewRootImpl@fbf3973[LauncherActivity]: Relayout returned: old=(0,0,720,1560) new=(0,0,720,1560) req=(720,1560)0 dur=10 res=0x1 s={true 476610932736} ch=false fn=19
08-30 15:11:32.758  4349  5108 I InputDispatcher: Focus left window (5135): b49dc7f in display 0 0
08-30 15:11:32.758  4349  4372 V WindowManager: Relayout Window{cd4709c u0 Splash Screen com.example.dogglers}: viewVisibility=0 req=720x1560
08-30 15:11:32.761  4349  4372 D WindowManager: isScreenshotDisabledLocked - win: Window{cd4709c u0 Splash Screen com.example.dogglers}
08-30 15:11:32.761  4349  4372 D WindowManager: isScreenshotDisabledLocked: userId = 0, disabled =false
08-30 15:11:32.761  3976  4001 I SurfaceFlinger: id=38609 createSurf (720x1560),1 flag=404, Splash Screen com.example.dogglers#0
08-30 15:11:32.764  4349  4372 V WindowManager: Relayout hash=cd4709c, pid=4349: mAttrs={(0,0)(fillxfill) sim={adjust=pan} layoutInDisplayCutoutMode=shortEdges ty=APPLICATION_STARTING wanim=0x1030001
08-30 15:11:32.764  4349  4372 V WindowManager:   fl=1830118
08-30 15:11:32.764  4349  4372 V WindowManager:   pfl=12020011
08-30 15:11:32.764  4349  4372 V WindowManager:   fitSides= naviIconColor=0}
08-30 15:11:32.764  4349  4372 I ViewRootImpl@6770702[dogglers]: Relayout returned: old=(0,0,720,1560) new=(0,0,720,1560) req=(720,1560)0 dur=8 res=0x7 s={true 476020408320} ch=true fn=-1
08-30 15:11:32.764 23627 23627 D LifecycleMonitor: Lifecycle status change: androidx.test.core.app.InstrumentationActivityInvoker$BootstrapActivity@1784be3 in: PRE_ON_CREATE
08-30 15:11:32.765 23627 23627 V ActivityScenario: Activity lifecycle changed event received but ignored because the intent does not match. startActivityIntent=Intent { act=android.intent.action.MAIN cat=[android.intent.category.LAUNCHER] cmp=com.example.dogglers/.VerticalListActivity }, activity.getIntent()=Intent { act=android.intent.action.MAIN cat=[android.intent.category.LAUNCHER] flg=0x10008000 cmp=com.example.dogglers/androidx.test.core.app.InstrumentationActivityInvoker$BootstrapActivity (has extras) }, activity=androidx.test.core.app.InstrumentationActivityInvoker$BootstrapActivity@1784be3
08-30 15:11:32.765  4349  4372 I ViewRootImpl@6770702[dogglers]: [DP] dp(1) 1 android.view.ViewRootImpl.reportNextDraw:10957 android.view.ViewRootImpl.performTraversals:3845 android.view.ViewRootImpl.doTraversal:2618
08-30 15:11:32.765  4349  4369 D SehCodecSolutionService: Update top [com.example.dogglers]
08-30 15:11:32.766  3899  3953 D gralloc : [mali_gralloc_allocate] begin
08-30 15:11:32.766  3899  3953 D gralloc : buffer_descriptor: wh(720 1560) usage_pc(0x966 0x906) hal_format(0x1) layer_count(1) sizes(0 0 0) strde(0) byte_stride(0) alloc_wh(0 0) internal_format(0x0) alloc_format(0x0) fd_count(1) plane_count(0)
08-30 15:11:32.766  5135  5135 I ViewRootImpl@fbf3973[LauncherActivity]: MSG_WINDOW_FOCUS_CHANGED 0 1
08-30 15:11:32.767  3899  3953 D gralloc : [mali_gralloc_allocate] allocation successful
08-30 15:11:32.768 13855 13915 I Rubin   : [72465] LoggingEventHelper.notifyUpdatedWithValue(LoggingEventHelper.java:58) : Notify AppUsageLogger's database is updated.
08-30 15:11:32.774  4349  4372 I ViewRootImpl@6770702[dogglers]: [DP] pdf(0) 1 android.view.ViewRootImpl.performDraw:4809 android.view.ViewRootImpl.performTraversals:3866 android.view.ViewRootImpl.doTraversal:2618
08-30 15:11:32.774  4349  4372 I ViewRootImpl@6770702[dogglers]: [DP] rdf()
08-30 15:11:32.778  4349  4586 D PkgPredictorService: com.example.dogglers go to foreground!
08-30 15:11:32.779  4349  4586 E PkgPredictorService-Collector: record changed bt=0  wifi=1 screen=0
08-30 15:11:32.779  4349  4586 D PkgPredictorService: previous pkgs: com.example.dogglers,com.example.dogglers,com.example.dogglers running pkg: com.example.dogglers, uid: 0 is system: false
08-30 15:11:32.779  4349  4586 D PkgPredictorService-Collector: save record...
08-30 15:11:32.779  4349  4586 D PkgPredictorService-Collector:  (hour:15 day:4 previous:[com.example.dogglers, com.example.dogglers, com.example.dogglers] activityName:unknown running:com.example.dogglers userId:0 screenOrientation:0 wifi:1 bt:0 predictTime:1 apkVersion:1.0 consumeTime:-1 preloaded:false>)
08-30 15:11:32.779  4349  4586 D PkgPredictorService-NapPreloadController: User using: com.example.dogglers
08-30 15:11:32.779  4349  4586 I PkgPredictorService-NapClassifier: RF predict version:1693350305206
08-30 15:11:32.780 23627 23627 I DecorView: [INFO] isPopOver=false, config=true
08-30 15:11:32.780 23627 23627 I DecorView: updateCaptionType >> DecorView@77fc499[], isFloating=false, isApplication=true, hasWindowDecorCaption=false, hasWindowControllerCallback=true
08-30 15:11:32.780 23627 23627 D DecorView: setCaptionType = 0, this = DecorView@77fc499[]
08-30 15:11:32.781  4349  4586 D PkgPredictorService-NapClassifier: Predict result: 207.0,202.0,284.0, - [0_&_org.telegram.messenger, 0_&_com.instagram.android, 0_&_com.ftband.mono]
08-30 15:11:32.781 13855 13915 I Rubin   : [72465] ExercisingWithCmhMonitor.isSatisfiedByCmh(ExercisingWithCmhMonitor.java:119) : isSatisfiedByCmh is false
08-30 15:11:32.785 23627 23627 D LifecycleMonitor: Lifecycle status change: androidx.test.core.app.InstrumentationActivityInvoker$BootstrapActivity@1784be3 in: CREATED
08-30 15:11:32.786 23627 23627 V ActivityScenario: Activity lifecycle changed event received but ignored because the intent does not match. startActivityIntent=Intent { act=android.intent.action.MAIN cat=[android.intent.category.LAUNCHER] cmp=com.example.dogglers/.VerticalListActivity }, activity.getIntent()=Intent { act=android.intent.action.MAIN cat=[android.intent.category.LAUNCHER] flg=0x10008000 cmp=com.example.dogglers/androidx.test.core.app.InstrumentationActivityInvoker$BootstrapActivity (has extras) }, activity=androidx.test.core.app.InstrumentationActivityInvoker$BootstrapActivity@1784be3
08-30 15:11:32.787  4708  4724 D WallpaperService: dispatchAppVisibility onVisibilityChanged(): false
08-30 15:11:32.787  4708  4708 D WallpaperService: reportVisibility onVisibilityChanged visible: false
08-30 15:11:32.787  4708  4907 I ImageWallpaper:  onVisibilityChanged false , 0
08-30 15:11:32.788  4349  4372 I SurfaceControl: nativeRelease nativeObject s[477997784704]
08-30 15:11:32.788  4349  4372 I SurfaceControl: nativeRelease nativeObject e[477997784704]
08-30 15:11:32.788 14146 14146 I TrayStateController: systemUiVisibilityChanged : 2 0
08-30 15:11:32.788  3976  4318 I SurfaceFlinger: id=38610 createSurf (0x0),-1 flag=24000, Surface(name=1096c8d StatusBar)/@0xeaf4dd0 - animation-leash#0
08-30 15:11:32.789  4349  4372 I SurfaceControl: nativeRelease nativeObject s[477997784800]
08-30 15:11:32.789  4349  4372 I SurfaceControl: nativeRelease nativeObject e[477997784800]
08-30 15:11:32.790  3976  4318 I SurfaceFlinger: id=38611 createSurf (0x0),-1 flag=24000, Surface(name=b07ecc5 NavigationBar0)/@0xa8376fc - animation-leash#1
08-30 15:11:32.792  3976  4001 E BufferQueueProducer: [com.sec.android.app.launcher/com.sec.android.app.launcher.activities.LauncherActivity$_5135#0](id:f88000033ef,api:0,p:-1,c:3976) disconnect: not connected (req=1)
08-30 15:11:32.792  5135  7074 W libEGL  : EGLNativeWindowType 0x6ef839b010 disconnect failed
08-30 15:11:32.793  3976  4001 I Layer   : id=38599 removeFromCurrentState Surface(name=1096c8d StatusBar)/@0xeaf4dd0 - animation-leash#1 (93)
08-30 15:11:32.793  3976  4001 I Layer   : id=38600 removeFromCurrentState Surface(name=b07ecc5 NavigationBar0)/@0xa8376fc - animation-leash#0 (93)
08-30 15:11:32.796  4349  5464 V WindowManager: Relayout Window{b49dc7f u0 com.sec.android.app.launcher/com.sec.android.app.launcher.activities.LauncherActivity}: viewVisibility=8 req=720x1560
08-30 15:11:32.800 23627 23627 D LifecycleMonitor: Lifecycle status change: androidx.test.core.app.InstrumentationActivityInvoker$BootstrapActivity@1784be3 in: STARTED
08-30 15:11:32.800  4349  5464 V WindowManager: Relayout hash=b49dc7f, pid=5135: mAttrs={(0,0)(fillxfill) sim={adjust=nothing} layoutInDisplayCutoutMode=shortEdges ty=BASE_APPLICATION fmt=TRANSPARENT wanim=0x10302f2
08-30 15:11:32.800  4349  5464 V WindowManager:   fl=81910100
08-30 15:11:32.800  4349  5464 V WindowManager:   pfl=16020000
08-30 15:11:32.800  4349  5464 V WindowManager:   vsysui=1700
08-30 15:11:32.800  4349  5464 V WindowManager:   bhv=SHOW_TRANSIENT_BARS_BY_SWIPE
08-30 15:11:32.800  4349  5464 V WindowManager:   fitSides= naviIconColor=0}
08-30 15:11:32.801 23627 23627 V ActivityScenario: Activity lifecycle changed event received but ignored because the intent does not match. startActivityIntent=Intent { act=android.intent.action.MAIN cat=[android.intent.category.LAUNCHER] cmp=com.example.dogglers/.VerticalListActivity }, activity.getIntent()=Intent { act=android.intent.action.MAIN cat=[android.intent.category.LAUNCHER] flg=0x10008000 cmp=com.example.dogglers/androidx.test.core.app.InstrumentationActivityInvoker$BootstrapActivity (has extras) }, activity=androidx.test.core.app.InstrumentationActivityInvoker$BootstrapActivity@1784be3
08-30 15:11:32.801  5135  5135 I SurfaceControl: nativeRelease nativeObject s[478247338048]
08-30 15:11:32.801  5135  5135 I SurfaceControl: nativeRelease nativeObject e[478247338048]
08-30 15:11:32.801  5135  5135 I SurfaceControl: assignNativeObject: nativeObject = 0 Surface(name=null)/@0xd6fa7c2 / android.view.SurfaceControl.readFromParcel:1117 android.view.IWindowSession$Stub$Proxy.relayout:1826 android.view.ViewRootImpl.relayoutWindow:9005 android.view.ViewRootImpl.performTraversals:3360 android.view.ViewRootImpl.doTraversal:2618 android.view.ViewRootImpl$TraversalRunnable.run:9971 android.view.Choreographer$CallbackRecord.run:1010 android.view.Choreographer.doCallbacks:809 android.view.Choreographer.doFrame:744 android.view.Choreographer$FrameDisplayEventReceiver.run:995
08-30 15:11:32.802  5135  5135 I SurfaceControl: assignNativeObject: nativeObject = 0 Surface(name=null)/@0xe42a745 / android.view.SurfaceControl.readFromParcel:1117 android.view.IWindowSession$Stub$Proxy.relayout:1836 android.view.ViewRootImpl.relayoutWindow:9005 android.view.ViewRootImpl.performTraversals:3360 android.view.ViewRootImpl.doTraversal:2618 android.view.ViewRootImpl$TraversalRunnable.run:9971 android.view.Choreographer$CallbackRecord.run:1010 android.view.Choreographer.doCallbacks:809 android.view.Choreographer.doFrame:744 android.view.Choreographer$FrameDisplayEventReceiver.run:995
08-30 15:11:32.803  5135  5135 I SurfaceControl: nativeRelease nativeObject s[476600471808]
08-30 15:11:32.803  5135  5135 I SurfaceControl: nativeRelease nativeObject e[476600471808]
08-30 15:11:32.803  5135  5135 I SurfaceControl: nativeRelease nativeObject s[478247338624]
08-30 15:11:32.803  5135  5135 I SurfaceControl: nativeRelease nativeObject e[478247338624]
08-30 15:11:32.803  5135  5135 I SurfaceControl: nativeRelease nativeObject s[477998350336]
08-30 15:11:32.803  5135  5135 I SurfaceControl: nativeRelease nativeObject e[477998350336]
08-30 15:11:32.803  5135  5135 I ViewRootImpl@fbf3973[LauncherActivity]: Relayout returned: old=(0,0,720,1560) new=(0,0,720,1560) req=(720,1560)8 dur=10 res=0x5 s={false 0} ch=true fn=20
08-30 15:11:32.804  5135  5135 I SurfaceControl: nativeRelease nativeObject s[478247338048]
08-30 15:11:32.804  5135  5135 I SurfaceControl: nativeRelease nativeObject e[478247338048]
08-30 15:11:32.812  3976  4001 I SurfaceFlinger: id=38612 createSurf (0x0),-1 flag=80004, ActivityRecord{28792a0 u0 com.example.dogglers/.VerticalListActivity t1425}#0
08-30 15:11:32.814  3976  3976 D SurfaceFlinger: Display 0 HWC layers:
08-30 15:11:32.814  3976  3976 D SurfaceFlinger:      DEVICE | 0x75743a7740 | 0002 | RGBA_8888    |    0.0    0.0  720.0 1560.0 |    0    0  720 1560 | Splash Screen com.example.dogglers#0
08-30 15:11:32.814  3976  3976 D SurfaceFlinger:      DEVICE | 0x75743a6200 | 0000 | RGBA_8888    |    0.0    0.0  720.0   53.0 |    0    0  720   53 | StatusBar$_4708#0
08-30 15:11:32.814  3976  3976 D SurfaceFlinger:      DEVICE | 0x74d157fa00 | 0000 | RGBA_8888    |    0.0    0.0   67.0  232.0 |  653  151  720  383 | com.samsung.android.app.cocktailbars[...]rservice.CocktailBarService$_14146#0
08-30 15:11:32.814  3976  3976 D SurfaceFlinger:      DEVICE | 0x75743a7380 | 0000 | RGBA_8888    |    0.0    0.0  720.0   84.0 |    0 1476  720 1560 | NavigationBar0$_4708#0
08-30 15:11:32.814  3976  3976 D SurfaceFlinger:      DEVICE | 0x74f0413e00 | 0000 | RGBA_8888    |    0.0    0.0  720.0  101.0 |    0    0  720  101 | ScreenDecorOverlay$_4708#0
08-30 15:11:32.814  3976  3976 D SurfaceFlinger:      DEVICE | 0x75743a7b00 | 0000 | RGBA_8888    |    0.0    0.0  720.0  101.0 |    0 1459  720 1560 | ScreenDecorOverlayBottom$_4708#0
08-30 15:11:32.814  3976  3976 D SurfaceFlinger:
08-30 15:11:32.816  4349  4349 D SemWifiService: onServiceStateChanged : 0dataNetworkType : 2
08-30 15:11:32.816  4349  4349 D SemWifiService: serviceState.getNrBearerStatus=0 / mPrev5GNewRadioState=0
08-30 15:11:32.820 23627 23627 D LifecycleMonitor: Lifecycle status change: androidx.test.core.app.InstrumentationActivityInvoker$BootstrapActivity@1784be3 in: RESUMED
08-30 15:11:32.820  5057  5057 I VolteServiceModule: onServiceStateChanged({mVoiceRegState=0(IN_SERVICE), mDataRegState=0(IN_SERVICE), mChannelNumber=83, duplexMode()=0, mCellBandwidths=[], isManualNetworkSelection=true(manual), getRilVoiceRadioTechnology=2(EDGE), getRilDataRadioTechnology=2(EDGE), mCssIndicator=unsupported, mCdmaRoamingIndicator=-1, mCdmaDefaultRoamingIndicator=-1, VoiceRegType=0, ImsVoiceAvail=1, Snap=0, MobileVoice=IN_SERVICE, MobileData=IN_SERVICE, MobileDataRoamingType=home, MobileDataRat=EDGE, PsOnly=false, FemtocellInd=0, SprDisplayRoam=false, NrBearerStatus=0, 5gStatus=0, mIsEmergencyOnly=false, isUsingCarrierAggregation=false, mLteEarfcnRsrpBoost=0, mNetworkRegistrationInfos=[NetworkRegistrationInfo{ domain=CS transportType=WWAN registrationState=HOME roamingType=NOT_ROAMING accessNetworkTechnology=EDGE rejectCause=0 emergencyEnabled=false availableServices=[VOICE,SMS,VIDEO] cellIdentity=CellIdentityGsm:{ mLac=1***2 mCid=6***3 mArfcn=83 mBsic=0x39 mMcc=255 mMnc=01 mAlphaLong=Vodafone UA mAlphaShort=Vodafone UA mAdditionalPlmns={}} voiceSpecificInfo=VoiceSpecificRegistrationInfo { mCssSupported=false mRoamingIndicator=0 mSystemIsInPrl=0 mDefaultRoamingIndicator=0} dataSpecificInfo=null nrState=NONE rRplmn=25501}, NetworkRegistrationInfo{ domain=PS transportType=WWAN registrationState=HOME roamingType=NOT_ROAMING accessNetworkTechnology=EDGE rejectCause=0 emergencyEnabled=false availableServices=[DATA] cellIdentity=CellIdentityGsm:{ mLac=1***2 mCid=6***3 mArfcn=83 mBsic=0x39 mMcc=255 mMnc=01 mAlphaLong=Vodafone UA mAlphaShort=Vodafone UA mAdditionalPlmns={}} voiceSpecificInfo=null dataSpecificInfo=android.telephony.DataSpecificRegistrationInfo :{ maxDataCalls = 4 isDcNrRestricted = false isNrAvailable = false isEnDcAvailable = false LteVopsSupportInfo :  mVopsSupport = 1 mEmcBearerSupport = 1 mIsUsingCarrierAggregation = false } nrState=NONE rRplmn=25501}], mNrFrequencyRange=0, mIsDataRoamingFromRegistration=false, mIsIwlanPreferred=false})
08-30 15:11:32.821  4708  4881 D NetworkController.SecMobileSignalController(0/2): onServiceStateChanged voiceState=0 dataState=0
08-30 15:11:32.821  4708  4881 D CscParser: OMC path : /product/omc/SEK/conf/customer.xml
08-30 15:11:32.821 23627 23627 V ActivityScenario: Activity lifecycle changed event received but ignored because the intent does not match. startActivityIntent=Intent { act=android.intent.action.MAIN cat=[android.intent.category.LAUNCHER] cmp=com.example.dogglers/.VerticalListActivity }, activity.getIntent()=Intent { act=android.intent.action.MAIN cat=[android.intent.category.LAUNCHER] flg=0x10008000 cmp=com.example.dogglers/androidx.test.core.app.InstrumentationActivityInvoker$BootstrapActivity (has extras) }, activity=androidx.test.core.app.InstrumentationActivityInvoker$BootstrapActivity@1784be3
08-30 15:11:32.821  4708  4881 I CscParser: getCustomerPath : omc customer file can read
08-30 15:11:32.821  4708  4881 E CscParser: update(): xml file exist
08-30 15:11:32.821  5057  5057 I VolteServiceModule: mIsLteEpsOnlyAttached(1):false
08-30 15:11:32.821  4349  4349 W NSLocationMonitor: onServiceStateChanged, state=0 / channel=83
08-30 15:11:32.822  4349  4349 I NSLocationMonitor: networkType[2]=EDGE / nrState=false
08-30 15:11:32.824  5057  5637 I VolteServiceModule: onServiceStateChanged({mVoiceRegState=0(IN_SERVICE), mDataRegState=0(IN_SERVICE), mChannelNumber=83, duplexMode()=0, mCellBandwidths=[], isManualNetworkSelection=true(manual), getRilVoiceRadioTechnology=2(EDGE), getRilDataRadioTechnology=2(EDGE), mCssIndicator=unsupported, mCdmaRoamingIndicator=-1, mCdmaDefaultRoamingIndicator=-1, VoiceRegType=0, ImsVoiceAvail=1, Snap=0, MobileVoice=IN_SERVICE, MobileData=IN_SERVICE, MobileDataRoamingType=home, MobileDataRat=EDGE, PsOnly=false, FemtocellInd=0, SprDisplayRoam=false, NrBearerStatus=0, 5gStatus=0, mIsEmergencyOnly=false, isUsingCarrierAggregation=false, mLteEarfcnRsrpBoost=0, mNetworkRegistrationInfos=[NetworkRegistrationInfo{ domain=CS transportType=WWAN registrationState=HOME roamingType=NOT_ROAMING accessNetworkTechnology=EDGE rejectCause=0 emergencyEnabled=false availableServices=[VOICE,SMS,VIDEO] cellIdentity=CellIdentityGsm:{ mLac=1***2 mCid=6***3 mArfcn=83 mBsic=0x39 mMcc=255 mMnc=01 mAlphaLong=Vodafone UA mAlphaShort=Vodafone UA mAdditionalPlmns={}} voiceSpecificInfo=VoiceSpecificRegistrationInfo { mCssSupported=false mRoamingIndicator=0 mSystemIsInPrl=0 mDefaultRoamingIndicator=0} dataSpecificInfo=null nrState=NONE rRplmn=25501}, NetworkRegistrationInfo{ domain=PS transportType=WWAN registrationState=HOME roamingType=NOT_ROAMING accessNetworkTechnology=EDGE rejectCause=0 emergencyEnabled=false availableServices=[DATA] cellIdentity=CellIdentityGsm:{ mLac=1***2 mCid=6***3 mArfcn=83 mBsic=0x39 mMcc=255 mMnc=01 mAlphaLong=Vodafone UA mAlphaShort=Vodafone UA mAdditionalPlmns={}} voiceSpecificInfo=null dataSpecificInfo=android.telephony.DataSpecificRegistrationInfo :{ maxDataCalls = 4 isDcNrRestricted = false isNrAvailable = false isEnDcAvailable = false LteVopsSupportInfo :  mVopsSupport = 1 mEmcBearerSupport = 1 mIsUsingCarrierAggregation = false } nrState=NONE rRplmn=25501}], mNrFrequencyRange=0, mIsDataRoamingFromRegistration=false, mIsIwlanPreferred=false})
08-30 15:11:32.824  4349  5464 I LocationAccessPolicy: com.instagram.android is aware of fine but the app-ops permission is specifically denied.
08-30 15:11:32.824  4349  5464 I LocationAccessPolicy: checkLocationPermission - callingUid: 10195, callingPid: 8310, resultForFine: DENIED_SOFT
08-30 15:11:32.824  4349  4918 D SLocation: SGeofenceCellManager - onServiceStateChanged 0
08-30 15:11:32.825  4349  5464 I LocationAccessPolicy: com.instagram.android is aware of coarse but the app-ops permission is specifically denied.
08-30 15:11:32.825  4349  5464 I LocationAccessPolicy: checkLocationPermission - callingUid: 10195, callingPid: 8310, resultForCoarse: DENIED_SOFT
08-30 15:11:32.825  4349  4372 I ViewRootImpl@6770702[dogglers]: MSG_RESIZED_REPORT: frame=(0,0,720,1560) ci=(0,53,0,0) vi=(0,53,0,0) or=1
08-30 15:11:32.825  4349  4372 I ViewRootImpl@6770702[dogglers]: [DP] dp(1) 1 android.view.ViewRootImpl.reportNextDraw:10957 android.view.ViewRootImpl.access$1200:256 android.view.ViewRootImpl$ViewRootHandler.handleMessage:6101
08-30 15:11:32.825  5057  5637 I VolteServiceModule: mIsLteEpsOnlyAttached(0):false
08-30 15:11:32.827  5521  5593 W NetworkManager_FLP: updateServiceStateChanged, serviceState=0 / isRegistered=true / channel=83 / networkTypeName=EDGE / nr=false
08-30 15:11:32.827  3892  3943 V sec_audio_hw: sec_dev_set_parameters : l_call_2g_tdma=true
08-30 15:11:32.827  3892  3943 D audio_hw_primary_abox: device-adev_set_parameters: enter with key(l_call_2g_tdma=true)
08-30 15:11:32.827  5521  5593 I NetworkManager_FLP: Success to update networkStatus, Service=0 / Network=GSM(band=900, ch=83) / MobileData=false, roaming=false / WIFI=true, conn=true / BT=false, conn=false
08-30 15:11:32.827  3892  3943 D audio_hw_primary_abox: device-adev_set_parameters: exit
08-30 15:11:32.826  4349  5464 I LocationAccessPolicy: checkLocationPermission - callingUid: 10062, callingPid: 12243, resultForFine: DENIED_HARD
08-30 15:11:32.828  4349  5464 I LocationAccessPolicy: checkLocationPermission - callingUid: 10062, callingPid: 12243, resultForCoarse: DENIED_HARD
08-30 15:11:32.829  4349  4371 D PersonaActivityHelper: Activity not in resumed state, do not run immediate lock
08-30 15:11:32.829  4708  4881 D MobileSignalIconsSelector: getDataIconGroup(): 13
08-30 15:11:32.830 23627 23627 D LifecycleMonitor: Lifecycle status change: androidx.test.core.app.InstrumentationActivityInvoker$BootstrapActivity@1784be3 in: PAUSED
08-30 15:11:32.830 23627 23627 V ActivityScenario: Activity lifecycle changed event received but ignored because the intent does not match. startActivityIntent=Intent { act=android.intent.action.MAIN cat=[android.intent.category.LAUNCHER] cmp=com.example.dogglers/.VerticalListActivity }, activity.getIntent()=Intent { act=android.intent.action.MAIN cat=[android.intent.category.LAUNCHER] flg=0x10008000 cmp=com.example.dogglers/androidx.test.core.app.InstrumentationActivityInvoker$BootstrapActivity (has extras) }, activity=androidx.test.core.app.InstrumentationActivityInvoker$BootstrapActivity@1784be3
08-30 15:11:32.831  4349  5464 I LocationAccessPolicy: checkLocationPermission - callingUid: 10028, callingPid: 4635, resultForFine: DENIED_HARD
08-30 15:11:32.831  5057  5284 I PdnController<0>: Default Phone Id = :0MobileConnected=false
08-30 15:11:32.831  4349  5464 I LocationAccessPolicy: checkLocationPermission - callingUid: 10028, callingPid: 4635, resultForCoarse: DENIED_HARD
08-30 15:11:32.834  5057  5284 I PdnController<0>: onServiceStateChanged: state={mVoiceRegState=0(IN_SERVICE), mDataRegState=0(IN_SERVICE), mChannelNumber=83, duplexMode()=0, mCellBandwidths=[], isManualNetworkSelection=true(manual), getRilVoiceRadioTechnology=2(EDGE), getRilDataRadioTechnology=2(EDGE), mCssIndicator=unsupported, mCdmaRoamingIndicator=-1, mCdmaDefaultRoamingIndicator=-1, VoiceRegType=0, ImsVoiceAvail=1, Snap=0, MobileVoice=IN_SERVICE, MobileData=IN_SERVICE, MobileDataRoamingType=home, MobileDataRat=EDGE, PsOnly=false, FemtocellInd=0, SprDisplayRoam=false, NrBearerStatus=0, 5gStatus=0, mIsEmergencyOnly=false, isUsingCarrierAggregation=false, mLteEarfcnRsrpBoost=0, mNetworkRegistrationInfos=[NetworkRegistrationInfo{ domain=CS transportType=WWAN registrationState=HOME roamingType=NOT_ROAMING accessNetworkTechnology=EDGE rejectCause=0 emergencyEnabled=false availableServices=[VOICE,SMS,VIDEO] cellIdentity=CellIdentityGsm:{ mLac=1***2 mCid=6***3 mArfcn=83 mBsic=0x39 mMcc=255 mMnc=01 mAlphaLong=Vodafone UA mAlphaShort=Vodafone UA mAdditionalPlmns={}} voiceSpecificInfo=VoiceSpecificRegistrationInfo { mCssSupported=false mRoamingIndicator=0 mSystemIsInPrl=0 mDefaultRoamingIndicator=0} dataSpecificInfo=null nrState=NONE rRplmn=25501}, NetworkRegistrationInfo{ domain=PS transportType=WWAN registrationState=HOME roamingType=NOT_ROAMING accessNetworkTechnology=EDGE rejectCause=0 emergencyEnabled=false availableServices=[DATA] cellIdentity=CellIdentityGsm:{ mLac=1***2 mCid=6***3 mArfcn=83 mBsic=0x39 mMcc=255 mMnc=01 mAlphaLong=Vodafone UA mAlphaShort=Vodafone UA mAdditionalPlmns={}} voiceSpecificInfo=null dataSpecificInfo=android.telephony.DataSpecificRegistrationInfo :{ maxDataCalls = 4 isDcNrRestricted = false isNrAvailable = false isEnDcAvailable = false LteVopsSupportInfo :  mVopsSupport = 1 mEmcBearerSupport = 1 mIsUsingCarrierAggregation = false } nrState=NONE rRplmn=25501}], mNrFrequencyRange=0, mIsDataRoamingFromRegistration=false, mIsIwlanPreferred=false}Changed=VoPS:NOT_SUPPORTED=>UNKNOWN, VoiceNet:13=>2
08-30 15:11:32.834  4349  6779 V WindowOrientationListener: getProposedRotation: -1
08-30 15:11:32.834  5057  5284 I PdnController<0>: notifyDataConnectionState
08-30 15:11:32.834  5057  5284 I PdnController<0>: notifyDataConnectionState: needNotify=true networkType=2 isEpdgConnected=false dataNetType=13=>2 dataRegState=0=>0
08-30 15:11:32.835 13855 13915 I Rubin   : [72465] CountryMonitor$5.run(CountryMonitor.java:186) : Start Country Analysis
08-30 15:11:32.836  5057  5284 I PdnController: isWifiConnected: [type: WIFI[], state: CONNECTED/CONNECTED, reason: (unspecified), extra: , failover: false, available: true, roaming: false]
08-30 15:11:32.837  5057  5284 I ImsCallSessionManager: onDataConnectionStateChanged(): networkType [EDGE]isWifiConnected [true], phoneId [0]
08-30 15:11:32.840  4349  6779 D InputDispatcher: Focused application set to (0): 28792a0
08-30 15:11:32.840  5057  5284 I PdnController: isWifiConnected: [type: WIFI[], state: CONNECTED/CONNECTED, reason: (unspecified), extra: , failover: false, available: true, roaming: false]
08-30 15:11:32.843  5057  5284 I PdnController: isWifiConnected: [type: WIFI[], state: CONNECTED/CONNECTED, reason: (unspecified), extra: , failover: false, available: true, roaming: false]
08-30 15:11:32.845  5057  5284 I RegiMgr-Handler<0>: onDataConnectionStateChanged(): networkType [EDGE], isWifiConnected [true]
08-30 15:11:32.845  5057  5284 I PdnController<0>: notifySnapshotState: snapshotState=0 old=0
08-30 15:11:32.847  3976  4318 I SurfaceFlinger: id=38613 createSurf (0x0),-1 flag=24000, Surface(name=ActivityRecord{b6d0c38 u0 com.example.dogglers/androidx.test.core.app.InstrumentationActivityInvoker$BootstrapActivity t1425})/@0xc511a2a - animation-leash#0
08-30 15:11:32.847  5057  5284 I ImsIconManager<0>: onServiceStateChanged({mVoiceRegState=0(IN_SERVICE), mDataRegState=0(IN_SERVICE), mChannelNumber=83, duplexMode()=0, mCellBandwidths=[], isManualNetworkSelection=true(manual), getRilVoiceRadioTechnology=2(EDGE), getRilDataRadioTechnology=2(EDGE), mCssIndicator=unsupported, mCdmaRoamingIndicator=-1, mCdmaDefaultRoamingIndicator=-1, VoiceRegType=0, ImsVoiceAvail=1, Snap=0, MobileVoice=IN_SERVICE, MobileData=IN_SERVICE, MobileDataRoamingType=home, MobileDataRat=EDGE, PsOnly=false, FemtocellInd=0, SprDisplayRoam=false, NrBearerStatus=0, 5gStatus=0, mIsEmergencyOnly=false, isUsingCarrierAggregation=false, mLteEarfcnRsrpBoost=0, mNetworkRegistrationInfos=[NetworkRegistrationInfo{ domain=CS transportType=WWAN registrationState=HOME roamingType=NOT_ROAMING accessNetworkTechnology=EDGE rejectCause=0 emergencyEnabled=false availableServices=[VOICE,SMS,VIDEO] cellIdentity=CellIdentityGsm:{ mLac=1***2 mCid=6***3 mArfcn=83 mBsic=0x39 mMcc=255 mMnc=01 mAlphaLong=Vodafone UA mAlphaShort=Vodafone UA mAdditionalPlmns={}} voiceSpecificInfo=VoiceSpecificRegistrationInfo { mCssSupported=false mRoamingIndicator=0 mSystemIsInPrl=0 mDefaultRoamingIndicator=0} dataSpecificInfo=null nrState=NONE rRplmn=25501}, NetworkRegistrationInfo{ domain=PS transportType=WWAN registrationState=HOME roamingType=NOT_ROAMING accessNetworkTechnology=EDGE rejectCause=0 emergencyEnabled=false availableServices=[DATA] cellIdentity=CellIdentityGsm:{ mLac=1***2 mCid=6***3 mArfcn=83 mBsic=0x39 mMcc=255 mMnc=01 mAlphaLong=Vodafone UA mAlphaShort=Vodafone UA mAdditionalPlmns={}} voiceSpecificInfo=null dataSpecificInfo=android.telephony.DataSpecificRegistrationInfo :{ maxDataCalls = 4 isDcNrRestricted = false isNrAvailable = false isEnDcAvailable = false LteVopsSupportInfo :  mVopsSupport = 1 mEmcBearerSupport = 1 mIsUsingCarrierAggregation = false } nrState=NONE rRplmn=25501}], mNrFrequencyRange=0, mIsDataRoamingFromRegistration=false, mIsIwlanPreferred=false})
08-30 15:11:32.847  5057  5284 I ImsIconManager<0>: setCurrentNetworkType:2
08-30 15:11:32.847  5057  5284 I ImsIconManager<0>: setCurrentServiceState:0
08-30 15:11:32.847  5057  5284 I ImsIconManager<0>: setCurrentVoiceRatType:2
08-30 15:11:32.848  5057  5284 I ImsIconManager<0>: setCurrentRoamingState:false
08-30 15:11:32.848  5057  5284 I RegiMgr-Handler: handleMessage: EVENT_NETWORK_TYPE
08-30 15:11:32.848  5057  5284 I RegiMgr-NetEvtCtr<0>: onNetworkChanged: suspendByIrat=false
08-30 15:11:32.848  3976  4318 I SurfaceFlinger: id=38614 createSurf (0x0),-1 flag=20004, Dim Layer for - Task=1425 - animating-dim#0
08-30 15:11:32.849  5057  5284 I RegiMgr<0>: updatePani RegisterTask[0][mProfile=Global GC RCS, mRegistrationRat=18, mPdnType=1, mState=REGISTERED, mObject=UserAgent - :
08-30 15:11:32.849  5057  5284 I RegiMgr<0>:  total records=6692
08-30 15:11:32.849  5057  5284 I RegiMgr<0>:  rec[0]: time=08-30 15:09:39.161 processed=ReadyState org=RegisteredState dest=<null> what=34(0x22)
08-30 15:11:32.849  5057  5284 I RegiMgr<0>:  rec[1]: time=08-30 15:09:44.364 processed=ReadyState org=RegisteredState dest=<null> what=34(0x22)
08-30 15:11:32.849  5057  5284 I RegiMgr<0>:  rec[2]: time=08-30 15:09:44.365 processed=ReadyState org=RegisteredState dest=<null> what=50(0x32)
08-30 15:11:32.849  5057  5284 I RegiMgr<0>:  rec[3]: time=08-30 15:09:49.873 processed=ReadyState org=RegisteredState dest=<null> what=34(0x22)
08-30 15:11:32.849  5057  5284 I RegiMgr<0>:  rec[4]: time=08-30 15:09:57.423 processed=ReadyState org=RegisteredState dest=<null> what=34(0x22)
08-30 15:11:32.849  5057  5284 I RegiMgr<0>:  rec[5]: time=08-30 15:10:01.256 processed=ReadyState org=RegisteredState dest=<null> what=34(0x22)
08-30 15:11:32.849  5057  5284 I RegiMgr<0>:  rec[6]: time=08-30 15:10:01.257 processed=ReadyState org=RegisteredState dest=<null> what=50(0x32)
08-30 15:11:32.849  5057  5284 I RegiMgr<0>:  rec[7]: time=08-30 15:10:01.412 processed=ReadyState org=RegisteredState dest=<null> what=34(0x22)
08-30 15:11:32.849  5057  5284 I RegiMgr<0>:  rec[8]: time=08-30 15:10:34.367 processed=ReadyState org=RegisteredState dest=<null> what=34(0x22)
08-30 15:11:32.849  5057  5284 I RegiMgr<0>:  rec[9]: time=08-30 15:10:34.369 processed=ReadyState org=RegisteredState dest=<null> what=50(0x32)
08-30 15:11:32.849  5057  5284 I RegiMgr<0>:  rec[10]: time=08-30 15:10:34.599 processed=ReadyState org=RegisteredState dest=<null> what=34(0x22)
08-30 15:11:32.849  5057  5284 I RegiMgr<0>:  rec[11]: time=08-30 15:10:34.632 processed=ReadyState org=RegisteredState dest=<null> what=34(0x22)
08-30 15:11:32.849  5057  5284 I RegiMgr<0>:  rec[12]: time=08-30 15:10:51.268 processed=ReadyState org=RegisteredState dest=<null> what=34(0x22)
08-30 15:11:32.849  5057  5284 I RegiMgr<0>:  rec[13]: time=08-30 15:10:51.268 processed=ReadyState org=RegisteredState dest=<null> what=50(0x32)
08-30 15:11:32.849  5057  5284 I RegiMgr<0>:  rec[14]: time=08-30 15:10:51.409 processed=ReadyState org=RegisteredState dest=<null> what=34(0x22)
08-30 15:11:32.849  5057  5284 I RegiMgr<0>:  rec[15]: time=08-30 15:10:51.433 processed=ReadyState org=RegisteredState dest=<null> what=34(0x22)
08-30 15:11:32.849  5057  5284 I RegiMgr<0>:  rec[16]: time=08-30 15:11:22.220 processed=ReadyState org=RegisteredState dest=<null> what=34(0x22)
08-30 15:11:32.849  5057  5284 I RegiMgr<0>:  rec[17]: time=08-30 15:11:22.221 processed=ReadyState org=RegisteredState dest=<null> what=50(0x32)
08-30 15:11:32.849  5057  5284 I RegiMgr<0>:  rec[18]: time=08-30 15:11:22.338 processed=ReadyState org=RegisteredState dest=<null> what=34(0x22)
08-30 15:11:32.849  5057  5284 I RegiMgr<0>:  rec[19]: time=08-30 15:11:22.356 processed=ReadyState org=RegisteredState dest=<null> what=34(0x22)
08-30 15:11:32.849  5057  5284 I RegiMgr<0>: curState=RegisteredState
08-30 15:11:32.849  5057  5284 I RegiMgr<0>: , mReason=, mPcscfHostname=ua-vodafone.rcs.telephony.goog, mDeregiReason=41]
08-30 15:11:32.850  3976  4318 I SurfaceFlinger: id=38615 createSurf (0x0),-1 flag=24000, Surface(name=Dim Layer for - Task=1425 - animating-dim)/@0x2147f91 - animation-leash#0
08-30 15:11:32.850  5057  5284 I PaniGenerator<0>: generate: subId - 2
08-30 15:11:32.851  3976  4318 I SurfaceFlinger: id=38616 createSurf (0x0),-1 flag=80004, Surface(name=ActivityRecord{b6d0c38 u0 com.example.dogglers/androidx.test.core.app.InstrumentationActivityInvoker$BootstrapActivity t1425})/@0xc511a2a - animation-bounds#0
08-30 15:11:32.852  4349  6779 I SurfaceControl: nativeRelease nativeObject s[476017199552]
08-30 15:11:32.852  4349  6779 I SurfaceControl: nativeRelease nativeObject e[476017199552]
08-30 15:11:32.852  5057  5284 I PaniGenerator<0>: generate: network=18, fallbackPlmn=
08-30 15:11:32.852  5057  5284 E GlobalSettingsRepoBase: globalgcsettings No matched key : iwlan_pani_format
08-30 15:11:32.853  5057  5284 I PaniGenerator<0>: generateWiFiPani: Format for generating PANI - <PREFIX>;<NODE_ID>
08-30 15:11:32.854  5057  5284 I PaniGenerator: WifiManager.getBSSID(): [3c:cd:57:70:16:5d]
08-30 15:11:32.854  5057  5284 I PaniGenerator<0>: generateWiFiPani: normalized PANI: IEEE-802.11;i-wlan-node-id=3ccd5770165d
08-30 15:11:32.854  5057  5284 I PaniGenerator: setLkcForLastPani: No Last PANI header for Global GC RCS
08-30 15:11:32.855  3976  4318 I Layer   : id=38614 removeFromCurrentState Dim Layer for - Task=1425 - animating-dim#0 (98)
08-30 15:11:32.855  5057  5284 I UserAgent<0>: updatePani: pani=IEEE-802.11;i-wlan-node-id=3ccd5770165d, updatePani: lastPani=3GPP-E-UTRAN-FDD;utran-cell-id-3gpp=255065b0ce060b1f;"2023-08-30T15:11:32+0300"
08-30 15:11:32.855  5057  5628 I StackIF : updatePani: 12456 pani: [IEEE-802.11;i-wlan-node-id=3ccd5770165d, 3GPP-E-UTRAN-FDD;utran-cell-id-3gpp=255065b0ce060b1f;"2023-08-30T15:11:32+0300"]
08-30 15:11:32.855  5057  5628 I SECIMSJ : [6135]> 204
08-30 15:11:32.856  5057  5628 I StackIF : updateRat: 12456 network: 2
08-30 15:11:32.856  5057  5634 I [IMS6.0]: IMS_onResponse()
08-30 15:11:32.856  5057  5628 I SECIMSJ : [6136]> 80
08-30 15:11:32.856  5057  5634 I StackIF : processMessage 2
08-30 15:11:32.856  5057  5634 I StackIF : Processing Response
08-30 15:11:32.856  5057  5634 I SECIMSJ : [6135]< 600
08-30 15:11:32.856  5057  5634 I StackIF : processResponse: reqId 600
08-30 15:11:32.856  5057  5634 I StackIF : processResponse: handle 12456 result 0 reason 0
08-30 15:11:32.857  5057  5634 I [IMS6.0]: IMS_onResponse()
08-30 15:11:32.857  5057  5634 I StackIF : processMessage 2
08-30 15:11:32.857  5057  5634 I StackIF : Processing Response
08-30 15:11:32.857  5057  5634 I SECIMSJ : [6136]< 602
08-30 15:11:32.857  5057  5634 I StackIF : processResponse: reqId 602
08-30 15:11:32.857  5057  5634 I StackIF : processResponse: handle 12456 result 0 reason 0
08-30 15:11:32.859  4349  4372 V WindowManager: Relayout Window{cd4709c u0 Splash Screen com.example.dogglers}: viewVisibility=0 req=720x1560
08-30 15:11:32.859  3976  4318 I SurfaceFlinger: id=38614 Removed Dim Layer for - Task=1425 - animating-dim#0 (98)
08-30 15:11:32.861  4349  4372 I SurfaceControl: nativeRelease nativeObject s[477996349248]
08-30 15:11:32.861  4349  4372 I SurfaceControl: nativeRelease nativeObject e[477996349248]
08-30 15:11:32.861  5057  5284 I RegiMgr-NetEvtCtr<0>: onNetworkEventChanged:Changed Event: Network type(13=>16), Voice network(13=>2), VoPS(NOT_SUPPORTED=>UNKNOWN)
08-30 15:11:32.861  5057  5284 I UtServiceModule<0>: onNetworkChanged to NetworkEvent [network=16, voiceNetwork=2, voiceOverPs=UNKNOWN, outOfService=false, isDataRoaming=false, isVoiceRoaming=false, csOutOfService=false, isWifiConnected=true, isEpdgConnected=false, isEpdgAvailable=false, operatorNumeric=25501, isPsOnlyReg=false, isDataConnected=false]
08-30 15:11:32.861  5057  5284 I ImModule: onNetworkChanged phoneId:0, to NetworkEvent [network=16, voiceNetwork=2, voiceOverPs=UNKNOWN, outOfService=false, isDataRoaming=false, isVoiceRoaming=false, csOutOfService=false, isWifiConnected=true, isEpdgConnected=false, isEpdgAvailable=false, operatorNumeric=25501, isPsOnlyReg=false, isDataConnected=false]
08-30 15:11:32.861  5057  5284 I ImModule: updateFeatures: phoneId = 0
08-30 15:11:32.862  5057  5284 I ImsServiceSwitchEur[0]:  isRcsEnabled: true mDefaultSms true mUpsmEnabled false mEmergencyEnabled false
08-30 15:11:32.862  4349  4372 V WindowManager: Relayout hash=cd4709c, pid=4349: mAttrs={(0,0)(fillxfill) sim={adjust=pan} layoutInDisplayCutoutMode=shortEdges ty=APPLICATION_STARTING wanim=0x1030001
08-30 15:11:32.862  4349  4372 V WindowManager:   fl=1830118
08-30 15:11:32.862  4349  4372 V WindowManager:   pfl=12020011
08-30 15:11:32.862  4349  4372 V WindowManager:   fitSides= naviIconColor=0}
08-30 15:11:32.862  5057  5284 I ImsServiceSwitchEur[0]:  isRcsEnabled: true mDefaultSms true mUpsmEnabled false mEmergencyEnabled false
08-30 15:11:32.865  4349  4372 I SurfaceControl: nativeRelease nativeObject s[477997784704]
08-30 15:11:32.865  4349  4372 I SurfaceControl: nativeRelease nativeObject e[477997784704]
08-30 15:11:32.865  4349  4372 I SurfaceControl: nativeRelease nativeObject s[477997784800]
08-30 15:11:32.865  4349  4372 I SurfaceControl: nativeRelease nativeObject e[477997784800]
08-30 15:11:32.865  4349  4372 I ViewRootImpl@6770702[dogglers]: Relayout returned: old=(0,0,720,1560) new=(0,0,720,1560) req=(720,1560)0 dur=23 res=0x1 s={true 476020408320} ch=false fn=2
08-30 15:11:32.865  3899  3953 D gralloc : [mali_gralloc_allocate] begin
08-30 15:11:32.865  3899  3953 D gralloc : buffer_descriptor: wh(720 1560) usage_pc(0x966 0x906) hal_format(0x1) layer_count(1) sizes(0 0 0) strde(0) byte_stride(0) alloc_wh(0 0) internal_format(0x0) alloc_format(0x0) fd_count(1) plane_count(0)
08-30 15:11:32.866  3899  3953 D gralloc : [mali_gralloc_allocate] allocation successful
08-30 15:11:32.871 23627 23627 D LifecycleMonitor: Lifecycle status change: com.example.dogglers.VerticalListActivity@da0776a in: PRE_ON_CREATE
08-30 15:11:32.872 23627 23627 V ActivityScenario: Activity lifecycle changed event received but ignored because the reported transition was not ON_CREATE while the last known transition was PRE_ON_CREATE
08-30 15:11:32.873  3976  3976 I Layer   : id=38614[1] Destroyed Dim Layer for - Task=1425 - animating-dim#0
08-30 15:11:32.875  4349  4372 I ViewRootImpl@6770702[dogglers]: [DP] pdf(0) 1 android.view.ViewRootImpl.performDraw:4809 android.view.ViewRootImpl.performTraversals:3866 android.view.ViewRootImpl.doTraversal:2618
08-30 15:11:32.875  4349  4372 I ViewRootImpl@6770702[dogglers]: [DP] rdf()
08-30 15:11:32.879  5057  5284 I ImModule: isDefaultMessageAppInUse : true
08-30 15:11:32.879  5057  5284 E GlobalSettingsRepoBase: globalgcsettings No matched key : support_cancel_message
08-30 15:11:32.880  5057  5284 I ImsServiceSwitchEur[0]:  isRcsEnabled: true mDefaultSms true mUpsmEnabled false mEmergencyEnabled false
08-30 15:11:32.880  4666  4681 I m.android.phon: Background concurrent copying GC freed 206805(10MB) AllocSpace objects, 4(72KB) LOS objects, 49% free, 10MB/21MB, paused 134us total 137.912ms
08-30 15:11:32.880  5057  5284 I ImsServiceSwitchEur[0]:  isRcsEnabled: true mDefaultSms true mUpsmEnabled false mEmergencyEnabled false
08-30 15:11:32.881  5057  5284 I ImsServiceSwitchEur[0]:  isRcsEnabled: true mDefaultSms true mUpsmEnabled false mEmergencyEnabled false
08-30 15:11:32.882  5057  5284 I ImsServiceSwitchEur[0]:  isRcsEnabled: true mDefaultSms true mUpsmEnabled false mEmergencyEnabled false
08-30 15:11:32.882  5057  5284 I ConfigProvider: query uri:xxxxx
08-30 15:11:32.887 23627 23627 I DecorView: [INFO] isPopOver=false, config=true
08-30 15:11:32.887 23627 23627 I DecorView: updateCaptionType >> DecorView@b03f3d3[], isFloating=false, isApplication=true, hasWindowDecorCaption=false, hasWindowControllerCallback=true
08-30 15:11:32.887 23627 23627 D DecorView: setCaptionType = 0, this = DecorView@b03f3d3[]
08-30 15:11:32.894  5057  5284 I ConfigProvider: queryStorage path content://com.samsung.rcs.autoconfigurationprovider/parameter/geolocPushAuth#simslot0
08-30 15:11:32.895  5057  5284 I FeatureUpdater: isEnableGls: true
08-30 15:11:32.896  5057  5284 I ImsServiceSwitchEur[0]:  isRcsEnabled: true mDefaultSms true mUpsmEnabled false mEmergencyEnabled false
08-30 15:11:32.896  5057  5284 I CapexInfo: getFeatureTag: features = 1099513200780 [128, 1099511627776, 4, 8, 524288, 1048576]
08-30 15:11:32.896  5057  5284 I FeatureUpdater: updateFeatures: +g.3gpp.iari-ref="urn%3Aurn-7%3A3gpp-application.ims.iari.rcs.fthttp",+g.3gpp.iari-ref="urn%3Aurn-7%3A3gpp-application.ims.iari.rcs.chatbot",+g.3gpp.iari-ref="urn%3Aurn-7%3A3gpp-application.ims.iari.rcse.im",+g.3gpp.iari-ref="urn%3Aurn-7%3A3gpp-application.ims.iari.rcs.fullsfgroupchat",+g.3gpp.iari-ref="urn%3Aurn-7%3A3gpp-application.ims.iari.rcs.geopush",+g.3gpp.iari-ref="urn%3Aurn-7%3A3gpp-application.ims.iari.joyn.intmsg",
08-30 15:11:32.897  5057  5284 I ImModule: FEATURE_CHATBOT_EXTENDED_MSG enabled ver:1.2
08-30 15:11:32.897  5057  5284 I UiUtils : isDualRcsReg: mIsDualRcsReg false
08-30 15:11:32.897  5057  5284 I SmsServiceModule: regInfo: null
08-30 15:11:32.897  5057  5284 I SmsServiceModule: disallow sms Service
08-30 15:11:32.897  5057  5284 I SmsServiceModule: Sms Service queryCapabilityStatus[0]: removeCapabilities CAPABILITY_TYPE_SMS
08-30 15:11:32.897  5057  5284 E CmcServiceHelper: disallow Call Service
