08-30 15:11:24.879 23627 23627 I SurfaceControl: nativeRelease nativeObject e[478247330656]
08-30 15:11:24.879 23627 23627 I SurfaceControl: nativeRelease nativeObject s[476571790240]
08-30 15:11:24.879 23627 23627 I SurfaceControl: nativeRelease nativeObject e[476571790240]
08-30 15:11:24.880  3881  3886 E statsd  : Predicate -7037417284711607308 dropping data for dimension key (10)0x2010101->10429[I] (10)0x30000->*launch*[S]
08-30 15:11:24.881  3976  3976 I Layer   : id=38382[1] Destroyed Splash Screen com.example.dogglers#0
08-30 15:11:24.882  7475  7475 I HBD     : h getDefaultInputRange : UNKNOWN
08-30 15:11:24.882  4349  4358 I system_server: Background young concurrent copying GC freed 152821(9809KB) AllocSpace objects, 211(4284KB) LOS objects, 9% free, 111MB/123MB, paused 854us total 233.724ms
08-30 15:11:24.882  7475  7475 I HBD     : a currentState : 0
08-30 15:11:24.884  3976  3976 D SurfaceFlinger: Display 0 HWC layers:
08-30 15:11:24.884  3976  3976 D SurfaceFlinger:      DEVICE | 0x74f0413cc0 | 0002 | RGBA_8888    |    0.0    0.0  720.0 1560.0 |    0    0  720 1560 | com.example.dogglers/com.example.dogglers.HorizontalListActivity$_23627#0
08-30 15:11:24.884  3976  3976 D SurfaceFlinger:      DEVICE | 0x74f0414e40 | 0000 | RGBA_8888    |    0.0    0.0  720.0   53.0 |    0    0  720   53 | StatusBar$_4708#0
08-30 15:11:24.884  3976  3976 D SurfaceFlinger:      DEVICE | 0x74d157fa00 | 0000 | RGBA_8888    |    0.0    0.0   67.0  232.0 |  653  151  720  383 | com.samsung.android.app.cocktailbars[...]rservice.CocktailBarService$_14146#0
08-30 15:11:24.884  3976  3976 D SurfaceFlinger:      DEVICE | 0x75743a7380 | 0000 | RGBA_8888    |    0.0    0.0  720.0   84.0 |    0 1476  720 1560 | NavigationBar0$_4708#0
08-30 15:11:24.884  3976  3976 D SurfaceFlinger:      DEVICE | 0x74f0413e00 | 0000 | RGBA_8888    |    0.0    0.0  720.0  101.0 |    0    0  720  101 | ScreenDecorOverlay$_4708#0
08-30 15:11:24.884  3976  3976 D SurfaceFlinger:      DEVICE | 0x75743a7b00 | 0000 | RGBA_8888    |    0.0    0.0  720.0  101.0 |    0 1459  720 1560 | ScreenDecorOverlayBottom$_4708#0
08-30 15:11:24.884  3976  3976 D SurfaceFlinger:
08-30 15:11:24.884  7475  7475 I HBD     : h load selected json info : {"version":"1.0","currentLanguageOrder":2,"selected":[{"activeOptionList":["auto_replace","spell_check","auto_spacing"],"engName":"Russian","id":3342336,"inputType":"qwerty","isUsed":true},{"activeOptionList":["auto_replace","spell_check","auto_spacing"],"engName":"English","id":65537,"inputType":"qwerty","isUsed":true},{"activeOptionList":["auto_replace","spell_check","auto_spacing"],"engName":"Ukrainian","id":4456448,"inputType":"qwerty","isUsed":true}]}
08-30 15:11:24.885 23627 23627 D LifecycleMonitor: Lifecycle status change: com.example.dogglers.HorizontalListActivity@8041ee7 in: PAUSED
08-30 15:11:24.885  7475  7475 I HBD     : a [UpdatePolicy] [post] a: 0 cl: 4456448 kit: [0/0] vt: 0 ir: 1
08-30 15:11:24.886 23627 23627 V ActivityScenario: Update currentActivityStage to PAUSED, currentActivity=com.example.dogglers.HorizontalListActivity@8041ee7
08-30 15:11:24.886  7475  7475 I HBD     : HoneyBoardService [PF_OP][onStartInput]  36938577 ns
08-30 15:11:24.888  4349  4360 W System  : A resource failed to call release.
08-30 15:11:24.888  4349  4360 I SurfaceControl: nativeRelease nativeObject s[478079926240]
08-30 15:11:24.888  4349  4360 I SurfaceControl: nativeRelease nativeObject e[478079926240]
08-30 15:11:24.889  4349  5464 V WindowOrientationListener: getProposedRotation: -1
08-30 15:11:24.889  4349  5464 V WindowOrientationListener: getProposedRotation: -1
08-30 15:11:24.889  4349  4360 W System  : A resource failed to call release.
08-30 15:11:24.889  4349  4360 I SurfaceControl: nativeRelease nativeObject s[477997775200]
08-30 15:11:24.889  4349  4360 I SurfaceControl: nativeRelease nativeObject e[477997775200]
08-30 15:11:24.889  3976  4002 I SurfaceFlinger: id=38378 Removed Surface(name=749d536 InputMethod)/@0x72f94d3 - animation-leash#1 (95)
08-30 15:11:24.889  4349  4360 W System  : A resource failed to call release.
08-30 15:11:24.889  4349  4360 I SurfaceControl: nativeRelease nativeObject s[476021495328]
08-30 15:11:24.889  4349  4360 I SurfaceControl: nativeRelease nativeObject e[476021495328]
08-30 15:11:24.889  3976  4002 I SurfaceFlinger: id=38373 Removed Surface(name=b07ecc5 NavigationBar0)/@0xa8376fc - animation-leash#0 (95)
08-30 15:11:24.889  4349  4360 W System  : A resource failed to call release.
08-30 15:11:24.889  4349  4360 I SurfaceControl: nativeRelease nativeObject s[476011685184]
08-30 15:11:24.889  4349  4360 I SurfaceControl: nativeRelease nativeObject e[476011685184]
08-30 15:11:24.889  3976  4002 I SurfaceFlinger: id=38372 Removed Surface(name=1096c8d StatusBar)/@0xeaf4dd0 - animation-leash#1 (95)
08-30 15:11:24.890  4349  5464 V WindowOrientationListener: getProposedRotation: -1
08-30 15:11:24.892  4349  4360 W System  : A resource failed to call release.
08-30 15:11:24.892  4349  4360 I SurfaceControl: nativeRelease nativeObject s[478079924800]
08-30 15:11:24.892  4349  4360 I SurfaceControl: nativeRelease nativeObject e[478079924800]
08-30 15:11:24.893  4349  5464 D InputDispatcher: Focused application set to (0): bf36cbe
08-30 15:11:24.895  3976  3976 I Layer   : id=38378[1] Destroyed Surface(name=749d536 InputMethod)/@0x72f94d3 - animation-leash#1
08-30 15:11:24.895  3976  3976 I Layer   : id=38372[1] Destroyed Surface(name=1096c8d StatusBar)/@0xeaf4dd0 - animation-leash#1
08-30 15:11:24.895  3976  3976 I Layer   : id=38373[1] Destroyed Surface(name=b07ecc5 NavigationBar0)/@0xa8376fc - animation-leash#0
08-30 15:11:24.903  4349  4360 W System  : A resource failed to call release.
08-30 15:11:24.903  4349  4360 I SurfaceControl: nativeRelease nativeObject s[477997783264]
08-30 15:11:24.903  4349  4360 I SurfaceControl: nativeRelease nativeObject e[477997783264]
08-30 15:11:24.903  3976  4002 I SurfaceFlinger: id=38340 Removed Surface(name=749d536 InputMethod)/@0x72f94d3 - animation-leash#0 (92)
08-30 15:11:24.908 23627 23627 D LifecycleMonitor: Lifecycle status change: androidx.test.core.app.InstrumentationActivityInvoker$EmptyActivity@2b4948e in: PRE_ON_CREATE
08-30 15:11:24.908 23627 23627 V ActivityScenario: Activity lifecycle changed event received but ignored because the intent does not match. startActivityIntent=Intent { act=android.intent.action.MAIN cat=[android.intent.category.LAUNCHER] cmp=com.example.dogglers/.HorizontalListActivity }, activity.getIntent()=Intent { act=android.intent.action.MAIN cat=[android.intent.category.LAUNCHER] flg=0x10000000 cmp=com.example.dogglers/androidx.test.core.app.InstrumentationActivityInvoker$EmptyActivity }, activity=androidx.test.core.app.InstrumentationActivityInvoker$EmptyActivity@2b4948e
08-30 15:11:24.911  3976  3976 I Layer   : id=38340[1] Destroyed Surface(name=749d536 InputMethod)/@0x72f94d3 - animation-leash#0
08-30 15:11:24.912  4349  4372 I SurfaceControl: nativeRelease nativeObject s[476021497152]
08-30 15:11:24.912  4349  4372 I SurfaceControl: nativeRelease nativeObject e[476021497152]
08-30 15:11:24.916  4349  4371 I SemPersonaManager: SecureFolder personaId = 150
08-30 15:11:24.917 23627 23627 I DecorView: [INFO] isPopOver=false, config=true
08-30 15:11:24.917 23627 23627 I DecorView: updateCaptionType >> DecorView@f2670bc[], isFloating=false, isApplication=true, hasWindowDecorCaption=false, hasWindowControllerCallback=true
08-30 15:11:24.917 23627 23627 D DecorView: setCaptionType = 0, this = DecorView@f2670bc[]
08-30 15:11:24.922 23627 23627 D LifecycleMonitor: Lifecycle status change: androidx.test.core.app.InstrumentationActivityInvoker$EmptyActivity@2b4948e in: CREATED
08-30 15:11:24.922 23627 23627 V ActivityScenario: Activity lifecycle changed event received but ignored because the intent does not match. startActivityIntent=Intent { act=android.intent.action.MAIN cat=[android.intent.category.LAUNCHER] cmp=com.example.dogglers/.HorizontalListActivity }, activity.getIntent()=Intent { act=android.intent.action.MAIN cat=[android.intent.category.LAUNCHER] flg=0x10000000 cmp=com.example.dogglers/androidx.test.core.app.InstrumentationActivityInvoker$EmptyActivity }, activity=androidx.test.core.app.InstrumentationActivityInvoker$EmptyActivity@2b4948e
08-30 15:11:24.925 23627 23627 D LifecycleMonitor: Lifecycle status change: androidx.test.core.app.InstrumentationActivityInvoker$EmptyActivity@2b4948e in: STARTED
08-30 15:11:24.925 23627 23627 V ActivityScenario: Activity lifecycle changed event received but ignored because the intent does not match. startActivityIntent=Intent { act=android.intent.action.MAIN cat=[android.intent.category.LAUNCHER] cmp=com.example.dogglers/.HorizontalListActivity }, activity.getIntent()=Intent { act=android.intent.action.MAIN cat=[android.intent.category.LAUNCHER] flg=0x10000000 cmp=com.example.dogglers/androidx.test.core.app.InstrumentationActivityInvoker$EmptyActivity }, activity=androidx.test.core.app.InstrumentationActivityInvoker$EmptyActivity@2b4948e
08-30 15:11:24.929  3976  4001 I Layer   : id=38388 removeFromCurrentState Surface(name=Dim Layer for - Task=1419 - animating-dim)/@0xe5cc614 - animation-leash#0 (91)
08-30 15:11:24.929  3976  4002 I SurfaceFlinger: id=38388 Removed Surface(name=Dim Layer for - Task=1419 - animating-dim)/@0xe5cc614 - animation-leash#0 (91)
08-30 15:11:24.929  4349  6779 I InputDispatcher: Focus left window (23627): c8d3f3  in display 0 0
08-30 15:11:24.935 12736 12736 I dnxg    : onPause
08-30 15:11:24.945  3976  3976 I Layer   : id=38388[1] Destroyed Surface(name=Dim Layer for - Task=1419 - animating-dim)/@0xe5cc614 - animation-leash#0
08-30 15:11:24.958  4349  4371 D EnterpriseDeviceManagerService: isMdmAdminPresentInternal() : MDM Admin Found - com.samsung.knox.securefolder
08-30 15:11:24.965 23627 23627 D LifecycleMonitor: Lifecycle status change: androidx.test.core.app.InstrumentationActivityInvoker$EmptyActivity@2b4948e in: RESUMED
08-30 15:11:24.965 23627 23627 V ActivityScenario: Activity lifecycle changed event received but ignored because the intent does not match. startActivityIntent=Intent { act=android.intent.action.MAIN cat=[android.intent.category.LAUNCHER] cmp=com.example.dogglers/.HorizontalListActivity }, activity.getIntent()=Intent { act=android.intent.action.MAIN cat=[android.intent.category.LAUNCHER] flg=0x10000000 cmp=com.example.dogglers/androidx.test.core.app.InstrumentationActivityInvoker$EmptyActivity }, activity=androidx.test.core.app.InstrumentationActivityInvoker$EmptyActivity@2b4948e
08-30 15:11:24.970  4349  5108 D InputTransport: Input channel constructed: '8c6c4df', fd=692
08-30 15:11:24.971  4349  5108 D InputTransport: Input channel constructed: '8c6c4df', fd=693
08-30 15:11:24.971  3976  4318 I SurfaceFlinger: id=38397 createSurf (0x0),-1 flag=80004, 8c6c4df com.example.dogglers/androidx.test.core.app.InstrumentationActivityInvoker$EmptyActivity#0
08-30 15:11:24.972  4349  5108 D WindowManager: isScreenshotDisabledLocked - win: Window{8c6c4df u0 com.example.dogglers/androidx.test.core.app.InstrumentationActivityInvoker$EmptyActivity}
08-30 15:11:24.972  4349  5108 D WindowManager: isScreenshotDisabledLocked: userId = 0, disabled =false
08-30 15:11:24.972  4349  5108 D InputTransport: Input channel destroyed: '8c6c4df', fd=693
08-30 15:11:24.973 23627 23627 D InputTransport: Input channel constructed: '8c6c4df', fd=91
08-30 15:11:24.975 23627 23627 I ViewRootImpl@3c7eccb[InstrumentationActivityInvoker$EmptyActivity]: setView = com.android.internal.policy.DecorView@f2670bc TM=true
08-30 15:11:24.979  4349  5108 V WindowManager: Relayout Window{8c6c4df u0 com.example.dogglers/androidx.test.core.app.InstrumentationActivityInvoker$EmptyActivity}: viewVisibility=0 req=720x1560
08-30 15:11:24.981  4349  5108 D WindowManager: isScreenshotDisabledLocked - win: Window{8c6c4df u0 com.example.dogglers/androidx.test.core.app.InstrumentationActivityInvoker$EmptyActivity}
08-30 15:11:24.981  4349  5108 D WindowManager: isScreenshotDisabledLocked: userId = 0, disabled =false
08-30 15:11:24.982  3976  4002 I SurfaceFlinger: id=38398 createSurf (720x1560),1 flag=404, com.example.dogglers/androidx.test.core.app.InstrumentationActivityInvoker$EmptyActivity$_23627#0
08-30 15:11:24.984  4349  5108 I SurfaceControl: nativeRelease nativeObject s[477997776448]
08-30 15:11:24.984  4349  5108 I SurfaceControl: nativeRelease nativeObject e[477997776448]
08-30 15:11:24.985 14146 14146 I TrayStateController: systemUiVisibilityChanged : 0 0
08-30 15:11:24.985  3976  4318 I SurfaceFlinger: id=38399 createSurf (0x0),-1 flag=24000, Surface(name=1096c8d StatusBar)/@0xeaf4dd0 - animation-leash#0
08-30 15:11:24.986  4349  5108 I SurfaceControl: nativeRelease nativeObject s[477997776544]
08-30 15:11:24.986  4349  5108 I SurfaceControl: nativeRelease nativeObject e[477997776544]
08-30 15:11:24.986  3976  4318 I SurfaceFlinger: id=38400 createSurf (0x0),-1 flag=24000, Surface(name=b07ecc5 NavigationBar0)/@0xa8376fc - animation-leash#1
08-30 15:11:24.988  4349  5108 V WindowManager: Relayout hash=8c6c4df, pid=23627: mAttrs={(0,0)(fillxfill) sim={adjust=pan forwardNavigation} ty=BASE_APPLICATION wanim=0x1030001
08-30 15:11:24.988  4349  5108 V WindowManager:   fl=1810100
08-30 15:11:24.988  4349  5108 V WindowManager:   pfl=12020000
08-30 15:11:24.988  4349  5108 V WindowManager:   fitSides= naviIconColor=0}
08-30 15:11:24.988  4349  5108 I SurfaceControl: nativeRelease nativeObject s[477997784416]
08-30 15:11:24.988  4349  5108 I SurfaceControl: nativeRelease nativeObject e[477997784416]
08-30 15:11:24.990 23627 23627 I SurfaceControl: assignNativeObject: nativeObject = 0 Surface(name=null)/@0x647dca8 / android.view.SurfaceControl.readFromParcel:1117 android.view.IWindowSession$Stub$Proxy.relayout:1836 android.view.ViewRootImpl.relayoutWindow:9005 android.view.ViewRootImpl.performTraversals:3360 android.view.ViewRootImpl.doTraversal:2618 android.view.ViewRootImpl$TraversalRunnable.run:9971 android.view.Choreographer$CallbackRecord.run:1010 android.view.Choreographer.doCallbacks:809 android.view.Choreographer.doFrame:744 android.view.Choreographer$FrameDisplayEventReceiver.run:995
08-30 15:11:24.991 23627 23627 I ViewRootImpl@3c7eccb[InstrumentationActivityInvoker$EmptyActivity]: Relayout returned: old=(0,0,720,1560) new=(0,0,720,1560) req=(720,1560)0 dur=11 res=0x7 s={true 478060462080} ch=true fn=-1
08-30 15:11:24.993  3899  3953 D gralloc : [mali_gralloc_allocate] begin
08-30 15:11:24.993  3899  3953 D gralloc : buffer_descriptor: wh(720 1560) usage_pc(0x40000000000b00 0x40000000000b00) hal_format(0x1) layer_count(1) sizes(0 0 0) strde(0) byte_stride(0) alloc_wh(0 0) internal_format(0x0) alloc_format(0x0) fd_count(1) plane_count(0)
08-30 15:11:24.994 23627 23627 I ViewRootImpl@3c7eccb[InstrumentationActivityInvoker$EmptyActivity]: [DP] dp(1) 1 android.view.ViewRootImpl.reportNextDraw:10957 android.view.ViewRootImpl.performTraversals:3845 android.view.ViewRootImpl.doTraversal:2618
08-30 15:11:24.994 23627 23627 I ViewRootImpl@3c7eccb[InstrumentationActivityInvoker$EmptyActivity]: [DP] pd() Asnyc report
08-30 15:11:24.994  3899  3953 D gralloc : [mali_gralloc_allocate] allocation successful
08-30 15:11:24.995  3899  3953 D gralloc : [mali_gralloc_allocate] begin
08-30 15:11:24.995  3899  3953 D gralloc : buffer_descriptor: wh(720 1560) usage_pc(0x40000000000b00 0x40000000000b00) hal_format(0x1) layer_count(1) sizes(0 0 0) strde(0) byte_stride(0) alloc_wh(0 0) internal_format(0x0) alloc_format(0x0) fd_count(1) plane_count(0)
08-30 15:11:24.996  3976  4002 I Layer   : id=38392 removeFromCurrentState Surface(name=1096c8d StatusBar)/@0xeaf4dd0 - animation-leash#1 (94)
08-30 15:11:24.996  3976  4002 I Layer   : id=38393 removeFromCurrentState Surface(name=b07ecc5 NavigationBar0)/@0xa8376fc - animation-leash#0 (94)
08-30 15:11:24.996  3899  3953 D gralloc : [mali_gralloc_allocate] allocation successful
08-30 15:11:24.999  3899  3953 D gralloc : [mali_gralloc_allocate] begin
08-30 15:11:24.999  3899  3953 D gralloc : buffer_descriptor: wh(720 1560) usage_pc(0x40000000000b00 0x40000000000b00) hal_format(0x1) layer_count(1) sizes(0 0 0) strde(0) byte_stride(0) alloc_wh(0 0) internal_format(0x0) alloc_format(0x0) fd_count(1) plane_count(0)
08-30 15:11:25.000  3899  3953 D gralloc : [mali_gralloc_allocate] allocation successful
08-30 15:11:25.002 23627 23627 I ViewRootImpl@3c7eccb[InstrumentationActivityInvoker$EmptyActivity]: [DP] pdf(0) 1 android.view.ViewRootImpl.lambda$performDraw$1$ViewRootImpl:4668 android.view.-$$Lambda$ViewRootImpl$DJd0VUYJgsebcnSohO6h8zc_ONI.run:6 android.os.Handler.handleCallback:938
08-30 15:11:25.002 23627 23627 I ViewRootImpl@3c7eccb[InstrumentationActivityInvoker$EmptyActivity]: [DP] rdf()
08-30 15:11:25.005 23627 23627 I ViewRootImpl@8519a48[HorizontalListActivity]: MSG_WINDOW_FOCUS_CHANGED 0 1
08-30 15:11:25.007  4349  4372 D PkgPredictorService: pkg:com.example.dogglers activity:androidx.test.core.app.InstrumentationActivityInvoker$EmptyActivity thisTime:135
08-30 15:11:25.008  4349  4376 I ActivityTaskManager: Displayed com.example.dogglers/androidx.test.core.app.InstrumentationActivityInvoker$EmptyActivity: +135ms
08-30 15:11:25.009  5589  5589 E pageboostd: Received HALT command code 2
08-30 15:11:25.011 23627 23627 I SurfaceControl: nativeRelease nativeObject s[476571790624]
08-30 15:11:25.011 23627 23627 I SurfaceControl: nativeRelease nativeObject e[476571790624]
08-30 15:11:25.011 23627 23627 I SurfaceControl: nativeRelease nativeObject s[476571788416]
08-30 15:11:25.011 23627 23627 I SurfaceControl: nativeRelease nativeObject e[476571788416]
08-30 15:11:25.011 23627 23627 I SurfaceControl: nativeRelease nativeObject s[476571788224]
08-30 15:11:25.011 23627 23627 I SurfaceControl: nativeRelease nativeObject e[476571788224]
08-30 15:11:25.012  3976  4002 I SurfaceFlinger: id=38393 Removed Surface(name=b07ecc5 NavigationBar0)/@0xa8376fc - animation-leash#0 (94)
08-30 15:11:25.012  3976  5385 I SurfaceFlinger: id=38392 Removed Surface(name=1096c8d StatusBar)/@0xeaf4dd0 - animation-leash#1 (94)
08-30 15:11:25.015  3976  4001 E BufferQueueProducer: [com.example.dogglers/com.example.dogglers.HorizontalListActivity$_23627#0](id:f88000033d3,api:0,p:-1,c:3976) disconnect: not connected (req=1)
08-30 15:11:25.015 23627 23685 W libEGL  : EGLNativeWindowType 0x6efcf29010 disconnect failed
08-30 15:11:25.015  4349  4372 I SurfaceControl: nativeRelease nativeObject s[476011685280]
08-30 15:11:25.015  4349  4372 I SurfaceControl: nativeRelease nativeObject e[476011685280]
08-30 15:11:25.015  4349  4372 I SurfaceControl: nativeRelease nativeObject s[476021496384]
08-30 15:11:25.015  4349  4372 I SurfaceControl: nativeRelease nativeObject e[476021496384]
08-30 15:11:25.017  4349  4372 I SemDvfsHyPerManager: acquire hyper - AMS_RESUME_TAIL/4349@18, type = -999
08-30 15:11:25.017  4349  4372 I SemDvfsHyPerManager: acquire hyper - AMS_ACT_LAZY/4349@19, type = -999
08-30 15:11:25.018  3927  3954 I HYPER-HAL: [RequestManager.cpp]acquire(): Acquired ID : 9537546  [4349 / 18]    HINT : AMS_RESUME_TAIL    list :
08-30 15:11:25.018  3927  3954 E HYPER-HAL: [HandlerSysfs.cpp]doResourceHandling(): Couldn't Open Sysfs - /sys/power/cstate_control
08-30 15:11:25.018  3927  3954 I HYPER-HAL: [ResourceManager.cpp]updateResource(): [CPUMinFreq] UpdateResource Request ID : 9537546    Value : 1560000
08-30 15:11:25.018  3927  3954 I HYPER-HAL: [RequestManager.cpp]acquire(): Acquired ID : 9541915  [4349 / 19]    HINT :      list :
08-30 15:11:25.018  3927  3954 E HYPER-HAL: [Request.cpp]acquire(): Request:: id : 9541915, No Resource to set
08-30 15:11:25.018  3976  4001 I Layer   : id=38386 removeFromCurrentState Surface(name=ActivityRecord{9acc085 u0 com.example.dogglers/androidx.test.core.app.InstrumentationActivityInvoker$BootstrapActivity t1419})/@0x5995b68 - animation-leash#0 (94)
08-30 15:11:25.019  3976  4001 I Layer   : id=38389 removeFromCurrentState Surface(name=ActivityRecord{9acc085 u0 com.example.dogglers/androidx.test.core.app.InstrumentationActivityInvoker$BootstrapActivity t1419})/@0x5995b68 - animation-bounds#0 (94)
08-30 15:11:25.019  3927  3954 E HYPER-HAL: [HandlerSysfs.cpp]doResourceHandling(): Couldn't Open Sysfs - /sys/power/cstate_control
08-30 15:11:25.019  3976  4001 I SurfaceFlinger: id=38386 Removed Surface(name=ActivityRecord{9acc085 u0 com.example.dogglers/androidx.test.core.app.InstrumentationActivityInvoker$BootstrapActivity t1419})/@0x5995b68 - animation-leash#0 (94)
08-30 15:11:25.019  3927  3954 I HYPER-HAL: [ResourceManager.cpp]removeResource(): [CPUMinFreq] RemoveResource Request ID : 9528811
08-30 15:11:25.019  3976  4002 I SurfaceFlinger: id=38389 Removed Surface(name=ActivityRecord{9acc085 u0 com.example.dogglers/androidx.test.core.app.InstrumentationActivityInvoker$BootstrapActivity t1419})/@0x5995b68 - animation-bounds#0 (94)
08-30 15:11:25.019  3927  3954 I HYPER-HAL: [RequestManager.cpp]releaseLocked(): Released ID : 9528811
08-30 15:11:25.019  4349  6779 V WindowManager: Relayout Window{c8d3f3 u0 com.example.dogglers/com.example.dogglers.HorizontalListActivity}: viewVisibility=8 req=720x1560
08-30 15:11:25.026  4349  6779 V WindowManager: Relayout hash=c8d3f3, pid=23627: mAttrs={(0,0)(fillxfill) sim={adjust=resize forwardNavigation} ty=BASE_APPLICATION wanim=0x1030304
08-30 15:11:25.026  4349  6779 V WindowManager:   fl=81810100
08-30 15:11:25.026  4349  6779 V WindowManager:   pfl=12020000
08-30 15:11:25.026  4349  6779 V WindowManager:   fitSides= naviIconColor=0}
08-30 15:11:25.027 23627 23627 I SurfaceControl: nativeRelease nativeObject s[478212027520]
08-30 15:11:25.027 23627 23627 I SurfaceControl: nativeRelease nativeObject e[478212027520]
08-30 15:11:25.027 23627 23627 I SurfaceControl: assignNativeObject: nativeObject = 0 Surface(name=null)/@0x3c453c1 / android.view.SurfaceControl.readFromParcel:1117 android.view.IWindowSession$Stub$Proxy.relayout:1826 android.view.ViewRootImpl.relayoutWindow:9005 android.view.ViewRootImpl.performTraversals:3360 android.view.ViewRootImpl.doTraversal:2618 android.view.ViewRootImpl$TraversalRunnable.run:9971 android.view.Choreographer$CallbackRecord.run:1010 android.view.Choreographer.doCallbacks:809 android.view.Choreographer.doFrame:744 android.view.Choreographer$FrameDisplayEventReceiver.run:995
08-30 15:11:25.028 23627 23627 I SurfaceControl: assignNativeObject: nativeObject = 0 Surface(name=null)/@0xac9a4b6 / android.view.SurfaceControl.readFromParcel:1117 android.view.IWindowSession$Stub$Proxy.relayout:1836 android.view.ViewRootImpl.relayoutWindow:9005 android.view.ViewRootImpl.performTraversals:3360 android.view.ViewRootImpl.doTraversal:2618 android.view.ViewRootImpl$TraversalRunnable.run:9971 android.view.Choreographer$CallbackRecord.run:1010 android.view.Choreographer.doCallbacks:809 android.view.Choreographer.doFrame:744 android.view.Choreographer$FrameDisplayEventReceiver.run:995
08-30 15:11:25.028  3976  3976 I Layer   : id=38392[1] Destroyed Surface(name=1096c8d StatusBar)/@0xeaf4dd0 - animation-leash#1
08-30 15:11:25.028  3976  3976 I Layer   : id=38393[1] Destroyed Surface(name=b07ecc5 NavigationBar0)/@0xa8376fc - animation-leash#0
08-30 15:11:25.028  3976  3976 I Layer   : id=38389[1] Destroyed Surface(name=ActivityRecord{9acc085 u0 com.example.dogglers/androidx.test.core.app.InstrumentationActivityInvoker$BootstrapActivity t1419})/@0x5995b68 - animation-bounds#0
08-30 15:11:25.028  3976  3976 I Layer   : id=38386[1] Destroyed Surface(name=ActivityRecord{9acc085 u0 com.example.dogglers/androidx.test.core.app.InstrumentationActivityInvoker$BootstrapActivity t1419})/@0x5995b68 - animation-leash#0
08-30 15:11:25.029 23627 23627 I SurfaceControl: nativeRelease nativeObject s[478247332000]
08-30 15:11:25.029 23627 23627 I SurfaceControl: nativeRelease nativeObject e[478247332000]
08-30 15:11:25.029 23627 23627 I ViewRootImpl@8519a48[HorizontalListActivity]: Relayout returned: old=(0,0,720,1560) new=(0,0,720,1560) req=(720,1560)8 dur=13 res=0x5 s={false 0} ch=true fn=4
08-30 15:11:25.030  4349  6779 I InputDispatcher: Focus entered window (23627): 8c6c4df in display 0 0
08-30 15:11:25.033 23627 23627 I ViewRootImpl@8519a48[HorizontalListActivity]: stopped(true) old=false
08-30 15:11:25.034 23627 23627 D LifecycleMonitor: Lifecycle status change: com.example.dogglers.HorizontalListActivity@8041ee7 in: STOPPED
08-30 15:11:25.034  3976  3976 D SurfaceFlinger: Display 0 HWC layers:
08-30 15:11:25.034  3976  3976 D SurfaceFlinger:      DEVICE | 0x75743a4f40 | 0002 | RGBA_8888    |    0.0    0.0  720.0 1560.0 |    0    0  720 1560 | com.example.dogglers/androidx.test.c[...]tivityInvoker$EmptyActivity$_23627#0
08-30 15:11:25.034  3976  3976 D SurfaceFlinger:      DEVICE | 0x74f0414e40 | 0000 | RGBA_8888    |    0.0    0.0  720.0   53.0 |    0    0  720   53 | StatusBar$_4708#0
08-30 15:11:25.034  3976  3976 D SurfaceFlinger:      DEVICE | 0x74d157fa00 | 0000 | RGBA_8888    |    0.0    0.0   67.0  232.0 |  653  151  720  383 | com.samsung.android.app.cocktailbars[...]rservice.CocktailBarService$_14146#0
08-30 15:11:25.034  3976  3976 D SurfaceFlinger:      DEVICE | 0x75743a7380 | 0000 | RGBA_8888    |    0.0    0.0  720.0   84.0 |    0 1476  720 1560 | NavigationBar0$_4708#0
08-30 15:11:25.034  3976  3976 D SurfaceFlinger:      DEVICE | 0x74f0413e00 | 0000 | RGBA_8888    |    0.0    0.0  720.0  101.0 |    0    0  720  101 | ScreenDecorOverlay$_4708#0
08-30 15:11:25.034  3976  3976 D SurfaceFlinger:      DEVICE | 0x75743a7b00 | 0000 | RGBA_8888    |    0.0    0.0  720.0  101.0 |    0 1459  720 1560 | ScreenDecorOverlayBottom$_4708#0
08-30 15:11:25.034  3976  3976 D SurfaceFlinger:
08-30 15:11:25.035 23627 23627 V ActivityScenario: Update currentActivityStage to STOPPED, currentActivity=com.example.dogglers.HorizontalListActivity@8041ee7
08-30 15:11:25.037 23627 23627 D LifecycleMonitor: Lifecycle status change: com.example.dogglers.HorizontalListActivity@8041ee7 in: DESTROYED
08-30 15:11:25.037  4065  4904 I GNSS_MEMS: TGT_MEMS SCSCMemsReportSensorDrops: dropped 0 events (spam) 1 events (rate limit) out of 140 total for sensor 0 since last report
08-30 15:11:25.037 23627 23627 V ActivityScenario: Update currentActivityStage to DESTROYED, currentActivity=null
08-30 15:11:25.040 23627 23627 I ViewRootImpl@8519a48[HorizontalListActivity]: dispatchDetachedFromWindow
08-30 15:11:25.042  4349  6779 I SemDvfsHyPerManager: acquire hyper - AMS_ACT_START/4349@16, type = -999
08-30 15:11:25.042  3927  3954 I HYPER-HAL: [RequestManager.cpp]acquire(): Acquired ID : 9528811  [4349 / 16]    HINT : AMS_ACT_START    list :
08-30 15:11:25.043  3927  3954 E HYPER-HAL: [HandlerSysfs.cpp]doResourceHandling(): Couldn't Open Sysfs - /sys/power/cstate_control
08-30 15:11:25.043  3927  3954 I HYPER-HAL: [ResourceManager.cpp]updateResource(): [CPUMinFreq] UpdateResource Request ID : 9528811    Value : 1560000
08-30 15:11:25.043  3976  4318 I SurfaceFlinger: id=38401 createSurf (0x0),-1 flag=80004, ActivityRecord{277eea9 u0 com.example.dogglers/androidx.test.core.app.InstrumentationActivityInvoker$EmptyActivity t1419}#0
08-30 15:11:25.050  4349  5108 D InputTransport: Input channel destroyed: 'c8d3f3 ', fd=763
08-30 15:11:25.050  4349  5108 I SurfaceControl: nativeRelease nativeObject s[476021494752]
08-30 15:11:25.050  4349  5108 I SurfaceControl: nativeRelease nativeObject e[476021494752]
08-30 15:11:25.050  4349  5108 D WindowManager: isScreenshotDisabledLocked - win: Window{c8d3f3 u0 com.example.dogglers/com.example.dogglers.HorizontalListActivity}
08-30 15:11:25.050  4349  5108 D WindowManager: isScreenshotDisabledLocked: userId = 0, disabled =false
08-30 15:11:25.050  4349  5108 I SurfaceControl: nativeRelease nativeObject s[476017812448]
08-30 15:11:25.050  4349  5108 I SurfaceControl: nativeRelease nativeObject e[476017812448]
08-30 15:11:25.051  3976  4318 I SurfaceFlinger: id=38402 createSurf (0x0),-1 flag=24004, Surface(name=749d536 InputMethod)/@0x72f94d3 - animation-leash#1
08-30 15:11:25.051 12736 12736 I dnxg    : onStop
08-30 15:11:25.052  4349  5108 I SurfaceControl: nativeRelease nativeObject s[477997774240]
08-30 15:11:25.052  4349  5108 I SurfaceControl: nativeRelease nativeObject e[477997774240]
08-30 15:11:25.052  3976  4318 I Layer   : id=38391 removeFromCurrentState com.example.dogglers/com.example.dogglers.HorizontalListActivity$_23627#0 (92)
08-30 15:11:25.053  3976  4318 I SurfaceFlinger: id=38391 Removed com.example.dogglers/com.example.dogglers.HorizontalListActivity$_23627#0 (92)
08-30 15:11:25.055  3976  4318 I Layer   : id=38390 removeFromCurrentState c8d3f3 com.example.dogglers/com.example.dogglers.HorizontalListActivity#0 (92)
08-30 15:11:25.055  3976  4318 I Layer   : id=38395 removeFromCurrentState Surface(name=749d536 InputMethod)/@0x72f94d3 - animation-leash#0 (92)
08-30 15:11:25.055  3976  4318 I SurfaceFlinger: id=38390 Removed c8d3f3 com.example.dogglers/com.example.dogglers.HorizontalListActivity#0 (92)
08-30 15:11:25.056 23627 23627 D InputTransport: Input channel destroyed: 'c8d3f3 ', fd=81
08-30 15:11:25.057 23627 23627 I ViewRootImpl@3c7eccb[InstrumentationActivityInvoker$EmptyActivity]: MSG_WINDOW_FOCUS_CHANGED 1 1
08-30 15:11:25.057 23627 23627 D InputMethodManager: prepareNavigationBarInfo() DecorView@f2670bc[InstrumentationActivityInvoker$EmptyActivity]
08-30 15:11:25.057 23627 23627 D InputMethodManager: getNavigationBarColor() -16711423
08-30 15:11:25.058 23627 23627 D InputMethodManager: prepareNavigationBarInfo() DecorView@f2670bc[InstrumentationActivityInvoker$EmptyActivity]
08-30 15:11:25.058 23627 23627 D InputMethodManager: getNavigationBarColor() -16711423
08-30 15:11:25.058 23627 23627 V InputMethodManager: Starting input: tba=com.example.dogglers ic=null mNaviBarColor -16711423 mIsGetNaviBarColorSuccess true , NavVisible : true , NavTrans : false
08-30 15:11:25.058 23627 23627 D InputMethodManager: startInputInner - Id : 0
08-30 15:11:25.058 23627 23627 I InputMethodManager: startInputInner - mService.startInputOrWindowGainedFocus
08-30 15:11:25.059  4349  5108 D InputMethodManagerService: mSecureKeypadEnabled = false
08-30 15:11:25.061  3976  3976 I Layer   : id=38390[1] Destroyed c8d3f3 com.example.dogglers/com.example.dogglers.HorizontalListActivity#0
08-30 15:11:25.061  3976  3976 I Layer   : id=38391[1] Destroyed com.example.dogglers/com.example.dogglers.HorizontalListActivity$_23627#0
08-30 15:11:25.061  4349  6779 I SurfaceControl: nativeRelease nativeObject s[477997784800]
08-30 15:11:25.061  4349  6779 I SurfaceControl: nativeRelease nativeObject e[477997784800]
08-30 15:11:25.063  4349  5108 V InputMethodManagerService: hideCurrentInputLocked : shouldHideSoftInput is false
08-30 15:11:25.063  4349  5108 D InputMethodManagerService: mDesktopModeManager null!
08-30 15:11:25.064  4349  5108 V InputMethodManagerService: getDisplayIdOfInputMethodWindowToBeAdded : 0
08-30 15:11:25.064  4349  5108 D InputMethodManagerService: checkDisplayOfStartInputAndUpdateKeyboard display Id 0last 0
08-30 15:11:25.064  4349  5108 D InputTransport: Input channel constructed: 'ClientS', fd=693
08-30 15:11:25.064  4349  5108 D InputTransport: Input channel destroyed: 'ClientS', fd=693
08-30 15:11:25.065 23627 23627 D InputTransport: Input channel constructed: 'ClientS', fd=81
08-30 15:11:25.065 23627 23627 D InputTransport: Input channel destroyed: 'ClientS', fd=90
08-30 15:11:25.067  4349  6779 I SurfaceControl: nativeRelease nativeObject s[477997784416]
08-30 15:11:25.067  4349  6779 I SurfaceControl: nativeRelease nativeObject e[477997784416]
08-30 15:11:25.067  3976  4318 I SurfaceFlinger: id=38403 createSurf (0x0),-1 flag=24004, Surface(name=749d536 InputMethod)/@0x72f94d3 - animation-leash#0
08-30 15:11:25.068  7475  7475 I HBD     : HoneyBoardService onFinishInput
08-30 15:11:25.069  7475  7475 I HBD     : a IC have been unbinded,  InputConnectionWrapper{idHash=#8e8a6a3 mMissingMethods=}
08-30 15:11:25.069  7475  7475 I HBD     : HoneyBoardService [PF_CL][onFinishInput]  371692 ns
08-30 15:11:25.069  7475  7475 I HBD     : HoneyBoardService [IMI] onStartInput - caller pid : 23627 , caller uid : 10429
08-30 15:11:25.069  7475  7475 I HBD     : i updateConfigs
08-30 15:11:25.069  7475  7475 I HBD     : i isEnabledNightMode : true
08-30 15:11:25.069  7475  7475 I HBD     : a IC have been binded, InputConnectionWrapper{idHash=#8e8a6a3 mMissingMethods=}
08-30 15:11:25.069  7475  7475 I HBD     : h [EditorInputType]setPrivateImeOptionsToTable privateImeOptions ( null )
08-30 15:11:25.070  7475  7475 I HBD     : b incognitoMode : false
08-30 15:11:25.070  7475  7475 I HBD     : a needOff = true , isForceOff = false, isNullInputClass : true
08-30 15:11:25.070  7475  7475 I HBD     : h getDefaultInputRange : UNKNOWN
08-30 15:11:25.070  7475  7475 I HBD     : h getDefaultInputRange : UNKNOWN
08-30 15:11:25.070  7475  7475 I HBD     : h getDefaultInputRange : UNKNOWN
08-30 15:11:25.071  4349  6779 D SdpManagerService: Not an enterprise user : 0
08-30 15:11:25.071  4349  6779 D SdpManagerService: Not an enterprise user : 0
08-30 15:11:25.072  7475  7475 I HBD     : h getDefaultInputRange : UNKNOWN
08-30 15:11:25.072  7475  7475 I HBD     : a currentState : 0
08-30 15:11:25.072 23627 23627 D LifecycleMonitor: Lifecycle status change: androidx.test.core.app.InstrumentationActivityInvoker$EmptyActivity@2b4948e in: PAUSED
08-30 15:11:25.072 23627 23627 V ActivityScenario: Activity lifecycle changed event received but ignored because the intent does not match. startActivityIntent=Intent { act=android.intent.action.MAIN cat=[android.intent.category.LAUNCHER] cmp=com.example.dogglers/.HorizontalListActivity }, activity.getIntent()=Intent { act=android.intent.action.MAIN cat=[android.intent.category.LAUNCHER] flg=0x10000000 cmp=com.example.dogglers/androidx.test.core.app.InstrumentationActivityInvoker$EmptyActivity }, activity=androidx.test.core.app.InstrumentationActivityInvoker$EmptyActivity@2b4948e
08-30 15:11:25.073  7475  7475 I HBD     : h load selected json info : {"version":"1.0","currentLanguageOrder":2,"selected":[{"activeOptionList":["auto_replace","spell_check","auto_spacing"],"engName":"Russian","id":3342336,"inputType":"qwerty","isUsed":true},{"activeOptionList":["auto_replace","spell_check","auto_spacing"],"engName":"English","id":65537,"inputType":"qwerty","isUsed":true},{"activeOptionList":["auto_replace","spell_check","auto_spacing"],"engName":"Ukrainian","id":4456448,"inputType":"qwerty","isUsed":true}]}
08-30 15:11:25.074  7475  7475 I HBD     : a [UpdatePolicy] [post] a: 0 cl: 4456448 kit: [0/0] vt: 0 ir: 1
08-30 15:11:25.075  7475  7475 I HBD     : HoneyBoardService [PF_OP][onStartInput]  5884423 ns
08-30 15:11:25.075  4349  6779 V WindowOrientationListener: getProposedRotation: -1
08-30 15:11:25.076  4349  6779 V WindowOrientationListener: getProposedRotation: -1
08-30 15:11:25.077  4349  6779 V WindowOrientationListener: getProposedRotation: -1
08-30 15:11:25.079  4349  6779 D InputDispatcher: Focused application set to (0): 277eea9
08-30 15:11:25.085  3976  4318 I Layer   : id=38385 removeFromCurrentState ActivityRecord{5132f02 u0 com.example.dogglers/.HorizontalListActivity t1419}#0 (91)
08-30 15:11:25.085  3976  4318 I Layer   : id=38402 removeFromCurrentState Surface(name=749d536 InputMethod)/@0x72f94d3 - animation-leash#1 (91)
08-30 15:11:25.085  3976  4318 I SurfaceFlinger: id=38385 Removed ActivityRecord{5132f02 u0 com.example.dogglers/.HorizontalListActivity t1419}#0 (91)
08-30 15:11:25.094  3976  3976 I Layer   : id=38385[1] Destroyed ActivityRecord{5132f02 u0 com.example.dogglers/.HorizontalListActivity t1419}#0
08-30 15:11:25.095 23627 23627 D LifecycleMonitor: Lifecycle status change: androidx.test.core.app.InstrumentationActivityInvoker$EmptyActivity@1672a43 in: PRE_ON_CREATE
08-30 15:11:25.095 23627 23627 V ActivityScenario: Activity lifecycle changed event received but ignored because the intent does not match. startActivityIntent=Intent { act=android.intent.action.MAIN cat=[android.intent.category.LAUNCHER] cmp=com.example.dogglers/.HorizontalListActivity }, activity.getIntent()=Intent { act=android.intent.action.MAIN cat=[android.intent.category.LAUNCHER] flg=0x10000000 cmp=com.example.dogglers/androidx.test.core.app.InstrumentationActivityInvoker$EmptyActivity }, activity=androidx.test.core.app.InstrumentationActivityInvoker$EmptyActivity@1672a43
08-30 15:11:25.100  4349  4371 I SemPersonaManager: SecureFolder personaId = 150
08-30 15:11:25.105 23627 23627 I DecorView: [INFO] isPopOver=false, config=true
08-30 15:11:25.105 23627 23627 I DecorView: updateCaptionType >> DecorView@afeb9f9[], isFloating=false, isApplication=true, hasWindowDecorCaption=false, hasWindowControllerCallback=true
08-30 15:11:25.105 23627 23627 D DecorView: setCaptionType = 0, this = DecorView@afeb9f9[]
08-30 15:11:25.111 23627 23627 D LifecycleMonitor: Lifecycle status change: androidx.test.core.app.InstrumentationActivityInvoker$EmptyActivity@1672a43 in: CREATED
08-30 15:11:25.111 23627 23627 V ActivityScenario: Activity lifecycle changed event received but ignored because the intent does not match. startActivityIntent=Intent { act=android.intent.action.MAIN cat=[android.intent.category.LAUNCHER] cmp=com.example.dogglers/.HorizontalListActivity }, activity.getIntent()=Intent { act=android.intent.action.MAIN cat=[android.intent.category.LAUNCHER] flg=0x10000000 cmp=com.example.dogglers/androidx.test.core.app.InstrumentationActivityInvoker$EmptyActivity }, activity=androidx.test.core.app.InstrumentationActivityInvoker$EmptyActivity@1672a43
08-30 15:11:25.112  4349  6779 I InputDispatcher: Focus left window (23627): 8c6c4df in display 0 0
08-30 15:11:25.114 23627 23627 D LifecycleMonitor: Lifecycle status change: androidx.test.core.app.InstrumentationActivityInvoker$EmptyActivity@1672a43 in: STARTED
08-30 15:11:25.115 23627 23627 V ActivityScenario: Activity lifecycle changed event received but ignored because the intent does not match. startActivityIntent=Intent { act=android.intent.action.MAIN cat=[android.intent.category.LAUNCHER] cmp=com.example.dogglers/.HorizontalListActivity }, activity.getIntent()=Intent { act=android.intent.action.MAIN cat=[android.intent.category.LAUNCHER] flg=0x10000000 cmp=com.example.dogglers/androidx.test.core.app.InstrumentationActivityInvoker$EmptyActivity }, activity=androidx.test.core.app.InstrumentationActivityInvoker$EmptyActivity@1672a43
08-30 15:11:25.121  3920  3994 I Sensors : [AMS] lux : 4, cam_lux : -1, result_lux : 4, brightness: 19, cam_on: 0, driver lux : 4
08-30 15:11:25.142  4349  4371 D EnterpriseDeviceManagerService: isMdmAdminPresentInternal() : MDM Admin Found - com.samsung.knox.securefolder
08-30 15:11:25.148 23627 23627 D LifecycleMonitor: Lifecycle status change: androidx.test.core.app.InstrumentationActivityInvoker$EmptyActivity@1672a43 in: RESUMED
08-30 15:11:25.149 23627 23627 V ActivityScenario: Activity lifecycle changed event received but ignored because the intent does not match. startActivityIntent=Intent { act=android.intent.action.MAIN cat=[android.intent.category.LAUNCHER] cmp=com.example.dogglers/.HorizontalListActivity }, activity.getIntent()=Intent { act=android.intent.action.MAIN cat=[android.intent.category.LAUNCHER] flg=0x10000000 cmp=com.example.dogglers/androidx.test.core.app.InstrumentationActivityInvoker$EmptyActivity }, activity=androidx.test.core.app.InstrumentationActivityInvoker$EmptyActivity@1672a43
08-30 15:11:25.154  4349  5464 D InputTransport: Input channel constructed: 'a5928ea', fd=707
08-30 15:11:25.154  4349  5464 D InputTransport: Input channel constructed: 'a5928ea', fd=708
08-30 15:11:25.154  3976  5385 I SurfaceFlinger: id=38404 createSurf (0x0),-1 flag=80004, a5928ea com.example.dogglers/androidx.test.core.app.InstrumentationActivityInvoker$EmptyActivity#0
08-30 15:11:25.155  4349  5464 D WindowManager: isScreenshotDisabledLocked - win: Window{a5928ea u0 com.example.dogglers/androidx.test.core.app.InstrumentationActivityInvoker$EmptyActivity}
08-30 15:11:25.155  4349  5464 D WindowManager: isScreenshotDisabledLocked: userId = 0, disabled =false
08-30 15:11:25.155  4349  5464 D InputTransport: Input channel destroyed: 'a5928ea', fd=708
08-30 15:11:25.156 23627 23627 D InputTransport: Input channel constructed: 'a5928ea', fd=90
08-30 15:11:25.158 23627 23627 I ViewRootImpl@c4580ec[InstrumentationActivityInvoker$EmptyActivity]: setView = com.android.internal.policy.DecorView@afeb9f9 TM=true
08-30 15:11:25.160  4349  5464 D SamsungIMMSHWKeyboard: isConnectedDexOnPC false
08-30 15:11:25.160  4349  5464 D InputMethodManagerService: isImeSwitcherDisabledPackage : false
08-30 15:11:25.163 23627 23627 I SurfaceControl: nativeRelease nativeObject s[476571789568]
08-30 15:11:25.163 23627 23627 I SurfaceControl: nativeRelease nativeObject e[476571789568]
08-30 15:11:25.163 23627 23627 I SurfaceControl: nativeRelease nativeObject s[476571789280]
08-30 15:11:25.163 23627 23627 I SurfaceControl: nativeRelease nativeObject e[476571789280]
08-30 15:11:25.164 23627 23627 D LifecycleMonitor: Lifecycle status change: androidx.test.core.app.InstrumentationActivityInvoker$BootstrapActivity@94a67fc in: STOPPED
08-30 15:11:25.164 23627 23627 V ActivityScenario: Activity lifecycle changed event received but ignored because the intent does not match. startActivityIntent=Intent { act=android.intent.action.MAIN cat=[android.intent.category.LAUNCHER] cmp=com.example.dogglers/.HorizontalListActivity }, activity.getIntent()=Intent { act=android.intent.action.MAIN cat=[android.intent.category.LAUNCHER] flg=0x10008000 cmp=com.example.dogglers/androidx.test.core.app.InstrumentationActivityInvoker$BootstrapActivity (has extras) }, activity=androidx.test.core.app.InstrumentationActivityInvoker$BootstrapActivity@94a67fc
08-30 15:11:25.166 23627 23627 D LifecycleMonitor: Lifecycle status change: androidx.test.core.app.InstrumentationActivityInvoker$BootstrapActivity@94a67fc in: DESTROYED
08-30 15:11:25.166 23627 23627 V ActivityScenario: Activity lifecycle changed event received but ignored because the intent does not match. startActivityIntent=Intent { act=android.intent.action.MAIN cat=[android.intent.category.LAUNCHER] cmp=com.example.dogglers/.HorizontalListActivity }, activity.getIntent()=Intent { act=android.intent.action.MAIN cat=[android.intent.category.LAUNCHER] flg=0x10008000 cmp=com.example.dogglers/androidx.test.core.app.InstrumentationActivityInvoker$BootstrapActivity (has extras) }, activity=androidx.test.core.app.InstrumentationActivityInvoker$BootstrapActivity@94a67fc
08-30 15:11:25.167  4349  6779 I SurfaceControl: nativeRelease nativeObject s[477997783456]
08-30 15:11:25.168  4349  6779 I SurfaceControl: nativeRelease nativeObject e[477997783456]
08-30 15:11:25.172  4349  6779 V WindowManager: Relayout Window{a5928ea u0 com.example.dogglers/androidx.test.core.app.InstrumentationActivityInvoker$EmptyActivity}: viewVisibility=0 req=720x1560
08-30 15:11:25.174  3976  4318 I Layer   : id=38380 removeFromCurrentState ActivityRecord{9acc085 u0 com.example.dogglers/androidx.test.core.app.InstrumentationActivityInvoker$BootstrapActivity t1419}#0 (91)
08-30 15:11:25.175  4349  6779 D WindowManager: isScreenshotDisabledLocked - win: Window{a5928ea u0 com.example.dogglers/androidx.test.core.app.InstrumentationActivityInvoker$EmptyActivity}
08-30 15:11:25.175  4349  6779 D WindowManager: isScreenshotDisabledLocked: userId = 0, disabled =false
08-30 15:11:25.175  3976  4318 I SurfaceFlinger: id=38380 Removed ActivityRecord{9acc085 u0 com.example.dogglers/androidx.test.core.app.InstrumentationActivityInvoker$BootstrapActivity t1419}#0 (91)
08-30 15:11:25.176  3976  5385 I SurfaceFlinger: id=38405 createSurf (720x1560),1 flag=404, com.example.dogglers/androidx.test.core.app.InstrumentationActivityInvoker$EmptyActivity$_23627#1
08-30 15:11:25.177  3976  3976 I Layer   : id=38380[1] Destroyed ActivityRecord{9acc085 u0 com.example.dogglers/androidx.test.core.app.InstrumentationActivityInvoker$BootstrapActivity t1419}#0
08-30 15:11:25.179  4349  6779 I SurfaceControl: nativeRelease nativeObject s[477996355200]
08-30 15:11:25.179  4349  6779 I SurfaceControl: nativeRelease nativeObject e[477996355200]
08-30 15:11:25.179 14146 14146 I TrayStateController: systemUiVisibilityChanged : 0 0
08-30 15:11:25.181  3976  5385 I SurfaceFlinger: id=38406 createSurf (0x0),-1 flag=24000, Surface(name=1096c8d StatusBar)/@0xeaf4dd0 - animation-leash#1
08-30 15:11:25.181  4349  6779 I SurfaceControl: nativeRelease nativeObject s[477996347808]
08-30 15:11:25.181  4349  6779 I SurfaceControl: nativeRelease nativeObject e[477996347808]
08-30 15:11:25.182  3976  5385 I SurfaceFlinger: id=38407 createSurf (0x0),-1 flag=24000, Surface(name=b07ecc5 NavigationBar0)/@0xa8376fc - animation-leash#0
08-30 15:11:25.184  4349  6779 V WindowManager: Relayout hash=a5928ea, pid=23627: mAttrs={(0,0)(fillxfill) sim={adjust=pan forwardNavigation} ty=BASE_APPLICATION wanim=0x1030001
08-30 15:11:25.184  4349  6779 V WindowManager:   fl=1810100
08-30 15:11:25.184  4349  6779 V WindowManager:   pfl=12020000
08-30 15:11:25.184  4349  6779 V WindowManager:   fitSides= naviIconColor=0}
08-30 15:11:25.184  4349  6779 I SurfaceControl: nativeRelease nativeObject s[477997783456]
08-30 15:11:25.184  4349  6779 I SurfaceControl: nativeRelease nativeObject e[477997783456]
08-30 15:11:25.185  3976  5385 I Layer   : id=38399 removeFromCurrentState Surface(name=1096c8d StatusBar)/@0xeaf4dd0 - animation-leash#0 (93)
08-30 15:11:25.185  3976  5385 I Layer   : id=38400 removeFromCurrentState Surface(name=b07ecc5 NavigationBar0)/@0xa8376fc - animation-leash#1 (93)
08-30 15:11:25.185 23627 23627 I SurfaceControl: assignNativeObject: nativeObject = 0 Surface(name=null)/@0x967fcb5 / android.view.SurfaceControl.readFromParcel:1117 android.view.IWindowSession$Stub$Proxy.relayout:1836 android.view.ViewRootImpl.relayoutWindow:9005 android.view.ViewRootImpl.performTraversals:3360 android.view.ViewRootImpl.doTraversal:2618 android.view.ViewRootImpl$TraversalRunnable.run:9971 android.view.Choreographer$CallbackRecord.run:1010 android.view.Choreographer.doCallbacks:809 android.view.Choreographer.doFrame:744 android.view.Choreographer$FrameDisplayEventReceiver.run:995
08-30 15:11:25.187 23627 23627 I ViewRootImpl@c4580ec[InstrumentationActivityInvoker$EmptyActivity]: Relayout returned: old=(0,0,720,1560) new=(0,0,720,1560) req=(720,1560)0 dur=16 res=0x7 s={true 476690157568} ch=true fn=-1
08-30 15:11:25.189  3899  3953 D gralloc : [mali_gralloc_allocate] begin
08-30 15:11:25.190  3899  3953 D gralloc : buffer_descriptor: wh(720 1560) usage_pc(0x40000000000b00 0x40000000000b00) hal_format(0x1) layer_count(1) sizes(0 0 0) strde(0) byte_stride(0) alloc_wh(0 0) internal_format(0x0) alloc_format(0x0) fd_count(1) plane_count(0)
08-30 15:11:25.190 23627 23627 I ViewRootImpl@c4580ec[InstrumentationActivityInvoker$EmptyActivity]: [DP] dp(1) 1 android.view.ViewRootImpl.reportNextDraw:10957 android.view.ViewRootImpl.performTraversals:3845 android.view.ViewRootImpl.doTraversal:2618
08-30 15:11:25.190  3899  3953 D gralloc : [mali_gralloc_allocate] allocation successful
08-30 15:11:25.190 23627 23627 I ViewRootImpl@c4580ec[InstrumentationActivityInvoker$EmptyActivity]: [DP] pd() Asnyc report
08-30 15:11:25.191  3899  3953 D gralloc : [mali_gralloc_allocate] begin
08-30 15:11:25.191  3899  3953 D gralloc : buffer_descriptor: wh(720 1560) usage_pc(0x40000000000b00 0x40000000000b00) hal_format(0x1) layer_count(1) sizes(0 0 0) strde(0) byte_stride(0) alloc_wh(0 0) internal_format(0x0) alloc_format(0x0) fd_count(1) plane_count(0)
08-30 15:11:25.192  3899  3953 D gralloc : [mali_gralloc_allocate] allocation successful
08-30 15:11:25.193  3899  3953 D gralloc : [mali_gralloc_allocate] begin
08-30 15:11:25.193  3899  3953 D gralloc : buffer_descriptor: wh(720 1560) usage_pc(0x40000000000b00 0x40000000000b00) hal_format(0x1) layer_count(1) sizes(0 0 0) strde(0) byte_stride(0) alloc_wh(0 0) internal_format(0x0) alloc_format(0x0) fd_count(1) plane_count(0)
08-30 15:11:25.194  3899  3953 D gralloc : [mali_gralloc_allocate] allocation successful
08-30 15:11:25.200 23627 23627 I ViewRootImpl@c4580ec[InstrumentationActivityInvoker$EmptyActivity]: [DP] pdf(0) 1 android.view.ViewRootImpl.lambda$performDraw$1$ViewRootImpl:4668 android.view.-$$Lambda$ViewRootImpl$DJd0VUYJgsebcnSohO6h8zc_ONI.run:6 android.os.Handler.handleCallback:938
08-30 15:11:25.200 23627 23627 I ViewRootImpl@c4580ec[InstrumentationActivityInvoker$EmptyActivity]: [DP] rdf()
08-30 15:11:25.201 23627 23627 I ViewRootImpl@3c7eccb[InstrumentationActivityInvoker$EmptyActivity]: MSG_WINDOW_FOCUS_CHANGED 0 1
08-30 15:11:25.204  4349  4372 D PkgPredictorService: pkg:com.example.dogglers activity:androidx.test.core.app.InstrumentationActivityInvoker$EmptyActivity thisTime:165
08-30 15:11:25.206  4349  4372 I SemDvfsHyPerManager: acquire hyper - AMS_RESUME_TAIL/4349@18, type = -999
08-30 15:11:25.206  4349  4376 I ActivityTaskManager: Displayed com.example.dogglers/androidx.test.core.app.InstrumentationActivityInvoker$EmptyActivity: +165ms
08-30 15:11:25.206  4349  4372 I SemDvfsHyPerManager: acquire hyper - AMS_ACT_LAZY/4349@19, type = -999
08-30 15:11:25.206  3927  3954 I HYPER-HAL: [RequestManager.cpp]acquire(): Acquired ID : 9537546  [4349 / 18]    HINT : AMS_RESUME_TAIL    list :
08-30 15:11:25.207  3927  3954 E HYPER-HAL: [HandlerSysfs.cpp]doResourceHandling(): Couldn't Open Sysfs - /sys/power/cstate_control
08-30 15:11:25.207  3927  3954 I HYPER-HAL: [ResourceManager.cpp]updateResource(): [CPUMinFreq] UpdateResource Request ID : 9537546    Value : 1560000
08-30 15:11:25.207  3927  3954 I HYPER-HAL: [RequestManager.cpp]acquire(): Acquired ID : 9541915  [4349 / 19]    HINT :      list :
08-30 15:11:25.207  3927  3954 E HYPER-HAL: [Request.cpp]acquire(): Request:: id : 9541915, No Resource to set
