08-30 15:11:32.897  5057  5284 E CmcServiceHelper: disallow Call Service
08-30 15:11:32.898  5057  5284 E GlobalSettingsRepoBase: globalgcsettings No matched key : ss_domain_setting
08-30 15:11:32.898  5057  5284 I UtServiceModule<0>: isUtEnabled with policy : CS_ALWAYS enabled = false
08-30 15:11:32.898  5057  5284 I PdnController: isConnected:  [true] networktype [1]
08-30 15:11:32.898  5057  5284 I RegiMgr : isPdnConnected: true, PdnType: 1
08-30 15:11:32.903  5057  5284 I PdnController: getDefaultNetworkBearer:  WIFI
08-30 15:11:32.904  4349  4371 D EnterpriseDeviceManagerService: isMdmAdminPresentInternal() : MDM Admin Found - com.samsung.knox.securefolder
08-30 15:11:32.906  5057  5284 I PdnController: isWifiConnected: [type: WIFI[], state: CONNECTED/CONNECTED, reason: (unspecified), extra: , failover: false, available: true, roaming: false]
08-30 15:11:32.907  5057  5284 I RegiMgr-Utils<0>: findBestNetwork: WIFI needWifiNetwork = true
08-30 15:11:32.907  5057  5284 I RegiMgr : slot[0]: [Global GC RCS|REGISTERED] updateRegistration: reason= by network event changed, rat=18, isForceReRegi=false, immediately=false
08-30 15:11:32.907  5057  5284 I RegiGvnBase: checkRegiStatus: getState()=REGISTERED mIsUpdateRegistering=false
08-30 15:11:32.907  5057  5284 I RegiMgr<0>: getTelephonyCallStatus:
08-30 15:11:32.912  5057  5284 I ConfigProvider: query uri:xxxxx
08-30 15:11:32.914 23627 23627 D LifecycleMonitor: Lifecycle status change: com.example.dogglers.VerticalListActivity@da0776a in: CREATED
08-30 15:11:32.915 23627 23627 V ActivityScenario: Update currentActivityStage to CREATED, currentActivity=com.example.dogglers.VerticalListActivity@da0776a
08-30 15:11:32.918 23627 23627 D LifecycleMonitor: Lifecycle status change: com.example.dogglers.VerticalListActivity@da0776a in: STARTED
08-30 15:11:32.919  4666  4666 D ServiceStateProvider: subId=2
08-30 15:11:32.919 23627 23627 V ActivityScenario: Update currentActivityStage to STARTED, currentActivity=com.example.dogglers.VerticalListActivity@da0776a
08-30 15:11:32.920  5057  5284 I ConfigProvider: queryStorage path content://com.samsung.rcs.autoconfigurationprovider/parameter/version#simslot0
08-30 15:11:32.920  4708  4708 D KeyguardUpdateMonitor: received broadcast android.intent.action.SERVICE_STATE
08-30 15:11:32.920 14146 14146 I TrayStateController: systemUiVisibilityChanged : 0 0
08-30 15:11:32.921 23627 23627 D LifecycleMonitor: Lifecycle status change: com.example.dogglers.VerticalListActivity@da0776a in: RESUMED
08-30 15:11:32.921 23627 23627 V ActivityScenario: Update currentActivityStage to RESUMED, currentActivity=com.example.dogglers.VerticalListActivity@da0776a
08-30 15:11:32.924  4708  4708 V KeyguardUpdateMonitor: action android.intent.action.SERVICE_STATE serviceState={mVoiceRegState=0(IN_SERVICE), mDataRegState=0(IN_SERVICE), mChannelNumber=83, duplexMode()=0, mCellBandwidths=[], isManualNetworkSelection=true(manual), getRilVoiceRadioTechnology=2(EDGE), getRilDataRadioTechnology=2(EDGE), mCssIndicator=unsupported, mCdmaRoamingIndicator=-1, mCdmaDefaultRoamingIndicator=-1, VoiceRegType=0, ImsVoiceAvail=1, Snap=0, MobileVoice=IN_SERVICE, MobileData=IN_SERVICE, MobileDataRoamingType=home, MobileDataRat=EDGE, PsOnly=false, FemtocellInd=0, SprDisplayRoam=false, NrBearerStatus=0, 5gStatus=0, mIsEmergencyOnly=false, isUsingCarrierAggregation=false, mLteEarfcnRsrpBoost=0, mNetworkRegistrationInfos=[NetworkRegistrationInfo{ domain=CS transportType=WWAN registrationState=HOME roamingType=NOT_ROAMING accessNetworkTechnology=EDGE rejectCause=0 emergencyEnabled=false availableServices=[VOICE,SMS,VIDEO] cellIdentity=CellIdentityGsm:{ mLac=1***2 mCid=6***3 mArfcn=83 mBsic=0x39 mMcc=255 mMnc=01 mAlphaLong=Vodafone UA mAlphaShort=Vodafone UA mAdditionalPlmns={}} voiceSpecificInfo=VoiceSpecificRegistrationInfo { mCssSupported=false mRoamingIndicator=0 mSystemIsInPrl=0 mDefaultRoamingIndicator=0} dataSpecificInfo=null nrState=NONE rRplmn=25501}, NetworkRegistrationInfo{ domain=PS transportType=WWAN registrationState=HOME roamingType=NOT_ROAMING accessNetworkTechnology=EDGE rejectCause=0 emergencyEnabled=false availableServices=[DATA] cellIdentity=CellIdentityGsm:{ mLac=1***2 mCid=6***3 mArfcn=83 mBsic=0x39 mMcc=255 mMnc=01 mAlphaLong=Vodafone UA mAlphaShort=Vodafone UA mAdditionalPlmns={}} voiceSpecificInfo=null dataSpecificInfo=android.telephony.DataSpecificRegistrationInfo :{ maxDataCalls = 4 isDcNrRestricted = false isNrAvailable = false isEnDcAvailable = false LteVopsSupportInfo :  mVopsSupport = 1 mEmcBearerSupport = 1 mIsUsingCarrierAggregation = false } nrState=NONE rRplmn=25501}], mNrFrequencyRange=0, mIsDataRoamingFromRegistration=false, mIsIwlanPreferred=false} subId=2 slotId=0
08-30 15:11:32.926  4708  4708 D KeyguardUpdateMonitor: handleServiceStateChange(subId=2, slotId=0, serviceState={mVoiceRegState=0(IN_SERVICE), mDataRegState=0(IN_SERVICE), mChannelNumber=83, duplexMode()=0, mCellBandwidths=[], isManualNetworkSelection=true(manual), getRilVoiceRadioTechnology=2(EDGE), getRilDataRadioTechnology=2(EDGE), mCssIndicator=unsupported, mCdmaRoamingIndicator=-1, mCdmaDefaultRoamingIndicator=-1, VoiceRegType=0, ImsVoiceAvail=1, Snap=0, MobileVoice=IN_SERVICE, MobileData=IN_SERVICE, MobileDataRoamingType=home, MobileDataRat=EDGE, PsOnly=false, FemtocellInd=0, SprDisplayRoam=false, NrBearerStatus=0, 5gStatus=0, mIsEmergencyOnly=false, isUsingCarrierAggregation=false, mLteEarfcnRsrpBoost=0, mNetworkRegistrationInfos=[NetworkRegistrationInfo{ domain=CS transportType=WWAN registrationState=HOME roamingType=NOT_ROAMING accessNetworkTechnology=EDGE rejectCause=0 emergencyEnabled=false availableServices=[VOICE,SMS,VIDEO] cellIdentity=CellIdentityGsm:{ mLac=1***2 mCid=6***3 mArfcn=83 mBsic=0x39 mMcc=255 mMnc=01 mAlphaLong=Vodafone UA mAlphaShort=Vodafone UA mAdditionalPlmns={}} voiceSpecificInfo=VoiceSpecificRegistrationInfo { mCssSupported=false mRoamingIndicator=0 mSystemIsInPrl=0 mDefaultRoamingIndicator=0} dataSpecificInfo=null nrState=NONE rRplmn=25501}, NetworkRegistrationInfo{ domain=PS transportType=WWAN registrationState=HOME roamingType=NOT_ROAMING accessNetworkTechnology=EDGE rejectCause=0 emergencyEnabled=false availableServices=[DATA] cellIdentity=CellIdentityGsm:{ mLac=1***2 mCid=6***3 mArfcn=83 mBsic=0x39 mMcc=255 mMnc=01 mAlphaLong=Vodafone UA mAlphaShort=Vodafone UA mAdditionalPlmns={}} voiceSpecificInfo=null dataSpecificInfo=android.telephony.DataSpecificRegistrationInfo :{ maxDataCalls = 4 isDcNrRestricted = false isNrAvailable = false isEnDcAvailable = false LteVopsSupportInfo :  mVopsSupport = 1 mEmcBearerSupport = 1 mIsUsingCarrierAggregation = false } nrState=NONE rRplmn=25501}], mNrFrequencyRange=0, mIsDataRoamingFromRegistration=false, mIsIwlanPreferred=false}
08-30 15:11:32.926  4708  4708 D KeyguardBottomAreaShortcutView: mIndicationArea margin start : 105, end : 105, bottom : 266
08-30 15:11:32.927  4708  4708 D CarrierTextController: onRefreshCarrierInfo(), mTelephonyCapable: true
08-30 15:11:32.927  4708  4708 D CarrierTextController: updateCarrierText(): 1
08-30 15:11:32.927  4708  4708 D CarrierTextController: Handling (subId=2): 5 Vodafone UA
08-30 15:11:32.927  4708  4708 D CarrierTextController: carrierTextForSimState = Vodafone UA
08-30 15:11:32.928  4349  5464 D InputTransport: Input channel constructed: 'f335f94', fd=778
08-30 15:11:32.928  4349  5464 D InputTransport: Input channel constructed: 'f335f94', fd=779
08-30 15:11:32.929  3976  5385 I SurfaceFlinger: id=38617 createSurf (0x0),-1 flag=80004, f335f94 com.example.dogglers/com.example.dogglers.VerticalListActivity#0
08-30 15:11:32.929  4708  4708 D CarrierTextController: SIM ready and in service: subId=2, ss={mVoiceRegState=0(IN_SERVICE), mDataRegState=0(IN_SERVICE), mChannelNumber=83, duplexMode()=0, mCellBandwidths=[], isManualNetworkSelection=true(manual), getRilVoiceRadioTechnology=2(EDGE), getRilDataRadioTechnology=2(EDGE), mCssIndicator=unsupported, mCdmaRoamingIndicator=-1, mCdmaDefaultRoamingIndicator=-1, VoiceRegType=0, ImsVoiceAvail=1, Snap=0, MobileVoice=IN_SERVICE, MobileData=IN_SERVICE, MobileDataRoamingType=home, MobileDataRat=EDGE, PsOnly=false, FemtocellInd=0, SprDisplayRoam=false, NrBearerStatus=0, 5gStatus=0, mIsEmergencyOnly=false, isUsingCarrierAggregation=false, mLteEarfcnRsrpBoost=0, mNetworkRegistrationInfos=[NetworkRegistrationInfo{ domain=CS transportType=WWAN registrationState=HOME roamingType=NOT_ROAMING accessNetworkTechnology=EDGE rejectCause=0 emergencyEnabled=false availableServices=[VOICE,SMS,VIDEO] cellIdentity=CellIdentityGsm:{ mLac=1***2 mCid=6***3 mArfcn=83 mBsic=0x39 mMcc=255 mMnc=01 mAlphaLong=Vodafone UA mAlphaShort=Vodafone UA mAdditionalPlmns={}} voiceSpecificInfo=VoiceSpecificRegistrationInfo { mCssSupported=false mRoamingIndicator=0 mSystemIsInPrl=0 mDefaultRoamingIndicator=0} dataSpecificInfo=null nrState=NONE rRplmn=25501}, NetworkRegistrationInfo{ domain=PS transportType=WWAN registrationState=HOME roamingType=NOT_ROAMING accessNetworkTechnology=EDGE rejectCause=0 emergencyEnabled=false availableServices=[DATA] cellIdentity=CellIdentityGsm:{ mLac=1***2 mCid=6***3 mArfcn=83 mBsic=0x39 mMcc=255 mMnc=01 mAlphaLong=Vodafone UA mAlphaShort=Vodafone UA mAdditionalPlmns={}} voiceSpecificInfo=null dataSpecificInfo=android.telephony.DataSpecificRegistrationInfo :{ maxDataCalls = 4 isDcNrRestricted = false isNrAvailable = false isEnDcAvailable = false LteVopsSupportInfo :  mVopsSupport = 1 mEmcBearerSupport = 1 mIsUsingCarrierAggregation = false } nrState=NONE rRplmn=25501}], mNrFrequencyRange=0, mIsDataRoamingFromRegistration=false, mIsIwlanPreferred=false}
08-30 15:11:32.929  4708  4708 D CarrierTextController: setText : Vodafone UA
08-30 15:11:32.929  4708  4708 D FaceWidgetPagesController: onRefreshCarrierInfo()
08-30 15:11:32.929  4349  5464 D WindowManager: isScreenshotDisabledLocked - win: Window{f335f94 u0 com.example.dogglers/com.example.dogglers.VerticalListActivity}
08-30 15:11:32.929  4349  5464 D WindowManager: isScreenshotDisabledLocked: userId = 0, disabled =false
08-30 15:11:32.930  4708  4708 D FaceWidgetClockRoamManager: isNetworkRoamingState id=2
08-30 15:11:32.930  4708  4708 D FaceWidgetClockRoamManager: isNetworkRoamingState false
08-30 15:11:32.930  4708  4708 D FaceWidgetClockRoamManager: onRefreshCarrierInfo(pre, now): false, false
08-30 15:11:32.930  4708  4708 D FaceWidgetClockRoamManager: isNetworkRoamingState id=2
08-30 15:11:32.930  4708  4708 D FaceWidgetClockRoamManager: isNetworkRoamingState false
08-30 15:11:32.930  4708  4708 D FaceWidgetClockRoamManager: onRefreshCarrierInfo(pre, now): false, false
08-30 15:11:32.930  4349  5464 D InputTransport: Input channel destroyed: 'f335f94', fd=779
08-30 15:11:32.930 23627 23627 D InputTransport: Input channel constructed: 'f335f94', fd=81
08-30 15:11:32.933  4349  4918 D SLocation: SGeofenceCellManager - onCellLocationChanged 2 / 0
08-30 15:11:32.933 23627 23627 I ViewRootImpl@7b808be[VerticalListActivity]: setView = com.android.internal.policy.DecorView@b03f3d3 TM=true
08-30 15:11:32.935 22682 22682 D CellBroadcastReceiver: onReceive Intent { act=android.intent.action.SERVICE_STATE flg=0x1000010 cmp=com.android.cellbroadcastreceiver/.CellBroadcastReceiver (has extras) }
08-30 15:11:32.941  4708  4881 D NetworkController.SecMobileSignalController(0/2): onSignalStrengthsChanged level=3
08-30 15:11:32.942  4708  4881 D MobileSignalIconsSelector: getDataIconGroup(): 13
08-30 15:11:32.945  4349  5108 V WindowManager: Relayout Window{f335f94 u0 com.example.dogglers/com.example.dogglers.VerticalListActivity}: viewVisibility=0 req=720x1560
08-30 15:11:32.946  5057  5284 I RegisterTask: isSuspended: mSuspended(false) mSuspendByIrat(false)
08-30 15:11:32.951  5057  5284 I ConfigProvider: query uri:xxxxx
08-30 15:11:32.953  4349  5108 D WindowManager: isScreenshotDisabledLocked - win: Window{f335f94 u0 com.example.dogglers/com.example.dogglers.VerticalListActivity}
08-30 15:11:32.953  4349  5108 D WindowManager: isScreenshotDisabledLocked: userId = 0, disabled =false
08-30 15:11:32.953  3976  4318 I SurfaceFlinger: id=38618 createSurf (720x1560),1 flag=404, com.example.dogglers/com.example.dogglers.VerticalListActivity$_23627#0
08-30 15:11:32.956  5057  5284 I ConfigProvider: queryStorage path content://com.samsung.rcs.autoconfigurationprovider/parameter/UserPwd#simslot0
08-30 15:11:32.957  4349  5108 I SurfaceControl: nativeRelease nativeObject s[476008574496]
08-30 15:11:32.957  4349  5108 I SurfaceControl: nativeRelease nativeObject e[476008574496]
08-30 15:11:32.957 14146 14146 I TrayStateController: systemUiVisibilityChanged : 0 0
08-30 15:11:32.957  3976  5385 I SurfaceFlinger: id=38619 createSurf (0x0),-1 flag=24000, Surface(name=1096c8d StatusBar)/@0xeaf4dd0 - animation-leash#1
08-30 15:11:32.957  5057  5284 I RegiGvnBase<0>: isNeedToDeRegistration:
08-30 15:11:32.958  4349  5108 I SurfaceControl: nativeRelease nativeObject s[476008574592]
08-30 15:11:32.958  4349  5108 I SurfaceControl: nativeRelease nativeObject e[476008574592]
08-30 15:11:32.958  3976  5385 I SurfaceFlinger: id=38620 createSurf (0x0),-1 flag=24000, Surface(name=b07ecc5 NavigationBar0)/@0xa8376fc - animation-leash#0
08-30 15:11:32.959  5057  5284 I ImsProfile: isRttSupportByCallApp : false ttyType : 1
08-30 15:11:32.960  5057  5284 I RegiMgr<0>: getServiceForNetwork: network 18
08-30 15:11:32.960  5057  5284 I RegiMgr<0>: getServiceForNetwork: service {options, chatbot-communication, ft_http, im, euc, gls}
08-30 15:11:32.961  4349  5108 V WindowManager: Relayout hash=f335f94, pid=23627: mAttrs={(0,0)(fillxfill) sim={adjust=resize forwardNavigation} ty=BASE_APPLICATION wanim=0x1030304
08-30 15:11:32.961  4349  5108 V WindowManager:   fl=81810100
08-30 15:11:32.961  4349  5108 V WindowManager:   pfl=12020000
08-30 15:11:32.961  4349  5108 V WindowManager:   fitSides= naviIconColor=0}
08-30 15:11:32.961  5057  5284 I ImsServiceSwitchEur[0]:  isRcsEnabled: true mDefaultSms true mUpsmEnabled false mEmergencyEnabled false
08-30 15:11:32.961  4349  5108 I SurfaceControl: nativeRelease nativeObject s[477997555680]
08-30 15:11:32.961  4349  5108 I SurfaceControl: nativeRelease nativeObject e[477997555680]
08-30 15:11:32.962 23627 23627 I SurfaceControl: assignNativeObject: nativeObject = 0 Surface(name=null)/@0xcf9cd1f / android.view.SurfaceControl.readFromParcel:1117 android.view.IWindowSession$Stub$Proxy.relayout:1836 android.view.ViewRootImpl.relayoutWindow:9005 android.view.ViewRootImpl.performTraversals:3360 android.view.ViewRootImpl.doTraversal:2618 android.view.ViewRootImpl$TraversalRunnable.run:9971 android.view.Choreographer$CallbackRecord.run:1010 android.view.Choreographer.doCallbacks:809 android.view.Choreographer.doFrame:744 android.view.Choreographer$FrameDisplayEventReceiver.run:995
08-30 15:11:32.963 22703 22703 I [IPSA-E] ServiceStateChangedReceiver: onReceive
08-30 15:11:32.964 23627 23627 I ViewRootImpl@7b808be[VerticalListActivity]: Relayout returned: old=(0,0,720,1560) new=(0,0,720,1560) req=(720,1560)0 dur=18 res=0x7 s={true 478233575424} ch=true fn=-1
08-30 15:11:32.964  3976  5385 I Layer   : id=38610 removeFromCurrentState Surface(name=1096c8d StatusBar)/@0xeaf4dd0 - animation-leash#0 (101)
08-30 15:11:32.964  3976  5385 I Layer   : id=29 removeFromCurrentState 1096c8d StatusBar#0 (101)
08-30 15:11:32.964  3976  5385 I Layer   : id=36 removeFromCurrentState StatusBar$_4708#0 (101)
08-30 15:11:32.964  3976  5385 I Layer   : id=38611 removeFromCurrentState Surface(name=b07ecc5 NavigationBar0)/@0xa8376fc - animation-leash#1 (101)
08-30 15:11:32.964  3976  5385 I Layer   : id=29 addToCurrentState 1096c8d StatusBar#0 (101)
08-30 15:11:32.964  3976  5385 I Layer   : id=36 addToCurrentState StatusBar$_4708#0 (101)
08-30 15:11:32.967  4349  4372 I SurfaceControl: nativeRelease nativeObject s[476008574400]
08-30 15:11:32.967  4349  4372 I SurfaceControl: nativeRelease nativeObject e[476008574400]
08-30 15:11:32.967  4349  4372 I SurfaceControl: nativeRelease nativeObject s[477996349248]
08-30 15:11:32.967  4349  4372 I SurfaceControl: nativeRelease nativeObject e[477996349248]
08-30 15:11:32.967  3976  4318 I SurfaceFlinger: id=38611 Removed Surface(name=b07ecc5 NavigationBar0)/@0xa8376fc - animation-leash#1 (101)
08-30 15:11:32.967  3976  4001 I SurfaceFlinger: id=38610 Removed Surface(name=1096c8d StatusBar)/@0xeaf4dd0 - animation-leash#0 (101)
08-30 15:11:32.967  3899  3953 D gralloc : [mali_gralloc_allocate] begin
08-30 15:11:32.967  3899  3953 D gralloc : buffer_descriptor: wh(720 1560) usage_pc(0x40000000000b00 0x40000000000b00) hal_format(0x1) layer_count(1) sizes(0 0 0) strde(0) byte_stride(0) alloc_wh(0 0) internal_format(0x0) alloc_format(0x0) fd_count(1) plane_count(0)
08-30 15:11:32.968  3899  3953 D gralloc : [mali_gralloc_allocate] allocation successful
08-30 15:11:32.969  3899  3953 D gralloc : [mali_gralloc_allocate] begin
08-30 15:11:32.969  3899  3953 D gralloc : buffer_descriptor: wh(720 1560) usage_pc(0x40000000000b00 0x40000000000b00) hal_format(0x1) layer_count(1) sizes(0 0 0) strde(0) byte_stride(0) alloc_wh(0 0) internal_format(0x0) alloc_format(0x0) fd_count(1) plane_count(0)
08-30 15:11:32.969  3899  3953 D gralloc : [mali_gralloc_allocate] allocation successful
08-30 15:11:32.971  3899  3953 D gralloc : [mali_gralloc_allocate] begin
08-30 15:11:32.971  3899  3953 D gralloc : buffer_descriptor: wh(720 1560) usage_pc(0x40000000000b00 0x40000000000b00) hal_format(0x1) layer_count(1) sizes(0 0 0) strde(0) byte_stride(0) alloc_wh(0 0) internal_format(0x0) alloc_format(0x0) fd_count(1) plane_count(0)
08-30 15:11:32.972  3899  3953 D gralloc : [mali_gralloc_allocate] allocation successful
08-30 15:11:32.973  3976  3976 I Layer   : id=38610[1] Destroyed Surface(name=1096c8d StatusBar)/@0xeaf4dd0 - animation-leash#0
08-30 15:11:32.973  3976  3976 I Layer   : id=38611[1] Destroyed Surface(name=b07ecc5 NavigationBar0)/@0xa8376fc - animation-leash#1
08-30 15:11:32.974 22703 22703 I [IPSA-E] EmergencySharedPref: getEmergencyAlertEnabled: true
08-30 15:11:32.974 22703 22703 I [IPSA-C] IpsUtilityFunction: getMcc : 255
08-30 15:11:32.975 22703 22703 I [IPSA-E] EmergencyService: isCountryChanged : currentMcc == lastMcc == 255
08-30 15:11:32.975 22703 22703 I [IPSA-E] EmergencyService: isCountryChangeTimeRemained: lastCountryChangeTime=0, activeDuration=10800000, now=1693397492975result=false
08-30 15:11:32.978  5135  5135 I ViewRootImpl@fbf3973[LauncherActivity]: stopped(true) old=false
08-30 15:11:32.979  5135  5135 I StateManager: goToState isInState Normal
08-30 15:11:32.981  4349  4371 I SemPersonaManager: SecureFolder personaId = 150
08-30 15:11:32.985  5057  5284 I ConfigTrigger<0>: isValidAcsVersion:
08-30 15:11:32.985  5057  5284 E GlobalSettingsRepoBase: globalgcsettings No matched key : dual_rcs_policy
08-30 15:11:32.986  5057  5284 I ConfigProvider: query uri:xxxxx
08-30 15:11:32.988  5135  5135 W LauncherAppWidgetHost: setListenIfResumed, mFlags = 7
08-30 15:11:32.988  4349  5464 I AppWidgetServiceImpl: stopListening callbacks : null
08-30 15:11:32.992  5135  5135 W Launcher.NotificationListener: removeNotificationsChangedListener
08-30 15:11:32.992  5135  5135 I BadgeCountUpdaterImpl: onNotificationsChangedDisConnected
08-30 15:11:32.992  5135  5135 I Launcher.NotificationListener: unregisterObserver, this is not notificationService!!
08-30 15:11:32.993  4666  4666 I Telephony: TelecomAccountRegistry$AccountEntry: isRttCurrentlySupported -- regular acct,, hasVoiceAvailability: false, isRttSupported: false, isRoaming: false, isOnWfc: false
08-30 15:11:32.994  5135  5135 I LiveIconUpdateEventHandler: cancelMinuteChangeAlarm
08-30 15:11:32.997  5057  5284 I ConfigProvider: queryStorage path content://com.samsung.rcs.autoconfigurationprovider/parameter/version#simslot0
08-30 15:11:33.000  4349  6765 D SecContentProvider2: query(), uri = 18 selection = isRCSEnabled
08-30 15:11:33.000  4708  4881 D NetworkController.SecMobileSignalController(0/2): onSignalStrengthsChanged level=3
08-30 15:11:33.000  4349  6765 I PhoneRestrictionPolicy: isRCSEnabledInternal(), showMsg: false, columnName: enableRCS
08-30 15:11:33.000  5135  5135 I LiveIconUpdateEventHandler: cancelDateChangeAlarm
08-30 15:11:33.000  4708  4881 D MobileSignalIconsSelector: getDataIconGroup(): 13
08-30 15:11:33.001  4349  6765 I PhoneRestrictionPolicy: isRCSEnabledInternal(), showMsg: false, columnName: enableRCSForSimSlot0
08-30 15:11:33.001  4708  4881 D MobileSignalIconsSelector: getDataIconGroup(): connected=true,enabled=true,level=3,inetCondition=1,dataIconGroup=DataIconGroup(4G),activityIn=false,activityOut=false,lastModified=08-30 15:11:33.001,dataSim=true,networkName=Vodafone UA,networkNameData=Vodafone UA,dataConnected=false,roaming=false,isDefault=false,isEmergency=false,airplaneMode=false,carrierNetworkChangeMode=false,userSetup=true,defaultDataOff=false,cdmaEriIconIndex=-1,cdmaEriIconMode=-1,callState=0,voWifiConnected=false,shouldShowDisabledDataIcon=false,bluetoothTethered=false,isLTEFemtoCell=false,cardOperator=OTHERS,optionalRadioTech=0,isCAIndicator=false,isLimitedStateForCTCSlaveVoLTE=false,isSWRoaming=false,isMobileDataSettingEnabled=false,nwBoosterRilEnabled=false,nwBoosterSettingEnabled=false,emergencyModeActivated=false,ismmW5G=false,slotId=0,simState=LOADED,isDefaultDataSlot=true, iconSet = [I@4a17707
08-30 15:11:33.002  4708  4708 D StatusbarSignalPolicy: setMobileDataIndicators state = MobileIconState(subId=2, strengthId=2131233573, roaming=false, typeId=0, visible=true, activityId=0, roamingId=0, slotId=0)
08-30 15:11:33.004  5057  5284 I ConfigTrigger<0>: RCS switch: true, version: 3, isRcsAcsCompleted: true
08-30 15:11:33.004  5057  5284 I WorkflowBase: mLastErrorCode 200
08-30 15:11:33.004  5057  5284 I ImsServiceSwitchEur[0]:  isRcsEnabled: true mDefaultSms true mUpsmEnabled false mEmergencyEnabled false
08-30 15:11:33.005  5057  5284 I ImsServiceSwitchEur[0]:  isRcsEnabled: true mDefaultSms true mUpsmEnabled false mEmergencyEnabled false
08-30 15:11:33.005  5057  5284 I ImsServiceSwitchEur[0]:  isRcsEnabled: true mDefaultSms true mUpsmEnabled false mEmergencyEnabled false
08-30 15:11:33.005  5057  5284 I ImsServiceSwitchEur[0]:  isRcsEnabled: true mDefaultSms true mUpsmEnabled false mEmergencyEnabled false
08-30 15:11:33.006  5057  5284 I ImsServiceSwitchEur[0]:  isRcsEnabled: true mDefaultSms true mUpsmEnabled false mEmergencyEnabled false
08-30 15:11:33.006  5057  5284 I ImsServiceSwitchEur[0]:  isRcsEnabled: true mDefaultSms true mUpsmEnabled false mEmergencyEnabled false
08-30 15:11:33.006  5057  5284 I ImsServiceSwitchEur[0]:  isRcsEnabled: true mDefaultSms true mUpsmEnabled false mEmergencyEnabled false
08-30 15:11:33.006  5057  5284 I ImsServiceSwitchEur[0]:  isRcsEnabled: true mDefaultSms true mUpsmEnabled false mEmergencyEnabled false
08-30 15:11:33.006  5057  5284 I ImsServiceSwitchEur[0]:  isRcsEnabled: true mDefaultSms true mUpsmEnabled false mEmergencyEnabled false
08-30 15:11:33.006  5057  5284 I ImsServiceSwitchEur[0]:  isRcsEnabled: true mDefaultSms true mUpsmEnabled false mEmergencyEnabled false
08-30 15:11:33.006  5057  5284 I ImsServiceSwitchEur[0]:  isRcsEnabled: true mDefaultSms true mUpsmEnabled false mEmergencyEnabled false
08-30 15:11:33.006  5057  5284 I ImsServiceSwitchEur[0]:  isRcsEnabled: true mDefaultSms true mUpsmEnabled false mEmergencyEnabled false
08-30 15:11:33.007  5057  5284 I ImsServiceSwitchEur[0]:  isRcsEnabled: true mDefaultSms true mUpsmEnabled false mEmergencyEnabled false
08-30 15:11:33.007  5057  5284 I ImsServiceSwitchEur[0]:  isRcsEnabled: true mDefaultSms true mUpsmEnabled false mEmergencyEnabled false
08-30 15:11:33.007  5057  5284 I ImsServiceSwitchEur[0]:  isRcsEnabled: true mDefaultSms true mUpsmEnabled false mEmergencyEnabled false
08-30 15:11:33.009  5057  5284 I RegiGvnBase: isVideoCallEnabled: Disable
08-30 15:11:33.009  5057  5284 I RegiMgr<0>: getServiceForNetwork: filtered service [ft_http, chatbot-communication, euc, im, options, gls]
08-30 15:11:33.009  5057  5284 I RegiMgr<0>: getServiceForNetwork: registered service [ft_http, chatbot-communication, euc, im, options, gls]
08-30 15:11:33.009  5057  5284 I RegiMgr-Utils<0>: updateRegistration: no need to re-register due to the policy
08-30 15:11:33.009  5057  5284 E GlobalSettingsRepoBase: globalgcsettings No matched key : remove_icon_nosvc
08-30 15:11:33.010  5057  5284 I RegiMgr<0>: updateRegistration: updateRegistrationIcon: remove_icon_nosvc: false
08-30 15:11:33.010  5057  5284 I RegisterTask: isSuspended: mSuspended(false) mSuspendByIrat(false)
08-30 15:11:33.010  5057  5284 E GlobalSettingsRepoBase: globalgcsettings No matched key : show_vowifi_regi_icon
08-30 15:11:33.011  5057  5284 E GlobalSettingsRepoBase: globalgcsettings No matched key : show_volte_regi_icon
08-30 15:11:33.011  5057  5284 E GlobalSettingsRepoBase: globalgcsettings No matched key : remove_icon_nosvc
08-30 15:11:33.011  5057  5284 I ImsIconManager<0>: Volte/RCS RegistrationIcon: turned off.
08-30 15:11:33.012  5057  5284 I ImsIconManager<0>: updateRegistrationIcon: VoLTE [show: false, regi: false] VoWiFi [show: true, regi: false] RCS [show: false, regi: true] (SUSPENDED: false)
08-30 15:11:33.014  5057  5284 I SimManager: getRilSimOperator: ETC
08-30 15:11:33.014  5057  5284 I ImsIconManager<0>: needShowNoCTCVoLTEIcon: false
08-30 15:11:33.014  5057  5284 E GlobalSettingsRepoBase: globalgcsettings No matched key : show_rcs_regi_icon
08-30 15:11:33.014  5057  5284 I ImsIconManager<0>: isRcsIconVisible: true
08-30 15:11:33.015  5057  5284 E GlobalSettingsRepoBase: globalgcsettings No matched key : vowifi_operator_label
08-30 15:11:33.016  5057  5284 I PaniGenerator<0>: generate: subId - 2
08-30 15:11:33.018  5057  5284 I PaniGenerator<0>: generate: network=18, fallbackPlmn=
08-30 15:11:33.018  5057  5284 E GlobalSettingsRepoBase: globalgcsettings No matched key : iwlan_pani_format
08-30 15:11:33.019  5057  5284 I PaniGenerator<0>: generateWiFiPani: Format for generating PANI - <PREFIX>;<NODE_ID>
08-30 15:11:33.019  5057  5284 I PaniGenerator: WifiManager.getBSSID(): [3c:cd:57:70:16:5d]
08-30 15:11:33.020  5057  5284 I PaniGenerator<0>: generateWiFiPani: normalized PANI: IEEE-802.11;i-wlan-node-id=3ccd5770165d
08-30 15:11:33.020  5057  5284 I PaniGenerator: setLkcForLastPani: No Last PANI header for Global GC RCS
08-30 15:11:33.020 23627 23627 I ViewRootImpl@7b808be[VerticalListActivity]: [DP] dp(1) 1 android.view.ViewRootImpl.reportNextDraw:10957 android.view.ViewRootImpl.performTraversals:3845 android.view.ViewRootImpl.doTraversal:2618
08-30 15:11:33.021 23627 23627 I ViewRootImpl@7b808be[VerticalListActivity]: [DP] pd() Asnyc report
08-30 15:11:33.021  5057  5284 I UserAgent<0>: updatePani: pani=IEEE-802.11;i-wlan-node-id=3ccd5770165d, updatePani: lastPani=3GPP-E-UTRAN-FDD;utran-cell-id-3gpp=255065b0ce060b1f;"2023-08-30T15:11:33+0300"
08-30 15:11:33.021  5057  5628 I StackIF : updatePani: 12456 pani: [IEEE-802.11;i-wlan-node-id=3ccd5770165d, 3GPP-E-UTRAN-FDD;utran-cell-id-3gpp=255065b0ce060b1f;"2023-08-30T15:11:33+0300"]
08-30 15:11:33.021  5057  5628 I SECIMSJ : [6137]> 204
08-30 15:11:33.022  5057  5634 I [IMS6.0]: IMS_onResponse()
08-30 15:11:33.022  5057  5634 I StackIF : processMessage 2
08-30 15:11:33.022  5057  5634 I StackIF : Processing Response
08-30 15:11:33.022  5057  5634 I SECIMSJ : [6137]< 600
08-30 15:11:33.022  5057  5634 I StackIF : processResponse: reqId 600
08-30 15:11:33.022  5057  5634 I StackIF : processResponse: handle 12456 result 0 reason 0
08-30 15:11:33.025  5057  5284 I SimManager: getRilSimOperator: ETC
08-30 15:11:33.027  5057  5284 I SimManager<0>: hasIsim: [false]
08-30 15:11:33.028  5057  5284 E GlobalSettingsRepoBase: globalgcsettings No matched key : use_usim_on_invalid_isim
08-30 15:11:33.028  5057  5284 I SimManager: mSimState:LOADED, mIsimLoaded:false, hasIsim():false
08-30 15:11:33.029  5057  5284 I SimManager: getRilSimOperator: ETC
08-30 15:11:33.030  5057  5284 I SimManager<0>: hasIsim: [false]
08-30 15:11:33.031  5057  5284 E GlobalSettingsRepoBase: globalgcsettings No matched key : use_usim_on_invalid_isim
08-30 15:11:33.031  5057  5284 E GlobalSettingsRepoBase: globalgcsettings No matched key : ss_enable_in_roaming
08-30 15:11:33.031  5057  5284 I RegiMgr-NetEvtCtr<0>: onNetworkEventChanged: tryRegister by phoneID
08-30 15:11:33.031  5057  5284 I RegiMgr<0>: tryRegister:
08-30 15:11:33.032  5057  5284 I RegiMgr<0>: RegisterTask(s): Global GC RCS (REGISTERED, rat = 18, service = [ft_http, chatbot-communication, euc, im, options, gls])
08-30 15:11:33.032  5057  5284 I RcsPolicyMgr<0>: pendingRcsRegister: mDefaultPhoneId = 0
08-30 15:11:33.032  5057  5284 I GeolocationCon: handleMessage : what = SERVICE_STATE_CHANGED
08-30 15:11:33.034  5057  5284 I GeolocationCon: onServiceStateChanged({mVoiceRegState=0(IN_SERVICE), mDataRegState=0(IN_SERVICE), mChannelNumber=83, duplexMode()=0, mCellBandwidths=[], isManualNetworkSelection=true(manual), getRilVoiceRadioTechnology=2(EDGE), getRilDataRadioTechnology=2(EDGE), mCssIndicator=unsupported, mCdmaRoamingIndicator=-1, mCdmaDefaultRoamingIndicator=-1, VoiceRegType=0, ImsVoiceAvail=1, Snap=0, MobileVoice=IN_SERVICE, MobileData=IN_SERVICE, MobileDataRoamingType=home, MobileDataRat=EDGE, PsOnly=false, FemtocellInd=0, SprDisplayRoam=false, NrBearerStatus=0, 5gStatus=0, mIsEmergencyOnly=false, isUsingCarrierAggregation=false, mLteEarfcnRsrpBoost=0, mNetworkRegistrationInfos=[NetworkRegistrationInfo{ domain=CS transportType=WWAN registrationState=HOME roamingType=NOT_ROAMING accessNetworkTechnology=EDGE rejectCause=0 emergencyEnabled=false availableServices=[VOICE,SMS,VIDEO] cellIdentity=CellIdentityGsm:{ mLac=1***2 mCid=6***3 mArfcn=83 mBsic=0x39 mMcc=255 mMnc=01 mAlphaLong=Vodafone UA mAlphaShort=Vodafone UA mAdditionalPlmns={}} voiceSpecificInfo=VoiceSpecificRegistrationInfo { mCssSupported=false mRoamingIndicator=0 mSystemIsInPrl=0 mDefaultRoamingIndicator=0} dataSpecificInfo=null nrState=NONE rRplmn=25501}, NetworkRegistrationInfo{ domain=PS transportType=WWAN registrationState=HOME roamingType=NOT_ROAMING accessNetworkTechnology=EDGE rejectCause=0 emergencyEnabled=false availableServices=[DATA] cellIdentity=CellIdentityGsm:{ mLac=1***2 mCid=6***3 mArfcn=83 mBsic=0x39 mMcc=255 mMnc=01 mAlphaLong=Vodafone UA mAlphaShort=Vodafone UA mAdditionalPlmns={}} voiceSpecificInfo=null dataSpecificInfo=android.telephony.DataSpecificRegistrationInfo :{ maxDataCalls = 4 isDcNrRestricted = false isNrAvailable = false isEnDcAvailable = false LteVopsSupportInfo :  mVopsSupport = 1 mEmcBearerSupport = 1 mIsUsingCarrierAggregation = false } nrState=NONE rRplmn=25501}], mNrFrequencyRange=0, mIsDataRoamingFromRegistration=false, mIsIwlanPreferred=false})
08-30 15:11:33.035  5057  5284 I GeolocationCon: onServiceStateChanged[0] : mCountryIso = ua, iso = ua
08-30 15:11:33.035  5057  5284 I PdnController<0>: onCellLocationChanged: ns=not null
08-30 15:11:33.036  5057  5284 I ImsCallSessionManager: onCellLocationChanged, phoneId: 0
08-30 15:11:33.036  5057  5284 I RegiMgr-Handler: handleMessage: EVENT_DO_PENDING_UPDATE_REGISTRATION
08-30 15:11:33.036  5057  5284 I RegiMgr-Handler: handleMessage: EVENT_CELL_LOCATION_CHANGED
08-30 15:11:33.036  4349  4371 D EnterpriseDeviceManagerService: isMdmAdminPresentInternal() : MDM Admin Found - com.samsung.knox.securefolder
08-30 15:11:33.038 23627 23627 I ViewRootImpl@7b808be[VerticalListActivity]: [DP] pdf(0) 1 android.view.ViewRootImpl.lambda$performDraw$1$ViewRootImpl:4668 android.view.-$$Lambda$ViewRootImpl$DJd0VUYJgsebcnSohO6h8zc_ONI.run:6 android.os.Handler.handleCallback:938
08-30 15:11:33.038 23627 23627 I ViewRootImpl@7b808be[VerticalListActivity]: [DP] rdf()
08-30 15:11:33.041  5057  5284 I RegiMgr<0>: updatePani RegisterTask[0][mProfile=Global GC RCS, mRegistrationRat=18, mPdnType=1, mState=REGISTERED, mObject=UserAgent - :
08-30 15:11:33.041  5057  5284 I RegiMgr<0>:  total records=6695
08-30 15:11:33.041  5057  5284 I RegiMgr<0>:  rec[0]: time=08-30 15:09:49.873 processed=ReadyState org=RegisteredState dest=<null> what=34(0x22)
08-30 15:11:33.041  5057  5284 I RegiMgr<0>:  rec[1]: time=08-30 15:09:57.423 processed=ReadyState org=RegisteredState dest=<null> what=34(0x22)
08-30 15:11:33.041  5057  5284 I RegiMgr<0>:  rec[2]: time=08-30 15:10:01.256 processed=ReadyState org=RegisteredState dest=<null> what=34(0x22)
08-30 15:11:33.041  5057  5284 I RegiMgr<0>:  rec[3]: time=08-30 15:10:01.257 processed=ReadyState org=RegisteredState dest=<null> what=50(0x32)
08-30 15:11:33.041  5057  5284 I RegiMgr<0>:  rec[4]: time=08-30 15:10:01.412 processed=ReadyState org=RegisteredState dest=<null> what=34(0x22)
08-30 15:11:33.041  5057  5284 I RegiMgr<0>:  rec[5]: time=08-30 15:10:34.367 processed=ReadyState org=RegisteredState dest=<null> what=34(0x22)
08-30 15:11:33.041  5057  5284 I RegiMgr<0>:  rec[6]: time=08-30 15:10:34.369 processed=ReadyState org=RegisteredState dest=<null> what=50(0x32)
08-30 15:11:33.041  5057  5284 I RegiMgr<0>:  rec[7]: time=08-30 15:10:34.599 processed=ReadyState org=RegisteredState dest=<null> what=34(0x22)
08-30 15:11:33.041  5057  5284 I RegiMgr<0>:  rec[8]: time=08-30 15:10:34.632 processed=ReadyState org=RegisteredState dest=<null> what=34(0x22)
08-30 15:11:33.041  5057  5284 I RegiMgr<0>:  rec[9]: time=08-30 15:10:51.268 processed=ReadyState org=RegisteredState dest=<null> what=34(0x22)
08-30 15:11:33.041  5057  5284 I RegiMgr<0>:  rec[10]: time=08-30 15:10:51.268 processed=ReadyState org=RegisteredState dest=<null> what=50(0x32)
08-30 15:11:33.041  5057  5284 I RegiMgr<0>:  rec[11]: time=08-30 15:10:51.409 processed=ReadyState org=RegisteredState dest=<null> what=34(0x22)
08-30 15:11:33.041  5057  5284 I RegiMgr<0>:  rec[12]: time=08-30 15:10:51.433 processed=ReadyState org=RegisteredState dest=<null> what=34(0x22)
08-30 15:11:33.041  5057  5284 I RegiMgr<0>:  rec[13]: time=08-30 15:11:22.220 processed=ReadyState org=RegisteredState dest=<null> what=34(0x22)
08-30 15:11:33.041  5057  5284 I RegiMgr<0>:  rec[14]: time=08-30 15:11:22.221 processed=ReadyState org=RegisteredState dest=<null> what=50(0x32)
08-30 15:11:33.041  5057  5284 I RegiMgr<0>:  rec[15]: time=08-30 15:11:22.338 processed=ReadyState org=RegisteredState dest=<null> what=34(0x22)
08-30 15:11:33.041  5057  5284 I RegiMgr<0>:  rec[16]: time=08-30 15:11:22.356 processed=ReadyState org=RegisteredState dest=<null> what=34(0x22)
08-30 15:11:33.041  5057  5284 I RegiMgr<0>:  rec[17]: time=08-30 15:11:32.856 processed=ReadyState org=RegisteredState dest=<null> what=34(0x22)
08-30 15:11:33.041  5057  5284 I RegiMgr<0>:  rec[18]: time=08-30 15:11:32.856 processed=ReadyState org=RegisteredState dest=<null> what=50(0x32)
08-30 15:11:33.041  5057  5284 I RegiMgr<0>:  rec[19]: time=08-30 15:11:33.021 processed=ReadyState org=RegisteredState dest=<null> what=34(0x22)
08-30 15:11:33.041  5057  5284 I RegiMgr<0>: curState=RegisteredState
08-30 15:11:33.041  5057  5284 I RegiMgr<0>: , mReason=, mPcscfHostname=ua-vodafone.rcs.telephony.goog, mDeregiReason=41]
08-30 15:11:33.041  5057  5284 I PaniGenerator<0>: generate: subId - 2
08-30 15:11:33.043  5057  5284 I PaniGenerator<0>: generate: network=18, fallbackPlmn=
08-30 15:11:33.043  5057  5284 E GlobalSettingsRepoBase: globalgcsettings No matched key : iwlan_pani_format
08-30 15:11:33.043  5057  5284 I PaniGenerator<0>: generateWiFiPani: Format for generating PANI - <PREFIX>;<NODE_ID>
08-30 15:11:33.044  5057  5284 I PaniGenerator: WifiManager.getBSSID(): [3c:cd:57:70:16:5d]
08-30 15:11:33.045  5057  5284 I PaniGenerator<0>: generateWiFiPani: normalized PANI: IEEE-802.11;i-wlan-node-id=3ccd5770165d
08-30 15:11:33.045  5057  5284 I PaniGenerator: setLkcForLastPani: No Last PANI header for Global GC RCS
08-30 15:11:33.045  5057  5284 I UserAgent<0>: updatePani: pani=IEEE-802.11;i-wlan-node-id=3ccd5770165d, updatePani: lastPani=3GPP-E-UTRAN-FDD;utran-cell-id-3gpp=255065b0ce060b1f;"2023-08-30T15:11:33+0300"
08-30 15:11:33.046  5057  5628 I StackIF : updatePani: 12456 pani: [IEEE-802.11;i-wlan-node-id=3ccd5770165d, 3GPP-E-UTRAN-FDD;utran-cell-id-3gpp=255065b0ce060b1f;"2023-08-30T15:11:33+0300"]
08-30 15:11:33.046  5057  5628 I SECIMSJ : [6138]> 204
08-30 15:11:33.046  5057  5634 I [IMS6.0]: IMS_onResponse()
08-30 15:11:33.046  5057  5634 I StackIF : processMessage 2
08-30 15:11:33.047  5057  5634 I StackIF : Processing Response
08-30 15:11:33.047  5057  5634 I SECIMSJ : [6138]< 600
08-30 15:11:33.047  5057  5634 I StackIF : processResponse: reqId 600
08-30 15:11:33.047  5057  5634 I StackIF : processResponse: handle 12456 result 0 reason 0
08-30 15:11:33.060 23627 23627 D RootViewPicker: Root not ready - waiting: 10ms for one to appear.
08-30 15:11:33.065  4349  4372 D PkgPredictorService: pkg:com.example.dogglers activity:com.example.dogglers.VerticalListActivity thisTime:412
08-30 15:11:33.065  4349  4372 D PkgPredictorService-Collector: update activity launch time: VerticalListActivity : 412
08-30 15:11:33.065  4349  4372 I SemDvfsHyPerManager: acquire hyper - AMS_RESUME_TAIL/4349@18, type = -999
08-30 15:11:33.065  4349  4372 I SemDvfsHyPerManager: acquire hyper - AMS_ACT_LAZY/4349@19, type = -999
08-30 15:11:33.065  4666  4666 V PhoneGlobals: handleServiceStateChanged
08-30 15:11:33.066  5135  5135 I LiveIconUpdateEventHandler: unregisterReceiver
08-30 15:11:33.066  4349  4376 D ArtManagerInternalImpl: /data/misc/iorapd/com.example.dogglers/1/com.example.dogglers.VerticalListActivity/compiled_traces/compiled_trace.pb doesn't exist
08-30 15:11:33.067  3927  3954 I HYPER-HAL: [RequestManager.cpp]acquire(): Acquired ID : 9537546  [4349 / 18]    HINT : AMS_RESUME_TAIL    list :
08-30 15:11:33.067  3927  3954 E HYPER-HAL: [HandlerSysfs.cpp]doResourceHandling(): Couldn't Open Sysfs - /sys/power/cstate_control
08-30 15:11:33.067  3927  3954 I HYPER-HAL: [ResourceManager.cpp]updateResource(): [CPUMinFreq] UpdateResource Request ID : 9537546    Value : 1560000
08-30 15:11:33.067  3927  3954 I HYPER-HAL: [RequestManager.cpp]acquire(): Acquired ID : 9541915  [4349 / 19]    HINT :      list :
08-30 15:11:33.068  3927  3954 E HYPER-HAL: [Request.cpp]acquire(): Request:: id : 9541915, No Resource to set
08-30 15:11:33.068  3927  3954 E HYPER-HAL: [HandlerSysfs.cpp]doResourceHandling(): Couldn't Open Sysfs - /sys/power/cstate_control
08-30 15:11:33.068  3927  3954 I HYPER-HAL: [ResourceManager.cpp]removeResource(): [CPUMinFreq] RemoveResource Request ID : 9546285
08-30 15:11:33.068  3927  3954 I HYPER-HAL: [RequestManager.cpp]releaseLocked(): Released ID : 9546285
08-30 15:11:33.069  3881  3886 E statsd  : Predicate -7037417284711607308 dropping data for dimension key (10)0x2010101->10429[I] (10)0x30000->*launch*[S]
08-30 15:11:33.070  4666  4666 D NotificationMgr: updateNetworkSelection, Use Samsung codes instead of AOSP codes
08-30 15:11:33.071  4349  4376 I ActivityTaskManager: Displayed com.example.dogglers/.VerticalListActivity: +412ms
08-30 15:11:33.071 23627 23627 D RootViewPicker: Root not ready - waiting: 25ms for one to appear.
08-30 15:11:33.072  5589  5589 E pageboostd: Received HALT command code 2
08-30 15:11:33.073  4349  4372 D ViewRootImpl@6770702[dogglers]: dispatchDetachedFromWindow: reset blurmask
08-30 15:11:33.073  4349  4372 I ViewRootImpl@6770702[dogglers]: dispatchDetachedFromWindow
08-30 15:11:33.074  4349  4372 I SurfaceControl: nativeRelease nativeObject s[477997783264]
08-30 15:11:33.074  4349  4372 I SurfaceControl: nativeRelease nativeObject e[477997783264]
08-30 15:11:33.074  4349  5464 I InputDispatcher: Focus entered window (23627): f335f94 in display 0 0
08-30 15:11:33.075 23627 23627 I ViewRootImpl@7b808be[VerticalListActivity]: MSG_WINDOW_FOCUS_CHANGED 1 1
08-30 15:11:33.076 23627 23627 D InputMethodManager: prepareNavigationBarInfo() DecorView@b03f3d3[VerticalListActivity]
08-30 15:11:33.076 23627 23627 D InputMethodManager: getNavigationBarColor() -16711423
08-30 15:11:33.070  4666  4666 V PhoneGlobals: subId=2,mDefaultDataSubId=2,ss roaming=false
08-30 15:11:33.076  4666  4666 V PhoneGlobals: updateDataRoamingStatus
08-30 15:11:33.077 23627 23627 D InputMethodManager: prepareNavigationBarInfo() DecorView@b03f3d3[VerticalListActivity]
08-30 15:11:33.077  4666  4666 V PhoneGlobals: dataAllowed=true, reasons=Data allowed, reason: NORMAL
08-30 15:11:33.077 23627 23627 D InputMethodManager: getNavigationBarColor() -16711423
08-30 15:11:33.077 23627 23627 V InputMethodManager: Starting input: tba=com.example.dogglers ic=null mNaviBarColor -16711423 mIsGetNaviBarColorSuccess true , NavVisible : true , NavTrans : false
08-30 15:11:33.077 23627 23627 D InputMethodManager: startInputInner - Id : 0
08-30 15:11:33.077 23627 23627 I InputMethodManager: startInputInner - mService.startInputOrWindowGainedFocus
08-30 15:11:33.078  4349  6779 D InputMethodManagerService: mSecureKeypadEnabled = false
08-30 15:11:33.081  4708  4881 D NetworkController.SecMobileSignalController(0/2): onDataActivity: direction=0
08-30 15:11:33.083  4349  6765 I SurfaceControl: nativeRelease nativeObject s[477996348096]
08-30 15:11:33.083  4349  6765 I SurfaceControl: nativeRelease nativeObject e[477996348096]
08-30 15:11:33.083  3976  4318 I Layer   : id=38598 removeFromCurrentState com.sec.android.app.launcher/com.sec.android.app.launcher.activities.LauncherActivity$_5135#0 (99)
08-30 15:11:33.085  4349  4372 D InputTransport: Input channel destroyed: 'cd4709c', fd=746
08-30 15:11:33.086  3976  4318 I SurfaceFlinger: id=38621 createSurf (0x0),-1 flag=24000, Surface(name=cd4709c Splash Screen com.example.dogglers)/@0xa265e59 - animation-leash#0
08-30 15:11:33.090  3976  5385 I SurfaceFlinger: id=38598 Removed com.sec.android.app.launcher/com.sec.android.app.launcher.activities.LauncherActivity$_5135#0 (100)
08-30 15:11:33.091  4349  4372 D InputTransport: Input channel destroyed: 'cd4709c', fd=752
08-30 15:11:33.091  4349  6779 V InputMethodManagerService: hideCurrentInputLocked : shouldHideSoftInput is false
08-30 15:11:33.091  4349  6779 D InputMethodManagerService: mDesktopModeManager null!
08-30 15:11:33.091  4349  6779 V InputMethodManagerService: getDisplayIdOfInputMethodWindowToBeAdded : 0
08-30 15:11:33.092  4349  6779 D SamsungIMMSHWKeyboard: isConnectedDexOnPC false
08-30 15:11:33.092  4708  4881 D NetworkController.SecMobileSignalController(0/2): onDisplayInfoChanged: displayInfo=TelephonyDisplayInfo {network=EDGE, override=NONE}, is5gAvailable = false
08-30 15:11:33.093  4708  4881 D MobileSignalIconsSelector: getDataIconGroup(): 2
08-30 15:11:33.094  4349  6779 D InputMethodManagerService: isImeSwitcherDisabledPackage : false
08-30 15:11:33.094  4708  4881 D MobileSignalIconsSelector: getDataIconGroup(): connected=true,enabled=true,level=3,inetCondition=1,dataIconGroup=DataIconGroup(E),activityIn=false,activityOut=false,lastModified=08-30 15:11:33.093,dataSim=true,networkName=Vodafone UA,networkNameData=Vodafone UA,dataConnected=false,roaming=false,isDefault=false,isEmergency=false,airplaneMode=false,carrierNetworkChangeMode=false,userSetup=true,defaultDataOff=false,cdmaEriIconIndex=-1,cdmaEriIconMode=-1,callState=0,voWifiConnected=false,shouldShowDisabledDataIcon=false,bluetoothTethered=false,isLTEFemtoCell=false,cardOperator=OTHERS,optionalRadioTech=0,isCAIndicator=false,isLimitedStateForCTCSlaveVoLTE=false,isSWRoaming=false,isMobileDataSettingEnabled=false,nwBoosterRilEnabled=false,nwBoosterSettingEnabled=false,emergencyModeActivated=false,ismmW5G=false,slotId=0,simState=LOADED,isDefaultDataSlot=true, iconSet = [I@4a17707
08-30 15:11:33.095  4349  6779 D InputMethodManagerService: checkDisplayOfStartInputAndUpdateKeyboard display Id 0last 0
08-30 15:11:33.095  4349  6779 D InputTransport: Input channel constructed: 'ClientS', fd=746
08-30 15:11:33.095  4349  6779 D InputTransport: Input channel destroyed: 'ClientS', fd=746
08-30 15:11:33.096 23627 23627 D InputTransport: Input channel constructed: 'ClientS', fd=90
08-30 15:11:33.099  4708  4708 D StatusbarSignalPolicy: setMobileDataIndicators state = MobileIconState(subId=2, strengthId=2131233577, roaming=false, typeId=0, visible=true, activityId=0, roamingId=0, slotId=0)
08-30 15:11:33.100  4349  7427 I SurfaceControl: nativeRelease nativeObject s[476017199072]
08-30 15:11:33.100  4349  7427 I SurfaceControl: nativeRelease nativeObject e[476017199072]
08-30 15:11:33.101 23627 23627 I ViewInteraction: Performing 'fast swipe' action on view view.getId() is <2131231206/com.example.dogglers:id/vertical_recycler_view>
08-30 15:11:33.101  3976  5385 I SurfaceFlinger: id=38622 createSurf (0x0),-1 flag=24004, Surface(name=749d536 InputMethod)/@0x72f94d3 - animation-leash#1
08-30 15:11:33.103  7475  7475 I HBD     : HoneyBoardService onFinishInput
08-30 15:11:33.103  7475  7475 I HBD     : a IC have been unbinded,  InputConnectionWrapper{idHash=#54ca93d mMissingMethods=}
08-30 15:11:33.103  7475  7475 I HBD     : HoneyBoardService [PF_CL][onFinishInput]  637346 ns
08-30 15:11:33.104  4349  7427 D InputDispatcher: Inject motion (23627): action=0x0, time=302824911000000, f=0x0, d=0
08-30 15:11:33.104  7475  7475 I HBD     : HoneyBoardService [IMI] onStartInput - caller pid : 23627 , caller uid : 10429
08-30 15:11:33.104  7475  7475 I HBD     : i updateConfigs
08-30 15:11:33.104  4349  4492 D InputDispatcher: pointer touchable region used!
08-30 15:11:33.104  4349  4492 D InputDispatcher: pointer touchable region used!
08-30 15:11:33.104  7475  7475 I HBD     : i isEnabledNightMode : true
08-30 15:11:33.104  4349  4492 W InputDispatcher: obscured by Window{cd4709c
08-30 15:11:33.104  4349  4492 D InputDispatcher: pointer touchable region used!
08-30 15:11:33.104  7475  7475 I HBD     : a IC have been binded, InputConnectionWrapper{idHash=#b63283 mMissingMethods=}
08-30 15:11:33.104  4349  4492 I InputDispatcher: Delivering touch to (4708): action: 0x4, f=0x0, d=0, 'b07ecc5', t=0
08-30 15:11:33.104  7475  7475 I HBD     : h [EditorInputType]setPrivateImeOptionsToTable privateImeOptions ( null )
08-30 15:11:33.104  4349  4492 I InputDispatcher: Delivering touch to (23627): action: 0x0, f=0x1, d=0, 'f335f94', t=0
08-30 15:11:33.104  7475  7475 I HBD     : b incognitoMode : false
08-30 15:11:33.104  7475  7475 I HBD     : a needOff = true , isForceOff = false, isNullInputClass : true
08-30 15:11:33.105  7475  7475 I HBD     : h getDefaultInputRange : UNKNOWN
08-30 15:11:33.105 23627 23627 I ViewRootImpl@7b808be[VerticalListActivity]: ViewPostIme pointer 0
08-30 15:11:33.106  7475  7475 I HBD     : h getDefaultInputRange : UNKNOWN
08-30 15:11:33.106  7475  7475 I HBD     : h getDefaultInputRange : UNKNOWN
08-30 15:11:33.106  3976  3976 I Layer   : id=38598[1] Destroyed com.sec.android.app.launcher/com.sec.android.app.launcher.activities.LauncherActivity$_5135#0
08-30 15:11:33.108  3976  5385 I Layer   : id=38605 removeFromCurrentState Surface(name=749d536 InputMethod)/@0x72f94d3 - animation-leash#0 (100)
08-30 15:11:33.112  4349  7427 D SdpManagerService: Not an enterprise user : 0
08-30 15:11:33.112  4349  7427 D SdpManagerService: Not an enterprise user : 0
08-30 15:11:33.113  4349  5108 D SamsungIMMSHWKeyboard: isConnectedDexOnPC false
08-30 15:11:33.113  4349  5108 D InputMethodManagerService: isImeSwitcherDisabledPackage : false
08-30 15:11:33.113 23627 23627 I SurfaceControl: nativeRelease nativeObject s[478247330560]
08-30 15:11:33.113 23627 23627 I SurfaceControl: nativeRelease nativeObject e[478247330560]
08-30 15:11:33.113 23627 23627 I SurfaceControl: nativeRelease nativeObject s[476571790720]
08-30 15:11:33.113 23627 23627 I SurfaceControl: nativeRelease nativeObject e[476571790720]
08-30 15:11:33.114  7475  7475 I HBD     : h getDefaultInputRange : UNKNOWN
08-30 15:11:33.114  7475  7475 I HBD     : a currentState : 0
08-30 15:11:33.116  7475  7475 I HBD     : h load selected json info : {"version":"1.0","currentLanguageOrder":2,"selected":[{"activeOptionList":["auto_replace","spell_check","auto_spacing"],"engName":"Russian","id":3342336,"inputType":"qwerty","isUsed":true},{"activeOptionList":["auto_replace","spell_check","auto_spacing"],"engName":"English","id":65537,"inputType":"qwerty","isUsed":true},{"activeOptionList":["auto_replace","spell_check","auto_spacing"],"engName":"Ukrainian","id":4456448,"inputType":"qwerty","isUsed":true}]}
08-30 15:11:33.117  7475  7475 I HBD     : a [UpdatePolicy] [post] a: 0 cl: 4456448 kit: [0/0] vt: 0 ir: 1
08-30 15:11:33.118  7475  7475 I HBD     : HoneyBoardService [PF_OP][onStartInput]  13887769 ns
08-30 15:11:33.125  5135  5135 W RecentsAnimationDeviceState: isInSwipeUpTouchRegion = false
08-30 15:11:33.127  5135  5135 W TouchInteractionService: onInputEvent, inputConsumer = com.android.quickstep.-$$Lambda$InputConsumer$pgTpBxbssXPLgozwhOXQifnNImE@5e570d
08-30 15:11:33.128  5135  5135 I SurfaceControl: nativeRelease nativeObject s[478247338816]
08-30 15:11:33.128  5135  5135 I SurfaceControl: nativeRelease nativeObject e[478247338816]
08-30 15:11:33.129  4349  4369 D SehCodecSolutionService: Update top [com.example.dogglers]
08-30 15:11:33.130  3976  3976 D SurfaceFlinger: Display 0 HWC layers:
08-30 15:11:33.130  3976  3976 D SurfaceFlinger:      DEVICE | 0x74d157f000 | 0002 | RGBA_8888    |    0.0    0.0  720.0 1560.0 |    0    0  720 1560 | com.example.dogglers/com.example.dogglers.VerticalListActivity$_23627#0
08-30 15:11:33.130  3976  3976 D SurfaceFlinger:      DEVICE | 0x75743a60c0 | 0002 | RGBA_8888    |    0.0    0.0  720.0 1560.0 |    0    0  720 1560 | Splash Screen com.example.dogglers#0
08-30 15:11:33.130  3976  3976 D SurfaceFlinger:      DEVICE | 0x74f0414e40 | 0000 | RGBA_8888    |    0.0    0.0  720.0   53.0 |    0    0  720   53 | StatusBar$_4708#0
08-30 15:11:33.130  3976  3976 D SurfaceFlinger:      DEVICE | 0x74d157fa00 | 0000 | RGBA_8888    |    0.0    0.0   67.0  232.0 |  653  151  720  383 | com.samsung.android.app.cocktailbars[...]rservice.CocktailBarService$_14146#0
