08-30 15:11:12.291  3881  3886 E statsd  : Predicate -7037417284711607308 dropping data for dimension key (10)0x2010101->10429[I] (10)0x30000->*launch*[S]
08-30 15:11:12.302 23627 23627 D LifecycleMonitor: Lifecycle status change: com.example.dogglers.MainActivity@9aa2607 in: PAUSED
08-30 15:11:12.303 23627 23627 V ActivityScenario: Update currentActivityStage to PAUSED, currentActivity=com.example.dogglers.MainActivity@9aa2607
08-30 15:11:12.308  4349  6800 V WindowOrientationListener: getProposedRotation: -1
08-30 15:11:12.308  4349  6800 V WindowOrientationListener: getProposedRotation: -1
08-30 15:11:12.309  4349  6800 V WindowOrientationListener: getProposedRotation: -1
08-30 15:11:12.312  4349  6800 D InputDispatcher: Focused application set to (0): 186e7bd
08-30 15:11:12.324  4349  4371 I SemPersonaManager: SecureFolder personaId = 150
08-30 15:11:12.335 23627 23627 D LifecycleMonitor: Lifecycle status change: com.example.dogglers.VerticalListActivity@80d91ec in: PRE_ON_CREATE
08-30 15:11:12.336 23627 23627 V ActivityScenario: Activity lifecycle changed event received but ignored because the intent does not match. startActivityIntent=Intent { act=android.intent.action.MAIN cat=[android.intent.category.LAUNCHER] cmp=com.example.dogglers/.MainActivity }, activity.getIntent()=Intent { cmp=com.example.dogglers/.VerticalListActivity }, activity=com.example.dogglers.VerticalListActivity@80d91ec
08-30 15:11:12.337  4349  4372 I SurfaceControl: nativeRelease nativeObject s[476008574592]
08-30 15:11:12.337  4349  4372 I SurfaceControl: nativeRelease nativeObject e[476008574592]
08-30 15:11:12.338  4349  6800 I InputDispatcher: Focus left window (23627): 608d0ee in display 0 0
08-30 15:11:12.353 23627 23627 I DecorView: [INFO] isPopOver=false, config=true
08-30 15:11:12.353 23627 23627 I DecorView: updateCaptionType >> DecorView@80fea6d[], isFloating=false, isApplication=true, hasWindowDecorCaption=false, hasWindowControllerCallback=true
08-30 15:11:12.353 23627 23627 D DecorView: setCaptionType = 0, this = DecorView@80fea6d[]
08-30 15:11:12.353  3976  4001 I Layer   : id=38064 removeFromCurrentState Surface(name=Dim Layer for - Task=1411 - animating-dim)/@0x84f82f2 - animation-leash#0 (97)
08-30 15:11:12.354  3976  5385 I SurfaceFlinger: id=38064 Removed Surface(name=Dim Layer for - Task=1411 - animating-dim)/@0x84f82f2 - animation-leash#0 (97)
08-30 15:11:12.355 12736 12736 I dnxg    : onPause
08-30 15:11:12.369  3976  3976 I Layer   : id=38064[1] Destroyed Surface(name=Dim Layer for - Task=1411 - animating-dim)/@0x84f82f2 - animation-leash#0
08-30 15:11:12.383 23627 23627 D LifecycleMonitor: Lifecycle status change: com.example.dogglers.VerticalListActivity@80d91ec in: CREATED
08-30 15:11:12.384 23627 23627 V ActivityScenario: Activity lifecycle changed event received but ignored because the intent does not match. startActivityIntent=Intent { act=android.intent.action.MAIN cat=[android.intent.category.LAUNCHER] cmp=com.example.dogglers/.MainActivity }, activity.getIntent()=Intent { cmp=com.example.dogglers/.VerticalListActivity }, activity=com.example.dogglers.VerticalListActivity@80d91ec
08-30 15:11:12.388 23627 23627 D LifecycleMonitor: Lifecycle status change: com.example.dogglers.VerticalListActivity@80d91ec in: STARTED
08-30 15:11:12.388 23627 23627 V ActivityScenario: Activity lifecycle changed event received but ignored because the intent does not match. startActivityIntent=Intent { act=android.intent.action.MAIN cat=[android.intent.category.LAUNCHER] cmp=com.example.dogglers/.MainActivity }, activity.getIntent()=Intent { cmp=com.example.dogglers/.VerticalListActivity }, activity=com.example.dogglers.VerticalListActivity@80d91ec
08-30 15:11:12.391 23627 23627 D LifecycleMonitor: Lifecycle status change: com.example.dogglers.VerticalListActivity@80d91ec in: RESUMED
08-30 15:11:12.392 23627 23627 V ActivityScenario: Activity lifecycle changed event received but ignored because the intent does not match. startActivityIntent=Intent { act=android.intent.action.MAIN cat=[android.intent.category.LAUNCHER] cmp=com.example.dogglers/.MainActivity }, activity.getIntent()=Intent { cmp=com.example.dogglers/.VerticalListActivity }, activity=com.example.dogglers.VerticalListActivity@80d91ec
08-30 15:11:12.393  4349  4371 D EnterpriseDeviceManagerService: isMdmAdminPresentInternal() : MDM Admin Found - com.samsung.knox.securefolder
08-30 15:11:12.408  4349  5464 D InputTransport: Input channel constructed: 'df11a57', fd=772
08-30 15:11:12.408  4349  5464 D InputTransport: Input channel constructed: 'df11a57', fd=779
08-30 15:11:12.409  3976  4318 I SurfaceFlinger: id=38073 createSurf (0x0),-1 flag=80004, df11a57 com.example.dogglers/com.example.dogglers.VerticalListActivity#0
08-30 15:11:12.410  4349  5464 D WindowManager: isScreenshotDisabledLocked - win: Window{df11a57 u0 com.example.dogglers/com.example.dogglers.VerticalListActivity}
08-30 15:11:12.410  4349  5464 D WindowManager: isScreenshotDisabledLocked: userId = 0, disabled =false
08-30 15:11:12.410  4349  5464 D InputTransport: Input channel destroyed: 'df11a57', fd=779
08-30 15:11:12.411 23627 23627 D InputTransport: Input channel constructed: 'df11a57', fd=106
08-30 15:11:12.413 23627 23627 I ViewRootImpl@a53f820[VerticalListActivity]: setView = com.android.internal.policy.DecorView@80fea6d TM=true
08-30 15:11:12.422  4349  4372 I SurfaceControl: nativeRelease nativeObject s[477997782880]
08-30 15:11:12.422  4349  4372 I SurfaceControl: nativeRelease nativeObject e[477997782880]
08-30 15:11:12.422  4349  4372 I SurfaceControl: nativeRelease nativeObject s[476017206080]
08-30 15:11:12.422  4349  4372 I SurfaceControl: nativeRelease nativeObject e[476017206080]
08-30 15:11:12.426  4349  5464 V WindowManager: Relayout Window{df11a57 u0 com.example.dogglers/com.example.dogglers.VerticalListActivity}: viewVisibility=0 req=720x1560
08-30 15:11:12.428  3976  4001 I Layer   : id=38062 removeFromCurrentState Surface(name=ActivityRecord{de7002f u0 com.example.dogglers/androidx.test.core.app.InstrumentationActivityInvoker$BootstrapActivity t1411})/@0xf836666 - animation-leash#0 (97)
08-30 15:11:12.428  3976  4001 I Layer   : id=38065 removeFromCurrentState Surface(name=ActivityRecord{de7002f u0 com.example.dogglers/androidx.test.core.app.InstrumentationActivityInvoker$BootstrapActivity t1411})/@0xf836666 - animation-bounds#0 (97)
08-30 15:11:12.429  4349  5464 D WindowManager: isScreenshotDisabledLocked - win: Window{df11a57 u0 com.example.dogglers/com.example.dogglers.VerticalListActivity}
08-30 15:11:12.429  4349  5464 D WindowManager: isScreenshotDisabledLocked: userId = 0, disabled =false
08-30 15:11:12.429  3976  5385 I SurfaceFlinger: id=38065 Removed Surface(name=ActivityRecord{de7002f u0 com.example.dogglers/androidx.test.core.app.InstrumentationActivityInvoker$BootstrapActivity t1411})/@0xf836666 - animation-bounds#0 (97)
08-30 15:11:12.429  3976  4001 I SurfaceFlinger: id=38062 Removed Surface(name=ActivityRecord{de7002f u0 com.example.dogglers/androidx.test.core.app.InstrumentationActivityInvoker$BootstrapActivity t1411})/@0xf836666 - animation-leash#0 (97)
08-30 15:11:12.430  3976  4318 I SurfaceFlinger: id=38074 createSurf (720x1560),1 flag=404, com.example.dogglers/com.example.dogglers.VerticalListActivity$_23627#0
08-30 15:11:12.432  4349  5464 I SurfaceControl: nativeRelease nativeObject s[476009103264]
08-30 15:11:12.432  4349  5464 I SurfaceControl: nativeRelease nativeObject e[476009103264]
08-30 15:11:12.433 14146 14146 I TrayStateController: systemUiVisibilityChanged : 0 0
08-30 15:11:12.433  3976  4318 I SurfaceFlinger: id=38075 createSurf (0x0),-1 flag=24000, Surface(name=1096c8d StatusBar)/@0xeaf4dd0 - animation-leash#0
08-30 15:11:12.434  4349  5464 I SurfaceControl: nativeRelease nativeObject s[476017810816]
08-30 15:11:12.434  4349  5464 I SurfaceControl: nativeRelease nativeObject e[476017810816]
08-30 15:11:12.434  3976  4318 I SurfaceFlinger: id=38076 createSurf (0x0),-1 flag=24000, Surface(name=b07ecc5 NavigationBar0)/@0xa8376fc - animation-leash#1
08-30 15:11:12.436  4349  5464 V WindowManager: Relayout hash=df11a57, pid=23627: mAttrs={(0,0)(fillxfill) sim={adjust=resize forwardNavigation} ty=BASE_APPLICATION wanim=0x1030304
08-30 15:11:12.436  4349  5464 V WindowManager:   fl=81810100
08-30 15:11:12.436  4349  5464 V WindowManager:   pfl=12020000
08-30 15:11:12.436  4349  5464 V WindowManager:   fitSides= naviIconColor=0}
08-30 15:11:12.437  4349  5464 I SurfaceControl: nativeRelease nativeObject s[476017206080]
08-30 15:11:12.437  4349  5464 I SurfaceControl: nativeRelease nativeObject e[476017206080]
08-30 15:11:12.437  3976  3976 I Layer   : id=38065[1] Destroyed Surface(name=ActivityRecord{de7002f u0 com.example.dogglers/androidx.test.core.app.InstrumentationActivityInvoker$BootstrapActivity t1411})/@0xf836666 - animation-bounds#0
08-30 15:11:12.437  3976  3976 I Layer   : id=38062[1] Destroyed Surface(name=ActivityRecord{de7002f u0 com.example.dogglers/androidx.test.core.app.InstrumentationActivityInvoker$BootstrapActivity t1411})/@0xf836666 - animation-leash#0
08-30 15:11:12.438  3976  4001 I Layer   : id=38068 removeFromCurrentState Surface(name=1096c8d StatusBar)/@0xeaf4dd0 - animation-leash#1 (98)
08-30 15:11:12.438  3976  4001 I Layer   : id=29 removeFromCurrentState 1096c8d StatusBar#0 (98)
08-30 15:11:12.438  3976  4001 I Layer   : id=36 removeFromCurrentState StatusBar$_4708#0 (98)
08-30 15:11:12.438  3976  4001 I Layer   : id=29 addToCurrentState 1096c8d StatusBar#0 (98)
08-30 15:11:12.438  3976  4001 I Layer   : id=36 addToCurrentState StatusBar$_4708#0 (98)
08-30 15:11:12.438  3976  4001 I Layer   : id=38069 removeFromCurrentState Surface(name=b07ecc5 NavigationBar0)/@0xa8376fc - animation-leash#0 (98)
08-30 15:11:12.439 23627 23627 I SurfaceControl: assignNativeObject: nativeObject = 0 Surface(name=null)/@0x41a95d9 / android.view.SurfaceControl.readFromParcel:1117 android.view.IWindowSession$Stub$Proxy.relayout:1836 android.view.ViewRootImpl.relayoutWindow:9005 android.view.ViewRootImpl.performTraversals:3360 android.view.ViewRootImpl.doTraversal:2618 android.view.ViewRootImpl$TraversalRunnable.run:9971 android.view.Choreographer$CallbackRecord.run:1010 android.view.Choreographer.doCallbacks:809 android.view.Choreographer.doFrame:744 android.view.Choreographer$FrameDisplayEventReceiver.run:995
08-30 15:11:12.441 23627 23627 I ViewRootImpl@a53f820[VerticalListActivity]: Relayout returned: old=(0,0,720,1560) new=(0,0,720,1560) req=(720,1560)0 dur=13 res=0x7 s={true 478080667648} ch=true fn=-1
08-30 15:11:12.445  3899 10978 D gralloc : [mali_gralloc_allocate] begin
08-30 15:11:12.445  3899 10978 D gralloc : buffer_descriptor: wh(720 1560) usage_pc(0x40000000000b00 0x40000000000b00) hal_format(0x1) layer_count(1) sizes(0 0 0) strde(0) byte_stride(0) alloc_wh(0 0) internal_format(0x0) alloc_format(0x0) fd_count(1) plane_count(0)
08-30 15:11:12.445  3899 10978 D gralloc : [mali_gralloc_allocate] allocation successful
08-30 15:11:12.446  3899 10978 D gralloc : [mali_gralloc_allocate] begin
08-30 15:11:12.446  3899 10978 D gralloc : buffer_descriptor: wh(720 1560) usage_pc(0x40000000000b00 0x40000000000b00) hal_format(0x1) layer_count(1) sizes(0 0 0) strde(0) byte_stride(0) alloc_wh(0 0) internal_format(0x0) alloc_format(0x0) fd_count(1) plane_count(0)
08-30 15:11:12.448  3899 10978 D gralloc : [mali_gralloc_allocate] allocation successful
08-30 15:11:12.449  3899 10978 D gralloc : [mali_gralloc_allocate] begin
08-30 15:11:12.449  3899 10978 D gralloc : buffer_descriptor: wh(720 1560) usage_pc(0x40000000000b00 0x40000000000b00) hal_format(0x1) layer_count(1) sizes(0 0 0) strde(0) byte_stride(0) alloc_wh(0 0) internal_format(0x0) alloc_format(0x0) fd_count(1) plane_count(0)
08-30 15:11:12.450  3899 10978 D gralloc : [mali_gralloc_allocate] allocation successful
08-30 15:11:12.463 12736 12736 I dnxg    : onStop
08-30 15:11:12.530 23627 23627 I ViewRootImpl@a53f820[VerticalListActivity]: [DP] dp(1) 1 android.view.ViewRootImpl.reportNextDraw:10957 android.view.ViewRootImpl.performTraversals:3845 android.view.ViewRootImpl.doTraversal:2618
08-30 15:11:12.530 23627 23627 I ViewRootImpl@a53f820[VerticalListActivity]: [DP] pd() Asnyc report
08-30 15:11:12.550 23627 23627 I ViewRootImpl@a53f820[VerticalListActivity]: [DP] pdf(0) 1 android.view.ViewRootImpl.lambda$performDraw$1$ViewRootImpl:4668 android.view.-$$Lambda$ViewRootImpl$DJd0VUYJgsebcnSohO6h8zc_ONI.run:6 android.os.Handler.handleCallback:938
08-30 15:11:12.550 23627 23627 I ViewRootImpl@a53f820[VerticalListActivity]: [DP] rdf()
08-30 15:11:12.555  3976  4318 I SurfaceFlinger: id=38077 createSurf (0x0),-1 flag=24000, Surface(name=ActivityRecord{b4ec953 u0 com.example.dogglers/.MainActivity t1411})/@0x456e3d9 - animation-leash#0
08-30 15:11:12.555 23627 23627 I ViewRootImpl@117c678[MainActivity]: MSG_WINDOW_FOCUS_CHANGED 0 1
08-30 15:11:12.557  3976  4318 I SurfaceFlinger: id=38078 createSurf (0x0),-1 flag=20004, Dim Layer for - Task=1411 - animating-dim#0
08-30 15:11:12.558  3976  4001 I SurfaceFlinger: id=38079 createSurf (0x0),-1 flag=24000, Surface(name=Dim Layer for - Task=1411 - animating-dim)/@0x15d5761 - animation-leash#0
08-30 15:11:12.560  3976  4001 I SurfaceFlinger: id=38080 createSurf (0x0),-1 flag=80004, Surface(name=ActivityRecord{b4ec953 u0 com.example.dogglers/.MainActivity t1411})/@0x456e3d9 - animation-bounds#0
08-30 15:11:12.563  3976  4001 I SurfaceFlinger: id=38081 createSurf (0x0),-1 flag=24004, Surface(name=ActivityRecord{186e7bd u0 com.example.dogglers/.VerticalListActivity t1411})/@0x7009199 - animation-leash#0
08-30 15:11:12.565  3976  4001 I SurfaceFlinger: id=38082 createSurf (0x0),-1 flag=80004, Surface(name=ActivityRecord{186e7bd u0 com.example.dogglers/.VerticalListActivity t1411})/@0x7009199 - animation-bounds#0
08-30 15:11:12.566  4349  4372 D PkgPredictorService: pkg:com.example.dogglers activity:com.example.dogglers.VerticalListActivity thisTime:282
08-30 15:11:12.572  4349  4376 I ActivityTaskManager: Displayed com.example.dogglers/.VerticalListActivity: +282ms
08-30 15:11:12.573  5589  5589 E pageboostd: Received HALT command code 2
08-30 15:11:12.583 23627 23627 I SurfaceControl: nativeRelease nativeObject s[476571790336]
08-30 15:11:12.583 23627 23627 I SurfaceControl: nativeRelease nativeObject e[476571790336]
08-30 15:11:12.583 23627 23627 I SurfaceControl: nativeRelease nativeObject s[476571789088]
08-30 15:11:12.583 23627 23627 I SurfaceControl: nativeRelease nativeObject e[476571789088]
08-30 15:11:12.583 23627 23627 I SurfaceControl: nativeRelease nativeObject s[476571788992]
08-30 15:11:12.583  3976  4001 I SurfaceFlinger: id=38069 Removed Surface(name=b07ecc5 NavigationBar0)/@0xa8376fc - animation-leash#0 (104)
08-30 15:11:12.583 23627 23627 I SurfaceControl: nativeRelease nativeObject e[476571788992]
08-30 15:11:12.583  3976  4001 I SurfaceFlinger: id=38068 Removed Surface(name=1096c8d StatusBar)/@0xeaf4dd0 - animation-leash#1 (104)
08-30 15:11:12.587  3976  3976 I Layer   : id=38068[1] Destroyed Surface(name=1096c8d StatusBar)/@0xeaf4dd0 - animation-leash#1
08-30 15:11:12.587  3976  3976 I Layer   : id=38069[1] Destroyed Surface(name=b07ecc5 NavigationBar0)/@0xa8376fc - animation-leash#0
08-30 15:11:12.589  4349  6800 I SemDvfsHyPerManager: acquire hyper - AMS_RESUME_TAIL/4349@18, type = -999
08-30 15:11:12.589  4349  6800 I SemDvfsHyPerManager: acquire hyper - AMS_ACT_LAZY/4349@19, type = -999
08-30 15:11:12.589  3927  3954 I HYPER-HAL: [RequestManager.cpp]acquire(): Acquired ID : 9537546  [4349 / 18]    HINT : AMS_RESUME_TAIL    list :
08-30 15:11:12.589  4349  5464 I InputDispatcher: Focus entered window (23627): df11a57 in display 0 0
08-30 15:11:12.589  3927  3954 E HYPER-HAL: [HandlerSysfs.cpp]doResourceHandling(): Couldn't Open Sysfs - /sys/power/cstate_control
08-30 15:11:12.589  3927  3954 I HYPER-HAL: [ResourceManager.cpp]updateResource(): [CPUMinFreq] UpdateResource Request ID : 9537546    Value : 1560000
08-30 15:11:12.589  3927  3954 I HYPER-HAL: [RequestManager.cpp]acquire(): Acquired ID : 9541915  [4349 / 19]    HINT :      list :
08-30 15:11:12.590  3927  3954 E HYPER-HAL: [Request.cpp]acquire(): Request:: id : 9541915, No Resource to set
08-30 15:11:12.590  3927  3954 E HYPER-HAL: [HandlerSysfs.cpp]doResourceHandling(): Couldn't Open Sysfs - /sys/power/cstate_control
08-30 15:11:12.590  3927  3954 I HYPER-HAL: [ResourceManager.cpp]removeResource(): [CPUMinFreq] RemoveResource Request ID : 9528811
08-30 15:11:12.591  3927  3954 I HYPER-HAL: [RequestManager.cpp]releaseLocked(): Released ID : 9528811
08-30 15:11:12.591  3881  3886 E statsd  : Predicate -7037417284711607308 dropping data for dimension key (10)0x2010101->10429[I] (10)0x30000->*launch*[S]
08-30 15:11:12.592 23627 23627 I ViewRootImpl@a53f820[VerticalListActivity]: MSG_WINDOW_FOCUS_CHANGED 1 1
08-30 15:11:12.593 23627 23627 D InputMethodManager: prepareNavigationBarInfo() DecorView@80fea6d[VerticalListActivity]
08-30 15:11:12.593 23627 23627 D InputMethodManager: getNavigationBarColor() -16711423
08-30 15:11:12.595 23627 23627 D InputMethodManager: prepareNavigationBarInfo() DecorView@80fea6d[VerticalListActivity]
08-30 15:11:12.595 23627 23627 D InputMethodManager: getNavigationBarColor() -16711423
08-30 15:11:12.595 23627 23627 V InputMethodManager: Starting input: tba=com.example.dogglers ic=null mNaviBarColor -16711423 mIsGetNaviBarColorSuccess true , NavVisible : true , NavTrans : false
08-30 15:11:12.595 23627 23627 D InputMethodManager: startInputInner - Id : 0
08-30 15:11:12.595 23627 23627 I InputMethodManager: startInputInner - mService.startInputOrWindowGainedFocus
08-30 15:11:12.596  4349  6800 D InputMethodManagerService: mSecureKeypadEnabled = false
08-30 15:11:12.597  4349  6800 V InputMethodManagerService: hideCurrentInputLocked : shouldHideSoftInput is false
08-30 15:11:12.597  4349  6800 D InputMethodManagerService: mDesktopModeManager null!
08-30 15:11:12.597  4349  6800 V InputMethodManagerService: getDisplayIdOfInputMethodWindowToBeAdded : 0
08-30 15:11:12.598  4349  6800 D InputMethodManagerService: checkDisplayOfStartInputAndUpdateKeyboard display Id 0last 0
08-30 15:11:12.598  4349  6800 D InputTransport: Input channel constructed: 'ClientS', fd=780
08-30 15:11:12.598  4349  6800 D InputTransport: Input channel destroyed: 'ClientS', fd=780
08-30 15:11:12.599 23627 23627 D InputTransport: Input channel constructed: 'ClientS', fd=100
08-30 15:11:12.599  4349  5464 I SurfaceControl: nativeRelease nativeObject s[476016226208]
08-30 15:11:12.599  4349  5464 I SurfaceControl: nativeRelease nativeObject e[476016226208]
08-30 15:11:12.599 23627 23627 D InputTransport: Input channel destroyed: 'ClientS', fd=90
08-30 15:11:12.599  3976  4002 I SurfaceFlinger: id=38083 createSurf (0x0),-1 flag=24004, Surface(name=749d536 InputMethod)/@0x72f94d3 - animation-leash#1
08-30 15:11:12.600 23627 23627 D LifecycleMonitor: Lifecycle status change: androidx.test.core.app.InstrumentationActivityInvoker$BootstrapActivity@b353c9c in: STOPPED
08-30 15:11:12.600  7475  7475 I HBD     : HoneyBoardService onFinishInput
08-30 15:11:12.601 23627 23627 V ActivityScenario: Activity lifecycle changed event received but ignored because the intent does not match. startActivityIntent=Intent { act=android.intent.action.MAIN cat=[android.intent.category.LAUNCHER] cmp=com.example.dogglers/.MainActivity }, activity.getIntent()=Intent { act=android.intent.action.MAIN cat=[android.intent.category.LAUNCHER] flg=0x10008000 cmp=com.example.dogglers/androidx.test.core.app.InstrumentationActivityInvoker$BootstrapActivity (has extras) }, activity=androidx.test.core.app.InstrumentationActivityInvoker$BootstrapActivity@b353c9c
08-30 15:11:12.601  7475  7475 I HBD     : a IC have been unbinded,  InputConnectionWrapper{idHash=#9bc7d2f mMissingMethods=}
08-30 15:11:12.601  7475  7475 I HBD     : HoneyBoardService [PF_CL][onFinishInput]  377923 ns
08-30 15:11:12.601  7475  7475 I HBD     : HoneyBoardService [IMI] onStartInput - caller pid : 23627 , caller uid : 10429
08-30 15:11:12.601  7475  7475 I HBD     : i updateConfigs
08-30 15:11:12.602  7475  7475 I HBD     : i isEnabledNightMode : true
08-30 15:11:12.602  7475  7475 I HBD     : a IC have been binded, InputConnectionWrapper{idHash=#9bc7d2f mMissingMethods=}
08-30 15:11:12.602  7475  7475 I HBD     : h [EditorInputType]setPrivateImeOptionsToTable privateImeOptions ( null )
08-30 15:11:12.602  7475  7475 I HBD     : b incognitoMode : false
08-30 15:11:12.602  7475  7475 I HBD     : a needOff = true , isForceOff = false, isNullInputClass : true
08-30 15:11:12.602  7475  7475 I HBD     : h getDefaultInputRange : UNKNOWN
08-30 15:11:12.603  7475  7475 I HBD     : h getDefaultInputRange : UNKNOWN
08-30 15:11:12.603  7475  7475 I HBD     : h getDefaultInputRange : UNKNOWN
08-30 15:11:12.604  4349  5464 D SdpManagerService: Not an enterprise user : 0
08-30 15:11:12.604  4349  5464 D SdpManagerService: Not an enterprise user : 0
08-30 15:11:12.604  3976  5385 I Layer   : id=38071 removeFromCurrentState Surface(name=749d536 InputMethod)/@0x72f94d3 - animation-leash#0 (103)
08-30 15:11:12.605  7475  7475 I HBD     : h getDefaultInputRange : UNKNOWN
08-30 15:11:12.605  7475  7475 I HBD     : a currentState : 0
08-30 15:11:12.607  7475  7475 I HBD     : h load selected json info : {"version":"1.0","currentLanguageOrder":2,"selected":[{"activeOptionList":["auto_replace","spell_check","auto_spacing"],"engName":"Russian","id":3342336,"inputType":"qwerty","isUsed":true},{"activeOptionList":["auto_replace","spell_check","auto_spacing"],"engName":"English","id":65537,"inputType":"qwerty","isUsed":true},{"activeOptionList":["auto_replace","spell_check","auto_spacing"],"engName":"Ukrainian","id":4456448,"inputType":"qwerty","isUsed":true}]}
08-30 15:11:12.608  7475  7475 I HBD     : a [UpdatePolicy] [post] a: 0 cl: 4456448 kit: [0/0] vt: 0 ir: 1
08-30 15:11:12.610  7475  7475 I HBD     : HoneyBoardService [PF_OP][onStartInput]  8130192 ns
08-30 15:11:12.611  3976  3976 D SurfaceFlinger: Display 0 HWC layers:
08-30 15:11:12.611  3976  3976 D SurfaceFlinger:      DEVICE | 0x75743a5d00 | 0002 | RGBA_8888    |    0.0    5.0  720.0 1560.0 |    0    0  720 1555 | com.example.dogglers/com.example.dogglers.MainActivity$_23627#0
08-30 15:11:12.611  3976  3976 D SurfaceFlinger:      DEVICE | 0x75743a6d40 | 0002 | RGBA_8888    |    0.0    0.0  720.0 1298.0 |    0  262  720 1560 | com.example.dogglers/com.example.dogglers.VerticalListActivity$_23627#0
08-30 15:11:12.611  3976  3976 D SurfaceFlinger:      DEVICE | 0x75743a6fc0 | 0000 | RGBA_8888    |    0.0    0.0  720.0   53.0 |    0    0  720   53 | StatusBar$_4708#0
08-30 15:11:12.611  3976  3976 D SurfaceFlinger:      DEVICE | 0x74d157fa00 | 0000 | RGBA_8888    |    0.0    0.0   67.0  232.0 |  653  151  720  383 | com.samsung.android.app.cocktailbars[...]rservice.CocktailBarService$_14146#0
08-30 15:11:12.611  3976  3976 D SurfaceFlinger:      DEVICE | 0x75743a7380 | 0000 | RGBA_8888    |    0.0    0.0  720.0   84.0 |    0 1476  720 1560 | NavigationBar0$_4708#0
08-30 15:11:12.611  3976  3976 D SurfaceFlinger:      DEVICE | 0x74f0413e00 | 0000 | RGBA_8888    |    0.0    0.0  720.0  101.0 |    0    0  720  101 | ScreenDecorOverlay$_4708#0
08-30 15:11:12.611  3976  3976 D SurfaceFlinger:      DEVICE | 0x75743a7b00 | 0000 | RGBA_8888    |    0.0    0.0  720.0  101.0 |    0 1459  720 1560
08-30 15:11:12.612  3976  3976 D SurfaceFlinger: | ScreenDecorOverlayBottom$_4708#0
08-30 15:11:12.612  3976  3976 D SurfaceFlinger:
08-30 15:11:12.612 23627 23627 I SurfaceControl: nativeRelease nativeObject s[478247332000]
08-30 15:11:12.612 23627 23627 I SurfaceControl: nativeRelease nativeObject e[478247332000]
08-30 15:11:12.612  3976  4001 I SurfaceFlinger: id=38071 Removed Surface(name=749d536 InputMethod)/@0x72f94d3 - animation-leash#0 (103)
08-30 15:11:12.614  4349  5464 D SamsungIMMSHWKeyboard: isConnectedDexOnPC false
08-30 15:11:12.614 23627 23627 I SurfaceControl: nativeRelease nativeObject s[476571790528]
08-30 15:11:12.614 23627 23627 I SurfaceControl: nativeRelease nativeObject e[476571790528]
08-30 15:11:12.614  4349  5464 D InputMethodManagerService: isImeSwitcherDisabledPackage : false
08-30 15:11:12.615 23627 23627 I SurfaceControl: nativeRelease nativeObject s[476571790432]
08-30 15:11:12.615 23627 23627 I SurfaceControl: nativeRelease nativeObject e[476571790432]
08-30 15:11:12.620  3976  3976 I Layer   : id=38071[1] Destroyed Surface(name=749d536 InputMethod)/@0x72f94d3 - animation-leash#0
08-30 15:11:12.628  3976  3976 D SurfaceFlinger: Display 0 HWC layers:
08-30 15:11:12.628  3976  3976 D SurfaceFlinger:      DEVICE | 0x75743a5e40 | 0002 | RGBA_8888    |    0.0   13.0  720.0 1560.0 |    0    0  720 1547 | com.example.dogglers/com.example.dogglers.MainActivity$_23627#0
08-30 15:11:12.628  3976  3976 D SurfaceFlinger:  SOLID_COLOR |              | 0000 |  Unknown  |    0.0    0.0    0.0    0.0 |    0    0  720 1560 | Dim Layer for - Task=1411 - animating-dim#0
08-30 15:11:12.628  3976  3976 D SurfaceFlinger:      DEVICE | 0x75743a5800 | 0002 | RGBA_8888    |    0.0    0.0  720.0 1343.0 |    0  217  720 1560 | com.example.dogglers/com.example.dogglers.VerticalListActivity$_23627#0
08-30 15:11:12.628  3976  3976 D SurfaceFlinger:      DEVICE | 0x75743a6fc0 | 0000 | RGBA_8888    |    0.0    0.0  720.0   53.0 |    0    0  720   53 | StatusBar$_4708#0
08-30 15:11:12.628  3976  3976 D SurfaceFlinger:      DEVICE | 0x74d157fa00 | 0000 | RGBA_8888    |    0.0    0.0   67.0  232.0 |  653  151  720  383 | com.samsung.android.app.cocktailbars[...]rservice.CocktailBarService$_14146#0
08-30 15:11:12.628  3976  3976 D SurfaceFlinger:      DEVICE | 0x75743a7380 | 0000 | RGBA_8888    |    0.0    0.0  720.0   84.0 |    0 1476  720 1560 | NavigationBar0$_4708#0
08-30 15:11:12.628  3976  3976 D SurfaceFlinger:      DEVICE | 0x74f0413e00 | 0000 | RGBA_8888    |    0.0    0.0  720.0  101.0 |    0
08-30 15:11:12.628  3976  3976 D SurfaceFlinger:    0  720  101 | ScreenDecorOverlay$_4708#0
08-30 15:11:12.628  3976  3976 D SurfaceFlinger:      DEVICE | 0x75743a7b00 | 0000 | RGBA_8888    |    0.0    0.0  720.0  101.0 |    0 1459  720 1560 | ScreenDecorOverlayBottom$_4708#0
08-30 15:11:12.628  3976  3976 D SurfaceFlinger:
08-30 15:11:12.629  3920  3920 I Sensors : [AMS] lux : 4, cam_lux : -1, result_lux : 4, brightness: 19, cam_on: 0, driver lux : 4
08-30 15:11:12.647  3976  3976 I SurfaceFlinger: SFWD update time=302804457081378
08-30 15:11:12.697 14146 14146 I Utils   : isCurrentUser current = 0, ownerId = 0
08-30 15:11:12.697 14146 14146 I TrayVisibilityController: getComputedTrayVisible : keyguardState = 1
08-30 15:11:12.697 14146 14146 I TrayVisibilityController: updateTrayVisible: State=1 visible=1 mCurrentVisible=1 specificMode=0
08-30 15:11:12.697 14146 14146 I TrayStateController: onNotifyUpdateTray: 0 to need to visible? true
08-30 15:11:12.807 23627 23627 I ViewInteraction: Checking 'MatchesViewAssertion{viewMatcher=(view has effective visibility <VISIBLE> and view.getGlobalVisibleRect() to return non-empty rectangle)}' assertion on view view.getId() is <2131231206/com.example.dogglers:id/vertical_recycler_view>
08-30 15:11:12.816  4349  5464 I SemDvfsHyPerManager: acquire hyper - AMS_ACT_START/4349@16, type = -999
08-30 15:11:12.816  3927  3954 I HYPER-HAL: [RequestManager.cpp]acquire(): Acquired ID : 9528811  [4349 / 16]    HINT : AMS_ACT_START    list :
08-30 15:11:12.817  3927  3954 E HYPER-HAL: [HandlerSysfs.cpp]doResourceHandling(): Couldn't Open Sysfs - /sys/power/cstate_control
08-30 15:11:12.817  3927  3954 I HYPER-HAL: [ResourceManager.cpp]updateResource(): [CPUMinFreq] UpdateResource Request ID : 9528811    Value : 1560000
08-30 15:11:12.817  3976  4318 I SurfaceFlinger: id=38084 createSurf (0x0),-1 flag=80004, ActivityRecord{63df8d3 u0 com.example.dogglers/androidx.test.core.app.InstrumentationActivityInvoker$EmptyActivity t1411}#0
08-30 15:11:12.823  3881  3886 E statsd  : Predicate -7037417284711607308 dropping data for dimension key (10)0x2010101->10429[I] (10)0x30000->*launch*[S]
08-30 15:11:12.828 23627 23627 D LifecycleMonitor: Lifecycle status change: com.example.dogglers.VerticalListActivity@80d91ec in: PAUSED
08-30 15:11:12.828 23627 23627 V ActivityScenario: Activity lifecycle changed event received but ignored because the intent does not match. startActivityIntent=Intent { act=android.intent.action.MAIN cat=[android.intent.category.LAUNCHER] cmp=com.example.dogglers/.MainActivity }, activity.getIntent()=Intent { cmp=com.example.dogglers/.VerticalListActivity }, activity=com.example.dogglers.VerticalListActivity@80d91ec
08-30 15:11:12.831  4349  7427 V WindowOrientationListener: getProposedRotation: -1
08-30 15:11:12.831  4349  7427 V WindowOrientationListener: getProposedRotation: -1
08-30 15:11:12.832  4349  7427 V WindowOrientationListener: getProposedRotation: -1
08-30 15:11:12.835  4349  7427 D InputDispatcher: Focused application set to (0): 63df8d3
08-30 15:11:12.848 23627 23627 D LifecycleMonitor: Lifecycle status change: androidx.test.core.app.InstrumentationActivityInvoker$EmptyActivity@13a24c8 in: PRE_ON_CREATE
08-30 15:11:12.849  4349  4371 I SemPersonaManager: SecureFolder personaId = 150
08-30 15:11:12.849 23627 23627 V ActivityScenario: Activity lifecycle changed event received but ignored because the intent does not match. startActivityIntent=Intent { act=android.intent.action.MAIN cat=[android.intent.category.LAUNCHER] cmp=com.example.dogglers/.MainActivity }, activity.getIntent()=Intent { act=android.intent.action.MAIN cat=[android.intent.category.LAUNCHER] flg=0x10000000 cmp=com.example.dogglers/androidx.test.core.app.InstrumentationActivityInvoker$EmptyActivity }, activity=androidx.test.core.app.InstrumentationActivityInvoker$EmptyActivity@13a24c8
08-30 15:11:12.870  4349  7427 I InputDispatcher: Focus left window (23627): df11a57 in display 0 0
08-30 15:11:12.896  4349  4371 D EnterpriseDeviceManagerService: isMdmAdminPresentInternal() : MDM Admin Found - com.samsung.knox.securefolder
08-30 15:11:12.903  4349  4372 I SurfaceControl: nativeRelease nativeObject s[476016225632]
08-30 15:11:12.903  4349  4372 I SurfaceControl: nativeRelease nativeObject e[476016225632]
08-30 15:11:12.916 23627 23627 I DecorView: [INFO] isPopOver=false, config=true
08-30 15:11:12.916 23627 23627 I DecorView: updateCaptionType >> DecorView@5657c86[], isFloating=false, isApplication=true, hasWindowDecorCaption=false, hasWindowControllerCallback=true
08-30 15:11:12.916 23627 23627 D DecorView: setCaptionType = 0, this = DecorView@5657c86[]
08-30 15:11:12.920  3976  4002 I Layer   : id=38079 removeFromCurrentState Surface(name=Dim Layer for - Task=1411 - animating-dim)/@0x15d5761 - animation-leash#0 (103)
08-30 15:11:12.921  3976  4001 I SurfaceFlinger: id=38079 Removed Surface(name=Dim Layer for - Task=1411 - animating-dim)/@0x15d5761 - animation-leash#0 (103)
08-30 15:11:12.923 23627 23627 D LifecycleMonitor: Lifecycle status change: androidx.test.core.app.InstrumentationActivityInvoker$EmptyActivity@13a24c8 in: CREATED
08-30 15:11:12.924 23627 23627 V ActivityScenario: Activity lifecycle changed event received but ignored because the intent does not match. startActivityIntent=Intent { act=android.intent.action.MAIN cat=[android.intent.category.LAUNCHER] cmp=com.example.dogglers/.MainActivity }, activity.getIntent()=Intent { act=android.intent.action.MAIN cat=[android.intent.category.LAUNCHER] flg=0x10000000 cmp=com.example.dogglers/androidx.test.core.app.InstrumentationActivityInvoker$EmptyActivity }, activity=androidx.test.core.app.InstrumentationActivityInvoker$EmptyActivity@13a24c8
08-30 15:11:12.927 23627 23627 D LifecycleMonitor: Lifecycle status change: androidx.test.core.app.InstrumentationActivityInvoker$EmptyActivity@13a24c8 in: STARTED
08-30 15:11:12.928 23627 23627 V ActivityScenario: Activity lifecycle changed event received but ignored because the intent does not match. startActivityIntent=Intent { act=android.intent.action.MAIN cat=[android.intent.category.LAUNCHER] cmp=com.example.dogglers/.MainActivity }, activity.getIntent()=Intent { act=android.intent.action.MAIN cat=[android.intent.category.LAUNCHER] flg=0x10000000 cmp=com.example.dogglers/androidx.test.core.app.InstrumentationActivityInvoker$EmptyActivity }, activity=androidx.test.core.app.InstrumentationActivityInvoker$EmptyActivity@13a24c8
08-30 15:11:12.931 23627 23627 D LifecycleMonitor: Lifecycle status change: androidx.test.core.app.InstrumentationActivityInvoker$EmptyActivity@13a24c8 in: RESUMED
08-30 15:11:12.932 23627 23627 V ActivityScenario: Activity lifecycle changed event received but ignored because the intent does not match. startActivityIntent=Intent { act=android.intent.action.MAIN cat=[android.intent.category.LAUNCHER] cmp=com.example.dogglers/.MainActivity }, activity.getIntent()=Intent { act=android.intent.action.MAIN cat=[android.intent.category.LAUNCHER] flg=0x10000000 cmp=com.example.dogglers/androidx.test.core.app.InstrumentationActivityInvoker$EmptyActivity }, activity=androidx.test.core.app.InstrumentationActivityInvoker$EmptyActivity@13a24c8
08-30 15:11:12.936  3976  3976 I Layer   : id=38079[1] Destroyed Surface(name=Dim Layer for - Task=1411 - animating-dim)/@0x15d5761 - animation-leash#0
08-30 15:11:12.938  4349  5464 D InputTransport: Input channel constructed: 'fc6bcc3', fd=784
08-30 15:11:12.939  4349  5464 D InputTransport: Input channel constructed: 'fc6bcc3', fd=787
08-30 15:11:12.939  3976  5385 I SurfaceFlinger: id=38085 createSurf (0x0),-1 flag=80004, fc6bcc3 com.example.dogglers/androidx.test.core.app.InstrumentationActivityInvoker$EmptyActivity#0
08-30 15:11:12.940  4349  5464 D WindowManager: isScreenshotDisabledLocked - win: Window{fc6bcc3 u0 com.example.dogglers/androidx.test.core.app.InstrumentationActivityInvoker$EmptyActivity}
08-30 15:11:12.940  4349  5464 D WindowManager: isScreenshotDisabledLocked: userId = 0, disabled =false
08-30 15:11:12.941  4349  5464 D InputTransport: Input channel destroyed: 'fc6bcc3', fd=787
08-30 15:11:12.942 23627 23627 D InputTransport: Input channel constructed: 'fc6bcc3', fd=91
08-30 15:11:12.944 23627 23627 I ViewRootImpl@ca59a9d[InstrumentationActivityInvoker$EmptyActivity]: setView = com.android.internal.policy.DecorView@5657c86 TM=true
08-30 15:11:12.959  4349  5464 V WindowManager: Relayout Window{fc6bcc3 u0 com.example.dogglers/androidx.test.core.app.InstrumentationActivityInvoker$EmptyActivity}: viewVisibility=0 req=720x1560
08-30 15:11:12.959  3976  3976 D SurfaceFlinger: Display 0 HWC layers:
08-30 15:11:12.959  3976  3976 D SurfaceFlinger:      DEVICE | 0x75743a5800 | 0002 | RGBA_8888    |    0.0    0.0  720.0 1560.0 |    0    0  720 1560 | com.example.dogglers/com.example.dogglers.VerticalListActivity$_23627#0
08-30 15:11:12.959  3976  3976 D SurfaceFlinger:      DEVICE | 0x75743a6fc0 | 0000 | RGBA_8888    |    0.0    0.0  720.0   53.0 |    0    0  720   53 | StatusBar$_4708#0
08-30 15:11:12.959  3976  3976 D SurfaceFlinger:      DEVICE | 0x74d157fa00 | 0000 | RGBA_8888    |    0.0    0.0   67.0  232.0 |  653  151  720  383 | com.samsung.android.app.cocktailbars[...]rservice.CocktailBarService$_14146#0
08-30 15:11:12.959  3976  3976 D SurfaceFlinger:      DEVICE | 0x75743a7380 | 0000 | RGBA_8888    |    0.0    0.0  720.0   84.0 |    0 1476  720 1560 | NavigationBar0$_4708#0
08-30 15:11:12.959  3976  3976 D SurfaceFlinger:      DEVICE | 0x74f0413e00 | 0000 | RGBA_8888    |    0.0    0.0  720.0  101.0 |    0    0  720  101 | ScreenDecorOverlay$_4708#0
08-30 15:11:12.959  3976  3976 D SurfaceFlinger:      DEVICE | 0x75743a7b00 | 0000 | RGBA_8888    |    0.0    0.0  720.0  101.0 |    0 1459  720 1560 | ScreenDecorOverlayBottom$_4708#0
08-30 15:11:12.959  3976  3976 D SurfaceFlinger:
08-30 15:11:12.962  4349  5464 D WindowManager: isScreenshotDisabledLocked - win: Window{fc6bcc3 u0 com.example.dogglers/androidx.test.core.app.InstrumentationActivityInvoker$EmptyActivity}
08-30 15:11:12.962  4349  5464 D WindowManager: isScreenshotDisabledLocked: userId = 0, disabled =false
08-30 15:11:12.963  3976  4002 I SurfaceFlinger: id=38086 createSurf (720x1560),1 flag=404, com.example.dogglers/androidx.test.core.app.InstrumentationActivityInvoker$EmptyActivity$_23627#0
08-30 15:11:12.966  4349  5464 I SurfaceControl: nativeRelease nativeObject s[476016225152]
08-30 15:11:12.966  4349  5464 I SurfaceControl: nativeRelease nativeObject e[476016225152]
08-30 15:11:12.966 14146 14146 I TrayStateController: systemUiVisibilityChanged : 0 0
08-30 15:11:12.966  3976  4002 I SurfaceFlinger: id=38087 createSurf (0x0),-1 flag=24000, Surface(name=1096c8d StatusBar)/@0xeaf4dd0 - animation-leash#1
08-30 15:11:12.967  4349  5464 I SurfaceControl: nativeRelease nativeObject s[476017810144]
08-30 15:11:12.967  4349  5464 I SurfaceControl: nativeRelease nativeObject e[476017810144]
08-30 15:11:12.968  3976  4002 I SurfaceFlinger: id=38088 createSurf (0x0),-1 flag=24000, Surface(name=b07ecc5 NavigationBar0)/@0xa8376fc - animation-leash#0
08-30 15:11:12.970  4349  5464 V WindowManager: Relayout hash=fc6bcc3, pid=23627: mAttrs={(0,0)(fillxfill) sim={adjust=pan forwardNavigation} ty=BASE_APPLICATION wanim=0x1030001
08-30 15:11:12.970  4349  5464 V WindowManager:   fl=1810100
08-30 15:11:12.970  4349  5464 V WindowManager:   pfl=12020000
08-30 15:11:12.970  4349  5464 V WindowManager:   fitSides= naviIconColor=0}
08-30 15:11:12.971  4349  5464 I SurfaceControl: nativeRelease nativeObject s[476011684992]
08-30 15:11:12.971  4349  5464 I SurfaceControl: nativeRelease nativeObject e[476011684992]
08-30 15:11:12.973  3976  5385 I Layer   : id=38075 removeFromCurrentState Surface(name=1096c8d StatusBar)/@0xeaf4dd0 - animation-leash#0 (106)
08-30 15:11:12.973  3976  5385 I Layer   : id=38076 removeFromCurrentState Surface(name=b07ecc5 NavigationBar0)/@0xa8376fc - animation-leash#1 (106)
08-30 15:11:12.973 23627 23627 I SurfaceControl: assignNativeObject: nativeObject = 0 Surface(name=null)/@0xa0cdb12 / android.view.SurfaceControl.readFromParcel:1117 android.view.IWindowSession$Stub$Proxy.relayout:1836 android.view.ViewRootImpl.relayoutWindow:9005 android.view.ViewRootImpl.performTraversals:3360 android.view.ViewRootImpl.doTraversal:2618 android.view.ViewRootImpl$TraversalRunnable.run:9971 android.view.Choreographer$CallbackRecord.run:1010 android.view.Choreographer.doCallbacks:809 android.view.Choreographer.doFrame:744 android.view.Choreographer$FrameDisplayEventReceiver.run:995
08-30 15:11:12.975 23627 23627 I ViewRootImpl@ca59a9d[InstrumentationActivityInvoker$EmptyActivity]: Relayout returned: old=(0,0,720,1560) new=(0,0,720,1560) req=(720,1560)0 dur=15 res=0x7 s={true 478212632576} ch=true fn=-1
08-30 15:11:12.977  4065  4904 I GNSS_MEMS: TGT_MEMS SCSCMemsReportSensorDrops: dropped 0 events (spam) 1 events (rate limit) out of 143 total for sensor 0 since last report
08-30 15:11:12.977  3899 10978 D gralloc : [mali_gralloc_allocate] begin
08-30 15:11:12.977  3899 10978 D gralloc : buffer_descriptor: wh(720 1560) usage_pc(0x40000000000b00 0x40000000000b00) hal_format(0x1) layer_count(1) sizes(0 0 0) strde(0) byte_stride(0) alloc_wh(0 0) internal_format(0x0) alloc_format(0x0) fd_count(1) plane_count(0)
08-30 15:11:12.979 23627 23627 I ViewRootImpl@ca59a9d[InstrumentationActivityInvoker$EmptyActivity]: [DP] dp(1) 1 android.view.ViewRootImpl.reportNextDraw:10957 android.view.ViewRootImpl.performTraversals:3845 android.view.ViewRootImpl.doTraversal:2618
08-30 15:11:12.979 23627 23627 I ViewRootImpl@ca59a9d[InstrumentationActivityInvoker$EmptyActivity]: [DP] pd() Asnyc report
08-30 15:11:12.981  3899 10978 D gralloc : [mali_gralloc_allocate] allocation successful
08-30 15:11:12.982  3899 10978 D gralloc : [mali_gralloc_allocate] begin
08-30 15:11:12.982  3899 10978 D gralloc : buffer_descriptor: wh(720 1560) usage_pc(0x40000000000b00 0x40000000000b00) hal_format(0x1) layer_count(1) sizes(0 0 0) strde(0) byte_stride(0) alloc_wh(0 0) internal_format(0x0) alloc_format(0x0) fd_count(1) plane_count(0)
08-30 15:11:12.986  4349  4372 I SurfaceControl: nativeRelease nativeObject s[476009103264]
08-30 15:11:12.986  4349  4372 I SurfaceControl: nativeRelease nativeObject e[476009103264]
08-30 15:11:12.986  3899 10978 D gralloc : [mali_gralloc_allocate] allocation successful
08-30 15:11:12.986  4349  4372 I SurfaceControl: nativeRelease nativeObject s[476017810912]
08-30 15:11:12.986  4349  4372 I SurfaceControl: nativeRelease nativeObject e[476017810912]
08-30 15:11:12.986  4349  4372 I SurfaceControl: nativeRelease nativeObject s[476017810816]
08-30 15:11:12.986  4349  4372 I SurfaceControl: nativeRelease nativeObject e[476017810816]
08-30 15:11:12.988  3899 10978 D gralloc : [mali_gralloc_allocate] begin
08-30 15:11:12.988  3899 10978 D gralloc : buffer_descriptor: wh(720 1560) usage_pc(0x40000000000b00 0x40000000000b00) hal_format(0x1) layer_count(1) sizes(0 0 0) strde(0) byte_stride(0) alloc_wh(0 0) internal_format(0x0) alloc_format(0x0) fd_count(1) plane_count(0)
08-30 15:11:12.988  4349  4372 I SurfaceControl: nativeRelease nativeObject s[478079923456]
08-30 15:11:12.988  4349  4372 I SurfaceControl: nativeRelease nativeObject e[478079923456]
08-30 15:11:12.988  4349  4372 I SurfaceControl: nativeRelease nativeObject s[476008574592]
08-30 15:11:12.988  4349  4372 I SurfaceControl: nativeRelease nativeObject e[476008574592]
08-30 15:11:12.991 23627 23627 I ViewRootImpl@ca59a9d[InstrumentationActivityInvoker$EmptyActivity]: [DP] pdf(0) 1 android.view.ViewRootImpl.lambda$performDraw$1$ViewRootImpl:4668 android.view.-$$Lambda$ViewRootImpl$DJd0VUYJgsebcnSohO6h8zc_ONI.run:6 android.os.Handler.handleCallback:938
08-30 15:11:12.991 23627 23627 I ViewRootImpl@ca59a9d[InstrumentationActivityInvoker$EmptyActivity]: [DP] rdf()
08-30 15:11:12.992  3899 10978 D gralloc : [mali_gralloc_allocate] allocation successful
08-30 15:11:12.993  3976  5385 I Layer   : id=38077 removeFromCurrentState Surface(name=ActivityRecord{b4ec953 u0 com.example.dogglers/.MainActivity t1411})/@0x456e3d9 - animation-leash#0 (106)
08-30 15:11:12.993  3976  5385 I Layer   : id=38080 removeFromCurrentState Surface(name=ActivityRecord{b4ec953 u0 com.example.dogglers/.MainActivity t1411})/@0x456e3d9 - animation-bounds#0 (106)
08-30 15:11:12.993  3976  5385 I Layer   : id=38078 removeFromCurrentState Dim Layer for - Task=1411 - animating-dim#0 (106)
08-30 15:11:12.993  3976  5385 I Layer   : id=38081 removeFromCurrentState Surface(name=ActivityRecord{186e7bd u0 com.example.dogglers/.VerticalListActivity t1411})/@0x7009199 - animation-leash#0 (106)
08-30 15:11:12.993  3976  5385 I Layer   : id=38082 removeFromCurrentState Surface(name=ActivityRecord{186e7bd u0 com.example.dogglers/.VerticalListActivity t1411})/@0x7009199 - animation-bounds#0 (106)
08-30 15:11:12.994  3976  4318 I SurfaceFlinger: id=38077 Removed Surface(name=ActivityRecord{b4ec953 u0 com.example.dogglers/.MainActivity t1411})/@0x456e3d9 - animation-leash#0 (106)
08-30 15:11:12.994  3976  4318 I SurfaceFlinger: id=38080 Removed Surface(name=ActivityRecord{b4ec953 u0 com.example.dogglers/.MainActivity t1411})/@0x456e3d9 - animation-bounds#0 (106)
08-30 15:11:12.994  3976  5385 I SurfaceFlinger: id=38081 Removed Surface(name=ActivityRecord{186e7bd u0 com.example.dogglers/.VerticalListActivity t1411})/@0x7009199 - animation-leash#0 (106)
08-30 15:11:12.994  3976  4002 I SurfaceFlinger: id=38078 Removed Dim Layer for - Task=1411 - animating-dim#0 (106)
08-30 15:11:12.994  3976  4318 I SurfaceFlinger: id=38082 Removed Surface(name=ActivityRecord{186e7bd u0 com.example.dogglers/.VerticalListActivity t1411})/@0x7009199 - animation-bounds#0 (106)
08-30 15:11:13.003  3976  3976 I Layer   : id=38078[1] Destroyed Dim Layer for - Task=1411 - animating-dim#0
08-30 15:11:13.003  3976  3976 I Layer   : id=38080[1] Destroyed Surface(name=ActivityRecord{b4ec953 u0 com.example.dogglers/.MainActivity t1411})/@0x456e3d9 - animation-bounds#0
08-30 15:11:13.003  3976  3976 I Layer   : id=38077[1] Destroyed Surface(name=ActivityRecord{b4ec953 u0 com.example.dogglers/.MainActivity t1411})/@0x456e3d9 - animation-leash#0
08-30 15:11:13.003  3976  3976 I Layer   : id=38082[1] Destroyed Surface(name=ActivityRecord{186e7bd u0 com.example.dogglers/.VerticalListActivity t1411})/@0x7009199 - animation-bounds#0
08-30 15:11:13.003  3976  3976 I Layer   : id=38081[1] Destroyed Surface(name=ActivityRecord{186e7bd u0 com.example.dogglers/.VerticalListActivity t1411})/@0x7009199 - animation-leash#0
08-30 15:11:13.019 23627 23627 I ViewRootImpl@a53f820[VerticalListActivity]: MSG_WINDOW_FOCUS_CHANGED 0 1
08-30 15:11:13.024  4349  4372 D PkgPredictorService: pkg:com.example.dogglers activity:androidx.test.core.app.InstrumentationActivityInvoker$EmptyActivity thisTime:209
08-30 15:11:13.026  4349  4372 I SemDvfsHyPerManager: acquire hyper - AMS_RESUME_TAIL/4349@18, type = -999
08-30 15:11:13.026  4349  4376 I ActivityTaskManager: Displayed com.example.dogglers/androidx.test.core.app.InstrumentationActivityInvoker$EmptyActivity: +209ms
08-30 15:11:13.026  4349  4372 I SemDvfsHyPerManager: acquire hyper - AMS_ACT_LAZY/4349@19, type = -999
08-30 15:11:13.026  3927  3954 I HYPER-HAL: [RequestManager.cpp]acquire(): Acquired ID : 9537546  [4349 / 18]    HINT : AMS_RESUME_TAIL    list :
08-30 15:11:13.026  3927  3954 E HYPER-HAL: [HandlerSysfs.cpp]doResourceHandling(): Couldn't Open Sysfs - /sys/power/cstate_control
08-30 15:11:13.026  3927  3954 I HYPER-HAL: [ResourceManager.cpp]updateResource(): [CPUMinFreq] UpdateResource Request ID : 9537546    Value : 1560000
08-30 15:11:13.027  5589  5589 E pageboostd: Received HALT command code 2
08-30 15:11:13.027  3927  3954 I HYPER-HAL: [RequestManager.cpp]acquire(): Acquired ID : 9541915  [4349 / 19]    HINT :      list :
08-30 15:11:13.027  3927  3954 E HYPER-HAL: [Request.cpp]acquire(): Request:: id : 9541915, No Resource to set
08-30 15:11:13.027  3927  3954 E HYPER-HAL: [HandlerSysfs.cpp]doResourceHandling(): Couldn't Open Sysfs - /sys/power/cstate_control
08-30 15:11:13.027  3927  3954 I HYPER-HAL: [ResourceManager.cpp]removeResource(): [CPUMinFreq] RemoveResource Request ID : 9528811
08-30 15:11:13.028  3927  3954 I HYPER-HAL: [RequestManager.cpp]releaseLocked(): Released ID : 9528811
08-30 15:11:13.033 23627 23627 I SurfaceControl: nativeRelease nativeObject s[476571790336]
08-30 15:11:13.033 23627 23627 I SurfaceControl: nativeRelease nativeObject e[476571790336]
08-30 15:11:13.033 23627 23627 I SurfaceControl: nativeRelease nativeObject s[476571789088]
08-30 15:11:13.033 23627 23627 I SurfaceControl: nativeRelease nativeObject e[476571789088]
08-30 15:11:13.033 23627 23627 I SurfaceControl: nativeRelease nativeObject s[476571790624]
08-30 15:11:13.033 23627 23627 I SurfaceControl: nativeRelease nativeObject e[476571790624]
08-30 15:11:13.034  3976  4002 I SurfaceFlinger: id=38076 Removed Surface(name=b07ecc5 NavigationBar0)/@0xa8376fc - animation-leash#1 (101)
08-30 15:11:13.034  3976  4002 I SurfaceFlinger: id=38075 Removed Surface(name=1096c8d StatusBar)/@0xeaf4dd0 - animation-leash#0 (101)
08-30 15:11:13.037  3976  3976 I Layer   : id=38075[1] Destroyed Surface(name=1096c8d StatusBar)/@0xeaf4dd0 - animation-leash#0
08-30 15:11:13.037  3976  3976 I Layer   : id=38076[1] Destroyed Surface(name=b07ecc5 NavigationBar0)/@0xa8376fc - animation-leash#1
08-30 15:11:13.039  4349  5464 I InputDispatcher: Focus entered window (23627): fc6bcc3 in display 0 0
08-30 15:11:13.043  3976  3976 D SurfaceFlinger: Display 0 HWC layers:
08-30 15:11:13.043  3976  3976 D SurfaceFlinger:      DEVICE | 0x75743a4f40 | 0002 | RGBA_8888    |    0.0    0.0  720.0 1560.0 |    0    0  720 1560 | com.example.dogglers/androidx.test.c[...]tivityInvoker$EmptyActivity$_23627#0
08-30 15:11:13.043  3976  3976 D SurfaceFlinger:      DEVICE | 0x75743a6fc0 | 0000 | RGBA_8888    |    0.0    0.0  720.0   53.0 |    0    0  720   53 | StatusBar$_4708#0
08-30 15:11:13.043  3976  3976 D SurfaceFlinger:      DEVICE | 0x74d157fa00 | 0000 | RGBA_8888    |    0.0    0.0   67.0  232.0 |  653  151  720  383 | com.samsung.android.app.cocktailbars[...]rservice.CocktailBarService$_14146#0
08-30 15:11:13.043  3976  3976 D SurfaceFlinger:      DEVICE | 0x75743a7380 | 0000 | RGBA_8888    |    0.0    0.0  720.0   84.0 |    0 1476  720 1560 | NavigationBar0$_4708#0
08-30 15:11:13.043  3976  3976 D SurfaceFlinger:      DEVICE | 0x74f0413e00 | 0000 | RGBA_8888    |    0.0    0.0  720.0  101.0 |    0    0  720  101 | ScreenDecorOverlay$_4708#0
08-30 15:11:13.043  3976  3976 D SurfaceFlinger:      DEVICE | 0x75743a7b00 | 0000 | RGBA_8888    |    0.0    0.0  720.0  101.0 |    0 1459  720 1560 | ScreenDecorOverlayBottom$_4708#0
08-30 15:11:13.043  3976  3976 D SurfaceFlinger:
08-30 15:11:13.047  4349  5464 I SemDvfsHyPerManager: acquire hyper - AMS_ACT_START/4349@16, type = -999
08-30 15:11:13.048  3927  3954 I HYPER-HAL: [RequestManager.cpp]acquire(): Acquired ID : 9528811  [4349 / 16]    HINT : AMS_ACT_START    list :
08-30 15:11:13.048  3927  3954 E HYPER-HAL: [HandlerSysfs.cpp]doResourceHandling(): Couldn't Open Sysfs - /sys/power/cstate_control
08-30 15:11:13.048  3927  3954 I HYPER-HAL: [ResourceManager.cpp]updateResource(): [CPUMinFreq] UpdateResource Request ID : 9528811    Value : 1560000
08-30 15:11:13.049  3976  4001 I SurfaceFlinger: id=38089 createSurf (0x0),-1 flag=80004, ActivityRecord{3b85bed u0 com.example.dogglers/androidx.test.core.app.InstrumentationActivityInvoker$EmptyActivity t1411}#0
08-30 15:11:13.051  3976  4002 E BufferQueueProducer: [com.example.dogglers/com.example.dogglers.MainActivity$_23627#0](id:f88000033a9,api:0,p:-1,c:3976) disconnect: not connected (req=1)
08-30 15:11:13.051 23627 23685 W libEGL  : EGLNativeWindowType 0x6f4ea13010 disconnect failed
