08-30 15:11:30.408  3976  4001 I Layer   : id=38529 removeFromCurrentState Surface(name=749d536 InputMethod)/@0x72f94d3 - animation-leash#0 (104)
08-30 15:11:30.409  5135  5135 I SurfaceControl: nativeRelease nativeObject s[478247340832]
08-30 15:11:30.409  5135  5135 I SurfaceControl: nativeRelease nativeObject e[478247340832]
08-30 15:11:30.410  3976  6075 I SurfaceFlinger: id=38529 Removed Surface(name=749d536 InputMethod)/@0x72f94d3 - animation-leash#0 (104)
08-30 15:11:30.411  7475  7475 I HBD     : a [UpdatePolicy] [post] a: 0 cl: 4456448 kit: [0/0] vt: 0 ir: 1
08-30 15:11:30.412  4349  6779 D SamsungIMMSHWKeyboard: isConnectedDexOnPC false
08-30 15:11:30.413  4349  6779 D InputMethodManagerService: isImeSwitcherDisabledPackage : false
08-30 15:11:30.413 23627 23627 I SurfaceControl: nativeRelease nativeObject s[476571794752]
08-30 15:11:30.413 23627 23627 I SurfaceControl: nativeRelease nativeObject e[476571794752]
08-30 15:11:30.413 23627 23627 I SurfaceControl: nativeRelease nativeObject s[476571794560]
08-30 15:11:30.413 23627 23627 I SurfaceControl: nativeRelease nativeObject e[476571794560]
08-30 15:11:30.413  7475  7475 I HBD     : HoneyBoardService [PF_OP][onStartInput]  10014539 ns
08-30 15:11:30.415 23627 23627 I ViewInteraction: Checking 'com.example.dogglers.BaseTest$DrawableMatcher$RecyclerViewAssertion@3712696' assertion on view view.getId() is <2131231206/com.example.dogglers:id/vertical_recycler_view>
08-30 15:11:30.424  3976  3976 I Layer   : id=38529[1] Destroyed Surface(name=749d536 InputMethod)/@0x72f94d3 - animation-leash#0
08-30 15:11:30.431  3976  3976 D SurfaceFlinger: Display 0 HWC layers:
08-30 15:11:30.431  3976  3976 D SurfaceFlinger:      DEVICE | 0x75743a5580 | 0002 | RGBA_8888    |    0.0    0.0  720.0 1560.0 |    0    0  720 1560 | com.example.dogglers/com.example.dogglers.VerticalListActivity$_23627#0
08-30 15:11:30.431  3976  3976 D SurfaceFlinger:      DEVICE | 0x75743a6d40 | 0002 | RGBA_8888    |    0.0    0.0  720.0 1560.0 |    0    0  720 1560 | Splash Screen com.example.dogglers#0
08-30 15:11:30.431  3976  3976 D SurfaceFlinger:      DEVICE | 0x75743a6fc0 | 0000 | RGBA_8888    |    0.0    0.0  720.0   53.0 |    0    0  720   53 | StatusBar$_4708#0
08-30 15:11:30.431  3976  3976 D SurfaceFlinger:      DEVICE | 0x74d157fa00 | 0000 | RGBA_8888    |    0.0    0.0   67.0  232.0 |  653  151  720  383 | com.samsung.android.app.cocktailbars[...]rservice.CocktailBarService$_14146#0
08-30 15:11:30.431  3976  3976 D SurfaceFlinger:      DEVICE | 0x75743a7380 | 0000 | RGBA_8888    |    0.0    0.0  720.0   84.0 |    0 1476  720 1560 | NavigationBar0$_4708#0
08-30 15:11:30.431  3976  3976 D SurfaceFlinger:      DEVICE | 0x74f0413e00 | 0000 | RGBA_8888    |    0.0    0.0  720.0  101.0 |    0    0  720  101 | ScreenDecorOverlay$_4708#0
08-30 15:11:30.431  3976  3976 D SurfaceFlinger:      DEVICE | 0x75743a7b00 | 0000 | RGBA_8888    |    0.0    0.0  720.0  101.0 |    0 1459  720 1560 | ScreenDecorOverlayBottom$
08-30 15:11:30.431  3976  3976 D SurfaceFlinger: _4708#0
08-30 15:11:30.431  3976  3976 D SurfaceFlinger:
08-30 15:11:30.431  4349  6779 I SemDvfsHyPerManager: acquire hyper - AMS_ACT_START/4349@16, type = -999
08-30 15:11:30.432  3927  3954 I HYPER-HAL: [RequestManager.cpp]acquire(): Acquired ID : 9528811  [4349 / 16]    HINT : AMS_ACT_START    list :
08-30 15:11:30.432  3927  3954 E HYPER-HAL: [HandlerSysfs.cpp]doResourceHandling(): Couldn't Open Sysfs - /sys/power/cstate_control
08-30 15:11:30.432  3927  3954 I HYPER-HAL: [ResourceManager.cpp]updateResource(): [CPUMinFreq] UpdateResource Request ID : 9528811    Value : 1560000
08-30 15:11:30.433  3976  6075 I SurfaceFlinger: id=38547 createSurf (0x0),-1 flag=80004, ActivityRecord{520e60e u0 com.example.dogglers/androidx.test.core.app.InstrumentationActivityInvoker$EmptyActivity t1423}#0
08-30 15:11:30.436  3881  3886 E statsd  : Predicate -7037417284711607308 dropping data for dimension key (10)0x2010101->10429[I] (10)0x30000->*launch*[S]
08-30 15:11:30.442 23627 23627 D LifecycleMonitor: Lifecycle status change: com.example.dogglers.VerticalListActivity@f7d3f14 in: PAUSED
08-30 15:11:30.442  4349  4372 I SurfaceControl: nativeRelease nativeObject s[476016225440]
08-30 15:11:30.442  4349  4372 I SurfaceControl: nativeRelease nativeObject e[476016225440]
08-30 15:11:30.442 23627 23627 V ActivityScenario: Update currentActivityStage to PAUSED, currentActivity=com.example.dogglers.VerticalListActivity@f7d3f14
08-30 15:11:30.443  4349  4372 I SurfaceControl: nativeRelease nativeObject s[476016223808]
08-30 15:11:30.443  4349  4372 I SurfaceControl: nativeRelease nativeObject e[476016223808]
08-30 15:11:30.443  3976  4001 I Layer   : id=38533 removeFromCurrentState Splash Screen com.example.dogglers#0 (104)
08-30 15:11:30.443  4349  4372 I SurfaceControl: nativeRelease nativeObject s[477997777408]
08-30 15:11:30.443  4349  4372 I SurfaceControl: nativeRelease nativeObject e[477997777408]
08-30 15:11:30.445  3976  4318 I Layer   : id=38532 removeFromCurrentState 9e51367 Splash Screen com.example.dogglers#0 (104)
08-30 15:11:30.446  3976  4318 I Layer   : id=38545 removeFromCurrentState Surface(name=9e51367 Splash Screen com.example.dogglers)/@0xdb38ad0 - animation-leash#0 (104)
08-30 15:11:30.446  3976  4318 I SurfaceFlinger: id=38532 Removed 9e51367 Splash Screen com.example.dogglers#0 (104)
08-30 15:11:30.446  3976  6075 I SurfaceFlinger: id=38545 Removed Surface(name=9e51367 Splash Screen com.example.dogglers)/@0xdb38ad0 - animation-leash#0 (104)
08-30 15:11:30.446  3976  6075 I SurfaceFlinger: id=38533 Removed Splash Screen com.example.dogglers#0 (104)
08-30 15:11:30.448  4349  6765 V WindowOrientationListener: getProposedRotation: -1
08-30 15:11:30.448  4349  6765 V WindowOrientationListener: getProposedRotation: -1
08-30 15:11:30.450  4349  6765 V WindowOrientationListener: getProposedRotation: -1
08-30 15:11:30.452  4349  6765 D InputDispatcher: Focused application set to (0): 520e60e
08-30 15:11:30.457  3976  3976 I Layer   : id=38545[1] Destroyed Surface(name=9e51367 Splash Screen com.example.dogglers)/@0xdb38ad0 - animation-leash#0
08-30 15:11:30.457  3976  3976 I Layer   : id=38532[1] Destroyed 9e51367 Splash Screen com.example.dogglers#0
08-30 15:11:30.460  3976  3976 I Layer   : id=38533[1] Destroyed Splash Screen com.example.dogglers#0
08-30 15:11:30.464  3976  3976 D SurfaceFlinger: Display 0 HWC layers:
08-30 15:11:30.464  3976  3976 D SurfaceFlinger:      DEVICE | 0x75743a5580 | 0002 | RGBA_8888    |    0.0    0.0  720.0 1560.0 |    0    0  720 1560 | com.example.dogglers/com.example.dogglers.VerticalListActivity$_23627#0
08-30 15:11:30.464  3976  3976 D SurfaceFlinger:      DEVICE | 0x75743a6fc0 | 0000 | RGBA_8888    |    0.0    0.0  720.0   53.0 |    0    0  720   53 | StatusBar$_4708#0
08-30 15:11:30.464  3976  3976 D SurfaceFlinger:      DEVICE | 0x74d157fa00 | 0000 | RGBA_8888    |    0.0    0.0   67.0  232.0 |  653  151  720  383 | com.samsung.android.app.cocktailbars[...]rservice.CocktailBarService$_14146#0
08-30 15:11:30.464  3976  3976 D SurfaceFlinger:      DEVICE | 0x75743a7380 | 0000 | RGBA_8888    |    0.0    0.0  720.0   84.0 |    0 1476  720 1560 | NavigationBar0$_4708#0
08-30 15:11:30.464  3976  3976 D SurfaceFlinger:      DEVICE | 0x74f0413e00 | 0000 | RGBA_8888    |    0.0    0.0  720.0  101.0 |    0    0  720  101 | ScreenDecorOverlay$_4708#0
08-30 15:11:30.464  3976  3976 D SurfaceFlinger:      DEVICE | 0x75743a7b00 | 0000 | RGBA_8888    |    0.0    0.0  720.0  101.0 |    0 1459  720 1560 | ScreenDecorOverlayBottom$_4708#0
08-30 15:11:30.464  3976  3976 D SurfaceFlinger:
08-30 15:11:30.467 23627 23627 D LifecycleMonitor: Lifecycle status change: androidx.test.core.app.InstrumentationActivityInvoker$EmptyActivity@8d0f8b3 in: PRE_ON_CREATE
08-30 15:11:30.467 23627 23627 V ActivityScenario: Activity lifecycle changed event received but ignored because the intent does not match. startActivityIntent=Intent { act=android.intent.action.MAIN cat=[android.intent.category.LAUNCHER] cmp=com.example.dogglers/.VerticalListActivity }, activity.getIntent()=Intent { act=android.intent.action.MAIN cat=[android.intent.category.LAUNCHER] flg=0x10000000 cmp=com.example.dogglers/androidx.test.core.app.InstrumentationActivityInvoker$EmptyActivity }, activity=androidx.test.core.app.InstrumentationActivityInvoker$EmptyActivity@8d0f8b3
08-30 15:11:30.473  4349  4371 I SemPersonaManager: SecureFolder personaId = 150
08-30 15:11:30.474 23627 23627 I DecorView: [INFO] isPopOver=false, config=true
08-30 15:11:30.474 23627 23627 I DecorView: updateCaptionType >> DecorView@e73c5e9[], isFloating=false, isApplication=true, hasWindowDecorCaption=false, hasWindowControllerCallback=true
08-30 15:11:30.474 23627 23627 D DecorView: setCaptionType = 0, this = DecorView@e73c5e9[]
08-30 15:11:30.474  4349  4372 I SurfaceControl: nativeRelease nativeObject s[472144744928]
08-30 15:11:30.474  4349  4372 I SurfaceControl: nativeRelease nativeObject e[472144744928]
08-30 15:11:30.476  4349  6765 I InputDispatcher: Focus left window (23627): 1594611 in display 0 0
08-30 15:11:30.479 23627 23627 D LifecycleMonitor: Lifecycle status change: androidx.test.core.app.InstrumentationActivityInvoker$EmptyActivity@8d0f8b3 in: CREATED
08-30 15:11:30.479 23627 23627 V ActivityScenario: Activity lifecycle changed event received but ignored because the intent does not match. startActivityIntent=Intent { act=android.intent.action.MAIN cat=[android.intent.category.LAUNCHER] cmp=com.example.dogglers/.VerticalListActivity }, activity.getIntent()=Intent { act=android.intent.action.MAIN cat=[android.intent.category.LAUNCHER] flg=0x10000000 cmp=com.example.dogglers/androidx.test.core.app.InstrumentationActivityInvoker$EmptyActivity }, activity=androidx.test.core.app.InstrumentationActivityInvoker$EmptyActivity@8d0f8b3
08-30 15:11:30.482 23627 23627 D LifecycleMonitor: Lifecycle status change: androidx.test.core.app.InstrumentationActivityInvoker$EmptyActivity@8d0f8b3 in: STARTED
08-30 15:11:30.482 23627 23627 V ActivityScenario: Activity lifecycle changed event received but ignored because the intent does not match. startActivityIntent=Intent { act=android.intent.action.MAIN cat=[android.intent.category.LAUNCHER] cmp=com.example.dogglers/.VerticalListActivity }, activity.getIntent()=Intent { act=android.intent.action.MAIN cat=[android.intent.category.LAUNCHER] flg=0x10000000 cmp=com.example.dogglers/androidx.test.core.app.InstrumentationActivityInvoker$EmptyActivity }, activity=androidx.test.core.app.InstrumentationActivityInvoker$EmptyActivity@8d0f8b3
08-30 15:11:30.491  3976  4001 I Layer   : id=38539 removeFromCurrentState Surface(name=Dim Layer for - Task=1423 - animating-dim)/@0xa815694 - animation-leash#0 (101)
08-30 15:11:30.491  3976  4001 I SurfaceFlinger: id=38539 Removed Surface(name=Dim Layer for - Task=1423 - animating-dim)/@0xa815694 - animation-leash#0 (101)
08-30 15:11:30.504 12736 12736 I dnxg    : onPause
08-30 15:11:30.507  3976  3976 I Layer   : id=38539[1] Destroyed Surface(name=Dim Layer for - Task=1423 - animating-dim)/@0xa815694 - animation-leash#0
08-30 15:11:30.519  4349  4371 D EnterpriseDeviceManagerService: isMdmAdminPresentInternal() : MDM Admin Found - com.samsung.knox.securefolder
08-30 15:11:30.526 23627 23627 D LifecycleMonitor: Lifecycle status change: androidx.test.core.app.InstrumentationActivityInvoker$EmptyActivity@8d0f8b3 in: RESUMED
08-30 15:11:30.526 23627 23627 V ActivityScenario: Activity lifecycle changed event received but ignored because the intent does not match. startActivityIntent=Intent { act=android.intent.action.MAIN cat=[android.intent.category.LAUNCHER] cmp=com.example.dogglers/.VerticalListActivity }, activity.getIntent()=Intent { act=android.intent.action.MAIN cat=[android.intent.category.LAUNCHER] flg=0x10000000 cmp=com.example.dogglers/androidx.test.core.app.InstrumentationActivityInvoker$EmptyActivity }, activity=androidx.test.core.app.InstrumentationActivityInvoker$EmptyActivity@8d0f8b3
08-30 15:11:30.531  4349  6765 D InputTransport: Input channel constructed: '1704e6c', fd=692
08-30 15:11:30.531  4349  6765 D InputTransport: Input channel constructed: '1704e6c', fd=693
08-30 15:11:30.532  3976  6075 I SurfaceFlinger: id=38548 createSurf (0x0),-1 flag=80004, 1704e6c com.example.dogglers/androidx.test.core.app.InstrumentationActivityInvoker$EmptyActivity#0
08-30 15:11:30.533  4349  6765 D WindowManager: isScreenshotDisabledLocked - win: Window{1704e6c u0 com.example.dogglers/androidx.test.core.app.InstrumentationActivityInvoker$EmptyActivity}
08-30 15:11:30.533  4349  6765 D WindowManager: isScreenshotDisabledLocked: userId = 0, disabled =false
08-30 15:11:30.533  4349  6765 D InputTransport: Input channel destroyed: '1704e6c', fd=693
08-30 15:11:30.534 23627 23627 D InputTransport: Input channel constructed: '1704e6c', fd=91
08-30 15:11:30.535 23627 23627 I ViewRootImpl@6fb319c[InstrumentationActivityInvoker$EmptyActivity]: setView = com.android.internal.policy.DecorView@e73c5e9 TM=true
08-30 15:11:30.540  4349  6765 V WindowManager: Relayout Window{1704e6c u0 com.example.dogglers/androidx.test.core.app.InstrumentationActivityInvoker$EmptyActivity}: viewVisibility=0 req=720x1560
08-30 15:11:30.543  4349  6765 D WindowManager: isScreenshotDisabledLocked - win: Window{1704e6c u0 com.example.dogglers/androidx.test.core.app.InstrumentationActivityInvoker$EmptyActivity}
08-30 15:11:30.543  4349  6765 D WindowManager: isScreenshotDisabledLocked: userId = 0, disabled =false
08-30 15:11:30.543  3976  4002 I SurfaceFlinger: id=38549 createSurf (720x1560),1 flag=404, com.example.dogglers/androidx.test.core.app.InstrumentationActivityInvoker$EmptyActivity$_23627#0
08-30 15:11:30.546  4349  6765 I SurfaceControl: nativeRelease nativeObject s[476011695936]
08-30 15:11:30.546  4349  6765 I SurfaceControl: nativeRelease nativeObject e[476011695936]
08-30 15:11:30.546 14146 14146 I TrayStateController: systemUiVisibilityChanged : 0 0
08-30 15:11:30.546  3976  4318 I SurfaceFlinger: id=38550 createSurf (0x0),-1 flag=24000, Surface(name=1096c8d StatusBar)/@0xeaf4dd0 - animation-leash#0
08-30 15:11:30.547  4349  6765 I SurfaceControl: nativeRelease nativeObject s[478079923456]
08-30 15:11:30.547  4349  6765 I SurfaceControl: nativeRelease nativeObject e[478079923456]
08-30 15:11:30.547  3976  4318 I SurfaceFlinger: id=38551 createSurf (0x0),-1 flag=24000, Surface(name=b07ecc5 NavigationBar0)/@0xa8376fc - animation-leash#1
08-30 15:11:30.549  4349  6765 V WindowManager: Relayout hash=1704e6c, pid=23627: mAttrs={(0,0)(fillxfill) sim={adjust=pan forwardNavigation} ty=BASE_APPLICATION wanim=0x1030001
08-30 15:11:30.549  4349  6765 V WindowManager:   fl=1810100
08-30 15:11:30.549  4349  6765 V WindowManager:   pfl=12020000
08-30 15:11:30.549  4349  6765 V WindowManager:   fitSides= naviIconColor=0}
08-30 15:11:30.549  4349  6765 I SurfaceControl: nativeRelease nativeObject s[477997782688]
08-30 15:11:30.549  4349  6765 I SurfaceControl: nativeRelease nativeObject e[477997782688]
08-30 15:11:30.549  3976  4318 I Layer   : id=38543 removeFromCurrentState Surface(name=1096c8d StatusBar)/@0xeaf4dd0 - animation-leash#1 (104)
08-30 15:11:30.549  3976  4318 I Layer   : id=38544 removeFromCurrentState Surface(name=b07ecc5 NavigationBar0)/@0xa8376fc - animation-leash#0 (104)
08-30 15:11:30.551 23627 23627 I SurfaceControl: assignNativeObject: nativeObject = 0 Surface(name=null)/@0xcb9d7a5 / android.view.SurfaceControl.readFromParcel:1117 android.view.IWindowSession$Stub$Proxy.relayout:1836 android.view.ViewRootImpl.relayoutWindow:9005 android.view.ViewRootImpl.performTraversals:3360 android.view.ViewRootImpl.doTraversal:2618 android.view.ViewRootImpl$TraversalRunnable.run:9971 android.view.Choreographer$CallbackRecord.run:1010 android.view.Choreographer.doCallbacks:809 android.view.Choreographer.doFrame:744 android.view.Choreographer$FrameDisplayEventReceiver.run:995
08-30 15:11:30.552 23627 23627 I ViewRootImpl@6fb319c[InstrumentationActivityInvoker$EmptyActivity]: Relayout returned: old=(0,0,720,1560) new=(0,0,720,1560) req=(720,1560)0 dur=12 res=0x7 s={true 478235926528} ch=true fn=-1
08-30 15:11:30.554  3899  3953 D gralloc : [mali_gralloc_allocate] begin
08-30 15:11:30.554  3899  3953 D gralloc : buffer_descriptor: wh(720 1560) usage_pc(0x40000000000b00 0x40000000000b00) hal_format(0x1) layer_count(1) sizes(0 0 0) strde(0) byte_stride(0) alloc_wh(0 0) internal_format(0x0) alloc_format(0x0) fd_count(1) plane_count(0)
08-30 15:11:30.555 23627 23627 I ViewRootImpl@6fb319c[InstrumentationActivityInvoker$EmptyActivity]: [DP] dp(1) 1 android.view.ViewRootImpl.reportNextDraw:10957 android.view.ViewRootImpl.performTraversals:3845 android.view.ViewRootImpl.doTraversal:2618
08-30 15:11:30.555 23627 23627 I ViewRootImpl@6fb319c[InstrumentationActivityInvoker$EmptyActivity]: [DP] pd() Asnyc report
08-30 15:11:30.555  3899  3953 D gralloc : [mali_gralloc_allocate] allocation successful
08-30 15:11:30.556  3899  3953 D gralloc : [mali_gralloc_allocate] begin
08-30 15:11:30.556  3899  3953 D gralloc : buffer_descriptor: wh(720 1560) usage_pc(0x40000000000b00 0x40000000000b00) hal_format(0x1) layer_count(1) sizes(0 0 0) strde(0) byte_stride(0) alloc_wh(0 0) internal_format(0x0) alloc_format(0x0) fd_count(1) plane_count(0)
08-30 15:11:30.557  3899  3953 D gralloc : [mali_gralloc_allocate] allocation successful
08-30 15:11:30.559  3899  3953 D gralloc : [mali_gralloc_allocate] begin
08-30 15:11:30.559  3899  3953 D gralloc : buffer_descriptor: wh(720 1560) usage_pc(0x40000000000b00 0x40000000000b00) hal_format(0x1) layer_count(1) sizes(0 0 0) strde(0) byte_stride(0) alloc_wh(0 0) internal_format(0x0) alloc_format(0x0) fd_count(1) plane_count(0)
08-30 15:11:30.559  4349  4372 I SurfaceControl: nativeRelease nativeObject s[476016225824]
08-30 15:11:30.559  4349  4372 I SurfaceControl: nativeRelease nativeObject e[476016225824]
08-30 15:11:30.559  4349  4372 I SurfaceControl: nativeRelease nativeObject s[472144744832]
08-30 15:11:30.559  4349  4372 I SurfaceControl: nativeRelease nativeObject e[472144744832]
08-30 15:11:30.560  3899  3953 D gralloc : [mali_gralloc_allocate] allocation successful
08-30 15:11:30.563 23627 23627 I ViewRootImpl@6fb319c[InstrumentationActivityInvoker$EmptyActivity]: [DP] pdf(0) 1 android.view.ViewRootImpl.lambda$performDraw$1$ViewRootImpl:4668 android.view.-$$Lambda$ViewRootImpl$DJd0VUYJgsebcnSohO6h8zc_ONI.run:6 android.os.Handler.handleCallback:938
08-30 15:11:30.563 23627 23627 I ViewRootImpl@6fb319c[InstrumentationActivityInvoker$EmptyActivity]: [DP] rdf()
08-30 15:11:30.565  3976  4318 I Layer   : id=38537 removeFromCurrentState Surface(name=ActivityRecord{aede35a u0 com.example.dogglers/androidx.test.core.app.InstrumentationActivityInvoker$BootstrapActivity t1423})/@0x5baea01 - animation-leash#0 (104)
08-30 15:11:30.565  3976  4318 I Layer   : id=38540 removeFromCurrentState Surface(name=ActivityRecord{aede35a u0 com.example.dogglers/androidx.test.core.app.InstrumentationActivityInvoker$BootstrapActivity t1423})/@0x5baea01 - animation-bounds#0 (104)
08-30 15:11:30.566  3976  4318 I SurfaceFlinger: id=38537 Removed Surface(name=ActivityRecord{aede35a u0 com.example.dogglers/androidx.test.core.app.InstrumentationActivityInvoker$BootstrapActivity t1423})/@0x5baea01 - animation-leash#0 (104)
08-30 15:11:30.566 23627 23627 I ViewRootImpl@fca16c8[VerticalListActivity]: MSG_WINDOW_FOCUS_CHANGED 0 1
08-30 15:11:30.566  3976  6075 I SurfaceFlinger: id=38540 Removed Surface(name=ActivityRecord{aede35a u0 com.example.dogglers/androidx.test.core.app.InstrumentationActivityInvoker$BootstrapActivity t1423})/@0x5baea01 - animation-bounds#0 (104)
08-30 15:11:30.568  4349  4372 D PkgPredictorService: pkg:com.example.dogglers activity:androidx.test.core.app.InstrumentationActivityInvoker$EmptyActivity thisTime:138
08-30 15:11:30.569 23627 23627 I SurfaceControl: nativeRelease nativeObject s[476571793984]
08-30 15:11:30.569 23627 23627 I SurfaceControl: nativeRelease nativeObject e[476571793984]
08-30 15:11:30.569 23627 23627 I SurfaceControl: nativeRelease nativeObject s[476571793696]
08-30 15:11:30.569 23627 23627 I SurfaceControl: nativeRelease nativeObject e[476571793696]
08-30 15:11:30.569 23627 23627 I SurfaceControl: nativeRelease nativeObject s[476571793600]
08-30 15:11:30.569  3976  6075 I SurfaceFlinger: id=38544 Removed Surface(name=b07ecc5 NavigationBar0)/@0xa8376fc - animation-leash#0 (104)
08-30 15:11:30.569 23627 23627 I SurfaceControl: nativeRelease nativeObject e[476571793600]
08-30 15:11:30.569  3976  4318 I SurfaceFlinger: id=38543 Removed Surface(name=1096c8d StatusBar)/@0xeaf4dd0 - animation-leash#1 (104)
08-30 15:11:30.570  4349  4372 I SemDvfsHyPerManager: acquire hyper - AMS_RESUME_TAIL/4349@18, type = -999
08-30 15:11:30.570  4349  4376 I ActivityTaskManager: Displayed com.example.dogglers/androidx.test.core.app.InstrumentationActivityInvoker$EmptyActivity: +138ms
08-30 15:11:30.570  4349  4372 I SemDvfsHyPerManager: acquire hyper - AMS_ACT_LAZY/4349@19, type = -999
08-30 15:11:30.570  3927  3954 I HYPER-HAL: [RequestManager.cpp]acquire(): Acquired ID : 9537546  [4349 / 18]    HINT : AMS_RESUME_TAIL    list :
08-30 15:11:30.570  3927  3954 E HYPER-HAL: [HandlerSysfs.cpp]doResourceHandling(): Couldn't Open Sysfs - /sys/power/cstate_control
08-30 15:11:30.570  3927  3954 I HYPER-HAL: [ResourceManager.cpp]updateResource(): [CPUMinFreq] UpdateResource Request ID : 9537546    Value : 1560000
08-30 15:11:30.570  3927  3954 I HYPER-HAL: [RequestManager.cpp]acquire(): Acquired ID : 9541915  [4349 / 19]    HINT :      list :
08-30 15:11:30.571  3927  3954 E HYPER-HAL: [Request.cpp]acquire(): Request:: id : 9541915, No Resource to set
08-30 15:11:30.571  3927  3954 E HYPER-HAL: [HandlerSysfs.cpp]doResourceHandling(): Couldn't Open Sysfs - /sys/power/cstate_control
08-30 15:11:30.572  3927  3954 I HYPER-HAL: [ResourceManager.cpp]removeResource(): [CPUMinFreq] RemoveResource Request ID : 9528811
08-30 15:11:30.572  3927  3954 I HYPER-HAL: [RequestManager.cpp]releaseLocked(): Released ID : 9528811
08-30 15:11:30.573  5589  5589 E pageboostd: Received HALT command code 2
08-30 15:11:30.574  3976  3976 I Layer   : id=38543[1] Destroyed Surface(name=1096c8d StatusBar)/@0xeaf4dd0 - animation-leash#1
08-30 15:11:30.574  3976  3976 I Layer   : id=38544[1] Destroyed Surface(name=b07ecc5 NavigationBar0)/@0xa8376fc - animation-leash#0
08-30 15:11:30.574  3976  3976 I Layer   : id=38540[1] Destroyed Surface(name=ActivityRecord{aede35a u0 com.example.dogglers/androidx.test.core.app.InstrumentationActivityInvoker$BootstrapActivity t1423})/@0x5baea01 - animation-bounds#0
08-30 15:11:30.574  3976  3976 I Layer   : id=38537[1] Destroyed Surface(name=ActivityRecord{aede35a u0 com.example.dogglers/androidx.test.core.app.InstrumentationActivityInvoker$BootstrapActivity t1423})/@0x5baea01 - animation-leash#0
08-30 15:11:30.576  4349  6765 I InputDispatcher: Focus entered window (23627): 1704e6c in display 0 0
08-30 15:11:30.580  3976  3976 D SurfaceFlinger: Display 0 HWC layers:
08-30 15:11:30.580  3976  3976 D SurfaceFlinger:      DEVICE | 0x75743a6c00 | 0002 | RGBA_8888    |    0.0    0.0  720.0 1560.0 |    0    0  720 1560 | com.example.dogglers/androidx.test.c[...]tivityInvoker$EmptyActivity$_23627#0
08-30 15:11:30.580  3976  3976 D SurfaceFlinger:      DEVICE | 0x75743a6fc0 | 0000 | RGBA_8888    |    0.0    0.0  720.0   53.0 |    0    0  720   53 | StatusBar$_4708#0
08-30 15:11:30.580  3976  3976 D SurfaceFlinger:      DEVICE | 0x74d157fa00 | 0000 | RGBA_8888    |    0.0    0.0   67.0  232.0 |  653  151  720  383 | com.samsung.android.app.cocktailbars[...]rservice.CocktailBarService$_14146#0
08-30 15:11:30.580  3976  3976 D SurfaceFlinger:      DEVICE | 0x75743a7380 | 0000 | RGBA_8888    |    0.0    0.0  720.0   84.0 |    0 1476  720 1560 | NavigationBar0$_4708#0
08-30 15:11:30.580  3976  3976 D SurfaceFlinger:      DEVICE | 0x74f0413e00 | 0000 | RGBA_8888    |    0.0    0.0  720.0  101.0 |    0    0  720  101 | ScreenDecorOverlay$_4708#0
08-30 15:11:30.580  3976  3976 D SurfaceFlinger:      DEVICE | 0x75743a7b00 | 0000 | RGBA_8888    |    0.0    0.0  720.0  101.0 |    0 1459  720 1560 | ScreenDecorOverlayBottom$_4708#0
08-30 15:11:30.580  3976  3976 D SurfaceFlinger:
08-30 15:11:30.594  3976  4001 E BufferQueueProducer: [com.example.dogglers/com.example.dogglers.VerticalListActivity$_23627#0](id:f88000033e7,api:0,p:-1,c:3976) disconnect: not connected (req=1)
08-30 15:11:30.594 23627 23685 W libEGL  : EGLNativeWindowType 0x6f58f14010 disconnect failed
08-30 15:11:30.595  4349  6779 I SemDvfsHyPerManager: acquire hyper - AMS_ACT_START/4349@16, type = -999
08-30 15:11:30.595  3927  3954 I HYPER-HAL: [RequestManager.cpp]acquire(): Acquired ID : 9528811  [4349 / 16]    HINT : AMS_ACT_START    list :
08-30 15:11:30.596  3927  3954 E HYPER-HAL: [HandlerSysfs.cpp]doResourceHandling(): Couldn't Open Sysfs - /sys/power/cstate_control
08-30 15:11:30.596  3927  3954 I HYPER-HAL: [ResourceManager.cpp]updateResource(): [CPUMinFreq] UpdateResource Request ID : 9528811    Value : 1560000
08-30 15:11:30.596  3976  4001 I SurfaceFlinger: id=38552 createSurf (0x0),-1 flag=80004, ActivityRecord{e640770 u0 com.example.dogglers/androidx.test.core.app.InstrumentationActivityInvoker$EmptyActivity t1423}#0
08-30 15:11:30.598  3892 23548 E power   : ISystemSuspend::getService() failed.
08-30 15:11:30.598  4666  4914 I System.out: Broadcasting: Intent { act=com.sec.intent.action.SARDEVICE_CP flg=0x10000000 (has extras) }
08-30 15:11:30.599  5057  7925 I RILClient: processUnsolicited(): resp_id (11090), len(118)
08-30 15:11:30.607  4349  5464 V WindowManager: Relayout Window{1594611 u0 com.example.dogglers/com.example.dogglers.VerticalListActivity}: viewVisibility=8 req=720x1560
08-30 15:11:30.611 12736 12736 I dnxg    : onStop
08-30 15:11:30.614  4349  5464 V WindowManager: Relayout hash=1594611, pid=23627: mAttrs={(0,0)(fillxfill) sim={adjust=resize forwardNavigation} ty=BASE_APPLICATION wanim=0x1030304
08-30 15:11:30.614  4349  5464 V WindowManager:   fl=81810100
08-30 15:11:30.614  4349  5464 V WindowManager:   pfl=12020000
08-30 15:11:30.614  4349  5464 V WindowManager:   fitSides= naviIconColor=0}
08-30 15:11:30.615 23627 23627 I SurfaceControl: nativeRelease nativeObject s[478212335488]
08-30 15:11:30.615 23627 23627 I SurfaceControl: nativeRelease nativeObject e[478212335488]
08-30 15:11:30.615 23627 23627 I SurfaceControl: assignNativeObject: nativeObject = 0 Surface(name=null)/@0x838cb2b / android.view.SurfaceControl.readFromParcel:1117 android.view.IWindowSession$Stub$Proxy.relayout:1826 android.view.ViewRootImpl.relayoutWindow:9005 android.view.ViewRootImpl.performTraversals:3360 android.view.ViewRootImpl.doTraversal:2618 android.view.ViewRootImpl$TraversalRunnable.run:9971 android.view.Choreographer$CallbackRecord.run:1010 android.view.Choreographer.doCallbacks:809 android.view.Choreographer.doFrame:744 android.view.Choreographer$FrameDisplayEventReceiver.run:995
08-30 15:11:30.616 23627 23627 I SurfaceControl: assignNativeObject: nativeObject = 0 Surface(name=null)/@0x2acd361 / android.view.SurfaceControl.readFromParcel:1117 android.view.IWindowSession$Stub$Proxy.relayout:1836 android.view.ViewRootImpl.relayoutWindow:9005 android.view.ViewRootImpl.performTraversals:3360 android.view.ViewRootImpl.doTraversal:2618 android.view.ViewRootImpl$TraversalRunnable.run:9971 android.view.Choreographer$CallbackRecord.run:1010 android.view.Choreographer.doCallbacks:809 android.view.Choreographer.doFrame:744 android.view.Choreographer$FrameDisplayEventReceiver.run:995
08-30 15:11:30.617 23627 23627 I SurfaceControl: nativeRelease nativeObject s[476145765024]
08-30 15:11:30.617 23627 23627 I SurfaceControl: nativeRelease nativeObject e[476145765024]
08-30 15:11:30.617 23627 23627 I ViewRootImpl@fca16c8[VerticalListActivity]: Relayout returned: old=(0,0,720,1560) new=(0,0,720,1560) req=(720,1560)8 dur=22 res=0x5 s={false 0} ch=true fn=5
08-30 15:11:30.618 23627 23627 I ViewRootImpl@fca16c8[VerticalListActivity]: stopped(true) old=false
08-30 15:11:30.619 23627 23627 D LifecycleMonitor: Lifecycle status change: com.example.dogglers.VerticalListActivity@f7d3f14 in: STOPPED
08-30 15:11:30.620 23627 23627 V ActivityScenario: Update currentActivityStage to STOPPED, currentActivity=com.example.dogglers.VerticalListActivity@f7d3f14
08-30 15:11:30.622 23627 23627 D LifecycleMonitor: Lifecycle status change: com.example.dogglers.VerticalListActivity@f7d3f14 in: DESTROYED
08-30 15:11:30.622 23627 23627 V ActivityScenario: Update currentActivityStage to DESTROYED, currentActivity=null
08-30 15:11:30.623  4349  4371 D InputManager: received SARDEVICE_CP, callAction = on deviceID = 3 option = NONE slot = 0 mSARState1
08-30 15:11:30.623  4349  4371 D InputManager: Enable back off, File not found: /sys/class/sec/sec_touchkey/sar_enable
08-30 15:11:30.623  4349  4371 D InputManager: enableDeviceForBackOff deviceID:0 deviceValue:1 mIsValidIntentForWifi:false
08-30 15:11:30.626  4349  4484 D MotionRecognitionService:   onReceive : SARDEVICE_CP, callAction = on deviceID = 3 slot = 0
08-30 15:11:30.626  4349  4484 W MotionRecognitionService: id : 0 cmd :on
08-30 15:11:30.626  4349  4484 I MotionRecognitionService: [SAR] Received request for MainGrip
08-30 15:11:30.626  4349  4484 D SensorService: [GripSensor] ++ setGripThdWithMCC  (65560)
08-30 15:11:30.626  4349  4484 D SensorService: GripSensor: MCC Path does not exist
08-30 15:11:30.626  4349  4484 D SensorService: Calling batch handle==6 flags=0 rate=200000000 timeout== 0
08-30 15:11:30.627 23627 23627 I ViewRootImpl@fca16c8[VerticalListActivity]: dispatchDetachedFromWindow
08-30 15:11:30.627  3920  3994 I Sensors : GripSensor:enable: handle 6, en 1, old_en 0
08-30 15:11:30.627  4349  6779 D InputTransport: Input channel destroyed: '1594611', fd=714
08-30 15:11:30.628  4349  6779 I SurfaceControl: nativeRelease nativeObject s[476017809952]
08-30 15:11:30.628  4349  6779 I SurfaceControl: nativeRelease nativeObject e[476017809952]
08-30 15:11:30.628  4349  6779 D WindowManager: isScreenshotDisabledLocked - win: Window{1594611 u0 com.example.dogglers/com.example.dogglers.VerticalListActivity}
08-30 15:11:30.628  4349  6779 D WindowManager: isScreenshotDisabledLocked: userId = 0, disabled =false
08-30 15:11:30.629  4349  6779 I SurfaceControl: nativeRelease nativeObject s[476011695840]
08-30 15:11:30.629  4349  6779 I SurfaceControl: nativeRelease nativeObject e[476011695840]
08-30 15:11:30.629  3976  4001 I SurfaceFlinger: id=38553 createSurf (0x0),-1 flag=24004, Surface(name=749d536 InputMethod)/@0x72f94d3 - animation-leash#0
08-30 15:11:30.630  3920  3920 I Sensors : GripSensor:readEvents: grip data = RELEASE
08-30 15:11:30.630  4349  4484 D SensorManager: registerListener :: 6, A96T3X6 Grip Sensor, 200000, 0, com.samsung.android.gesture.MotionRecognitionSAR$SensorGripEventListener@ae3aa0f
08-30 15:11:30.630  4349  4484 D MotionRecognitionService: [SAR] enableGripSensor
08-30 15:11:30.631  4349  4486 D MotionRecognitionService: [SAR] == >> GripVal = 0
08-30 15:11:30.631  4349  4486 I MotionRecognitionService: [SAR] GripWifi disabled
08-30 15:11:30.631  4349  4486 D MotionRecognitionService: clear SAR_DEVICE_GRIP
08-30 15:11:30.631  4349  4486 E MotionRecognitionService: handleMessage: event 200 value : 1
08-30 15:11:30.631  4349  4484 D SensorService: [GripSensor] ++ setGripThdWithMCC  (65560)
08-30 15:11:30.631  4349  6779 I SurfaceControl: nativeRelease nativeObject s[476017810048]
08-30 15:11:30.631  4349  6779 I SurfaceControl: nativeRelease nativeObject e[476017810048]
08-30 15:11:30.631  4349  4484 D SensorService: GripSensor: MCC Path does not exist
08-30 15:11:30.631  4349  4484 D SensorService: Calling batch handle==12 flags=0 rate=200000000 timeout== 0
08-30 15:11:30.632  3976  4001 I Layer   : id=38542 removeFromCurrentState com.example.dogglers/com.example.dogglers.VerticalListActivity$_23627#0 (102)
08-30 15:11:30.632  3920  3994 I Sensors : GripSensor_sub enable(): mEnabled 0, handle 12, en 1
08-30 15:11:30.632  3976  4001 I SurfaceFlinger: id=38542 Removed com.example.dogglers/com.example.dogglers.VerticalListActivity$_23627#0 (102)
08-30 15:11:30.635  4349  4484 D SensorManager: registerListener :: 12, A96T3X6 Grip Sensor for sub, 200000, 0, com.samsung.android.gesture.MotionRecognitionSAR$SensorGripEventListener@f3ad82b
08-30 15:11:30.635  4349  4484 D MotionRecognitionService: [SAR] enableGripSensor
08-30 15:11:30.635  4349  4484 I MotionRecognitionService: [TA] In/out: true, curr state: 1
08-30 15:11:30.635  4349  4484 I MotionRecognitionService: [SAR] TA connected before Main grip enabled
08-30 15:11:30.635  4349  4484 D MotionRecognitionService: mSarGripSlot is 1
08-30 15:11:30.635  4349  4484 W MotionRecognitionService: id : 1 cmd :on
08-30 15:11:30.635  4349  4484 D MotionRecognitionService: mSarProxSlot is 1
08-30 15:11:30.636  3976  4001 I Layer   : id=38541 removeFromCurrentState 1594611 com.example.dogglers/com.example.dogglers.VerticalListActivity#0 (102)
08-30 15:11:30.636  3976  4001 I Layer   : id=38546 removeFromCurrentState Surface(name=749d536 InputMethod)/@0x72f94d3 - animation-leash#1 (102)
08-30 15:11:30.637  3976  4001 I SurfaceFlinger: id=38541 Removed 1594611 com.example.dogglers/com.example.dogglers.VerticalListActivity#0 (102)
08-30 15:11:30.638 23627 23627 D InputTransport: Input channel destroyed: '1594611', fd=81
08-30 15:11:30.640  4349  6779 I SurfaceControl: nativeRelease nativeObject s[477997554816]
08-30 15:11:30.640  4349  6779 I SurfaceControl: nativeRelease nativeObject e[477997554816]
08-30 15:11:30.641  3976  3976 I Layer   : id=38541[1] Destroyed 1594611 com.example.dogglers/com.example.dogglers.VerticalListActivity#0
08-30 15:11:30.641  4349  4486 D MotionRecognitionService: clear TransmitPower  value : 1
08-30 15:11:30.641  3976  3976 I Layer   : id=38542[1] Destroyed com.example.dogglers/com.example.dogglers.VerticalListActivity$_23627#0
08-30 15:11:30.641  4349  4486 D MotionRecognitionService: [SAR] == >> GripVal = 0
08-30 15:11:30.641  4349  4486 I MotionRecognitionService: [SAR] GripWifi disabled
08-30 15:11:30.641  4349  4486 D MotionRecognitionService: clear SAR_DEVICE_GRIP
08-30 15:11:30.641  4349  4486 E MotionRecognitionService: handleMessage: event 200 value : 1
08-30 15:11:30.647  3976  4001 I Layer   : id=38536 removeFromCurrentState ActivityRecord{8ed5382 u0 com.example.dogglers/.VerticalListActivity t1423}#0 (100)
08-30 15:11:30.647  3976  4001 I SurfaceFlinger: id=38536 Removed ActivityRecord{8ed5382 u0 com.example.dogglers/.VerticalListActivity t1423}#0 (100)
08-30 15:11:30.650 23627 23627 I ViewRootImpl@6fb319c[InstrumentationActivityInvoker$EmptyActivity]: MSG_WINDOW_FOCUS_CHANGED 1 1
08-30 15:11:30.651 23627 23627 D InputMethodManager: prepareNavigationBarInfo() DecorView@e73c5e9[InstrumentationActivityInvoker$EmptyActivity]
08-30 15:11:30.651 23627 23627 D InputMethodManager: getNavigationBarColor() -16711423
08-30 15:11:30.651 23627 23627 D InputMethodManager: prepareNavigationBarInfo() DecorView@e73c5e9[InstrumentationActivityInvoker$EmptyActivity]
08-30 15:11:30.652 23627 23627 D InputMethodManager: getNavigationBarColor() -16711423
08-30 15:11:30.652 23627 23627 V InputMethodManager: Starting input: tba=com.example.dogglers ic=null mNaviBarColor -16711423 mIsGetNaviBarColorSuccess true , NavVisible : true , NavTrans : false
08-30 15:11:30.652 23627 23627 D InputMethodManager: startInputInner - Id : 0
08-30 15:11:30.652 23627 23627 I InputMethodManager: startInputInner - mService.startInputOrWindowGainedFocus
08-30 15:11:30.652  4349  4486 D MotionRecognitionService: clear TransmitPower  value : 1
08-30 15:11:30.653  4349  5108 D InputMethodManagerService: mSecureKeypadEnabled = false
08-30 15:11:30.653  4666  5742 I System.out: Broadcast completed: result=0
08-30 15:11:30.653  4349  5108 V InputMethodManagerService: hideCurrentInputLocked : shouldHideSoftInput is false
08-30 15:11:30.653  4349  5108 D InputMethodManagerService: mDesktopModeManager null!
08-30 15:11:30.653  4349  5108 V InputMethodManagerService: getDisplayIdOfInputMethodWindowToBeAdded : 0
08-30 15:11:30.654  4349  5108 D InputMethodManagerService: checkDisplayOfStartInputAndUpdateKeyboard display Id 0last 0
08-30 15:11:30.654  4349  5108 D InputTransport: Input channel constructed: 'ClientS', fd=693
08-30 15:11:30.655  4349  6779 I SurfaceControl: nativeRelease nativeObject s[476011695648]
08-30 15:11:30.655  4349  6779 I SurfaceControl: nativeRelease nativeObject e[476011695648]
08-30 15:11:30.655  4349  5108 D InputTransport: Input channel destroyed: 'ClientS', fd=693
08-30 15:11:30.655 23627 23627 D InputTransport: Input channel constructed: 'ClientS', fd=81
08-30 15:11:30.656 23627 23627 D InputTransport: Input channel destroyed: 'ClientS', fd=90
08-30 15:11:30.656  3976  4001 I SurfaceFlinger: id=38554 createSurf (0x0),-1 flag=24004, Surface(name=749d536 InputMethod)/@0x72f94d3 - animation-leash#1
08-30 15:11:30.657 23627 23627 D LifecycleMonitor: Lifecycle status change: androidx.test.core.app.InstrumentationActivityInvoker$EmptyActivity@8d0f8b3 in: PAUSED
08-30 15:11:30.658  3976  3976 I Layer   : id=38536[1] Destroyed ActivityRecord{8ed5382 u0 com.example.dogglers/.VerticalListActivity t1423}#0
08-30 15:11:30.658 23627 23627 V ActivityScenario: Activity lifecycle changed event received but ignored because the intent does not match. startActivityIntent=Intent { act=android.intent.action.MAIN cat=[android.intent.category.LAUNCHER] cmp=com.example.dogglers/.VerticalListActivity }, activity.getIntent()=Intent { act=android.intent.action.MAIN cat=[android.intent.category.LAUNCHER] flg=0x10000000 cmp=com.example.dogglers/androidx.test.core.app.InstrumentationActivityInvoker$EmptyActivity }, activity=androidx.test.core.app.InstrumentationActivityInvoker$EmptyActivity@8d0f8b3
08-30 15:11:30.658  7475  7475 I HBD     : HoneyBoardService onFinishInput
08-30 15:11:30.658 23627 23645 W System  : A resource failed to call release.
08-30 15:11:30.659 23627 23645 I SurfaceControl: nativeRelease nativeObject s[478212335776]
08-30 15:11:30.659 23627 23645 I SurfaceControl: nativeRelease nativeObject e[478212335776]
08-30 15:11:30.659  3976  4001 I Layer   : id=38553 removeFromCurrentState Surface(name=749d536 InputMethod)/@0x72f94d3 - animation-leash#0 (100)
08-30 15:11:30.659  3976  6075 I SurfaceFlinger: id=38515 Removed Surface(name=749d536 InputMethod)/@0x72f94d3 - animation-leash#1 (100)
08-30 15:11:30.659  7475  7475 I HBD     : a IC have been unbinded,  InputConnectionWrapper{idHash=#b922e85 mMissingMethods=}
08-30 15:11:30.659  7475  7475 I HBD     : HoneyBoardService [PF_CL][onFinishInput]  424346 ns
08-30 15:11:30.659  7475  7475 I HBD     : HoneyBoardService [IMI] onStartInput - caller pid : 23627 , caller uid : 10429
08-30 15:11:30.660  7475  7475 I HBD     : i updateConfigs
08-30 15:11:30.660  7475  7475 I HBD     : i isEnabledNightMode : true
08-30 15:11:30.660  7475  7475 I HBD     : a IC have been binded, InputConnectionWrapper{idHash=#b922e85 mMissingMethods=}
08-30 15:11:30.660 23627 23645 W System  : A resource failed to call release.
08-30 15:11:30.660 23627 23645 I SurfaceControl: nativeRelease nativeObject s[476571791776]
08-30 15:11:30.660  7475  7475 I HBD     : h [EditorInputType]setPrivateImeOptionsToTable privateImeOptions ( null )
08-30 15:11:30.660 23627 23645 I SurfaceControl: nativeRelease nativeObject e[476571791776]
08-30 15:11:30.660  7475  7475 I HBD     : b incognitoMode : false
08-30 15:11:30.660  3976  5385 I SurfaceFlinger: id=38507 Removed Surface(name=749d536 InputMethod)/@0x72f94d3 - animation-leash#1 (100)
08-30 15:11:30.660  7475  7475 I HBD     : a needOff = true , isForceOff = false, isNullInputClass : true
08-30 15:11:30.661  7475  7475 I HBD     : h getDefaultInputRange : UNKNOWN
08-30 15:11:30.661  7475  7475 I HBD     : h getDefaultInputRange : UNKNOWN
08-30 15:11:30.661  7475  7475 I HBD     : h getDefaultInputRange : UNKNOWN
08-30 15:11:30.661  4349  5108 D SdpManagerService: Not an enterprise user : 0
08-30 15:11:30.661  4349  5108 D SdpManagerService: Not an enterprise user : 0
08-30 15:11:30.662  7475  7475 I HBD     : h getDefaultInputRange : UNKNOWN
08-30 15:11:30.662  7475  7475 I HBD     : a currentState : 0
08-30 15:11:30.664  4349  6779 V WindowOrientationListener: getProposedRotation: -1
08-30 15:11:30.664 23627 23645 W System  : A resource failed to call release.
08-30 15:11:30.664 23627 23645 I SurfaceControl: nativeRelease nativeObject s[478234527072]
08-30 15:11:30.664 23627 23645 I SurfaceControl: nativeRelease nativeObject e[478234527072]
08-30 15:11:30.664  7475  7475 I HBD     : h load selected json info : {"version":"1.0","currentLanguageOrder":2,"selected":[{"activeOptionList":["auto_replace","spell_check","auto_spacing"],"engName":"Russian","id":3342336,"inputType":"qwerty","isUsed":true},{"activeOptionList":["auto_replace","spell_check","auto_spacing"],"engName":"English","id":65537,"inputType":"qwerty","isUsed":true},{"activeOptionList":["auto_replace","spell_check","auto_spacing"],"engName":"Ukrainian","id":4456448,"inputType":"qwerty","isUsed":true}]}
08-30 15:11:30.664  4349  6779 V WindowOrientationListener: getProposedRotation: -1
08-30 15:11:30.664  3976  5385 I SurfaceFlinger: id=38477 Removed Surface(name=749d536 InputMethod)/@0x72f94d3 - animation-leash#0 (100)
08-30 15:11:30.664 23627 23645 W System  : A resource failed to call release.
08-30 15:11:30.664 23627 23645 I SurfaceControl: nativeRelease nativeObject s[476145765216]
08-30 15:11:30.664 23627 23645 I SurfaceControl: nativeRelease nativeObject e[476145765216]
08-30 15:11:30.664  3976  5385 I SurfaceFlinger: id=38469 Removed Surface(name=749d536 InputMethod)/@0x72f94d3 - animation-leash#0 (100)
08-30 15:11:30.665  7475  7475 I HBD     : a [UpdatePolicy] [post] a: 0 cl: 4456448 kit: [0/0] vt: 0 ir: 1
08-30 15:11:30.665  4349  6779 V WindowOrientationListener: getProposedRotation: -1
08-30 15:11:30.665  7475  7475 I HBD     : HoneyBoardService [PF_OP][onStartInput]  5972039 ns
08-30 15:11:30.666 23627 23645 W System  : A resource failed to call release.
08-30 15:11:30.667 23627 23645 I SurfaceControl: nativeRelease nativeObject s[476145767520]
08-30 15:11:30.667 23627 23645 I SurfaceControl: nativeRelease nativeObject e[476145767520]
08-30 15:11:30.667  3976  4001 I SurfaceFlinger: id=38439 Removed Surface(name=749d536 InputMethod)/@0x72f94d3 - animation-leash#1 (100)
08-30 15:11:30.667 23627 23645 W System  : A resource failed to call release.
08-30 15:11:30.667 23627 23645 I SurfaceControl: nativeRelease nativeObject s[476145758496]
08-30 15:11:30.667 23627 23645 I SurfaceControl: nativeRelease nativeObject e[476145758496]
08-30 15:11:30.667  3976  4318 I SurfaceFlinger: id=38431 Removed Surface(name=749d536 InputMethod)/@0x72f94d3 - animation-leash#1 (100)
08-30 15:11:30.667  4349  6779 D InputDispatcher: Focused application set to (0): e640770
08-30 15:11:30.670 23627 23645 W System  : A resource failed to call release.
08-30 15:11:30.670 23627 23645 I SurfaceControl: nativeRelease nativeObject s[478212027520]
08-30 15:11:30.670 23627 23645 I SurfaceControl: nativeRelease nativeObject e[478212027520]
08-30 15:11:30.670  3976  4318 I SurfaceFlinger: id=38395 Removed Surface(name=749d536 InputMethod)/@0x72f94d3 - animation-leash#0 (100)
08-30 15:11:30.672 23627 23645 W System  : A resource failed to call release.
08-30 15:11:30.672 23627 23645 I SurfaceControl: nativeRelease nativeObject s[478234528320]
08-30 15:11:30.672 23627 23645 I SurfaceControl: nativeRelease nativeObject e[478234528320]
08-30 15:11:30.672  3976  4318 I SurfaceFlinger: id=38365 Removed Surface(name=749d536 InputMethod)/@0x72f94d3 - animation-leash#1 (100)
08-30 15:11:30.673 23627 23645 W System  : A resource failed to call release.
08-30 15:11:30.673 23627 23645 I SurfaceControl: nativeRelease nativeObject s[476571788512]
08-30 15:11:30.673 23627 23645 I SurfaceControl: nativeRelease nativeObject e[476571788512]
08-30 15:11:30.673  3976  5385 I SurfaceFlinger: id=38357 Removed Surface(name=749d536 InputMethod)/@0x72f94d3 - animation-leash#1 (100)
08-30 15:11:30.674  3976  3976 I Layer   : id=38357[1] Destroyed Surface(name=749d536 InputMethod)/@0x72f94d3 - animation-leash#1
08-30 15:11:30.674  3976  3976 I Layer   : id=38515[1] Destroyed Surface(name=749d536 InputMethod)/@0x72f94d3 - animation-leash#1
08-30 15:11:30.674  3976  3976 I Layer   : id=38431[1] Destroyed Surface(name=749d536 InputMethod)/@0x72f94d3 - animation-leash#1
08-30 15:11:30.674  3976  3976 I Layer   : id=38395[1] Destroyed Surface(name=749d536 InputMethod)/@0x72f94d3 - animation-leash#0
08-30 15:11:30.674  3976  3976 I Layer   : id=38439[1] Destroyed Surface(name=749d536 InputMethod)/@0x72f94d3 - animation-leash#1
08-30 15:11:30.674  3976  3976 I Layer   : id=38507[1] Destroyed Surface(name=749d536 InputMethod)/@0x72f94d3 - animation-leash#1
08-30 15:11:30.675  3976  3976 I Layer   : id=38469[1] Destroyed Surface(name=749d536 InputMethod)/@0x72f94d3 - animation-leash#0
08-30 15:11:30.675  3976  3976 I Layer   : id=38477[1] Destroyed Surface(name=749d536 InputMethod)/@0x72f94d3 - animation-leash#0
08-30 15:11:30.675  3976  3976 I Layer   : id=38365[1] Destroyed Surface(name=749d536 InputMethod)/@0x72f94d3 - animation-leash#1
08-30 15:11:30.676  4349  5108 D SamsungIMMSHWKeyboard: isConnectedDexOnPC false
08-30 15:11:30.676 23627 23627 I SurfaceControl: nativeRelease nativeObject s[476571794560]
08-30 15:11:30.676 23627 23627 I SurfaceControl: nativeRelease nativeObject e[476571794560]
08-30 15:11:30.676 23627 23627 I SurfaceControl: nativeRelease nativeObject s[476571794080]
08-30 15:11:30.676 23627 23627 I SurfaceControl: nativeRelease nativeObject e[476571794080]
08-30 15:11:30.676  4349  5108 D InputMethodManagerService: isImeSwitcherDisabledPackage : false
08-30 15:11:30.679 23627 23645 W System  : A resource failed to call release.
08-30 15:11:30.679 23627 23645 I SurfaceControl: nativeRelease nativeObject s[478061394464]
08-30 15:11:30.679 23627 23645 I SurfaceControl: nativeRelease nativeObject e[478061394464]
08-30 15:11:30.679  3976  4001 I SurfaceFlinger: id=38327 Removed Surface(name=749d536 InputMethod)/@0x72f94d3 - animation-leash#0 (91)
08-30 15:11:30.684 23627 23627 D LifecycleMonitor: Lifecycle status change: androidx.test.core.app.InstrumentationActivityInvoker$EmptyActivity@b621834 in: PRE_ON_CREATE
08-30 15:11:30.685 23627 23627 V ActivityScenario: Activity lifecycle changed event received but ignored because the intent does not match. startActivityIntent=Intent { act=android.intent.action.MAIN cat=[android.intent.category.LAUNCHER] cmp=com.example.dogglers/.VerticalListActivity }, activity.getIntent()=Intent { act=android.intent.action.MAIN cat=[android.intent.category.LAUNCHER] flg=0x10000000 cmp=com.example.dogglers/androidx.test.core.app.InstrumentationActivityInvoker$EmptyActivity }, activity=androidx.test.core.app.InstrumentationActivityInvoker$EmptyActivity@b621834
08-30 15:11:30.690  4349  4371 I SemPersonaManager: SecureFolder personaId = 150
08-30 15:11:30.691  3976  3976 I Layer   : id=38327[1] Destroyed Surface(name=749d536 InputMethod)/@0x72f94d3 - animation-leash#0
08-30 15:11:30.692  4349  6779 I InputDispatcher: Focus left window (23627): 1704e6c in display 0 0
08-30 15:11:30.693 23627 23627 I DecorView: [INFO] isPopOver=false, config=true
08-30 15:11:30.693 23627 23627 I DecorView: updateCaptionType >> DecorView@3633b0b[], isFloating=false, isApplication=true, hasWindowDecorCaption=false, hasWindowControllerCallback=true
08-30 15:11:30.693 23627 23627 D DecorView: setCaptionType = 0, this = DecorView@3633b0b[]
08-30 15:11:30.698 23627 23627 D LifecycleMonitor: Lifecycle status change: androidx.test.core.app.InstrumentationActivityInvoker$EmptyActivity@b621834 in: CREATED
08-30 15:11:30.699 23627 23627 V ActivityScenario: Activity lifecycle changed event received but ignored because the intent does not match. startActivityIntent=Intent { act=android.intent.action.MAIN cat=[android.intent.category.LAUNCHER] cmp=com.example.dogglers/.VerticalListActivity }, activity.getIntent()=Intent { act=android.intent.action.MAIN cat=[android.intent.category.LAUNCHER] flg=0x10000000 cmp=com.example.dogglers/androidx.test.core.app.InstrumentationActivityInvoker$EmptyActivity }, activity=androidx.test.core.app.InstrumentationActivityInvoker$EmptyActivity@b621834
08-30 15:11:30.701 23627 23627 D LifecycleMonitor: Lifecycle status change: androidx.test.core.app.InstrumentationActivityInvoker$EmptyActivity@b621834 in: STARTED
08-30 15:11:30.701 23627 23627 V ActivityScenario: Activity lifecycle changed event received but ignored because the intent does not match. startActivityIntent=Intent { act=android.intent.action.MAIN cat=[android.intent.category.LAUNCHER] cmp=com.example.dogglers/.VerticalListActivity }, activity.getIntent()=Intent { act=android.intent.action.MAIN cat=[android.intent.category.LAUNCHER] flg=0x10000000 cmp=com.example.dogglers/androidx.test.core.app.InstrumentationActivityInvoker$EmptyActivity }, activity=androidx.test.core.app.InstrumentationActivityInvoker$EmptyActivity@b621834
08-30 15:11:30.731  4349  4371 D EnterpriseDeviceManagerService: isMdmAdminPresentInternal() : MDM Admin Found - com.samsung.knox.securefolder
08-30 15:11:30.738 23627 23627 D LifecycleMonitor: Lifecycle status change: androidx.test.core.app.InstrumentationActivityInvoker$EmptyActivity@b621834 in: RESUMED
