08-30 15:11:31.318 23627 23651 I TestRunner: started: vertical_scroll_content_at_last_position(com.example.dogglers.VerticalListTests)
08-30 15:11:31.329 23627 23651 W Settings: Setting always_finish_activities has moved from android.provider.Settings.System to android.provider.Settings.Global, returning read-only value.
08-30 15:11:31.338  4349  5520 I SemDvfsHyPerManager: acquire hyper - AMS_APP_SWITCH/4349@20, type = -999
08-30 15:11:31.339  3927  3954 I HYPER-HAL: [RequestManager.cpp]acquire(): Acquired ID : 9546285  [4349 / 20]    HINT : AMS_APP_SWITCH    list :
08-30 15:11:31.339  3927  3954 E HYPER-HAL: [HandlerSysfs.cpp]doResourceHandling(): Couldn't Open Sysfs - /sys/power/cstate_control
08-30 15:11:31.339  3976  4318 I SurfaceFlinger: id=38568 createSurf (0x0),-1 flag=24004, Task=1424#0
08-30 15:11:31.339  3927  3954 I HYPER-HAL: [ResourceManager.cpp]updateResource(): [CPUMinFreq] UpdateResource Request ID : 9546285    Value : 1768000
08-30 15:11:31.342  3976  6075 I SurfaceFlinger: id=38569 createSurf (0x0),-1 flag=80004, ActivityRecord{647abb6 u0 com.example.dogglers/androidx.test.core.app.InstrumentationActivityInvoker$BootstrapActivity t1424}#0
08-30 15:11:31.345  4349  6779 V WindowOrientationListener: getProposedRotation: -1
08-30 15:11:31.347  3881  3886 E statsd  : Predicate -7037417284711607308 dropping data for dimension key (10)0x2010101->10429[I] (10)0x30000->*launch*[S]
08-30 15:11:31.347  3927 24092 E HYPER-HAL: [HandlerSysfs.cpp]doResourceHandling(): Couldn't Open Sysfs - /sys/power/cstate_control
08-30 15:11:31.347  3927 24092 I HYPER-HAL: [ResourceManager.cpp]removeResource(): [CPUMinFreq] RemoveResource Request ID : 9611955
08-30 15:11:31.348  3927 24092 I HYPER-HAL: [RequestManager.cpp]releaseLocked(): Released ID : 9611955
08-30 15:11:31.349  4349  6779 I SemDvfsHyPerManager: acquire hyper - AMS_APP_LAUNCH/4349@17, type = -999
08-30 15:11:31.349  3927  3954 I HYPER-HAL: [RequestManager.cpp]acquire(): Acquired ID : 9533178  [4349 / 17]    HINT : AMS_APP_LAUNCH    list :
08-30 15:11:31.349  3927  3954 E HYPER-HAL: [HandlerSysfs.cpp]doResourceHandling(): Couldn't Open Sysfs - /sys/power/cstate_control
08-30 15:11:31.349  3927  3954 I HYPER-HAL: [ResourceManager.cpp]updateResource(): [CPUMinFreq] UpdateResource Request ID : 9533178    Value : 1768000
08-30 15:11:31.351  5135  5135 I DragController: endDrag
08-30 15:11:31.352  5135  5135 I SPayUpdater: updateSpayHandler launcher activity is paused false
08-30 15:11:31.354  4349  6765 V WindowOrientationListener: getProposedRotation: -1
08-30 15:11:31.354  4349  6765 V WindowOrientationListener: getProposedRotation: -1
08-30 15:11:31.356  4349  6765 V WindowOrientationListener: getProposedRotation: -1
08-30 15:11:31.358  4349  6765 D InputDispatcher: Focused application set to (0): 647abb6
08-30 15:11:31.361  4349  4496 I SemPersonaManager: SecureFolder personaId = 150
08-30 15:11:31.390  3927 24079 E HYPER-HAL: [HandlerSysfs.cpp]doResourceHandling(): Couldn't Open Sysfs - /sys/power/cstate_control
08-30 15:11:31.391  3927 24079 I HYPER-HAL: [ResourceManager.cpp]removeResource(): [CPUMinFreq] RemoveResource Request ID : 9537546
08-30 15:11:31.391  3927 24079 I HYPER-HAL: [RequestManager.cpp]releaseLocked(): Released ID : 9537546
08-30 15:11:31.414  4349  6779 D SecContentProvider: query(), uri = 17 selection = isSettingsChangesAllowed
08-30 15:11:31.419  4349  4372 D InputTransport: Input channel constructed: '85729e5', fd=711
08-30 15:11:31.419  4349  4372 D InputTransport: Input channel constructed: '85729e5', fd=716
08-30 15:11:31.420  3976  6075 I SurfaceFlinger: id=38570 createSurf (0x0),-1 flag=80004, 85729e5 Splash Screen com.example.dogglers#0
08-30 15:11:31.422  4349  4372 I ViewRootImpl@6cd64dc[dogglers]: setView = com.android.internal.policy.DecorView@bba076b TM=true
08-30 15:11:31.422  4349  6765 V WindowManager: Relayout Window{b49dc7f u0 com.sec.android.app.launcher/com.sec.android.app.launcher.activities.LauncherActivity}: viewVisibility=0 req=720x1560
08-30 15:11:31.422 23627 23627 D LifecycleMonitor: Lifecycle status change: androidx.test.core.app.InstrumentationActivityInvoker$BootstrapActivity@9985200 in: PRE_ON_CREATE
08-30 15:11:31.423 23627 23627 V ActivityScenario: Activity lifecycle changed event received but ignored because the intent does not match. startActivityIntent=Intent { act=android.intent.action.MAIN cat=[android.intent.category.LAUNCHER] cmp=com.example.dogglers/.VerticalListActivity }, activity.getIntent()=Intent { act=android.intent.action.MAIN cat=[android.intent.category.LAUNCHER] flg=0x10008000 cmp=com.example.dogglers/androidx.test.core.app.InstrumentationActivityInvoker$BootstrapActivity (has extras) }, activity=androidx.test.core.app.InstrumentationActivityInvoker$BootstrapActivity@9985200
08-30 15:11:31.426  4349  6765 V WindowManager: Relayout hash=b49dc7f, pid=5135: mAttrs={(0,0)(fillxfill) sim={adjust=nothing} layoutInDisplayCutoutMode=shortEdges ty=BASE_APPLICATION fmt=TRANSPARENT wanim=0x10302f2
08-30 15:11:31.426  4349  6765 V WindowManager:   fl=81910100
08-30 15:11:31.426  4349  6765 V WindowManager:   pfl=16020000
08-30 15:11:31.426  4349  6765 V WindowManager:   vsysui=1700
08-30 15:11:31.426  4349  6765 V WindowManager:   bhv=SHOW_TRANSIENT_BARS_BY_SWIPE
08-30 15:11:31.426  4349  6765 V WindowManager:   fitSides= naviIconColor=0}
08-30 15:11:31.426  4349  6765 I SurfaceControl: nativeRelease nativeObject s[476017809952]
08-30 15:11:31.426  4349  6765 I SurfaceControl: nativeRelease nativeObject e[476017809952]
08-30 15:11:31.427  5135  5135 I SurfaceControl: nativeRelease nativeObject s[478247340832]
08-30 15:11:31.427  5135  5135 I SurfaceControl: nativeRelease nativeObject e[478247340832]
08-30 15:11:31.428  5135  5135 I SurfaceControl: assignNativeObject: nativeObject = 0 Surface(name=null)/@0xe42a745 / android.view.SurfaceControl.readFromParcel:1117 android.view.IWindowSession$Stub$Proxy.relayout:1836 android.view.ViewRootImpl.relayoutWindow:9005 android.view.ViewRootImpl.performTraversals:3360 android.view.ViewRootImpl.doTraversal:2618 android.view.ViewRootImpl$TraversalRunnable.run:9971 android.view.Choreographer$CallbackRecord.run:1010 android.view.Choreographer.doCallbacks:809 android.view.Choreographer.doFrame:744 android.view.Choreographer$FrameDisplayEventReceiver.run:995
08-30 15:11:31.428  5135  5135 I SurfaceControl: nativeRelease nativeObject s[478247341984]
08-30 15:11:31.428  5135  5135 I SurfaceControl: nativeRelease nativeObject e[478247341984]
08-30 15:11:31.428  5135  5135 I SurfaceControl: nativeRelease nativeObject s[478247341888]
08-30 15:11:31.428  5135  5135 I SurfaceControl: nativeRelease nativeObject e[478247341888]
08-30 15:11:31.428  5135  5135 I SurfaceControl: nativeRelease nativeObject s[478247340256]
08-30 15:11:31.428  5135  5135 I SurfaceControl: nativeRelease nativeObject e[478247340256]
08-30 15:11:31.429  5135  5135 I ViewRootImpl@fbf3973[LauncherActivity]: Relayout returned: old=(0,0,720,1560) new=(0,0,720,1560) req=(720,1560)0 dur=13 res=0x1 s={true 476610932736} ch=false fn=19
08-30 15:11:31.430  4349  4372 V WindowManager: Relayout Window{85729e5 u0 Splash Screen com.example.dogglers}: viewVisibility=0 req=720x1560
08-30 15:11:31.430  4349  4369 D SehCodecSolutionService: Update top [com.example.dogglers]
08-30 15:11:31.430 13855 13915 I Rubin   : [72465] LoggingEventHelper.notifyUpdatedWithValue(LoggingEventHelper.java:58) : Notify AppUsageLogger's database is updated.
08-30 15:11:31.432  4349  4372 D WindowManager: isScreenshotDisabledLocked - win: Window{85729e5 u0 Splash Screen com.example.dogglers}
08-30 15:11:31.432  4349  4372 D WindowManager: isScreenshotDisabledLocked: userId = 0, disabled =false
08-30 15:11:31.433  3976  6075 I SurfaceFlinger: id=38571 createSurf (720x1560),1 flag=404, Splash Screen com.example.dogglers#0
08-30 15:11:31.435  4349  4372 V WindowManager: Relayout hash=85729e5, pid=4349: mAttrs={(0,0)(fillxfill) sim={adjust=pan} layoutInDisplayCutoutMode=shortEdges ty=APPLICATION_STARTING wanim=0x1030001
08-30 15:11:31.435  4349  4372 V WindowManager:   fl=1830118
08-30 15:11:31.435  4349  4372 V WindowManager:   pfl=12020011
08-30 15:11:31.435  4349  4372 V WindowManager:   fitSides= naviIconColor=0}
08-30 15:11:31.435  4349  4372 I ViewRootImpl@6cd64dc[dogglers]: Relayout returned: old=(0,0,720,1560) new=(0,0,720,1560) req=(720,1560)0 dur=5 res=0x7 s={true 476020408320} ch=true fn=-1
08-30 15:11:31.437  4349  4460 D SensorService: [SO] 0.285 0.074 9.759
08-30 15:11:31.438 23627 23627 I DecorView: [INFO] isPopOver=false, config=true
08-30 15:11:31.438 23627 23627 I DecorView: updateCaptionType >> DecorView@8a9b87e[], isFloating=false, isApplication=true, hasWindowDecorCaption=false, hasWindowControllerCallback=true
08-30 15:11:31.438 23627 23627 D DecorView: setCaptionType = 0, this = DecorView@8a9b87e[]
08-30 15:11:31.441  4349  4913 I InputDispatcher: Focus left window (5135): b49dc7f in display 0 0
08-30 15:11:31.441  4349  4372 I ViewRootImpl@6cd64dc[dogglers]: [DP] dp(1) 1 android.view.ViewRootImpl.reportNextDraw:10957 android.view.ViewRootImpl.performTraversals:3845 android.view.ViewRootImpl.doTraversal:2618
08-30 15:11:31.442  5135  5135 I ViewRootImpl@fbf3973[LauncherActivity]: MSG_WINDOW_FOCUS_CHANGED 0 1
08-30 15:11:31.442  3899  3953 D gralloc : [mali_gralloc_allocate] begin
08-30 15:11:31.443  3899  3953 D gralloc : buffer_descriptor: wh(720 1560) usage_pc(0x966 0x906) hal_format(0x1) layer_count(1) sizes(0 0 0) strde(0) byte_stride(0) alloc_wh(0 0) internal_format(0x0) alloc_format(0x0) fd_count(1) plane_count(0)
08-30 15:11:31.443 23627 23627 D LifecycleMonitor: Lifecycle status change: androidx.test.core.app.InstrumentationActivityInvoker$BootstrapActivity@9985200 in: CREATED
08-30 15:11:31.443 23627 23627 V ActivityScenario: Activity lifecycle changed event received but ignored because the intent does not match. startActivityIntent=Intent { act=android.intent.action.MAIN cat=[android.intent.category.LAUNCHER] cmp=com.example.dogglers/.VerticalListActivity }, activity.getIntent()=Intent { act=android.intent.action.MAIN cat=[android.intent.category.LAUNCHER] flg=0x10008000 cmp=com.example.dogglers/androidx.test.core.app.InstrumentationActivityInvoker$BootstrapActivity (has extras) }, activity=androidx.test.core.app.InstrumentationActivityInvoker$BootstrapActivity@9985200
08-30 15:11:31.443  3899  3953 D gralloc : [mali_gralloc_allocate] allocation successful
08-30 15:11:31.445  4349  4586 D PkgPredictorService: com.example.dogglers go to foreground!
08-30 15:11:31.445  4349  4586 E PkgPredictorService-Collector: record changed bt=0  wifi=1 screen=0
08-30 15:11:31.445  4349  4586 D PkgPredictorService: previous pkgs: com.example.dogglers,com.example.dogglers,com.example.dogglers running pkg: com.example.dogglers, uid: 0 is system: false
08-30 15:11:31.446  4349  4586 D PkgPredictorService-Collector: save record...
08-30 15:11:31.446  4349  4586 D PkgPredictorService-Collector:  (hour:15 day:4 previous:[com.example.dogglers, com.example.dogglers, com.example.dogglers] activityName:unknown running:com.example.dogglers userId:0 screenOrientation:0 wifi:1 bt:0 predictTime:4 apkVersion:1.0 consumeTime:-1 preloaded:false>)
08-30 15:11:31.446  4349  4586 D PkgPredictorService-NapPreloadController: User using: com.example.dogglers
08-30 15:11:31.446  4349  4586 I PkgPredictorService-NapClassifier: RF predict version:1693350305206
08-30 15:11:31.447  4349  4586 D PkgPredictorService-NapClassifier: Predict result: 207.0,202.0,284.0, - [0_&_org.telegram.messenger, 0_&_com.instagram.android, 0_&_com.ftband.mono]
08-30 15:11:31.448 13855 13915 I Rubin   : [72465] ExercisingWithCmhMonitor.isSatisfiedByCmh(ExercisingWithCmhMonitor.java:119) : isSatisfiedByCmh is false
08-30 15:11:31.450 23627 23627 D LifecycleMonitor: Lifecycle status change: androidx.test.core.app.InstrumentationActivityInvoker$BootstrapActivity@9985200 in: STARTED
08-30 15:11:31.450 23627 23627 V ActivityScenario: Activity lifecycle changed event received but ignored because the intent does not match. startActivityIntent=Intent { act=android.intent.action.MAIN cat=[android.intent.category.LAUNCHER] cmp=com.example.dogglers/.VerticalListActivity }, activity.getIntent()=Intent { act=android.intent.action.MAIN cat=[android.intent.category.LAUNCHER] flg=0x10008000 cmp=com.example.dogglers/androidx.test.core.app.InstrumentationActivityInvoker$BootstrapActivity (has extras) }, activity=androidx.test.core.app.InstrumentationActivityInvoker$BootstrapActivity@9985200
08-30 15:11:31.450  4349  4372 I ViewRootImpl@6cd64dc[dogglers]: [DP] pdf(0) 1 android.view.ViewRootImpl.performDraw:4809 android.view.ViewRootImpl.performTraversals:3866 android.view.ViewRootImpl.doTraversal:2618
08-30 15:11:31.450  4349  4372 I ViewRootImpl@6cd64dc[dogglers]: [DP] rdf()
08-30 15:11:31.459  4708  5194 D WallpaperService: dispatchAppVisibility onVisibilityChanged(): false
08-30 15:11:31.460  4349  4372 I SurfaceControl: nativeRelease nativeObject s[477997555680]
08-30 15:11:31.460  4349  4372 I SurfaceControl: nativeRelease nativeObject e[477997555680]
08-30 15:11:31.460 14146 14146 I TrayStateController: systemUiVisibilityChanged : 2 0
08-30 15:11:31.461  3976  4001 I SurfaceFlinger: id=38572 createSurf (0x0),-1 flag=24000, Surface(name=1096c8d StatusBar)/@0xeaf4dd0 - animation-leash#1
08-30 15:11:31.461  4708  4708 D WallpaperService: reportVisibility onVisibilityChanged visible: false
08-30 15:11:31.462  4349  4372 I SurfaceControl: nativeRelease nativeObject s[477997556160]
08-30 15:11:31.462  4349  4372 I SurfaceControl: nativeRelease nativeObject e[477997556160]
08-30 15:11:31.462  4708  4907 I ImageWallpaper:  onVisibilityChanged false , 0
08-30 15:11:31.462  3976  6075 I SurfaceFlinger: id=38573 createSurf (0x0),-1 flag=24000, Surface(name=b07ecc5 NavigationBar0)/@0xa8376fc - animation-leash#0
08-30 15:11:31.464  3976  6075 I Layer   : id=38561 removeFromCurrentState Surface(name=1096c8d StatusBar)/@0xeaf4dd0 - animation-leash#0 (92)
08-30 15:11:31.464  3976  6075 I Layer   : id=38562 removeFromCurrentState Surface(name=b07ecc5 NavigationBar0)/@0xa8376fc - animation-leash#1 (92)
08-30 15:11:31.472  3976  6075 I SurfaceFlinger: id=38574 createSurf (0x0),-1 flag=80004, ActivityRecord{1ba52e0 u0 com.example.dogglers/.VerticalListActivity t1424}#0
08-30 15:11:31.475  3976  6075 E BufferQueueProducer: [com.sec.android.app.launcher/com.sec.android.app.launcher.activities.LauncherActivity$_5135#0](id:f88000033ea,api:0,p:-1,c:3976) disconnect: not connected (req=1)
08-30 15:11:31.475  5135  7074 W libEGL  : EGLNativeWindowType 0x6ef839b010 disconnect failed
08-30 15:11:31.480  4349  5464 V WindowManager: Relayout Window{b49dc7f u0 com.sec.android.app.launcher/com.sec.android.app.launcher.activities.LauncherActivity}: viewVisibility=8 req=720x1560
08-30 15:11:31.480 23627 23627 D LifecycleMonitor: Lifecycle status change: androidx.test.core.app.InstrumentationActivityInvoker$BootstrapActivity@9985200 in: RESUMED
08-30 15:11:31.481 23627 23627 V ActivityScenario: Activity lifecycle changed event received but ignored because the intent does not match. startActivityIntent=Intent { act=android.intent.action.MAIN cat=[android.intent.category.LAUNCHER] cmp=com.example.dogglers/.VerticalListActivity }, activity.getIntent()=Intent { act=android.intent.action.MAIN cat=[android.intent.category.LAUNCHER] flg=0x10008000 cmp=com.example.dogglers/androidx.test.core.app.InstrumentationActivityInvoker$BootstrapActivity (has extras) }, activity=androidx.test.core.app.InstrumentationActivityInvoker$BootstrapActivity@9985200
08-30 15:11:31.482  3976  3976 D SurfaceFlinger: Display 0 HWC layers:
08-30 15:11:31.482  3976  3976 D SurfaceFlinger:      DEVICE | 0x74d157f140 | 0002 | RGBA_8888    |    0.0    0.0  720.0 1560.0 |    0    0  720 1560 | Splash Screen com.example.dogglers#0
08-30 15:11:31.482  3976  3976 D SurfaceFlinger:      DEVICE | 0x75743a6200 | 0000 | RGBA_8888    |    0.0    0.0  720.0   53.0 |    0    0  720   53 | StatusBar$_4708#0
08-30 15:11:31.482  3976  3976 D SurfaceFlinger:      DEVICE | 0x74d157fa00 | 0000 | RGBA_8888    |    0.0    0.0   67.0  232.0 |  653  151  720  383 | com.samsung.android.app.cocktailbars[...]rservice.CocktailBarService$_14146#0
08-30 15:11:31.482  3976  3976 D SurfaceFlinger:      DEVICE | 0x75743a7380 | 0000 | RGBA_8888    |    0.0    0.0  720.0   84.0 |    0 1476  720 1560 | NavigationBar0$_4708#0
08-30 15:11:31.482  3976  3976 D SurfaceFlinger:      DEVICE | 0x74f0413e00 | 0000 | RGBA_8888    |    0.0    0.0  720.0  101.0 |    0    0  720  101 | ScreenDecorOverlay$_4708#0
08-30 15:11:31.482  3976  3976 D SurfaceFlinger:      DEVICE | 0x75743a7b00 | 0000 | RGBA_8888    |    0.0    0.0  720.0  101.0 |    0 1459  720 1560 | ScreenDecorOverlayBottom$_4708#0
08-30 15:11:31.482  3976  3976 D SurfaceFlinger:
08-30 15:11:31.486 23627 23627 D LifecycleMonitor: Lifecycle status change: androidx.test.core.app.InstrumentationActivityInvoker$BootstrapActivity@9985200 in: PAUSED
08-30 15:11:31.487 23627 23627 V ActivityScenario: Activity lifecycle changed event received but ignored because the intent does not match. startActivityIntent=Intent { act=android.intent.action.MAIN cat=[android.intent.category.LAUNCHER] cmp=com.example.dogglers/.VerticalListActivity }, activity.getIntent()=Intent { act=android.intent.action.MAIN cat=[android.intent.category.LAUNCHER] flg=0x10008000 cmp=com.example.dogglers/androidx.test.core.app.InstrumentationActivityInvoker$BootstrapActivity (has extras) }, activity=androidx.test.core.app.InstrumentationActivityInvoker$BootstrapActivity@9985200
08-30 15:11:31.487  4349  5464 V WindowManager: Relayout hash=b49dc7f, pid=5135: mAttrs={(0,0)(fillxfill) sim={adjust=nothing} layoutInDisplayCutoutMode=shortEdges ty=BASE_APPLICATION fmt=TRANSPARENT wanim=0x10302f2
08-30 15:11:31.487  4349  5464 V WindowManager:   fl=81910100
08-30 15:11:31.487  4349  5464 V WindowManager:   pfl=16020000
08-30 15:11:31.487  4349  5464 V WindowManager:   vsysui=1700
08-30 15:11:31.487  4349  5464 V WindowManager:   bhv=SHOW_TRANSIENT_BARS_BY_SWIPE
08-30 15:11:31.487  4349  5464 V WindowManager:   fitSides= naviIconColor=0}
08-30 15:11:31.488  5135  5135 I SurfaceControl: nativeRelease nativeObject s[478247340448]
08-30 15:11:31.488  5135  5135 I SurfaceControl: nativeRelease nativeObject e[478247340448]
08-30 15:11:31.488  5135  5135 I SurfaceControl: assignNativeObject: nativeObject = 0 Surface(name=null)/@0xd6fa7c2 / android.view.SurfaceControl.readFromParcel:1117 android.view.IWindowSession$Stub$Proxy.relayout:1826 android.view.ViewRootImpl.relayoutWindow:9005 android.view.ViewRootImpl.performTraversals:3360 android.view.ViewRootImpl.doTraversal:2618 android.view.ViewRootImpl$TraversalRunnable.run:9971 android.view.Choreographer$CallbackRecord.run:1010 android.view.Choreographer.doCallbacks:809 android.view.Choreographer.doFrame:744 android.view.Choreographer$FrameDisplayEventReceiver.run:995
08-30 15:11:31.489  5135  5135 I SurfaceControl: assignNativeObject: nativeObject = 0 Surface(name=null)/@0xe42a745 / android.view.SurfaceControl.readFromParcel:1117 android.view.IWindowSession$Stub$Proxy.relayout:1836 android.view.ViewRootImpl.relayoutWindow:9005 android.view.ViewRootImpl.performTraversals:3360 android.view.ViewRootImpl.doTraversal:2618 android.view.ViewRootImpl$TraversalRunnable.run:9971 android.view.Choreographer$CallbackRecord.run:1010 android.view.Choreographer.doCallbacks:809 android.view.Choreographer.doFrame:744 android.view.Choreographer$FrameDisplayEventReceiver.run:995
08-30 15:11:31.491  4349  4913 V WindowOrientationListener: getProposedRotation: -1
08-30 15:11:31.491  5135  5135 I SurfaceControl: nativeRelease nativeObject s[476600469216]
08-30 15:11:31.491  5135  5135 I SurfaceControl: nativeRelease nativeObject e[476600469216]
08-30 15:11:31.491  5135  5135 I SurfaceControl: nativeRelease nativeObject s[478247341312]
08-30 15:11:31.491  5135  5135 I SurfaceControl: nativeRelease nativeObject e[478247341312]
08-30 15:11:31.492  5135  5135 I SurfaceControl: nativeRelease nativeObject s[478247340832]
08-30 15:11:31.492  5135  5135 I SurfaceControl: nativeRelease nativeObject e[478247340832]
08-30 15:11:31.492  5135  5135 I ViewRootImpl@fbf3973[LauncherActivity]: Relayout returned: old=(0,0,720,1560) new=(0,0,720,1560) req=(720,1560)8 dur=13 res=0x5 s={false 0} ch=true fn=20
08-30 15:11:31.493  5135  5135 I SurfaceControl: nativeRelease nativeObject s[478247340448]
08-30 15:11:31.493  5135  5135 I SurfaceControl: nativeRelease nativeObject e[478247340448]
08-30 15:11:31.494  4349  4913 D InputDispatcher: Focused application set to (0): 1ba52e0
08-30 15:11:31.502  3976  6075 I SurfaceFlinger: id=38575 createSurf (0x0),-1 flag=24000, Surface(name=ActivityRecord{647abb6 u0 com.example.dogglers/androidx.test.core.app.InstrumentationActivityInvoker$BootstrapActivity t1424})/@0xb03d86a - animation-leash#0
08-30 15:11:31.503  3976  6075 I SurfaceFlinger: id=38576 createSurf (0x0),-1 flag=20004, Dim Layer for - Task=1424 - animating-dim#0
08-30 15:11:31.504  3976  6075 I SurfaceFlinger: id=38577 createSurf (0x0),-1 flag=24000, Surface(name=Dim Layer for - Task=1424 - animating-dim)/@0xf6c02d1 - animation-leash#0
08-30 15:11:31.505  3976  6075 I SurfaceFlinger: id=38578 createSurf (0x0),-1 flag=80004, Surface(name=ActivityRecord{647abb6 u0 com.example.dogglers/androidx.test.core.app.InstrumentationActivityInvoker$BootstrapActivity t1424})/@0xb03d86a - animation-bounds#0
08-30 15:11:31.505  4349  4913 I SurfaceControl: nativeRelease nativeObject s[478247329792]
08-30 15:11:31.505  4349  4913 I SurfaceControl: nativeRelease nativeObject e[478247329792]
08-30 15:11:31.508  3976  6075 I Layer   : id=38576 removeFromCurrentState Dim Layer for - Task=1424 - animating-dim#0 (97)
08-30 15:11:31.509  3976  4001 I SurfaceFlinger: id=38576 Removed Dim Layer for - Task=1424 - animating-dim#0 (97)
08-30 15:11:31.509  4349  4372 I ViewRootImpl@6cd64dc[dogglers]: MSG_RESIZED_REPORT: frame=(0,0,720,1560) ci=(0,53,0,0) vi=(0,53,0,0) or=1
08-30 15:11:31.510  4349  4372 I ViewRootImpl@6cd64dc[dogglers]: [DP] dp(1) 1 android.view.ViewRootImpl.reportNextDraw:10957 android.view.ViewRootImpl.access$1200:256 android.view.ViewRootImpl$ViewRootHandler.handleMessage:6101
08-30 15:11:31.513 14146 14146 I TrayStateController: systemUiVisibilityChanged : 0 0
08-30 15:11:31.523  4349  4372 V WindowManager: Relayout Window{85729e5 u0 Splash Screen com.example.dogglers}: viewVisibility=0 req=720x1560
08-30 15:11:31.523  3976  3976 I Layer   : id=38576[1] Destroyed Dim Layer for - Task=1424 - animating-dim#0
08-30 15:11:31.526  4349  4372 I SurfaceControl: nativeRelease nativeObject s[477997555392]
08-30 15:11:31.526  4349  4372 I SurfaceControl: nativeRelease nativeObject e[477997555392]
08-30 15:11:31.527  4349  4372 V WindowManager: Relayout hash=85729e5, pid=4349: mAttrs={(0,0)(fillxfill) sim={adjust=pan} layoutInDisplayCutoutMode=shortEdges ty=APPLICATION_STARTING wanim=0x1030001
08-30 15:11:31.527  4349  4372 V WindowManager:   fl=1830118
08-30 15:11:31.527  4349  4372 V WindowManager:   pfl=12020011
08-30 15:11:31.527  4349  4372 V WindowManager:   fitSides= naviIconColor=0}
08-30 15:11:31.528  4349  4372 I SurfaceControl: nativeRelease nativeObject s[477997556160]
08-30 15:11:31.528  4349  4372 I SurfaceControl: nativeRelease nativeObject e[477997556160]
08-30 15:11:31.528  4349  4372 I SurfaceControl: nativeRelease nativeObject s[477997555680]
08-30 15:11:31.528  4349  4372 I SurfaceControl: nativeRelease nativeObject e[477997555680]
08-30 15:11:31.528  4349  4372 I ViewRootImpl@6cd64dc[dogglers]: Relayout returned: old=(0,0,720,1560) new=(0,0,720,1560) req=(720,1560)0 dur=4 res=0x1 s={true 476020408320} ch=false fn=2
08-30 15:11:31.528 23627 23627 D LifecycleMonitor: Lifecycle status change: com.example.dogglers.VerticalListActivity@b3cfcfb in: PRE_ON_CREATE
08-30 15:11:31.528 23627 23627 V ActivityScenario: Activity lifecycle changed event received but ignored because the reported transition was not ON_CREATE while the last known transition was PRE_ON_CREATE
08-30 15:11:31.528  3899  3953 D gralloc : [mali_gralloc_allocate] begin
08-30 15:11:31.529  3899  3953 D gralloc : buffer_descriptor: wh(720 1560) usage_pc(0x966 0x906) hal_format(0x1) layer_count(1) sizes(0 0 0) strde(0) byte_stride(0) alloc_wh(0 0) internal_format(0x0) alloc_format(0x0) fd_count(1) plane_count(0)
08-30 15:11:31.529  3899  3953 D gralloc : [mali_gralloc_allocate] allocation successful
08-30 15:11:31.535  4349  4372 I ViewRootImpl@6cd64dc[dogglers]: [DP] pdf(0) 1 android.view.ViewRootImpl.performDraw:4809 android.view.ViewRootImpl.performTraversals:3866 android.view.ViewRootImpl.doTraversal:2618
08-30 15:11:31.535  4349  4372 I ViewRootImpl@6cd64dc[dogglers]: [DP] rdf()
08-30 15:11:31.543 23627 23627 I DecorView: [INFO] isPopOver=false, config=true
08-30 15:11:31.544 23627 23627 I DecorView: updateCaptionType >> DecorView@6643b30[], isFloating=false, isApplication=true, hasWindowDecorCaption=false, hasWindowControllerCallback=true
08-30 15:11:31.544 23627 23627 D DecorView: setCaptionType = 0, this = DecorView@6643b30[]
08-30 15:11:31.571  4349  4371 D EnterpriseDeviceManagerService: isMdmAdminPresentInternal() : MDM Admin Found - com.samsung.knox.securefolder
08-30 15:11:31.573 23627 23627 D LifecycleMonitor: Lifecycle status change: com.example.dogglers.VerticalListActivity@b3cfcfb in: CREATED
08-30 15:11:31.574 23627 23627 V ActivityScenario: Update currentActivityStage to CREATED, currentActivity=com.example.dogglers.VerticalListActivity@b3cfcfb
08-30 15:11:31.577 23627 23627 D LifecycleMonitor: Lifecycle status change: com.example.dogglers.VerticalListActivity@b3cfcfb in: STARTED
08-30 15:11:31.578 23627 23627 V ActivityScenario: Update currentActivityStage to STARTED, currentActivity=com.example.dogglers.VerticalListActivity@b3cfcfb
08-30 15:11:31.580 23627 23627 D LifecycleMonitor: Lifecycle status change: com.example.dogglers.VerticalListActivity@b3cfcfb in: RESUMED
08-30 15:11:31.580 23627 23627 V ActivityScenario: Update currentActivityStage to RESUMED, currentActivity=com.example.dogglers.VerticalListActivity@b3cfcfb
08-30 15:11:31.587  4349  4913 D InputTransport: Input channel constructed: 'ea24241', fd=730
08-30 15:11:31.587  4349  4913 D InputTransport: Input channel constructed: 'ea24241', fd=737
08-30 15:11:31.588  3976  4001 I SurfaceFlinger: id=38579 createSurf (0x0),-1 flag=80004, ea24241 com.example.dogglers/com.example.dogglers.VerticalListActivity#0
08-30 15:11:31.589  4349  4913 D WindowManager: isScreenshotDisabledLocked - win: Window{ea24241 u0 com.example.dogglers/com.example.dogglers.VerticalListActivity}
08-30 15:11:31.589  4349  4913 D WindowManager: isScreenshotDisabledLocked: userId = 0, disabled =false
08-30 15:11:31.589  4349  4913 D InputTransport: Input channel destroyed: 'ea24241', fd=737
08-30 15:11:31.590 23627 23627 D InputTransport: Input channel constructed: 'ea24241', fd=81
08-30 15:11:31.592 23627 23627 I ViewRootImpl@5ee69ea[VerticalListActivity]: setView = com.android.internal.policy.DecorView@6643b30 TM=true
08-30 15:11:31.596  5135  5135 I ViewRootImpl@fbf3973[LauncherActivity]: stopped(true) old=false
08-30 15:11:31.597  5135  5135 I StateManager: goToState isInState Normal
08-30 15:11:31.599  4349  4371 I SemPersonaManager: SecureFolder personaId = 150
08-30 15:11:31.601  4349  6779 V WindowManager: Relayout Window{ea24241 u0 com.example.dogglers/com.example.dogglers.VerticalListActivity}: viewVisibility=0 req=720x1560
08-30 15:11:31.605  4349  6779 D WindowManager: isScreenshotDisabledLocked - win: Window{ea24241 u0 com.example.dogglers/com.example.dogglers.VerticalListActivity}
08-30 15:11:31.605  4349  6779 D WindowManager: isScreenshotDisabledLocked: userId = 0, disabled =false
08-30 15:11:31.605  5135  5135 W LauncherAppWidgetHost: setListenIfResumed, mFlags = 7
08-30 15:11:31.605  4349  5464 I AppWidgetServiceImpl: stopListening callbacks : null
08-30 15:11:31.606  3976  4318 I SurfaceFlinger: id=38580 createSurf (720x1560),1 flag=404, com.example.dogglers/com.example.dogglers.VerticalListActivity$_23627#0
08-30 15:11:31.606  5135  5135 W Launcher.NotificationListener: removeNotificationsChangedListener
08-30 15:11:31.606  5135  5135 I BadgeCountUpdaterImpl: onNotificationsChangedDisConnected
08-30 15:11:31.606  5135  5135 I Launcher.NotificationListener: unregisterObserver, this is not notificationService!!
08-30 15:11:31.607  5135  5135 I LiveIconUpdateEventHandler: cancelMinuteChangeAlarm
08-30 15:11:31.610  4349  6779 I SurfaceControl: nativeRelease nativeObject s[476017198976]
08-30 15:11:31.611 14146 14146 I TrayStateController: systemUiVisibilityChanged : 0 0
08-30 15:11:31.611  4349  6779 I SurfaceControl: nativeRelease nativeObject e[476017198976]
08-30 15:11:31.611  5135  5135 I LiveIconUpdateEventHandler: cancelDateChangeAlarm
08-30 15:11:31.612  3976  4001 I SurfaceFlinger: id=38581 createSurf (0x0),-1 flag=24000, Surface(name=1096c8d StatusBar)/@0xeaf4dd0 - animation-leash#0
08-30 15:11:31.613  4349  6779 I SurfaceControl: nativeRelease nativeObject s[476017206176]
08-30 15:11:31.613  4349  6779 I SurfaceControl: nativeRelease nativeObject e[476017206176]
08-30 15:11:31.613  3976  4001 I SurfaceFlinger: id=38582 createSurf (0x0),-1 flag=24000, Surface(name=b07ecc5 NavigationBar0)/@0xa8376fc - animation-leash#1
08-30 15:11:31.617  4349  6779 V WindowManager: Relayout hash=ea24241, pid=23627: mAttrs={(0,0)(fillxfill) sim={adjust=resize forwardNavigation} ty=BASE_APPLICATION wanim=0x1030304
08-30 15:11:31.617  4349  6779 V WindowManager:   fl=81810100
08-30 15:11:31.617  4349  6779 V WindowManager:   pfl=12020000
08-30 15:11:31.617  4349  6779 V WindowManager:   fitSides= naviIconColor=0}
08-30 15:11:31.617  3976  4001 I Layer   : id=38572 removeFromCurrentState Surface(name=1096c8d StatusBar)/@0xeaf4dd0 - animation-leash#1 (100)
08-30 15:11:31.618  3976  4001 I Layer   : id=38573 removeFromCurrentState Surface(name=b07ecc5 NavigationBar0)/@0xa8376fc - animation-leash#0 (100)
08-30 15:11:31.618  4349  6779 I SurfaceControl: nativeRelease nativeObject s[476021493216]
08-30 15:11:31.618  4349  6779 I SurfaceControl: nativeRelease nativeObject e[476021493216]
08-30 15:11:31.619  4349  4372 I SurfaceControl: nativeRelease nativeObject s[476017198400]
08-30 15:11:31.619  4349  4372 I SurfaceControl: nativeRelease nativeObject e[476017198400]
08-30 15:11:31.619  4349  4372 I SurfaceControl: nativeRelease nativeObject s[477997555392]
08-30 15:11:31.619  4349  4372 I SurfaceControl: nativeRelease nativeObject e[477997555392]
08-30 15:11:31.619  3976  4318 I SurfaceFlinger: id=38573 Removed Surface(name=b07ecc5 NavigationBar0)/@0xa8376fc - animation-leash#0 (100)
08-30 15:11:31.619  3976  4318 I SurfaceFlinger: id=38572 Removed Surface(name=1096c8d StatusBar)/@0xeaf4dd0 - animation-leash#1 (100)
08-30 15:11:31.619 23627 23627 I SurfaceControl: assignNativeObject: nativeObject = 0 Surface(name=null)/@0xfc494db / android.view.SurfaceControl.readFromParcel:1117 android.view.IWindowSession$Stub$Proxy.relayout:1836 android.view.ViewRootImpl.relayoutWindow:9005 android.view.ViewRootImpl.performTraversals:3360 android.view.ViewRootImpl.doTraversal:2618 android.view.ViewRootImpl$TraversalRunnable.run:9971 android.view.Choreographer$CallbackRecord.run:1010 android.view.Choreographer.doCallbacks:809 android.view.Choreographer.doFrame:744 android.view.Choreographer$FrameDisplayEventReceiver.run:995
08-30 15:11:31.621 23627 23627 I ViewRootImpl@5ee69ea[VerticalListActivity]: Relayout returned: old=(0,0,720,1560) new=(0,0,720,1560) req=(720,1560)0 dur=19 res=0x7 s={true 478233575424} ch=true fn=-1
08-30 15:11:31.623  3976  3976 I Layer   : id=38572[1] Destroyed Surface(name=1096c8d StatusBar)/@0xeaf4dd0 - animation-leash#1
08-30 15:11:31.623  3976  3976 I Layer   : id=38573[1] Destroyed Surface(name=b07ecc5 NavigationBar0)/@0xa8376fc - animation-leash#0
08-30 15:11:31.625  3899  3953 D gralloc : [mali_gralloc_allocate] begin
08-30 15:11:31.625  3899  3953 D gralloc : buffer_descriptor: wh(720 1560) usage_pc(0x40000000000b00 0x40000000000b00) hal_format(0x1) layer_count(1) sizes(0 0 0) strde(0) byte_stride(0) alloc_wh(0 0) internal_format(0x0) alloc_format(0x0) fd_count(1) plane_count(0)
08-30 15:11:31.625  3899  3953 D gralloc : [mali_gralloc_allocate] allocation successful
08-30 15:11:31.626  3899  3953 D gralloc : [mali_gralloc_allocate] begin
08-30 15:11:31.626  3899  3953 D gralloc : buffer_descriptor: wh(720 1560) usage_pc(0x40000000000b00 0x40000000000b00) hal_format(0x1) layer_count(1) sizes(0 0 0) strde(0) byte_stride(0) alloc_wh(0 0) internal_format(0x0) alloc_format(0x0) fd_count(1) plane_count(0)
08-30 15:11:31.627  3899  3953 D gralloc : [mali_gralloc_allocate] allocation successful
08-30 15:11:31.628  3899  3953 D gralloc : [mali_gralloc_allocate] begin
08-30 15:11:31.628  3899  3953 D gralloc : buffer_descriptor: wh(720 1560) usage_pc(0x40000000000b00 0x40000000000b00) hal_format(0x1) layer_count(1) sizes(0 0 0) strde(0) byte_stride(0) alloc_wh(0 0) internal_format(0x0) alloc_format(0x0) fd_count(1) plane_count(0)
08-30 15:11:31.629  3899  3953 D gralloc : [mali_gralloc_allocate] allocation successful
08-30 15:11:31.647  4349  4371 D EnterpriseDeviceManagerService: isMdmAdminPresentInternal() : MDM Admin Found - com.samsung.knox.securefolder
08-30 15:11:31.654  5135  5135 I LiveIconUpdateEventHandler: unregisterReceiver
08-30 15:11:31.659  4349  4913 I SurfaceControl: nativeRelease nativeObject s[477996349248]
08-30 15:11:31.659  4349  4913 I SurfaceControl: nativeRelease nativeObject e[477996349248]
08-30 15:11:31.659  3976  6075 I Layer   : id=38560 removeFromCurrentState com.sec.android.app.launcher/com.sec.android.app.launcher.activities.LauncherActivity$_5135#0 (98)
08-30 15:11:31.664  3976  6075 I SurfaceFlinger: id=38560 Removed com.sec.android.app.launcher/com.sec.android.app.launcher.activities.LauncherActivity$_5135#0 (98)
08-30 15:11:31.665  4349  4369 D SehCodecSolutionService: Update top [com.example.dogglers]
08-30 15:11:31.673  3976  3976 I Layer   : id=38560[1] Destroyed com.sec.android.app.launcher/com.sec.android.app.launcher.activities.LauncherActivity$_5135#0
08-30 15:11:31.675 23627 23627 I ViewRootImpl@5ee69ea[VerticalListActivity]: [DP] dp(1) 1 android.view.ViewRootImpl.reportNextDraw:10957 android.view.ViewRootImpl.performTraversals:3845 android.view.ViewRootImpl.doTraversal:2618
08-30 15:11:31.676 23627 23627 I ViewRootImpl@5ee69ea[VerticalListActivity]: [DP] pd() Asnyc report
08-30 15:11:31.692 23627 23627 I ViewRootImpl@5ee69ea[VerticalListActivity]: [DP] pdf(0) 1 android.view.ViewRootImpl.lambda$performDraw$1$ViewRootImpl:4668 android.view.-$$Lambda$ViewRootImpl$DJd0VUYJgsebcnSohO6h8zc_ONI.run:6 android.os.Handler.handleCallback:938
08-30 15:11:31.692 23627 23627 I ViewRootImpl@5ee69ea[VerticalListActivity]: [DP] rdf()
08-30 15:11:31.697  4349  4372 D PkgPredictorService: pkg:com.example.dogglers activity:com.example.dogglers.VerticalListActivity thisTime:360
08-30 15:11:31.697  4349  4372 D PkgPredictorService-Collector: update activity launch time: VerticalListActivity : 360
08-30 15:11:31.697  4349  4372 I SemDvfsHyPerManager: acquire hyper - AMS_RESUME_TAIL/4349@18, type = -999
08-30 15:11:31.697  4349  4372 I SemDvfsHyPerManager: acquire hyper - AMS_ACT_LAZY/4349@19, type = -999
08-30 15:11:31.697  3927  3954 I HYPER-HAL: [RequestManager.cpp]acquire(): Acquired ID : 9537546  [4349 / 18]    HINT : AMS_RESUME_TAIL    list :
08-30 15:11:31.698  3927  3954 E HYPER-HAL: [HandlerSysfs.cpp]doResourceHandling(): Couldn't Open Sysfs - /sys/power/cstate_control
08-30 15:11:31.698  3927  3954 I HYPER-HAL: [ResourceManager.cpp]updateResource(): [CPUMinFreq] UpdateResource Request ID : 9537546    Value : 1560000
08-30 15:11:31.698  3927  3954 I HYPER-HAL: [RequestManager.cpp]acquire(): Acquired ID : 9541915  [4349 / 19]    HINT :      list :
08-30 15:11:31.698  3927  3954 E HYPER-HAL: [Request.cpp]acquire(): Request:: id : 9541915, No Resource to set
08-30 15:11:31.699  3927  3954 E HYPER-HAL: [HandlerSysfs.cpp]doResourceHandling(): Couldn't Open Sysfs - /sys/power/cstate_control
08-30 15:11:31.699  3927  3954 I HYPER-HAL: [ResourceManager.cpp]removeResource(): [CPUMinFreq] RemoveResource Request ID : 9546285
08-30 15:11:31.699  3927  3954 I HYPER-HAL: [RequestManager.cpp]releaseLocked(): Released ID : 9546285
08-30 15:11:31.699  4349  4376 D ArtManagerInternalImpl: /data/misc/iorapd/com.example.dogglers/1/com.example.dogglers.VerticalListActivity/compiled_traces/compiled_trace.pb doesn't exist
08-30 15:11:31.700  4349  4372 D ViewRootImpl@6cd64dc[dogglers]: dispatchDetachedFromWindow: reset blurmask
08-30 15:11:31.700  4349  4372 I ViewRootImpl@6cd64dc[dogglers]: dispatchDetachedFromWindow
08-30 15:11:31.701  4349  4372 I SurfaceControl: nativeRelease nativeObject s[476021492352]
08-30 15:11:31.701  4349  4372 I SurfaceControl: nativeRelease nativeObject e[476021492352]
08-30 15:11:31.701  4349  4372 D InputTransport: Input channel destroyed: '85729e5', fd=711
08-30 15:11:31.702  3976  4001 I SurfaceFlinger: id=38583 createSurf (0x0),-1 flag=24000, Surface(name=85729e5 Splash Screen com.example.dogglers)/@0xad5b999 - animation-leash#0
08-30 15:11:31.703  4349  4376 I ActivityTaskManager: Displayed com.example.dogglers/.VerticalListActivity: +360ms
08-30 15:11:31.703  5589  5589 E pageboostd: Received HALT command code 2
08-30 15:11:31.707  4349  4372 D InputTransport: Input channel destroyed: '85729e5', fd=716
08-30 15:11:31.708  4349  4913 I InputDispatcher: Focus entered window (23627): ea24241 in display 0 0
08-30 15:11:31.711 23627 23627 D RootViewPicker: Root not ready - waiting: 10ms for one to appear.
08-30 15:11:31.712 23627 23627 I ViewRootImpl@5ee69ea[VerticalListActivity]: MSG_WINDOW_FOCUS_CHANGED 1 1
08-30 15:11:31.712 23627 23627 D InputMethodManager: prepareNavigationBarInfo() DecorView@6643b30[VerticalListActivity]
08-30 15:11:31.712 23627 23627 D InputMethodManager: getNavigationBarColor() -16711423
08-30 15:11:31.714 23627 23627 D InputMethodManager: prepareNavigationBarInfo() DecorView@6643b30[VerticalListActivity]
08-30 15:11:31.714 23627 23627 D InputMethodManager: getNavigationBarColor() -16711423
08-30 15:11:31.714 23627 23627 V InputMethodManager: Starting input: tba=com.example.dogglers ic=null mNaviBarColor -16711423 mIsGetNaviBarColorSuccess true , NavVisible : true , NavTrans : false
08-30 15:11:31.714 23627 23627 D InputMethodManager: startInputInner - Id : 0
08-30 15:11:31.714 23627 23627 I InputMethodManager: startInputInner - mService.startInputOrWindowGainedFocus
08-30 15:11:31.715  4349  4913 D InputMethodManagerService: mSecureKeypadEnabled = false
08-30 15:11:31.715  4349  4913 V InputMethodManagerService: hideCurrentInputLocked : shouldHideSoftInput is false
08-30 15:11:31.715  4349  4913 D InputMethodManagerService: mDesktopModeManager null!
08-30 15:11:31.715  4349  4913 V InputMethodManagerService: getDisplayIdOfInputMethodWindowToBeAdded : 0
08-30 15:11:31.716  4349  4913 D SamsungIMMSHWKeyboard: isConnectedDexOnPC false
08-30 15:11:31.716  4349  4913 D InputMethodManagerService: isImeSwitcherDisabledPackage : false
08-30 15:11:31.716  4349  4913 D InputMethodManagerService: checkDisplayOfStartInputAndUpdateKeyboard display Id 0last 0
08-30 15:11:31.716  4349  4913 D InputTransport: Input channel constructed: 'ClientS', fd=726
08-30 15:11:31.717  4349  4913 D InputTransport: Input channel destroyed: 'ClientS', fd=726
08-30 15:11:31.717 23627 23627 D InputTransport: Input channel constructed: 'ClientS', fd=90
08-30 15:11:31.719  4349  4913 I SurfaceControl: nativeRelease nativeObject s[477997555584]
08-30 15:11:31.719  4349  4913 I SurfaceControl: nativeRelease nativeObject e[477997555584]
08-30 15:11:31.720  3976  4318 I SurfaceFlinger: id=38584 createSurf (0x0),-1 flag=24004, Surface(name=749d536 InputMethod)/@0x72f94d3 - animation-leash#0
08-30 15:11:31.721  7475  7475 I HBD     : HoneyBoardService onFinishInput
08-30 15:11:31.721  7475  7475 I HBD     : a IC have been unbinded,  InputConnectionWrapper{idHash=#679b7e8 mMissingMethods=}
08-30 15:11:31.721  7475  7475 I HBD     : HoneyBoardService [PF_CL][onFinishInput]  356269 ns
08-30 15:11:31.721  7475  7475 I HBD     : HoneyBoardService [IMI] onStartInput - caller pid : 23627 , caller uid : 10429
08-30 15:11:31.721  7475  7475 I HBD     : i updateConfigs
08-30 15:11:31.722  7475  7475 I HBD     : i isEnabledNightMode : true
08-30 15:11:31.722  7475  7475 I HBD     : a IC have been binded, InputConnectionWrapper{idHash=#53a14a6 mMissingMethods=}
08-30 15:11:31.722  7475  7475 I HBD     : h [EditorInputType]setPrivateImeOptionsToTable privateImeOptions ( null )
08-30 15:11:31.722  7475  7475 I HBD     : b incognitoMode : false
08-30 15:11:31.722  7475  7475 I HBD     : a needOff = true , isForceOff = false, isNullInputClass : true
08-30 15:11:31.722  7475  7475 I HBD     : h getDefaultInputRange : UNKNOWN
08-30 15:11:31.723  7475  7475 I HBD     : h getDefaultInputRange : UNKNOWN
08-30 15:11:31.723  7475  7475 I HBD     : h getDefaultInputRange : UNKNOWN
08-30 15:11:31.724  4349  4913 D SdpManagerService: Not an enterprise user : 0
08-30 15:11:31.724  4349  4913 D SdpManagerService: Not an enterprise user : 0
08-30 15:11:31.725  3976  4318 I Layer   : id=38567 removeFromCurrentState Surface(name=749d536 InputMethod)/@0x72f94d3 - animation-leash#1 (99)
08-30 15:11:31.725  3976  4318 I Layer   : id=83 removeFromCurrentState 749d536 InputMethod#0 (99)
08-30 15:11:31.725  3976  4318 I Layer   : id=83 addToCurrentState 749d536 InputMethod#0 (99)
08-30 15:11:31.726  7475  7475 I HBD     : h getDefaultInputRange : UNKNOWN
08-30 15:11:31.726  7475  7475 I HBD     : a currentState : 0
08-30 15:11:31.727 23627 23627 I ViewInteraction: Performing 'scroll RecyclerView to position: 5' action on view view.getId() is <2131231206/com.example.dogglers:id/vertical_recycler_view>
08-30 15:11:31.728  7475  7475 I HBD     : h load selected json info : {"version":"1.0","currentLanguageOrder":2,"selected":[{"activeOptionList":["auto_replace","spell_check","auto_spacing"],"engName":"Russian","id":3342336,"inputType":"qwerty","isUsed":true},{"activeOptionList":["auto_replace","spell_check","auto_spacing"],"engName":"English","id":65537,"inputType":"qwerty","isUsed":true},{"activeOptionList":["auto_replace","spell_check","auto_spacing"],"engName":"Ukrainian","id":4456448,"inputType":"qwerty","isUsed":true}]}
08-30 15:11:31.728  5135  5135 I SurfaceControl: nativeRelease nativeObject s[477998350336]
08-30 15:11:31.728  5135  5135 I SurfaceControl: nativeRelease nativeObject e[477998350336]
08-30 15:11:31.730  7475  7475 I HBD     : a [UpdatePolicy] [post] a: 0 cl: 4456448 kit: [0/0] vt: 0 ir: 1
08-30 15:11:31.731  7475  7475 I HBD     : HoneyBoardService [PF_OP][onStartInput]  9978615 ns
08-30 15:11:31.747  3976  3976 D SurfaceFlinger: Display 0 HWC layers:
08-30 15:11:31.747  3976  3976 D SurfaceFlinger:      DEVICE | 0x74f0415200 | 0002 | RGBA_8888    |    0.0    0.0  720.0 1560.0 |    0    0  720 1560 | com.example.dogglers/com.example.dogglers.VerticalListActivity$_23627#0
08-30 15:11:31.747  3976  3976 D SurfaceFlinger:      DEVICE | 0x75743a7240 | 0002 | RGBA_8888    |    0.0    0.0  720.0 1560.0 |    0    0  720 1560 | Splash Screen com.example.dogglers#0
08-30 15:11:31.747  3976  3976 D SurfaceFlinger:      DEVICE | 0x75743a6200 | 0000 | RGBA_8888    |    0.0    0.0  720.0   53.0 |    0    0  720   53 | StatusBar$_4708#0
08-30 15:11:31.747  3976  3976 D SurfaceFlinger:      DEVICE | 0x74d157fa00 | 0000 | RGBA_8888    |    0.0    0.0   67.0  232.0 |  653  151  720  383 | com.samsung.android.app.cocktailbars[...]rservice.CocktailBarService$_14146#0
08-30 15:11:31.747  3976  3976 D SurfaceFlinger:      DEVICE | 0x75743a7380 | 0000 | RGBA_8888    |    0.0    0.0  720.0   84.0 |    0 1476  720 1560 | NavigationBar0$_4708#0
08-30 15:11:31.747  3976  3976 D SurfaceFlinger:      DEVICE | 0x74f0413e00 | 0000 | RGBA_8888    |    0.0    0.0  720.0  101.0 |    0    0  720  101 | ScreenDecorOverlay$_4708#0
08-30 15:11:31.747  3976  3976 D SurfaceFlinger:      DEVICE | 0x75743a7b00 | 0000 | RGBA_8888    |    0.0    0.0  720.0  101.0 |    0 1459  720 1560 | ScreenDecorOverlayBottom$
08-30 15:11:31.747  3976  3976 D SurfaceFlinger: _4708#0
08-30 15:11:31.747  3976  3976 D SurfaceFlinger:
08-30 15:11:31.757  4349  4372 I SurfaceControl: nativeRelease nativeObject s[477997555680]
08-30 15:11:31.757  4349  4372 I SurfaceControl: nativeRelease nativeObject e[477997555680]
08-30 15:11:31.758  4349  4372 I SurfaceControl: nativeRelease nativeObject s[476021493312]
08-30 15:11:31.758  4349  4372 I SurfaceControl: nativeRelease nativeObject e[476021493312]
08-30 15:11:31.758  3976  4001 I Layer   : id=38571 removeFromCurrentState Splash Screen com.example.dogglers#0 (99)
08-30 15:11:31.759  4349  4372 I SurfaceControl: nativeRelease nativeObject s[476011695744]
08-30 15:11:31.759  4349  4372 I SurfaceControl: nativeRelease nativeObject e[476011695744]
08-30 15:11:31.761  3976  4001 I Layer   : id=38570 removeFromCurrentState 85729e5 Splash Screen com.example.dogglers#0 (99)
08-30 15:11:31.761  3976  4001 I Layer   : id=38583 removeFromCurrentState Surface(name=85729e5 Splash Screen com.example.dogglers)/@0xad5b999 - animation-leash#0 (99)
08-30 15:11:31.761  3976  4001 I SurfaceFlinger: id=38570 Removed 85729e5 Splash Screen com.example.dogglers#0 (99)
08-30 15:11:31.761  3976  4318 I SurfaceFlinger: id=38583 Removed Surface(name=85729e5 Splash Screen com.example.dogglers)/@0xad5b999 - animation-leash#0 (99)
08-30 15:11:31.762  3976  4318 I SurfaceFlinger: id=38571 Removed Splash Screen com.example.dogglers#0 (99)
08-30 15:11:31.773  3976  3976 I Layer   : id=38583[1] Destroyed Surface(name=85729e5 Splash Screen com.example.dogglers)/@0xad5b999 - animation-leash#0
08-30 15:11:31.773  3976  3976 I Layer   : id=38570[1] Destroyed 85729e5 Splash Screen com.example.dogglers#0
08-30 15:11:31.776  3976  3976 I Layer   : id=38571[1] Destroyed Splash Screen com.example.dogglers#0
08-30 15:11:31.779  3976  3976 D SurfaceFlinger: Display 0 HWC layers:
08-30 15:11:31.779  3976  3976 D SurfaceFlinger:      DEVICE | 0x74f0415200 | 0002 | RGBA_8888    |    0.0    0.0  720.0 1560.0 |    0    0  720 1560 | com.example.dogglers/com.example.dogglers.VerticalListActivity$_23627#0
08-30 15:11:31.779  3976  3976 D SurfaceFlinger:      DEVICE | 0x75743a6200 | 0000 | RGBA_8888    |    0.0    0.0  720.0   53.0 |    0    0  720   53 | StatusBar$_4708#0
08-30 15:11:31.779  3976  3976 D SurfaceFlinger:      DEVICE | 0x74d157fa00 | 0000 | RGBA_8888    |    0.0    0.0   67.0  232.0 |  653  151  720  383 | com.samsung.android.app.cocktailbars[...]rservice.CocktailBarService$_14146#0
08-30 15:11:31.779  3976  3976 D SurfaceFlinger:      DEVICE | 0x75743a7380 | 0000 | RGBA_8888    |    0.0    0.0  720.0   84.0 |    0 1476  720 1560 | NavigationBar0$_4708#0
08-30 15:11:31.779  3976  3976 D SurfaceFlinger:      DEVICE | 0x74f0413e00 | 0000 | RGBA_8888    |    0.0    0.0  720.0  101.0 |    0    0  720  101 | ScreenDecorOverlay$_4708#0
08-30 15:11:31.779  3976  3976 D SurfaceFlinger:      DEVICE | 0x75743a7b00 | 0000 | RGBA_8888    |    0.0    0.0  720.0  101.0 |    0 1459  720 1560 | ScreenDecorOverlayBottom$_4708#0
08-30 15:11:31.779  3976  3976 D SurfaceFlinger:
08-30 15:11:31.798  4349  6779 D SamsungIMMSHWKeyboard: isConnectedDexOnPC false
08-30 15:11:31.799 23627 23627 I SurfaceControl: nativeRelease nativeObject s[478247330560]
08-30 15:11:31.799  4349  6779 D InputMethodManagerService: isImeSwitcherDisabledPackage : false
08-30 15:11:31.799 23627 23627 I SurfaceControl: nativeRelease nativeObject e[478247330560]
08-30 15:11:31.799 23627 23627 I SurfaceControl: nativeRelease nativeObject s[476571789280]
08-30 15:11:31.799 23627 23627 I SurfaceControl: nativeRelease nativeObject e[476571789280]
08-30 15:11:31.802  3881  3886 E statsd  : Predicate -7037417284711607308 dropping data for dimension key (10)0x2010101->10429[I] (10)0x30000->*launch*[S]
08-30 15:11:31.803 23627 23627 I ViewInteraction: Checking 'MatchesViewAssertion{viewMatcher=(view has effective visibility <VISIBLE> and view.getGlobalVisibleRect() to return non-empty rectangle)}' assertion on view an instance of android.widget.TextView and view.getText() with or without transformation to match: is "Bella"
08-30 15:11:31.806  4349  4372 I SurfaceControl: nativeRelease nativeObject s[477997779520]
08-30 15:11:31.806  4349  4372 I SurfaceControl: nativeRelease nativeObject e[477997779520]
08-30 15:11:31.816  4349  6779 I SemDvfsHyPerManager: acquire hyper - AMS_ACT_START/4349@16, type = -999
08-30 15:11:31.817  3927  3954 I HYPER-HAL: [RequestManager.cpp]acquire(): Acquired ID : 9528811  [4349 / 16]    HINT : AMS_ACT_START    list :
08-30 15:11:31.817  3927  3954 E HYPER-HAL: [HandlerSysfs.cpp]doResourceHandling(): Couldn't Open Sysfs - /sys/power/cstate_control
08-30 15:11:31.817  3927  3954 I HYPER-HAL: [ResourceManager.cpp]updateResource(): [CPUMinFreq] UpdateResource Request ID : 9528811    Value : 1560000
08-30 15:11:31.818  3976  4318 I SurfaceFlinger: id=38585 createSurf (0x0),-1 flag=80004, ActivityRecord{90b36a6 u0 com.example.dogglers/androidx.test.core.app.InstrumentationActivityInvoker$EmptyActivity t1424}#0
08-30 15:11:31.821  3881  3886 E statsd  : Predicate -7037417284711607308 dropping data for dimension key (10)0x2010101->10429[I] (10)0x30000->*launch*[S]
08-30 15:11:31.823  3976  4318 I Layer   : id=38577 removeFromCurrentState Surface(name=Dim Layer for - Task=1424 - animating-dim)/@0xf6c02d1 - animation-leash#0 (97)
08-30 15:11:31.824  3976  4002 I SurfaceFlinger: id=38577 Removed Surface(name=Dim Layer for - Task=1424 - animating-dim)/@0xf6c02d1 - animation-leash#0 (97)
