08-30 15:11:33.659 23627 23627 V ActivityScenario: Activity lifecycle changed event received but ignored because the intent does not match. startActivityIntent=Intent { act=android.intent.action.MAIN cat=[android.intent.category.LAUNCHER] cmp=com.example.dogglers/.VerticalListActivity }, activity.getIntent()=Intent { act=android.intent.action.MAIN cat=[android.intent.category.LAUNCHER] flg=0x10000000 cmp=com.example.dogglers/androidx.test.core.app.InstrumentationActivityInvoker$EmptyActivity }, activity=androidx.test.core.app.InstrumentationActivityInvoker$EmptyActivity@3148490
08-30 15:11:33.663  4349  7427 D InputTransport: Input channel constructed: '2ad776c', fd=673
08-30 15:11:33.663  4349  7427 D InputTransport: Input channel constructed: '2ad776c', fd=702
08-30 15:11:33.664  3976  4001 I SurfaceFlinger: id=38631 createSurf (0x0),-1 flag=80004, 2ad776c com.example.dogglers/androidx.test.core.app.InstrumentationActivityInvoker$EmptyActivity#0
08-30 15:11:33.665  4349  7427 D WindowManager: isScreenshotDisabledLocked - win: Window{2ad776c u0 com.example.dogglers/androidx.test.core.app.InstrumentationActivityInvoker$EmptyActivity}
08-30 15:11:33.665  4349  7427 D WindowManager: isScreenshotDisabledLocked: userId = 0, disabled =false
08-30 15:11:33.665  4349  7427 D InputTransport: Input channel destroyed: '2ad776c', fd=702
08-30 15:11:33.666 23627 23627 D InputTransport: Input channel constructed: '2ad776c', fd=90
08-30 15:11:33.667 23627 23627 I ViewRootImpl@d66ad45[InstrumentationActivityInvoker$EmptyActivity]: setView = com.android.internal.policy.DecorView@225158e TM=true
08-30 15:11:33.670  4349  7427 D SamsungIMMSHWKeyboard: isConnectedDexOnPC false
08-30 15:11:33.670  4349  7427 D InputMethodManagerService: isImeSwitcherDisabledPackage : false
08-30 15:11:33.670 23627 23627 I SurfaceControl: nativeRelease nativeObject s[476571792832]
08-30 15:11:33.670 23627 23627 I SurfaceControl: nativeRelease nativeObject e[476571792832]
08-30 15:11:33.670 23627 23627 I SurfaceControl: nativeRelease nativeObject s[476571792736]
08-30 15:11:33.670 23627 23627 I SurfaceControl: nativeRelease nativeObject e[476571792736]
08-30 15:11:33.676  4349  6765 V WindowManager: Relayout Window{2ad776c u0 com.example.dogglers/androidx.test.core.app.InstrumentationActivityInvoker$EmptyActivity}: viewVisibility=0 req=720x1560
08-30 15:11:33.677  4349  6765 D WindowManager: isScreenshotDisabledLocked - win: Window{2ad776c u0 com.example.dogglers/androidx.test.core.app.InstrumentationActivityInvoker$EmptyActivity}
08-30 15:11:33.677  4349  6765 D WindowManager: isScreenshotDisabledLocked: userId = 0, disabled =false
08-30 15:11:33.678  3976  5385 I SurfaceFlinger: id=38632 createSurf (720x1560),1 flag=404, com.example.dogglers/androidx.test.core.app.InstrumentationActivityInvoker$EmptyActivity$_23627#1
08-30 15:11:33.680 14146 14146 I TrayStateController: systemUiVisibilityChanged : 0 0
08-30 15:11:33.681  4349  6765 I SurfaceControl: nativeRelease nativeObject s[476011684416]
08-30 15:11:33.681  4349  6765 I SurfaceControl: nativeRelease nativeObject e[476011684416]
08-30 15:11:33.681  3976  4001 I SurfaceFlinger: id=38633 createSurf (0x0),-1 flag=24000, Surface(name=1096c8d StatusBar)/@0xeaf4dd0 - animation-leash#1
08-30 15:11:33.682  4349  6765 I SurfaceControl: nativeRelease nativeObject s[476011684512]
08-30 15:11:33.682  4349  6765 I SurfaceControl: nativeRelease nativeObject e[476011684512]
08-30 15:11:33.682  3976  4001 I SurfaceFlinger: id=38634 createSurf (0x0),-1 flag=24000, Surface(name=b07ecc5 NavigationBar0)/@0xa8376fc - animation-leash#0
08-30 15:11:33.684  4349  6765 V WindowManager: Relayout hash=2ad776c, pid=23627: mAttrs={(0,0)(fillxfill) sim={adjust=pan forwardNavigation} ty=BASE_APPLICATION wanim=0x1030001
08-30 15:11:33.684  4349  6765 V WindowManager:   fl=1810100
08-30 15:11:33.684  4349  6765 V WindowManager:   pfl=12020000
08-30 15:11:33.684  4349  6765 V WindowManager:   fitSides= naviIconColor=0}
08-30 15:11:33.684  4349  6765 I SurfaceControl: nativeRelease nativeObject s[477996347712]
08-30 15:11:33.684  4349  6765 I SurfaceControl: nativeRelease nativeObject e[477996347712]
08-30 15:11:33.686 23627 23627 I SurfaceControl: assignNativeObject: nativeObject = 0 Surface(name=null)/@0x5e0fc9a / android.view.SurfaceControl.readFromParcel:1117 android.view.IWindowSession$Stub$Proxy.relayout:1836 android.view.ViewRootImpl.relayoutWindow:9005 android.view.ViewRootImpl.performTraversals:3360 android.view.ViewRootImpl.doTraversal:2618 android.view.ViewRootImpl$TraversalRunnable.run:9971 android.view.Choreographer$CallbackRecord.run:1010 android.view.Choreographer.doCallbacks:809 android.view.Choreographer.doFrame:744 android.view.Choreographer$FrameDisplayEventReceiver.run:995
08-30 15:11:33.687 23627 23627 I ViewRootImpl@d66ad45[InstrumentationActivityInvoker$EmptyActivity]: Relayout returned: old=(0,0,720,1560) new=(0,0,720,1560) req=(720,1560)0 dur=11 res=0x7 s={true 478233575424} ch=true fn=-1
08-30 15:11:33.689  3976  4001 I Layer   : id=38626 removeFromCurrentState Surface(name=1096c8d StatusBar)/@0xeaf4dd0 - animation-leash#0 (94)
08-30 15:11:33.689  3976  4001 I Layer   : id=38627 removeFromCurrentState Surface(name=b07ecc5 NavigationBar0)/@0xa8376fc - animation-leash#1 (94)
08-30 15:11:33.691 23627 23627 I ViewRootImpl@d66ad45[InstrumentationActivityInvoker$EmptyActivity]: [DP] dp(1) 1 android.view.ViewRootImpl.reportNextDraw:10957 android.view.ViewRootImpl.performTraversals:3845 android.view.ViewRootImpl.doTraversal:2618
08-30 15:11:33.691 23627 23627 I ViewRootImpl@d66ad45[InstrumentationActivityInvoker$EmptyActivity]: [DP] pd() Asnyc report
08-30 15:11:33.691  3899  3953 D gralloc : [mali_gralloc_allocate] begin
08-30 15:11:33.691  3899  3953 D gralloc : buffer_descriptor: wh(720 1560) usage_pc(0x40000000000b00 0x40000000000b00) hal_format(0x1) layer_count(1) sizes(0 0 0) strde(0) byte_stride(0) alloc_wh(0 0) internal_format(0x0) alloc_format(0x0) fd_count(1) plane_count(0)
08-30 15:11:33.692  3899  3953 D gralloc : [mali_gralloc_allocate] allocation successful
08-30 15:11:33.693  3899  3953 D gralloc : [mali_gralloc_allocate] begin
08-30 15:11:33.693  3899  3953 D gralloc : buffer_descriptor: wh(720 1560) usage_pc(0x40000000000b00 0x40000000000b00) hal_format(0x1) layer_count(1) sizes(0 0 0) strde(0) byte_stride(0) alloc_wh(0 0) internal_format(0x0) alloc_format(0x0) fd_count(1) plane_count(0)
08-30 15:11:33.694  3899  3953 D gralloc : [mali_gralloc_allocate] allocation successful
08-30 15:11:33.694  3899  3953 D gralloc : [mali_gralloc_allocate] begin
08-30 15:11:33.694  3899  3953 D gralloc : buffer_descriptor: wh(720 1560) usage_pc(0x40000000000b00 0x40000000000b00) hal_format(0x1) layer_count(1) sizes(0 0 0) strde(0) byte_stride(0) alloc_wh(0 0) internal_format(0x0) alloc_format(0x0) fd_count(1) plane_count(0)
08-30 15:11:33.695  3899  3953 D gralloc : [mali_gralloc_allocate] allocation successful
08-30 15:11:33.698 23627 23627 I ViewRootImpl@d66ad45[InstrumentationActivityInvoker$EmptyActivity]: [DP] pdf(0) 1 android.view.ViewRootImpl.lambda$performDraw$1$ViewRootImpl:4668 android.view.-$$Lambda$ViewRootImpl$DJd0VUYJgsebcnSohO6h8zc_ONI.run:6 android.os.Handler.handleCallback:938
08-30 15:11:33.698 23627 23627 I ViewRootImpl@d66ad45[InstrumentationActivityInvoker$EmptyActivity]: [DP] rdf()
08-30 15:11:33.700 23627 23627 I ViewRootImpl@5085e78[InstrumentationActivityInvoker$EmptyActivity]: MSG_WINDOW_FOCUS_CHANGED 0 1
08-30 15:11:33.702  4349  4372 D PkgPredictorService: pkg:com.example.dogglers activity:androidx.test.core.app.InstrumentationActivityInvoker$EmptyActivity thisTime:180
08-30 15:11:33.704  4349  4372 I SemDvfsHyPerManager: acquire hyper - AMS_RESUME_TAIL/4349@18, type = -999
08-30 15:11:33.704  4349  4376 I ActivityTaskManager: Displayed com.example.dogglers/androidx.test.core.app.InstrumentationActivityInvoker$EmptyActivity: +180ms
08-30 15:11:33.704  4349  4372 I SemDvfsHyPerManager: acquire hyper - AMS_ACT_LAZY/4349@19, type = -999
08-30 15:11:33.704  3927  3954 I HYPER-HAL: [RequestManager.cpp]acquire(): Acquired ID : 9537546  [4349 / 18]    HINT : AMS_RESUME_TAIL    list :
08-30 15:11:33.704  5589  5589 E pageboostd: Received HALT command code 2
08-30 15:11:33.705  3927  3954 E HYPER-HAL: [HandlerSysfs.cpp]doResourceHandling(): Couldn't Open Sysfs - /sys/power/cstate_control
08-30 15:11:33.705  3927  3954 I HYPER-HAL: [ResourceManager.cpp]updateResource(): [CPUMinFreq] UpdateResource Request ID : 9537546    Value : 1560000
08-30 15:11:33.705  3927  3954 I HYPER-HAL: [RequestManager.cpp]acquire(): Acquired ID : 9541915  [4349 / 19]    HINT :      list :
08-30 15:11:33.706  3927  3954 E HYPER-HAL: [Request.cpp]acquire(): Request:: id : 9541915, No Resource to set
08-30 15:11:33.706  3927  3954 E HYPER-HAL: [HandlerSysfs.cpp]doResourceHandling(): Couldn't Open Sysfs - /sys/power/cstate_control
08-30 15:11:33.706  3927  3954 I HYPER-HAL: [ResourceManager.cpp]removeResource(): [CPUMinFreq] RemoveResource Request ID : 9528811
08-30 15:11:33.707  3927  3954 I HYPER-HAL: [RequestManager.cpp]releaseLocked(): Released ID : 9528811
08-30 15:11:33.709 23627 23627 I SurfaceControl: nativeRelease nativeObject s[478211366912]
08-30 15:11:33.709 23627 23627 I SurfaceControl: nativeRelease nativeObject e[478211366912]
08-30 15:11:33.709 23627 23627 I SurfaceControl: nativeRelease nativeObject s[478212028096]
08-30 15:11:33.709 23627 23627 I SurfaceControl: nativeRelease nativeObject e[478212028096]
08-30 15:11:33.709 23627 23627 I SurfaceControl: nativeRelease nativeObject s[478212027520]
08-30 15:11:33.709 23627 23627 I SurfaceControl: nativeRelease nativeObject e[478212027520]
08-30 15:11:33.709  3976  4001 I SurfaceFlinger: id=38627 Removed Surface(name=b07ecc5 NavigationBar0)/@0xa8376fc - animation-leash#1 (94)
08-30 15:11:33.709  3976  4001 I SurfaceFlinger: id=38626 Removed Surface(name=1096c8d StatusBar)/@0xeaf4dd0 - animation-leash#0 (94)
08-30 15:11:33.720  4349  6765 D InputDispatcher: Focused application set to (0): 641dc7a
08-30 15:11:33.722  3976  3976 I Layer   : id=38626[1] Destroyed Surface(name=1096c8d StatusBar)/@0xeaf4dd0 - animation-leash#0
08-30 15:11:33.722  3976  3976 I Layer   : id=38627[1] Destroyed Surface(name=b07ecc5 NavigationBar0)/@0xa8376fc - animation-leash#1
08-30 15:11:33.723  4349  5464 I InputDispatcher: Focus entered window (23627): 2ad776c in display 0 0
08-30 15:11:33.727  3976  3976 D SurfaceFlinger: Display 0 HWC layers:
08-30 15:11:33.727  3976  3976 D SurfaceFlinger:      DEVICE | 0x74d157f500 | 0002 | RGBA_8888    |    0.0    0.0  720.0 1560.0 |    0    0  720 1560 | com.example.dogglers/androidx.test.c[...]tivityInvoker$EmptyActivity$_23627#1
08-30 15:11:33.727  3976  3976 D SurfaceFlinger:      DEVICE | 0x74f0414e40 | 0000 | RGBA_8888    |    0.0    0.0  720.0   53.0 |    0    0  720   53 | StatusBar$_4708#0
08-30 15:11:33.727  3976  3976 D SurfaceFlinger:      DEVICE | 0x74d157fa00 | 0000 | RGBA_8888    |    0.0    0.0   67.0  232.0 |  653  151  720  383 | com.samsung.android.app.cocktailbars[...]rservice.CocktailBarService$_14146#0
08-30 15:11:33.727  3976  3976 D SurfaceFlinger:      DEVICE | 0x75743a7380 | 0000 | RGBA_8888    |    0.0    0.0  720.0   84.0 |    0 1476  720 1560 | NavigationBar0$_4708#0
08-30 15:11:33.727  3976  3976 D SurfaceFlinger:      DEVICE | 0x74f0413e00 | 0000 | RGBA_8888    |    0.0    0.0  720.0  101.0 |    0    0  720  101 | ScreenDecorOverlay$_4708#0
08-30 15:11:33.727  3976  3976 D SurfaceFlinger:      DEVICE | 0x75743a7b00 | 0000 | RGBA_8888    |    0.0    0.0  720.0  101.0 |    0 1459  720 1560 | ScreenDecorOverlayBottom$_4708#0
08-30 15:11:33.727  3976  3976 D SurfaceFlinger:
08-30 15:11:33.728  4349  6765 D SecContentProvider: query(), uri = 17 selection = isSettingsChangesAllowed
08-30 15:11:33.730  4349  4371 D PersonaActivityHelper: Activity not in resumed state, do not run immediate lock
08-30 15:11:33.731  3976  5385 E BufferQueueProducer: [com.example.dogglers/androidx.test.core.app.InstrumentationActivityInvoker$EmptyActivity$_23627#0](id:f88000033f2,api:0,p:-1,c:3976) disconnect: not connected (req=1)
08-30 15:11:33.731 23627 23685 W libEGL  : EGLNativeWindowType 0x6f579bc010 disconnect failed
08-30 15:11:33.732  4349  6765 V WindowManager: Relayout Window{f8a5e3f u0 com.example.dogglers/androidx.test.core.app.InstrumentationActivityInvoker$EmptyActivity}: viewVisibility=8 req=720x1560
08-30 15:11:33.735  4349  6765 V WindowManager: Relayout hash=f8a5e3f, pid=23627: mAttrs={(0,0)(fillxfill) sim={adjust=pan forwardNavigation} ty=BASE_APPLICATION wanim=0x1030001
08-30 15:11:33.735  4349  6765 V WindowManager:   fl=1810100
08-30 15:11:33.735  4349  6765 V WindowManager:   pfl=12020000
08-30 15:11:33.735  4349  6765 V WindowManager:   fitSides= naviIconColor=0}
08-30 15:11:33.736 23627 23627 I SurfaceControl: nativeRelease nativeObject s[478236420448]
08-30 15:11:33.736 23627 23627 I SurfaceControl: nativeRelease nativeObject e[478236420448]
08-30 15:11:33.737 23627 23627 I SurfaceControl: assignNativeObject: nativeObject = 0 Surface(name=null)/@0x6dea9cb / android.view.SurfaceControl.readFromParcel:1117 android.view.IWindowSession$Stub$Proxy.relayout:1826 android.view.ViewRootImpl.relayoutWindow:9005 android.view.ViewRootImpl.performTraversals:3360 android.view.ViewRootImpl.doTraversal:2618 android.view.ViewRootImpl$TraversalRunnable.run:9971 android.view.Choreographer$CallbackRecord.run:1010 android.view.Choreographer.doCallbacks:809 android.view.Choreographer.doFrame:744 android.view.Choreographer$FrameDisplayEventReceiver.run:995
08-30 15:11:33.737 23627 23627 I SurfaceControl: assignNativeObject: nativeObject = 0 Surface(name=null)/@0xa28f951 / android.view.SurfaceControl.readFromParcel:1117 android.view.IWindowSession$Stub$Proxy.relayout:1836 android.view.ViewRootImpl.relayoutWindow:9005 android.view.ViewRootImpl.performTraversals:3360 android.view.ViewRootImpl.doTraversal:2618 android.view.ViewRootImpl$TraversalRunnable.run:9971 android.view.Choreographer$CallbackRecord.run:1010 android.view.Choreographer.doCallbacks:809 android.view.Choreographer.doFrame:744 android.view.Choreographer$FrameDisplayEventReceiver.run:995
08-30 15:11:33.738 23627 23627 I SurfaceControl: nativeRelease nativeObject s[478211367008]
08-30 15:11:33.738 23627 23627 I SurfaceControl: nativeRelease nativeObject e[478211367008]
08-30 15:11:33.738 23627 23627 I ViewRootImpl@5085e78[InstrumentationActivityInvoker$EmptyActivity]: Relayout returned: old=(0,0,720,1560) new=(0,0,720,1560) req=(720,1560)8 dur=5 res=0x5 s={false 0} ch=true fn=2
08-30 15:11:33.739 23627 23627 I ViewRootImpl@5085e78[InstrumentationActivityInvoker$EmptyActivity]: stopped(true) old=false
08-30 15:11:33.739 23627 23627 D LifecycleMonitor: Lifecycle status change: androidx.test.core.app.InstrumentationActivityInvoker$EmptyActivity@6f88abf in: STOPPED
08-30 15:11:33.740  4349  5464 I InputDispatcher: Focus left window (23627): 2ad776c in display 0 0
08-30 15:11:33.740 23627 23627 V ActivityScenario: Activity lifecycle changed event received but ignored because the intent does not match. startActivityIntent=Intent { act=android.intent.action.MAIN cat=[android.intent.category.LAUNCHER] cmp=com.example.dogglers/.VerticalListActivity }, activity.getIntent()=Intent { act=android.intent.action.MAIN cat=[android.intent.category.LAUNCHER] flg=0x10000000 cmp=com.example.dogglers/androidx.test.core.app.InstrumentationActivityInvoker$EmptyActivity }, activity=androidx.test.core.app.InstrumentationActivityInvoker$EmptyActivity@6f88abf
08-30 15:11:33.742 23627 23627 D LifecycleMonitor: Lifecycle status change: androidx.test.core.app.InstrumentationActivityInvoker$EmptyActivity@6f88abf in: DESTROYED
08-30 15:11:33.742 23627 23627 V ActivityScenario: Activity lifecycle changed event received but ignored because the intent does not match. startActivityIntent=Intent { act=android.intent.action.MAIN cat=[android.intent.category.LAUNCHER] cmp=com.example.dogglers/.VerticalListActivity }, activity.getIntent()=Intent { act=android.intent.action.MAIN cat=[android.intent.category.LAUNCHER] flg=0x10000000 cmp=com.example.dogglers/androidx.test.core.app.InstrumentationActivityInvoker$EmptyActivity }, activity=androidx.test.core.app.InstrumentationActivityInvoker$EmptyActivity@6f88abf
08-30 15:11:33.743 23627 23627 I ViewRootImpl@5085e78[InstrumentationActivityInvoker$EmptyActivity]: dispatchDetachedFromWindow
08-30 15:11:33.744  4349  5464 D InputTransport: Input channel destroyed: 'f8a5e3f', fd=670
08-30 15:11:33.744  4349  5464 I SurfaceControl: nativeRelease nativeObject s[476017807552]
08-30 15:11:33.744  4349  5464 I SurfaceControl: nativeRelease nativeObject e[476017807552]
08-30 15:11:33.744  4349  5464 D WindowManager: isScreenshotDisabledLocked - win: Window{f8a5e3f u0 com.example.dogglers/androidx.test.core.app.InstrumentationActivityInvoker$EmptyActivity}
08-30 15:11:33.744  4349  5464 D WindowManager: isScreenshotDisabledLocked: userId = 0, disabled =false
08-30 15:11:33.744  4349  5464 I SurfaceControl: nativeRelease nativeObject s[476021493312]
08-30 15:11:33.744  4349  5464 I SurfaceControl: nativeRelease nativeObject e[476021493312]
08-30 15:11:33.745  3976  5385 I SurfaceFlinger: id=38635 createSurf (0x0),-1 flag=24004, Surface(name=749d536 InputMethod)/@0x72f94d3 - animation-leash#0
08-30 15:11:33.745  4349  5464 I SurfaceControl: nativeRelease nativeObject s[476008574688]
08-30 15:11:33.745  4349  5464 I SurfaceControl: nativeRelease nativeObject e[476008574688]
08-30 15:11:33.746  3976  5385 I Layer   : id=38625 removeFromCurrentState com.example.dogglers/androidx.test.core.app.InstrumentationActivityInvoker$EmptyActivity$_23627#0 (93)
08-30 15:11:33.746  3976  5385 I SurfaceFlinger: id=38625 Removed com.example.dogglers/androidx.test.core.app.InstrumentationActivityInvoker$EmptyActivity$_23627#0 (93)
08-30 15:11:33.748  3976  5385 I Layer   : id=38624 removeFromCurrentState f8a5e3f com.example.dogglers/androidx.test.core.app.InstrumentationActivityInvoker$EmptyActivity#0 (93)
08-30 15:11:33.748  3976  5385 I Layer   : id=38630 removeFromCurrentState Surface(name=749d536 InputMethod)/@0x72f94d3 - animation-leash#1 (93)
08-30 15:11:33.748  3976  5385 I SurfaceFlinger: id=38624 Removed f8a5e3f com.example.dogglers/androidx.test.core.app.InstrumentationActivityInvoker$EmptyActivity#0 (93)
08-30 15:11:33.749 23627 23627 D InputTransport: Input channel destroyed: 'f8a5e3f', fd=92
08-30 15:11:33.750  4349  5464 I SurfaceControl: nativeRelease nativeObject s[476021493120]
08-30 15:11:33.750  4349  5464 I SurfaceControl: nativeRelease nativeObject e[476021493120]
08-30 15:11:33.753 23627 23627 D LifecycleMonitor: Lifecycle status change: androidx.test.core.app.InstrumentationActivityInvoker$EmptyActivity@3148490 in: PAUSED
08-30 15:11:33.753 23627 23627 V ActivityScenario: Activity lifecycle changed event received but ignored because the intent does not match. startActivityIntent=Intent { act=android.intent.action.MAIN cat=[android.intent.category.LAUNCHER] cmp=com.example.dogglers/.VerticalListActivity }, activity.getIntent()=Intent { act=android.intent.action.MAIN cat=[android.intent.category.LAUNCHER] flg=0x10000000 cmp=com.example.dogglers/androidx.test.core.app.InstrumentationActivityInvoker$EmptyActivity }, activity=androidx.test.core.app.InstrumentationActivityInvoker$EmptyActivity@3148490
08-30 15:11:33.755  3976  3976 I Layer   : id=38624[1] Destroyed f8a5e3f com.example.dogglers/androidx.test.core.app.InstrumentationActivityInvoker$EmptyActivity#0
08-30 15:11:33.755  3976  3976 I Layer   : id=38625[1] Destroyed com.example.dogglers/androidx.test.core.app.InstrumentationActivityInvoker$EmptyActivity$_23627#0
08-30 15:11:33.756  3976  5385 I Layer   : id=38623 removeFromCurrentState ActivityRecord{98084c1 u0 com.example.dogglers/androidx.test.core.app.InstrumentationActivityInvoker$EmptyActivity t1425}#0 (91)
08-30 15:11:33.757  3976  4001 I SurfaceFlinger: id=38623 Removed ActivityRecord{98084c1 u0 com.example.dogglers/androidx.test.core.app.InstrumentationActivityInvoker$EmptyActivity t1425}#0 (91)
08-30 15:11:33.759  4349  6765 I SemDvfsHyPerManager: acquire hyper - AMS_APP_HOME/4349@35, type = -999
08-30 15:11:33.759  3927  3954 I HYPER-HAL: [RequestManager.cpp]acquire(): Acquired ID : 9611955  [4349 / 35]    HINT : AMS_APP_HOME    list :
08-30 15:11:33.759  3927  3954 E HYPER-HAL: [HandlerSysfs.cpp]doResourceHandling(): Couldn't Open Sysfs - /sys/power/cstate_control
08-30 15:11:33.759  3927  3954 I HYPER-HAL: [ResourceManager.cpp]updateResource(): [CPUMinFreq] UpdateResource Request ID : 9611955    Value : 1768000
08-30 15:11:33.759  3881  3886 E statsd  : Predicate -7037417284711607308 dropping data for dimension key (10)0x2010101->10429[I] (10)0x30000->*launch*[S]
08-30 15:11:33.762  4349  6765 V WindowOrientationListener: getProposedRotation: -1
08-30 15:11:33.762  4349  6765 V WindowOrientationListener: getProposedRotation: -1
08-30 15:11:33.763  4349  6765 V WindowOrientationListener: getProposedRotation: -1
08-30 15:11:33.770 23627 23627 I ViewRootImpl@d66ad45[InstrumentationActivityInvoker$EmptyActivity]: MSG_WINDOW_FOCUS_CHANGED 0 1
08-30 15:11:33.771 23627 23627 I ViewRootImpl@d66ad45[InstrumentationActivityInvoker$EmptyActivity]: MSG_WINDOW_FOCUS_CHANGED 0 1
08-30 15:11:33.772 23627 23651 I TestRunner: finished: vertical_scrolling(com.example.dogglers.VerticalListTests)
