08-30 15:11:07.158 23627 23651 I TestRunner: started: clicking_horizontal_list_button_displays_horizontal_list(com.example.dogglers.ButtonTests)
08-30 15:11:07.161  3976  4318 I Layer   : id=37933 removeFromCurrentState ActivityRecord{251a807 u0 com.example.dogglers/androidx.test.core.app.InstrumentationActivityInvoker$EmptyActivity t1408}#0 (88)
08-30 15:11:07.161  3976  4318 I Layer   : id=37913 removeFromCurrentState Task=1408#0 (88)
08-30 15:11:07.162  3976  4318 I SurfaceFlinger: id=37933 Removed ActivityRecord{251a807 u0 com.example.dogglers/androidx.test.core.app.InstrumentationActivityInvoker$EmptyActivity t1408}#0 (88)
08-30 15:11:07.162  3976  4318 I SurfaceFlinger: id=37913 Removed Task=1408#0 (88)
08-30 15:11:07.170 23627 23651 W Settings: Setting always_finish_activities has moved from android.provider.Settings.System to android.provider.Settings.Global, returning read-only value.
08-30 15:11:07.173  3927 23682 E HYPER-HAL: [HandlerSysfs.cpp]doResourceHandling(): Couldn't Open Sysfs - /sys/power/cstate_control
08-30 15:11:07.173  3927 23682 I HYPER-HAL: [ResourceManager.cpp]removeResource(): [CPUMinFreq] RemoveResource Request ID : 9533178
08-30 15:11:07.173  3927 23682 I HYPER-HAL: [RequestManager.cpp]releaseLocked(): Released ID : 9533178
08-30 15:11:07.174  3976  3976 I Layer   : id=37913[1] Destroyed Task=1408#0
08-30 15:11:07.174  3976  3976 I Layer   : id=37933[1] Destroyed ActivityRecord{251a807 u0 com.example.dogglers/androidx.test.core.app.InstrumentationActivityInvoker$EmptyActivity t1408}#0
08-30 15:11:07.180  4349  5520 I SemDvfsHyPerManager: acquire hyper - AMS_APP_SWITCH/4349@20, type = -999
08-30 15:11:07.180  3927  3954 I HYPER-HAL: [RequestManager.cpp]acquire(): Acquired ID : 9546285  [4349 / 20]    HINT : AMS_APP_SWITCH    list :
08-30 15:11:07.181  3927  3954 E HYPER-HAL: [HandlerSysfs.cpp]doResourceHandling(): Couldn't Open Sysfs - /sys/power/cstate_control
08-30 15:11:07.181  3927  3954 I HYPER-HAL: [ResourceManager.cpp]updateResource(): [CPUMinFreq] UpdateResource Request ID : 9546285    Value : 1768000
08-30 15:11:07.181  3976  6075 I SurfaceFlinger: id=37949 createSurf (0x0),-1 flag=24004, Task=1409#0
08-30 15:11:07.184  3976  6075 I SurfaceFlinger: id=37950 createSurf (0x0),-1 flag=80004, ActivityRecord{43c5bbc u0 com.example.dogglers/androidx.test.core.app.InstrumentationActivityInvoker$BootstrapActivity t1409}#0
08-30 15:11:07.188  4349  4468 V WindowOrientationListener: getProposedRotation: -1
08-30 15:11:07.189  3881  3886 E statsd  : Predicate -7037417284711607308 dropping data for dimension key (10)0x2010101->10429[I] (10)0x30000->*launch*[S]
08-30 15:11:07.192  4349  4468 I SemDvfsHyPerManager: acquire hyper - AMS_APP_LAUNCH/4349@17, type = -999
08-30 15:11:07.192  3927  3954 I HYPER-HAL: [RequestManager.cpp]acquire(): Acquired ID : 9533178  [4349 / 17]    HINT : AMS_APP_LAUNCH    list :
08-30 15:11:07.192  3927  3954 E HYPER-HAL: [HandlerSysfs.cpp]doResourceHandling(): Couldn't Open Sysfs - /sys/power/cstate_control
08-30 15:11:07.192  3927  3954 I HYPER-HAL: [ResourceManager.cpp]updateResource(): [CPUMinFreq] UpdateResource Request ID : 9533178    Value : 1768000
08-30 15:11:07.194  5135  5135 I DragController: endDrag
08-30 15:11:07.194  4349  4468 D SecContentProvider: query(), uri = 17 selection = isSettingsChangesAllowed
08-30 15:11:07.195  5135  5135 I SPayUpdater: updateSpayHandler launcher activity is paused false
08-30 15:11:07.199  4349  7427 V WindowOrientationListener: getProposedRotation: -1
08-30 15:11:07.200  4349  7427 V WindowOrientationListener: getProposedRotation: -1
08-30 15:11:07.201  4349  7427 V WindowOrientationListener: getProposedRotation: -1
08-30 15:11:07.203  4349  7427 D InputDispatcher: Focused application set to (0): 43c5bbc
08-30 15:11:07.207  4349  4496 I SemPersonaManager: SecureFolder personaId = 150
08-30 15:11:07.213  4349  4372 D InputTransport: Input channel constructed: 'd913a66', fd=724
08-30 15:11:07.213  4349  4372 D InputTransport: Input channel constructed: 'd913a66', fd=725
08-30 15:11:07.214  3976  4318 I SurfaceFlinger: id=37951 createSurf (0x0),-1 flag=80004, d913a66 Splash Screen com.example.dogglers#0
08-30 15:11:07.215  4349  7427 V WindowManager: Relayout Window{b49dc7f u0 com.sec.android.app.launcher/com.sec.android.app.launcher.activities.LauncherActivity}: viewVisibility=0 req=720x1560
08-30 15:11:07.216  4349  4372 I ViewRootImpl@e5177a8[dogglers]: setView = com.android.internal.policy.DecorView@cbc85bb TM=true
08-30 15:11:07.222  4349  7427 V WindowManager: Relayout hash=b49dc7f, pid=5135: mAttrs={(0,0)(fillxfill) sim={adjust=nothing} layoutInDisplayCutoutMode=shortEdges ty=BASE_APPLICATION fmt=TRANSPARENT wanim=0x10302f2
08-30 15:11:07.222  4349  7427 V WindowManager:   fl=81910100
08-30 15:11:07.222  4349  7427 V WindowManager:   pfl=16020000
08-30 15:11:07.222  4349  7427 V WindowManager:   vsysui=1700
08-30 15:11:07.222  4349  7427 V WindowManager:   bhv=SHOW_TRANSIENT_BARS_BY_SWIPE
08-30 15:11:07.222  4349  7427 V WindowManager:   fitSides= naviIconColor=0}
08-30 15:11:07.222  4349  7427 I SurfaceControl: nativeRelease nativeObject s[476017198304]
08-30 15:11:07.222  4349  7427 I SurfaceControl: nativeRelease nativeObject e[476017198304]
08-30 15:11:07.223  5135  5135 I SurfaceControl: nativeRelease nativeObject s[478169917824]
08-30 15:11:07.223  5135  5135 I SurfaceControl: nativeRelease nativeObject e[478169917824]
08-30 15:11:07.223  4349  4372 V WindowManager: Relayout Window{d913a66 u0 Splash Screen com.example.dogglers}: viewVisibility=0 req=720x1560
08-30 15:11:07.223  5135  5135 I SurfaceControl: assignNativeObject: nativeObject = 0 Surface(name=null)/@0xe42a745 / android.view.SurfaceControl.readFromParcel:1117 android.view.IWindowSession$Stub$Proxy.relayout:1836 android.view.ViewRootImpl.relayoutWindow:9005 android.view.ViewRootImpl.performTraversals:3360 android.view.ViewRootImpl.doTraversal:2618 android.view.ViewRootImpl$TraversalRunnable.run:9971 android.view.Choreographer$CallbackRecord.run:1010 android.view.Choreographer.doCallbacks:809 android.view.Choreographer.doFrame:744 android.view.Choreographer$FrameDisplayEventReceiver.run:995
08-30 15:11:07.224  5135  5135 I SurfaceControl: nativeRelease nativeObject s[478247336416]
08-30 15:11:07.224  5135  5135 I SurfaceControl: nativeRelease nativeObject e[478247336416]
08-30 15:11:07.224  5135  5135 I SurfaceControl: nativeRelease nativeObject s[478247334784]
08-30 15:11:07.224  5135  5135 I SurfaceControl: nativeRelease nativeObject e[478247334784]
08-30 15:11:07.224  5135  5135 I SurfaceControl: nativeRelease nativeObject s[478247335360]
08-30 15:11:07.224  5135  5135 I SurfaceControl: nativeRelease nativeObject e[478247335360]
08-30 15:11:07.224  5135  5135 I ViewRootImpl@fbf3973[LauncherActivity]: Relayout returned: old=(0,0,720,1560) new=(0,0,720,1560) req=(720,1560)0 dur=9 res=0x1 s={true 476610932736} ch=false fn=17
08-30 15:11:07.225  4349  4372 D WindowManager: isScreenshotDisabledLocked - win: Window{d913a66 u0 Splash Screen com.example.dogglers}
08-30 15:11:07.226  4349  4372 D WindowManager: isScreenshotDisabledLocked: userId = 0, disabled =false
08-30 15:11:07.226  3976  4318 I SurfaceFlinger: id=37952 createSurf (720x1560),1 flag=404, Splash Screen com.example.dogglers#0
08-30 15:11:07.229  4349  4372 V WindowManager: Relayout hash=d913a66, pid=4349: mAttrs={(0,0)(fillxfill) sim={adjust=pan} layoutInDisplayCutoutMode=shortEdges ty=APPLICATION_STARTING wanim=0x1030001
08-30 15:11:07.229  4349  4372 V WindowManager:   fl=1830118
08-30 15:11:07.229  4349  4372 V WindowManager:   pfl=12020011
08-30 15:11:07.229  4349  4372 V WindowManager:   fitSides= naviIconColor=0}
08-30 15:11:07.230  4349  4372 I ViewRootImpl@e5177a8[dogglers]: Relayout returned: old=(0,0,720,1560) new=(0,0,720,1560) req=(720,1560)0 dur=6 res=0x7 s={true 476020408320} ch=true fn=-1
08-30 15:11:07.230 23627 23627 D LifecycleMonitor: Lifecycle status change: androidx.test.core.app.InstrumentationActivityInvoker$BootstrapActivity@e77fe46 in: PRE_ON_CREATE
08-30 15:11:07.231  4349  4372 I ViewRootImpl@e5177a8[dogglers]: [DP] dp(1) 1 android.view.ViewRootImpl.reportNextDraw:10957 android.view.ViewRootImpl.performTraversals:3845 android.view.ViewRootImpl.doTraversal:2618
08-30 15:11:07.231 23627 23627 V ActivityScenario: Activity lifecycle changed event received but ignored because the intent does not match. startActivityIntent=Intent { act=android.intent.action.MAIN cat=[android.intent.category.LAUNCHER] cmp=com.example.dogglers/.MainActivity }, activity.getIntent()=Intent { act=android.intent.action.MAIN cat=[android.intent.category.LAUNCHER] flg=0x10008000 cmp=com.example.dogglers/androidx.test.core.app.InstrumentationActivityInvoker$BootstrapActivity (has extras) }, activity=androidx.test.core.app.InstrumentationActivityInvoker$BootstrapActivity@e77fe46
08-30 15:11:07.232  3899 10978 D gralloc : [mali_gralloc_allocate] begin
08-30 15:11:07.232  4349  4369 D SehCodecSolutionService: Update top [com.example.dogglers]
08-30 15:11:07.232  3899 10978 D gralloc : buffer_descriptor: wh(720 1560) usage_pc(0x966 0x906) hal_format(0x1) layer_count(1) sizes(0 0 0) strde(0) byte_stride(0) alloc_wh(0 0) internal_format(0x0) alloc_format(0x0) fd_count(1) plane_count(0)
08-30 15:11:07.233  3927 23728 E HYPER-HAL: [HandlerSysfs.cpp]doResourceHandling(): Couldn't Open Sysfs - /sys/power/cstate_control
08-30 15:11:07.234  3927 23728 I HYPER-HAL: [ResourceManager.cpp]removeResource(): [CPUMinFreq] RemoveResource Request ID : 9611955
08-30 15:11:07.234  3927 23728 I HYPER-HAL: [RequestManager.cpp]releaseLocked(): Released ID : 9611955
08-30 15:11:07.235 13855 13915 I Rubin   : [72465] LoggingEventHelper.notifyUpdatedWithValue(LoggingEventHelper.java:58) : Notify AppUsageLogger's database is updated.
08-30 15:11:07.235  3899 10978 D gralloc : [mali_gralloc_allocate] allocation successful
08-30 15:11:07.235  4349  4577 I System.out: (HTTPLog)-Static: isSBSettingEnabled false
08-30 15:11:07.235  4349  4577 I System.out: (HTTPLog)-Static: isSBSettingEnabled false
08-30 15:11:07.238  3882  3914 E Netd    : getNetworkForDns: getNetId from enterpriseCtrl is netid 0
08-30 15:11:07.242  4349  4371 I SemPersonaManager: SecureFolder personaId = 150
08-30 15:11:07.242  4349  4372 I ViewRootImpl@e5177a8[dogglers]: [DP] pdf(0) 1 android.view.ViewRootImpl.performDraw:4809 android.view.ViewRootImpl.performTraversals:3866 android.view.ViewRootImpl.doTraversal:2618
08-30 15:11:07.242  4349  4372 I ViewRootImpl@e5177a8[dogglers]: [DP] rdf()
08-30 15:11:07.248 13855 13915 I Rubin   : [72465] ExercisingWithCmhMonitor.isSatisfiedByCmh(ExercisingWithCmhMonitor.java:119) : isSatisfiedByCmh is false
08-30 15:11:07.252  4708  4725 D WallpaperService: dispatchAppVisibility onVisibilityChanged(): false
08-30 15:11:07.252  4708  4708 D WallpaperService: reportVisibility onVisibilityChanged visible: false
08-30 15:11:07.252  4708  4907 I ImageWallpaper:  onVisibilityChanged false , 0
08-30 15:11:07.253  4349  4372 I SurfaceControl: nativeRelease nativeObject s[476017206176]
08-30 15:11:07.253  4349  4372 I SurfaceControl: nativeRelease nativeObject e[476017206176]
08-30 15:11:07.253 14146 14146 I TrayStateController: systemUiVisibilityChanged : 2 0
08-30 15:11:07.253  3976  4318 I SurfaceFlinger: id=37953 createSurf (0x0),-1 flag=24000, Surface(name=1096c8d StatusBar)/@0xeaf4dd0 - animation-leash#0
08-30 15:11:07.254  4349  4372 I SurfaceControl: nativeRelease nativeObject s[476017206560]
08-30 15:11:07.254  4349  4372 I SurfaceControl: nativeRelease nativeObject e[476017206560]
08-30 15:11:07.255  3976  4318 I SurfaceFlinger: id=37954 createSurf (0x0),-1 flag=24000, Surface(name=b07ecc5 NavigationBar0)/@0xa8376fc - animation-leash#1
08-30 15:11:07.258  4349  7290 I InputDispatcher: Focus left window (5135): b49dc7f in display 0 0
08-30 15:11:07.262  3976  4318 E BufferQueueProducer: [com.sec.android.app.launcher/com.sec.android.app.launcher.activities.LauncherActivity$_5135#0](id:f8800003399,api:0,p:-1,c:3976) disconnect: not connected (req=1)
08-30 15:11:07.262  5135  7074 W libEGL  : EGLNativeWindowType 0x6ef839b010 disconnect failed
08-30 15:11:07.263  3976  4318 I Layer   : id=37943 removeFromCurrentState Surface(name=b07ecc5 NavigationBar0)/@0xa8376fc - animation-leash#0 (92)
08-30 15:11:07.263  3976  4318 I Layer   : id=25 removeFromCurrentState b07ecc5 NavigationBar0#0 (92)
08-30 15:11:07.263  3976  4318 I Layer   : id=32 removeFromCurrentState NavigationBar0$_4708#0 (92)
08-30 15:11:07.263  3976  4318 I Layer   : id=37942 removeFromCurrentState Surface(name=1096c8d StatusBar)/@0xeaf4dd0 - animation-leash#1 (92)
08-30 15:11:07.263  3976  4318 I Layer   : id=25 addToCurrentState b07ecc5 NavigationBar0#0 (92)
08-30 15:11:07.263  3976  4318 I Layer   : id=32 addToCurrentState NavigationBar0$_4708#0 (92)
08-30 15:11:07.266  4349  7290 V WindowManager: Relayout Window{b49dc7f u0 com.sec.android.app.launcher/com.sec.android.app.launcher.activities.LauncherActivity}: viewVisibility=8 req=720x1560
08-30 15:11:07.270  3927 23710 E HYPER-HAL: [HandlerSysfs.cpp]doResourceHandling(): Couldn't Open Sysfs - /sys/power/cstate_control
08-30 15:11:07.270  3927 23710 I HYPER-HAL: [ResourceManager.cpp]removeResource(): [CPUMinFreq] RemoveResource Request ID : 9537546
08-30 15:11:07.270  3927 23710 I HYPER-HAL: [RequestManager.cpp]releaseLocked(): Released ID : 9537546
08-30 15:11:07.271 23627 23627 I DecorView: [INFO] isPopOver=false, config=true
08-30 15:11:07.271 23627 23627 I DecorView: updateCaptionType >> DecorView@6557d34[], isFloating=false, isApplication=true, hasWindowDecorCaption=false, hasWindowControllerCallback=true
08-30 15:11:07.271 23627 23627 D DecorView: setCaptionType = 0, this = DecorView@6557d34[]
08-30 15:11:07.274  4349  7290 V WindowManager: Relayout hash=b49dc7f, pid=5135: mAttrs={(0,0)(fillxfill) sim={adjust=nothing} layoutInDisplayCutoutMode=shortEdges ty=BASE_APPLICATION fmt=TRANSPARENT wanim=0x10302f2
08-30 15:11:07.274  4349  7290 V WindowManager:   fl=81910100
08-30 15:11:07.274  4349  7290 V WindowManager:   pfl=16020000
08-30 15:11:07.274  4349  7290 V WindowManager:   vsysui=1700
08-30 15:11:07.274  4349  7290 V WindowManager:   bhv=SHOW_TRANSIENT_BARS_BY_SWIPE
08-30 15:11:07.274  4349  7290 V WindowManager:   fitSides= naviIconColor=0}
08-30 15:11:07.276  5135  5135 I SurfaceControl: nativeRelease nativeObject s[477998353504]
08-30 15:11:07.276  5135  5135 I SurfaceControl: nativeRelease nativeObject e[477998353504]
08-30 15:11:07.276  5135  5135 I SurfaceControl: assignNativeObject: nativeObject = 0 Surface(name=null)/@0xd6fa7c2 / android.view.SurfaceControl.readFromParcel:1117 android.view.IWindowSession$Stub$Proxy.relayout:1826 android.view.ViewRootImpl.relayoutWindow:9005 android.view.ViewRootImpl.performTraversals:3360 android.view.ViewRootImpl.doTraversal:2618 android.view.ViewRootImpl$TraversalRunnable.run:9971 android.view.Choreographer$CallbackRecord.run:1010 android.view.Choreographer.doCallbacks:809 android.view.Choreographer.doFrame:744 android.view.Choreographer$FrameDisplayEventReceiver.run:995
08-30 15:11:07.278  5135  5135 I SurfaceControl: assignNativeObject: nativeObject = 0 Surface(name=null)/@0xe42a745 / android.view.SurfaceControl.readFromParcel:1117 android.view.IWindowSession$Stub$Proxy.relayout:1836 android.view.ViewRootImpl.relayoutWindow:9005 android.view.ViewRootImpl.performTraversals:3360 android.view.ViewRootImpl.doTraversal:2618 android.view.ViewRootImpl$TraversalRunnable.run:9971 android.view.Choreographer$CallbackRecord.run:1010 android.view.Choreographer.doCallbacks:809 android.view.Choreographer.doFrame:744 android.view.Choreographer$FrameDisplayEventReceiver.run:995
08-30 15:11:07.281  5135  5135 I SurfaceControl: nativeRelease nativeObject s[476044432800]
08-30 15:11:07.281  5135  5135 I SurfaceControl: nativeRelease nativeObject e[476044432800]
08-30 15:11:07.281  5135  5135 I SurfaceControl: nativeRelease nativeObject s[477998353600]
08-30 15:11:07.281  5135  5135 I SurfaceControl: nativeRelease nativeObject e[477998353600]
08-30 15:11:07.281  5135  5135 I SurfaceControl: nativeRelease nativeObject s[478169917824]
08-30 15:11:07.281  5135  5135 I SurfaceControl: nativeRelease nativeObject e[478169917824]
08-30 15:11:07.281 23627 23627 D LifecycleMonitor: Lifecycle status change: androidx.test.core.app.InstrumentationActivityInvoker$BootstrapActivity@e77fe46 in: CREATED
08-30 15:11:07.282  5135  5135 I ViewRootImpl@fbf3973[LauncherActivity]: Relayout returned: old=(0,0,720,1560) new=(0,0,720,1560) req=(720,1560)8 dur=15 res=0x5 s={false 0} ch=true fn=17
08-30 15:11:07.282  3976  3976 D SurfaceFlinger: Display 0 HWC layers:
08-30 15:11:07.282  3976  3976 D SurfaceFlinger:      DEVICE | 0x75743a60c0 | 0002 | RGBA_8888    |    0.0    0.0  720.0 1560.0 |    0    0  720 1560 | Splash Screen com.example.dogglers#0
08-30 15:11:07.282  3976  3976 D SurfaceFlinger:      DEVICE | 0x75743a6fc0 | 0000 | RGBA_8888    |    0.0    0.0  720.0   53.0 |    0    0  720   53 | StatusBar$_4708#0
08-30 15:11:07.282  3976  3976 D SurfaceFlinger:      DEVICE | 0x74d157fa00 | 0000 | RGBA_8888    |    0.0    0.0   67.0  232.0 |  653  151  720  383 | com.samsung.android.app.cocktailbars[...]rservice.CocktailBarService$_14146#0
08-30 15:11:07.282  3976  3976 D SurfaceFlinger:      DEVICE | 0x75743a7380 | 0000 | RGBA_8888    |    0.0    0.0  720.0   84.0 |    0 1476  720 1560 | NavigationBar0$_4708#0
08-30 15:11:07.282  3976  3976 D SurfaceFlinger:      DEVICE | 0x74f0413e00 | 0000 | RGBA_8888    |    0.0    0.0  720.0  101.0 |    0    0  720  101 | ScreenDecorOverlay$_4708#0
08-30 15:11:07.282  3976  3976 D SurfaceFlinger:      DEVICE | 0x75743a7b00 | 0000 | RGBA_8888    |    0.0    0.0  720.0  101.0 |    0 1459  720 1560 | ScreenDecorOverlayBottom$_4708#0
08-30 15:11:07.282  3976  3976 D SurfaceFlinger:
08-30 15:11:07.282  4349  4586 D PkgPredictorService: com.example.dogglers go to foreground!
08-30 15:11:07.282 23627 23627 V ActivityScenario: Activity lifecycle changed event received but ignored because the intent does not match. startActivityIntent=Intent { act=android.intent.action.MAIN cat=[android.intent.category.LAUNCHER] cmp=com.example.dogglers/.MainActivity }, activity.getIntent()=Intent { act=android.intent.action.MAIN cat=[android.intent.category.LAUNCHER] flg=0x10008000 cmp=com.example.dogglers/androidx.test.core.app.InstrumentationActivityInvoker$BootstrapActivity (has extras) }, activity=androidx.test.core.app.InstrumentationActivityInvoker$BootstrapActivity@e77fe46
08-30 15:11:07.282  4349  4586 E PkgPredictorService-Collector: record changed bt=0  wifi=1 screen=0
08-30 15:11:07.282  4349  4586 D PkgPredictorService: previous pkgs: com.example.dogglers,com.example.dogglers,com.example.dogglers running pkg: com.example.dogglers, uid: 0 is system: false
08-30 15:11:07.282  4349  4586 D PkgPredictorService-Collector: save record...
08-30 15:11:07.282  4349  4586 D PkgPredictorService-Collector:  (hour:15 day:4 previous:[com.example.dogglers, com.example.dogglers, com.example.dogglers] activityName:unknown running:com.example.dogglers userId:0 screenOrientation:0 wifi:1 bt:0 predictTime:2 apkVersion:1.0 consumeTime:-1 preloaded:false>)
08-30 15:11:07.283  4349  4586 D PkgPredictorService-NapPreloadController: User using: com.example.dogglers
08-30 15:11:07.283  4349  4586 I PkgPredictorService-NapClassifier: RF predict version:1693350305206
08-30 15:11:07.284  5135  5135 I SurfaceControl: nativeRelease nativeObject s[477998353504]
08-30 15:11:07.284  5135  5135 I SurfaceControl: nativeRelease nativeObject e[477998353504]
08-30 15:11:07.284  5135  5135 I ViewRootImpl@fbf3973[LauncherActivity]: MSG_WINDOW_FOCUS_CHANGED 0 1
08-30 15:11:07.284  4349  4586 D PkgPredictorService-NapClassifier: Predict result: 207.0,202.0,284.0, - [0_&_org.telegram.messenger, 0_&_com.instagram.android, 0_&_com.ftband.mono]
08-30 15:11:07.292 23627 23627 D LifecycleMonitor: Lifecycle status change: androidx.test.core.app.InstrumentationActivityInvoker$BootstrapActivity@e77fe46 in: STARTED
08-30 15:11:07.293 23627 23627 V ActivityScenario: Activity lifecycle changed event received but ignored because the intent does not match. startActivityIntent=Intent { act=android.intent.action.MAIN cat=[android.intent.category.LAUNCHER] cmp=com.example.dogglers/.MainActivity }, activity.getIntent()=Intent { act=android.intent.action.MAIN cat=[android.intent.category.LAUNCHER] flg=0x10008000 cmp=com.example.dogglers/androidx.test.core.app.InstrumentationActivityInvoker$BootstrapActivity (has extras) }, activity=androidx.test.core.app.InstrumentationActivityInvoker$BootstrapActivity@e77fe46
08-30 15:11:07.324  3976  6075 I SurfaceFlinger: id=37955 createSurf (0x0),-1 flag=80004, ActivityRecord{2765d0e u0 com.example.dogglers/.MainActivity t1409}#0
08-30 15:11:07.327  4349  4371 D EnterpriseDeviceManagerService: isMdmAdminPresentInternal() : MDM Admin Found - com.samsung.knox.securefolder
08-30 15:11:07.331 23627 23627 D LifecycleMonitor: Lifecycle status change: androidx.test.core.app.InstrumentationActivityInvoker$BootstrapActivity@e77fe46 in: RESUMED
08-30 15:11:07.332 23627 23627 V ActivityScenario: Activity lifecycle changed event received but ignored because the intent does not match. startActivityIntent=Intent { act=android.intent.action.MAIN cat=[android.intent.category.LAUNCHER] cmp=com.example.dogglers/.MainActivity }, activity.getIntent()=Intent { act=android.intent.action.MAIN cat=[android.intent.category.LAUNCHER] flg=0x10008000 cmp=com.example.dogglers/androidx.test.core.app.InstrumentationActivityInvoker$BootstrapActivity (has extras) }, activity=androidx.test.core.app.InstrumentationActivityInvoker$BootstrapActivity@e77fe46
08-30 15:11:07.334  4349  4372 I ViewRootImpl@e5177a8[dogglers]: MSG_RESIZED_REPORT: frame=(0,0,720,1560) ci=(0,53,0,0) vi=(0,53,0,0) or=1
08-30 15:11:07.334  4349  4372 I ViewRootImpl@e5177a8[dogglers]: [DP] dp(1) 1 android.view.ViewRootImpl.reportNextDraw:10957 android.view.ViewRootImpl.access$1200:256 android.view.ViewRootImpl$ViewRootHandler.handleMessage:6101
08-30 15:11:07.337 23627 23627 D LifecycleMonitor: Lifecycle status change: androidx.test.core.app.InstrumentationActivityInvoker$BootstrapActivity@e77fe46 in: PAUSED
08-30 15:11:07.338 23627 23627 V ActivityScenario: Activity lifecycle changed event received but ignored because the intent does not match. startActivityIntent=Intent { act=android.intent.action.MAIN cat=[android.intent.category.LAUNCHER] cmp=com.example.dogglers/.MainActivity }, activity.getIntent()=Intent { act=android.intent.action.MAIN cat=[android.intent.category.LAUNCHER] flg=0x10008000 cmp=com.example.dogglers/androidx.test.core.app.InstrumentationActivityInvoker$BootstrapActivity (has extras) }, activity=androidx.test.core.app.InstrumentationActivityInvoker$BootstrapActivity@e77fe46
08-30 15:11:07.342  4349  7427 V WindowOrientationListener: getProposedRotation: -1
08-30 15:11:07.345  4349  7427 D InputDispatcher: Focused application set to (0): 2765d0e
08-30 15:11:07.352  3976  6075 I SurfaceFlinger: id=37956 createSurf (0x0),-1 flag=24000, Surface(name=ActivityRecord{43c5bbc u0 com.example.dogglers/androidx.test.core.app.InstrumentationActivityInvoker$BootstrapActivity t1409})/@0x7d3927 - animation-leash#0
08-30 15:11:07.354  3976  6075 I SurfaceFlinger: id=37957 createSurf (0x0),-1 flag=20004, Dim Layer for - Task=1409 - animating-dim#0
08-30 15:11:07.354  3976  6075 I SurfaceFlinger: id=37958 createSurf (0x0),-1 flag=24000, Surface(name=Dim Layer for - Task=1409 - animating-dim)/@0xd913472 - animation-leash#0
08-30 15:11:07.355  3976  6075 I SurfaceFlinger: id=37959 createSurf (0x0),-1 flag=80004, Surface(name=ActivityRecord{43c5bbc u0 com.example.dogglers/androidx.test.core.app.InstrumentationActivityInvoker$BootstrapActivity t1409})/@0x7d3927 - animation-bounds#0
08-30 15:11:07.356  4349  7427 I SurfaceControl: nativeRelease nativeObject s[476008572192]
08-30 15:11:07.356  4349  7427 I SurfaceControl: nativeRelease nativeObject e[476008572192]
08-30 15:11:07.359  3976  6075 I Layer   : id=37957 removeFromCurrentState Dim Layer for - Task=1409 - animating-dim#0 (97)
08-30 15:11:07.360  3976  6075 I SurfaceFlinger: id=37957 Removed Dim Layer for - Task=1409 - animating-dim#0 (97)
08-30 15:11:07.361  4349  4372 V WindowManager: Relayout Window{d913a66 u0 Splash Screen com.example.dogglers}: viewVisibility=0 req=720x1560
08-30 15:11:07.363  4349  4372 I SurfaceControl: nativeRelease nativeObject s[476016219776]
08-30 15:11:07.363  4349  4372 I SurfaceControl: nativeRelease nativeObject e[476016219776]
08-30 15:11:07.364  4349  4372 V WindowManager: Relayout hash=d913a66, pid=4349: mAttrs={(0,0)(fillxfill) sim={adjust=pan} layoutInDisplayCutoutMode=shortEdges ty=APPLICATION_STARTING wanim=0x1030001
08-30 15:11:07.364  4349  4372 V WindowManager:   fl=1830118
08-30 15:11:07.364  4349  4372 V WindowManager:   pfl=12020011
08-30 15:11:07.364  4349  4372 V WindowManager:   fitSides= naviIconColor=0}
08-30 15:11:07.365  4349  4372 I SurfaceControl: nativeRelease nativeObject s[476017206176]
08-30 15:11:07.365  4349  4372 I SurfaceControl: nativeRelease nativeObject e[476017206176]
08-30 15:11:07.365  4349  4372 I SurfaceControl: nativeRelease nativeObject s[476017206560]
08-30 15:11:07.365  4349  4372 I SurfaceControl: nativeRelease nativeObject e[476017206560]
08-30 15:11:07.365  4349  4372 I ViewRootImpl@e5177a8[dogglers]: Relayout returned: old=(0,0,720,1560) new=(0,0,720,1560) req=(720,1560)0 dur=24 res=0x1 s={true 476020408320} ch=false fn=2
08-30 15:11:07.366  3899 10978 D gralloc : [mali_gralloc_allocate] begin
08-30 15:11:07.366  3899 10978 D gralloc : buffer_descriptor: wh(720 1560) usage_pc(0x966 0x906) hal_format(0x1) layer_count(1) sizes(0 0 0) strde(0) byte_stride(0) alloc_wh(0 0) internal_format(0x0) alloc_format(0x0) fd_count(1) plane_count(0)
08-30 15:11:07.367  3899 10978 D gralloc : [mali_gralloc_allocate] allocation successful
08-30 15:11:07.373  3976  3976 I Layer   : id=37957[1] Destroyed Dim Layer for - Task=1409 - animating-dim#0
08-30 15:11:07.374  4349  4372 I ViewRootImpl@e5177a8[dogglers]: [DP] pdf(0) 1 android.view.ViewRootImpl.performDraw:4809 android.view.ViewRootImpl.performTraversals:3866 android.view.ViewRootImpl.doTraversal:2618
08-30 15:11:07.374  4349  4372 I ViewRootImpl@e5177a8[dogglers]: [DP] rdf()
08-30 15:11:07.374 14146 14146 I TrayStateController: systemUiVisibilityChanged : 0 0
08-30 15:11:07.377 23627 23627 D LifecycleMonitor: Lifecycle status change: com.example.dogglers.MainActivity@4f40c59 in: PRE_ON_CREATE
08-30 15:11:07.377 23627 23627 V ActivityScenario: Activity lifecycle changed event received but ignored because the reported transition was not ON_CREATE while the last known transition was PRE_ON_CREATE
08-30 15:11:07.394  5135  5135 I ViewRootImpl@fbf3973[LauncherActivity]: stopped(true) old=false
08-30 15:11:07.395  5135  5135 I StateManager: goToState isInState Normal
08-30 15:11:07.397  4349  4371 I SemPersonaManager: SecureFolder personaId = 150
08-30 15:11:07.403  5135  5135 W LauncherAppWidgetHost: setListenIfResumed, mFlags = 7
08-30 15:11:07.404  4349  4468 I AppWidgetServiceImpl: stopListening callbacks : null
08-30 15:11:07.404  5135  5135 W Launcher.NotificationListener: removeNotificationsChangedListener
08-30 15:11:07.404  5135  5135 I BadgeCountUpdaterImpl: onNotificationsChangedDisConnected
08-30 15:11:07.404  5135  5135 I Launcher.NotificationListener: unregisterObserver, this is not notificationService!!
08-30 15:11:07.405  5135  5135 I LiveIconUpdateEventHandler: cancelMinuteChangeAlarm
08-30 15:11:07.411  5135  5135 I LiveIconUpdateEventHandler: cancelDateChangeAlarm
08-30 15:11:07.429 23627 23627 I DecorView: [INFO] isPopOver=false, config=true
08-30 15:11:07.429 23627 23627 I DecorView: updateCaptionType >> DecorView@7e57df4[], isFloating=false, isApplication=true, hasWindowDecorCaption=false, hasWindowControllerCallback=true
08-30 15:11:07.430 23627 23627 D DecorView: setCaptionType = 0, this = DecorView@7e57df4[]
08-30 15:11:07.444  4349  4371 D EnterpriseDeviceManagerService: isMdmAdminPresentInternal() : MDM Admin Found - com.samsung.knox.securefolder
08-30 15:11:07.451  5135  5135 I LiveIconUpdateEventHandler: unregisterReceiver
08-30 15:11:07.459  4349  7290 I SurfaceControl: nativeRelease nativeObject s[476016219392]
08-30 15:11:07.459  4349  7290 I SurfaceControl: nativeRelease nativeObject e[476016219392]
08-30 15:11:07.460  3976  4318 I Layer   : id=37941 removeFromCurrentState com.sec.android.app.launcher/com.sec.android.app.launcher.activities.LauncherActivity$_5135#0 (96)
08-30 15:11:07.462 23627 23627 D LifecycleMonitor: Lifecycle status change: com.example.dogglers.MainActivity@4f40c59 in: CREATED
08-30 15:11:07.463 23627 23627 V ActivityScenario: Update currentActivityStage to CREATED, currentActivity=com.example.dogglers.MainActivity@4f40c59
08-30 15:11:07.464  3976  4318 I SurfaceFlinger: id=37941 Removed com.sec.android.app.launcher/com.sec.android.app.launcher.activities.LauncherActivity$_5135#0 (96)
08-30 15:11:07.464  4349  4369 D SehCodecSolutionService: Update top [com.example.dogglers]
08-30 15:11:07.466 23627 23627 D LifecycleMonitor: Lifecycle status change: com.example.dogglers.MainActivity@4f40c59 in: STARTED
08-30 15:11:07.466 23627 23627 V ActivityScenario: Update currentActivityStage to STARTED, currentActivity=com.example.dogglers.MainActivity@4f40c59
08-30 15:11:07.469 23627 23627 D LifecycleMonitor: Lifecycle status change: com.example.dogglers.MainActivity@4f40c59 in: RESUMED
08-30 15:11:07.469 23627 23627 V ActivityScenario: Update currentActivityStage to RESUMED, currentActivity=com.example.dogglers.MainActivity@4f40c59
08-30 15:11:07.473  3976  3976 I Layer   : id=37941[1] Destroyed com.sec.android.app.launcher/com.sec.android.app.launcher.activities.LauncherActivity$_5135#0
08-30 15:11:07.477  4349  4468 D InputTransport: Input channel constructed: '711799c', fd=770
08-30 15:11:07.477  4349  4468 D InputTransport: Input channel constructed: '711799c', fd=772
08-30 15:11:07.478  3976  6075 I SurfaceFlinger: id=37960 createSurf (0x0),-1 flag=80004, 711799c com.example.dogglers/com.example.dogglers.MainActivity#0
08-30 15:11:07.479  4349  4468 D WindowManager: isScreenshotDisabledLocked - win: Window{711799c u0 com.example.dogglers/com.example.dogglers.MainActivity}
08-30 15:11:07.479  4349  4468 D WindowManager: isScreenshotDisabledLocked: userId = 0, disabled =false
08-30 15:11:07.480  4349  4468 D InputTransport: Input channel destroyed: '711799c', fd=772
08-30 15:11:07.481 23627 23627 D InputTransport: Input channel constructed: '711799c', fd=81
08-30 15:11:07.483 23627 23651 W xample.doggler: Accessing hidden method Landroid/view/ViewConfiguration;->getDoubleTapMinTime()I (greylist, reflection, allowed)
08-30 15:11:07.484 23627 23627 I ViewRootImpl@d9ef942[MainActivity]: setView = com.android.internal.policy.DecorView@7e57df4 TM=true
08-30 15:11:07.506  4349  7290 V WindowManager: Relayout Window{711799c u0 com.example.dogglers/com.example.dogglers.MainActivity}: viewVisibility=0 req=720x1560
08-30 15:11:07.508  4349  7290 D WindowManager: isScreenshotDisabledLocked - win: Window{711799c u0 com.example.dogglers/com.example.dogglers.MainActivity}
08-30 15:11:07.508  4349  7290 D WindowManager: isScreenshotDisabledLocked: userId = 0, disabled =false
08-30 15:11:07.509  3976  4318 I SurfaceFlinger: id=37961 createSurf (720x1560),1 flag=404, com.example.dogglers/com.example.dogglers.MainActivity$_23627#0
08-30 15:11:07.511  4349  7290 I SurfaceControl: nativeRelease nativeObject s[476008562688]
08-30 15:11:07.511  4349  7290 I SurfaceControl: nativeRelease nativeObject e[476008562688]
08-30 15:11:07.512 14146 14146 I TrayStateController: systemUiVisibilityChanged : 0 0
08-30 15:11:07.512  3976  4318 I SurfaceFlinger: id=37962 createSurf (0x0),-1 flag=24000, Surface(name=1096c8d StatusBar)/@0xeaf4dd0 - animation-leash#1
08-30 15:11:07.513  4349  7290 I SurfaceControl: nativeRelease nativeObject s[476008562976]
08-30 15:11:07.513  4349  7290 I SurfaceControl: nativeRelease nativeObject e[476008562976]
08-30 15:11:07.513  3976  4318 I SurfaceFlinger: id=37963 createSurf (0x0),-1 flag=24000, Surface(name=b07ecc5 NavigationBar0)/@0xa8376fc - animation-leash#0
08-30 15:11:07.515  4349  7290 V WindowManager: Relayout hash=711799c, pid=23627: mAttrs={(0,0)(fillxfill) sim={adjust=pan forwardNavigation} ty=BASE_APPLICATION wanim=0x1030304
08-30 15:11:07.515  4349  7290 V WindowManager:   fl=81810100
08-30 15:11:07.515  4349  7290 V WindowManager:   pfl=12020000
08-30 15:11:07.515  4349  7290 V WindowManager:   fitSides= naviIconColor=0}
08-30 15:11:07.515  4349  7290 I SurfaceControl: nativeRelease nativeObject s[476016219392]
08-30 15:11:07.515  4349  7290 I SurfaceControl: nativeRelease nativeObject e[476016219392]
08-30 15:11:07.517 23627 23627 I SurfaceControl: assignNativeObject: nativeObject = 0 Surface(name=null)/@0x97c33cb / android.view.SurfaceControl.readFromParcel:1117 android.view.IWindowSession$Stub$Proxy.relayout:1836 android.view.ViewRootImpl.relayoutWindow:9005 android.view.ViewRootImpl.performTraversals:3360 android.view.ViewRootImpl.doTraversal:2618 android.view.ViewRootImpl$TraversalRunnable.run:9971 android.view.Choreographer$CallbackRecord.run:1010 android.view.Choreographer.doCallbacks:809 android.view.Choreographer.doFrame:744 android.view.Choreographer$FrameDisplayEventReceiver.run:995
08-30 15:11:07.519 23627 23627 I ViewRootImpl@d9ef942[MainActivity]: Relayout returned: old=(0,0,720,1560) new=(0,0,720,1560) req=(720,1560)0 dur=13 res=0x7 s={true 478058852352} ch=true fn=-1
08-30 15:11:07.523  3899 10978 D gralloc : [mali_gralloc_allocate] begin
08-30 15:11:07.523  3899 10978 D gralloc : buffer_descriptor: wh(720 1560) usage_pc(0x40000000000b00 0x40000000000b00) hal_format(0x1) layer_count(1) sizes(0 0 0) strde(0) byte_stride(0) alloc_wh(0 0) internal_format(0x0) alloc_format(0x0) fd_count(1) plane_count(0)
08-30 15:11:07.524  3899 10978 D gralloc : [mali_gralloc_allocate] allocation successful
08-30 15:11:07.525  3899 10978 D gralloc : [mali_gralloc_allocate] begin
08-30 15:11:07.525  3976  4002 I Layer   : id=37953 removeFromCurrentState Surface(name=1096c8d StatusBar)/@0xeaf4dd0 - animation-leash#0 (99)
08-30 15:11:07.525  3899 10978 D gralloc : buffer_descriptor: wh(720 1560) usage_pc(0x40000000000b00 0x40000000000b00) hal_format(0x1) layer_count(1) sizes(0 0 0) strde(0) byte_stride(0) alloc_wh(0 0) internal_format(0x0) alloc_format(0x0) fd_count(1) plane_count(0)
08-30 15:11:07.525  3976  4002 I Layer   : id=37954 removeFromCurrentState Surface(name=b07ecc5 NavigationBar0)/@0xa8376fc - animation-leash#1 (99)
08-30 15:11:07.526  3899 10978 D gralloc : [mali_gralloc_allocate] allocation successful
08-30 15:11:07.526  4349  4372 I SurfaceControl: nativeRelease nativeObject s[476008566720]
08-30 15:11:07.526  4349  4372 I SurfaceControl: nativeRelease nativeObject e[476008566720]
08-30 15:11:07.526  4349  4372 I SurfaceControl: nativeRelease nativeObject s[476016219776]
08-30 15:11:07.526  4349  4372 I SurfaceControl: nativeRelease nativeObject e[476016219776]
08-30 15:11:07.526  3976  6075 I SurfaceFlinger: id=37954 Removed Surface(name=b07ecc5 NavigationBar0)/@0xa8376fc - animation-leash#1 (99)
08-30 15:11:07.526  3976  6075 I SurfaceFlinger: id=37953 Removed Surface(name=1096c8d StatusBar)/@0xeaf4dd0 - animation-leash#0 (99)
08-30 15:11:07.527  3899 10978 D gralloc : [mali_gralloc_allocate] begin
08-30 15:11:07.527  3899 10978 D gralloc : buffer_descriptor: wh(720 1560) usage_pc(0x40000000000b00 0x40000000000b00) hal_format(0x1) layer_count(1) sizes(0 0 0) strde(0) byte_stride(0) alloc_wh(0 0) internal_format(0x0) alloc_format(0x0) fd_count(1) plane_count(0)
08-30 15:11:07.528 23627 23627 I ViewRootImpl@d9ef942[MainActivity]: [DP] dp(1) 1 android.view.ViewRootImpl.reportNextDraw:10957 android.view.ViewRootImpl.performTraversals:3845 android.view.ViewRootImpl.doTraversal:2618
08-30 15:11:07.528 23627 23627 I ViewRootImpl@d9ef942[MainActivity]: [DP] pd() Asnyc report
08-30 15:11:07.530  3899 10978 D gralloc : [mali_gralloc_allocate] allocation successful
08-30 15:11:07.540  3976  3976 I Layer   : id=37953[1] Destroyed Surface(name=1096c8d StatusBar)/@0xeaf4dd0 - animation-leash#0
08-30 15:11:07.540  3976  3976 I Layer   : id=37954[1] Destroyed Surface(name=b07ecc5 NavigationBar0)/@0xa8376fc - animation-leash#1
08-30 15:11:07.552 23627 23627 I ViewRootImpl@d9ef942[MainActivity]: [DP] pdf(0) 1 android.view.ViewRootImpl.lambda$performDraw$1$ViewRootImpl:4668 android.view.-$$Lambda$ViewRootImpl$DJd0VUYJgsebcnSohO6h8zc_ONI.run:6 android.os.Handler.handleCallback:938
08-30 15:11:07.552 23627 23627 I ViewRootImpl@d9ef942[MainActivity]: [DP] rdf()
08-30 15:11:07.557  4349  4372 D PkgPredictorService: pkg:com.example.dogglers activity:com.example.dogglers.MainActivity thisTime:378
08-30 15:11:07.558  4349  4372 D PkgPredictorService-Collector: update activity launch time: MainActivity : 378
08-30 15:11:07.558  4349  4372 I SemDvfsHyPerManager: acquire hyper - AMS_RESUME_TAIL/4349@18, type = -999
08-30 15:11:07.558  4349  4372 I SemDvfsHyPerManager: acquire hyper - AMS_ACT_LAZY/4349@19, type = -999
08-30 15:11:07.558  3927  3954 I HYPER-HAL: [RequestManager.cpp]acquire(): Acquired ID : 9537546  [4349 / 18]    HINT : AMS_RESUME_TAIL    list :
08-30 15:11:07.558  4349  4376 D ArtManagerInternalImpl: /data/misc/iorapd/com.example.dogglers/1/com.example.dogglers.MainActivity/compiled_traces/compiled_trace.pb doesn't exist
08-30 15:11:07.560  3927  3954 E HYPER-HAL: [HandlerSysfs.cpp]doResourceHandling(): Couldn't Open Sysfs - /sys/power/cstate_control
08-30 15:11:07.560  3927  3954 I HYPER-HAL: [ResourceManager.cpp]updateResource(): [CPUMinFreq] UpdateResource Request ID : 9537546    Value : 1560000
08-30 15:11:07.560  3927  3954 I HYPER-HAL: [RequestManager.cpp]acquire(): Acquired ID : 9541915  [4349 / 19]    HINT :      list :
08-30 15:11:07.561  3927  3954 E HYPER-HAL: [Request.cpp]acquire(): Request:: id : 9541915, No Resource to set
08-30 15:11:07.561  3927  3954 E HYPER-HAL: [HandlerSysfs.cpp]doResourceHandling(): Couldn't Open Sysfs - /sys/power/cstate_control
08-30 15:11:07.561  3927  3954 I HYPER-HAL: [ResourceManager.cpp]removeResource(): [CPUMinFreq] RemoveResource Request ID : 9546285
08-30 15:11:07.561  4349  4376 I ActivityTaskManager: Displayed com.example.dogglers/.MainActivity: +378ms
08-30 15:11:07.561  3927  3954 I HYPER-HAL: [RequestManager.cpp]releaseLocked(): Released ID : 9546285
08-30 15:11:07.562  5589  5589 E pageboostd: Received HALT command code 2
08-30 15:11:07.566  4349  4372 D ViewRootImpl@e5177a8[dogglers]: dispatchDetachedFromWindow: reset blurmask
08-30 15:11:07.566  4349  4372 I ViewRootImpl@e5177a8[dogglers]: dispatchDetachedFromWindow
08-30 15:11:07.566  4349  4372 I SurfaceControl: nativeRelease nativeObject s[476008566816]
08-30 15:11:07.566  4349  4372 I SurfaceControl: nativeRelease nativeObject e[476008566816]
08-30 15:11:07.567  4349  4372 D InputTransport: Input channel destroyed: 'd913a66', fd=724
08-30 15:11:07.568  3976  4318 I SurfaceFlinger: id=37964 createSurf (0x0),-1 flag=24000, Surface(name=d913a66 Splash Screen com.example.dogglers)/@0xabf3c1a - animation-leash#0
08-30 15:11:07.574  4349  4372 D InputTransport: Input channel destroyed: 'd913a66', fd=725
08-30 15:11:07.575  4349  7290 I InputDispatcher: Focus entered window (23627): 711799c in display 0 0
08-30 15:11:07.576 23627 23627 D RootViewPicker: Root not ready - waiting: 10ms for one to appear.
08-30 15:11:07.578 23627 23627 I ViewRootImpl@d9ef942[MainActivity]: MSG_WINDOW_FOCUS_CHANGED 1 1
08-30 15:11:07.578 23627 23627 D InputMethodManager: prepareNavigationBarInfo() DecorView@7e57df4[MainActivity]
08-30 15:11:07.578 23627 23627 D InputMethodManager: getNavigationBarColor() -16711423
08-30 15:11:07.581 23627 23627 D InputMethodManager: prepareNavigationBarInfo() DecorView@7e57df4[MainActivity]
08-30 15:11:07.581 23627 23627 D InputMethodManager: getNavigationBarColor() -16711423
08-30 15:11:07.581 23627 23627 V InputMethodManager: Starting input: tba=com.example.dogglers ic=null mNaviBarColor -16711423 mIsGetNaviBarColorSuccess true , NavVisible : true , NavTrans : false
08-30 15:11:07.581 23627 23627 D InputMethodManager: startInputInner - Id : 0
08-30 15:11:07.581 23627 23627 I InputMethodManager: startInputInner - mService.startInputOrWindowGainedFocus
08-30 15:11:07.582  4349  7290 D InputMethodManagerService: mSecureKeypadEnabled = false
08-30 15:11:07.582  4349  7290 V InputMethodManagerService: hideCurrentInputLocked : shouldHideSoftInput is false
08-30 15:11:07.583  4349  7290 D InputMethodManagerService: mDesktopModeManager null!
08-30 15:11:07.583  4349  7290 V InputMethodManagerService: getDisplayIdOfInputMethodWindowToBeAdded : 0
08-30 15:11:07.583  4349  7290 D SamsungIMMSHWKeyboard: isConnectedDexOnPC false
08-30 15:11:07.583  4349  7290 D InputMethodManagerService: isImeSwitcherDisabledPackage : false
08-30 15:11:07.584  4349  7290 D InputMethodManagerService: checkDisplayOfStartInputAndUpdateKeyboard display Id 0last 0
08-30 15:11:07.584  4349  7290 D InputTransport: Input channel constructed: 'ClientS', fd=724
08-30 15:11:07.584  4349  7290 D InputTransport: Input channel destroyed: 'ClientS', fd=724
08-30 15:11:07.585 23627 23627 D InputTransport: Input channel constructed: 'ClientS', fd=88
08-30 15:11:07.585  4349  4468 I SurfaceControl: nativeRelease nativeObject s[476016225824]
08-30 15:11:07.586  4349  4468 I SurfaceControl: nativeRelease nativeObject e[476016225824]
08-30 15:11:07.586  3976  4318 I SurfaceFlinger: id=37965 createSurf (0x0),-1 flag=24004, Surface(name=749d536 InputMethod)/@0x72f94d3 - animation-leash#0
08-30 15:11:07.587  7475  7475 I HBD     : HoneyBoardService onFinishInput
08-30 15:11:07.588  7475  7475 I HBD     : a IC have been unbinded,  InputConnectionWrapper{idHash=#a110f99 mMissingMethods=}
08-30 15:11:07.588  7475  7475 I HBD     : HoneyBoardService [PF_CL][onFinishInput]  349847 ns
08-30 15:11:07.588  7475  7475 I HBD     : HoneyBoardService [IMI] onStartInput - caller pid : 23627 , caller uid : 10429
08-30 15:11:07.588  7475  7475 I HBD     : i updateConfigs
08-30 15:11:07.588  7475  7475 I HBD     : i isEnabledNightMode : true
08-30 15:11:07.589  7475  7475 I HBD     : a IC have been binded, InputConnectionWrapper{idHash=#90f863f mMissingMethods=}
08-30 15:11:07.589  7475  7475 I HBD     : h [EditorInputType]setPrivateImeOptionsToTable privateImeOptions ( null )
08-30 15:11:07.589  7475  7475 I HBD     : b incognitoMode : false
08-30 15:11:07.590  7475  7475 I HBD     : a needOff = true , isForceOff = false, isNullInputClass : true
08-30 15:11:07.590  3976  4318 I Layer   : id=37948 removeFromCurrentState Surface(name=749d536 InputMethod)/@0x72f94d3 - animation-leash#1 (99)
08-30 15:11:07.590  7475  7475 I HBD     : h getDefaultInputRange : UNKNOWN
08-30 15:11:07.590  7475  7475 I HBD     : h getDefaultInputRange : UNKNOWN
08-30 15:11:07.590  7475  7475 I HBD     : h getDefaultInputRange : UNKNOWN
08-30 15:11:07.591  5135  5135 I SurfaceControl: nativeRelease nativeObject s[478247337088]
08-30 15:11:07.591  5135  5135 I SurfaceControl: nativeRelease nativeObject e[478247337088]
08-30 15:11:07.591  4349  7290 D SdpManagerService: Not an enterprise user : 0
08-30 15:11:07.591  4349  7290 D SdpManagerService: Not an enterprise user : 0
08-30 15:11:07.594  7475  7475 I HBD     : h getDefaultInputRange : UNKNOWN
08-30 15:11:07.594  7475  7475 I HBD     : a currentState : 0
08-30 15:11:07.596  4349  4468 D SamsungIMMSHWKeyboard: isConnectedDexOnPC false
08-30 15:11:07.596  4349  4468 D InputMethodManagerService: isImeSwitcherDisabledPackage : false
08-30 15:11:07.597 23627 23627 I SurfaceControl: nativeRelease nativeObject s[478247331904]
08-30 15:11:07.597 23627 23627 I SurfaceControl: nativeRelease nativeObject e[478247331904]
08-30 15:11:07.597 23627 23627 I SurfaceControl: nativeRelease nativeObject s[478247331808]
08-30 15:11:07.597 23627 23627 I SurfaceControl: nativeRelease nativeObject e[478247331808]
08-30 15:11:07.597  4349  4577 W SemWifiTransportLayerUtils: getApplicationCategory - IOException com.example.dogglers
08-30 15:11:07.597  4349  4577 W System.err: java.io.FileNotFoundException: https://play.google.com/store/apps/details?id=com.example.dogglers&hl=en
08-30 15:11:07.597  4349  4577 W System.err: 	at com.android.okhttp.internal.huc.HttpURLConnectionImpl.getInputStream(HttpURLConnectionImpl.java:255)
08-30 15:11:07.597  4349  4577 W System.err: 	at com.android.okhttp.internal.huc.DelegatingHttpsURLConnection.getInputStream(DelegatingHttpsURLConnection.java:211)
08-30 15:11:07.598  4349  4577 W System.err: 	at com.android.okhttp.internal.huc.HttpsURLConnectionImpl.getInputStream(HttpsURLConnectionImpl.java:30)
08-30 15:11:07.598  4349  4577 W System.err: 	at com.samsung.android.server.wifi.tcp.SemWifiTransportLayerUtils.getApplicationCategory(SemWifiTransportLayerUtils.java:103)
08-30 15:11:07.598  4349  4577 W System.err: 	at com.samsung.android.server.wifi.tcp.SemWifiTransportLayerMonitor$TcpMonitorHandler.handleMessage(SemWifiTransportLayerMonitor.java:242)
08-30 15:11:07.598  4349  4577 W System.err: 	at android.os.Handler.dispatchMessage(Handler.java:106)
08-30 15:11:07.598  4349  4577 W System.err: 	at android.os.Looper.loop(Looper.java:246)
08-30 15:11:07.598  4349  4577 W System.err: 	at android.os.HandlerThread.run(HandlerThread.java:67)
08-30 15:11:07.598  4349  4577 D SemWifiTransportLayerMonitor.TcpMonitorHandler: MSG_SAVE_PACKAGE_INFO
08-30 15:11:07.598  4349  4577 D SemWifiTransportLayerFileManager: saveWifiPackageInfoToFile
08-30 15:11:07.599  4349  4577 D SemWifiTransportLayerFileManager: writeWifiPackageInfoList
08-30 15:11:07.599  7475  7475 I HBD     : h load selected json info : {"version":"1.0","currentLanguageOrder":2,"selected":[{"activeOptionList":["auto_replace","spell_check","auto_spacing"],"engName":"Russian","id":3342336,"inputType":"qwerty","isUsed":true},{"activeOptionList":["auto_replace","spell_check","auto_spacing"],"engName":"English","id":65537,"inputType":"qwerty","isUsed":true},{"activeOptionList":["auto_replace","spell_check","auto_spacing"],"engName":"Ukrainian","id":4456448,"inputType":"qwerty","isUsed":true}]}
08-30 15:11:07.600  7475  7475 I HBD     : a [UpdatePolicy] [post] a: 0 cl: 4456448 kit: [0/0] vt: 0 ir: 1
08-30 15:11:07.600 23627 23627 I ViewInteraction: Performing 'single click' action on view view.getId() is <2131230947/com.example.dogglers:id/horizontal_btn>
08-30 15:11:07.601  7475  7475 I HBD     : HoneyBoardService [PF_OP][onStartInput]  12724115 ns
08-30 15:11:07.606  4349  5464 D InputDispatcher: Inject motion (23627): action=0x0, time=302799413000000, f=0x0, d=0
08-30 15:11:07.606  4349  4492 D InputDispatcher: pointer touchable region used!
08-30 15:11:07.606  4349  4492 D InputDispatcher: pointer touchable region used!
08-30 15:11:07.606  4349  4492 W InputDispatcher: obscured by Splash Screen
08-30 15:11:07.606  4349  4492 D InputDispatcher: pointer touchable region used!
08-30 15:11:07.606  4349  4492 I InputDispatcher: Delivering touch to (4708): action: 0x4, f=0x0, d=0, 'b07ecc5', t=0
08-30 15:11:07.607  4349  4492 I InputDispatcher: Delivering touch to (23627): action: 0x0, f=0x1, d=0, '711799c', t=0
08-30 15:11:07.607 23627 23627 I ViewRootImpl@d9ef942[MainActivity]: ViewPostIme pointer 0
08-30 15:11:07.607  5135  5135 W RecentsAnimationDeviceState: isInSwipeUpTouchRegion = false
08-30 15:11:07.609  3881  3886 E statsd  : Predicate -7037417284711607308 dropping data for dimension key (10)0x2010101->10429[I] (10)0x30000->*launch*[S]
08-30 15:11:07.612  5135  5135 W TouchInteractionService: onInputEvent, inputConsumer = com.android.quickstep.-$$Lambda$InputConsumer$pgTpBxbssXPLgozwhOXQifnNImE@5e570d
08-30 15:11:07.613  3976  3976 D SurfaceFlinger: Display 0 HWC layers:
08-30 15:11:07.613  3976  3976 D SurfaceFlinger:      DEVICE | 0x75743a4f40 | 0002 | RGBA_8888    |    0.0    0.0  720.0 1560.0 |    0    0  720 1560 | com.example.dogglers/com.example.dogglers.MainActivity$_23627#0
08-30 15:11:07.613  3976  3976 D SurfaceFlinger:      DEVICE | 0x75743a6e80 | 0002 | RGBA_8888    |    0.0    0.0  720.0 1560.0 |    0    0  720 1560 | Splash Screen com.example.dogglers#0
08-30 15:11:07.613  3976  3976 D SurfaceFlinger:      DEVICE | 0x75743a6fc0 | 0000 | RGBA_8888    |    0.0    0.0  720.0   53.0 |    0    0  720   53 | StatusBar$_4708#0
08-30 15:11:07.613  3976  3976 D SurfaceFlinger:      DEVICE | 0x74d157fa00 | 0000 | RGBA_8888    |    0.0    0.0   67.0  232.0 |  653  151  720  383 | com.samsung.android.app.cocktailbars[...]rservice.CocktailBarService$_14146#0
08-30 15:11:07.613  3976  3976 D SurfaceFlinger:      DEVICE | 0x75743a7380 | 0000 | RGBA_8888    |    0.0    0.0  720.0   84.0 |    0 1476  720 1560 | NavigationBar0$_4708#0
08-30 15:11:07.613  3976  3976 D SurfaceFlinger:      DEVICE | 0x74f0413e00 | 0000 | RGBA_8888    |    0.0    0.0  720.0  101.0 |    0    0  720  101 | ScreenDecorOverlay$_4708#0
08-30 15:11:07.613  3976  3976 D SurfaceFlinger:      DEVICE | 0x75743a7b00 | 0000 | RGBA_8888    |    0.0    0.0  720.0  101.0 |    0 1459  720 1560 | ScreenDecorOverlayBottom$_4708#0
08-30 15:11:07.614  3976  3976 D SurfaceFlinger:
08-30 15:11:07.623  4349  4372 I SurfaceControl: nativeRelease nativeObject s[476016219776]
08-30 15:11:07.623  4349  4372 I SurfaceControl: nativeRelease nativeObject e[476016219776]
08-30 15:11:07.624  4349  4372 I SurfaceControl: nativeRelease nativeObject s[476016220352]
08-30 15:11:07.624  4349  4372 I SurfaceControl: nativeRelease nativeObject e[476016220352]
08-30 15:11:07.624  3976  5385 I Layer   : id=37952 removeFromCurrentState Splash Screen com.example.dogglers#0 (99)
08-30 15:11:07.624  4349  4372 I SurfaceControl: nativeRelease nativeObject s[476021493312]
