08-30 15:11:25.712 23627 23651 I TestRunner: started: horizontal_scrolling(com.example.dogglers.HorizontalListTests)
08-30 15:11:25.722 23627 23651 W Settings: Setting always_finish_activities has moved from android.provider.Settings.System to android.provider.Settings.Global, returning read-only value.
08-30 15:11:25.735  4349  5520 I SemDvfsHyPerManager: acquire hyper - AMS_APP_SWITCH/4349@20, type = -999
08-30 15:11:25.736  3927  3954 I HYPER-HAL: [RequestManager.cpp]acquire(): Acquired ID : 9546285  [4349 / 20]    HINT : AMS_APP_SWITCH    list :
08-30 15:11:25.737  3927  3954 E HYPER-HAL: [HandlerSysfs.cpp]doResourceHandling(): Couldn't Open Sysfs - /sys/power/cstate_control
08-30 15:11:25.737  3976  4318 I SurfaceFlinger: id=38417 createSurf (0x0),-1 flag=24004, Task=1420#0
08-30 15:11:25.738  3927  3954 I HYPER-HAL: [ResourceManager.cpp]updateResource(): [CPUMinFreq] UpdateResource Request ID : 9546285    Value : 1768000
08-30 15:11:25.742  3976  4318 I SurfaceFlinger: id=38418 createSurf (0x0),-1 flag=80004, ActivityRecord{82a3c76 u0 com.example.dogglers/androidx.test.core.app.InstrumentationActivityInvoker$BootstrapActivity t1420}#0
08-30 15:11:25.745  4349  5464 V WindowOrientationListener: getProposedRotation: -1
08-30 15:11:25.747  3881  3886 E statsd  : Predicate -7037417284711607308 dropping data for dimension key (10)0x2010101->10429[I] (10)0x30000->*launch*[S]
08-30 15:11:25.749  4349  5464 I SemDvfsHyPerManager: acquire hyper - AMS_APP_LAUNCH/4349@17, type = -999
08-30 15:11:25.750  3927  3954 I HYPER-HAL: [RequestManager.cpp]acquire(): Acquired ID : 9533178  [4349 / 17]    HINT : AMS_APP_LAUNCH    list :
08-30 15:11:25.750  3927  3954 E HYPER-HAL: [HandlerSysfs.cpp]doResourceHandling(): Couldn't Open Sysfs - /sys/power/cstate_control
08-30 15:11:25.750  3927  3954 I HYPER-HAL: [ResourceManager.cpp]updateResource(): [CPUMinFreq] UpdateResource Request ID : 9533178    Value : 1768000
08-30 15:11:25.752  5135  5135 I DragController: endDrag
08-30 15:11:25.752  5135  5135 I SPayUpdater: updateSpayHandler launcher activity is paused false
08-30 15:11:25.754  4349  5464 D SecContentProvider: query(), uri = 17 selection = isSettingsChangesAllowed
08-30 15:11:25.756  4349  6779 V WindowOrientationListener: getProposedRotation: -1
08-30 15:11:25.756  4349  6779 V WindowOrientationListener: getProposedRotation: -1
08-30 15:11:25.759  4349  6779 V WindowOrientationListener: getProposedRotation: -1
08-30 15:11:25.764  4349  6779 D InputDispatcher: Focused application set to (0): 82a3c76
08-30 15:11:25.768  4349  4496 I SemPersonaManager: SecureFolder personaId = 150
08-30 15:11:25.787  3927 24006 E HYPER-HAL: [HandlerSysfs.cpp]doResourceHandling(): Couldn't Open Sysfs - /sys/power/cstate_control
08-30 15:11:25.788  3927 24006 I HYPER-HAL: [ResourceManager.cpp]removeResource(): [CPUMinFreq] RemoveResource Request ID : 9611955
08-30 15:11:25.788  3927 24006 I HYPER-HAL: [RequestManager.cpp]releaseLocked(): Released ID : 9611955
08-30 15:11:25.807  3927 23992 E HYPER-HAL: [HandlerSysfs.cpp]doResourceHandling(): Couldn't Open Sysfs - /sys/power/cstate_control
08-30 15:11:25.807  3927 23992 I HYPER-HAL: [ResourceManager.cpp]removeResource(): [CPUMinFreq] RemoveResource Request ID : 9537546
08-30 15:11:25.807  3927 23992 I HYPER-HAL: [RequestManager.cpp]releaseLocked(): Released ID : 9537546
08-30 15:11:25.822  4349  6779 V WindowManager: Relayout Window{b49dc7f u0 com.sec.android.app.launcher/com.sec.android.app.launcher.activities.LauncherActivity}: viewVisibility=0 req=720x1560
08-30 15:11:25.826  4349  4372 D InputTransport: Input channel constructed: 'de01d2b', fd=715
08-30 15:11:25.826  4349  4372 D InputTransport: Input channel constructed: 'de01d2b', fd=716
08-30 15:11:25.827  3976  5385 I SurfaceFlinger: id=38419 createSurf (0x0),-1 flag=80004, de01d2b Splash Screen com.example.dogglers#0
08-30 15:11:25.827  4349  6779 V WindowManager: Relayout hash=b49dc7f, pid=5135: mAttrs={(0,0)(fillxfill) sim={adjust=nothing} layoutInDisplayCutoutMode=shortEdges ty=BASE_APPLICATION fmt=TRANSPARENT wanim=0x10302f2
08-30 15:11:25.827  4349  6779 V WindowManager:   fl=81910100
08-30 15:11:25.827  4349  6779 V WindowManager:   pfl=16020000
08-30 15:11:25.827  4349  6779 V WindowManager:   vsysui=1700
08-30 15:11:25.827  4349  6779 V WindowManager:   bhv=SHOW_TRANSIENT_BARS_BY_SWIPE
08-30 15:11:25.827  4349  6779 V WindowManager:   fitSides= naviIconColor=0}
08-30 15:11:25.827  4349  6779 I SurfaceControl: nativeRelease nativeObject s[476008564800]
08-30 15:11:25.827  4349  6779 I SurfaceControl: nativeRelease nativeObject e[476008564800]
08-30 15:11:25.828  5135  5135 I SurfaceControl: nativeRelease nativeObject s[478247340448]
08-30 15:11:25.828  5135  5135 I SurfaceControl: nativeRelease nativeObject e[478247340448]
08-30 15:11:25.828  5135  5135 I SurfaceControl: assignNativeObject: nativeObject = 0 Surface(name=null)/@0xe42a745 / android.view.SurfaceControl.readFromParcel:1117 android.view.IWindowSession$Stub$Proxy.relayout:1836 android.view.ViewRootImpl.relayoutWindow:9005 android.view.ViewRootImpl.performTraversals:3360 android.view.ViewRootImpl.doTraversal:2618 android.view.ViewRootImpl$TraversalRunnable.run:9971 android.view.Choreographer$CallbackRecord.run:1010 android.view.Choreographer.doCallbacks:809 android.view.Choreographer.doFrame:744 android.view.Choreographer$FrameDisplayEventReceiver.run:995
08-30 15:11:25.829  5135  5135 I SurfaceControl: nativeRelease nativeObject s[478247338432]
08-30 15:11:25.829  5135  5135 I SurfaceControl: nativeRelease nativeObject e[478247338432]
08-30 15:11:25.829  5135  5135 I SurfaceControl: nativeRelease nativeObject s[477998351200]
08-30 15:11:25.829  5135  5135 I SurfaceControl: nativeRelease nativeObject e[477998351200]
08-30 15:11:25.829  5135  5135 I SurfaceControl: nativeRelease nativeObject s[477998350432]
08-30 15:11:25.829  5135  5135 I SurfaceControl: nativeRelease nativeObject e[477998350432]
08-30 15:11:25.829  5135  5135 I ViewRootImpl@fbf3973[LauncherActivity]: Relayout returned: old=(0,0,720,1560) new=(0,0,720,1560) req=(720,1560)0 dur=8 res=0x1 s={true 476610932736} ch=false fn=18
08-30 15:11:25.829 23627 23627 D LifecycleMonitor: Lifecycle status change: androidx.test.core.app.InstrumentationActivityInvoker$BootstrapActivity@f59b616 in: PRE_ON_CREATE
08-30 15:11:25.829  4349  4372 I ViewRootImpl@ebca17a[dogglers]: setView = com.android.internal.policy.DecorView@189eb21 TM=true
08-30 15:11:25.830 23627 23627 V ActivityScenario: Activity lifecycle changed event received but ignored because the intent does not match. startActivityIntent=Intent { act=android.intent.action.MAIN cat=[android.intent.category.LAUNCHER] cmp=com.example.dogglers/.HorizontalListActivity }, activity.getIntent()=Intent { act=android.intent.action.MAIN cat=[android.intent.category.LAUNCHER] flg=0x10008000 cmp=com.example.dogglers/androidx.test.core.app.InstrumentationActivityInvoker$BootstrapActivity (has extras) }, activity=androidx.test.core.app.InstrumentationActivityInvoker$BootstrapActivity@f59b616
08-30 15:11:25.833  4349  4372 V WindowManager: Relayout Window{de01d2b u0 Splash Screen com.example.dogglers}: viewVisibility=0 req=720x1560
08-30 15:11:25.835  4349  4372 D WindowManager: isScreenshotDisabledLocked - win: Window{de01d2b u0 Splash Screen com.example.dogglers}
08-30 15:11:25.835  4349  4372 D WindowManager: isScreenshotDisabledLocked: userId = 0, disabled =false
08-30 15:11:25.836  3976  5385 I SurfaceFlinger: id=38420 createSurf (720x1560),1 flag=404, Splash Screen com.example.dogglers#0
08-30 15:11:25.839  4349  4372 V WindowManager: Relayout hash=de01d2b, pid=4349: mAttrs={(0,0)(fillxfill) sim={adjust=pan} layoutInDisplayCutoutMode=shortEdges ty=APPLICATION_STARTING wanim=0x1030001
08-30 15:11:25.839  4349  4372 V WindowManager:   fl=1830118
08-30 15:11:25.839  4349  4372 V WindowManager:   pfl=12020011
08-30 15:11:25.839  4349  4372 V WindowManager:   fitSides= naviIconColor=0}
08-30 15:11:25.839  4349  4372 I ViewRootImpl@ebca17a[dogglers]: Relayout returned: old=(0,0,720,1560) new=(0,0,720,1560) req=(720,1560)0 dur=6 res=0x7 s={true 476020408320} ch=true fn=-1
08-30 15:11:25.840  4349  4372 I ViewRootImpl@ebca17a[dogglers]: [DP] dp(1) 1 android.view.ViewRootImpl.reportNextDraw:10957 android.view.ViewRootImpl.performTraversals:3845 android.view.ViewRootImpl.doTraversal:2618
08-30 15:11:25.841  3899  3953 D gralloc : [mali_gralloc_allocate] begin
08-30 15:11:25.841  3899  3953 D gralloc : buffer_descriptor: wh(720 1560) usage_pc(0x966 0x906) hal_format(0x1) layer_count(1) sizes(0 0 0) strde(0) byte_stride(0) alloc_wh(0 0) internal_format(0x0) alloc_format(0x0) fd_count(1) plane_count(0)
08-30 15:11:25.841  3899  3953 D gralloc : [mali_gralloc_allocate] allocation successful
08-30 15:11:25.846  4349  5108 I InputDispatcher: Focus left window (5135): b49dc7f in display 0 0
08-30 15:11:25.847  5135  5135 I ViewRootImpl@fbf3973[LauncherActivity]: MSG_WINDOW_FOCUS_CHANGED 0 1
08-30 15:11:25.848  4349  4372 I ViewRootImpl@ebca17a[dogglers]: [DP] pdf(0) 1 android.view.ViewRootImpl.performDraw:4809 android.view.ViewRootImpl.performTraversals:3866 android.view.ViewRootImpl.doTraversal:2618
08-30 15:11:25.848  4349  4372 I ViewRootImpl@ebca17a[dogglers]: [DP] rdf()
08-30 15:11:25.849  4349  4574 D WifiConnectivityMonitor: Stop WCM Poll. cnt : 9
08-30 15:11:25.854  3976  4318 I SurfaceFlinger: id=38421 createSurf (0x0),-1 flag=24000, Surface(name=Task=1)/@0x4660384 - animation-leash#0
08-30 15:11:25.857  3976  4318 I SurfaceFlinger: id=38422 createSurf (0x0),-1 flag=24004, Surface(name=Task=1420)/@0x55c8d1e - animation-leash#0
08-30 15:11:25.860  4349  4372 I SurfaceControl: nativeRelease nativeObject s[477996351936]
08-30 15:11:25.860  4349  4372 I SurfaceControl: nativeRelease nativeObject e[477996351936]
08-30 15:11:25.860 14146 14146 I TrayStateController: systemUiVisibilityChanged : 2 0
08-30 15:11:25.861  3976  4318 I SurfaceFlinger: id=38423 createSurf (0x0),-1 flag=24000, Surface(name=1096c8d StatusBar)/@0xeaf4dd0 - animation-leash#1
08-30 15:11:25.862  4349  4372 I SurfaceControl: nativeRelease nativeObject s[477996347904]
08-30 15:11:25.862  4349  4372 I SurfaceControl: nativeRelease nativeObject e[477996347904]
08-30 15:11:25.862  3976  4318 I SurfaceFlinger: id=38424 createSurf (0x0),-1 flag=24000, Surface(name=b07ecc5 NavigationBar0)/@0xa8376fc - animation-leash#0
08-30 15:11:25.865  3976  4318 I Layer   : id=38410 removeFromCurrentState Surface(name=1096c8d StatusBar)/@0xeaf4dd0 - animation-leash#0 (93)
08-30 15:11:25.865  3976  4318 I Layer   : id=38411 removeFromCurrentState Surface(name=b07ecc5 NavigationBar0)/@0xa8376fc - animation-leash#1 (93)
08-30 15:11:25.867  5135  5135 I SurfaceControl: nativeRelease nativeObject s[476609857728]
08-30 15:11:25.867  5135  5135 I SurfaceControl: nativeRelease nativeObject e[476609857728]
08-30 15:11:25.867  5135  5135 I SurfaceControl: nativeRelease nativeObject s[478247340256]
08-30 15:11:25.867  5135  5135 I SurfaceControl: nativeRelease nativeObject e[478247340256]
08-30 15:11:25.867  5135  5135 I SurfaceControl: nativeRelease nativeObject s[478247340448]
08-30 15:11:25.867  5135  5135 I SurfaceControl: nativeRelease nativeObject e[478247340448]
08-30 15:11:25.873  8169  8565 W SQLiteConnectionPool: The connection pool for database '+data+user+0+com_microsoft_appmanager+databases+AriaStorage_db' has been unable to grant a connection to thread 537 (Aria-Stats-thread-1) with flags 0x2 for 270349.03 seconds.
08-30 15:11:25.873  8169  8565 W SQLiteConnectionPool: Connections: 0 active, 1 idle, 0 available.
08-30 15:11:25.875  4349  4369 D SehCodecSolutionService: Update top [com.example.dogglers]
08-30 15:11:25.877 13855 13915 I Rubin   : [72465] LoggingEventHelper.notifyUpdatedWithValue(LoggingEventHelper.java:58) : Notify AppUsageLogger's database is updated.
08-30 15:11:25.877 23627 23627 I DecorView: [INFO] isPopOver=false, config=true
08-30 15:11:25.878 23627 23627 I DecorView: updateCaptionType >> DecorView@d1d0184[], isFloating=false, isApplication=true, hasWindowDecorCaption=false, hasWindowControllerCallback=true
08-30 15:11:25.878 23627 23627 D DecorView: setCaptionType = 0, this = DecorView@d1d0184[]
08-30 15:11:25.879  4349  4586 D PkgPredictorService: com.example.dogglers go to foreground!
08-30 15:11:25.879  4349  4586 E PkgPredictorService-Collector: record changed bt=0  wifi=1 screen=0
08-30 15:11:25.879  4349  4586 D PkgPredictorService: previous pkgs: com.example.dogglers,com.example.dogglers,com.example.dogglers running pkg: com.example.dogglers, uid: 0 is system: false
08-30 15:11:25.880  4349  4586 D PkgPredictorService-Collector: save record...
08-30 15:11:25.880  4349  4586 D PkgPredictorService-Collector:  (hour:15 day:4 previous:[com.example.dogglers, com.example.dogglers, com.example.dogglers] activityName:unknown running:com.example.dogglers userId:0 screenOrientation:0 wifi:1 bt:0 predictTime:1 apkVersion:1.0 consumeTime:-1 preloaded:false>)
08-30 15:11:25.880  4349  4586 D PkgPredictorService-NapPreloadController: User using: com.example.dogglers
08-30 15:11:25.880  4349  4586 I PkgPredictorService-NapClassifier: RF predict version:1693350305206
08-30 15:11:25.882  4349  4586 D PkgPredictorService-NapClassifier: Predict result: 207.0,202.0,284.0, - [0_&_org.telegram.messenger, 0_&_com.instagram.android, 0_&_com.ftband.mono]
08-30 15:11:25.882 23627 23627 D LifecycleMonitor: Lifecycle status change: androidx.test.core.app.InstrumentationActivityInvoker$BootstrapActivity@f59b616 in: CREATED
08-30 15:11:25.883 23627 23627 V ActivityScenario: Activity lifecycle changed event received but ignored because the intent does not match. startActivityIntent=Intent { act=android.intent.action.MAIN cat=[android.intent.category.LAUNCHER] cmp=com.example.dogglers/.HorizontalListActivity }, activity.getIntent()=Intent { act=android.intent.action.MAIN cat=[android.intent.category.LAUNCHER] flg=0x10008000 cmp=com.example.dogglers/androidx.test.core.app.InstrumentationActivityInvoker$BootstrapActivity (has extras) }, activity=androidx.test.core.app.InstrumentationActivityInvoker$BootstrapActivity@f59b616
08-30 15:11:25.884  4349  4371 I SemPersonaManager: SecureFolder personaId = 150
08-30 15:11:25.885 23627 23627 D LifecycleMonitor: Lifecycle status change: androidx.test.core.app.InstrumentationActivityInvoker$BootstrapActivity@f59b616 in: STARTED
08-30 15:11:25.886 23627 23627 V ActivityScenario: Activity lifecycle changed event received but ignored because the intent does not match. startActivityIntent=Intent { act=android.intent.action.MAIN cat=[android.intent.category.LAUNCHER] cmp=com.example.dogglers/.HorizontalListActivity }, activity.getIntent()=Intent { act=android.intent.action.MAIN cat=[android.intent.category.LAUNCHER] flg=0x10008000 cmp=com.example.dogglers/androidx.test.core.app.InstrumentationActivityInvoker$BootstrapActivity (has extras) }, activity=androidx.test.core.app.InstrumentationActivityInvoker$BootstrapActivity@f59b616
08-30 15:11:25.886 13855 13915 I Rubin   : [72465] ExercisingWithCmhMonitor.isSatisfiedByCmh(ExercisingWithCmhMonitor.java:119) : isSatisfiedByCmh is false
08-30 15:11:25.892  3976  4318 I SurfaceFlinger: id=38425 createSurf (0x0),-1 flag=80004, ActivityRecord{f18de93 u0 com.example.dogglers/.HorizontalListActivity t1420}#0
08-30 15:11:25.900  3976  3976 D SurfaceFlinger: Display 0 HWC layers:
08-30 15:11:25.900  3976  3976 D SurfaceFlinger:      DEVICE | 0x74d157f780 | 0002 | RGBA_1010102 |   40.0    0.0  760.0 1560.0 |    0    0  720 1560 | com.android.systemui.ImageWallpaper$_4708#0
08-30 15:11:25.900  3976  3976 D SurfaceFlinger:      DEVICE | 0x74d157f3c0 | 0000 | RGBA_8888    |    0.0    0.0  720.0 1560.0 |    0    0  720 1560 | com.sec.android.app.launcher/com.sec[...].activities.LauncherActivity$_5135#0
08-30 15:11:25.900  3976  3976 D SurfaceFlinger:      DEVICE | 0x75743a5d00 | 0002 | RGBA_8888    |    0.0    0.0  720.0 1560.0 |   45   97  675 1463 | Splash Screen com.example.dogglers#0
08-30 15:11:25.900  3976  3976 D SurfaceFlinger:      DEVICE | 0x74f0414e40 | 0000 | RGBA_8888    |    0.0    0.0  720.0   53.0 |    0    0  720   53 | StatusBar$_4708#0
08-30 15:11:25.900  3976  3976 D SurfaceFlinger:      DEVICE | 0x74d157fa00 | 0000 | RGBA_8888    |    0.0    0.0   67.0  232.0 |  653  151  720  383 | com.samsung.android.app.cocktailbars[...]rservice.CocktailBarService$_14146#0
08-30 15:11:25.900  3976  3976 D SurfaceFlinger:      DEVICE | 0x75743a7380 | 0000 | RGBA_8888    |    0.0    0.0  720.0   84.0 |    0 1476  720 1560 | NavigationBar0$_4708#0
08-30 15:11:25.900  3976  3976 D SurfaceFlinger:      DEVICE | 0x74f0413e00 | 0000 | RGBA_8888    |    0.0    0.0  720.0  101.0 |    0    0  720  101 | Sc
08-30 15:11:25.900  3976  3976 D SurfaceFlinger: reenDecorOverlay$_4708#0
08-30 15:11:25.900  3976  3976 D SurfaceFlinger:      DEVICE | 0x75743a7b00 | 0000 | RGBA_8888    |    0.0    0.0  720.0  101.0 |    0 1459  720 1560 | ScreenDecorOverlayBottom$_4708#0
08-30 15:11:25.900  3976  3976 D SurfaceFlinger:
08-30 15:11:25.902 23627 23627 D LifecycleMonitor: Lifecycle status change: androidx.test.core.app.InstrumentationActivityInvoker$BootstrapActivity@f59b616 in: RESUMED
08-30 15:11:25.902  4349  4372 I ViewRootImpl@ebca17a[dogglers]: MSG_RESIZED_REPORT: frame=(0,0,720,1560) ci=(0,53,0,0) vi=(0,53,0,0) or=1
08-30 15:11:25.902 23627 23627 V ActivityScenario: Activity lifecycle changed event received but ignored because the intent does not match. startActivityIntent=Intent { act=android.intent.action.MAIN cat=[android.intent.category.LAUNCHER] cmp=com.example.dogglers/.HorizontalListActivity }, activity.getIntent()=Intent { act=android.intent.action.MAIN cat=[android.intent.category.LAUNCHER] flg=0x10008000 cmp=com.example.dogglers/androidx.test.core.app.InstrumentationActivityInvoker$BootstrapActivity (has extras) }, activity=androidx.test.core.app.InstrumentationActivityInvoker$BootstrapActivity@f59b616
08-30 15:11:25.902  4349  4372 I ViewRootImpl@ebca17a[dogglers]: [DP] dp(1) 1 android.view.ViewRootImpl.reportNextDraw:10957 android.view.ViewRootImpl.access$1200:256 android.view.ViewRootImpl$ViewRootHandler.handleMessage:6101
08-30 15:11:25.905 23627 23627 D LifecycleMonitor: Lifecycle status change: androidx.test.core.app.InstrumentationActivityInvoker$BootstrapActivity@f59b616 in: PAUSED
08-30 15:11:25.905 23627 23627 V ActivityScenario: Activity lifecycle changed event received but ignored because the intent does not match. startActivityIntent=Intent { act=android.intent.action.MAIN cat=[android.intent.category.LAUNCHER] cmp=com.example.dogglers/.HorizontalListActivity }, activity.getIntent()=Intent { act=android.intent.action.MAIN cat=[android.intent.category.LAUNCHER] flg=0x10008000 cmp=com.example.dogglers/androidx.test.core.app.InstrumentationActivityInvoker$BootstrapActivity (has extras) }, activity=androidx.test.core.app.InstrumentationActivityInvoker$BootstrapActivity@f59b616
08-30 15:11:25.908  4349  5108 V WindowOrientationListener: getProposedRotation: -1
08-30 15:11:25.912  4349  5108 D InputDispatcher: Focused application set to (0): f18de93
08-30 15:11:25.920  4349  4372 V WindowManager: Relayout Window{de01d2b u0 Splash Screen com.example.dogglers}: viewVisibility=0 req=720x1560
08-30 15:11:25.922  4349  4372 I SurfaceControl: nativeRelease nativeObject s[477996355200]
08-30 15:11:25.922  4349  4372 I SurfaceControl: nativeRelease nativeObject e[477996355200]
08-30 15:11:25.923  4349  4372 V WindowManager: Relayout hash=de01d2b, pid=4349: mAttrs={(0,0)(fillxfill) sim={adjust=pan} layoutInDisplayCutoutMode=shortEdges ty=APPLICATION_STARTING wanim=0x1030001
08-30 15:11:25.923  4349  4372 V WindowManager:   fl=1830118
08-30 15:11:25.923  4349  4372 V WindowManager:   pfl=12020011
08-30 15:11:25.923  4349  4372 V WindowManager:   fitSides= naviIconColor=0}
08-30 15:11:25.924  4349  4372 I SurfaceControl: nativeRelease nativeObject s[477996347904]
08-30 15:11:25.924  4349  4372 I SurfaceControl: nativeRelease nativeObject e[477996347904]
08-30 15:11:25.924  4349  4372 I SurfaceControl: nativeRelease nativeObject s[477996351936]
08-30 15:11:25.924  4349  4372 I SurfaceControl: nativeRelease nativeObject e[477996351936]
08-30 15:11:25.924  4349  4372 I ViewRootImpl@ebca17a[dogglers]: Relayout returned: old=(0,0,720,1560) new=(0,0,720,1560) req=(720,1560)0 dur=14 res=0x1 s={true 476020408320} ch=false fn=2
08-30 15:11:25.924  3899  3953 D gralloc : [mali_gralloc_allocate] begin
08-30 15:11:25.924  3899  3953 D gralloc : buffer_descriptor: wh(720 1560) usage_pc(0x966 0x906) hal_format(0x1) layer_count(1) sizes(0 0 0) strde(0) byte_stride(0) alloc_wh(0 0) internal_format(0x0) alloc_format(0x0) fd_count(1) plane_count(0)
08-30 15:11:25.925  3899  3953 D gralloc : [mali_gralloc_allocate] allocation successful
08-30 15:11:25.932 23627 23627 D LifecycleMonitor: Lifecycle status change: com.example.dogglers.HorizontalListActivity@6051369 in: PRE_ON_CREATE
08-30 15:11:25.933  4349  4372 I ViewRootImpl@ebca17a[dogglers]: [DP] pdf(0) 1 android.view.ViewRootImpl.performDraw:4809 android.view.ViewRootImpl.performTraversals:3866 android.view.ViewRootImpl.doTraversal:2618
08-30 15:11:25.933  4349  4372 I ViewRootImpl@ebca17a[dogglers]: [DP] rdf()
08-30 15:11:25.933 23627 23627 V ActivityScenario: Activity lifecycle changed event received but ignored because the reported transition was not ON_CREATE while the last known transition was PRE_ON_CREATE
08-30 15:11:25.946  4349  4371 D EnterpriseDeviceManagerService: isMdmAdminPresentInternal() : MDM Admin Found - com.samsung.knox.securefolder
08-30 15:11:25.947 23627 23627 I DecorView: [INFO] isPopOver=false, config=true
08-30 15:11:25.947 23627 23627 I DecorView: updateCaptionType >> DecorView@549d0c6[], isFloating=false, isApplication=true, hasWindowDecorCaption=false, hasWindowControllerCallback=true
08-30 15:11:25.947 23627 23627 D DecorView: setCaptionType = 0, this = DecorView@549d0c6[]
08-30 15:11:25.959 14146 14146 I TrayStateController: systemUiVisibilityChanged : 0 0
08-30 15:11:25.969  4349  4371 I SemPersonaManager: SecureFolder personaId = 150
08-30 15:11:25.974 23627 23627 D LifecycleMonitor: Lifecycle status change: com.example.dogglers.HorizontalListActivity@6051369 in: CREATED
08-30 15:11:25.975 23627 23627 V ActivityScenario: Update currentActivityStage to CREATED, currentActivity=com.example.dogglers.HorizontalListActivity@6051369
08-30 15:11:25.979 23627 23627 D LifecycleMonitor: Lifecycle status change: com.example.dogglers.HorizontalListActivity@6051369 in: STARTED
08-30 15:11:25.979 23627 23627 V ActivityScenario: Update currentActivityStage to STARTED, currentActivity=com.example.dogglers.HorizontalListActivity@6051369
08-30 15:11:25.981 23627 23627 D LifecycleMonitor: Lifecycle status change: com.example.dogglers.HorizontalListActivity@6051369 in: RESUMED
08-30 15:11:25.981 23627 23627 V ActivityScenario: Update currentActivityStage to RESUMED, currentActivity=com.example.dogglers.HorizontalListActivity@6051369
08-30 15:11:25.988  4349  5108 D InputTransport: Input channel constructed: '3069283', fd=757
08-30 15:11:25.988  4349  5108 D InputTransport: Input channel constructed: '3069283', fd=767
08-30 15:11:25.989  3976  4318 I SurfaceFlinger: id=38426 createSurf (0x0),-1 flag=80004, 3069283 com.example.dogglers/com.example.dogglers.HorizontalListActivity#0
08-30 15:11:25.990  4349  5108 D WindowManager: isScreenshotDisabledLocked - win: Window{3069283 u0 com.example.dogglers/com.example.dogglers.HorizontalListActivity}
08-30 15:11:25.990  4349  5108 D WindowManager: isScreenshotDisabledLocked: userId = 0, disabled =false
08-30 15:11:25.990  4349  5108 D InputTransport: Input channel destroyed: '3069283', fd=767
08-30 15:11:25.991 23627 23627 D InputTransport: Input channel constructed: '3069283', fd=81
08-30 15:11:25.992 23627 23627 I ViewRootImpl@dbcc64d[HorizontalListActivity]: setView = com.android.internal.policy.DecorView@549d0c6 TM=true
08-30 15:11:26.015  4349  4371 D EnterpriseDeviceManagerService: isMdmAdminPresentInternal() : MDM Admin Found - com.samsung.knox.securefolder
08-30 15:11:26.023  4349  5108 V WindowManager: Relayout Window{3069283 u0 com.example.dogglers/com.example.dogglers.HorizontalListActivity}: viewVisibility=0 req=720x1560
08-30 15:11:26.026  4349  5108 D WindowManager: isScreenshotDisabledLocked - win: Window{3069283 u0 com.example.dogglers/com.example.dogglers.HorizontalListActivity}
08-30 15:11:26.026  4349  5108 D WindowManager: isScreenshotDisabledLocked: userId = 0, disabled =false
08-30 15:11:26.027  3976  4002 I SurfaceFlinger: id=38427 createSurf (720x1560),1 flag=404, com.example.dogglers/com.example.dogglers.HorizontalListActivity$_23627#0
08-30 15:11:26.030  4349  5108 I SurfaceControl: nativeRelease nativeObject s[476007085568]
08-30 15:11:26.030  4349  5108 I SurfaceControl: nativeRelease nativeObject e[476007085568]
08-30 15:11:26.030 14146 14146 I TrayStateController: systemUiVisibilityChanged : 0 0
08-30 15:11:26.030  3976  4002 I SurfaceFlinger: id=38428 createSurf (0x0),-1 flag=24000, Surface(name=1096c8d StatusBar)/@0xeaf4dd0 - animation-leash#0
08-30 15:11:26.032  4349  5108 I SurfaceControl: nativeRelease nativeObject s[476007085472]
08-30 15:11:26.032  4349  5108 I SurfaceControl: nativeRelease nativeObject e[476007085472]
08-30 15:11:26.032  3976  4002 I SurfaceFlinger: id=38429 createSurf (0x0),-1 flag=24000, Surface(name=b07ecc5 NavigationBar0)/@0xa8376fc - animation-leash#1
08-30 15:11:26.034  4349  5108 V WindowManager: Relayout hash=3069283, pid=23627: mAttrs={(0,0)(fillxfill) sim={adjust=resize forwardNavigation} ty=BASE_APPLICATION wanim=0x1030304
08-30 15:11:26.034  4349  5108 V WindowManager:   fl=81810100
08-30 15:11:26.034  4349  5108 V WindowManager:   pfl=12020000
08-30 15:11:26.034  4349  5108 V WindowManager:   fitSides= naviIconColor=0}
08-30 15:11:26.034  4349  5108 I SurfaceControl: nativeRelease nativeObject s[477996348096]
08-30 15:11:26.034  4349  5108 I SurfaceControl: nativeRelease nativeObject e[477996348096]
08-30 15:11:26.036 23627 23627 I SurfaceControl: assignNativeObject: nativeObject = 0 Surface(name=null)/@0xcf25203 / android.view.SurfaceControl.readFromParcel:1117 android.view.IWindowSession$Stub$Proxy.relayout:1836 android.view.ViewRootImpl.relayoutWindow:9005 android.view.ViewRootImpl.performTraversals:3360 android.view.ViewRootImpl.doTraversal:2618 android.view.ViewRootImpl$TraversalRunnable.run:9971 android.view.Choreographer$CallbackRecord.run:1010 android.view.Choreographer.doCallbacks:809 android.view.Choreographer.doFrame:744 android.view.Choreographer$FrameDisplayEventReceiver.run:995
08-30 15:11:26.037 23627 23627 I ViewRootImpl@dbcc64d[HorizontalListActivity]: Relayout returned: old=(0,0,720,1560) new=(0,0,720,1560) req=(720,1560)0 dur=14 res=0x7 s={true 476690157568} ch=true fn=-1
08-30 15:11:26.040  3899  3953 D gralloc : [mali_gralloc_allocate] begin
08-30 15:11:26.040  3899  3953 D gralloc : buffer_descriptor: wh(720 1560) usage_pc(0x40000000000b00 0x40000000000b00) hal_format(0x1) layer_count(1) sizes(0 0 0) strde(0) byte_stride(0) alloc_wh(0 0) internal_format(0x0) alloc_format(0x0) fd_count(1) plane_count(0)
08-30 15:11:26.041  3899  3953 D gralloc : [mali_gralloc_allocate] allocation successful
08-30 15:11:26.042  3899  3953 D gralloc : [mali_gralloc_allocate] begin
08-30 15:11:26.042  3899  3953 D gralloc : buffer_descriptor: wh(720 1560) usage_pc(0x40000000000b00 0x40000000000b00) hal_format(0x1) layer_count(1) sizes(0 0 0) strde(0) byte_stride(0) alloc_wh(0 0) internal_format(0x0) alloc_format(0x0) fd_count(1) plane_count(0)
08-30 15:11:26.043  3899  3953 D gralloc : [mali_gralloc_allocate] allocation successful
08-30 15:11:26.043  3899  3953 D gralloc : [mali_gralloc_allocate] begin
08-30 15:11:26.043  3899  3953 D gralloc : buffer_descriptor: wh(720 1560) usage_pc(0x40000000000b00 0x40000000000b00) hal_format(0x1) layer_count(1) sizes(0 0 0) strde(0) byte_stride(0) alloc_wh(0 0) internal_format(0x0) alloc_format(0x0) fd_count(1) plane_count(0)
08-30 15:11:26.044 23627 23627 I ViewRootImpl@dbcc64d[HorizontalListActivity]: [DP] dp(1) 1 android.view.ViewRootImpl.reportNextDraw:10957 android.view.ViewRootImpl.performTraversals:3845 android.view.ViewRootImpl.doTraversal:2618
08-30 15:11:26.044 23627 23627 I ViewRootImpl@dbcc64d[HorizontalListActivity]: [DP] pd() Asnyc report
08-30 15:11:26.044  3899  3953 D gralloc : [mali_gralloc_allocate] allocation successful
08-30 15:11:26.045  3976  5385 I Layer   : id=38423 removeFromCurrentState Surface(name=1096c8d StatusBar)/@0xeaf4dd0 - animation-leash#1 (98)
08-30 15:11:26.045  3976  5385 I Layer   : id=38424 removeFromCurrentState Surface(name=b07ecc5 NavigationBar0)/@0xa8376fc - animation-leash#0 (98)
08-30 15:11:26.046  4349  4372 I SurfaceControl: nativeRelease nativeObject s[476007085664]
08-30 15:11:26.046  4349  4372 I SurfaceControl: nativeRelease nativeObject e[476007085664]
08-30 15:11:26.046  4349  4372 I SurfaceControl: nativeRelease nativeObject s[477996355200]
08-30 15:11:26.046  4349  4372 I SurfaceControl: nativeRelease nativeObject e[477996355200]
08-30 15:11:26.047  3976  5385 I SurfaceFlinger: id=38424 Removed Surface(name=b07ecc5 NavigationBar0)/@0xa8376fc - animation-leash#0 (98)
08-30 15:11:26.047  3976  5385 I SurfaceFlinger: id=38423 Removed Surface(name=1096c8d StatusBar)/@0xeaf4dd0 - animation-leash#1 (98)
08-30 15:11:26.056 23627 23627 I ViewRootImpl@dbcc64d[HorizontalListActivity]: [DP] pdf(0) 1 android.view.ViewRootImpl.lambda$performDraw$1$ViewRootImpl:4668 android.view.-$$Lambda$ViewRootImpl$DJd0VUYJgsebcnSohO6h8zc_ONI.run:6 android.os.Handler.handleCallback:938
08-30 15:11:26.056 23627 23627 I ViewRootImpl@dbcc64d[HorizontalListActivity]: [DP] rdf()
08-30 15:11:26.061  3976  3976 I Layer   : id=38423[1] Destroyed Surface(name=1096c8d StatusBar)/@0xeaf4dd0 - animation-leash#1
08-30 15:11:26.061  3976  3976 I Layer   : id=38424[1] Destroyed Surface(name=b07ecc5 NavigationBar0)/@0xa8376fc - animation-leash#0
08-30 15:11:26.062  4349  4372 D PkgPredictorService: pkg:com.example.dogglers activity:com.example.dogglers.HorizontalListActivity thisTime:328
08-30 15:11:26.062  4349  4372 D PkgPredictorService-Collector: update activity launch time: HorizontalListActivity : 328
08-30 15:11:26.062  4349  4376 D ArtManagerInternalImpl: /data/misc/iorapd/com.example.dogglers/1/com.example.dogglers.HorizontalListActivity/compiled_traces/compiled_trace.pb doesn't exist
08-30 15:11:26.067  4349  4376 I ActivityTaskManager: Displayed com.example.dogglers/.HorizontalListActivity: +328ms
08-30 15:11:26.069  5589  5589 E pageboostd: Received HALT command code 2
08-30 15:11:26.072 23627 23627 D RootViewPicker: Root not ready - waiting: 10ms for one to appear.
08-30 15:11:26.072  4349  4372 D ViewRootImpl@ebca17a[dogglers]: dispatchDetachedFromWindow: reset blurmask
08-30 15:11:26.072  4349  4372 I ViewRootImpl@ebca17a[dogglers]: dispatchDetachedFromWindow
08-30 15:11:26.073  4349  5108 I SemDvfsHyPerManager: acquire hyper - AMS_RESUME_TAIL/4349@18, type = -999
08-30 15:11:26.073  4349  5108 I SemDvfsHyPerManager: acquire hyper - AMS_ACT_LAZY/4349@19, type = -999
08-30 15:11:26.073  4349  4372 I SurfaceControl: nativeRelease nativeObject s[477997784704]
08-30 15:11:26.073  3927  3954 I HYPER-HAL: [RequestManager.cpp]acquire(): Acquired ID : 9537546  [4349 / 18]    HINT : AMS_RESUME_TAIL    list :
08-30 15:11:26.074  4349  4372 I SurfaceControl: nativeRelease nativeObject e[477997784704]
08-30 15:11:26.074  3927  3954 E HYPER-HAL: [HandlerSysfs.cpp]doResourceHandling(): Couldn't Open Sysfs - /sys/power/cstate_control
08-30 15:11:26.074  3927  3954 I HYPER-HAL: [ResourceManager.cpp]updateResource(): [CPUMinFreq] UpdateResource Request ID : 9537546    Value : 1560000
08-30 15:11:26.074  3881  3886 E statsd  : Predicate -7037417284711607308 dropping data for dimension key (10)0x2010101->10429[I] (10)0x30000->*launch*[S]
08-30 15:11:26.074  3927  3954 I HYPER-HAL: [RequestManager.cpp]acquire(): Acquired ID : 9541915  [4349 / 19]    HINT :      list :
08-30 15:11:26.075  3927  3954 E HYPER-HAL: [Request.cpp]acquire(): Request:: id : 9541915, No Resource to set
08-30 15:11:26.075  3927  3954 E HYPER-HAL: [HandlerSysfs.cpp]doResourceHandling(): Couldn't Open Sysfs - /sys/power/cstate_control
08-30 15:11:26.075  3927  3954 I HYPER-HAL: [ResourceManager.cpp]removeResource(): [CPUMinFreq] RemoveResource Request ID : 9546285
08-30 15:11:26.075  3927  3954 I HYPER-HAL: [RequestManager.cpp]releaseLocked(): Released ID : 9546285
08-30 15:11:26.078  4349  5108 I InputDispatcher: Focus entered window (23627): 3069283 in display 0 0
08-30 15:11:26.079  4349  4372 D InputTransport: Input channel destroyed: 'de01d2b', fd=715
08-30 15:11:26.081  3976  5385 I SurfaceFlinger: id=38430 createSurf (0x0),-1 flag=24000, Surface(name=de01d2b Splash Screen com.example.dogglers)/@0x9f9cec9 - animation-leash#0
08-30 15:11:26.083 23627 23627 D RootViewPicker: Root not ready - waiting: 25ms for one to appear.
08-30 15:11:26.084  4349  4372 D InputTransport: Input channel destroyed: 'de01d2b', fd=716
08-30 15:11:26.085 23627 23627 I ViewRootImpl@dbcc64d[HorizontalListActivity]: MSG_WINDOW_FOCUS_CHANGED 1 1
08-30 15:11:26.086 23627 23627 D InputMethodManager: prepareNavigationBarInfo() DecorView@549d0c6[HorizontalListActivity]
08-30 15:11:26.086 23627 23627 D InputMethodManager: getNavigationBarColor() -16711423
08-30 15:11:26.087 23627 23627 D InputMethodManager: prepareNavigationBarInfo() DecorView@549d0c6[HorizontalListActivity]
08-30 15:11:26.087 23627 23627 D InputMethodManager: getNavigationBarColor() -16711423
08-30 15:11:26.087 23627 23627 V InputMethodManager: Starting input: tba=com.example.dogglers ic=null mNaviBarColor -16711423 mIsGetNaviBarColorSuccess true , NavVisible : true , NavTrans : false
08-30 15:11:26.087 23627 23627 D InputMethodManager: startInputInner - Id : 0
08-30 15:11:26.087 23627 23627 I InputMethodManager: startInputInner - mService.startInputOrWindowGainedFocus
08-30 15:11:26.088  4349  5108 D InputMethodManagerService: mSecureKeypadEnabled = false
08-30 15:11:26.088  4349  5108 V InputMethodManagerService: hideCurrentInputLocked : shouldHideSoftInput is false
08-30 15:11:26.088  4349  5108 D InputMethodManagerService: mDesktopModeManager null!
08-30 15:11:26.089  4349  5108 V InputMethodManagerService: getDisplayIdOfInputMethodWindowToBeAdded : 0
08-30 15:11:26.089  4349  5108 D SamsungIMMSHWKeyboard: isConnectedDexOnPC false
08-30 15:11:26.089  4349  5108 D InputMethodManagerService: isImeSwitcherDisabledPackage : false
08-30 15:11:26.090  4349  5108 D InputMethodManagerService: checkDisplayOfStartInputAndUpdateKeyboard display Id 0last 0
08-30 15:11:26.090  4349  5108 D InputTransport: Input channel constructed: 'ClientS', fd=715
08-30 15:11:26.090  4349  5108 D InputTransport: Input channel destroyed: 'ClientS', fd=715
08-30 15:11:26.090 23627 23627 D InputTransport: Input channel constructed: 'ClientS', fd=90
08-30 15:11:26.092  4349  5108 I SurfaceControl: nativeRelease nativeObject s[477997774240]
08-30 15:11:26.092  4349  5108 I SurfaceControl: nativeRelease nativeObject e[477997774240]
08-30 15:11:26.092  3976  5385 I SurfaceFlinger: id=38431 createSurf (0x0),-1 flag=24004, Surface(name=749d536 InputMethod)/@0x72f94d3 - animation-leash#1
08-30 15:11:26.093  7475  7475 I HBD     : HoneyBoardService onFinishInput
08-30 15:11:26.094  7475  7475 I HBD     : a IC have been unbinded,  InputConnectionWrapper{idHash=#a5509ff mMissingMethods=}
08-30 15:11:26.094  7475  7475 I HBD     : HoneyBoardService [PF_CL][onFinishInput]  385385 ns
08-30 15:11:26.094  7475  7475 I HBD     : HoneyBoardService [IMI] onStartInput - caller pid : 23627 , caller uid : 10429
08-30 15:11:26.094  7475  7475 I HBD     : i updateConfigs
08-30 15:11:26.095  7475  7475 I HBD     : i isEnabledNightMode : true
08-30 15:11:26.095  7475  7475 I HBD     : a IC have been binded, InputConnectionWrapper{idHash=#a1e9615 mMissingMethods=}
08-30 15:11:26.095  7475  7475 I HBD     : h [EditorInputType]setPrivateImeOptionsToTable privateImeOptions ( null )
08-30 15:11:26.095  7475  7475 I HBD     : b incognitoMode : false
08-30 15:11:26.095  7475  7475 I HBD     : a needOff = true , isForceOff = false, isNullInputClass : true
08-30 15:11:26.095  3976  4002 I Layer   : id=38416 removeFromCurrentState Surface(name=749d536 InputMethod)/@0x72f94d3 - animation-leash#0 (98)
08-30 15:11:26.095  7475  7475 I HBD     : h getDefaultInputRange : UNKNOWN
08-30 15:11:26.095  7475  7475 I HBD     : h getDefaultInputRange : UNKNOWN
08-30 15:11:26.096  7475  7475 I HBD     : h getDefaultInputRange : UNKNOWN
08-30 15:11:26.096  3831  3831 I android.system.suspend@1.0-service: !@Released: PowerManagerService.WakeLocks(12131ms)
08-30 15:11:26.096  5135  5135 I SurfaceControl: nativeRelease nativeObject s[478247338528]
08-30 15:11:26.096  5135  5135 I SurfaceControl: nativeRelease nativeObject e[478247338528]
08-30 15:11:26.096  4349  5464 D SdpManagerService: Not an enterprise user : 0
08-30 15:11:26.096  4349  5464 D SdpManagerService: Not an enterprise user : 0
08-30 15:11:26.100  7475  7475 I HBD     : h getDefaultInputRange : UNKNOWN
08-30 15:11:26.101  7475  7475 I HBD     : a currentState : 0
08-30 15:11:26.102  4349  5108 D SamsungIMMSHWKeyboard: isConnectedDexOnPC false
08-30 15:11:26.102 23627 23627 I SurfaceControl: nativeRelease nativeObject s[478247332000]
08-30 15:11:26.102 23627 23627 I SurfaceControl: nativeRelease nativeObject e[478247332000]
08-30 15:11:26.102 23627 23627 I SurfaceControl: nativeRelease nativeObject s[476571790816]
08-30 15:11:26.102 23627 23627 I SurfaceControl: nativeRelease nativeObject e[476571790816]
08-30 15:11:26.102  4349  5108 D InputMethodManagerService: isImeSwitcherDisabledPackage : false
08-30 15:11:26.103  7475  7475 I HBD     : h load selected json info : {"version":"1.0","currentLanguageOrder":2,"selected":[{"activeOptionList":["auto_replace","spell_check","auto_spacing"],"engName":"Russian","id":3342336,"inputType":"qwerty","isUsed":true},{"activeOptionList":["auto_replace","spell_check","auto_spacing"],"engName":"English","id":65537,"inputType":"qwerty","isUsed":true},{"activeOptionList":["auto_replace","spell_check","auto_spacing"],"engName":"Ukrainian","id":4456448,"inputType":"qwerty","isUsed":true}]}
08-30 15:11:26.103  7475  7475 I HBD     : a [UpdatePolicy] [post] a: 0 cl: 4456448 kit: [0/0] vt: 0 ir: 1
08-30 15:11:26.105  7475  7475 I HBD     : HoneyBoardService [PF_OP][onStartInput]  10100538 ns
08-30 15:11:26.109 23627 23627 I ViewInteraction: Performing 'fast swipe' action on view view.getId() is <2131230949/com.example.dogglers:id/horizontal_recycler_view>
08-30 15:11:26.112  4349  5464 D InputDispatcher: Inject motion (23627): action=0x0, time=302817919000000, f=0x0, d=0
08-30 15:11:26.112  4349  4492 D InputDispatcher: pointer touchable region used!
08-30 15:11:26.112  4349  4492 D InputDispatcher: pointer touchable region used!
08-30 15:11:26.112  4349  4492 W InputDispatcher: obscured by Splash Screen
08-30 15:11:26.112  4349  4492 D InputDispatcher: pointer touchable region used!
08-30 15:11:26.112  4349  4492 I InputDispatcher: Delivering touch to (4708): action: 0x4, f=0x0, d=0, 'b07ecc5', t=0
08-30 15:11:26.112  4349  4492 I InputDispatcher: Delivering touch to (23627): action: 0x0, f=0x1, d=0, '3069283', t=0 +(-2,-5)*1.0
08-30 15:11:26.113  5135  5135 W RecentsAnimationDeviceState: isInSwipeUpTouchRegion = false
08-30 15:11:26.113 23627 23627 I ViewRootImpl@dbcc64d[HorizontalListActivity]: ViewPostIme pointer 0
08-30 15:11:26.115  5135  5135 W TouchInteractionService: onInputEvent, inputConsumer = com.android.quickstep.-$$Lambda$InputConsumer$pgTpBxbssXPLgozwhOXQifnNImE@5e570d
08-30 15:11:26.133  3976  3976 D SurfaceFlinger: Display 0 HWC layers:
08-30 15:11:26.133  3976  3976 D SurfaceFlinger:      DEVICE | 0x74d157f780 | 0002 | RGBA_1010102 |   40.0    0.0  760.0 1560.0 |    0    0  720 1560 | com.android.systemui.ImageWallpaper$_4708#0
08-30 15:11:26.133  3976  3976 D SurfaceFlinger:      DEVICE | 0x74d157f3c0 | 0000 | RGBA_8888    |    0.0    0.0  720.0 1560.0 |    0    0  720 1560 | com.sec.android.app.launcher/com.sec[...].activities.LauncherActivity$_5135#0
08-30 15:11:26.133  3976  3976 D SurfaceFlinger:      DEVICE | 0x75743a5580 | 0002 | RGBA_8888    |    0.0    0.0  720.0 1560.0 |    2    3  718 1557 | com.example.dogglers/com.example.dogglers.HorizontalListActivity$_23627#0
08-30 15:11:26.133  3976  3976 D SurfaceFlinger:      DEVICE | 0x75743a60c0 | 0002 | RGBA_8888    |    0.0    0.0  720.0 1560.0 |    2    3  718 1557 | Splash Screen com.example.dogglers#0
08-30 15:11:26.133  3976  3976 D SurfaceFlinger:      DEVICE | 0x74f0414e40 | 0000 | RGBA_8888    |    0.0    0.0  720.0   53.0 |    0    0  720   53 | StatusBar$_4708#0
08-30 15:11:26.133  3976  3976 D SurfaceFlinger:      DEVICE | 0x74d157fa00 | 0000 | RGBA_8888    |    0.0    0.0   67.0  232.0 |  653  151  720  383 | com.samsung.android.app.cocktailbars[...]rservice.CocktailBarService$_14146#0
08-30 15:11:26.133  3976  3976 D SurfaceFlinger:      DEVICE | 0x75743a7380 | 0000 | RGBA_8888    |
08-30 15:11:26.133  3976  3976 D SurfaceFlinger: 0.0    0.0  720.0   84.0 |    0 1476  720 1560 | NavigationBar0$_4708#0
08-30 15:11:26.133  3976  3976 D SurfaceFlinger:      DEVICE | 0x74f0413e00 | 0000 | RGBA_8888    |    0.0    0.0  720.0  101.0 |    0    0  720  101 | ScreenDecorOverlay$_4708#0
08-30 15:11:26.133  3976  3976 D SurfaceFlinger:      DEVICE | 0x75743a7b00 | 0000 | RGBA_8888    |    0.0    0.0  720.0  101.0 |    0 1459  720 1560 | ScreenDecorOverlayBottom$_4708#0
08-30 15:11:26.133  3976  3976 D SurfaceFlinger:
08-30 15:11:26.143  4349  4369 D WindowManager: showInsets: types=0x2, fromIme=false, win=Window{3069283 u0 com.example.dogglers/com.example.dogglers.HorizontalListActivity}, from=com.android.server.wm.DisplayPolicy.requestTransientBars:3983 com.android.server.wm.DisplayPolicy.access$400:245 com.android.server.wm.DisplayPolicy$2.onSwipeFromRight:653 com.android.server.wm.SystemGesturesPointerEventListener.onPointerEvent:211 com.android.server.wm.PointerEventDispatcher.onInputEvent:53 android.view.InputEventReceiver.dispatchInputEvent:220 android.view.InputEventReceiver.nativeConsumeBatchedInputEvents:-2 android.view.InputEventReceiver.consumeBatchedInputEvents:200 android.view.InputEventReceiver.onBatchedInputEventPending:153 android.os.MessageQueue.nativePollOnce:-2
08-30 15:11:26.144  4349  4372 I SurfaceControl: nativeRelease nativeObject s[477996355200]
08-30 15:11:26.144  4349  4372 I SurfaceControl: nativeRelease nativeObject e[477996355200]
08-30 15:11:26.145  4349  4372 I SurfaceControl: nativeRelease nativeObject s[476021494752]
08-30 15:11:26.145  4349  4372 I SurfaceControl: nativeRelease nativeObject e[476021494752]
08-30 15:11:26.145  3976  4318 I Layer   : id=38420 removeFromCurrentState Splash Screen com.example.dogglers#0 (98)
08-30 15:11:26.146  4349  4372 I SurfaceControl: nativeRelease nativeObject s[476021496192]
08-30 15:11:26.146  4349  4372 I SurfaceControl: nativeRelease nativeObject e[476021496192]
08-30 15:11:26.148  3976  5385 I Layer   : id=38419 removeFromCurrentState de01d2b Splash Screen com.example.dogglers#0 (98)
08-30 15:11:26.148  3976  5385 I Layer   : id=38430 removeFromCurrentState Surface(name=de01d2b Splash Screen com.example.dogglers)/@0x9f9cec9 - animation-leash#0 (98)
08-30 15:11:26.149  3976  5385 I SurfaceFlinger: id=38419 Removed de01d2b Splash Screen com.example.dogglers#0 (98)
08-30 15:11:26.149  3976  4318 I SurfaceFlinger: id=38430 Removed Surface(name=de01d2b Splash Screen com.example.dogglers)/@0x9f9cec9 - animation-leash#0 (98)
08-30 15:11:26.149  3976  4318 I SurfaceFlinger: id=38420 Removed Splash Screen com.example.dogglers#0 (98)
08-30 15:11:26.160  3976  3976 I Layer   : id=38430[1] Destroyed Surface(name=de01d2b Splash Screen com.example.dogglers)/@0x9f9cec9 - animation-leash#0
08-30 15:11:26.160  3976  3976 I Layer   : id=38419[1] Destroyed de01d2b Splash Screen com.example.dogglers#0
08-30 15:11:26.163  3976  3976 I Layer   : id=38420[1] Destroyed Splash Screen com.example.dogglers#0
08-30 15:11:26.167  3976  3976 D SurfaceFlinger: Display 0 HWC layers:
08-30 15:11:26.167  3976  3976 D SurfaceFlinger:      DEVICE | 0x74d157f780 | 0002 | RGBA_1010102 |   40.0    0.0  760.0 1560.0 |    0    0  720 1560 | com.android.systemui.ImageWallpaper$_4708#0
08-30 15:11:26.167  3976  3976 D SurfaceFlinger:      DEVICE | 0x74d157f3c0 | 0000 | RGBA_8888    |    0.0    0.0  720.0 1560.0 |    0    0  720 1560 | com.sec.android.app.launcher/com.sec[...].activities.LauncherActivity$_5135#0
08-30 15:11:26.167  3976  3976 D SurfaceFlinger:      DEVICE | 0x75743a5580 | 0002 | RGBA_8888    |    0.0    0.0  720.0 1560.0 |    1    1  719 1559 | com.example.dogglers/com.example.dogglers.HorizontalListActivity$_23627#0
08-30 15:11:26.167  3976  3976 D SurfaceFlinger:      DEVICE | 0x74f0414e40 | 0000 | RGBA_8888    |    0.0    0.0  720.0   53.0 |    0    0  720   53 | StatusBar$_4708#0
08-30 15:11:26.167  3976  3976 D SurfaceFlinger:      DEVICE | 0x74d157fa00 | 0000 | RGBA_8888    |    0.0    0.0   67.0  232.0 |  653  151  720  383 | com.samsung.android.app.cocktailbars[...]rservice.CocktailBarService$_14146#0
08-30 15:11:26.167  3976  3976 D SurfaceFlinger:      DEVICE | 0x75743a7380 | 0000 | RGBA_8888    |    0.0    0.0  720.0   84.0 |    0 1476  720 1560 | NavigationBar0$_4708#0
08-30 15:11:26.167  3976  3976 D SurfaceFlinger:      DEVICE | 0x74f0413e00 | 0000 | RGBA_8888    |    0.0    0.0  72
08-30 15:11:26.167  3976  3976 D SurfaceFlinger: 0.0  101.0 |    0    0  720  101 | ScreenDecorOverlay$_4708#0
08-30 15:11:26.167  3976  3976 D SurfaceFlinger:      DEVICE | 0x75743a7b00 | 0000 | RGBA_8888    |    0.0    0.0  720.0  101.0 |    0 1459  720 1560 | ScreenDecorOverlayBottom$_4708#0
08-30 15:11:26.167  3976  3976 D SurfaceFlinger:
08-30 15:11:26.201  3976  3976 D SurfaceFlinger: Display 0 HWC layers:
08-30 15:11:26.201  3976  3976 D SurfaceFlinger:      DEVICE | 0x75743a5800 | 0002 | RGBA_8888    |    0.0    0.0  720.0 1560.0 |    0    0  720 1560 | com.example.dogglers/com.example.dogglers.HorizontalListActivity$_23627#0
08-30 15:11:26.201  3976  3976 D SurfaceFlinger:      DEVICE | 0x74f0414e40 | 0000 | RGBA_8888    |    0.0    0.0  720.0   53.0 |    0    0  720   53 | StatusBar$_4708#0
08-30 15:11:26.201  3976  3976 D SurfaceFlinger:      DEVICE | 0x74d157fa00 | 0000 | RGBA_8888    |    0.0    0.0   67.0  232.0 |  653  151  720  383 | com.samsung.android.app.cocktailbars[...]rservice.CocktailBarService$_14146#0
08-30 15:11:26.201  3976  3976 D SurfaceFlinger:      DEVICE | 0x75743a7380 | 0000 | RGBA_8888    |    0.0    0.0  720.0   84.0 |    0 1476  720 1560 | NavigationBar0$_4708#0
08-30 15:11:26.201  3976  3976 D SurfaceFlinger:      DEVICE | 0x74f0413e00 | 0000 | RGBA_8888    |    0.0    0.0  720.0  101.0 |    0    0  720  101 | ScreenDecorOverlay$_4708#0
08-30 15:11:26.201  3976  3976 D SurfaceFlinger:      DEVICE | 0x75743a7b00 | 0000 | RGBA_8888    |    0.0    0.0  720.0  101.0 |    0 1459  720 1560 | ScreenDecorOverlayBottom$_4708#0
08-30 15:11:26.201  3976  3976 D SurfaceFlinger:
08-30 15:11:26.210  4349  4372 I SurfaceControl: nativeRelease nativeObject s[476007085280]
08-30 15:11:26.210  4349  4372 I SurfaceControl: nativeRelease nativeObject e[476007085280]
08-30 15:11:26.212  4708  5015 D WallpaperService: dispatchAppVisibility onVisibilityChanged(): false
08-30 15:11:26.213  4708  4708 D WallpaperService: reportVisibility onVisibilityChanged visible: false
08-30 15:11:26.213  4708  4907 I ImageWallpaper:  onVisibilityChanged false , 0
08-30 15:11:26.214  3976  6075 I Layer   : id=38421 removeFromCurrentState Surface(name=Task=1)/@0x4660384 - animation-leash#0 (95)
08-30 15:11:26.215  3976  5385 I SurfaceFlinger: id=38421 Removed Surface(name=Task=1)/@0x4660384 - animation-leash#0 (95)
08-30 15:11:26.217  4349  4372 I SurfaceControl: nativeRelease nativeObject s[476017812832]
08-30 15:11:26.217  4349  4372 I SurfaceControl: nativeRelease nativeObject e[476017812832]
08-30 15:11:26.219  3976  6075 I Layer   : id=38422 removeFromCurrentState Surface(name=Task=1420)/@0x55c8d1e - animation-leash#0 (95)
08-30 15:11:26.220  3976  6075 I SurfaceFlinger: id=38422 Removed Surface(name=Task=1420)/@0x55c8d1e - animation-leash#0 (95)
08-30 15:11:26.227  3976  3976 I Layer   : id=38421[1] Destroyed Surface(name=Task=1)/@0x4660384 - animation-leash#0
08-30 15:11:26.227  3976  3976 I Layer   : id=38422[1] Destroyed Surface(name=Task=1420)/@0x55c8d1e - animation-leash#0
08-30 15:11:26.234 23627 23627 D LifecycleMonitor: Lifecycle status change: androidx.test.core.app.InstrumentationActivityInvoker$BootstrapActivity@f59b616 in: STOPPED
08-30 15:11:26.234 23627 23627 V ActivityScenario: Activity lifecycle changed event received but ignored because the intent does not match. startActivityIntent=Intent { act=android.intent.action.MAIN cat=[android.intent.category.LAUNCHER] cmp=com.example.dogglers/.HorizontalListActivity }, activity.getIntent()=Intent { act=android.intent.action.MAIN cat=[android.intent.category.LAUNCHER] flg=0x10008000 cmp=com.example.dogglers/androidx.test.core.app.InstrumentationActivityInvoker$BootstrapActivity (has extras) }, activity=androidx.test.core.app.InstrumentationActivityInvoker$BootstrapActivity@f59b616
08-30 15:11:26.236  3976  6075 E BufferQueueProducer: [com.sec.android.app.launcher/com.sec.android.app.launcher.activities.LauncherActivity$_5135#0](id:f88000033d6,api:0,p:-1,c:3976) disconnect: not connected (req=1)
08-30 15:11:26.236  5135  7074 W libEGL  : EGLNativeWindowType 0x6ef839b010 disconnect failed
08-30 15:11:26.238  4349  5464 V WindowManager: Relayout Window{b49dc7f u0 com.sec.android.app.launcher/com.sec.android.app.launcher.activities.LauncherActivity}: viewVisibility=8 req=720x1560
