08-30 15:11:21.314 23627 23651 I TestRunner: started: grid_list_content_at_last_position(com.example.dogglers.GridListTests)
08-30 15:11:21.326 23627 23651 W Settings: Setting always_finish_activities has moved from android.provider.Settings.System to android.provider.Settings.Global, returning read-only value.
08-30 15:11:21.340  4349  5520 I SemDvfsHyPerManager: acquire hyper - AMS_APP_SWITCH/4349@20, type = -999
08-30 15:11:21.341  3927  3954 I HYPER-HAL: [RequestManager.cpp]acquire(): Acquired ID : 9546285  [4349 / 20]    HINT : AMS_APP_SWITCH    list :
08-30 15:11:21.341  3927  3954 E HYPER-HAL: [HandlerSysfs.cpp]doResourceHandling(): Couldn't Open Sysfs - /sys/power/cstate_control
08-30 15:11:21.341  3976  4002 I SurfaceFlinger: id=38303 createSurf (0x0),-1 flag=24004, Task=1417#0
08-30 15:11:21.341  3927  3954 I HYPER-HAL: [ResourceManager.cpp]updateResource(): [CPUMinFreq] UpdateResource Request ID : 9546285    Value : 1768000
08-30 15:11:21.345  3976  4002 I SurfaceFlinger: id=38304 createSurf (0x0),-1 flag=80004, ActivityRecord{e4bff42 u0 com.example.dogglers/androidx.test.core.app.InstrumentationActivityInvoker$BootstrapActivity t1417}#0
08-30 15:11:21.348  4349  5464 V WindowOrientationListener: getProposedRotation: -1
08-30 15:11:21.349  3881  3886 E statsd  : Predicate -7037417284711607308 dropping data for dimension key (10)0x2010101->10429[I] (10)0x30000->*launch*[S]
08-30 15:11:21.351  4349  5464 I SemDvfsHyPerManager: acquire hyper - AMS_APP_LAUNCH/4349@17, type = -999
08-30 15:11:21.352  3927  3954 I HYPER-HAL: [RequestManager.cpp]acquire(): Acquired ID : 9533178  [4349 / 17]    HINT : AMS_APP_LAUNCH    list :
08-30 15:11:21.352  3927  3954 E HYPER-HAL: [HandlerSysfs.cpp]doResourceHandling(): Couldn't Open Sysfs - /sys/power/cstate_control
08-30 15:11:21.352  3927  3954 I HYPER-HAL: [ResourceManager.cpp]updateResource(): [CPUMinFreq] UpdateResource Request ID : 9533178    Value : 1768000
08-30 15:11:21.353  5135  5135 I DragController: endDrag
08-30 15:11:21.354  5135  5135 I SPayUpdater: updateSpayHandler launcher activity is paused false
08-30 15:11:21.355  4349  5464 D SecContentProvider: query(), uri = 17 selection = isSettingsChangesAllowed
08-30 15:11:21.358  4349  6779 V WindowOrientationListener: getProposedRotation: -1
08-30 15:11:21.359  4349  6779 V WindowOrientationListener: getProposedRotation: -1
08-30 15:11:21.360  4349  6779 V WindowOrientationListener: getProposedRotation: -1
08-30 15:11:21.362  4349  6779 D InputDispatcher: Focused application set to (0): e4bff42
08-30 15:11:21.365  4349  4496 I SemPersonaManager: SecureFolder personaId = 150
08-30 15:11:21.394  3927 23944 E HYPER-HAL: [HandlerSysfs.cpp]doResourceHandling(): Couldn't Open Sysfs - /sys/power/cstate_control
08-30 15:11:21.394  3927 23944 I HYPER-HAL: [ResourceManager.cpp]removeResource(): [CPUMinFreq] RemoveResource Request ID : 9611955
08-30 15:11:21.394  3927 23944 I HYPER-HAL: [RequestManager.cpp]releaseLocked(): Released ID : 9611955
08-30 15:11:21.419  4349  6779 V WindowManager: Relayout Window{b49dc7f u0 com.sec.android.app.launcher/com.sec.android.app.launcher.activities.LauncherActivity}: viewVisibility=0 req=720x1560
08-30 15:11:21.423  4349  6779 V WindowManager: Relayout hash=b49dc7f, pid=5135: mAttrs={(0,0)(fillxfill) sim={adjust=nothing} layoutInDisplayCutoutMode=shortEdges ty=BASE_APPLICATION fmt=TRANSPARENT wanim=0x10302f2
08-30 15:11:21.423  4349  6779 V WindowManager:   fl=81910100
08-30 15:11:21.423  4349  6779 V WindowManager:   pfl=16020000
08-30 15:11:21.423  4349  6779 V WindowManager:   vsysui=1700
08-30 15:11:21.423  4349  6779 V WindowManager:   bhv=SHOW_TRANSIENT_BARS_BY_SWIPE
08-30 15:11:21.423  4349  6779 V WindowManager:   fitSides= naviIconColor=0}
08-30 15:11:21.423  4349  6779 I SurfaceControl: nativeRelease nativeObject s[476021494752]
08-30 15:11:21.423  4349  6779 I SurfaceControl: nativeRelease nativeObject e[476021494752]
08-30 15:11:21.423  4349  4372 D InputTransport: Input channel constructed: '9c61961', fd=692
08-30 15:11:21.423  4349  4372 D InputTransport: Input channel constructed: '9c61961', fd=707
08-30 15:11:21.424  5135  5135 I SurfaceControl: nativeRelease nativeObject s[477998351200]
08-30 15:11:21.424  5135  5135 I SurfaceControl: nativeRelease nativeObject e[477998351200]
08-30 15:11:21.424  3976  5385 I SurfaceFlinger: id=38305 createSurf (0x0),-1 flag=80004, 9c61961 Splash Screen com.example.dogglers#0
08-30 15:11:21.424  5135  5135 I SurfaceControl: assignNativeObject: nativeObject = 0 Surface(name=null)/@0xe42a745 / android.view.SurfaceControl.readFromParcel:1117 android.view.IWindowSession$Stub$Proxy.relayout:1836 android.view.ViewRootImpl.relayoutWindow:9005 android.view.ViewRootImpl.performTraversals:3360 android.view.ViewRootImpl.doTraversal:2618 android.view.ViewRootImpl$TraversalRunnable.run:9971 android.view.Choreographer$CallbackRecord.run:1010 android.view.Choreographer.doCallbacks:809 android.view.Choreographer.doFrame:744 android.view.Choreographer$FrameDisplayEventReceiver.run:995
08-30 15:11:21.425  5135  5135 I SurfaceControl: nativeRelease nativeObject s[478247337664]
08-30 15:11:21.425  5135  5135 I SurfaceControl: nativeRelease nativeObject e[478247337664]
08-30 15:11:21.425  5135  5135 I SurfaceControl: nativeRelease nativeObject s[478247337472]
08-30 15:11:21.425  5135  5135 I SurfaceControl: nativeRelease nativeObject e[478247337472]
08-30 15:11:21.425  5135  5135 I SurfaceControl: nativeRelease nativeObject s[478247340640]
08-30 15:11:21.425  5135  5135 I SurfaceControl: nativeRelease nativeObject e[478247340640]
08-30 15:11:21.425  5135  5135 I ViewRootImpl@fbf3973[LauncherActivity]: Relayout returned: old=(0,0,720,1560) new=(0,0,720,1560) req=(720,1560)0 dur=6 res=0x1 s={true 476610932736} ch=false fn=18
08-30 15:11:21.426  4349  4372 I ViewRootImpl@604b4c8[dogglers]: setView = com.android.internal.policy.DecorView@2c2d947 TM=true
08-30 15:11:21.431  4349  4369 D SehCodecSolutionService: Update top [com.example.dogglers]
08-30 15:11:21.432  4349  4372 V WindowManager: Relayout Window{9c61961 u0 Splash Screen com.example.dogglers}: viewVisibility=0 req=720x1560
08-30 15:11:21.433  3927 23926 E HYPER-HAL: [HandlerSysfs.cpp]doResourceHandling(): Couldn't Open Sysfs - /sys/power/cstate_control
08-30 15:11:21.433  3927 23926 I HYPER-HAL: [ResourceManager.cpp]removeResource(): [CPUMinFreq] RemoveResource Request ID : 9537546
08-30 15:11:21.433  3927 23926 I HYPER-HAL: [RequestManager.cpp]releaseLocked(): Released ID : 9537546
08-30 15:11:21.434  4349  4372 D WindowManager: isScreenshotDisabledLocked - win: Window{9c61961 u0 Splash Screen com.example.dogglers}
08-30 15:11:21.434  4349  4372 D WindowManager: isScreenshotDisabledLocked: userId = 0, disabled =false
08-30 15:11:21.435  3976  5385 I SurfaceFlinger: id=38306 createSurf (720x1560),1 flag=404, Splash Screen com.example.dogglers#0
08-30 15:11:21.437  4349  4372 V WindowManager: Relayout hash=9c61961, pid=4349: mAttrs={(0,0)(fillxfill) sim={adjust=pan} layoutInDisplayCutoutMode=shortEdges ty=APPLICATION_STARTING wanim=0x1030001
08-30 15:11:21.437  4349  4372 V WindowManager:   fl=1830118
08-30 15:11:21.437  4349  4372 V WindowManager:   pfl=12020011
08-30 15:11:21.437  4349  4372 V WindowManager:   fitSides= naviIconColor=0}
08-30 15:11:21.438  4349  4372 I ViewRootImpl@604b4c8[dogglers]: Relayout returned: old=(0,0,720,1560) new=(0,0,720,1560) req=(720,1560)0 dur=5 res=0x7 s={true 476020408320} ch=true fn=-1
08-30 15:11:21.438 23627 23627 D LifecycleMonitor: Lifecycle status change: androidx.test.core.app.InstrumentationActivityInvoker$BootstrapActivity@eedd2d6 in: PRE_ON_CREATE
08-30 15:11:21.438 13855 13915 I Rubin   : [72465] LoggingEventHelper.notifyUpdatedWithValue(LoggingEventHelper.java:58) : Notify AppUsageLogger's database is updated.
08-30 15:11:21.438 23627 23627 V ActivityScenario: Activity lifecycle changed event received but ignored because the intent does not match. startActivityIntent=Intent { act=android.intent.action.MAIN cat=[android.intent.category.LAUNCHER] cmp=com.example.dogglers/.GridListActivity }, activity.getIntent()=Intent { act=android.intent.action.MAIN cat=[android.intent.category.LAUNCHER] flg=0x10008000 cmp=com.example.dogglers/androidx.test.core.app.InstrumentationActivityInvoker$BootstrapActivity (has extras) }, activity=androidx.test.core.app.InstrumentationActivityInvoker$BootstrapActivity@eedd2d6
08-30 15:11:21.439  4349  4372 I ViewRootImpl@604b4c8[dogglers]: [DP] dp(1) 1 android.view.ViewRootImpl.reportNextDraw:10957 android.view.ViewRootImpl.performTraversals:3845 android.view.ViewRootImpl.doTraversal:2618
08-30 15:11:21.440  3899 10978 D gralloc : [mali_gralloc_allocate] begin
08-30 15:11:21.440  3899 10978 D gralloc : buffer_descriptor: wh(720 1560) usage_pc(0x966 0x906) hal_format(0x1) layer_count(1) sizes(0 0 0) strde(0) byte_stride(0) alloc_wh(0 0) internal_format(0x0) alloc_format(0x0) fd_count(1) plane_count(0)
08-30 15:11:21.441  3899 10978 D gralloc : [mali_gralloc_allocate] allocation successful
08-30 15:11:21.443  4349  4586 D PkgPredictorService: com.example.dogglers go to foreground!
08-30 15:11:21.443  4349  4586 E PkgPredictorService-Collector: record changed bt=0  wifi=1 screen=0
08-30 15:11:21.443  4349  4586 D PkgPredictorService: previous pkgs: com.example.dogglers,com.example.dogglers,com.example.dogglers running pkg: com.example.dogglers, uid: 0 is system: false
08-30 15:11:21.444  4349  4586 D PkgPredictorService-Collector: save record...
08-30 15:11:21.444  4349  4586 D PkgPredictorService-Collector:  (hour:15 day:4 previous:[com.example.dogglers, com.example.dogglers, com.example.dogglers] activityName:unknown running:com.example.dogglers userId:0 screenOrientation:0 wifi:1 bt:0 predictTime:1 apkVersion:1.0 consumeTime:-1 preloaded:false>)
08-30 15:11:21.444  4349  4586 D PkgPredictorService-NapPreloadController: User using: com.example.dogglers
08-30 15:11:21.444  4349  4586 I PkgPredictorService-NapClassifier: RF predict version:1693350305206
08-30 15:11:21.445 13855 13915 I Rubin   : [72465] ExercisingWithCmhMonitor.isSatisfiedByCmh(ExercisingWithCmhMonitor.java:119) : isSatisfiedByCmh is false
08-30 15:11:21.446  4349  4586 D PkgPredictorService-NapClassifier: Predict result: 207.0,202.0,284.0, - [0_&_org.telegram.messenger, 0_&_com.instagram.android, 0_&_com.ftband.mono]
08-30 15:11:21.448  4349  4372 I ViewRootImpl@604b4c8[dogglers]: [DP] pdf(0) 1 android.view.ViewRootImpl.performDraw:4809 android.view.ViewRootImpl.performTraversals:3866 android.view.ViewRootImpl.doTraversal:2618
08-30 15:11:21.448  4349  4372 I ViewRootImpl@604b4c8[dogglers]: [DP] rdf()
08-30 15:11:21.449 23627 23627 I DecorView: [INFO] isPopOver=false, config=true
08-30 15:11:21.449  4349  6779 I InputDispatcher: Focus left window (5135): b49dc7f in display 0 0
08-30 15:11:21.449 23627 23627 I DecorView: updateCaptionType >> DecorView@ba84c44[], isFloating=false, isApplication=true, hasWindowDecorCaption=false, hasWindowControllerCallback=true
08-30 15:11:21.449 23627 23627 D DecorView: setCaptionType = 0, this = DecorView@ba84c44[]
08-30 15:11:21.450  5135  5135 I ViewRootImpl@fbf3973[LauncherActivity]: MSG_WINDOW_FOCUS_CHANGED 0 1
08-30 15:11:21.457 23627 23627 D LifecycleMonitor: Lifecycle status change: androidx.test.core.app.InstrumentationActivityInvoker$BootstrapActivity@eedd2d6 in: CREATED
08-30 15:11:21.458 23627 23627 V ActivityScenario: Activity lifecycle changed event received but ignored because the intent does not match. startActivityIntent=Intent { act=android.intent.action.MAIN cat=[android.intent.category.LAUNCHER] cmp=com.example.dogglers/.GridListActivity }, activity.getIntent()=Intent { act=android.intent.action.MAIN cat=[android.intent.category.LAUNCHER] flg=0x10008000 cmp=com.example.dogglers/androidx.test.core.app.InstrumentationActivityInvoker$BootstrapActivity (has extras) }, activity=androidx.test.core.app.InstrumentationActivityInvoker$BootstrapActivity@eedd2d6
08-30 15:11:21.459  4349  4372 I SurfaceControl: nativeRelease nativeObject s[477996351072]
08-30 15:11:21.459  4708  5460 D WallpaperService: dispatchAppVisibility onVisibilityChanged(): false
08-30 15:11:21.459  4349  4372 I SurfaceControl: nativeRelease nativeObject e[477996351072]
08-30 15:11:21.459 14146 14146 I TrayStateController: systemUiVisibilityChanged : 2 0
08-30 15:11:21.459  4708  4708 D WallpaperService: reportVisibility onVisibilityChanged visible: false
08-30 15:11:21.459  3976  5385 I SurfaceFlinger: id=38307 createSurf (0x0),-1 flag=24000, Surface(name=1096c8d StatusBar)/@0xeaf4dd0 - animation-leash#0
08-30 15:11:21.460  4708  4907 I ImageWallpaper:  onVisibilityChanged false , 0
08-30 15:11:21.460  4349  4372 I SurfaceControl: nativeRelease nativeObject s[477996351456]
08-30 15:11:21.460  4349  4372 I SurfaceControl: nativeRelease nativeObject e[477996351456]
08-30 15:11:21.460  3976  5385 I SurfaceFlinger: id=38308 createSurf (0x0),-1 flag=24000, Surface(name=b07ecc5 NavigationBar0)/@0xa8376fc - animation-leash#1
08-30 15:11:21.463  3976  5385 I Layer   : id=38296 removeFromCurrentState Surface(name=1096c8d StatusBar)/@0xeaf4dd0 - animation-leash#1 (98)
08-30 15:11:21.463  3976  5385 I Layer   : id=38297 removeFromCurrentState Surface(name=b07ecc5 NavigationBar0)/@0xa8376fc - animation-leash#0 (98)
08-30 15:11:21.465  5135  5135 I SurfaceControl: nativeRelease nativeObject s[476609857440]
08-30 15:11:21.465  5135  5135 I SurfaceControl: nativeRelease nativeObject e[476609857440]
08-30 15:11:21.465  5135  5135 I SurfaceControl: nativeRelease nativeObject s[478247334496]
08-30 15:11:21.465  5135  5135 I SurfaceControl: nativeRelease nativeObject e[478247334496]
08-30 15:11:21.467  5135  5135 I SurfaceControl: nativeRelease nativeObject s[477998351200]
08-30 15:11:21.467  5135  5135 I SurfaceControl: nativeRelease nativeObject e[477998351200]
08-30 15:11:21.469 23627 23627 D LifecycleMonitor: Lifecycle status change: androidx.test.core.app.InstrumentationActivityInvoker$BootstrapActivity@eedd2d6 in: STARTED
08-30 15:11:21.470 23627 23627 V ActivityScenario: Activity lifecycle changed event received but ignored because the intent does not match. startActivityIntent=Intent { act=android.intent.action.MAIN cat=[android.intent.category.LAUNCHER] cmp=com.example.dogglers/.GridListActivity }, activity.getIntent()=Intent { act=android.intent.action.MAIN cat=[android.intent.category.LAUNCHER] flg=0x10008000 cmp=com.example.dogglers/androidx.test.core.app.InstrumentationActivityInvoker$BootstrapActivity (has extras) }, activity=androidx.test.core.app.InstrumentationActivityInvoker$BootstrapActivity@eedd2d6
08-30 15:11:21.471  3976  3976 D SurfaceFlinger: Display 0 HWC layers:
08-30 15:11:21.471  3976  3976 D SurfaceFlinger:      DEVICE | 0x75743a7c40 | 0002 | RGBA_8888    |    0.0    0.0  720.0 1560.0 |    0    0  720 1560 | Splash Screen com.example.dogglers#0
08-30 15:11:21.471  3976  3976 D SurfaceFlinger:      DEVICE | 0x74f0414e40 | 0000 | RGBA_8888    |    0.0    0.0  720.0   53.0 |    0    0  720   53 | StatusBar$_4708#0
08-30 15:11:21.471  3976  3976 D SurfaceFlinger:      DEVICE | 0x74d157fa00 | 0000 | RGBA_8888    |    0.0    0.0   67.0  232.0 |  653  151  720  383 | com.samsung.android.app.cocktailbars[...]rservice.CocktailBarService$_14146#0
08-30 15:11:21.471  3976  3976 D SurfaceFlinger:      DEVICE | 0x75743a7380 | 0000 | RGBA_8888    |    0.0    0.0  720.0   84.0 |    0 1476  720 1560 | NavigationBar0$_4708#0
08-30 15:11:21.471  3976  3976 D SurfaceFlinger:      DEVICE | 0x74f0413e00 | 0000 | RGBA_8888    |    0.0    0.0  720.0  101.0 |    0    0  720  101 | ScreenDecorOverlay$_4708#0
08-30 15:11:21.471  3976  3976 D SurfaceFlinger:      DEVICE | 0x75743a7b00 | 0000 | RGBA_8888    |    0.0    0.0  720.0  101.0 |    0 1459  720 1560 | ScreenDecorOverlayBottom$_4708#0
08-30 15:11:21.471  3976  3976 D SurfaceFlinger:
08-30 15:11:21.479  3976  4002 I SurfaceFlinger: id=38309 createSurf (0x0),-1 flag=80004, ActivityRecord{3acd055 u0 com.example.dogglers/.GridListActivity t1417}#0
08-30 15:11:21.485  3976  5385 E BufferQueueProducer: [com.sec.android.app.launcher/com.sec.android.app.launcher.activities.LauncherActivity$_5135#0](id:f88000033c7,api:0,p:-1,c:3976) disconnect: not connected (req=1)
08-30 15:11:21.485  5135  7074 W libEGL  : EGLNativeWindowType 0x6ef839b010 disconnect failed
08-30 15:11:21.486  4349  5464 V WindowManager: Relayout Window{b49dc7f u0 com.sec.android.app.launcher/com.sec.android.app.launcher.activities.LauncherActivity}: viewVisibility=8 req=720x1560
08-30 15:11:21.486 23627 23627 D LifecycleMonitor: Lifecycle status change: androidx.test.core.app.InstrumentationActivityInvoker$BootstrapActivity@eedd2d6 in: RESUMED
08-30 15:11:21.487 23627 23627 V ActivityScenario: Activity lifecycle changed event received but ignored because the intent does not match. startActivityIntent=Intent { act=android.intent.action.MAIN cat=[android.intent.category.LAUNCHER] cmp=com.example.dogglers/.GridListActivity }, activity.getIntent()=Intent { act=android.intent.action.MAIN cat=[android.intent.category.LAUNCHER] flg=0x10008000 cmp=com.example.dogglers/androidx.test.core.app.InstrumentationActivityInvoker$BootstrapActivity (has extras) }, activity=androidx.test.core.app.InstrumentationActivityInvoker$BootstrapActivity@eedd2d6
08-30 15:11:21.489  4349  4371 D PersonaActivityHelper: Activity not in resumed state, do not run immediate lock
08-30 15:11:21.489  4349  5464 V WindowManager: Relayout hash=b49dc7f, pid=5135: mAttrs={(0,0)(fillxfill) sim={adjust=nothing} layoutInDisplayCutoutMode=shortEdges ty=BASE_APPLICATION fmt=TRANSPARENT wanim=0x10302f2
08-30 15:11:21.489  4349  5464 V WindowManager:   fl=81910100
08-30 15:11:21.489  4349  5464 V WindowManager:   pfl=16020000
08-30 15:11:21.489  4349  5464 V WindowManager:   vsysui=1700
08-30 15:11:21.489  4349  5464 V WindowManager:   bhv=SHOW_TRANSIENT_BARS_BY_SWIPE
08-30 15:11:21.489  4349  5464 V WindowManager:   fitSides= naviIconColor=0}
08-30 15:11:21.490  5135  5135 I SurfaceControl: nativeRelease nativeObject s[477998351296]
08-30 15:11:21.490  5135  5135 I SurfaceControl: nativeRelease nativeObject e[477998351296]
08-30 15:11:21.492 23627 23627 D LifecycleMonitor: Lifecycle status change: androidx.test.core.app.InstrumentationActivityInvoker$BootstrapActivity@eedd2d6 in: PAUSED
08-30 15:11:21.493 23627 23627 V ActivityScenario: Activity lifecycle changed event received but ignored because the intent does not match. startActivityIntent=Intent { act=android.intent.action.MAIN cat=[android.intent.category.LAUNCHER] cmp=com.example.dogglers/.GridListActivity }, activity.getIntent()=Intent { act=android.intent.action.MAIN cat=[android.intent.category.LAUNCHER] flg=0x10008000 cmp=com.example.dogglers/androidx.test.core.app.InstrumentationActivityInvoker$BootstrapActivity (has extras) }, activity=androidx.test.core.app.InstrumentationActivityInvoker$BootstrapActivity@eedd2d6
08-30 15:11:21.493  5135  5135 I SurfaceControl: assignNativeObject: nativeObject = 0 Surface(name=null)/@0xd6fa7c2 / android.view.SurfaceControl.readFromParcel:1117 android.view.IWindowSession$Stub$Proxy.relayout:1826 android.view.ViewRootImpl.relayoutWindow:9005 android.view.ViewRootImpl.performTraversals:3360 android.view.ViewRootImpl.doTraversal:2618 android.view.ViewRootImpl$TraversalRunnable.run:9971 android.view.Choreographer$CallbackRecord.run:1010 android.view.Choreographer.doCallbacks:809 android.view.Choreographer.doFrame:744 android.view.Choreographer$FrameDisplayEventReceiver.run:995
08-30 15:11:21.494  5135  5135 I SurfaceControl: assignNativeObject: nativeObject = 0 Surface(name=null)/@0xe42a745 / android.view.SurfaceControl.readFromParcel:1117 android.view.IWindowSession$Stub$Proxy.relayout:1836 android.view.ViewRootImpl.relayoutWindow:9005 android.view.ViewRootImpl.performTraversals:3360 android.view.ViewRootImpl.doTraversal:2618 android.view.ViewRootImpl$TraversalRunnable.run:9971 android.view.Choreographer$CallbackRecord.run:1010 android.view.Choreographer.doCallbacks:809 android.view.Choreographer.doFrame:744 android.view.Choreographer$FrameDisplayEventReceiver.run:995
08-30 15:11:21.494  5135  5135 I SurfaceControl: nativeRelease nativeObject s[478247337952]
08-30 15:11:21.494  5135  5135 I SurfaceControl: nativeRelease nativeObject e[478247337952]
08-30 15:11:21.495  5135  5135 I ViewRootImpl@fbf3973[LauncherActivity]: Relayout returned: old=(0,0,720,1560) new=(0,0,720,1560) req=(720,1560)8 dur=9 res=0x5 s={false 0} ch=true fn=19
08-30 15:11:21.497  4349  5464 V WindowOrientationListener: getProposedRotation: -1
08-30 15:11:21.501  4349  5464 D InputDispatcher: Focused application set to (0): 3acd055
08-30 15:11:21.508  3976  4002 I SurfaceFlinger: id=38310 createSurf (0x0),-1 flag=24000, Surface(name=ActivityRecord{e4bff42 u0 com.example.dogglers/androidx.test.core.app.InstrumentationActivityInvoker$BootstrapActivity t1417})/@0xd583cc2 - animation-leash#0
08-30 15:11:21.509  3976  4002 I SurfaceFlinger: id=38311 createSurf (0x0),-1 flag=20004, Dim Layer for - Task=1417 - animating-dim#0
08-30 15:11:21.511  3976  4002 I SurfaceFlinger: id=38312 createSurf (0x0),-1 flag=24000, Surface(name=Dim Layer for - Task=1417 - animating-dim)/@0xdbf9509 - animation-leash#0
08-30 15:11:21.512  3976  4002 I SurfaceFlinger: id=38313 createSurf (0x0),-1 flag=80004, Surface(name=ActivityRecord{e4bff42 u0 com.example.dogglers/androidx.test.core.app.InstrumentationActivityInvoker$BootstrapActivity t1417})/@0xd583cc2 - animation-bounds#0
08-30 15:11:21.513  4349  5464 I SurfaceControl: nativeRelease nativeObject s[476017807552]
08-30 15:11:21.513  4349  5464 I SurfaceControl: nativeRelease nativeObject e[476017807552]
08-30 15:11:21.517  3976  4002 I Layer   : id=38311 removeFromCurrentState Dim Layer for - Task=1417 - animating-dim#0 (103)
08-30 15:11:21.518  3976  4002 I SurfaceFlinger: id=38311 Removed Dim Layer for - Task=1417 - animating-dim#0 (103)
08-30 15:11:21.520  4349  4372 I ViewRootImpl@604b4c8[dogglers]: MSG_RESIZED_REPORT: frame=(0,0,720,1560) ci=(0,53,0,0) vi=(0,53,0,0) or=1
08-30 15:11:21.520  4349  4372 I ViewRootImpl@604b4c8[dogglers]: [DP] dp(1) 1 android.view.ViewRootImpl.reportNextDraw:10957 android.view.ViewRootImpl.access$1200:256 android.view.ViewRootImpl$ViewRootHandler.handleMessage:6101
08-30 15:11:21.528 23627 23627 D LifecycleMonitor: Lifecycle status change: com.example.dogglers.GridListActivity@cfbe329 in: PRE_ON_CREATE
08-30 15:11:21.528 23627 23627 V ActivityScenario: Activity lifecycle changed event received but ignored because the reported transition was not ON_CREATE while the last known transition was PRE_ON_CREATE
08-30 15:11:21.530  4349  4372 V WindowManager: Relayout Window{9c61961 u0 Splash Screen com.example.dogglers}: viewVisibility=0 req=720x1560
08-30 15:11:21.530  3976  3976 I Layer   : id=38311[1] Destroyed Dim Layer for - Task=1417 - animating-dim#0
08-30 15:11:21.532  4349  4372 I SurfaceControl: nativeRelease nativeObject s[476011684128]
08-30 15:11:21.532  4349  4372 I SurfaceControl: nativeRelease nativeObject e[476011684128]
08-30 15:11:21.533  4349  4372 V WindowManager: Relayout hash=9c61961, pid=4349: mAttrs={(0,0)(fillxfill) sim={adjust=pan} layoutInDisplayCutoutMode=shortEdges ty=APPLICATION_STARTING wanim=0x1030001
08-30 15:11:21.533  4349  4372 V WindowManager:   fl=1830118
08-30 15:11:21.533  4349  4372 V WindowManager:   pfl=12020011
08-30 15:11:21.533  4349  4372 V WindowManager:   fitSides= naviIconColor=0}
08-30 15:11:21.533  4349  4372 I SurfaceControl: nativeRelease nativeObject s[477996351072]
08-30 15:11:21.533  4349  4372 I SurfaceControl: nativeRelease nativeObject e[477996351072]
08-30 15:11:21.534  4349  4372 I SurfaceControl: nativeRelease nativeObject s[477996351456]
08-30 15:11:21.534  4349  4372 I SurfaceControl: nativeRelease nativeObject e[477996351456]
08-30 15:11:21.534  4349  4372 I ViewRootImpl@604b4c8[dogglers]: Relayout returned: old=(0,0,720,1560) new=(0,0,720,1560) req=(720,1560)0 dur=3 res=0x1 s={true 476020408320} ch=false fn=2
08-30 15:11:21.534  3899 10978 D gralloc : [mali_gralloc_allocate] begin
08-30 15:11:21.534  3899 10978 D gralloc : buffer_descriptor: wh(720 1560) usage_pc(0x966 0x906) hal_format(0x1) layer_count(1) sizes(0 0 0) strde(0) byte_stride(0) alloc_wh(0 0) internal_format(0x0) alloc_format(0x0) fd_count(1) plane_count(0)
08-30 15:11:21.535  3899 10978 D gralloc : [mali_gralloc_allocate] allocation successful
08-30 15:11:21.542  4349  4372 I ViewRootImpl@604b4c8[dogglers]: [DP] pdf(0) 1 android.view.ViewRootImpl.performDraw:4809 android.view.ViewRootImpl.performTraversals:3866 android.view.ViewRootImpl.doTraversal:2618
08-30 15:11:21.542  4349  4372 I ViewRootImpl@604b4c8[dogglers]: [DP] rdf()
08-30 15:11:21.545 23627 23627 I DecorView: [INFO] isPopOver=false, config=true
08-30 15:11:21.545 23627 23627 I DecorView: updateCaptionType >> DecorView@77e9d86[], isFloating=false, isApplication=true, hasWindowDecorCaption=false, hasWindowControllerCallback=true
08-30 15:11:21.545 23627 23627 D DecorView: setCaptionType = 0, this = DecorView@77e9d86[]
08-30 15:11:21.549  4349  4371 D EnterpriseDeviceManagerService: isMdmAdminPresentInternal() : MDM Admin Found - com.samsung.knox.securefolder
08-30 15:11:21.564 14146 14146 I TrayStateController: systemUiVisibilityChanged : 0 0
08-30 15:11:21.579  5135  5135 I ViewRootImpl@fbf3973[LauncherActivity]: stopped(true) old=false
08-30 15:11:21.580  5135  5135 I StateManager: goToState isInState Normal
08-30 15:11:21.583  5135  5135 W LauncherAppWidgetHost: setListenIfResumed, mFlags = 7
08-30 15:11:21.583  4349  6765 I AppWidgetServiceImpl: stopListening callbacks : null
08-30 15:11:21.583  4349  4371 I SemPersonaManager: SecureFolder personaId = 150
08-30 15:11:21.584 23627 23627 D LifecycleMonitor: Lifecycle status change: com.example.dogglers.GridListActivity@cfbe329 in: CREATED
08-30 15:11:21.584  5135  5135 W Launcher.NotificationListener: removeNotificationsChangedListener
08-30 15:11:21.584  5135  5135 I BadgeCountUpdaterImpl: onNotificationsChangedDisConnected
08-30 15:11:21.584  5135  5135 I Launcher.NotificationListener: unregisterObserver, this is not notificationService!!
08-30 15:11:21.584 23627 23627 V ActivityScenario: Update currentActivityStage to CREATED, currentActivity=com.example.dogglers.GridListActivity@cfbe329
08-30 15:11:21.585  5135  5135 I LiveIconUpdateEventHandler: cancelMinuteChangeAlarm
08-30 15:11:21.588 23627 23627 D LifecycleMonitor: Lifecycle status change: com.example.dogglers.GridListActivity@cfbe329 in: STARTED
08-30 15:11:21.588 23627 23627 V ActivityScenario: Update currentActivityStage to STARTED, currentActivity=com.example.dogglers.GridListActivity@cfbe329
08-30 15:11:21.590  5135  5135 I LiveIconUpdateEventHandler: cancelDateChangeAlarm
08-30 15:11:21.591 23627 23627 D LifecycleMonitor: Lifecycle status change: com.example.dogglers.GridListActivity@cfbe329 in: RESUMED
08-30 15:11:21.591 23627 23627 V ActivityScenario: Update currentActivityStage to RESUMED, currentActivity=com.example.dogglers.GridListActivity@cfbe329
08-30 15:11:21.598  4349  6779 D InputTransport: Input channel constructed: 'e6b341f', fd=716
08-30 15:11:21.598  4349  6779 D InputTransport: Input channel constructed: 'e6b341f', fd=729
08-30 15:11:21.599  3976  4002 I SurfaceFlinger: id=38314 createSurf (0x0),-1 flag=80004, e6b341f com.example.dogglers/com.example.dogglers.GridListActivity#0
08-30 15:11:21.600  4349  6779 D WindowManager: isScreenshotDisabledLocked - win: Window{e6b341f u0 com.example.dogglers/com.example.dogglers.GridListActivity}
08-30 15:11:21.600  4349  6779 D WindowManager: isScreenshotDisabledLocked: userId = 0, disabled =false
08-30 15:11:21.601  4349  6779 D InputTransport: Input channel destroyed: 'e6b341f', fd=729
08-30 15:11:21.602 23627 23627 D InputTransport: Input channel constructed: 'e6b341f', fd=81
08-30 15:11:21.604 23627 23627 I ViewRootImpl@206fa0d[GridListActivity]: setView = com.android.internal.policy.DecorView@77e9d86 TM=true
08-30 15:11:21.621  4349  6779 V WindowManager: Relayout Window{e6b341f u0 com.example.dogglers/com.example.dogglers.GridListActivity}: viewVisibility=0 req=720x1560
08-30 15:11:21.624  4349  6779 D WindowManager: isScreenshotDisabledLocked - win: Window{e6b341f u0 com.example.dogglers/com.example.dogglers.GridListActivity}
08-30 15:11:21.624  4349  6779 D WindowManager: isScreenshotDisabledLocked: userId = 0, disabled =false
08-30 15:11:21.625  3976  5385 I SurfaceFlinger: id=38315 createSurf (720x1560),1 flag=404, com.example.dogglers/com.example.dogglers.GridListActivity$_23627#0
08-30 15:11:21.630  4349  6779 I SurfaceControl: nativeRelease nativeObject s[476017203296]
08-30 15:11:21.630 14146 14146 I TrayStateController: systemUiVisibilityChanged : 0 0
08-30 15:11:21.631  4349  6779 I SurfaceControl: nativeRelease nativeObject e[476017203296]
08-30 15:11:21.632  3976  5385 I SurfaceFlinger: id=38316 createSurf (0x0),-1 flag=24000, Surface(name=1096c8d StatusBar)/@0xeaf4dd0 - animation-leash#1
08-30 15:11:21.633  4349  6779 I SurfaceControl: nativeRelease nativeObject s[476017206080]
08-30 15:11:21.633  4349  6779 I SurfaceControl: nativeRelease nativeObject e[476017206080]
08-30 15:11:21.634  3976  5385 I SurfaceFlinger: id=38317 createSurf (0x0),-1 flag=24000, Surface(name=b07ecc5 NavigationBar0)/@0xa8376fc - animation-leash#0
08-30 15:11:21.635  4349  4371 D EnterpriseDeviceManagerService: isMdmAdminPresentInternal() : MDM Admin Found - com.samsung.knox.securefolder
08-30 15:11:21.637  4349  6779 V WindowManager: Relayout hash=e6b341f, pid=23627: mAttrs={(0,0)(fillxfill) sim={adjust=resize forwardNavigation} ty=BASE_APPLICATION wanim=0x1030304
08-30 15:11:21.637  4349  6779 V WindowManager:   fl=81810100
08-30 15:11:21.637  4349  6779 V WindowManager:   pfl=12020000
08-30 15:11:21.637  4349  6779 V WindowManager:   fitSides= naviIconColor=0}
08-30 15:11:21.638  4349  6779 I SurfaceControl: nativeRelease nativeObject s[476017199264]
08-30 15:11:21.638  4349  6779 I SurfaceControl: nativeRelease nativeObject e[476017199264]
08-30 15:11:21.638  3976  5385 I Layer   : id=38307 removeFromCurrentState Surface(name=1096c8d StatusBar)/@0xeaf4dd0 - animation-leash#0 (106)
08-30 15:11:21.638  3976  5385 I Layer   : id=38308 removeFromCurrentState Surface(name=b07ecc5 NavigationBar0)/@0xa8376fc - animation-leash#1 (106)
08-30 15:11:21.639  4349  4372 I SurfaceControl: nativeRelease nativeObject s[476017199072]
08-30 15:11:21.639  4349  4372 I SurfaceControl: nativeRelease nativeObject e[476017199072]
08-30 15:11:21.639  4349  4372 I SurfaceControl: nativeRelease nativeObject s[476011684128]
08-30 15:11:21.639  4349  4372 I SurfaceControl: nativeRelease nativeObject e[476011684128]
08-30 15:11:21.639  3976  5385 I SurfaceFlinger: id=38308 Removed Surface(name=b07ecc5 NavigationBar0)/@0xa8376fc - animation-leash#1 (106)
08-30 15:11:21.640  3976  4002 I SurfaceFlinger: id=38307 Removed Surface(name=1096c8d StatusBar)/@0xeaf4dd0 - animation-leash#0 (106)
08-30 15:11:21.640 23627 23627 I SurfaceControl: assignNativeObject: nativeObject = 0 Surface(name=null)/@0x369dc2 / android.view.SurfaceControl.readFromParcel:1117 android.view.IWindowSession$Stub$Proxy.relayout:1836 android.view.ViewRootImpl.relayoutWindow:9005 android.view.ViewRootImpl.performTraversals:3360 android.view.ViewRootImpl.doTraversal:2618 android.view.ViewRootImpl$TraversalRunnable.run:9971 android.view.Choreographer$CallbackRecord.run:1010 android.view.Choreographer.doCallbacks:809 android.view.Choreographer.doFrame:744 android.view.Choreographer$FrameDisplayEventReceiver.run:995
08-30 15:11:21.642 23627 23627 I ViewRootImpl@206fa0d[GridListActivity]: Relayout returned: old=(0,0,720,1560) new=(0,0,720,1560) req=(720,1560)0 dur=20 res=0x7 s={true 478231728128} ch=true fn=-1
08-30 15:11:21.645  3899 10978 D gralloc : [mali_gralloc_allocate] begin
08-30 15:11:21.645  3899 10978 D gralloc : buffer_descriptor: wh(720 1560) usage_pc(0x40000000000b00 0x40000000000b00) hal_format(0x1) layer_count(1) sizes(0 0 0) strde(0) byte_stride(0) alloc_wh(0 0) internal_format(0x0) alloc_format(0x0) fd_count(1) plane_count(0)
08-30 15:11:21.645  3899 10978 D gralloc : [mali_gralloc_allocate] allocation successful
08-30 15:11:21.647  5135  5135 I LiveIconUpdateEventHandler: unregisterReceiver
08-30 15:11:21.647  3976  3976 I Layer   : id=38307[1] Destroyed Surface(name=1096c8d StatusBar)/@0xeaf4dd0 - animation-leash#0
08-30 15:11:21.647  3976  3976 I Layer   : id=38308[1] Destroyed Surface(name=b07ecc5 NavigationBar0)/@0xa8376fc - animation-leash#1
08-30 15:11:21.651  3899 10978 D gralloc : [mali_gralloc_allocate] begin
08-30 15:11:21.651  3899 10978 D gralloc : buffer_descriptor: wh(720 1560) usage_pc(0x40000000000b00 0x40000000000b00) hal_format(0x1) layer_count(1) sizes(0 0 0) strde(0) byte_stride(0) alloc_wh(0 0) internal_format(0x0) alloc_format(0x0) fd_count(1) plane_count(0)
08-30 15:11:21.652  3899 10978 D gralloc : [mali_gralloc_allocate] allocation successful
08-30 15:11:21.652  3899 10978 D gralloc : [mali_gralloc_allocate] begin
08-30 15:11:21.652  3899 10978 D gralloc : buffer_descriptor: wh(720 1560) usage_pc(0x40000000000b00 0x40000000000b00) hal_format(0x1) layer_count(1) sizes(0 0 0) strde(0) byte_stride(0) alloc_wh(0 0) internal_format(0x0) alloc_format(0x0) fd_count(1) plane_count(0)
08-30 15:11:21.653  3899 10978 D gralloc : [mali_gralloc_allocate] allocation successful
08-30 15:11:21.665  4349  6765 I SurfaceControl: nativeRelease nativeObject s[477997774240]
08-30 15:11:21.665  4349  6765 I SurfaceControl: nativeRelease nativeObject e[477997774240]
08-30 15:11:21.665  3976  4002 I Layer   : id=38295 removeFromCurrentState com.sec.android.app.launcher/com.sec.android.app.launcher.activities.LauncherActivity$_5135#0 (104)
08-30 15:11:21.669  3976  4002 I SurfaceFlinger: id=38295 Removed com.sec.android.app.launcher/com.sec.android.app.launcher.activities.LauncherActivity$_5135#0 (104)
08-30 15:11:21.669  4349  4369 D SehCodecSolutionService: Update top [com.example.dogglers]
08-30 15:11:21.680  3976  3976 I Layer   : id=38295[1] Destroyed com.sec.android.app.launcher/com.sec.android.app.launcher.activities.LauncherActivity$_5135#0
08-30 15:11:21.689  7475  8684 I HBD     : g onCapabilitiesChanged network : 732 current network state : invalid
08-30 15:11:21.713  4349  4553 I WifiConnectivityMonitor.NetworkCallbackController: sNetworkCallback onCapabilitiesChanged: 732[ Transports: WIFI Capabilities: NOT_METERED&INTERNET&NOT_RESTRICTED&TRUSTED&NOT_VPN&VALIDATED&NOT_ROAMING&FOREGROUND&NOT_CONGESTED&NOT_SUSPENDED LinkUpBandwidth>=47025Kbps LinkDnBandwidth>=687Kbps SignalStrength: -67 OwnerUid: 1000 AdministratorUids: [] SSID: "Vanyxa 2.0" RequestorUid: -1 RequestorPackageName: null]
08-30 15:11:21.721  4349  4553 D SemWifiSwitchForIndividualAppsService: stopTCPMonitoring : already stopped
08-30 15:11:21.748 23627 23643 I xample.doggler: NativeAlloc concurrent copying GC freed 220742(13MB) AllocSpace objects, 2(40KB) LOS objects, 49% free, 8992KB/17MB, paused 155us total 196.685ms
08-30 15:11:21.773 23627 23645 W System  : A resource failed to call release.
08-30 15:11:21.773 23627 23645 I SurfaceControl: nativeRelease nativeObject s[478236421312]
08-30 15:11:21.773 23627 23645 I SurfaceControl: nativeRelease nativeObject e[478236421312]
08-30 15:11:21.777 23627 23645 W System  : A resource failed to call release.
08-30 15:11:21.777 23627 23645 I SurfaceControl: nativeRelease nativeObject s[476571793696]
08-30 15:11:21.777 23627 23645 I SurfaceControl: nativeRelease nativeObject e[476571793696]
08-30 15:11:21.777  3976  4318 I SurfaceFlinger: id=38252 Removed Surface(name=749d536 InputMethod)/@0x72f94d3 - animation-leash#1 (103)
08-30 15:11:21.777 23627 23645 W System  : A resource failed to call release.
08-30 15:11:21.777 23627 23645 I SurfaceControl: nativeRelease nativeObject s[478212038272]
08-30 15:11:21.777 23627 23645 I SurfaceControl: nativeRelease nativeObject e[478212038272]
08-30 15:11:21.777  3976  4002 I SurfaceFlinger: id=38240 Removed Surface(name=749d536 InputMethod)/@0x72f94d3 - animation-leash#1 (103)
08-30 15:11:21.780  3976  3976 I Layer   : id=38240[1] Destroyed Surface(name=749d536 InputMethod)/@0x72f94d3 - animation-leash#1
08-30 15:11:21.780  3976  3976 I Layer   : id=38252[1] Destroyed Surface(name=749d536 InputMethod)/@0x72f94d3 - animation-leash#1
08-30 15:11:21.785 23627 23645 W System  : A resource failed to call release.
08-30 15:11:21.785 23627 23645 I SurfaceControl: nativeRelease nativeObject s[478212037792]
08-30 15:11:21.785 23627 23645 I SurfaceControl: nativeRelease nativeObject e[478212037792]
08-30 15:11:21.786  3976  4002 I SurfaceFlinger: id=38210 Removed Surface(name=749d536 InputMethod)/@0x72f94d3 - animation-leash#0 (101)
08-30 15:11:21.790  7475  7475 E HBD     : g activeNetwork is null
08-30 15:11:21.790 23627 23645 W System  : A resource failed to call release.
08-30 15:11:21.790 23627 23645 I SurfaceControl: nativeRelease nativeObject s[478212026368]
08-30 15:11:21.790 23627 23645 I SurfaceControl: nativeRelease nativeObject e[478212026368]
08-30 15:11:21.790  3976  4002 I SurfaceFlinger: id=38202 Removed Surface(name=749d536 InputMethod)/@0x72f94d3 - animation-leash#0 (101)
08-30 15:11:21.792 23627 23645 W System  : A resource failed to call release.
08-30 15:11:21.793 23627 23645 I SurfaceControl: nativeRelease nativeObject s[480791760576]
08-30 15:11:21.793 23627 23645 I SurfaceControl: nativeRelease nativeObject e[480791760576]
08-30 15:11:21.793  3976  4002 I SurfaceFlinger: id=38171 Removed Surface(name=749d536 InputMethod)/@0x72f94d3 - animation-leash#1 (101)
08-30 15:11:21.795 23627 23645 W System  : A resource failed to call release.
08-30 15:11:21.795 23627 23645 I SurfaceControl: nativeRelease nativeObject s[478061402720]
08-30 15:11:21.795 23627 23645 I SurfaceControl: nativeRelease nativeObject e[478061402720]
08-30 15:11:21.795  3976  4002 I SurfaceFlinger: id=38130 Removed Surface(name=749d536 InputMethod)/@0x72f94d3 - animation-leash#0 (101)
08-30 15:11:21.795 23627 23645 W System  : A resource failed to call release.
08-30 15:11:21.795 23627 23645 I SurfaceControl: nativeRelease nativeObject s[476571792736]
08-30 15:11:21.795 23627 23645 I SurfaceControl: nativeRelease nativeObject e[476571792736]
08-30 15:11:21.796  3976  4002 I SurfaceFlinger: id=38122 Removed Surface(name=749d536 InputMethod)/@0x72f94d3 - animation-leash#0 (101)
08-30 15:11:21.796  3976  3976 I Layer   : id=38122[1] Destroyed Surface(name=749d536 InputMethod)/@0x72f94d3 - animation-leash#0
08-30 15:11:21.796  3976  3976 I Layer   : id=38130[1] Destroyed Surface(name=749d536 InputMethod)/@0x72f94d3 - animation-leash#0
08-30 15:11:21.796  3976  3976 I Layer   : id=38210[1] Destroyed Surface(name=749d536 InputMethod)/@0x72f94d3 - animation-leash#0
08-30 15:11:21.796  3976  3976 I Layer   : id=38171[1] Destroyed Surface(name=749d536 InputMethod)/@0x72f94d3 - animation-leash#1
08-30 15:11:21.797  3976  3976 I Layer   : id=38202[1] Destroyed Surface(name=749d536 InputMethod)/@0x72f94d3 - animation-leash#0
08-30 15:11:21.815 23627 23645 W System  : A resource failed to call release.
08-30 15:11:21.815 23627 23645 I SurfaceControl: nativeRelease nativeObject s[478080205984]
08-30 15:11:21.815 23627 23645 I SurfaceControl: nativeRelease nativeObject e[478080205984]
08-30 15:11:21.815  3976  5385 I SurfaceFlinger: id=37935 Removed Surface(name=749d536 InputMethod)/@0x72f94d3 - animation-leash#1 (96)
08-30 15:11:21.815 23627 23645 W System  : A resource failed to call release.
08-30 15:11:21.815 23627 23645 I SurfaceControl: nativeRelease nativeObject s[480791764896]
08-30 15:11:21.815 23627 23645 I SurfaceControl: nativeRelease nativeObject e[480791764896]
08-30 15:11:21.815  3976  5385 I SurfaceFlinger: id=37927 Removed Surface(name=749d536 InputMethod)/@0x72f94d3 - animation-leash#1 (96)
08-30 15:11:21.830  3976  3976 I Layer   : id=37935[1] Destroyed Surface(name=749d536 InputMethod)/@0x72f94d3 - animation-leash#1
08-30 15:11:21.830  3976  3976 I Layer   : id=37927[1] Destroyed Surface(name=749d536 InputMethod)/@0x72f94d3 - animation-leash#1
08-30 15:11:21.830  4349  4372 I SurfaceControl: nativeRelease nativeObject s[476017810240]
08-30 15:11:21.830  4349  4372 I SurfaceControl: nativeRelease nativeObject e[476017810240]
08-30 15:11:21.835 23627 23627 I ViewRootImpl@206fa0d[GridListActivity]: [DP] dp(1) 1 android.view.ViewRootImpl.reportNextDraw:10957 android.view.ViewRootImpl.performTraversals:3845 android.view.ViewRootImpl.doTraversal:2618
08-30 15:11:21.835 23627 23627 I ViewRootImpl@206fa0d[GridListActivity]: [DP] pd() Asnyc report
08-30 15:11:21.847  3976  5385 I Layer   : id=38312 removeFromCurrentState Surface(name=Dim Layer for - Task=1417 - animating-dim)/@0xdbf9509 - animation-leash#0 (94)
08-30 15:11:21.847  3976  5385 I SurfaceFlinger: id=38312 Removed Surface(name=Dim Layer for - Task=1417 - animating-dim)/@0xdbf9509 - animation-leash#0 (94)
08-30 15:11:21.855 12736 12736 I dnxg    : onPause
08-30 15:11:21.863  3976  3976 I Layer   : id=38312[1] Destroyed Surface(name=Dim Layer for - Task=1417 - animating-dim)/@0xdbf9509 - animation-leash#0
08-30 15:11:21.873  8169  8565 W SQLiteConnectionPool: The connection pool for database '+data+user+0+com_microsoft_appmanager+databases+AriaStorage_db' has been unable to grant a connection to thread 537 (Aria-Stats-thread-1) with flags 0x2 for 270345.03 seconds.
08-30 15:11:21.873  8169  8565 W SQLiteConnectionPool: Connections: 0 active, 1 idle, 0 available.
08-30 15:11:21.874 23627 23627 I ViewRootImpl@206fa0d[GridListActivity]: [DP] pdf(0) 1 android.view.ViewRootImpl.lambda$performDraw$1$ViewRootImpl:4668 android.view.-$$Lambda$ViewRootImpl$DJd0VUYJgsebcnSohO6h8zc_ONI.run:6 android.os.Handler.handleCallback:938
08-30 15:11:21.874 23627 23627 I ViewRootImpl@206fa0d[GridListActivity]: [DP] rdf()
08-30 15:11:21.879  4349  4376 D ArtManagerInternalImpl: /data/misc/iorapd/com.example.dogglers/1/com.example.dogglers.GridListActivity/compiled_traces/compiled_trace.pb doesn't exist
08-30 15:11:21.880  4349  4372 D PkgPredictorService: pkg:com.example.dogglers activity:com.example.dogglers.GridListActivity thisTime:541
08-30 15:11:21.880  4349  4372 D PkgPredictorService-Collector: update activity launch time: GridListActivity : 541
08-30 15:11:21.880  4349  4372 I SemDvfsHyPerManager: acquire hyper - AMS_RESUME_TAIL/4349@18, type = -999
08-30 15:11:21.880  4349  4372 I SemDvfsHyPerManager: acquire hyper - AMS_ACT_LAZY/4349@19, type = -999
08-30 15:11:21.880  3927  3954 I HYPER-HAL: [RequestManager.cpp]acquire(): Acquired ID : 9537546  [4349 / 18]    HINT : AMS_RESUME_TAIL    list :
08-30 15:11:21.881  3927  3954 E HYPER-HAL: [HandlerSysfs.cpp]doResourceHandling(): Couldn't Open Sysfs - /sys/power/cstate_control
08-30 15:11:21.883  4349  4376 I ActivityTaskManager: Displayed com.example.dogglers/.GridListActivity: +541ms
08-30 15:11:21.884  5589  5589 E pageboostd: Received HALT command code 2
08-30 15:11:21.885  3927  3954 I HYPER-HAL: [ResourceManager.cpp]updateResource(): [CPUMinFreq] UpdateResource Request ID : 9537546    Value : 1560000
08-30 15:11:21.885  3927  3954 I HYPER-HAL: [RequestManager.cpp]acquire(): Acquired ID : 9541915  [4349 / 19]    HINT :      list :
08-30 15:11:21.885  3927 23933 I HYPER-HAL: [ResourceManager.cpp]removeResource(): [CPUMinFreq] RemoveResource Request ID : 9594421
08-30 15:11:21.885  3927 23933 I HYPER-HAL: [RequestManager.cpp]releaseLocked(): Released ID : 9594421
08-30 15:11:21.886  3927  3954 E HYPER-HAL: [Request.cpp]acquire(): Request:: id : 9541915, No Resource to set
08-30 15:11:21.886  3927  3954 E HYPER-HAL: [HandlerSysfs.cpp]doResourceHandling(): Couldn't Open Sysfs - /sys/power/cstate_control
08-30 15:11:21.886  3927  3954 I HYPER-HAL: [ResourceManager.cpp]removeResource(): [CPUMinFreq] RemoveResource Request ID : 9546285
08-30 15:11:21.887  3927  3954 I HYPER-HAL: [RequestManager.cpp]releaseLocked(): Released ID : 9546285
08-30 15:11:21.889  4349  4372 D ViewRootImpl@604b4c8[dogglers]: dispatchDetachedFromWindow: reset blurmask
08-30 15:11:21.889  4349  4372 I ViewRootImpl@604b4c8[dogglers]: dispatchDetachedFromWindow
08-30 15:11:21.890  4349  4372 I SurfaceControl: nativeRelease nativeObject s[476008574304]
08-30 15:11:21.890  4349  4372 I SurfaceControl: nativeRelease nativeObject e[476008574304]
08-30 15:11:21.891  4349  4372 D InputTransport: Input channel destroyed: '9c61961', fd=692
08-30 15:11:21.892  3976  5385 I SurfaceFlinger: id=38318 createSurf (0x0),-1 flag=24000, Surface(name=9c61961 Splash Screen com.example.dogglers)/@0xeccca6a - animation-leash#0
08-30 15:11:21.893 23627 23627 D RootViewPicker: Root not ready - waiting: 10ms for one to appear.
08-30 15:11:21.898  4349  4372 D InputTransport: Input channel destroyed: '9c61961', fd=707
08-30 15:11:21.898  4349  5464 I InputDispatcher: Focus entered window (23627): e6b341f in display 0 0
08-30 15:11:21.899  3881  3886 E statsd  : Predicate -7037417284711607308 dropping data for dimension key (10)0x2010101->10429[I] (10)0x30000->*launch*[S]
08-30 15:11:21.901 23627 23627 I ViewRootImpl@206fa0d[GridListActivity]: MSG_WINDOW_FOCUS_CHANGED 1 1
08-30 15:11:21.902 23627 23627 D InputMethodManager: prepareNavigationBarInfo() DecorView@77e9d86[GridListActivity]
08-30 15:11:21.902 23627 23627 D InputMethodManager: getNavigationBarColor() -16711423
08-30 15:11:21.904 23627 23627 D InputMethodManager: prepareNavigationBarInfo() DecorView@77e9d86[GridListActivity]
08-30 15:11:21.904 23627 23627 D InputMethodManager: getNavigationBarColor() -16711423
08-30 15:11:21.904 23627 23627 V InputMethodManager: Starting input: tba=com.example.dogglers ic=null mNaviBarColor -16711423 mIsGetNaviBarColorSuccess true , NavVisible : true , NavTrans : false
08-30 15:11:21.904 23627 23627 D InputMethodManager: startInputInner - Id : 0
08-30 15:11:21.904 23627 23627 I InputMethodManager: startInputInner - mService.startInputOrWindowGainedFocus
08-30 15:11:21.905  4349  6765 D InputMethodManagerService: mSecureKeypadEnabled = false
08-30 15:11:21.905  4349  6765 V InputMethodManagerService: hideCurrentInputLocked : shouldHideSoftInput is false
08-30 15:11:21.906  4349  6765 D InputMethodManagerService: mDesktopModeManager null!
08-30 15:11:21.906  4349  6765 V InputMethodManagerService: getDisplayIdOfInputMethodWindowToBeAdded : 0
08-30 15:11:21.907  4349  6765 D SamsungIMMSHWKeyboard: isConnectedDexOnPC false
08-30 15:11:21.907  4349  6765 D InputMethodManagerService: isImeSwitcherDisabledPackage : false
08-30 15:11:21.909  4349  6765 D InputMethodManagerService: checkDisplayOfStartInputAndUpdateKeyboard display Id 0last 0
08-30 15:11:21.909  4349  6765 D InputTransport: Input channel constructed: 'ClientS', fd=707
08-30 15:11:21.909  4349  6765 D InputTransport: Input channel destroyed: 'ClientS', fd=707
08-30 15:11:21.910 23627 23627 D InputTransport: Input channel constructed: 'ClientS', fd=90
08-30 15:11:21.910  4349  6765 I SurfaceControl: nativeRelease nativeObject s[477998034368]
08-30 15:11:21.910  4349  6765 I SurfaceControl: nativeRelease nativeObject e[477998034368]
08-30 15:11:21.911  3976  5385 I SurfaceFlinger: id=38319 createSurf (0x0),-1 flag=24004, Surface(name=749d536 InputMethod)/@0x72f94d3 - animation-leash#0
08-30 15:11:21.913  7475  7475 I HBD     : HoneyBoardService onFinishInput
08-30 15:11:21.913 23627 23627 I ViewInteraction: Performing 'scroll RecyclerView to position: 5' action on view view.getId() is <2131230937/com.example.dogglers:id/grid_recycler_view>
08-30 15:11:21.913  7475  7475 I HBD     : a IC have been unbinded,  InputConnectionWrapper{idHash=#9603f0f mMissingMethods=}
08-30 15:11:21.913  7475  7475 I HBD     : HoneyBoardService [PF_CL][onFinishInput]  406270 ns
08-30 15:11:21.914  7475  7475 I HBD     : HoneyBoardService [IMI] onStartInput - caller pid : 23627 , caller uid : 10429
08-30 15:11:21.914  7475  7475 I HBD     : i updateConfigs
08-30 15:11:21.914  7475  7475 I HBD     : i isEnabledNightMode : true
08-30 15:11:21.914  3976  5385 I Layer   : id=38302 removeFromCurrentState Surface(name=749d536 InputMethod)/@0x72f94d3 - animation-leash#1 (95)
08-30 15:11:21.914  7475  7475 I HBD     : a IC have been binded, InputConnectionWrapper{idHash=#7c2f9a5 mMissingMethods=}
08-30 15:11:21.914  7475  7475 I HBD     : h [EditorInputType]setPrivateImeOptionsToTable privateImeOptions ( null )
08-30 15:11:21.914  7475  7475 I HBD     : b incognitoMode : false
08-30 15:11:21.915  7475  7475 I HBD     : a needOff = true , isForceOff = false, isNullInputClass : true
08-30 15:11:21.915  7475  7475 I HBD     : h getDefaultInputRange : UNKNOWN
08-30 15:11:21.915  7475  7475 I HBD     : h getDefaultInputRange : UNKNOWN
08-30 15:11:21.915  7475  7475 I HBD     : h getDefaultInputRange : UNKNOWN
08-30 15:11:21.916  5135  5135 I SurfaceControl: nativeRelease nativeObject s[477998351296]
08-30 15:11:21.916  5135  5135 I SurfaceControl: nativeRelease nativeObject e[477998351296]
08-30 15:11:21.916  4349  5464 D SdpManagerService: Not an enterprise user : 0
08-30 15:11:21.916  4349  5464 D SdpManagerService: Not an enterprise user : 0
08-30 15:11:21.919  7475  7475 I HBD     : h getDefaultInputRange : UNKNOWN
08-30 15:11:21.919  7475  7475 I HBD     : a currentState : 0
08-30 15:11:21.920  8310  8310 I Choreographer: Skipped 30 frames!  The application may be doing too much work on its main thread.
