08-30 15:11:06.679  3976  3976 D SurfaceFlinger:      DEVICE | 0x75743a7380 | 0000 | RGBA_8888    |    0.0    0.0  720.0   84.0 |    0 1476  720 1560 | NavigationBar0$_4708#0
08-30 15:11:06.679  3976  3976 D SurfaceFlinger:      DEVICE | 0x74f0413e00 | 0000 | RGBA_8888    |    0.0    0.0  720.0  101.0 |    0    0  720  101 | ScreenDecorOverlay$_4708#0
08-30 15:11:06.679  3976  3976 D SurfaceFlinger:      DEVICE | 0x75743a7b00 | 0000 | RGBA_8888    |    0.0    0.0  720.0  101.0 |    0 1459  720 1560 | ScreenDecorOverlayBottom$_4708#0
08-30 15:11:06.679  3976  3976 D SurfaceFlinger:
08-30 15:11:06.684  4349  7290 D InputDispatcher: Focused application set to (0): 641dc7a
08-30 15:11:06.690  3976  3976 I Layer   : id=37931[1] Destroyed Surface(name=1096c8d StatusBar)/@0xeaf4dd0 - animation-leash#1
08-30 15:11:06.690  3976  3976 I Layer   : id=37932[1] Destroyed Surface(name=b07ecc5 NavigationBar0)/@0xa8376fc - animation-leash#0
08-30 15:11:06.696  4349  4371 D PersonaActivityHelper: Activity not in resumed state, do not run immediate lock
08-30 15:11:06.696  4349  6779 D SecContentProvider: query(), uri = 17 selection = isSettingsChangesAllowed
08-30 15:11:06.700  3976  4318 E BufferQueueProducer: [com.example.dogglers/androidx.test.core.app.InstrumentationActivityInvoker$EmptyActivity$_23627#0](id:f8800003397,api:0,p:-1,c:3976) disconnect: not connected (req=1)
08-30 15:11:06.701 23627 23685 W libEGL  : EGLNativeWindowType 0x6f4fc70010 disconnect failed
08-30 15:11:06.702  4349  6779 V WindowManager: Relayout Window{276e9 u0 com.example.dogglers/androidx.test.core.app.InstrumentationActivityInvoker$EmptyActivity}: viewVisibility=8 req=720x1560
08-30 15:11:06.705  4349  6779 V WindowManager: Relayout hash=276e9, pid=23627: mAttrs={(0,0)(fillxfill) sim={adjust=pan forwardNavigation} ty=BASE_APPLICATION wanim=0x1030001
08-30 15:11:06.705  4349  6779 V WindowManager:   fl=1810100
08-30 15:11:06.705  4349  6779 V WindowManager:   pfl=12020000
08-30 15:11:06.705  4349  6779 V WindowManager:   fitSides= naviIconColor=0}
08-30 15:11:06.707 23627 23627 I SurfaceControl: nativeRelease nativeObject s[478080205984]
08-30 15:11:06.707 23627 23627 I SurfaceControl: nativeRelease nativeObject e[478080205984]
08-30 15:11:06.707 23627 23627 I SurfaceControl: assignNativeObject: nativeObject = 0 Surface(name=null)/@0x3d147a / android.view.SurfaceControl.readFromParcel:1117 android.view.IWindowSession$Stub$Proxy.relayout:1826 android.view.ViewRootImpl.relayoutWindow:9005 android.view.ViewRootImpl.performTraversals:3360 android.view.ViewRootImpl.doTraversal:2618 android.view.ViewRootImpl$TraversalRunnable.run:9971 android.view.Choreographer$CallbackRecord.run:1010 android.view.Choreographer.doCallbacks:809 android.view.Choreographer.doFrame:744 android.view.Choreographer$FrameDisplayEventReceiver.run:995
08-30 15:11:06.708 23627 23627 I SurfaceControl: assignNativeObject: nativeObject = 0 Surface(name=null)/@0x65942b1 / android.view.SurfaceControl.readFromParcel:1117 android.view.IWindowSession$Stub$Proxy.relayout:1836 android.view.ViewRootImpl.relayoutWindow:9005 android.view.ViewRootImpl.performTraversals:3360 android.view.ViewRootImpl.doTraversal:2618 android.view.ViewRootImpl$TraversalRunnable.run:9971 android.view.Choreographer$CallbackRecord.run:1010 android.view.Choreographer.doCallbacks:809 android.view.Choreographer.doFrame:744 android.view.Choreographer$FrameDisplayEventReceiver.run:995
08-30 15:11:06.708  4349  7427 I InputDispatcher: Focus left window (23627): bfd52fc in display 0 0
08-30 15:11:06.709 23627 23627 I SurfaceControl: nativeRelease nativeObject s[476571788800]
08-30 15:11:06.709 23627 23627 I SurfaceControl: nativeRelease nativeObject e[476571788800]
08-30 15:11:06.709 23627 23627 I ViewRootImpl@dd07158[InstrumentationActivityInvoker$EmptyActivity]: Relayout returned: old=(0,0,720,1560) new=(0,0,720,1560) req=(720,1560)8 dur=6 res=0x5 s={false 0} ch=true fn=2
08-30 15:11:06.712 23627 23627 I ViewRootImpl@dd07158[InstrumentationActivityInvoker$EmptyActivity]: stopped(true) old=false
08-30 15:11:06.712 23627 23627 D LifecycleMonitor: Lifecycle status change: androidx.test.core.app.InstrumentationActivityInvoker$EmptyActivity@e0d371f in: STOPPED
08-30 15:11:06.713 23627 23627 V ActivityScenario: Activity lifecycle changed event received but ignored because the intent does not match. startActivityIntent=Intent { act=android.intent.action.MAIN cat=[android.intent.category.LAUNCHER] cmp=com.example.dogglers/.MainActivity }, activity.getIntent()=Intent { act=android.intent.action.MAIN cat=[android.intent.category.LAUNCHER] flg=0x10000000 cmp=com.example.dogglers/androidx.test.core.app.InstrumentationActivityInvoker$EmptyActivity }, activity=androidx.test.core.app.InstrumentationActivityInvoker$EmptyActivity@e0d371f
08-30 15:11:06.715 23627 23627 D LifecycleMonitor: Lifecycle status change: androidx.test.core.app.InstrumentationActivityInvoker$EmptyActivity@e0d371f in: DESTROYED
08-30 15:11:06.716 23627 23627 V ActivityScenario: Activity lifecycle changed event received but ignored because the intent does not match. startActivityIntent=Intent { act=android.intent.action.MAIN cat=[android.intent.category.LAUNCHER] cmp=com.example.dogglers/.MainActivity }, activity.getIntent()=Intent { act=android.intent.action.MAIN cat=[android.intent.category.LAUNCHER] flg=0x10000000 cmp=com.example.dogglers/androidx.test.core.app.InstrumentationActivityInvoker$EmptyActivity }, activity=androidx.test.core.app.InstrumentationActivityInvoker$EmptyActivity@e0d371f
08-30 15:11:06.717 23627 23627 I ViewRootImpl@dd07158[InstrumentationActivityInvoker$EmptyActivity]: dispatchDetachedFromWindow
08-30 15:11:06.718  4349  7427 D InputTransport: Input channel destroyed: '276e9 c', fd=713
08-30 15:11:06.718  4349  7427 I SurfaceControl: nativeRelease nativeObject s[476016224192]
08-30 15:11:06.718  4349  7427 I SurfaceControl: nativeRelease nativeObject e[476016224192]
08-30 15:11:06.718  4349  7427 D WindowManager: isScreenshotDisabledLocked - win: Window{276e9 u0 com.example.dogglers/androidx.test.core.app.InstrumentationActivityInvoker$EmptyActivity}
08-30 15:11:06.718  4349  7427 D WindowManager: isScreenshotDisabledLocked: userId = 0, disabled =false
08-30 15:11:06.719  4349  7427 I SurfaceControl: nativeRelease nativeObject s[477996345600]
08-30 15:11:06.719  4349  7427 I SurfaceControl: nativeRelease nativeObject e[477996345600]
08-30 15:11:06.719  3976  6075 I SurfaceFlinger: id=37940 createSurf (0x0),-1 flag=24004, Surface(name=749d536 InputMethod)/@0x72f94d3 - animation-leash#0
08-30 15:11:06.720  4349  7427 I SurfaceControl: nativeRelease nativeObject s[476017199552]
08-30 15:11:06.720  4349  7427 I SurfaceControl: nativeRelease nativeObject e[476017199552]
08-30 15:11:06.720  3976  6075 I Layer   : id=37930 removeFromCurrentState com.example.dogglers/androidx.test.core.app.InstrumentationActivityInvoker$EmptyActivity$_23627#0 (88)
08-30 15:11:06.720  3976  6075 I SurfaceFlinger: id=37930 Removed com.example.dogglers/androidx.test.core.app.InstrumentationActivityInvoker$EmptyActivity$_23627#0 (88)
08-30 15:11:06.722  3976  6075 I Layer   : id=37929 removeFromCurrentState 276e9 com.example.dogglers/androidx.test.core.app.InstrumentationActivityInvoker$EmptyActivity#0 (88)
08-30 15:11:06.723  3976  6075 I Layer   : id=37935 removeFromCurrentState Surface(name=749d536 InputMethod)/@0x72f94d3 - animation-leash#1 (88)
08-30 15:11:06.724 23627 23627 D InputTransport: Input channel destroyed: '276e9 c', fd=96
08-30 15:11:06.724  3976  3976 I Layer   : id=37930[1] Destroyed com.example.dogglers/androidx.test.core.app.InstrumentationActivityInvoker$EmptyActivity$_23627#0
08-30 15:11:06.724  3976  6075 I SurfaceFlinger: id=37929 Removed 276e9 com.example.dogglers/androidx.test.core.app.InstrumentationActivityInvoker$EmptyActivity#0 (87)
08-30 15:11:06.725 23627 23627 I ViewRootImpl@85af69c[InstrumentationActivityInvoker$EmptyActivity]: MSG_WINDOW_FOCUS_CHANGED 0 1
08-30 15:11:06.726  4349  6779 I SurfaceControl: nativeRelease nativeObject s[476008565472]
08-30 15:11:06.727  4349  6779 I SurfaceControl: nativeRelease nativeObject e[476008565472]
08-30 15:11:06.729 23627 23627 D LifecycleMonitor: Lifecycle status change: androidx.test.core.app.InstrumentationActivityInvoker$EmptyActivity@7b721b3 in: PAUSED
08-30 15:11:06.730 23627 23627 V ActivityScenario: Activity lifecycle changed event received but ignored because the intent does not match. startActivityIntent=Intent { act=android.intent.action.MAIN cat=[android.intent.category.LAUNCHER] cmp=com.example.dogglers/.MainActivity }, activity.getIntent()=Intent { act=android.intent.action.MAIN cat=[android.intent.category.LAUNCHER] flg=0x10000000 cmp=com.example.dogglers/androidx.test.core.app.InstrumentationActivityInvoker$EmptyActivity }, activity=androidx.test.core.app.InstrumentationActivityInvoker$EmptyActivity@7b721b3
08-30 15:11:06.732  4349  7427 I SemDvfsHyPerManager: acquire hyper - AMS_APP_HOME/4349@35, type = -999
08-30 15:11:06.732  3927  3954 I HYPER-HAL: [RequestManager.cpp]acquire(): Acquired ID : 9611955  [4349 / 35]    HINT : AMS_APP_HOME    list :
08-30 15:11:06.733  3927  3954 E HYPER-HAL: [HandlerSysfs.cpp]doResourceHandling(): Couldn't Open Sysfs - /sys/power/cstate_control
08-30 15:11:06.733  3927  3954 I HYPER-HAL: [ResourceManager.cpp]updateResource(): [CPUMinFreq] UpdateResource Request ID : 9611955    Value : 1768000
08-30 15:11:06.733  3881  3886 E statsd  : Predicate -7037417284711607308 dropping data for dimension key (10)0x2010101->10429[I] (10)0x30000->*launch*[S]
08-30 15:11:06.736  4349  7427 V WindowOrientationListener: getProposedRotation: -1
08-30 15:11:06.736  4349  7427 V WindowOrientationListener: getProposedRotation: -1
08-30 15:11:06.737  4349  7427 V WindowOrientationListener: getProposedRotation: -1
08-30 15:11:06.740  3976  3976 I Layer   : id=37929[1] Destroyed 276e9 com.example.dogglers/androidx.test.core.app.InstrumentationActivityInvoker$EmptyActivity#0
08-30 15:11:06.743  3976  4002 I Layer   : id=37928 removeFromCurrentState ActivityRecord{cd43d79 u0 com.example.dogglers/androidx.test.core.app.InstrumentationActivityInvoker$EmptyActivity t1408}#0 (86)
08-30 15:11:06.744  3976  4002 I SurfaceFlinger: id=37928 Removed ActivityRecord{cd43d79 u0 com.example.dogglers/androidx.test.core.app.InstrumentationActivityInvoker$EmptyActivity t1408}#0 (86)
08-30 15:11:06.744 23627 23627 I ViewRootImpl@85af69c[InstrumentationActivityInvoker$EmptyActivity]: MSG_WINDOW_FOCUS_CHANGED 0 1
08-30 15:11:06.745  4349  6779 V WindowManager: Relayout Window{b49dc7f u0 com.sec.android.app.launcher/com.sec.android.app.launcher.activities.LauncherActivity}: viewVisibility=4 req=720x1560
08-30 15:11:06.746 23627 23651 I TestRunner: finished: grid_list_button_is_displayed(com.example.dogglers.ButtonTests)
