08-30 15:11:19.118  3976  4318 I SurfaceFlinger: id=38256 createSurf (0x0),-1 flag=24000, Surface(name=b07ecc5 NavigationBar0)/@0xa8376fc - animation-leash#0
08-30 15:11:19.120  4349  5108 V WindowManager: Relayout hash=563f513, pid=23627: mAttrs={(0,0)(fillxfill) sim={adjust=pan forwardNavigation} ty=BASE_APPLICATION wanim=0x1030001
08-30 15:11:19.120  4349  5108 V WindowManager:   fl=1810100
08-30 15:11:19.120  4349  5108 V WindowManager:   pfl=12020000
08-30 15:11:19.120  4349  5108 V WindowManager:   fitSides= naviIconColor=0}
08-30 15:11:19.120  4349  5108 I SurfaceControl: nativeRelease nativeObject s[476016226112]
08-30 15:11:19.120  4349  5108 I SurfaceControl: nativeRelease nativeObject e[476016226112]
08-30 15:11:19.122  3976  4318 I Layer   : id=38248 removeFromCurrentState Surface(name=1096c8d StatusBar)/@0xeaf4dd0 - animation-leash#0 (107)
08-30 15:11:19.122  3976  4318 I Layer   : id=29 removeFromCurrentState 1096c8d StatusBar#0 (107)
08-30 15:11:19.122  3976  4318 I Layer   : id=36 removeFromCurrentState StatusBar$_4708#0 (107)
08-30 15:11:19.122  3976  4318 I Layer   : id=29 addToCurrentState 1096c8d StatusBar#0 (107)
08-30 15:11:19.122  3976  4318 I Layer   : id=36 addToCurrentState StatusBar$_4708#0 (107)
08-30 15:11:19.122  3976  4318 I Layer   : id=38249 removeFromCurrentState Surface(name=b07ecc5 NavigationBar0)/@0xa8376fc - animation-leash#1 (107)
08-30 15:11:19.122  3976  4318 I Layer   : id=25 removeFromCurrentState b07ecc5 NavigationBar0#0 (107)
08-30 15:11:19.122  3976  4318 I Layer   : id=32 removeFromCurrentState NavigationBar0$_4708#0 (107)
08-30 15:11:19.122  3976  4318 I Layer   : id=25 addToCurrentState b07ecc5 NavigationBar0#0 (107)
08-30 15:11:19.122  3976  4318 I Layer   : id=32 addToCurrentState NavigationBar0$_4708#0 (107)
08-30 15:11:19.123 23627 23627 I SurfaceControl: assignNativeObject: nativeObject = 0 Surface(name=null)/@0x4747bf6 / android.view.SurfaceControl.readFromParcel:1117 android.view.IWindowSession$Stub$Proxy.relayout:1836 android.view.ViewRootImpl.relayoutWindow:9005 android.view.ViewRootImpl.performTraversals:3360 android.view.ViewRootImpl.doTraversal:2618 android.view.ViewRootImpl$TraversalRunnable.run:9971 android.view.Choreographer$CallbackRecord.run:1010 android.view.Choreographer.doCallbacks:809 android.view.Choreographer.doFrame:744 android.view.Choreographer$FrameDisplayEventReceiver.run:995
08-30 15:11:19.124 23627 23627 I ViewRootImpl@4fd6091[InstrumentationActivityInvoker$EmptyActivity]: Relayout returned: old=(0,0,720,1560) new=(0,0,720,1560) req=(720,1560)0 dur=15 res=0x7 s={true 478231728128} ch=true fn=-1
08-30 15:11:19.127  3899 10978 D gralloc : [mali_gralloc_allocate] begin
08-30 15:11:19.127  3899 10978 D gralloc : buffer_descriptor: wh(720 1560) usage_pc(0x40000000000b00 0x40000000000b00) hal_format(0x1) layer_count(1) sizes(0 0 0) strde(0) byte_stride(0) alloc_wh(0 0) internal_format(0x0) alloc_format(0x0) fd_count(1) plane_count(0)
08-30 15:11:19.128 23627 23627 I ViewRootImpl@4fd6091[InstrumentationActivityInvoker$EmptyActivity]: [DP] dp(1) 1 android.view.ViewRootImpl.reportNextDraw:10957 android.view.ViewRootImpl.performTraversals:3845 android.view.ViewRootImpl.doTraversal:2618
08-30 15:11:19.128  3899 10978 D gralloc : [mali_gralloc_allocate] allocation successful
08-30 15:11:19.128 23627 23627 I ViewRootImpl@4fd6091[InstrumentationActivityInvoker$EmptyActivity]: [DP] pd() Asnyc report
08-30 15:11:19.129  3899 10978 D gralloc : [mali_gralloc_allocate] begin
08-30 15:11:19.129  3899 10978 D gralloc : buffer_descriptor: wh(720 1560) usage_pc(0x40000000000b00 0x40000000000b00) hal_format(0x1) layer_count(1) sizes(0 0 0) strde(0) byte_stride(0) alloc_wh(0 0) internal_format(0x0) alloc_format(0x0) fd_count(1) plane_count(0)
08-30 15:11:19.129  3899 10978 D gralloc : [mali_gralloc_allocate] allocation successful
08-30 15:11:19.130  3899 10978 D gralloc : [mali_gralloc_allocate] begin
08-30 15:11:19.130  3899 10978 D gralloc : buffer_descriptor: wh(720 1560) usage_pc(0x40000000000b00 0x40000000000b00) hal_format(0x1) layer_count(1) sizes(0 0 0) strde(0) byte_stride(0) alloc_wh(0 0) internal_format(0x0) alloc_format(0x0) fd_count(1) plane_count(0)
08-30 15:11:19.131  3899 10978 D gralloc : [mali_gralloc_allocate] allocation successful
08-30 15:11:19.135 23627 23627 I ViewRootImpl@4fd6091[InstrumentationActivityInvoker$EmptyActivity]: [DP] pdf(0) 1 android.view.ViewRootImpl.lambda$performDraw$1$ViewRootImpl:4668 android.view.-$$Lambda$ViewRootImpl$DJd0VUYJgsebcnSohO6h8zc_ONI.run:6 android.os.Handler.handleCallback:938
08-30 15:11:19.135 23627 23627 I ViewRootImpl@4fd6091[InstrumentationActivityInvoker$EmptyActivity]: [DP] rdf()
08-30 15:11:19.137 23627 23627 I ViewRootImpl@7080c34[InstrumentationActivityInvoker$EmptyActivity]: MSG_WINDOW_FOCUS_CHANGED 0 1
08-30 15:11:19.139  4349  4372 D PkgPredictorService: pkg:com.example.dogglers activity:androidx.test.core.app.InstrumentationActivityInvoker$EmptyActivity thisTime:185
08-30 15:11:19.141  4349  4372 I SemDvfsHyPerManager: acquire hyper - AMS_RESUME_TAIL/4349@18, type = -999
08-30 15:11:19.141  4349  4376 I ActivityTaskManager: Displayed com.example.dogglers/androidx.test.core.app.InstrumentationActivityInvoker$EmptyActivity: +185ms
08-30 15:11:19.141  4349  4372 I SemDvfsHyPerManager: acquire hyper - AMS_ACT_LAZY/4349@19, type = -999
08-30 15:11:19.141  3927  3954 I HYPER-HAL: [RequestManager.cpp]acquire(): Acquired ID : 9537546  [4349 / 18]    HINT : AMS_RESUME_TAIL    list :
08-30 15:11:19.141  3927  3954 E HYPER-HAL: [HandlerSysfs.cpp]doResourceHandling(): Couldn't Open Sysfs - /sys/power/cstate_control
08-30 15:11:19.141  3927  3954 I HYPER-HAL: [ResourceManager.cpp]updateResource(): [CPUMinFreq] UpdateResource Request ID : 9537546    Value : 1560000
08-30 15:11:19.141  5589  5589 E pageboostd: Received HALT command code 2
08-30 15:11:19.141  3927  3954 I HYPER-HAL: [RequestManager.cpp]acquire(): Acquired ID : 9541915  [4349 / 19]    HINT :      list :
08-30 15:11:19.142  3927  3954 E HYPER-HAL: [Request.cpp]acquire(): Request:: id : 9541915, No Resource to set
08-30 15:11:19.142  3927  3954 E HYPER-HAL: [HandlerSysfs.cpp]doResourceHandling(): Couldn't Open Sysfs - /sys/power/cstate_control
08-30 15:11:19.142  3927  3954 I HYPER-HAL: [ResourceManager.cpp]removeResource(): [CPUMinFreq] RemoveResource Request ID : 9528811
08-30 15:11:19.142  3927  3954 I HYPER-HAL: [RequestManager.cpp]releaseLocked(): Released ID : 9528811
08-30 15:11:19.145 23627 23627 I SurfaceControl: nativeRelease nativeObject s[478234523328]
08-30 15:11:19.146 23627 23627 I SurfaceControl: nativeRelease nativeObject e[478234523328]
08-30 15:11:19.146 23627 23627 I SurfaceControl: nativeRelease nativeObject s[478061401760]
08-30 15:11:19.146 23627 23627 I SurfaceControl: nativeRelease nativeObject e[478061401760]
08-30 15:11:19.146 23627 23627 I SurfaceControl: nativeRelease nativeObject s[478061401568]
08-30 15:11:19.146 23627 23627 I SurfaceControl: nativeRelease nativeObject e[478061401568]
08-30 15:11:19.146  3976  5385 I SurfaceFlinger: id=38249 Removed Surface(name=b07ecc5 NavigationBar0)/@0xa8376fc - animation-leash#1 (107)
08-30 15:11:19.146  3976  4318 I SurfaceFlinger: id=38248 Removed Surface(name=1096c8d StatusBar)/@0xeaf4dd0 - animation-leash#0 (107)
08-30 15:11:19.148  3976  3976 I Layer   : id=38248[1] Destroyed Surface(name=1096c8d StatusBar)/@0xeaf4dd0 - animation-leash#0
08-30 15:11:19.148  3976  3976 I Layer   : id=38249[1] Destroyed Surface(name=b07ecc5 NavigationBar0)/@0xa8376fc - animation-leash#1
08-30 15:11:19.150  4349  5464 I InputDispatcher: Focus entered window (23627): 563f513 in display 0 0
08-30 15:11:19.154  3976  3976 D SurfaceFlinger: Display 0 HWC layers:
08-30 15:11:19.154  3976  3976 D SurfaceFlinger:      DEVICE | 0x75743a5440 | 0002 | RGBA_8888    |    0.0    0.0  720.0 1560.0 |    0    0  720 1560 | com.example.dogglers/androidx.test.c[...]tivityInvoker$EmptyActivity$_23627#1
08-30 15:11:19.154  3976  3976 D SurfaceFlinger:      DEVICE | 0x74f0414e40 | 0000 | RGBA_8888    |    0.0    0.0  720.0   53.0 |    0    0  720   53 | StatusBar$_4708#0
08-30 15:11:19.154  3976  3976 D SurfaceFlinger:      DEVICE | 0x74d157fa00 | 0000 | RGBA_8888    |    0.0    0.0   67.0  232.0 |  653  151  720  383 | com.samsung.android.app.cocktailbars[...]rservice.CocktailBarService$_14146#0
08-30 15:11:19.154  3976  3976 D SurfaceFlinger:      DEVICE | 0x75743a7380 | 0000 | RGBA_8888    |    0.0    0.0  720.0   84.0 |    0 1476  720 1560 | NavigationBar0$_4708#0
08-30 15:11:19.154  3976  3976 D SurfaceFlinger:      DEVICE | 0x74f0413e00 | 0000 | RGBA_8888    |    0.0    0.0  720.0  101.0 |    0    0  720  101 | ScreenDecorOverlay$_4708#0
08-30 15:11:19.154  3976  3976 D SurfaceFlinger:      DEVICE | 0x75743a7b00 | 0000 | RGBA_8888    |    0.0    0.0  720.0  101.0 |    0 1459  720 1560 | ScreenDecorOverlayBottom$_4708#0
08-30 15:11:19.154  3976  3976 D SurfaceFlinger:
08-30 15:11:19.157  4349  6765 D InputDispatcher: Focused application set to (0): 641dc7a
08-30 15:11:19.166  4349  5464 D SecContentProvider: query(), uri = 17 selection = isSettingsChangesAllowed
08-30 15:11:19.167  4349  4371 D PersonaActivityHelper: Activity not in resumed state, do not run immediate lock
08-30 15:11:19.170  3976  6075 E BufferQueueProducer: [com.example.dogglers/androidx.test.core.app.InstrumentationActivityInvoker$EmptyActivity$_23627#0](id:f88000033c0,api:0,p:-1,c:3976) disconnect: not connected (req=1)
08-30 15:11:19.171 23627 23685 W libEGL  : EGLNativeWindowType 0x6f59183010 disconnect failed
08-30 15:11:19.172  4349  6765 V WindowManager: Relayout Window{4109cf0 u0 com.example.dogglers/androidx.test.core.app.InstrumentationActivityInvoker$EmptyActivity}: viewVisibility=8 req=720x1560
08-30 15:11:19.175  4349  6765 V WindowManager: Relayout hash=4109cf0, pid=23627: mAttrs={(0,0)(fillxfill) sim={adjust=pan forwardNavigation} ty=BASE_APPLICATION wanim=0x1030001
08-30 15:11:19.175  4349  6765 V WindowManager:   fl=1810100
08-30 15:11:19.175  4349  6765 V WindowManager:   pfl=12020000
08-30 15:11:19.175  4349  6765 V WindowManager:   fitSides= naviIconColor=0}
08-30 15:11:19.176 23627 23627 I SurfaceControl: nativeRelease nativeObject s[476571793696]
08-30 15:11:19.176 23627 23627 I SurfaceControl: nativeRelease nativeObject e[476571793696]
08-30 15:11:19.176 23627 23627 I SurfaceControl: assignNativeObject: nativeObject = 0 Surface(name=null)/@0x9a1ebf7 / android.view.SurfaceControl.readFromParcel:1117 android.view.IWindowSession$Stub$Proxy.relayout:1826 android.view.ViewRootImpl.relayoutWindow:9005 android.view.ViewRootImpl.performTraversals:3360 android.view.ViewRootImpl.doTraversal:2618 android.view.ViewRootImpl$TraversalRunnable.run:9971 android.view.Choreographer$CallbackRecord.run:1010 android.view.Choreographer.doCallbacks:809 android.view.Choreographer.doFrame:744 android.view.Choreographer$FrameDisplayEventReceiver.run:995
08-30 15:11:19.176 23627 23627 I SurfaceControl: assignNativeObject: nativeObject = 0 Surface(name=null)/@0x65d3a5d / android.view.SurfaceControl.readFromParcel:1117 android.view.IWindowSession$Stub$Proxy.relayout:1836 android.view.ViewRootImpl.relayoutWindow:9005 android.view.ViewRootImpl.performTraversals:3360 android.view.ViewRootImpl.doTraversal:2618 android.view.ViewRootImpl$TraversalRunnable.run:9971 android.view.Choreographer$CallbackRecord.run:1010 android.view.Choreographer.doCallbacks:809 android.view.Choreographer.doFrame:744 android.view.Choreographer$FrameDisplayEventReceiver.run:995
08-30 15:11:19.177 23627 23627 I SurfaceControl: nativeRelease nativeObject s[476571794272]
08-30 15:11:19.177 23627 23627 I SurfaceControl: nativeRelease nativeObject e[476571794272]
08-30 15:11:19.177 23627 23627 I ViewRootImpl@7080c34[InstrumentationActivityInvoker$EmptyActivity]: Relayout returned: old=(0,0,720,1560) new=(0,0,720,1560) req=(720,1560)8 dur=5 res=0x5 s={false 0} ch=true fn=2
08-30 15:11:19.178 23627 23627 I ViewRootImpl@7080c34[InstrumentationActivityInvoker$EmptyActivity]: stopped(true) old=false
08-30 15:11:19.179 23627 23627 D LifecycleMonitor: Lifecycle status change: androidx.test.core.app.InstrumentationActivityInvoker$EmptyActivity@c21cf2b in: STOPPED
08-30 15:11:19.179 23627 23627 V ActivityScenario: Activity lifecycle changed event received but ignored because the intent does not match. startActivityIntent=Intent { act=android.intent.action.MAIN cat=[android.intent.category.LAUNCHER] cmp=com.example.dogglers/.GridListActivity }, activity.getIntent()=Intent { act=android.intent.action.MAIN cat=[android.intent.category.LAUNCHER] flg=0x10000000 cmp=com.example.dogglers/androidx.test.core.app.InstrumentationActivityInvoker$EmptyActivity }, activity=androidx.test.core.app.InstrumentationActivityInvoker$EmptyActivity@c21cf2b
08-30 15:11:19.181 23627 23627 D LifecycleMonitor: Lifecycle status change: androidx.test.core.app.InstrumentationActivityInvoker$EmptyActivity@c21cf2b in: DESTROYED
08-30 15:11:19.182 23627 23627 V ActivityScenario: Activity lifecycle changed event received but ignored because the intent does not match. startActivityIntent=Intent { act=android.intent.action.MAIN cat=[android.intent.category.LAUNCHER] cmp=com.example.dogglers/.GridListActivity }, activity.getIntent()=Intent { act=android.intent.action.MAIN cat=[android.intent.category.LAUNCHER] flg=0x10000000 cmp=com.example.dogglers/androidx.test.core.app.InstrumentationActivityInvoker$EmptyActivity }, activity=androidx.test.core.app.InstrumentationActivityInvoker$EmptyActivity@c21cf2b
08-30 15:11:19.183  4349  5464 I InputDispatcher: Focus left window (23627): 563f513 in display 0 0
08-30 15:11:19.184 23627 23627 I ViewRootImpl@7080c34[InstrumentationActivityInvoker$EmptyActivity]: dispatchDetachedFromWindow
08-30 15:11:19.184  4349  5464 D InputTransport: Input channel destroyed: '4109cf0', fd=704
08-30 15:11:19.184  4349  5464 I SurfaceControl: nativeRelease nativeObject s[478079924800]
08-30 15:11:19.185  4349  5464 I SurfaceControl: nativeRelease nativeObject e[478079924800]
08-30 15:11:19.185  4349  5464 D WindowManager: isScreenshotDisabledLocked - win: Window{4109cf0 u0 com.example.dogglers/androidx.test.core.app.InstrumentationActivityInvoker$EmptyActivity}
08-30 15:11:19.185  4349  5464 D WindowManager: isScreenshotDisabledLocked: userId = 0, disabled =false
08-30 15:11:19.185  4349  5464 I SurfaceControl: nativeRelease nativeObject s[476017208096]
08-30 15:11:19.185  4349  5464 I SurfaceControl: nativeRelease nativeObject e[476017208096]
08-30 15:11:19.185  3976  6075 I SurfaceFlinger: id=38257 createSurf (0x0),-1 flag=24004, Surface(name=749d536 InputMethod)/@0x72f94d3 - animation-leash#0
08-30 15:11:19.186  4349  5464 I SurfaceControl: nativeRelease nativeObject s[476007086624]
08-30 15:11:19.186  4349  5464 I SurfaceControl: nativeRelease nativeObject e[476007086624]
08-30 15:11:19.187  3976  6075 I Layer   : id=38247 removeFromCurrentState com.example.dogglers/androidx.test.core.app.InstrumentationActivityInvoker$EmptyActivity$_23627#0 (106)
08-30 15:11:19.187  3976  6075 I SurfaceFlinger: id=38247 Removed com.example.dogglers/androidx.test.core.app.InstrumentationActivityInvoker$EmptyActivity$_23627#0 (106)
08-30 15:11:19.189  3976  6075 I Layer   : id=38246 removeFromCurrentState 4109cf0 com.example.dogglers/androidx.test.core.app.InstrumentationActivityInvoker$EmptyActivity#0 (106)
08-30 15:11:19.189  3976  6075 I Layer   : id=38252 removeFromCurrentState Surface(name=749d536 InputMethod)/@0x72f94d3 - animation-leash#1 (106)
08-30 15:11:19.189  3976  6075 I SurfaceFlinger: id=38246 Removed 4109cf0 com.example.dogglers/androidx.test.core.app.InstrumentationActivityInvoker$EmptyActivity#0 (106)
08-30 15:11:19.191 23627 23627 D InputTransport: Input channel destroyed: '4109cf0', fd=90
08-30 15:11:19.192 23627 23627 I ViewRootImpl@4fd6091[InstrumentationActivityInvoker$EmptyActivity]: MSG_WINDOW_FOCUS_CHANGED 0 1
08-30 15:11:19.192  4349  6765 I SurfaceControl: nativeRelease nativeObject s[476021497152]
08-30 15:11:19.192  4349  6765 I SurfaceControl: nativeRelease nativeObject e[476021497152]
08-30 15:11:19.196 23627 23627 D LifecycleMonitor: Lifecycle status change: androidx.test.core.app.InstrumentationActivityInvoker$EmptyActivity@cacadcc in: PAUSED
08-30 15:11:19.196 23627 23627 V ActivityScenario: Activity lifecycle changed event received but ignored because the intent does not match. startActivityIntent=Intent { act=android.intent.action.MAIN cat=[android.intent.category.LAUNCHER] cmp=com.example.dogglers/.GridListActivity }, activity.getIntent()=Intent { act=android.intent.action.MAIN cat=[android.intent.category.LAUNCHER] flg=0x10000000 cmp=com.example.dogglers/androidx.test.core.app.InstrumentationActivityInvoker$EmptyActivity }, activity=androidx.test.core.app.InstrumentationActivityInvoker$EmptyActivity@cacadcc
08-30 15:11:19.198  4349  5464 I SemDvfsHyPerManager: acquire hyper - AMS_APP_HOME/4349@35, type = -999
08-30 15:11:19.198  3927  3954 I HYPER-HAL: [RequestManager.cpp]acquire(): Acquired ID : 9611955  [4349 / 35]    HINT : AMS_APP_HOME    list :
08-30 15:11:19.199  3881  3886 E statsd  : Predicate -7037417284711607308 dropping data for dimension key (10)0x2010101->10429[I] (10)0x30000->*launch*[S]
08-30 15:11:19.199  3976  3976 I Layer   : id=38246[1] Destroyed 4109cf0 com.example.dogglers/androidx.test.core.app.InstrumentationActivityInvoker$EmptyActivity#0
08-30 15:11:19.199  3976  3976 I Layer   : id=38247[1] Destroyed com.example.dogglers/androidx.test.core.app.InstrumentationActivityInvoker$EmptyActivity$_23627#0
08-30 15:11:19.201  4349  5464 V WindowOrientationListener: getProposedRotation: -1
08-30 15:11:19.202  4349  5464 V WindowOrientationListener: getProposedRotation: -1
08-30 15:11:19.203  3927  3954 E HYPER-HAL: [HandlerSysfs.cpp]doResourceHandling(): Couldn't Open Sysfs - /sys/power/cstate_control
08-30 15:11:19.203  4349  5464 V WindowOrientationListener: getProposedRotation: -1
08-30 15:11:19.203  3927  3954 I HYPER-HAL: [ResourceManager.cpp]updateResource(): [CPUMinFreq] UpdateResource Request ID : 9611955    Value : 1768000
08-30 15:11:19.208  3976  6075 I Layer   : id=38241 removeFromCurrentState ActivityRecord{4d68bbc u0 com.example.dogglers/androidx.test.core.app.InstrumentationActivityInvoker$EmptyActivity t1415}#0 (104)
08-30 15:11:19.209  3976  6075 I SurfaceFlinger: id=38241 Removed ActivityRecord{4d68bbc u0 com.example.dogglers/androidx.test.core.app.InstrumentationActivityInvoker$EmptyActivity t1415}#0 (104)
08-30 15:11:19.210 23627 23627 I ViewRootImpl@4fd6091[InstrumentationActivityInvoker$EmptyActivity]: MSG_WINDOW_FOCUS_CHANGED 0 1
08-30 15:11:19.211 23627 23651 I TestRunner: finished: grid_list_content_on_first_page(com.example.dogglers.GridListTests)
