08-30 15:11:34.813  3927  3954 I HYPER-HAL: [ResourceManager.cpp]updateResource(): [CPUMinFreq] UpdateResource Request ID : 9528811    Value : 1560000
08-30 15:11:34.813  3976  4001 I SurfaceFlinger: id=38657 createSurf (0x0),-1 flag=80004, ActivityRecord{803158 u0 com.example.dogglers/androidx.test.core.app.InstrumentationActivityInvoker$EmptyActivity t1426}#0
08-30 15:11:34.817  3881  3886 E statsd  : Predicate -7037417284711607308 dropping data for dimension key (10)0x2010101->10429[I] (10)0x30000->*launch*[S]
08-30 15:11:34.823 14146 14146 I Utils   : isCurrentUser current = 0, ownerId = 0
08-30 15:11:34.823 23627 23627 D LifecycleMonitor: Lifecycle status change: com.example.dogglers.VerticalListActivity@bc7fe3e in: PAUSED
08-30 15:11:34.823 14146 14146 I TrayVisibilityController: getComputedTrayVisible : keyguardState = 1
08-30 15:11:34.823 14146 14146 I TrayVisibilityController: updateTrayVisible: State=1 visible=1 mCurrentVisible=1 specificMode=0
08-30 15:11:34.823 14146 14146 I TrayStateController: onNotifyUpdateTray: 0 to need to visible? true
08-30 15:11:34.823 23627 23627 V ActivityScenario: Update currentActivityStage to PAUSED, currentActivity=com.example.dogglers.VerticalListActivity@bc7fe3e
08-30 15:11:34.827  4708  4881 D NetworkController.SecMobileSignalController(0/2): onSignalStrengthsChanged level=3
08-30 15:11:34.828  4349  5464 V WindowOrientationListener: getProposedRotation: -1
08-30 15:11:34.828  4349  5464 V WindowOrientationListener: getProposedRotation: -1
08-30 15:11:34.828  4708  4881 D MobileSignalIconsSelector: getDataIconGroup(): 2
08-30 15:11:34.829  4349  5464 V WindowOrientationListener: getProposedRotation: -1
08-30 15:11:34.831  4349  5464 D InputDispatcher: Focused application set to (0): 803158
08-30 15:11:34.841  3927 24123 I HYPER-HAL: [ResourceManager.cpp]removeResource(): [CPUMinFreq] RemoveResource Request ID : 9594421
08-30 15:11:34.841  3927 24123 I HYPER-HAL: [RequestManager.cpp]releaseLocked(): Released ID : 9594421
08-30 15:11:34.845 23627 23627 D LifecycleMonitor: Lifecycle status change: androidx.test.core.app.InstrumentationActivityInvoker$EmptyActivity@c9f8edc in: PRE_ON_CREATE
08-30 15:11:34.846 23627 23627 V ActivityScenario: Activity lifecycle changed event received but ignored because the intent does not match. startActivityIntent=Intent { act=android.intent.action.MAIN cat=[android.intent.category.LAUNCHER] cmp=com.example.dogglers/.VerticalListActivity }, activity.getIntent()=Intent { act=android.intent.action.MAIN cat=[android.intent.category.LAUNCHER] flg=0x10000000 cmp=com.example.dogglers/androidx.test.core.app.InstrumentationActivityInvoker$EmptyActivity }, activity=androidx.test.core.app.InstrumentationActivityInvoker$EmptyActivity@c9f8edc
08-30 15:11:34.846  4349  4371 I SemPersonaManager: SecureFolder personaId = 150
08-30 15:11:34.856  4349  5464 I InputDispatcher: Focus left window (23627): 6f224ae in display 0 0
08-30 15:11:34.869 12736 12736 I dnxg    : onStop
08-30 15:11:34.888  4349  4371 D EnterpriseDeviceManagerService: isMdmAdminPresentInternal() : MDM Admin Found - com.samsung.knox.securefolder
08-30 15:11:34.899 23627 23627 I DecorView: [INFO] isPopOver=false, config=true
08-30 15:11:34.899 23627 23627 I DecorView: updateCaptionType >> DecorView@c7606ba[], isFloating=false, isApplication=true, hasWindowDecorCaption=false, hasWindowControllerCallback=true
08-30 15:11:34.899 23627 23627 D DecorView: setCaptionType = 0, this = DecorView@c7606ba[]
08-30 15:11:34.903 23627 23627 D LifecycleMonitor: Lifecycle status change: androidx.test.core.app.InstrumentationActivityInvoker$EmptyActivity@c9f8edc in: CREATED
08-30 15:11:34.903 23627 23627 V ActivityScenario: Activity lifecycle changed event received but ignored because the intent does not match. startActivityIntent=Intent { act=android.intent.action.MAIN cat=[android.intent.category.LAUNCHER] cmp=com.example.dogglers/.VerticalListActivity }, activity.getIntent()=Intent { act=android.intent.action.MAIN cat=[android.intent.category.LAUNCHER] flg=0x10000000 cmp=com.example.dogglers/androidx.test.core.app.InstrumentationActivityInvoker$EmptyActivity }, activity=androidx.test.core.app.InstrumentationActivityInvoker$EmptyActivity@c9f8edc
08-30 15:11:34.906 23627 23627 D LifecycleMonitor: Lifecycle status change: androidx.test.core.app.InstrumentationActivityInvoker$EmptyActivity@c9f8edc in: STARTED
08-30 15:11:34.906 23627 23627 V ActivityScenario: Activity lifecycle changed event received but ignored because the intent does not match. startActivityIntent=Intent { act=android.intent.action.MAIN cat=[android.intent.category.LAUNCHER] cmp=com.example.dogglers/.VerticalListActivity }, activity.getIntent()=Intent { act=android.intent.action.MAIN cat=[android.intent.category.LAUNCHER] flg=0x10000000 cmp=com.example.dogglers/androidx.test.core.app.InstrumentationActivityInvoker$EmptyActivity }, activity=androidx.test.core.app.InstrumentationActivityInvoker$EmptyActivity@c9f8edc
08-30 15:11:34.908 23627 23627 D LifecycleMonitor: Lifecycle status change: androidx.test.core.app.InstrumentationActivityInvoker$EmptyActivity@c9f8edc in: RESUMED
08-30 15:11:34.908 23627 23627 V ActivityScenario: Activity lifecycle changed event received but ignored because the intent does not match. startActivityIntent=Intent { act=android.intent.action.MAIN cat=[android.intent.category.LAUNCHER] cmp=com.example.dogglers/.VerticalListActivity }, activity.getIntent()=Intent { act=android.intent.action.MAIN cat=[android.intent.category.LAUNCHER] flg=0x10000000 cmp=com.example.dogglers/androidx.test.core.app.InstrumentationActivityInvoker$EmptyActivity }, activity=androidx.test.core.app.InstrumentationActivityInvoker$EmptyActivity@c9f8edc
08-30 15:11:34.913  4349  5464 D InputTransport: Input channel constructed: '3e6d47a', fd=720
08-30 15:11:34.913  4349  5464 D InputTransport: Input channel constructed: '3e6d47a', fd=725
08-30 15:11:34.914  3976  5385 I SurfaceFlinger: id=38658 createSurf (0x0),-1 flag=80004, 3e6d47a com.example.dogglers/androidx.test.core.app.InstrumentationActivityInvoker$EmptyActivity#0
08-30 15:11:34.914  4349  5464 D WindowManager: isScreenshotDisabledLocked - win: Window{3e6d47a u0 com.example.dogglers/androidx.test.core.app.InstrumentationActivityInvoker$EmptyActivity}
08-30 15:11:34.914  4349  5464 D WindowManager: isScreenshotDisabledLocked: userId = 0, disabled =false
08-30 15:11:34.915  4349  5464 D InputTransport: Input channel destroyed: '3e6d47a', fd=725
08-30 15:11:34.915 23627 23627 D InputTransport: Input channel constructed: '3e6d47a', fd=90
08-30 15:11:34.917 23627 23627 I ViewRootImpl@c398161[InstrumentationActivityInvoker$EmptyActivity]: setView = com.android.internal.policy.DecorView@c7606ba TM=true
08-30 15:11:34.924  4349  5464 V WindowManager: Relayout Window{3e6d47a u0 com.example.dogglers/androidx.test.core.app.InstrumentationActivityInvoker$EmptyActivity}: viewVisibility=0 req=720x1560
08-30 15:11:34.926  4349  5464 D WindowManager: isScreenshotDisabledLocked - win: Window{3e6d47a u0 com.example.dogglers/androidx.test.core.app.InstrumentationActivityInvoker$EmptyActivity}
08-30 15:11:34.926  4349  5464 D WindowManager: isScreenshotDisabledLocked: userId = 0, disabled =false
08-30 15:11:34.926  3976  4002 I SurfaceFlinger: id=38659 createSurf (720x1560),1 flag=404, com.example.dogglers/androidx.test.core.app.InstrumentationActivityInvoker$EmptyActivity$_23627#0
08-30 15:11:34.929 14146 14146 I TrayStateController: systemUiVisibilityChanged : 0 0
08-30 15:11:34.929  4349  5464 I SurfaceControl: nativeRelease nativeObject s[476016225056]
08-30 15:11:34.929  4349  5464 I SurfaceControl: nativeRelease nativeObject e[476016225056]
08-30 15:11:34.929  3976  4001 I SurfaceFlinger: id=38660 createSurf (0x0),-1 flag=24000, Surface(name=1096c8d StatusBar)/@0xeaf4dd0 - animation-leash#1
08-30 15:11:34.930  4349  5464 I SurfaceControl: nativeRelease nativeObject s[476016225152]
08-30 15:11:34.930  4349  5464 I SurfaceControl: nativeRelease nativeObject e[476016225152]
08-30 15:11:34.931  3976  4001 I SurfaceFlinger: id=38661 createSurf (0x0),-1 flag=24000, Surface(name=b07ecc5 NavigationBar0)/@0xa8376fc - animation-leash#0
08-30 15:11:34.932  4349  5464 V WindowManager: Relayout hash=3e6d47a, pid=23627: mAttrs={(0,0)(fillxfill) sim={adjust=pan forwardNavigation} ty=BASE_APPLICATION wanim=0x1030001
08-30 15:11:34.932  4349  5464 V WindowManager:   fl=1810100
08-30 15:11:34.932  4349  5464 V WindowManager:   pfl=12020000
08-30 15:11:34.932  4349  5464 V WindowManager:   fitSides= naviIconColor=0}
08-30 15:11:34.933  4349  5464 I SurfaceControl: nativeRelease nativeObject s[476008574688]
08-30 15:11:34.933  4349  5464 I SurfaceControl: nativeRelease nativeObject e[476008574688]
08-30 15:11:34.934 23627 23627 I SurfaceControl: assignNativeObject: nativeObject = 0 Surface(name=null)/@0xbedd486 / android.view.SurfaceControl.readFromParcel:1117 android.view.IWindowSession$Stub$Proxy.relayout:1836 android.view.ViewRootImpl.relayoutWindow:9005 android.view.ViewRootImpl.performTraversals:3360 android.view.ViewRootImpl.doTraversal:2618 android.view.ViewRootImpl$TraversalRunnable.run:9971 android.view.Choreographer$CallbackRecord.run:1010 android.view.Choreographer.doCallbacks:809 android.view.Choreographer.doFrame:744 android.view.Choreographer$FrameDisplayEventReceiver.run:995
08-30 15:11:34.935 23627 23627 I ViewRootImpl@c398161[InstrumentationActivityInvoker$EmptyActivity]: Relayout returned: old=(0,0,720,1560) new=(0,0,720,1560) req=(720,1560)0 dur=11 res=0x7 s={true 478211194880} ch=true fn=-1
08-30 15:11:34.939  3899 10978 D gralloc : [mali_gralloc_allocate] begin
08-30 15:11:34.939  3899 10978 D gralloc : buffer_descriptor: wh(720 1560) usage_pc(0x40000000000b00 0x40000000000b00) hal_format(0x1) layer_count(1) sizes(0 0 0) strde(0) byte_stride(0) alloc_wh(0 0) internal_format(0x0) alloc_format(0x0) fd_count(1) plane_count(0)
08-30 15:11:34.939  3976  4002 I Layer   : id=38653 removeFromCurrentState Surface(name=1096c8d StatusBar)/@0xeaf4dd0 - animation-leash#0 (99)
08-30 15:11:34.939  3976  4002 I Layer   : id=38654 removeFromCurrentState Surface(name=b07ecc5 NavigationBar0)/@0xa8376fc - animation-leash#1 (99)
08-30 15:11:34.940  3899 10978 D gralloc : [mali_gralloc_allocate] allocation successful
08-30 15:11:34.941 23627 23627 I ViewRootImpl@c398161[InstrumentationActivityInvoker$EmptyActivity]: [DP] dp(1) 1 android.view.ViewRootImpl.reportNextDraw:10957 android.view.ViewRootImpl.performTraversals:3845 android.view.ViewRootImpl.doTraversal:2618
08-30 15:11:34.941 23627 23627 I ViewRootImpl@c398161[InstrumentationActivityInvoker$EmptyActivity]: [DP] pd() Asnyc report
08-30 15:11:34.941  3899 10978 D gralloc : [mali_gralloc_allocate] begin
08-30 15:11:34.941  3899 10978 D gralloc : buffer_descriptor: wh(720 1560) usage_pc(0x40000000000b00 0x40000000000b00) hal_format(0x1) layer_count(1) sizes(0 0 0) strde(0) byte_stride(0) alloc_wh(0 0) internal_format(0x0) alloc_format(0x0) fd_count(1) plane_count(0)
08-30 15:11:34.942  3899 10978 D gralloc : [mali_gralloc_allocate] allocation successful
08-30 15:11:34.943  3899 10978 D gralloc : [mali_gralloc_allocate] begin
08-30 15:11:34.943  3899 10978 D gralloc : buffer_descriptor: wh(720 1560) usage_pc(0x40000000000b00 0x40000000000b00) hal_format(0x1) layer_count(1) sizes(0 0 0) strde(0) byte_stride(0) alloc_wh(0 0) internal_format(0x0) alloc_format(0x0) fd_count(1) plane_count(0)
08-30 15:11:34.944  3899 10978 D gralloc : [mali_gralloc_allocate] allocation successful
08-30 15:11:34.945  3892 23548 E power   : ISystemSuspend::getService() failed.
08-30 15:11:34.945  4666  4914 I System.out: Broadcasting: Intent { act=com.sec.intent.action.SARDEVICE_CP flg=0x10000000 (has extras) }
08-30 15:11:34.946  5057  7925 I RILClient: processUnsolicited(): resp_id (11090), len(118)
08-30 15:11:34.947  4349  4371 D InputManager: received SARDEVICE_CP, callAction = on deviceID = 3 option = NONE slot = 0 mSARState1
08-30 15:11:34.947  4349  4371 D InputManager: Enable back off, File not found: /sys/class/sec/sec_touchkey/sar_enable
08-30 15:11:34.947  4349  4371 D InputManager: enableDeviceForBackOff deviceID:0 deviceValue:1 mIsValidIntentForWifi:false
08-30 15:11:34.948  4349  4484 D MotionRecognitionService:   onReceive : SARDEVICE_CP, callAction = on deviceID = 3 slot = 0
08-30 15:11:34.948  4349  4484 W MotionRecognitionService: id : 0 cmd :on
08-30 15:11:34.948  4349  4484 I MotionRecognitionService: [SAR] Received request for MainGrip
08-30 15:11:34.948 23627 23627 I ViewRootImpl@c398161[InstrumentationActivityInvoker$EmptyActivity]: [DP] pdf(0) 1 android.view.ViewRootImpl.lambda$performDraw$1$ViewRootImpl:4668 android.view.-$$Lambda$ViewRootImpl$DJd0VUYJgsebcnSohO6h8zc_ONI.run:6 android.os.Handler.handleCallback:938
08-30 15:11:34.948 23627 23627 I ViewRootImpl@c398161[InstrumentationActivityInvoker$EmptyActivity]: [DP] rdf()
08-30 15:11:34.949  4349  4484 D SensorService: [GripSensor] ++ setGripThdWithMCC  (65560)
08-30 15:11:34.949  4349  4484 D SensorService: GripSensor: MCC Path does not exist
08-30 15:11:34.949  4349  4484 D SensorService: Calling batch handle==6 flags=0 rate=200000000 timeout== 0
08-30 15:11:34.950  3920  3920 I Sensors : GripSensor:enable: handle 6, en 1, old_en 0
08-30 15:11:34.950 23627 23627 I ViewRootImpl@f676452[VerticalListActivity]: MSG_WINDOW_FOCUS_CHANGED 0 1
08-30 15:11:34.952  3920  3994 I Sensors : GripSensor:readEvents: grip data = RELEASE
08-30 15:11:34.953  4349  4372 D PkgPredictorService: pkg:com.example.dogglers activity:androidx.test.core.app.InstrumentationActivityInvoker$EmptyActivity thisTime:142
08-30 15:11:34.953  4349  4484 D SensorManager: registerListener :: 6, A96T3X6 Grip Sensor, 200000, 0, com.samsung.android.gesture.MotionRecognitionSAR$SensorGripEventListener@455175d
08-30 15:11:34.953  4349  4484 D MotionRecognitionService: [SAR] enableGripSensor
08-30 15:11:34.954  4349  4486 D MotionRecognitionService: [SAR] == >> GripVal = 0
08-30 15:11:34.954  4349  4486 I MotionRecognitionService: [SAR] GripWifi disabled
08-30 15:11:34.954  4349  4486 D MotionRecognitionService: clear SAR_DEVICE_GRIP
08-30 15:11:34.954  4349  4486 E MotionRecognitionService: handleMessage: event 200 value : 1
08-30 15:11:34.954  4349  4484 D SensorService: [GripSensor] ++ setGripThdWithMCC  (65560)
08-30 15:11:34.954  4349  4484 D SensorService: GripSensor: MCC Path does not exist
08-30 15:11:34.954  4349  4484 D SensorService: Calling batch handle==12 flags=0 rate=200000000 timeout== 0
08-30 15:11:34.955  3920  3994 I Sensors : GripSensor_sub enable(): mEnabled 0, handle 12, en 1
08-30 15:11:34.956  4349  4372 I SemDvfsHyPerManager: acquire hyper - AMS_RESUME_TAIL/4349@18, type = -999
08-30 15:11:34.956  4349  4376 I ActivityTaskManager: Displayed com.example.dogglers/androidx.test.core.app.InstrumentationActivityInvoker$EmptyActivity: +142ms
08-30 15:11:34.956  4349  4372 I SemDvfsHyPerManager: acquire hyper - AMS_ACT_LAZY/4349@19, type = -999
08-30 15:11:34.956  3927  3954 I HYPER-HAL: [RequestManager.cpp]acquire(): Acquired ID : 9537546  [4349 / 18]    HINT : AMS_RESUME_TAIL    list :
08-30 15:11:34.956  3927  3954 E HYPER-HAL: [HandlerSysfs.cpp]doResourceHandling(): Couldn't Open Sysfs - /sys/power/cstate_control
08-30 15:11:34.956  3927  3954 I HYPER-HAL: [ResourceManager.cpp]updateResource(): [CPUMinFreq] UpdateResource Request ID : 9537546    Value : 1560000
08-30 15:11:34.956  3927  3954 I HYPER-HAL: [RequestManager.cpp]acquire(): Acquired ID : 9541915  [4349 / 19]    HINT :      list :
08-30 15:11:34.956  5589  5589 E pageboostd: Received HALT command code 2
08-30 15:11:34.959  3927  3954 E HYPER-HAL: [Request.cpp]acquire(): Request:: id : 9541915, No Resource to set
08-30 15:11:34.959  3927  3954 E HYPER-HAL: [HandlerSysfs.cpp]doResourceHandling(): Couldn't Open Sysfs - /sys/power/cstate_control
08-30 15:11:34.959  3927  3954 I HYPER-HAL: [ResourceManager.cpp]removeResource(): [CPUMinFreq] RemoveResource Request ID : 9528811
08-30 15:11:34.959  3927  3954 I HYPER-HAL: [RequestManager.cpp]releaseLocked(): Released ID : 9528811
08-30 15:11:34.960  4349  4484 D SensorManager: registerListener :: 12, A96T3X6 Grip Sensor for sub, 200000, 0, com.samsung.android.gesture.MotionRecognitionSAR$SensorGripEventListener@44778d2
08-30 15:11:34.960  4349  4484 D MotionRecognitionService: [SAR] enableGripSensor
08-30 15:11:34.960  4349  4484 I MotionRecognitionService: [TA] In/out: true, curr state: 1
08-30 15:11:34.960  4349  4484 I MotionRecognitionService: [SAR] TA connected before Main grip enabled
08-30 15:11:34.960  4349  4484 D MotionRecognitionService: mSarGripSlot is 1
08-30 15:11:34.960  4349  4484 W MotionRecognitionService: id : 1 cmd :on
08-30 15:11:34.960  4349  4484 D MotionRecognitionService: mSarProxSlot is 1
08-30 15:11:34.961  4349  4486 D MotionRecognitionService: clear TransmitPower  value : 1
08-30 15:11:34.962  4349  4486 D MotionRecognitionService: [SAR] == >> GripVal = 0
08-30 15:11:34.962  4349  4486 I MotionRecognitionService: [SAR] GripWifi disabled
08-30 15:11:34.962  4349  4486 D MotionRecognitionService: clear SAR_DEVICE_GRIP
08-30 15:11:34.962  4349  4486 E MotionRecognitionService: handleMessage: event 200 value : 1
08-30 15:11:34.965 23627 23627 I SurfaceControl: nativeRelease nativeObject s[478247332384]
08-30 15:11:34.965 23627 23627 I SurfaceControl: nativeRelease nativeObject e[478247332384]
08-30 15:11:34.965 23627 23627 I SurfaceControl: nativeRelease nativeObject s[478247332288]
08-30 15:11:34.965 23627 23627 I SurfaceControl: nativeRelease nativeObject e[478247332288]
08-30 15:11:34.965 23627 23627 I SurfaceControl: nativeRelease nativeObject s[478247332000]
08-30 15:11:34.965 23627 23627 I SurfaceControl: nativeRelease nativeObject e[478247332000]
08-30 15:11:34.965  3976  4001 I SurfaceFlinger: id=38654 Removed Surface(name=b07ecc5 NavigationBar0)/@0xa8376fc - animation-leash#1 (99)
08-30 15:11:34.965  3976  4002 I SurfaceFlinger: id=38653 Removed Surface(name=1096c8d StatusBar)/@0xeaf4dd0 - animation-leash#0 (99)
08-30 15:11:34.972 23627 23627 I ViewRootImpl@f676452[VerticalListActivity]: stopped(true) old=false
08-30 15:11:34.973  4349  4486 D MotionRecognitionService: clear TransmitPower  value : 1
08-30 15:11:34.973  3976  3976 I Layer   : id=38653[1] Destroyed Surface(name=1096c8d StatusBar)/@0xeaf4dd0 - animation-leash#0
08-30 15:11:34.973  3976  3976 I Layer   : id=38654[1] Destroyed Surface(name=b07ecc5 NavigationBar0)/@0xa8376fc - animation-leash#1
08-30 15:11:34.974 23627 23627 I SurfaceControl: nativeRelease nativeObject s[478211370848]
08-30 15:11:34.974 23627 23627 I SurfaceControl: nativeRelease nativeObject e[478211370848]
08-30 15:11:34.975  4349  6779 I InputDispatcher: Focus entered window (23627): 3e6d47a in display 0 0
08-30 15:11:34.975 23627 23627 D LifecycleMonitor: Lifecycle status change: com.example.dogglers.VerticalListActivity@bc7fe3e in: STOPPED
08-30 15:11:34.975 23627 23627 V ActivityScenario: Update currentActivityStage to STOPPED, currentActivity=com.example.dogglers.VerticalListActivity@bc7fe3e
08-30 15:11:34.979  4666  5290 I System.out: Broadcast completed: result=0
08-30 15:11:34.979  3976  3976 D SurfaceFlinger: Display 0 HWC layers:
08-30 15:11:34.979  3976  3976 D SurfaceFlinger:      DEVICE | 0x74f0414f80 | 0002 | RGBA_8888    |    0.0    0.0  720.0 1560.0 |    0    0  720 1560 | com.example.dogglers/androidx.test.c[...]tivityInvoker$EmptyActivity$_23627#0
08-30 15:11:34.979  3976  3976 D SurfaceFlinger:      DEVICE | 0x75743a6fc0 | 0000 | RGBA_8888    |    0.0    0.0  720.0   53.0 |    0    0  720   53 | StatusBar$_4708#0
08-30 15:11:34.979  3976  3976 D SurfaceFlinger:      DEVICE | 0x74d157fa00 | 0000 | RGBA_8888    |    0.0    0.0   67.0  232.0 |  653  151  720  383 | com.samsung.android.app.cocktailbars[...]rservice.CocktailBarService$_14146#0
08-30 15:11:34.979  3976  3976 D SurfaceFlinger:      DEVICE | 0x75743a7380 | 0000 | RGBA_8888    |    0.0    0.0  720.0   84.0 |    0 1476  720 1560 | NavigationBar0$_4708#0
08-30 15:11:34.979  3976  3976 D SurfaceFlinger:      DEVICE | 0x74f0413e00 | 0000 | RGBA_8888    |    0.0    0.0  720.0  101.0 |    0    0  720  101 | ScreenDecorOverlay$_4708#0
08-30 15:11:34.979  3976  3976 D SurfaceFlinger:      DEVICE | 0x75743a7b00 | 0000 | RGBA_8888    |    0.0    0.0  720.0  101.0 |    0 1459  720 1560 | ScreenDecorOverlayBottom$_4708#0
08-30 15:11:34.979  3976  3976 D SurfaceFlinger:
08-30 15:11:34.997 23627 23627 D LifecycleMonitor: Lifecycle status change: com.example.dogglers.VerticalListActivity@bc7fe3e in: DESTROYED
08-30 15:11:34.998 23627 23627 V ActivityScenario: Update currentActivityStage to DESTROYED, currentActivity=null
08-30 15:11:35.002  3976  4001 E BufferQueueProducer: [com.example.dogglers/com.example.dogglers.VerticalListActivity$_23627#0](id:f88000033f6,api:0,p:-1,c:3976) disconnect: not connected (req=1)
08-30 15:11:35.002 23627 23685 W libEGL  : EGLNativeWindowType 0x6f58f14010 disconnect failed
08-30 15:11:35.002 23627 23627 I ViewRootImpl@f676452[VerticalListActivity]: dispatchDetachedFromWindow
08-30 15:11:35.004  4349  6765 I SemDvfsHyPerManager: acquire hyper - AMS_ACT_START/4349@16, type = -999
08-30 15:11:35.004  3927  3954 I HYPER-HAL: [RequestManager.cpp]acquire(): Acquired ID : 9528811  [4349 / 16]    HINT : AMS_ACT_START    list :
08-30 15:11:35.004  3927  3954 E HYPER-HAL: [HandlerSysfs.cpp]doResourceHandling(): Couldn't Open Sysfs - /sys/power/cstate_control
08-30 15:11:35.005  3927  3954 I HYPER-HAL: [ResourceManager.cpp]updateResource(): [CPUMinFreq] UpdateResource Request ID : 9528811    Value : 1560000
08-30 15:11:35.005  3976  5385 I SurfaceFlinger: id=38662 createSurf (0x0),-1 flag=80004, ActivityRecord{ebf70ff u0 com.example.dogglers/androidx.test.core.app.InstrumentationActivityInvoker$EmptyActivity t1426}#0
08-30 15:11:35.010  4349  5464 D InputTransport: Input channel destroyed: '6f224ae', fd=724
08-30 15:11:35.010  4349  5464 I SurfaceControl: nativeRelease nativeObject s[476008574880]
08-30 15:11:35.011  4349  5464 I SurfaceControl: nativeRelease nativeObject e[476008574880]
08-30 15:11:35.011  4349  5464 D WindowManager: isScreenshotDisabledLocked - win: Window{6f224ae u0 com.example.dogglers/com.example.dogglers.VerticalListActivity}
08-30 15:11:35.011  4349  5464 D WindowManager: isScreenshotDisabledLocked: userId = 0, disabled =false
08-30 15:11:35.011  4349  5464 I SurfaceControl: nativeRelease nativeObject s[476017208096]
08-30 15:11:35.011  4349  5464 I SurfaceControl: nativeRelease nativeObject e[476017208096]
08-30 15:11:35.011  3976  5385 I SurfaceFlinger: id=38663 createSurf (0x0),-1 flag=24004, Surface(name=749d536 InputMethod)/@0x72f94d3 - animation-leash#1
08-30 15:11:35.012  4349  5464 I SurfaceControl: nativeRelease nativeObject s[477997555680]
08-30 15:11:35.012  4349  5464 I SurfaceControl: nativeRelease nativeObject e[477997555680]
08-30 15:11:35.013  3976  5385 I Layer   : id=38652 removeFromCurrentState com.example.dogglers/com.example.dogglers.VerticalListActivity$_23627#0 (99)
08-30 15:11:35.013  3976  5385 I SurfaceFlinger: id=38652 Removed com.example.dogglers/com.example.dogglers.VerticalListActivity$_23627#0 (99)
08-30 15:11:35.015  3976  5385 I Layer   : id=38651 removeFromCurrentState 6f224ae com.example.dogglers/com.example.dogglers.VerticalListActivity#0 (99)
08-30 15:11:35.015  3976  5385 I Layer   : id=38656 removeFromCurrentState Surface(name=749d536 InputMethod)/@0x72f94d3 - animation-leash#0 (99)
08-30 15:11:35.016  3976  5385 I SurfaceFlinger: id=38651 Removed 6f224ae com.example.dogglers/com.example.dogglers.VerticalListActivity#0 (99)
08-30 15:11:35.017 23627 23627 D InputTransport: Input channel destroyed: '6f224ae', fd=81
08-30 15:11:35.019  4349  5108 I SurfaceControl: nativeRelease nativeObject s[477997556160]
08-30 15:11:35.019  4349  5108 I SurfaceControl: nativeRelease nativeObject e[477997556160]
08-30 15:11:35.021  3976  3976 I Layer   : id=38651[1] Destroyed 6f224ae com.example.dogglers/com.example.dogglers.VerticalListActivity#0
08-30 15:11:35.022  3976  3976 I Layer   : id=38652[1] Destroyed com.example.dogglers/com.example.dogglers.VerticalListActivity$_23627#0
08-30 15:11:35.023  3976  5385 I Layer   : id=38648 removeFromCurrentState ActivityRecord{aca9226 u0 com.example.dogglers/.VerticalListActivity t1426}#0 (97)
08-30 15:11:35.023  3976  5385 I SurfaceFlinger: id=38648 Removed ActivityRecord{aca9226 u0 com.example.dogglers/.VerticalListActivity t1426}#0 (97)
08-30 15:11:35.030 23627 23627 D LifecycleMonitor: Lifecycle status change: androidx.test.core.app.InstrumentationActivityInvoker$EmptyActivity@c9f8edc in: PAUSED
08-30 15:11:35.030 23627 23627 V ActivityScenario: Activity lifecycle changed event received but ignored because the intent does not match. startActivityIntent=Intent { act=android.intent.action.MAIN cat=[android.intent.category.LAUNCHER] cmp=com.example.dogglers/.VerticalListActivity }, activity.getIntent()=Intent { act=android.intent.action.MAIN cat=[android.intent.category.LAUNCHER] flg=0x10000000 cmp=com.example.dogglers/androidx.test.core.app.InstrumentationActivityInvoker$EmptyActivity }, activity=androidx.test.core.app.InstrumentationActivityInvoker$EmptyActivity@c9f8edc
08-30 15:11:35.032  4349  6765 V WindowOrientationListener: getProposedRotation: -1
08-30 15:11:35.033  4349  6765 V WindowOrientationListener: getProposedRotation: -1
08-30 15:11:35.034  4349  6765 V WindowOrientationListener: getProposedRotation: -1
08-30 15:11:35.036  4349  6765 D InputDispatcher: Focused application set to (0): ebf70ff
08-30 15:11:35.038  3976  3976 I Layer   : id=38648[1] Destroyed ActivityRecord{aca9226 u0 com.example.dogglers/.VerticalListActivity t1426}#0
08-30 15:11:35.043 23627 23627 I ViewRootImpl@c398161[InstrumentationActivityInvoker$EmptyActivity]: MSG_WINDOW_FOCUS_CHANGED 1 1
08-30 15:11:35.043 23627 23627 D InputMethodManager: prepareNavigationBarInfo() DecorView@c7606ba[InstrumentationActivityInvoker$EmptyActivity]
08-30 15:11:35.043 23627 23627 D InputMethodManager: getNavigationBarColor() -16711423
08-30 15:11:35.044 23627 23627 D InputMethodManager: prepareNavigationBarInfo() DecorView@c7606ba[InstrumentationActivityInvoker$EmptyActivity]
08-30 15:11:35.044 23627 23627 D InputMethodManager: getNavigationBarColor() -16711423
08-30 15:11:35.044 23627 23627 V InputMethodManager: Starting input: tba=com.example.dogglers ic=null mNaviBarColor -16711423 mIsGetNaviBarColorSuccess true , NavVisible : true , NavTrans : false
08-30 15:11:35.044 23627 23627 D InputMethodManager: startInputInner - Id : 0
08-30 15:11:35.044 23627 23627 I InputMethodManager: startInputInner - mService.startInputOrWindowGainedFocus
08-30 15:11:35.045  4349  5108 D InputMethodManagerService: mSecureKeypadEnabled = false
08-30 15:11:35.045  4349  5108 V InputMethodManagerService: hideCurrentInputLocked : shouldHideSoftInput is false
08-30 15:11:35.045  4349  5108 D InputMethodManagerService: mDesktopModeManager null!
08-30 15:11:35.045  4349  5108 V InputMethodManagerService: getDisplayIdOfInputMethodWindowToBeAdded : 0
08-30 15:11:35.045  4349  5108 D InputMethodManagerService: checkDisplayOfStartInputAndUpdateKeyboard display Id 0last 0
08-30 15:11:35.045  4349  5108 D InputTransport: Input channel constructed: 'ClientS', fd=724
08-30 15:11:35.045  4349  5108 D InputTransport: Input channel destroyed: 'ClientS', fd=724
08-30 15:11:35.046 23627 23627 D InputTransport: Input channel constructed: 'ClientS', fd=81
08-30 15:11:35.046 23627 23627 D InputTransport: Input channel destroyed: 'ClientS', fd=92
08-30 15:11:35.047  4349  6765 I SurfaceControl: nativeRelease nativeObject s[476016224000]
08-30 15:11:35.047  4349  6765 I SurfaceControl: nativeRelease nativeObject e[476016224000]
08-30 15:11:35.047  3976  5385 I SurfaceFlinger: id=38664 createSurf (0x0),-1 flag=24004, Surface(name=749d536 InputMethod)/@0x72f94d3 - animation-leash#0
08-30 15:11:35.048  7475  7475 I HBD     : HoneyBoardService onFinishInput
08-30 15:11:35.049  7475  7475 I HBD     : a IC have been unbinded,  InputConnectionWrapper{idHash=#cac782c mMissingMethods=}
08-30 15:11:35.049  7475  7475 I HBD     : HoneyBoardService [PF_CL][onFinishInput]  364038 ns
08-30 15:11:35.049  7475  7475 I HBD     : HoneyBoardService [IMI] onStartInput - caller pid : 23627 , caller uid : 10429
08-30 15:11:35.049  7475  7475 I HBD     : i updateConfigs
08-30 15:11:35.049  7475  7475 I HBD     : i isEnabledNightMode : true
08-30 15:11:35.049  7475  7475 I HBD     : a IC have been binded, InputConnectionWrapper{idHash=#cac782c mMissingMethods=}
08-30 15:11:35.049  7475  7475 I HBD     : h [EditorInputType]setPrivateImeOptionsToTable privateImeOptions ( null )
08-30 15:11:35.050  7475  7475 I HBD     : b incognitoMode : false
08-30 15:11:35.050  7475  7475 I HBD     : a needOff = true , isForceOff = false, isNullInputClass : true
08-30 15:11:35.050  7475  7475 I HBD     : h getDefaultInputRange : UNKNOWN
08-30 15:11:35.050  7475  7475 I HBD     : h getDefaultInputRange : UNKNOWN
08-30 15:11:35.050  7475  7475 I HBD     : h getDefaultInputRange : UNKNOWN
08-30 15:11:35.050 23627 23627 D LifecycleMonitor: Lifecycle status change: androidx.test.core.app.InstrumentationActivityInvoker$BootstrapActivity@62c17a7 in: DESTROYED
08-30 15:11:35.051 23627 23627 V ActivityScenario: Activity lifecycle changed event received but ignored because the intent does not match. startActivityIntent=Intent { act=android.intent.action.MAIN cat=[android.intent.category.LAUNCHER] cmp=com.example.dogglers/.VerticalListActivity }, activity.getIntent()=Intent { act=android.intent.action.MAIN cat=[android.intent.category.LAUNCHER] flg=0x10008000 cmp=com.example.dogglers/androidx.test.core.app.InstrumentationActivityInvoker$BootstrapActivity (has extras) }, activity=androidx.test.core.app.InstrumentationActivityInvoker$BootstrapActivity@62c17a7
08-30 15:11:35.051  4349  6765 I SurfaceControl: nativeRelease nativeObject s[477997547520]
08-30 15:11:35.052  4349  6765 I SurfaceControl: nativeRelease nativeObject e[477997547520]
08-30 15:11:35.052  4349  4371 I SemPersonaManager: SecureFolder personaId = 150
08-30 15:11:35.052  4349  5108 D SdpManagerService: Not an enterprise user : 0
08-30 15:11:35.052  4349  5108 D SdpManagerService: Not an enterprise user : 0
08-30 15:11:35.054  7475  7475 I HBD     : h getDefaultInputRange : UNKNOWN
08-30 15:11:35.054  7475  7475 I HBD     : a currentState : 0
08-30 15:11:35.055  3976  4002 I Layer   : id=38663 removeFromCurrentState Surface(name=749d536 InputMethod)/@0x72f94d3 - animation-leash#1 (97)
08-30 15:11:35.056  3976  4002 I Layer   : id=38645 removeFromCurrentState ActivityRecord{7eb5af5 u0 com.example.dogglers/androidx.test.core.app.InstrumentationActivityInvoker$BootstrapActivity t1426}#0 (97)
08-30 15:11:35.056  3976  4002 I SurfaceFlinger: id=38645 Removed ActivityRecord{7eb5af5 u0 com.example.dogglers/androidx.test.core.app.InstrumentationActivityInvoker$BootstrapActivity t1426}#0 (97)
08-30 15:11:35.056  7475  7475 I HBD     : h load selected json info : {"version":"1.0","currentLanguageOrder":2,"selected":[{"activeOptionList":["auto_replace","spell_check","auto_spacing"],"engName":"Russian","id":3342336,"inputType":"qwerty","isUsed":true},{"activeOptionList":["auto_replace","spell_check","auto_spacing"],"engName":"English","id":65537,"inputType":"qwerty","isUsed":true},{"activeOptionList":["auto_replace","spell_check","auto_spacing"],"engName":"Ukrainian","id":4456448,"inputType":"qwerty","isUsed":true}]}
08-30 15:11:35.057  7475  7475 I HBD     : a [UpdatePolicy] [post] a: 0 cl: 4456448 kit: [0/0] vt: 0 ir: 1
08-30 15:11:35.058  7475  7475 I HBD     : HoneyBoardService [PF_OP][onStartInput]  9318154 ns
08-30 15:11:35.062 23627 23627 D LifecycleMonitor: Lifecycle status change: androidx.test.core.app.InstrumentationActivityInvoker$EmptyActivity@4d45ce0 in: PRE_ON_CREATE
08-30 15:11:35.062 23627 23627 V ActivityScenario: Activity lifecycle changed event received but ignored because the intent does not match. startActivityIntent=Intent { act=android.intent.action.MAIN cat=[android.intent.category.LAUNCHER] cmp=com.example.dogglers/.VerticalListActivity }, activity.getIntent()=Intent { act=android.intent.action.MAIN cat=[android.intent.category.LAUNCHER] flg=0x10000000 cmp=com.example.dogglers/androidx.test.core.app.InstrumentationActivityInvoker$EmptyActivity }, activity=androidx.test.core.app.InstrumentationActivityInvoker$EmptyActivity@4d45ce0
08-30 15:11:35.071  3976  3976 I Layer   : id=38645[1] Destroyed ActivityRecord{7eb5af5 u0 com.example.dogglers/androidx.test.core.app.InstrumentationActivityInvoker$BootstrapActivity t1426}#0
08-30 15:11:35.072  4349  6765 I InputDispatcher: Focus left window (23627): 3e6d47a in display 0 0
08-30 15:11:35.097  4349  4371 D EnterpriseDeviceManagerService: isMdmAdminPresentInternal() : MDM Admin Found - com.samsung.knox.securefolder
08-30 15:11:35.108 23627 23627 I DecorView: [INFO] isPopOver=false, config=true
08-30 15:11:35.108 23627 23627 I DecorView: updateCaptionType >> DecorView@494ee5e[], isFloating=false, isApplication=true, hasWindowDecorCaption=false, hasWindowControllerCallback=true
08-30 15:11:35.108 23627 23627 D DecorView: setCaptionType = 0, this = DecorView@494ee5e[]
08-30 15:11:35.112 23627 23627 D LifecycleMonitor: Lifecycle status change: androidx.test.core.app.InstrumentationActivityInvoker$EmptyActivity@4d45ce0 in: CREATED
08-30 15:11:35.112 23627 23627 V ActivityScenario: Activity lifecycle changed event received but ignored because the intent does not match. startActivityIntent=Intent { act=android.intent.action.MAIN cat=[android.intent.category.LAUNCHER] cmp=com.example.dogglers/.VerticalListActivity }, activity.getIntent()=Intent { act=android.intent.action.MAIN cat=[android.intent.category.LAUNCHER] flg=0x10000000 cmp=com.example.dogglers/androidx.test.core.app.InstrumentationActivityInvoker$EmptyActivity }, activity=androidx.test.core.app.InstrumentationActivityInvoker$EmptyActivity@4d45ce0
08-30 15:11:35.114 23627 23627 D LifecycleMonitor: Lifecycle status change: androidx.test.core.app.InstrumentationActivityInvoker$EmptyActivity@4d45ce0 in: STARTED
08-30 15:11:35.115 23627 23627 V ActivityScenario: Activity lifecycle changed event received but ignored because the intent does not match. startActivityIntent=Intent { act=android.intent.action.MAIN cat=[android.intent.category.LAUNCHER] cmp=com.example.dogglers/.VerticalListActivity }, activity.getIntent()=Intent { act=android.intent.action.MAIN cat=[android.intent.category.LAUNCHER] flg=0x10000000 cmp=com.example.dogglers/androidx.test.core.app.InstrumentationActivityInvoker$EmptyActivity }, activity=androidx.test.core.app.InstrumentationActivityInvoker$EmptyActivity@4d45ce0
08-30 15:11:35.117 23627 23627 D LifecycleMonitor: Lifecycle status change: androidx.test.core.app.InstrumentationActivityInvoker$EmptyActivity@4d45ce0 in: RESUMED
08-30 15:11:35.117 23627 23627 V ActivityScenario: Activity lifecycle changed event received but ignored because the intent does not match. startActivityIntent=Intent { act=android.intent.action.MAIN cat=[android.intent.category.LAUNCHER] cmp=com.example.dogglers/.VerticalListActivity }, activity.getIntent()=Intent { act=android.intent.action.MAIN cat=[android.intent.category.LAUNCHER] flg=0x10000000 cmp=com.example.dogglers/androidx.test.core.app.InstrumentationActivityInvoker$EmptyActivity }, activity=androidx.test.core.app.InstrumentationActivityInvoker$EmptyActivity@4d45ce0
08-30 15:11:35.122  4349  6779 D InputTransport: Input channel constructed: '7751d01', fd=739
08-30 15:11:35.122  4349  6779 D InputTransport: Input channel constructed: '7751d01', fd=740
08-30 15:11:35.123  3976  4002 I SurfaceFlinger: id=38665 createSurf (0x0),-1 flag=80004, 7751d01 com.example.dogglers/androidx.test.core.app.InstrumentationActivityInvoker$EmptyActivity#0
08-30 15:11:35.123  4349  6779 D WindowManager: isScreenshotDisabledLocked - win: Window{7751d01 u0 com.example.dogglers/androidx.test.core.app.InstrumentationActivityInvoker$EmptyActivity}
08-30 15:11:35.123  4349  6779 D WindowManager: isScreenshotDisabledLocked: userId = 0, disabled =false
08-30 15:11:35.123  4349  6779 D InputTransport: Input channel destroyed: '7751d01', fd=740
08-30 15:11:35.124 23627 23627 D InputTransport: Input channel constructed: '7751d01', fd=91
08-30 15:11:35.126 23627 23627 I ViewRootImpl@743b855[InstrumentationActivityInvoker$EmptyActivity]: setView = com.android.internal.policy.DecorView@494ee5e TM=true
08-30 15:11:35.128  4349  6779 D SamsungIMMSHWKeyboard: isConnectedDexOnPC false
08-30 15:11:35.129  4349  6779 D InputMethodManagerService: isImeSwitcherDisabledPackage : false
08-30 15:11:35.129 23627 23627 I SurfaceControl: nativeRelease nativeObject s[476571792448]
08-30 15:11:35.129 23627 23627 I SurfaceControl: nativeRelease nativeObject e[476571792448]
08-30 15:11:35.129 23627 23627 I SurfaceControl: nativeRelease nativeObject s[476571788128]
08-30 15:11:35.129 23627 23627 I SurfaceControl: nativeRelease nativeObject e[476571788128]
08-30 15:11:35.140  4349  6765 V WindowManager: Relayout Window{7751d01 u0 com.example.dogglers/androidx.test.core.app.InstrumentationActivityInvoker$EmptyActivity}: viewVisibility=0 req=720x1560
08-30 15:11:35.142  4349  6765 D WindowManager: isScreenshotDisabledLocked - win: Window{7751d01 u0 com.example.dogglers/androidx.test.core.app.InstrumentationActivityInvoker$EmptyActivity}
08-30 15:11:35.142  4349  6765 D WindowManager: isScreenshotDisabledLocked: userId = 0, disabled =false
08-30 15:11:35.143  3976  4001 I SurfaceFlinger: id=38666 createSurf (720x1560),1 flag=404, com.example.dogglers/androidx.test.core.app.InstrumentationActivityInvoker$EmptyActivity$_23627#1
08-30 15:11:35.145  4349  6765 I SurfaceControl: nativeRelease nativeObject s[476016224192]
08-30 15:11:35.145  4349  6765 I SurfaceControl: nativeRelease nativeObject e[476016224192]
08-30 15:11:35.145 14146 14146 I TrayStateController: systemUiVisibilityChanged : 0 0
08-30 15:11:35.146  3976  4001 I SurfaceFlinger: id=38667 createSurf (0x0),-1 flag=24000, Surface(name=1096c8d StatusBar)/@0xeaf4dd0 - animation-leash#0
08-30 15:11:35.146  4349  6765 I SurfaceControl: nativeRelease nativeObject s[476017810816]
08-30 15:11:35.146  4349  6765 I SurfaceControl: nativeRelease nativeObject e[476017810816]
08-30 15:11:35.147  3976  4001 I SurfaceFlinger: id=38668 createSurf (0x0),-1 flag=24000, Surface(name=b07ecc5 NavigationBar0)/@0xa8376fc - animation-leash#1
08-30 15:11:35.149  4349  6765 V WindowManager: Relayout hash=7751d01, pid=23627: mAttrs={(0,0)(fillxfill) sim={adjust=pan forwardNavigation} ty=BASE_APPLICATION wanim=0x1030001
08-30 15:11:35.149  4349  6765 V WindowManager:   fl=1810100
08-30 15:11:35.149  4349  6765 V WindowManager:   pfl=12020000
08-30 15:11:35.149  4349  6765 V WindowManager:   fitSides= naviIconColor=0}
08-30 15:11:35.149  4349  6765 I SurfaceControl: nativeRelease nativeObject s[477997557216]
08-30 15:11:35.149  4349  6765 I SurfaceControl: nativeRelease nativeObject e[477997557216]
08-30 15:11:35.150 23627 23627 I SurfaceControl: assignNativeObject: nativeObject = 0 Surface(name=null)/@0xbd926a / android.view.SurfaceControl.readFromParcel:1117 android.view.IWindowSession$Stub$Proxy.relayout:1836 android.view.ViewRootImpl.relayoutWindow:9005 android.view.ViewRootImpl.performTraversals:3360 android.view.ViewRootImpl.doTraversal:2618 android.view.ViewRootImpl$TraversalRunnable.run:9971 android.view.Choreographer$CallbackRecord.run:1010 android.view.Choreographer.doCallbacks:809 android.view.Choreographer.doFrame:744 android.view.Choreographer$FrameDisplayEventReceiver.run:995
08-30 15:11:35.151 23627 23627 I ViewRootImpl@743b855[InstrumentationActivityInvoker$EmptyActivity]: Relayout returned: old=(0,0,720,1560) new=(0,0,720,1560) req=(720,1560)0 dur=10 res=0x7 s={true 478212956160} ch=true fn=-1
08-30 15:11:35.154 23627 23627 I ViewRootImpl@743b855[InstrumentationActivityInvoker$EmptyActivity]: [DP] dp(1) 1 android.view.ViewRootImpl.reportNextDraw:10957 android.view.ViewRootImpl.performTraversals:3845 android.view.ViewRootImpl.doTraversal:2618
08-30 15:11:35.154 23627 23627 I ViewRootImpl@743b855[InstrumentationActivityInvoker$EmptyActivity]: [DP] pd() Asnyc report
08-30 15:11:35.155  3899 10978 D gralloc : [mali_gralloc_allocate] begin
08-30 15:11:35.155  3899 10978 D gralloc : buffer_descriptor: wh(720 1560) usage_pc(0x40000000000b00 0x40000000000b00) hal_format(0x1) layer_count(1) sizes(0 0 0) strde(0) byte_stride(0) alloc_wh(0 0) internal_format(0x0) alloc_format(0x0) fd_count(1) plane_count(0)
08-30 15:11:35.155  3976  4002 I Layer   : id=38660 removeFromCurrentState Surface(name=1096c8d StatusBar)/@0xeaf4dd0 - animation-leash#1 (100)
08-30 15:11:35.156  3976  4002 I Layer   : id=38661 removeFromCurrentState Surface(name=b07ecc5 NavigationBar0)/@0xa8376fc - animation-leash#0 (100)
08-30 15:11:35.156  3899 10978 D gralloc : [mali_gralloc_allocate] allocation successful
08-30 15:11:35.158  3899 10978 D gralloc : [mali_gralloc_allocate] begin
08-30 15:11:35.158  3899 10978 D gralloc : buffer_descriptor: wh(720 1560) usage_pc(0x40000000000b00 0x40000000000b00) hal_format(0x1) layer_count(1) sizes(0 0 0) strde(0) byte_stride(0) alloc_wh(0 0) internal_format(0x0) alloc_format(0x0) fd_count(1) plane_count(0)
08-30 15:11:35.158  3899 10978 D gralloc : [mali_gralloc_allocate] allocation successful
08-30 15:11:35.159  3899 10978 D gralloc : [mali_gralloc_allocate] begin
08-30 15:11:35.159  3899 10978 D gralloc : buffer_descriptor: wh(720 1560) usage_pc(0x40000000000b00 0x40000000000b00) hal_format(0x1) layer_count(1) sizes(0 0 0) strde(0) byte_stride(0) alloc_wh(0 0) internal_format(0x0) alloc_format(0x0) fd_count(1) plane_count(0)
08-30 15:11:35.160  3899 10978 D gralloc : [mali_gralloc_allocate] allocation successful
08-30 15:11:35.161 23627 23627 I ViewRootImpl@743b855[InstrumentationActivityInvoker$EmptyActivity]: [DP] pdf(0) 1 android.view.ViewRootImpl.lambda$performDraw$1$ViewRootImpl:4668 android.view.-$$Lambda$ViewRootImpl$DJd0VUYJgsebcnSohO6h8zc_ONI.run:6 android.os.Handler.handleCallback:938
08-30 15:11:35.161 23627 23627 I ViewRootImpl@743b855[InstrumentationActivityInvoker$EmptyActivity]: [DP] rdf()
08-30 15:11:35.164 23627 23627 I ViewRootImpl@c398161[InstrumentationActivityInvoker$EmptyActivity]: MSG_WINDOW_FOCUS_CHANGED 0 1
08-30 15:11:35.166  4349  4372 D PkgPredictorService: pkg:com.example.dogglers activity:androidx.test.core.app.InstrumentationActivityInvoker$EmptyActivity thisTime:164
08-30 15:11:35.167  4349  4372 I SemDvfsHyPerManager: acquire hyper - AMS_RESUME_TAIL/4349@18, type = -999
08-30 15:11:35.167  4349  4376 I ActivityTaskManager: Displayed com.example.dogglers/androidx.test.core.app.InstrumentationActivityInvoker$EmptyActivity: +164ms
08-30 15:11:35.167  4349  4372 I SemDvfsHyPerManager: acquire hyper - AMS_ACT_LAZY/4349@19, type = -999
08-30 15:11:35.168  3927  3954 I HYPER-HAL: [RequestManager.cpp]acquire(): Acquired ID : 9537546  [4349 / 18]    HINT : AMS_RESUME_TAIL    list :
08-30 15:11:35.168  3927  3954 E HYPER-HAL: [HandlerSysfs.cpp]doResourceHandling(): Couldn't Open Sysfs - /sys/power/cstate_control
08-30 15:11:35.168  3927  3954 I HYPER-HAL: [ResourceManager.cpp]updateResource(): [CPUMinFreq] UpdateResource Request ID : 9537546    Value : 1560000
08-30 15:11:35.168  5589  5589 E pageboostd: Received HALT command code 2
08-30 15:11:35.168  3927  3954 I HYPER-HAL: [RequestManager.cpp]acquire(): Acquired ID : 9541915  [4349 / 19]    HINT :      list :
08-30 15:11:35.168  3927  3954 E HYPER-HAL: [Request.cpp]acquire(): Request:: id : 9541915, No Resource to set
08-30 15:11:35.168  3927  3954 E HYPER-HAL: [HandlerSysfs.cpp]doResourceHandling(): Couldn't Open Sysfs - /sys/power/cstate_control
08-30 15:11:35.169  3927  3954 I HYPER-HAL: [ResourceManager.cpp]removeResource(): [CPUMinFreq] RemoveResource Request ID : 9528811
08-30 15:11:35.169  3927  3954 I HYPER-HAL: [RequestManager.cpp]releaseLocked(): Released ID : 9528811
08-30 15:11:35.175 23627 23627 I SurfaceControl: nativeRelease nativeObject s[478211367680]
08-30 15:11:35.175 23627 23627 I SurfaceControl: nativeRelease nativeObject e[478211367680]
08-30 15:11:35.175 23627 23627 I SurfaceControl: nativeRelease nativeObject s[478211367584]
08-30 15:11:35.175 23627 23627 I SurfaceControl: nativeRelease nativeObject e[478211367584]
08-30 15:11:35.175 23627 23627 I SurfaceControl: nativeRelease nativeObject s[478211367488]
08-30 15:11:35.175 23627 23627 I SurfaceControl: nativeRelease nativeObject e[478211367488]
08-30 15:11:35.176  3976  4001 I SurfaceFlinger: id=38661 Removed Surface(name=b07ecc5 NavigationBar0)/@0xa8376fc - animation-leash#0 (100)
08-30 15:11:35.176  3976  4001 I SurfaceFlinger: id=38660 Removed Surface(name=1096c8d StatusBar)/@0xeaf4dd0 - animation-leash#1 (100)
08-30 15:11:35.183  4349  6779 D InputDispatcher: Focused application set to (0): 641dc7a
08-30 15:11:35.187  3976  3976 I Layer   : id=38660[1] Destroyed Surface(name=1096c8d StatusBar)/@0xeaf4dd0 - animation-leash#1
08-30 15:11:35.187  3976  3976 I Layer   : id=38661[1] Destroyed Surface(name=b07ecc5 NavigationBar0)/@0xa8376fc - animation-leash#0
08-30 15:11:35.189  4349  5108 I InputDispatcher: Focus entered window (23627): 7751d01 in display 0 0
08-30 15:11:35.191  4349  4371 D PersonaActivityHelper: Activity not in resumed state, do not run immediate lock
08-30 15:11:35.191  4349  6765 D SecContentProvider: query(), uri = 17 selection = isSettingsChangesAllowed
08-30 15:11:35.193  3976  3976 D SurfaceFlinger: Display 0 HWC layers:
08-30 15:11:35.193  3976  3976 D SurfaceFlinger:      DEVICE | 0x74f0415480 | 0002 | RGBA_8888    |    0.0    0.0  720.0 1560.0 |    0    0  720 1560 | com.example.dogglers/androidx.test.c[...]tivityInvoker$EmptyActivity$_23627#1
08-30 15:11:35.193  3976  3976 D SurfaceFlinger:      DEVICE | 0x75743a6fc0 | 0000 | RGBA_8888    |    0.0    0.0  720.0   53.0 |    0    0  720   53 | StatusBar$_4708#0
08-30 15:11:35.193  3976  3976 D SurfaceFlinger:      DEVICE | 0x74d157fa00 | 0000 | RGBA_8888    |    0.0    0.0   67.0  232.0 |  653  151  720  383 | com.samsung.android.app.cocktailbars[...]rservice.CocktailBarService$_14146#0
08-30 15:11:35.193  3976  3976 D SurfaceFlinger:      DEVICE | 0x75743a7380 | 0000 | RGBA_8888    |    0.0    0.0  720.0   84.0 |    0 1476  720 1560 | NavigationBar0$_4708#0
08-30 15:11:35.193  3976  3976 D SurfaceFlinger:      DEVICE | 0x74f0413e00 | 0000 | RGBA_8888    |    0.0    0.0  720.0  101.0 |    0    0  720  101 | ScreenDecorOverlay$_4708#0
08-30 15:11:35.193  3976  3976 D SurfaceFlinger:      DEVICE | 0x75743a7b00 | 0000 | RGBA_8888    |    0.0    0.0  720.0  101.0 |    0 1459  720 1560 | ScreenDecorOverlayBottom$_4708#0
08-30 15:11:35.193  3976  3976 D SurfaceFlinger:
08-30 15:11:35.197  3976  4002 E BufferQueueProducer: [com.example.dogglers/androidx.test.core.app.InstrumentationActivityInvoker$EmptyActivity$_23627#0](id:f88000033f7,api:0,p:-1,c:3976) disconnect: not connected (req=1)
08-30 15:11:35.197 23627 23685 W libEGL  : EGLNativeWindowType 0x6f579bc010 disconnect failed
08-30 15:11:35.198  4349  5108 V WindowManager: Relayout Window{3e6d47a u0 com.example.dogglers/androidx.test.core.app.InstrumentationActivityInvoker$EmptyActivity}: viewVisibility=8 req=720x1560
08-30 15:11:35.201  4349  5108 V WindowManager: Relayout hash=3e6d47a, pid=23627: mAttrs={(0,0)(fillxfill) sim={adjust=pan forwardNavigation} ty=BASE_APPLICATION wanim=0x1030001
08-30 15:11:35.201  4349  5108 V WindowManager:   fl=1810100
08-30 15:11:35.201  4349  5108 V WindowManager:   pfl=12020000
08-30 15:11:35.201  4349  5108 V WindowManager:   fitSides= naviIconColor=0}
08-30 15:11:35.202 23627 23627 I SurfaceControl: nativeRelease nativeObject s[478211376224]
08-30 15:11:35.202 23627 23627 I SurfaceControl: nativeRelease nativeObject e[478211376224]
08-30 15:11:35.203 23627 23627 I SurfaceControl: assignNativeObject: nativeObject = 0 Surface(name=null)/@0xb4fd35b / android.view.SurfaceControl.readFromParcel:1117 android.view.IWindowSession$Stub$Proxy.relayout:1826 android.view.ViewRootImpl.relayoutWindow:9005 android.view.ViewRootImpl.performTraversals:3360 android.view.ViewRootImpl.doTraversal:2618 android.view.ViewRootImpl$TraversalRunnable.run:9971 android.view.Choreographer$CallbackRecord.run:1010 android.view.Choreographer.doCallbacks:809 android.view.Choreographer.doFrame:744 android.view.Choreographer$FrameDisplayEventReceiver.run:995
08-30 15:11:35.203 23627 23627 I SurfaceControl: assignNativeObject: nativeObject = 0 Surface(name=null)/@0xbedd486 / android.view.SurfaceControl.readFromParcel:1117 android.view.IWindowSession$Stub$Proxy.relayout:1836 android.view.ViewRootImpl.relayoutWindow:9005 android.view.ViewRootImpl.performTraversals:3360 android.view.ViewRootImpl.doTraversal:2618 android.view.ViewRootImpl$TraversalRunnable.run:9971 android.view.Choreographer$CallbackRecord.run:1010 android.view.Choreographer.doCallbacks:809 android.view.Choreographer.doFrame:744 android.view.Choreographer$FrameDisplayEventReceiver.run:995
08-30 15:11:35.204 23627 23627 I SurfaceControl: nativeRelease nativeObject s[476571792544]
08-30 15:11:35.204 23627 23627 I SurfaceControl: nativeRelease nativeObject e[476571792544]
08-30 15:11:35.204 23627 23627 I ViewRootImpl@c398161[InstrumentationActivityInvoker$EmptyActivity]: Relayout returned: old=(0,0,720,1560) new=(0,0,720,1560) req=(720,1560)8 dur=5 res=0x5 s={false 0} ch=true fn=2
08-30 15:11:35.205 23627 23627 I ViewRootImpl@c398161[InstrumentationActivityInvoker$EmptyActivity]: stopped(true) old=false
08-30 15:11:35.205  4349  5108 I InputDispatcher: Focus left window (23627): 7751d01 in display 0 0
08-30 15:11:35.206 23627 23627 D LifecycleMonitor: Lifecycle status change: androidx.test.core.app.InstrumentationActivityInvoker$EmptyActivity@c9f8edc in: STOPPED
