08-30 15:11:18.197 23627 23651 I TestRunner: started: grid_list_content_on_first_page(com.example.dogglers.GridListTests)
08-30 15:11:18.226 23627 23651 W Settings: Setting always_finish_activities has moved from android.provider.Settings.System to android.provider.Settings.Global, returning read-only value.
08-30 15:11:18.247  3976  4002 I SurfaceFlinger: id=38224 createSurf (0x0),-1 flag=24004, Task=1415#0
08-30 15:11:18.252  3976  4001 I SurfaceFlinger: id=38225 createSurf (0x0),-1 flag=80004, ActivityRecord{e018af4 u0 com.example.dogglers/androidx.test.core.app.InstrumentationActivityInvoker$BootstrapActivity t1415}#0
08-30 15:11:18.253  4349  5520 I SemDvfsHyPerManager: acquire hyper - AMS_APP_SWITCH/4349@20, type = -999
08-30 15:11:18.253  3927  3954 I HYPER-HAL: [RequestManager.cpp]acquire(): Acquired ID : 9546285  [4349 / 20]    HINT : AMS_APP_SWITCH    list :
08-30 15:11:18.254  4349  4358 I system_server: Background young concurrent copying GC freed 239143(13MB) AllocSpace objects, 182(3704KB) LOS objects, 14% free, 106MB/123MB, paused 284us total 132.964ms
08-30 15:11:18.254  3927  3954 E HYPER-HAL: [HandlerSysfs.cpp]doResourceHandling(): Couldn't Open Sysfs - /sys/power/cstate_control
08-30 15:11:18.254  3927  3954 I HYPER-HAL: [ResourceManager.cpp]updateResource(): [CPUMinFreq] UpdateResource Request ID : 9546285    Value : 1768000
08-30 15:11:18.257  4349  5464 V WindowOrientationListener: getProposedRotation: -1
08-30 15:11:18.259  3881  3886 E statsd  : Predicate -7037417284711607308 dropping data for dimension key (10)0x2010101->10429[I] (10)0x30000->*launch*[S]
08-30 15:11:18.260  4349  4360 W System  : A resource failed to call release.
08-30 15:11:18.260  4349  4360 I SurfaceControl: nativeRelease nativeObject s[476007086720]
08-30 15:11:18.260  4349  4360 I SurfaceControl: nativeRelease nativeObject e[476007086720]
08-30 15:11:18.261  4349  4360 W System  : A resource failed to call release.
08-30 15:11:18.261  4349  4360 I SurfaceControl: nativeRelease nativeObject s[476131357824]
08-30 15:11:18.261  4349  4360 I SurfaceControl: nativeRelease nativeObject e[476131357824]
08-30 15:11:18.262  4349  5464 I SemDvfsHyPerManager: acquire hyper - AMS_APP_LAUNCH/4349@17, type = -999
08-30 15:11:18.262  3927  3954 I HYPER-HAL: [RequestManager.cpp]acquire(): Acquired ID : 9533178  [4349 / 17]    HINT : AMS_APP_LAUNCH    list :
08-30 15:11:18.262  3927  3954 E HYPER-HAL: [HandlerSysfs.cpp]doResourceHandling(): Couldn't Open Sysfs - /sys/power/cstate_control
08-30 15:11:18.262  3927  3954 I HYPER-HAL: [ResourceManager.cpp]updateResource(): [CPUMinFreq] UpdateResource Request ID : 9533178    Value : 1768000
08-30 15:11:18.264  5135  5135 I DragController: endDrag
08-30 15:11:18.265  5135  5135 I SPayUpdater: updateSpayHandler launcher activity is paused false
08-30 15:11:18.265  4349  4360 W System  : A resource failed to call release.
08-30 15:11:18.265  4349  4360 I SurfaceControl: nativeRelease nativeObject s[476021493504]
08-30 15:11:18.265  4349  4360 I SurfaceControl: nativeRelease nativeObject e[476021493504]
08-30 15:11:18.266  4349  4360 W System  : A resource failed to call release.
08-30 15:11:18.266  4349  4360 I SurfaceControl: nativeRelease nativeObject s[476007085856]
08-30 15:11:18.266  4349  4360 I SurfaceControl: nativeRelease nativeObject e[476007085856]
08-30 15:11:18.266  4349  4360 W System  : A resource failed to call release.
08-30 15:11:18.266  4349  4360 I SurfaceControl: nativeRelease nativeObject s[476021497344]
08-30 15:11:18.266  4349  4360 I SurfaceControl: nativeRelease nativeObject e[476021497344]
08-30 15:11:18.266  4349  4360 W System  : A resource failed to call release.
08-30 15:11:18.266  4349  4360 I SurfaceControl: nativeRelease nativeObject s[476021497248]
08-30 15:11:18.266  4349  4360 I SurfaceControl: nativeRelease nativeObject e[476021497248]
08-30 15:11:18.266  3976  4318 I SurfaceFlinger: id=38185 Removed Surface(name=749d536 InputMethod)/@0x72f94d3 - animation-leash#1 (103)
08-30 15:11:18.266  3976  4002 I SurfaceFlinger: id=38180 Removed Surface(name=b07ecc5 NavigationBar0)/@0xa8376fc - animation-leash#1 (103)
08-30 15:11:18.267  3976  5385 I SurfaceFlinger: id=38179 Removed Surface(name=1096c8d StatusBar)/@0xeaf4dd0 - animation-leash#0 (103)
08-30 15:11:18.267  4349  5464 D SecContentProvider: query(), uri = 17 selection = isSettingsChangesAllowed
08-30 15:11:18.268  4349  4360 W System  : A resource failed to call release.
08-30 15:11:18.268  4349  4360 I SurfaceControl: nativeRelease nativeObject s[476021501088]
08-30 15:11:18.268  4349  4360 I SurfaceControl: nativeRelease nativeObject e[476021501088]
08-30 15:11:18.270  4349  4360 W System  : A resource failed to call release.
08-30 15:11:18.270  4349  4360 I SurfaceControl: nativeRelease nativeObject s[478169918496]
08-30 15:11:18.270  4349  4360 I SurfaceControl: nativeRelease nativeObject e[478169918496]
08-30 15:11:18.270  3976  5385 I SurfaceFlinger: id=38161 Removed Surface(name=749d536 InputMethod)/@0x72f94d3 - animation-leash#0 (103)
08-30 15:11:18.271  4349  6765 V WindowOrientationListener: getProposedRotation: -1
08-30 15:11:18.271  4349  6765 V WindowOrientationListener: getProposedRotation: -1
08-30 15:11:18.272  4349  4360 W System  : A resource failed to call release.
08-30 15:11:18.272  4349  4360 I SurfaceControl: nativeRelease nativeObject s[478079924608]
08-30 15:11:18.272  4349  4360 I SurfaceControl: nativeRelease nativeObject e[478079924608]
08-30 15:11:18.272  4349  4360 W System  : A resource failed to call release.
08-30 15:11:18.272  3976  5385 I SurfaceFlinger: id=38163 Removed Surface(name=1096c8d StatusBar)/@0xeaf4dd0 - animation-leash#0 (103)
08-30 15:11:18.272  4349  4360 I SurfaceControl: nativeRelease nativeObject s[476007087680]
08-30 15:11:18.272  4349  4360 I SurfaceControl: nativeRelease nativeObject e[476007087680]
08-30 15:11:18.272  3976  5385 I SurfaceFlinger: id=38164 Removed Surface(name=b07ecc5 NavigationBar0)/@0xa8376fc - animation-leash#1 (103)
08-30 15:11:18.273  4349  6765 V WindowOrientationListener: getProposedRotation: -1
08-30 15:11:18.275  4349  4360 W System  : A resource failed to call release.
08-30 15:11:18.275  3927 23901 E HYPER-HAL: [HandlerSysfs.cpp]doResourceHandling(): Couldn't Open Sysfs - /sys/power/cstate_control
08-30 15:11:18.275  4349  4360 I SurfaceControl: nativeRelease nativeObject s[476016291936]
08-30 15:11:18.275  4349  4360 I SurfaceControl: nativeRelease nativeObject e[476016291936]
08-30 15:11:18.276  3927 23901 I HYPER-HAL: [ResourceManager.cpp]removeResource(): [CPUMinFreq] RemoveResource Request ID : 9611955
08-30 15:11:18.276  3927 23901 I HYPER-HAL: [RequestManager.cpp]releaseLocked(): Released ID : 9611955
08-30 15:11:18.276  4349  6765 D InputDispatcher: Focused application set to (0): e018af4
08-30 15:11:18.277  4349  4360 W System  : A resource failed to call release.
08-30 15:11:18.277  4349  4360 I SurfaceControl: nativeRelease nativeObject s[477997780096]
08-30 15:11:18.277  4349  4360 I SurfaceControl: nativeRelease nativeObject e[477997780096]
08-30 15:11:18.277  3976  5385 I SurfaceFlinger: id=38144 Removed Surface(name=749d536 InputMethod)/@0x72f94d3 - animation-leash#1 (103)
08-30 15:11:18.277  4349  4360 W System  : A resource failed to call release.
08-30 15:11:18.277  4349  4360 I SurfaceControl: nativeRelease nativeObject s[477997780000]
08-30 15:11:18.277  4349  4360 I SurfaceControl: nativeRelease nativeObject e[477997780000]
08-30 15:11:18.278  3976  4002 I SurfaceFlinger: id=38139 Removed Surface(name=b07ecc5 NavigationBar0)/@0xa8376fc - animation-leash#0 (103)
08-30 15:11:18.278  4349  4360 W System  : A resource failed to call release.
08-30 15:11:18.278  4349  4360 I SurfaceControl: nativeRelease nativeObject s[477997553184]
08-30 15:11:18.278  4349  4360 I SurfaceControl: nativeRelease nativeObject e[477997553184]
08-30 15:11:18.278  3976  5385 I SurfaceFlinger: id=38138 Removed Surface(name=1096c8d StatusBar)/@0xeaf4dd0 - animation-leash#1 (103)
08-30 15:11:18.279  4349  4496 I SemPersonaManager: SecureFolder personaId = 150
08-30 15:11:18.282  3976  3976 I Layer   : id=38138[1] Destroyed Surface(name=1096c8d StatusBar)/@0xeaf4dd0 - animation-leash#1
08-30 15:11:18.282  3976  3976 I Layer   : id=38139[1] Destroyed Surface(name=b07ecc5 NavigationBar0)/@0xa8376fc - animation-leash#0
08-30 15:11:18.283  3976  3976 I Layer   : id=38163[1] Destroyed Surface(name=1096c8d StatusBar)/@0xeaf4dd0 - animation-leash#0
08-30 15:11:18.283  3976  3976 I Layer   : id=38164[1] Destroyed Surface(name=b07ecc5 NavigationBar0)/@0xa8376fc - animation-leash#1
08-30 15:11:18.283  3976  3976 I Layer   : id=38161[1] Destroyed Surface(name=749d536 InputMethod)/@0x72f94d3 - animation-leash#0
08-30 15:11:18.283  3976  3976 I Layer   : id=38144[1] Destroyed Surface(name=749d536 InputMethod)/@0x72f94d3 - animation-leash#1
08-30 15:11:18.283  3976  3976 I Layer   : id=38179[1] Destroyed Surface(name=1096c8d StatusBar)/@0xeaf4dd0 - animation-leash#0
08-30 15:11:18.283  3976  3976 I Layer   : id=38180[1] Destroyed Surface(name=b07ecc5 NavigationBar0)/@0xa8376fc - animation-leash#1
08-30 15:11:18.283  3976  3976 I Layer   : id=38185[1] Destroyed Surface(name=749d536 InputMethod)/@0x72f94d3 - animation-leash#1
08-30 15:11:18.317  3927 23885 E HYPER-HAL: [HandlerSysfs.cpp]doResourceHandling(): Couldn't Open Sysfs - /sys/power/cstate_control
08-30 15:11:18.317  3927 23885 I HYPER-HAL: [ResourceManager.cpp]removeResource(): [CPUMinFreq] RemoveResource Request ID : 9537546
08-30 15:11:18.317  3927 23885 I HYPER-HAL: [RequestManager.cpp]releaseLocked(): Released ID : 9537546
08-30 15:11:18.334  4349  5464 V WindowManager: Relayout Window{b49dc7f u0 com.sec.android.app.launcher/com.sec.android.app.launcher.activities.LauncherActivity}: viewVisibility=0 req=720x1560
08-30 15:11:18.340  4349  5464 V WindowManager: Relayout hash=b49dc7f, pid=5135: mAttrs={(0,0)(fillxfill) sim={adjust=nothing} layoutInDisplayCutoutMode=shortEdges ty=BASE_APPLICATION fmt=TRANSPARENT wanim=0x10302f2
08-30 15:11:18.340  4349  5464 V WindowManager:   fl=81910100
08-30 15:11:18.340  4349  5464 V WindowManager:   pfl=16020000
08-30 15:11:18.340  4349  5464 V WindowManager:   vsysui=1700
08-30 15:11:18.340  4349  5464 V WindowManager:   bhv=SHOW_TRANSIENT_BARS_BY_SWIPE
08-30 15:11:18.340  4349  5464 V WindowManager:   fitSides= naviIconColor=0}
08-30 15:11:18.340  4349  5464 I SurfaceControl: nativeRelease nativeObject s[476017810528]
08-30 15:11:18.340  4349  5464 I SurfaceControl: nativeRelease nativeObject e[476017810528]
08-30 15:11:18.341 23627 23627 D LifecycleMonitor: Lifecycle status change: androidx.test.core.app.InstrumentationActivityInvoker$BootstrapActivity@4a8c825 in: PRE_ON_CREATE
08-30 15:11:18.341  5135  5135 I SurfaceControl: nativeRelease nativeObject s[478247341312]
08-30 15:11:18.341  5135  5135 I SurfaceControl: nativeRelease nativeObject e[478247341312]
08-30 15:11:18.341 23627 23627 V ActivityScenario: Activity lifecycle changed event received but ignored because the intent does not match. startActivityIntent=Intent { act=android.intent.action.MAIN cat=[android.intent.category.LAUNCHER] cmp=com.example.dogglers/.GridListActivity }, activity.getIntent()=Intent { act=android.intent.action.MAIN cat=[android.intent.category.LAUNCHER] flg=0x10008000 cmp=com.example.dogglers/androidx.test.core.app.InstrumentationActivityInvoker$BootstrapActivity (has extras) }, activity=androidx.test.core.app.InstrumentationActivityInvoker$BootstrapActivity@4a8c825
08-30 15:11:18.341  5135  5135 I SurfaceControl: assignNativeObject: nativeObject = 0 Surface(name=null)/@0xe42a745 / android.view.SurfaceControl.readFromParcel:1117 android.view.IWindowSession$Stub$Proxy.relayout:1836 android.view.ViewRootImpl.relayoutWindow:9005 android.view.ViewRootImpl.performTraversals:3360 android.view.ViewRootImpl.doTraversal:2618 android.view.ViewRootImpl$TraversalRunnable.run:9971 android.view.Choreographer$CallbackRecord.run:1010 android.view.Choreographer.doCallbacks:809 android.view.Choreographer.doFrame:744 android.view.Choreographer$FrameDisplayEventReceiver.run:995
08-30 15:11:18.342  5135  5135 I SurfaceControl: nativeRelease nativeObject s[477998350336]
08-30 15:11:18.342  5135  5135 I SurfaceControl: nativeRelease nativeObject e[477998350336]
08-30 15:11:18.342  5135  5135 I SurfaceControl: nativeRelease nativeObject s[478247341984]
08-30 15:11:18.342  5135  5135 I SurfaceControl: nativeRelease nativeObject e[478247341984]
08-30 15:11:18.342  5135  5135 I SurfaceControl: nativeRelease nativeObject s[478247341120]
08-30 15:11:18.342  5135  5135 I SurfaceControl: nativeRelease nativeObject e[478247341120]
08-30 15:11:18.342  5135  5135 I ViewRootImpl@fbf3973[LauncherActivity]: Relayout returned: old=(0,0,720,1560) new=(0,0,720,1560) req=(720,1560)0 dur=8 res=0x1 s={true 476610932736} ch=false fn=17
08-30 15:11:18.342  4349  4372 D InputTransport: Input channel constructed: '5ec869c', fd=471
08-30 15:11:18.343  4349  4372 D InputTransport: Input channel constructed: '5ec869c', fd=596
08-30 15:11:18.344  3976  4318 I SurfaceFlinger: id=38226 createSurf (0x0),-1 flag=80004, 5ec869c Splash Screen com.example.dogglers#0
08-30 15:11:18.345  4349  4372 I ViewRootImpl@115f60f[dogglers]: setView = com.android.internal.policy.DecorView@191247a TM=true
08-30 15:11:18.346  4349  4369 D SehCodecSolutionService: Update top [com.example.dogglers]
08-30 15:11:18.347 13855 13915 I Rubin   : [72465] LoggingEventHelper.notifyUpdatedWithValue(LoggingEventHelper.java:58) : Notify AppUsageLogger's database is updated.
08-30 15:11:18.350  4349  4372 V WindowManager: Relayout Window{5ec869c u0 Splash Screen com.example.dogglers}: viewVisibility=0 req=720x1560
08-30 15:11:18.350  4349  5464 I InputDispatcher: Focus left window (5135): b49dc7f in display 0 0
08-30 15:11:18.352  4349  4372 D WindowManager: isScreenshotDisabledLocked - win: Window{5ec869c u0 Splash Screen com.example.dogglers}
08-30 15:11:18.352  4349  4372 D WindowManager: isScreenshotDisabledLocked: userId = 0, disabled =false
08-30 15:11:18.353  3976  4318 I SurfaceFlinger: id=38227 createSurf (720x1560),1 flag=404, Splash Screen com.example.dogglers#0
08-30 15:11:18.353 13855 13915 I Rubin   : [72465] ExercisingWithCmhMonitor.isSatisfiedByCmh(ExercisingWithCmhMonitor.java:119) : isSatisfiedByCmh is false
08-30 15:11:18.355  4349  4372 V WindowManager: Relayout hash=5ec869c, pid=4349: mAttrs={(0,0)(fillxfill) sim={adjust=pan} layoutInDisplayCutoutMode=shortEdges ty=APPLICATION_STARTING wanim=0x1030001
08-30 15:11:18.355  4349  4372 V WindowManager:   fl=1830118
08-30 15:11:18.355  4349  4372 V WindowManager:   pfl=12020011
08-30 15:11:18.355  4349  4372 V WindowManager:   fitSides= naviIconColor=0}
08-30 15:11:18.355  4349  4372 I ViewRootImpl@115f60f[dogglers]: Relayout returned: old=(0,0,720,1560) new=(0,0,720,1560) req=(720,1560)0 dur=5 res=0x7 s={true 476020408320} ch=true fn=-1
08-30 15:11:18.355  5135  5135 I ViewRootImpl@fbf3973[LauncherActivity]: MSG_WINDOW_FOCUS_CHANGED 0 1
08-30 15:11:18.357  4349  4372 I ViewRootImpl@115f60f[dogglers]: [DP] dp(1) 1 android.view.ViewRootImpl.reportNextDraw:10957 android.view.ViewRootImpl.performTraversals:3845 android.view.ViewRootImpl.doTraversal:2618
08-30 15:11:18.358  4349  4586 D PkgPredictorService: com.example.dogglers go to foreground!
08-30 15:11:18.358  4349  4586 E PkgPredictorService-Collector: record changed bt=0  wifi=1 screen=0
08-30 15:11:18.358  4349  4586 D PkgPredictorService: previous pkgs: com.example.dogglers,com.example.dogglers,com.example.dogglers running pkg: com.example.dogglers, uid: 0 is system: false
08-30 15:11:18.358  3899 10978 D gralloc : [mali_gralloc_allocate] begin
08-30 15:11:18.358  3899 10978 D gralloc : buffer_descriptor: wh(720 1560) usage_pc(0x966 0x906) hal_format(0x1) layer_count(1) sizes(0 0 0) strde(0) byte_stride(0) alloc_wh(0 0) internal_format(0x0) alloc_format(0x0) fd_count(1) plane_count(0)
08-30 15:11:18.358  4349  4586 D PkgPredictorService-Collector: save record...
08-30 15:11:18.358  4349  4586 D PkgPredictorService-Collector:  (hour:15 day:4 previous:[com.example.dogglers, com.example.dogglers, com.example.dogglers] activityName:unknown running:com.example.dogglers userId:0 screenOrientation:0 wifi:1 bt:0 predictTime:1 apkVersion:1.0 consumeTime:-1 preloaded:false>)
08-30 15:11:18.359  4349  4586 D PkgPredictorService-NapPreloadController: User using: com.example.dogglers
08-30 15:11:18.359  4349  4586 I PkgPredictorService-NapClassifier: RF predict version:1693350305206
08-30 15:11:18.359  3899 10978 D gralloc : [mali_gralloc_allocate] allocation successful
08-30 15:11:18.359  4349  4586 D PkgPredictorService-NapClassifier: Predict result: 207.0,202.0,284.0, - [0_&_org.telegram.messenger, 0_&_com.instagram.android, 0_&_com.ftband.mono]
08-30 15:11:18.364 23627 23627 I DecorView: [INFO] isPopOver=false, config=true
08-30 15:11:18.364 23627 23627 I DecorView: updateCaptionType >> DecorView@6e66fab[], isFloating=false, isApplication=true, hasWindowDecorCaption=false, hasWindowControllerCallback=true
08-30 15:11:18.364 23627 23627 D DecorView: setCaptionType = 0, this = DecorView@6e66fab[]
08-30 15:11:18.370  4349  4372 I ViewRootImpl@115f60f[dogglers]: [DP] pdf(0) 1 android.view.ViewRootImpl.performDraw:4809 android.view.ViewRootImpl.performTraversals:3866 android.view.ViewRootImpl.doTraversal:2618
08-30 15:11:18.370  4349  4372 I ViewRootImpl@115f60f[dogglers]: [DP] rdf()
08-30 15:11:18.372 23627 23627 D LifecycleMonitor: Lifecycle status change: androidx.test.core.app.InstrumentationActivityInvoker$BootstrapActivity@4a8c825 in: CREATED
08-30 15:11:18.373 23627 23627 V ActivityScenario: Activity lifecycle changed event received but ignored because the intent does not match. startActivityIntent=Intent { act=android.intent.action.MAIN cat=[android.intent.category.LAUNCHER] cmp=com.example.dogglers/.GridListActivity }, activity.getIntent()=Intent { act=android.intent.action.MAIN cat=[android.intent.category.LAUNCHER] flg=0x10008000 cmp=com.example.dogglers/androidx.test.core.app.InstrumentationActivityInvoker$BootstrapActivity (has extras) }, activity=androidx.test.core.app.InstrumentationActivityInvoker$BootstrapActivity@4a8c825
08-30 15:11:18.379  4708  5460 D WallpaperService: dispatchAppVisibility onVisibilityChanged(): false
08-30 15:11:18.379  4708  4708 D WallpaperService: reportVisibility onVisibilityChanged visible: false
08-30 15:11:18.379  4708  4907 I ImageWallpaper:  onVisibilityChanged false , 0
08-30 15:11:18.380  4349  4372 I SurfaceControl: nativeRelease nativeObject s[477998031776]
08-30 15:11:18.380  4349  4372 I SurfaceControl: nativeRelease nativeObject e[477998031776]
08-30 15:11:18.380 14146 14146 I TrayStateController: systemUiVisibilityChanged : 2 0
08-30 15:11:18.380  3976  6075 I SurfaceFlinger: id=38228 createSurf (0x0),-1 flag=24000, Surface(name=1096c8d StatusBar)/@0xeaf4dd0 - animation-leash#0
08-30 15:11:18.381  4349  4372 I SurfaceControl: nativeRelease nativeObject s[477998031872]
08-30 15:11:18.381  4349  4372 I SurfaceControl: nativeRelease nativeObject e[477998031872]
08-30 15:11:18.381  3976  6075 I SurfaceFlinger: id=38229 createSurf (0x0),-1 flag=24000, Surface(name=b07ecc5 NavigationBar0)/@0xa8376fc - animation-leash#1
08-30 15:11:18.384  3976  4318 I Layer   : id=38217 removeFromCurrentState Surface(name=1096c8d StatusBar)/@0xeaf4dd0 - animation-leash#1 (98)
08-30 15:11:18.384  3976  4318 I Layer   : id=29 removeFromCurrentState 1096c8d StatusBar#0 (98)
08-30 15:11:18.384  3976  4318 I Layer   : id=36 removeFromCurrentState StatusBar$_4708#0 (98)
08-30 15:11:18.384  3976  4318 I Layer   : id=29 addToCurrentState 1096c8d StatusBar#0 (98)
08-30 15:11:18.384  3976  4318 I Layer   : id=36 addToCurrentState StatusBar$_4708#0 (98)
08-30 15:11:18.384  3976  4318 I Layer   : id=38218 removeFromCurrentState Surface(name=b07ecc5 NavigationBar0)/@0xa8376fc - animation-leash#0 (98)
08-30 15:11:18.385  3976  6075 E BufferQueueProducer: [com.sec.android.app.launcher/com.sec.android.app.launcher.activities.LauncherActivity$_5135#0](id:f88000033bd,api:0,p:-1,c:3976) disconnect: not connected (req=1)
08-30 15:11:18.385  5135  7074 W libEGL  : EGLNativeWindowType 0x6ef839b010 disconnect failed
08-30 15:11:18.385  4349  5464 V WindowManager: Relayout Window{b49dc7f u0 com.sec.android.app.launcher/com.sec.android.app.launcher.activities.LauncherActivity}: viewVisibility=8 req=720x1560
08-30 15:11:18.390  4349  5464 V WindowManager: Relayout hash=b49dc7f, pid=5135: mAttrs={(0,0)(fillxfill) sim={adjust=nothing} layoutInDisplayCutoutMode=shortEdges ty=BASE_APPLICATION fmt=TRANSPARENT wanim=0x10302f2
08-30 15:11:18.390  4349  5464 V WindowManager:   fl=81910100
08-30 15:11:18.390  4349  5464 V WindowManager:   pfl=16020000
08-30 15:11:18.390  4349  5464 V WindowManager:   vsysui=1700
08-30 15:11:18.390  4349  5464 V WindowManager:   bhv=SHOW_TRANSIENT_BARS_BY_SWIPE
08-30 15:11:18.390  4349  5464 V WindowManager:   fitSides= naviIconColor=0}
08-30 15:11:18.391  5135  5135 I SurfaceControl: nativeRelease nativeObject s[478247341888]
08-30 15:11:18.391  5135  5135 I SurfaceControl: nativeRelease nativeObject e[478247341888]
08-30 15:11:18.391 23627 23627 D LifecycleMonitor: Lifecycle status change: androidx.test.core.app.InstrumentationActivityInvoker$BootstrapActivity@4a8c825 in: STARTED
08-30 15:11:18.391  5135  5135 I SurfaceControl: assignNativeObject: nativeObject = 0 Surface(name=null)/@0xd6fa7c2 / android.view.SurfaceControl.readFromParcel:1117 android.view.IWindowSession$Stub$Proxy.relayout:1826 android.view.ViewRootImpl.relayoutWindow:9005 android.view.ViewRootImpl.performTraversals:3360 android.view.ViewRootImpl.doTraversal:2618 android.view.ViewRootImpl$TraversalRunnable.run:9971 android.view.Choreographer$CallbackRecord.run:1010 android.view.Choreographer.doCallbacks:809 android.view.Choreographer.doFrame:744 android.view.Choreographer$FrameDisplayEventReceiver.run:995
08-30 15:11:18.392  5135  5135 I SurfaceControl: assignNativeObject: nativeObject = 0 Surface(name=null)/@0xe42a745 / android.view.SurfaceControl.readFromParcel:1117 android.view.IWindowSession$Stub$Proxy.relayout:1836 android.view.ViewRootImpl.relayoutWindow:9005 android.view.ViewRootImpl.performTraversals:3360 android.view.ViewRootImpl.doTraversal:2618 android.view.ViewRootImpl$TraversalRunnable.run:9971 android.view.Choreographer$CallbackRecord.run:1010 android.view.Choreographer.doCallbacks:809 android.view.Choreographer.doFrame:744 android.view.Choreographer$FrameDisplayEventReceiver.run:995
08-30 15:11:18.392 23627 23627 V ActivityScenario: Activity lifecycle changed event received but ignored because the intent does not match. startActivityIntent=Intent { act=android.intent.action.MAIN cat=[android.intent.category.LAUNCHER] cmp=com.example.dogglers/.GridListActivity }, activity.getIntent()=Intent { act=android.intent.action.MAIN cat=[android.intent.category.LAUNCHER] flg=0x10008000 cmp=com.example.dogglers/androidx.test.core.app.InstrumentationActivityInvoker$BootstrapActivity (has extras) }, activity=androidx.test.core.app.InstrumentationActivityInvoker$BootstrapActivity@4a8c825
08-30 15:11:18.392  5135  5135 I SurfaceControl: nativeRelease nativeObject s[476609857440]
08-30 15:11:18.392  5135  5135 I SurfaceControl: nativeRelease nativeObject e[476609857440]
08-30 15:11:18.392  5135  5135 I SurfaceControl: nativeRelease nativeObject s[478247337664]
08-30 15:11:18.392  5135  5135 I SurfaceControl: nativeRelease nativeObject e[478247337664]
08-30 15:11:18.393  5135  5135 I SurfaceControl: nativeRelease nativeObject s[478247341312]
08-30 15:11:18.393  5135  5135 I SurfaceControl: nativeRelease nativeObject e[478247341312]
08-30 15:11:18.393  5135  5135 I ViewRootImpl@fbf3973[LauncherActivity]: Relayout returned: old=(0,0,720,1560) new=(0,0,720,1560) req=(720,1560)8 dur=7 res=0x5 s={false 0} ch=true fn=18
08-30 15:11:18.393  5135  5135 I SurfaceControl: nativeRelease nativeObject s[478247341888]
08-30 15:11:18.393  5135  5135 I SurfaceControl: nativeRelease nativeObject e[478247341888]
08-30 15:11:18.404  3976  6075 I SurfaceFlinger: id=38230 createSurf (0x0),-1 flag=80004, ActivityRecord{643c8a0 u0 com.example.dogglers/.GridListActivity t1415}#0
08-30 15:11:18.406  3976  3976 D SurfaceFlinger: Display 0 HWC layers:
08-30 15:11:18.406  3976  3976 D SurfaceFlinger:      DEVICE | 0x74f0415200 | 0002 | RGBA_8888    |    0.0    0.0  720.0 1560.0 |    0    0  720 1560 | Splash Screen com.example.dogglers#0
08-30 15:11:18.406  3976  3976 D SurfaceFlinger:      DEVICE | 0x74f0414e40 | 0000 | RGBA_8888    |    0.0    0.0  720.0   53.0 |    0    0  720   53 | StatusBar$_4708#0
08-30 15:11:18.406  3976  3976 D SurfaceFlinger:      DEVICE | 0x74d157fa00 | 0000 | RGBA_8888    |    0.0    0.0   67.0  232.0 |  653  151  720  383 | com.samsung.android.app.cocktailbars[...]rservice.CocktailBarService$_14146#0
08-30 15:11:18.406  3976  3976 D SurfaceFlinger:      DEVICE | 0x75743a7380 | 0000 | RGBA_8888    |    0.0    0.0  720.0   84.0 |    0 1476  720 1560 | NavigationBar0$_4708#0
08-30 15:11:18.406  3976  3976 D SurfaceFlinger:      DEVICE | 0x74f0413e00 | 0000 | RGBA_8888    |    0.0    0.0  720.0  101.0 |    0    0  720  101 | ScreenDecorOverlay$_4708#0
08-30 15:11:18.406  3976  3976 D SurfaceFlinger:      DEVICE | 0x75743a7b00 | 0000 | RGBA_8888    |    0.0    0.0  720.0  101.0 |    0 1459  720 1560 | ScreenDecorOverlayBottom$_4708#0
08-30 15:11:18.406  3976  3976 D SurfaceFlinger:
08-30 15:11:18.411 23627 23627 D LifecycleMonitor: Lifecycle status change: androidx.test.core.app.InstrumentationActivityInvoker$BootstrapActivity@4a8c825 in: RESUMED
08-30 15:11:18.411 23627 23627 V ActivityScenario: Activity lifecycle changed event received but ignored because the intent does not match. startActivityIntent=Intent { act=android.intent.action.MAIN cat=[android.intent.category.LAUNCHER] cmp=com.example.dogglers/.GridListActivity }, activity.getIntent()=Intent { act=android.intent.action.MAIN cat=[android.intent.category.LAUNCHER] flg=0x10008000 cmp=com.example.dogglers/androidx.test.core.app.InstrumentationActivityInvoker$BootstrapActivity (has extras) }, activity=androidx.test.core.app.InstrumentationActivityInvoker$BootstrapActivity@4a8c825
08-30 15:11:18.414  4349  4372 I ViewRootImpl@115f60f[dogglers]: MSG_RESIZED_REPORT: frame=(0,0,720,1560) ci=(0,53,0,0) vi=(0,53,0,0) or=1
08-30 15:11:18.414  4349  4372 I ViewRootImpl@115f60f[dogglers]: [DP] dp(1) 1 android.view.ViewRootImpl.reportNextDraw:10957 android.view.ViewRootImpl.access$1200:256 android.view.ViewRootImpl$ViewRootHandler.handleMessage:6101
08-30 15:11:18.417  4349  4372 V WindowManager: Relayout Window{5ec869c u0 Splash Screen com.example.dogglers}: viewVisibility=0 req=720x1560
08-30 15:11:18.420  4349  4372 I SurfaceControl: nativeRelease nativeObject s[476007093728]
08-30 15:11:18.420  4349  4372 I SurfaceControl: nativeRelease nativeObject e[476007093728]
08-30 15:11:18.421  4349  4372 V WindowManager: Relayout hash=5ec869c, pid=4349: mAttrs={(0,0)(fillxfill) sim={adjust=pan} layoutInDisplayCutoutMode=shortEdges ty=APPLICATION_STARTING wanim=0x1030001
08-30 15:11:18.421  4349  4372 V WindowManager:   fl=1830118
08-30 15:11:18.421  4349  4372 V WindowManager:   pfl=12020011
08-30 15:11:18.421  4349  4372 V WindowManager:   fitSides= naviIconColor=0}
08-30 15:11:18.421 23627 23627 D LifecycleMonitor: Lifecycle status change: androidx.test.core.app.InstrumentationActivityInvoker$BootstrapActivity@4a8c825 in: PAUSED
08-30 15:11:18.421  4349  4372 I SurfaceControl: nativeRelease nativeObject s[477998031776]
08-30 15:11:18.421  4349  4372 I SurfaceControl: nativeRelease nativeObject e[477998031776]
08-30 15:11:18.421  4349  4372 I SurfaceControl: nativeRelease nativeObject s[477998031872]
08-30 15:11:18.421  4349  4372 I SurfaceControl: nativeRelease nativeObject e[477998031872]
08-30 15:11:18.421  4349  4372 I ViewRootImpl@115f60f[dogglers]: Relayout returned: old=(0,0,720,1560) new=(0,0,720,1560) req=(720,1560)0 dur=6 res=0x1 s={true 476020408320} ch=false fn=2
08-30 15:11:18.422 23627 23627 V ActivityScenario: Activity lifecycle changed event received but ignored because the intent does not match. startActivityIntent=Intent { act=android.intent.action.MAIN cat=[android.intent.category.LAUNCHER] cmp=com.example.dogglers/.GridListActivity }, activity.getIntent()=Intent { act=android.intent.action.MAIN cat=[android.intent.category.LAUNCHER] flg=0x10008000 cmp=com.example.dogglers/androidx.test.core.app.InstrumentationActivityInvoker$BootstrapActivity (has extras) }, activity=androidx.test.core.app.InstrumentationActivityInvoker$BootstrapActivity@4a8c825
08-30 15:11:18.422 14146 14146 I TrayStateController: systemUiVisibilityChanged : 0 0
08-30 15:11:18.422  3899 10978 D gralloc : [mali_gralloc_allocate] begin
08-30 15:11:18.422  3899 10978 D gralloc : buffer_descriptor: wh(720 1560) usage_pc(0x966 0x906) hal_format(0x1) layer_count(1) sizes(0 0 0) strde(0) byte_stride(0) alloc_wh(0 0) internal_format(0x0) alloc_format(0x0) fd_count(1) plane_count(0)
08-30 15:11:18.423  3899 10978 D gralloc : [mali_gralloc_allocate] allocation successful
08-30 15:11:18.425  4349  5464 V WindowOrientationListener: getProposedRotation: -1
08-30 15:11:18.429  4349  5464 D InputDispatcher: Focused application set to (0): 643c8a0
08-30 15:11:18.430  4349  4372 I ViewRootImpl@115f60f[dogglers]: [DP] pdf(0) 1 android.view.ViewRootImpl.performDraw:4809 android.view.ViewRootImpl.performTraversals:3866 android.view.ViewRootImpl.doTraversal:2618
08-30 15:11:18.430  4349  4372 I ViewRootImpl@115f60f[dogglers]: [DP] rdf()
08-30 15:11:18.435  3976  6075 I SurfaceFlinger: id=38231 createSurf (0x0),-1 flag=24000, Surface(name=ActivityRecord{e018af4 u0 com.example.dogglers/androidx.test.core.app.InstrumentationActivityInvoker$BootstrapActivity t1415})/@0xcbba02a - animation-leash#0
08-30 15:11:18.436  3976  6075 I SurfaceFlinger: id=38232 createSurf (0x0),-1 flag=20004, Dim Layer for - Task=1415 - animating-dim#0
08-30 15:11:18.437  3976  6075 I SurfaceFlinger: id=38233 createSurf (0x0),-1 flag=24000, Surface(name=Dim Layer for - Task=1415 - animating-dim)/@0x4b94f6 - animation-leash#0
08-30 15:11:18.438  3976  6075 I SurfaceFlinger: id=38234 createSurf (0x0),-1 flag=80004, Surface(name=ActivityRecord{e018af4 u0 com.example.dogglers/androidx.test.core.app.InstrumentationActivityInvoker$BootstrapActivity t1415})/@0xcbba02a - animation-bounds#0
08-30 15:11:18.439  4349  5464 I SurfaceControl: nativeRelease nativeObject s[476016226112]
08-30 15:11:18.439  4349  5464 I SurfaceControl: nativeRelease nativeObject e[476016226112]
08-30 15:11:18.441  3976  6075 I Layer   : id=38232 removeFromCurrentState Dim Layer for - Task=1415 - animating-dim#0 (103)
08-30 15:11:18.442  3976  6075 I SurfaceFlinger: id=38232 Removed Dim Layer for - Task=1415 - animating-dim#0 (103)
08-30 15:11:18.449  3976  3976 I Layer   : id=38232[1] Destroyed Dim Layer for - Task=1415 - animating-dim#0
08-30 15:11:18.453 23627 23627 D LifecycleMonitor: Lifecycle status change: com.example.dogglers.GridListActivity@5864ab4 in: PRE_ON_CREATE
08-30 15:11:18.454 23627 23627 V ActivityScenario: Activity lifecycle changed event received but ignored because the reported transition was not ON_CREATE while the last known transition was PRE_ON_CREATE
08-30 15:11:18.468 23627 23627 I DecorView: [INFO] isPopOver=false, config=true
08-30 15:11:18.468 23627 23627 I DecorView: updateCaptionType >> DecorView@5550495[], isFloating=false, isApplication=true, hasWindowDecorCaption=false, hasWindowControllerCallback=true
08-30 15:11:18.468 23627 23627 D DecorView: setCaptionType = 0, this = DecorView@5550495[]
08-30 15:11:18.493  4349  4371 D EnterpriseDeviceManagerService: isMdmAdminPresentInternal() : MDM Admin Found - com.samsung.knox.securefolder
08-30 15:11:18.498 23627 23627 D LifecycleMonitor: Lifecycle status change: com.example.dogglers.GridListActivity@5864ab4 in: CREATED
08-30 15:11:18.498 23627 23627 V ActivityScenario: Update currentActivityStage to CREATED, currentActivity=com.example.dogglers.GridListActivity@5864ab4
08-30 15:11:18.502 23627 23627 D LifecycleMonitor: Lifecycle status change: com.example.dogglers.GridListActivity@5864ab4 in: STARTED
08-30 15:11:18.502 23627 23627 V ActivityScenario: Update currentActivityStage to STARTED, currentActivity=com.example.dogglers.GridListActivity@5864ab4
08-30 15:11:18.505 23627 23627 D LifecycleMonitor: Lifecycle status change: com.example.dogglers.GridListActivity@5864ab4 in: RESUMED
08-30 15:11:18.506 23627 23627 V ActivityScenario: Update currentActivityStage to RESUMED, currentActivity=com.example.dogglers.GridListActivity@5864ab4
08-30 15:11:18.511  5135  5135 I ViewRootImpl@fbf3973[LauncherActivity]: stopped(true) old=false
08-30 15:11:18.512  5135  5135 I StateManager: goToState isInState Normal
08-30 15:11:18.513  4349  5108 D InputTransport: Input channel constructed: 'c27ad01', fd=708
08-30 15:11:18.513  4349  5108 D InputTransport: Input channel constructed: 'c27ad01', fd=711
08-30 15:11:18.514  3976  4318 I SurfaceFlinger: id=38235 createSurf (0x0),-1 flag=80004, c27ad01 com.example.dogglers/com.example.dogglers.GridListActivity#0
08-30 15:11:18.516  4349  5108 D WindowManager: isScreenshotDisabledLocked - win: Window{c27ad01 u0 com.example.dogglers/com.example.dogglers.GridListActivity}
08-30 15:11:18.516  4349  5108 D WindowManager: isScreenshotDisabledLocked: userId = 0, disabled =false
08-30 15:11:18.516  4349  5108 D InputTransport: Input channel destroyed: 'c27ad01', fd=711
08-30 15:11:18.517 23627 23627 D InputTransport: Input channel constructed: 'c27ad01', fd=81
08-30 15:11:18.519 23627 23627 I ViewRootImpl@8a4f868[GridListActivity]: setView = com.android.internal.policy.DecorView@5550495 TM=true
08-30 15:11:18.520  5135  5135 W LauncherAppWidgetHost: setListenIfResumed, mFlags = 7
08-30 15:11:18.520  4349  5108 I AppWidgetServiceImpl: stopListening callbacks : null
08-30 15:11:18.521  5135  5135 W Launcher.NotificationListener: removeNotificationsChangedListener
08-30 15:11:18.521  5135  5135 I BadgeCountUpdaterImpl: onNotificationsChangedDisConnected
08-30 15:11:18.521  5135  5135 I Launcher.NotificationListener: unregisterObserver, this is not notificationService!!
08-30 15:11:18.522  5135  5135 I LiveIconUpdateEventHandler: cancelMinuteChangeAlarm
08-30 15:11:18.523  4349  4371 I SemPersonaManager: SecureFolder personaId = 150
08-30 15:11:18.531  4349  5108 V WindowManager: Relayout Window{c27ad01 u0 com.example.dogglers/com.example.dogglers.GridListActivity}: viewVisibility=0 req=720x1560
08-30 15:11:18.531  5135  5135 I LiveIconUpdateEventHandler: cancelDateChangeAlarm
08-30 15:11:18.535  4349  5108 D WindowManager: isScreenshotDisabledLocked - win: Window{c27ad01 u0 com.example.dogglers/com.example.dogglers.GridListActivity}
08-30 15:11:18.535  4349  5108 D WindowManager: isScreenshotDisabledLocked: userId = 0, disabled =false
08-30 15:11:18.536  3976  6075 I SurfaceFlinger: id=38236 createSurf (720x1560),1 flag=404, com.example.dogglers/com.example.dogglers.GridListActivity$_23627#0
08-30 15:11:18.539  4349  5108 I SurfaceControl: nativeRelease nativeObject s[476016225728]
08-30 15:11:18.539  4349  5108 I SurfaceControl: nativeRelease nativeObject e[476016225728]
08-30 15:11:18.539 14146 14146 I TrayStateController: systemUiVisibilityChanged : 0 0
08-30 15:11:18.539  3976  4318 I SurfaceFlinger: id=38237 createSurf (0x0),-1 flag=24000, Surface(name=1096c8d StatusBar)/@0xeaf4dd0 - animation-leash#1
08-30 15:11:18.540  4349  5108 I SurfaceControl: nativeRelease nativeObject s[476016225824]
08-30 15:11:18.540  4349  5108 I SurfaceControl: nativeRelease nativeObject e[476016225824]
08-30 15:11:18.541  3976  4318 I SurfaceFlinger: id=38238 createSurf (0x0),-1 flag=24000, Surface(name=b07ecc5 NavigationBar0)/@0xa8376fc - animation-leash#0
08-30 15:11:18.543  4349  5108 V WindowManager: Relayout hash=c27ad01, pid=23627: mAttrs={(0,0)(fillxfill) sim={adjust=resize forwardNavigation} ty=BASE_APPLICATION wanim=0x1030304
08-30 15:11:18.543  4349  5108 V WindowManager:   fl=81810100
08-30 15:11:18.543  4349  5108 V WindowManager:   pfl=12020000
08-30 15:11:18.543  4349  5108 V WindowManager:   fitSides= naviIconColor=0}
08-30 15:11:18.543  4349  5108 I SurfaceControl: nativeRelease nativeObject s[477998031776]
08-30 15:11:18.543  4349  5108 I SurfaceControl: nativeRelease nativeObject e[477998031776]
08-30 15:11:18.543  3976  4318 I Layer   : id=38228 removeFromCurrentState Surface(name=1096c8d StatusBar)/@0xeaf4dd0 - animation-leash#0 (106)
08-30 15:11:18.543  3976  4318 I Layer   : id=38229 removeFromCurrentState Surface(name=b07ecc5 NavigationBar0)/@0xa8376fc - animation-leash#1 (106)
08-30 15:11:18.545 23627 23627 I SurfaceControl: assignNativeObject: nativeObject = 0 Surface(name=null)/@0xa5da481 / android.view.SurfaceControl.readFromParcel:1117 android.view.IWindowSession$Stub$Proxy.relayout:1836 android.view.ViewRootImpl.relayoutWindow:9005 android.view.ViewRootImpl.performTraversals:3360 android.view.ViewRootImpl.doTraversal:2618 android.view.ViewRootImpl$TraversalRunnable.run:9971 android.view.Choreographer$CallbackRecord.run:1010 android.view.Choreographer.doCallbacks:809 android.view.Choreographer.doFrame:744 android.view.Choreographer$FrameDisplayEventReceiver.run:995
08-30 15:11:18.545  4349  4372 I SurfaceControl: nativeRelease nativeObject s[476016225632]
08-30 15:11:18.545  4349  4372 I SurfaceControl: nativeRelease nativeObject e[476016225632]
08-30 15:11:18.545  4349  4372 I SurfaceControl: nativeRelease nativeObject s[476007093728]
08-30 15:11:18.545  4349  4372 I SurfaceControl: nativeRelease nativeObject e[476007093728]
08-30 15:11:18.545  3976  4318 I SurfaceFlinger: id=38229 Removed Surface(name=b07ecc5 NavigationBar0)/@0xa8376fc - animation-leash#1 (106)
08-30 15:11:18.545  3976  6075 I SurfaceFlinger: id=38228 Removed Surface(name=1096c8d StatusBar)/@0xeaf4dd0 - animation-leash#0 (106)
08-30 15:11:18.546 23627 23627 I ViewRootImpl@8a4f868[GridListActivity]: Relayout returned: old=(0,0,720,1560) new=(0,0,720,1560) req=(720,1560)0 dur=14 res=0x7 s={true 478231728128} ch=true fn=-1
08-30 15:11:18.549  3976  3976 I Layer   : id=38228[1] Destroyed Surface(name=1096c8d StatusBar)/@0xeaf4dd0 - animation-leash#0
08-30 15:11:18.549  3976  3976 I Layer   : id=38229[1] Destroyed Surface(name=b07ecc5 NavigationBar0)/@0xa8376fc - animation-leash#1
08-30 15:11:18.551  3899 10978 D gralloc : [mali_gralloc_allocate] begin
08-30 15:11:18.551  3899 10978 D gralloc : buffer_descriptor: wh(720 1560) usage_pc(0x40000000000b00 0x40000000000b00) hal_format(0x1) layer_count(1) sizes(0 0 0) strde(0) byte_stride(0) alloc_wh(0 0) internal_format(0x0) alloc_format(0x0) fd_count(1) plane_count(0)
08-30 15:11:18.553  3899 10978 D gralloc : [mali_gralloc_allocate] allocation successful
08-30 15:11:18.554  3899 10978 D gralloc : [mali_gralloc_allocate] begin
08-30 15:11:18.554  3899 10978 D gralloc : buffer_descriptor: wh(720 1560) usage_pc(0x40000000000b00 0x40000000000b00) hal_format(0x1) layer_count(1) sizes(0 0 0) strde(0) byte_stride(0) alloc_wh(0 0) internal_format(0x0) alloc_format(0x0) fd_count(1) plane_count(0)
08-30 15:11:18.555  3899 10978 D gralloc : [mali_gralloc_allocate] allocation successful
08-30 15:11:18.556  3899 10978 D gralloc : [mali_gralloc_allocate] begin
08-30 15:11:18.556  3899 10978 D gralloc : buffer_descriptor: wh(720 1560) usage_pc(0x40000000000b00 0x40000000000b00) hal_format(0x1) layer_count(1) sizes(0 0 0) strde(0) byte_stride(0) alloc_wh(0 0) internal_format(0x0) alloc_format(0x0) fd_count(1) plane_count(0)
08-30 15:11:18.559  3899 10978 D gralloc : [mali_gralloc_allocate] allocation successful
08-30 15:11:18.575  4349  4371 D EnterpriseDeviceManagerService: isMdmAdminPresentInternal() : MDM Admin Found - com.samsung.knox.securefolder
08-30 15:11:18.584  5135  5135 I LiveIconUpdateEventHandler: unregisterReceiver
08-30 15:11:18.618  4349  5464 I SurfaceControl: nativeRelease nativeObject s[476021497152]
08-30 15:11:18.618  4349  5464 I SurfaceControl: nativeRelease nativeObject e[476021497152]
08-30 15:11:18.619  3976  6075 I Layer   : id=38216 removeFromCurrentState com.sec.android.app.launcher/com.sec.android.app.launcher.activities.LauncherActivity$_5135#0 (104)
08-30 15:11:18.622  3976  4318 I SurfaceFlinger: id=38216 Removed com.sec.android.app.launcher/com.sec.android.app.launcher.activities.LauncherActivity$_5135#0 (104)
08-30 15:11:18.623  4349  4369 D SehCodecSolutionService: Update top [com.example.dogglers]
08-30 15:11:18.632  3976  3976 I Layer   : id=38216[1] Destroyed com.sec.android.app.launcher/com.sec.android.app.launcher.activities.LauncherActivity$_5135#0
08-30 15:11:18.698 23627 23627 I ViewRootImpl@8a4f868[GridListActivity]: [DP] dp(1) 1 android.view.ViewRootImpl.reportNextDraw:10957 android.view.ViewRootImpl.performTraversals:3845 android.view.ViewRootImpl.doTraversal:2618
08-30 15:11:18.698 23627 23627 I ViewRootImpl@8a4f868[GridListActivity]: [DP] pd() Asnyc report
08-30 15:11:18.730 23627 23627 I ViewRootImpl@8a4f868[GridListActivity]: [DP] pdf(0) 1 android.view.ViewRootImpl.lambda$performDraw$1$ViewRootImpl:4668 android.view.-$$Lambda$ViewRootImpl$DJd0VUYJgsebcnSohO6h8zc_ONI.run:6 android.os.Handler.handleCallback:938
08-30 15:11:18.730 23627 23627 I ViewRootImpl@8a4f868[GridListActivity]: [DP] rdf()
08-30 15:11:18.735  4349  4372 D PkgPredictorService: pkg:com.example.dogglers activity:com.example.dogglers.GridListActivity thisTime:493
08-30 15:11:18.735  4349  4372 D PkgPredictorService-Collector: update activity launch time: GridListActivity : 493
08-30 15:11:18.735  4349  4372 I SemDvfsHyPerManager: acquire hyper - AMS_RESUME_TAIL/4349@18, type = -999
08-30 15:11:18.735  4349  4372 I SemDvfsHyPerManager: acquire hyper - AMS_ACT_LAZY/4349@19, type = -999
08-30 15:11:18.735  4349  4376 D ArtManagerInternalImpl: /data/misc/iorapd/com.example.dogglers/1/com.example.dogglers.GridListActivity/compiled_traces/compiled_trace.pb doesn't exist
08-30 15:11:18.735  3927  3954 I HYPER-HAL: [RequestManager.cpp]acquire(): Acquired ID : 9537546  [4349 / 18]    HINT : AMS_RESUME_TAIL    list :
08-30 15:11:18.736  3927  3954 E HYPER-HAL: [HandlerSysfs.cpp]doResourceHandling(): Couldn't Open Sysfs - /sys/power/cstate_control
08-30 15:11:18.736  3927  3954 I HYPER-HAL: [ResourceManager.cpp]updateResource(): [CPUMinFreq] UpdateResource Request ID : 9537546    Value : 1560000
08-30 15:11:18.736  3927  3954 I HYPER-HAL: [RequestManager.cpp]acquire(): Acquired ID : 9541915  [4349 / 19]    HINT :      list :
08-30 15:11:18.737  3927  3954 E HYPER-HAL: [Request.cpp]acquire(): Request:: id : 9541915, No Resource to set
08-30 15:11:18.737  3927  3954 E HYPER-HAL: [HandlerSysfs.cpp]doResourceHandling(): Couldn't Open Sysfs - /sys/power/cstate_control
08-30 15:11:18.737  3927  3954 I HYPER-HAL: [ResourceManager.cpp]removeResource(): [CPUMinFreq] RemoveResource Request ID : 9546285
08-30 15:11:18.738  3927  3954 I HYPER-HAL: [RequestManager.cpp]releaseLocked(): Released ID : 9546285
08-30 15:11:18.739  4349  4372 D ViewRootImpl@115f60f[dogglers]: dispatchDetachedFromWindow: reset blurmask
08-30 15:11:18.739  4349  4372 I ViewRootImpl@115f60f[dogglers]: dispatchDetachedFromWindow
08-30 15:11:18.740  4349  4372 I SurfaceControl: nativeRelease nativeObject s[476021494752]
08-30 15:11:18.740  4349  4372 I SurfaceControl: nativeRelease nativeObject e[476021494752]
08-30 15:11:18.740  4349  4372 D InputTransport: Input channel destroyed: '5ec869c', fd=471
08-30 15:11:18.741  4349  4376 I ActivityTaskManager: Displayed com.example.dogglers/.GridListActivity: +493ms
08-30 15:11:18.741  3976  6075 I SurfaceFlinger: id=38239 createSurf (0x0),-1 flag=24000, Surface(name=5ec869c Splash Screen com.example.dogglers)/@0xdbd5c59 - animation-leash#0
08-30 15:11:18.742  5589  5589 E pageboostd: Received HALT command code 2
08-30 15:11:18.745  4349  4372 D InputTransport: Input channel destroyed: '5ec869c', fd=596
08-30 15:11:18.750  4349  5464 I InputDispatcher: Focus entered window (23627): c27ad01 in display 0 0
08-30 15:11:18.750  4349  4372 I SurfaceControl: nativeRelease nativeObject s[476016292032]
08-30 15:11:18.750  4349  4372 I SurfaceControl: nativeRelease nativeObject e[476016292032]
08-30 15:11:18.751 23627 23627 D RootViewPicker: Root not ready - waiting: 10ms for one to appear.
08-30 15:11:18.752  3976  6075 I Layer   : id=38233 removeFromCurrentState Surface(name=Dim Layer for - Task=1415 - animating-dim)/@0x4b94f6 - animation-leash#0 (104)
08-30 15:11:18.752 23627 23627 I ViewRootImpl@8a4f868[GridListActivity]: MSG_WINDOW_FOCUS_CHANGED 1 1
08-30 15:11:18.753 23627 23627 D InputMethodManager: prepareNavigationBarInfo() DecorView@5550495[GridListActivity]
08-30 15:11:18.753 23627 23627 D InputMethodManager: getNavigationBarColor() -16711423
08-30 15:11:18.754  3976  6075 I SurfaceFlinger: id=38233 Removed Surface(name=Dim Layer for - Task=1415 - animating-dim)/@0x4b94f6 - animation-leash#0 (104)
08-30 15:11:18.755 23627 23627 D InputMethodManager: prepareNavigationBarInfo() DecorView@5550495[GridListActivity]
08-30 15:11:18.755 23627 23627 D InputMethodManager: getNavigationBarColor() -16711423
08-30 15:11:18.755 23627 23627 V InputMethodManager: Starting input: tba=com.example.dogglers ic=null mNaviBarColor -16711423 mIsGetNaviBarColorSuccess true , NavVisible : true , NavTrans : false
08-30 15:11:18.755 23627 23627 D InputMethodManager: startInputInner - Id : 0
08-30 15:11:18.755 23627 23627 I InputMethodManager: startInputInner - mService.startInputOrWindowGainedFocus
08-30 15:11:18.756  4349  5464 D InputMethodManagerService: mSecureKeypadEnabled = false
08-30 15:11:18.757  4349  5464 V InputMethodManagerService: hideCurrentInputLocked : shouldHideSoftInput is false
08-30 15:11:18.757  4349  5464 D InputMethodManagerService: mDesktopModeManager null!
08-30 15:11:18.757  4349  5464 V InputMethodManagerService: getDisplayIdOfInputMethodWindowToBeAdded : 0
08-30 15:11:18.757  4349  5464 D SamsungIMMSHWKeyboard: isConnectedDexOnPC false
08-30 15:11:18.758  4349  5464 D InputMethodManagerService: isImeSwitcherDisabledPackage : false
08-30 15:11:18.758  4349  5464 D InputMethodManagerService: checkDisplayOfStartInputAndUpdateKeyboard display Id 0last 0
08-30 15:11:18.758  4349  5464 D InputTransport: Input channel constructed: 'ClientS', fd=471
08-30 15:11:18.758  4349  5464 D InputTransport: Input channel destroyed: 'ClientS', fd=471
08-30 15:11:18.759 23627 23627 D InputTransport: Input channel constructed: 'ClientS', fd=91
08-30 15:11:18.759  4349  5464 I SurfaceControl: nativeRelease nativeObject s[477998034080]
08-30 15:11:18.759  4349  5464 I SurfaceControl: nativeRelease nativeObject e[477998034080]
08-30 15:11:18.760  3976  6075 I SurfaceFlinger: id=38240 createSurf (0x0),-1 flag=24004, Surface(name=749d536 InputMethod)/@0x72f94d3 - animation-leash#1
08-30 15:11:18.761  7475  7475 I HBD     : HoneyBoardService onFinishInput
08-30 15:11:18.762  7475  7475 I HBD     : a IC have been unbinded,  InputConnectionWrapper{idHash=#8b253b1 mMissingMethods=}
08-30 15:11:18.762  7475  7475 I HBD     : HoneyBoardService [PF_CL][onFinishInput]  445192 ns
08-30 15:11:18.762  3881  3886 E statsd  : Predicate -7037417284711607308 dropping data for dimension key (10)0x2010101->10429[I] (10)0x30000->*launch*[S]
08-30 15:11:18.762  7475  7475 I HBD     : HoneyBoardService [IMI] onStartInput - caller pid : 23627 , caller uid : 10429
08-30 15:11:18.762  7475  7475 I HBD     : i updateConfigs
08-30 15:11:18.763  7475  7475 I HBD     : i isEnabledNightMode : true
08-30 15:11:18.763  7475  7475 I HBD     : a IC have been binded, InputConnectionWrapper{idHash=#35ae417 mMissingMethods=}
08-30 15:11:18.763  7475  7475 I HBD     : h [EditorInputType]setPrivateImeOptionsToTable privateImeOptions ( null )
08-30 15:11:18.763  7475  7475 I HBD     : b incognitoMode : false
08-30 15:11:18.763  7475  7475 I HBD     : a needOff = true , isForceOff = false, isNullInputClass : true
08-30 15:11:18.763  7475  7475 I HBD     : h getDefaultInputRange : UNKNOWN
08-30 15:11:18.763  7475  7475 I HBD     : h getDefaultInputRange : UNKNOWN
08-30 15:11:18.764 23627 23627 I ViewInteraction: Checking 'MatchesViewAssertion{viewMatcher=(view has effective visibility <VISIBLE> and view.getGlobalVisibleRect() to return non-empty rectangle)}' assertion on view an instance of android.widget.TextView and view.getText() with or without transformation to match: is "Nox"
08-30 15:11:18.764  7475  7475 I HBD     : h getDefaultInputRange : UNKNOWN
08-30 15:11:18.764  4349  5464 D SdpManagerService: Not an enterprise user : 0
08-30 15:11:18.765  4349  5464 D SdpManagerService: Not an enterprise user : 0
08-30 15:11:18.766  3976  3976 I Layer   : id=38233[1] Destroyed Surface(name=Dim Layer for - Task=1415 - animating-dim)/@0x4b94f6 - animation-leash#0
08-30 15:11:18.767  7475  7475 I HBD     : h getDefaultInputRange : UNKNOWN
08-30 15:11:18.767  7475  7475 I HBD     : a currentState : 0
08-30 15:11:18.767  3976  6075 I Layer   : id=38223 removeFromCurrentState Surface(name=749d536 InputMethod)/@0x72f94d3 - animation-leash#0 (104)
08-30 15:11:18.768 12736 12736 I dnxg    : onPause
08-30 15:11:18.768  5135  5135 I SurfaceControl: nativeRelease nativeObject s[478247340160]
08-30 15:11:18.769  5135  5135 I SurfaceControl: nativeRelease nativeObject e[478247340160]
08-30 15:11:18.770  4349  6779 D SamsungIMMSHWKeyboard: isConnectedDexOnPC false
08-30 15:11:18.771  4349  6779 D InputMethodManagerService: isImeSwitcherDisabledPackage : false
