08-30 15:11:13.339  3976  4002 I SurfaceFlinger: id=38084 Removed ActivityRecord{63df8d3 u0 com.example.dogglers/androidx.test.core.app.InstrumentationActivityInvoker$EmptyActivity t1411}#0 (88)
08-30 15:11:13.340  4349  7427 D InputMethodManagerService: isImeSwitcherDisabledPackage : false
08-30 15:11:13.341 23627 23627 D LifecycleMonitor: Lifecycle status change: androidx.test.core.app.InstrumentationActivityInvoker$EmptyActivity@824ba6a in: PAUSED
08-30 15:11:13.341 23627 23627 V ActivityScenario: Activity lifecycle changed event received but ignored because the intent does not match. startActivityIntent=Intent { act=android.intent.action.MAIN cat=[android.intent.category.LAUNCHER] cmp=com.example.dogglers/.MainActivity }, activity.getIntent()=Intent { act=android.intent.action.MAIN cat=[android.intent.category.LAUNCHER] flg=0x10000000 cmp=com.example.dogglers/androidx.test.core.app.InstrumentationActivityInvoker$EmptyActivity }, activity=androidx.test.core.app.InstrumentationActivityInvoker$EmptyActivity@824ba6a
08-30 15:11:13.343  4349  7427 I SemDvfsHyPerManager: acquire hyper - AMS_ACT_RESUME/4349@15, type = -999
08-30 15:11:13.344  3927  3954 I HYPER-HAL: [RequestManager.cpp]acquire(): Acquired ID : 9524445  [4349 / 15]    HINT : AMS_ACT_RESUME    list :
08-30 15:11:13.344  3927  3954 E HYPER-HAL: [HandlerSysfs.cpp]doResourceHandling(): Couldn't Open Sysfs - /sys/power/cstate_control
08-30 15:11:13.344  3927  3954 I HYPER-HAL: [ResourceManager.cpp]updateResource(): [CPUMinFreq] UpdateResource Request ID : 9524445    Value : 1352000
08-30 15:11:13.345  4349  7427 D InputDispatcher: Focused application set to (0): 186e7bd
08-30 15:11:13.346  4349  7427 V WindowOrientationListener: getProposedRotation: -1
08-30 15:11:13.346  4349  7427 V WindowOrientationListener: getProposedRotation: -1
08-30 15:11:13.347  4349  7427 V WindowOrientationListener: getProposedRotation: -1
08-30 15:11:13.352  3976  3976 I Layer   : id=38084[1] Destroyed ActivityRecord{63df8d3 u0 com.example.dogglers/androidx.test.core.app.InstrumentationActivityInvoker$EmptyActivity t1411}#0
08-30 15:11:13.354 23627 23627 I ViewRootImpl@d82d237[InstrumentationActivityInvoker$EmptyActivity]: MSG_WINDOW_FOCUS_CHANGED 0 1
08-30 15:11:13.356 23627 23627 I ViewRootImpl@a53f820[VerticalListActivity]: stopped(false) old=true
08-30 15:11:13.356 23627 23627 D LifecycleMonitor: Lifecycle status change: com.example.dogglers.VerticalListActivity@80d91ec in: RESTARTED
08-30 15:11:13.356 23627 23627 V ActivityScenario: Activity lifecycle changed event received but ignored because the intent does not match. startActivityIntent=Intent { act=android.intent.action.MAIN cat=[android.intent.category.LAUNCHER] cmp=com.example.dogglers/.MainActivity }, activity.getIntent()=Intent { cmp=com.example.dogglers/.VerticalListActivity }, activity=com.example.dogglers.VerticalListActivity@80d91ec
08-30 15:11:13.358 23627 23627 D LifecycleMonitor: Lifecycle status change: com.example.dogglers.VerticalListActivity@80d91ec in: STARTED
08-30 15:11:13.358 23627 23627 V ActivityScenario: Activity lifecycle changed event received but ignored because the intent does not match. startActivityIntent=Intent { act=android.intent.action.MAIN cat=[android.intent.category.LAUNCHER] cmp=com.example.dogglers/.MainActivity }, activity.getIntent()=Intent { cmp=com.example.dogglers/.VerticalListActivity }, activity=com.example.dogglers.VerticalListActivity@80d91ec
08-30 15:11:13.359 23627 23627 I ViewRootImpl@a53f820[VerticalListActivity]: stopped(false) old=false
08-30 15:11:13.360 23627 23627 D LifecycleMonitor: Lifecycle status change: com.example.dogglers.VerticalListActivity@80d91ec in: RESUMED
08-30 15:11:13.360 23627 23627 V ActivityScenario: Activity lifecycle changed event received but ignored because the intent does not match. startActivityIntent=Intent { act=android.intent.action.MAIN cat=[android.intent.category.LAUNCHER] cmp=com.example.dogglers/.MainActivity }, activity.getIntent()=Intent { cmp=com.example.dogglers/.VerticalListActivity }, activity=com.example.dogglers.VerticalListActivity@80d91ec
08-30 15:11:13.361  4349  4371 I SemPersonaManager: SecureFolder personaId = 150
08-30 15:11:13.372  4349  7427 V WindowManager: Relayout Window{df11a57 u0 com.example.dogglers/com.example.dogglers.VerticalListActivity}: viewVisibility=0 req=720x1560
08-30 15:11:13.375  4349  7427 D WindowManager: isScreenshotDisabledLocked - win: Window{df11a57 u0 com.example.dogglers/com.example.dogglers.VerticalListActivity}
08-30 15:11:13.375  4349  7427 D WindowManager: isScreenshotDisabledLocked: userId = 0, disabled =false
08-30 15:11:13.376  3976  4002 I SurfaceFlinger: id=38096 createSurf (720x1560),1 flag=404, com.example.dogglers/com.example.dogglers.VerticalListActivity$_23627#0
08-30 15:11:13.378  4349  7427 I SurfaceControl: nativeRelease nativeObject s[476008573056]
08-30 15:11:13.378  4349  7427 I SurfaceControl: nativeRelease nativeObject e[476008573056]
08-30 15:11:13.379 14146 14146 I TrayStateController: systemUiVisibilityChanged : 0 0
08-30 15:11:13.379  3976  4001 I SurfaceFlinger: id=38097 createSurf (0x0),-1 flag=24000, Surface(name=1096c8d StatusBar)/@0xeaf4dd0 - animation-leash#1
08-30 15:11:13.380  4349  7427 I SurfaceControl: nativeRelease nativeObject s[476008572960]
08-30 15:11:13.380  4349  7427 I SurfaceControl: nativeRelease nativeObject e[476008572960]
08-30 15:11:13.380  3976  4001 I SurfaceFlinger: id=38098 createSurf (0x0),-1 flag=24000, Surface(name=b07ecc5 NavigationBar0)/@0xa8376fc - animation-leash#0
08-30 15:11:13.382  4349  7427 V WindowManager: Relayout hash=df11a57, pid=23627: mAttrs={(0,0)(fillxfill) sim={adjust=resize} ty=BASE_APPLICATION wanim=0x1030304
08-30 15:11:13.382  4349  7427 V WindowManager:   fl=81810100
08-30 15:11:13.382  4349  7427 V WindowManager:   pfl=12020000
08-30 15:11:13.382  4349  7427 V WindowManager:   fitSides= naviIconColor=0}
08-30 15:11:13.382  4349  7427 I SurfaceControl: nativeRelease nativeObject s[476008572864]
08-30 15:11:13.382  4349  7427 I SurfaceControl: nativeRelease nativeObject e[476008572864]
08-30 15:11:13.384 23627 23627 I SurfaceControl: assignNativeObject: nativeObject = 0 Surface(name=null)/@0x41a95d9 / android.view.SurfaceControl.readFromParcel:1117 android.view.IWindowSession$Stub$Proxy.relayout:1836 android.view.ViewRootImpl.relayoutWindow:9005 android.view.ViewRootImpl.performTraversals:3360 android.view.ViewRootImpl.doTraversal:2618 android.view.ViewRootImpl$TraversalRunnable.run:9971 android.view.Choreographer$CallbackRecord.run:1010 android.view.Choreographer.doCallbacks:809 android.view.Choreographer.doFrame:744 android.view.Choreographer$FrameDisplayEventReceiver.run:995
08-30 15:11:13.386 23627 23627 I ViewRootImpl@a53f820[VerticalListActivity]: Relayout returned: old=(0,0,720,1560) new=(0,0,720,1560) req=(720,1560)0 dur=13 res=0x7 s={true 478212632576} ch=true fn=-1
08-30 15:11:13.387 23627 23627 I ViewRootImpl@a53f820[VerticalListActivity]: [DP] dp(1) 1 android.view.ViewRootImpl.reportNextDraw:10957 android.view.ViewRootImpl.performTraversals:3845 android.view.ViewRootImpl.doTraversal:2618
08-30 15:11:13.387  3976  4002 I Layer   : id=38093 removeFromCurrentState Surface(name=1096c8d StatusBar)/@0xeaf4dd0 - animation-leash#0 (90)
08-30 15:11:13.387 23627 23627 I ViewRootImpl@a53f820[VerticalListActivity]: [DP] pd() Asnyc report
08-30 15:11:13.387  3976  4002 I Layer   : id=38094 removeFromCurrentState Surface(name=b07ecc5 NavigationBar0)/@0xa8376fc - animation-leash#1 (90)
08-30 15:11:13.389  3899 10978 D gralloc : [mali_gralloc_allocate] begin
08-30 15:11:13.389  3899 10978 D gralloc : buffer_descriptor: wh(720 1560) usage_pc(0x40000000000b00 0x40000000000b00) hal_format(0x1) layer_count(1) sizes(0 0 0) strde(0) byte_stride(0) alloc_wh(0 0) internal_format(0x0) alloc_format(0x0) fd_count(1) plane_count(0)
08-30 15:11:13.390  3899 10978 D gralloc : [mali_gralloc_allocate] allocation successful
08-30 15:11:13.391  3899 10978 D gralloc : [mali_gralloc_allocate] begin
08-30 15:11:13.391  3899 10978 D gralloc : buffer_descriptor: wh(720 1560) usage_pc(0x40000000000b00 0x40000000000b00) hal_format(0x1) layer_count(1) sizes(0 0 0) strde(0) byte_stride(0) alloc_wh(0 0) internal_format(0x0) alloc_format(0x0) fd_count(1) plane_count(0)
08-30 15:11:13.391  3899 10978 D gralloc : [mali_gralloc_allocate] allocation successful
08-30 15:11:13.392  3899 10978 D gralloc : [mali_gralloc_allocate] begin
08-30 15:11:13.392  3899 10978 D gralloc : buffer_descriptor: wh(720 1560) usage_pc(0x40000000000b00 0x40000000000b00) hal_format(0x1) layer_count(1) sizes(0 0 0) strde(0) byte_stride(0) alloc_wh(0 0) internal_format(0x0) alloc_format(0x0) fd_count(1) plane_count(0)
08-30 15:11:13.393  3899 10978 D gralloc : [mali_gralloc_allocate] allocation successful
08-30 15:11:13.406 23627 23627 I ViewRootImpl@a53f820[VerticalListActivity]: [DP] pdf(0) 1 android.view.ViewRootImpl.lambda$performDraw$1$ViewRootImpl:4668 android.view.-$$Lambda$ViewRootImpl$DJd0VUYJgsebcnSohO6h8zc_ONI.run:6 android.os.Handler.handleCallback:938
08-30 15:11:13.406 23627 23627 I ViewRootImpl@a53f820[VerticalListActivity]: [DP] rdf()
08-30 15:11:13.410  4349  4372 D PkgPredictorService: pkg:com.example.dogglers activity:com.example.dogglers.VerticalListActivity thisTime:-1
08-30 15:11:13.414  3927  3954 E HYPER-HAL: [HandlerSysfs.cpp]doResourceHandling(): Couldn't Open Sysfs - /sys/power/cstate_control
08-30 15:11:13.415  3927  3954 I HYPER-HAL: [ResourceManager.cpp]removeResource(): [CPUMinFreq] RemoveResource Request ID : 9524445
08-30 15:11:13.415 23627 23627 I SurfaceControl: nativeRelease nativeObject s[476571790624]
08-30 15:11:13.415  3927  3954 I HYPER-HAL: [RequestManager.cpp]releaseLocked(): Released ID : 9524445
08-30 15:11:13.415 23627 23627 I SurfaceControl: nativeRelease nativeObject e[476571790624]
08-30 15:11:13.415 23627 23627 I SurfaceControl: nativeRelease nativeObject s[476571790528]
08-30 15:11:13.415 23627 23627 I SurfaceControl: nativeRelease nativeObject e[476571790528]
08-30 15:11:13.415 23627 23627 I SurfaceControl: nativeRelease nativeObject s[476571789376]
08-30 15:11:13.415 23627 23627 I SurfaceControl: nativeRelease nativeObject e[476571789376]
08-30 15:11:13.415  3976  4318 I SurfaceFlinger: id=38094 Removed Surface(name=b07ecc5 NavigationBar0)/@0xa8376fc - animation-leash#1 (90)
08-30 15:11:13.415  3976  4318 I SurfaceFlinger: id=38093 Removed Surface(name=1096c8d StatusBar)/@0xeaf4dd0 - animation-leash#0 (90)
08-30 15:11:13.419  3976  3976 I Layer   : id=38093[1] Destroyed Surface(name=1096c8d StatusBar)/@0xeaf4dd0 - animation-leash#0
08-30 15:11:13.419  3976  3976 I Layer   : id=38094[1] Destroyed Surface(name=b07ecc5 NavigationBar0)/@0xa8376fc - animation-leash#1
08-30 15:11:13.421  4349  7427 I InputDispatcher: Focus entered window (23627): df11a57 in display 0 0
08-30 15:11:13.421  3976  4001 E BufferQueueProducer: [com.example.dogglers/androidx.test.core.app.InstrumentationActivityInvoker$EmptyActivity$_23627#1](id:f88000033ac,api:0,p:-1,c:3976) disconnect: not connected (req=1)
08-30 15:11:13.421  4349  4371 D EnterpriseDeviceManagerService: isMdmAdminPresentInternal() : MDM Admin Found - com.samsung.knox.securefolder
08-30 15:11:13.421 23627 23685 W libEGL  : EGLNativeWindowType 0x6f4fd41010 disconnect failed
08-30 15:11:13.424  4349  6779 V WindowManager: Relayout Window{ce77554 u0 com.example.dogglers/androidx.test.core.app.InstrumentationActivityInvoker$EmptyActivity}: viewVisibility=8 req=720x1560
08-30 15:11:13.426  3976  3976 D SurfaceFlinger: Display 0 HWC layers:
08-30 15:11:13.426  3976  3976 D SurfaceFlinger:      DEVICE | 0x75743a6340 | 0002 | RGBA_8888    |    0.0    0.0  720.0 1560.0 |    0    0  720 1560 | com.example.dogglers/com.example.dogglers.VerticalListActivity$_23627#0
08-30 15:11:13.426  3976  3976 D SurfaceFlinger:      DEVICE | 0x75743a6fc0 | 0000 | RGBA_8888    |    0.0    0.0  720.0   53.0 |    0    0  720   53 | StatusBar$_4708#0
08-30 15:11:13.426  3976  3976 D SurfaceFlinger:      DEVICE | 0x74d157fa00 | 0000 | RGBA_8888    |    0.0    0.0   67.0  232.0 |  653  151  720  383 | com.samsung.android.app.cocktailbars[...]rservice.CocktailBarService$_14146#0
08-30 15:11:13.426  3976  3976 D SurfaceFlinger:      DEVICE | 0x75743a7380 | 0000 | RGBA_8888    |    0.0    0.0  720.0   84.0 |    0 1476  720 1560 | NavigationBar0$_4708#0
08-30 15:11:13.426  3976  3976 D SurfaceFlinger:      DEVICE | 0x74f0413e00 | 0000 | RGBA_8888    |    0.0    0.0  720.0  101.0 |    0    0  720  101 | ScreenDecorOverlay$_4708#0
08-30 15:11:13.426  3976  3976 D SurfaceFlinger:      DEVICE | 0x75743a7b00 | 0000 | RGBA_8888    |    0.0    0.0  720.0  101.0 |    0 1459  720 1560 | ScreenDecorOverlayBottom$_4708#0
08-30 15:11:13.426  3976  3976 D SurfaceFlinger:
08-30 15:11:13.429  4349  6779 V WindowManager: Relayout hash=ce77554, pid=23627: mAttrs={(0,0)(fillxfill) sim={adjust=pan forwardNavigation} ty=BASE_APPLICATION wanim=0x1030001
08-30 15:11:13.429  4349  6779 V WindowManager:   fl=1810100
08-30 15:11:13.429  4349  6779 V WindowManager:   pfl=12020000
08-30 15:11:13.429  4349  6779 V WindowManager:   fitSides= naviIconColor=0}
08-30 15:11:13.430 23627 23627 I SurfaceControl: nativeRelease nativeObject s[476571788128]
08-30 15:11:13.430 23627 23627 I SurfaceControl: nativeRelease nativeObject e[476571788128]
08-30 15:11:13.431 23627 23627 I SurfaceControl: assignNativeObject: nativeObject = 0 Surface(name=null)/@0xb18921a / android.view.SurfaceControl.readFromParcel:1117 android.view.IWindowSession$Stub$Proxy.relayout:1826 android.view.ViewRootImpl.relayoutWindow:9005 android.view.ViewRootImpl.performTraversals:3360 android.view.ViewRootImpl.doTraversal:2618 android.view.ViewRootImpl$TraversalRunnable.run:9971 android.view.Choreographer$CallbackRecord.run:1010 android.view.Choreographer.doCallbacks:809 android.view.Choreographer.doFrame:744 android.view.Choreographer$FrameDisplayEventReceiver.run:995
08-30 15:11:13.431 23627 23627 I SurfaceControl: assignNativeObject: nativeObject = 0 Surface(name=null)/@0x1a85ad3 / android.view.SurfaceControl.readFromParcel:1117 android.view.IWindowSession$Stub$Proxy.relayout:1836 android.view.ViewRootImpl.relayoutWindow:9005 android.view.ViewRootImpl.performTraversals:3360 android.view.ViewRootImpl.doTraversal:2618 android.view.ViewRootImpl$TraversalRunnable.run:9971 android.view.Choreographer$CallbackRecord.run:1010 android.view.Choreographer.doCallbacks:809 android.view.Choreographer.doFrame:744 android.view.Choreographer$FrameDisplayEventReceiver.run:995
08-30 15:11:13.432 23627 23627 I SurfaceControl: nativeRelease nativeObject s[476571790720]
08-30 15:11:13.432 23627 23627 I SurfaceControl: nativeRelease nativeObject e[476571790720]
08-30 15:11:13.433 23627 23627 I ViewRootImpl@d82d237[InstrumentationActivityInvoker$EmptyActivity]: Relayout returned: old=(0,0,720,1560) new=(0,0,720,1560) req=(720,1560)8 dur=10 res=0x5 s={false 0} ch=true fn=2
08-30 15:11:13.433 23627 23627 I ViewRootImpl@a53f820[VerticalListActivity]: MSG_WINDOW_FOCUS_CHANGED 1 1
08-30 15:11:13.434 23627 23627 D InputMethodManager: prepareNavigationBarInfo() DecorView@80fea6d[VerticalListActivity]
08-30 15:11:13.434 23627 23627 D InputMethodManager: getNavigationBarColor() -16711423
08-30 15:11:13.435 23627 23627 D InputMethodManager: prepareNavigationBarInfo() DecorView@80fea6d[VerticalListActivity]
08-30 15:11:13.435 23627 23627 D InputMethodManager: getNavigationBarColor() -16711423
08-30 15:11:13.436 23627 23627 V InputMethodManager: Starting input: tba=com.example.dogglers ic=null mNaviBarColor -16711423 mIsGetNaviBarColorSuccess true , NavVisible : true , NavTrans : false
08-30 15:11:13.436 23627 23627 D InputMethodManager: startInputInner - Id : 0
08-30 15:11:13.436 23627 23627 I InputMethodManager: startInputInner - mService.startInputOrWindowGainedFocus
08-30 15:11:13.437  4349  6779 D InputMethodManagerService: mSecureKeypadEnabled = false
08-30 15:11:13.437  4349  4460 D SensorService: [SO] 0.236 0.138 9.730
08-30 15:11:13.438  4349  6779 V InputMethodManagerService: hideCurrentInputLocked : shouldHideSoftInput is false
08-30 15:11:13.438  4349  6779 D InputMethodManagerService: mDesktopModeManager null!
08-30 15:11:13.438  4349  6779 V InputMethodManagerService: getDisplayIdOfInputMethodWindowToBeAdded : 0
08-30 15:11:13.438  4349  6779 D InputMethodManagerService: checkDisplayOfStartInputAndUpdateKeyboard display Id 0last 0
08-30 15:11:13.439  4349  6779 D InputTransport: Input channel constructed: 'ClientS', fd=707
08-30 15:11:13.439  4349  6779 D InputTransport: Input channel destroyed: 'ClientS', fd=707
08-30 15:11:13.439 23627 23627 D InputTransport: Input channel constructed: 'ClientS', fd=88
08-30 15:11:13.439 23627 23627 D InputTransport: Input channel destroyed: 'ClientS', fd=94
08-30 15:11:13.440  4349  6779 I SurfaceControl: nativeRelease nativeObject s[476017812448]
08-30 15:11:13.440  4349  6779 I SurfaceControl: nativeRelease nativeObject e[476017812448]
08-30 15:11:13.441  3976  4001 I SurfaceFlinger: id=38099 createSurf (0x0),-1 flag=24004, Surface(name=749d536 InputMethod)/@0x72f94d3 - animation-leash#0
08-30 15:11:13.442  7475  7475 I HBD     : HoneyBoardService onFinishInput
08-30 15:11:13.442 23627 23651 I TestRunner: finished: clicking_vertical_list_button_displays_vertical_list(com.example.dogglers.ButtonTests)
