08-30 15:11:06.194  7475  7475 I HBD     : a currentState : 0
08-30 15:11:06.194  3976  4002 I Layer   : id=37912 removeFromCurrentState Surface(name=749d536 InputMethod)/@0x72f94d3 - animation-leash#0 (87)
08-30 15:11:06.195  4349  4372 I SurfaceControl: nativeRelease nativeObject s[476016219296]
08-30 15:11:06.195  4349  4372 I SurfaceControl: nativeRelease nativeObject e[476016219296]
08-30 15:11:06.196  4349  4372 I SurfaceControl: nativeRelease nativeObject s[477997777792]
08-30 15:11:06.196 23627 23627 D LifecycleMonitor: Lifecycle status change: androidx.test.core.app.InstrumentationActivityInvoker$BootstrapActivity@7b5606 in: STOPPED
08-30 15:11:06.196  4349  4372 I SurfaceControl: nativeRelease nativeObject e[477997777792]
08-30 15:11:06.197  3976  4318 I Layer   : id=37916 removeFromCurrentState Splash Screen com.example.dogglers#0 (87)
08-30 15:11:06.197  4349  4372 I SurfaceControl: nativeRelease nativeObject s[477998029952]
08-30 15:11:06.197  4349  4372 I SurfaceControl: nativeRelease nativeObject e[477998029952]
08-30 15:11:06.197 23627 23627 V ActivityScenario: Activity lifecycle changed event received but ignored because the intent does not match. startActivityIntent=Intent { act=android.intent.action.MAIN cat=[android.intent.category.LAUNCHER] cmp=com.example.dogglers/.MainActivity }, activity.getIntent()=Intent { act=android.intent.action.MAIN cat=[android.intent.category.LAUNCHER] flg=0x10008000 cmp=com.example.dogglers/androidx.test.core.app.InstrumentationActivityInvoker$BootstrapActivity (has extras) }, activity=androidx.test.core.app.InstrumentationActivityInvoker$BootstrapActivity@7b5606
08-30 15:11:06.198  7475  7475 I HBD     : h load selected json info : {"version":"1.0","currentLanguageOrder":2,"selected":[{"activeOptionList":["auto_replace","spell_check","auto_spacing"],"engName":"Russian","id":3342336,"inputType":"qwerty","isUsed":true},{"activeOptionList":["auto_replace","spell_check","auto_spacing"],"engName":"English","id":65537,"inputType":"qwerty","isUsed":true},{"activeOptionList":["auto_replace","spell_check","auto_spacing"],"engName":"Ukrainian","id":4456448,"inputType":"qwerty","isUsed":true}]}
08-30 15:11:06.200  3976  4318 I Layer   : id=37915 removeFromCurrentState 56aa4b5 Splash Screen com.example.dogglers#0 (87)
08-30 15:11:06.200  3976  4318 I Layer   : id=37926 removeFromCurrentState Surface(name=56aa4b5 Splash Screen com.example.dogglers)/@0x81a1a05 - animation-leash#0 (87)
08-30 15:11:06.200  3976  4318 I SurfaceFlinger: id=37915 Removed 56aa4b5 Splash Screen com.example.dogglers#0 (87)
08-30 15:11:06.200  7475  7475 I HBD     : a [UpdatePolicy] [post] a: 0 cl: 4456448 kit: [0/0] vt: 0 ir: 1
08-30 15:11:06.200  3976  4002 I SurfaceFlinger: id=37926 Removed Surface(name=56aa4b5 Splash Screen com.example.dogglers)/@0x81a1a05 - animation-leash#0 (87)
08-30 15:11:06.200  3976  6075 I SurfaceFlinger: id=37916 Removed Splash Screen com.example.dogglers#0 (87)
08-30 15:11:06.202  4349  6779 D SamsungIMMSHWKeyboard: isConnectedDexOnPC false
08-30 15:11:06.202  7475  7475 I HBD     : HoneyBoardService [PF_OP][onStartInput]  12483577 ns
08-30 15:11:06.203  5135  5135 W LauncherAppWidgetHost: setListenIfResumed, mFlags = 7
08-30 15:11:06.203 23627 23627 I SurfaceControl: nativeRelease nativeObject s[478247329888]
08-30 15:11:06.203 23627 23627 I SurfaceControl: nativeRelease nativeObject e[478247329888]
08-30 15:11:06.203 23627 23627 I SurfaceControl: nativeRelease nativeObject s[478247329792]
08-30 15:11:06.203 23627 23627 I SurfaceControl: nativeRelease nativeObject e[478247329792]
08-30 15:11:06.203  4349  6800 I AppWidgetServiceImpl: stopListening callbacks : null
08-30 15:11:06.204  5135  5135 W Launcher.NotificationListener: removeNotificationsChangedListener
08-30 15:11:06.204  5135  5135 I BadgeCountUpdaterImpl: onNotificationsChangedDisConnected
08-30 15:11:06.204  5135  5135 I Launcher.NotificationListener: unregisterObserver, this is not notificationService!!
08-30 15:11:06.205  4349  6779 D InputMethodManagerService: isImeSwitcherDisabledPackage : false
08-30 15:11:06.205  5135  5135 I LiveIconUpdateEventHandler: cancelMinuteChangeAlarm
08-30 15:11:06.207  3976  3976 I Layer   : id=37926[1] Destroyed Surface(name=56aa4b5 Splash Screen com.example.dogglers)/@0x81a1a05 - animation-leash#0
08-30 15:11:06.207  3976  3976 I Layer   : id=37915[1] Destroyed 56aa4b5 Splash Screen com.example.dogglers#0
08-30 15:11:06.209  5135  5135 I LiveIconUpdateEventHandler: cancelDateChangeAlarm
08-30 15:11:06.210  3976  3976 I Layer   : id=37916[1] Destroyed Splash Screen com.example.dogglers#0
08-30 15:11:06.213  3714  5919 I FontLog : (REDACTED) Received query %s, URI %s
08-30 15:11:06.214  3976  3976 D SurfaceFlinger: Display 0 HWC layers:
08-30 15:11:06.214  3976  3976 D SurfaceFlinger:      DEVICE | 0x75743a5d00 | 0002 | RGBA_8888    |    0.0    0.0  720.0 1560.0 |    0    0  720 1560 | com.example.dogglers/com.example.dogglers.MainActivity$_23627#0
08-30 15:11:06.214  3976  3976 D SurfaceFlinger:      DEVICE | 0x74f0414e40 | 0000 | RGBA_8888    |    0.0    0.0  720.0   53.0 |    0    0  720   53 | StatusBar$_4708#0
08-30 15:11:06.214  3976  3976 D SurfaceFlinger:      DEVICE | 0x74d157fa00 | 0000 | RGBA_8888    |    0.0    0.0   67.0  232.0 |  653  151  720  383 | com.samsung.android.app.cocktailbars[...]rservice.CocktailBarService$_14146#0
08-30 15:11:06.214  3976  3976 D SurfaceFlinger:      DEVICE | 0x75743a7380 | 0000 | RGBA_8888    |    0.0    0.0  720.0   84.0 |    0 1476  720 1560 | NavigationBar0$_4708#0
08-30 15:11:06.214  3976  3976 D SurfaceFlinger:      DEVICE | 0x74f0413e00 | 0000 | RGBA_8888    |    0.0    0.0  720.0  101.0 |    0    0  720  101 | ScreenDecorOverlay$_4708#0
08-30 15:11:06.214  3976  3976 D SurfaceFlinger:      DEVICE | 0x75743a7b00 | 0000 | RGBA_8888    |    0.0    0.0  720.0  101.0 |    0 1459  720 1560 | ScreenDecorOverlayBottom$_4708#0
08-30 15:11:06.214  3976  3976 D SurfaceFlinger:
08-30 15:11:06.215  3714  5919 I FontLog : (REDACTED) Query [%s] resolved to %s
08-30 15:11:06.219  5135  5135 I LiveIconUpdateEventHandler: unregisterReceiver
08-30 15:11:06.220  3714  5919 I FontLog : (REDACTED) Fetch %s end status %s
08-30 15:11:06.221  5135  5135 I SurfaceControl: nativeRelease nativeObject s[478169917824]
08-30 15:11:06.221  5135  5135 I SurfaceControl: nativeRelease nativeObject e[478169917824]
08-30 15:11:06.225 23627 23627 W xample.doggler: Accessing hidden method Landroid/view/WindowManagerGlobal;->getInstance()Landroid/view/WindowManagerGlobal; (greylist, reflection, allowed)
08-30 15:11:06.225 23627 23627 W xample.doggler: Accessing hidden field Landroid/view/WindowManagerGlobal;->mViews:Ljava/util/ArrayList; (greylist, reflection, allowed)
08-30 15:11:06.225 23627 23627 W xample.doggler: Accessing hidden field Landroid/view/WindowManagerGlobal;->mParams:Ljava/util/ArrayList; (greylist, reflection, allowed)
08-30 15:11:06.227  4349  6800 I SurfaceControl: nativeRelease nativeObject s[476021493312]
08-30 15:11:06.227  4349  6800 I SurfaceControl: nativeRelease nativeObject e[476021493312]
08-30 15:11:06.228  3976  6075 I Layer   : id=37908 removeFromCurrentState com.sec.android.app.launcher/com.sec.android.app.launcher.activities.LauncherActivity$_5135#0 (84)
08-30 15:11:06.233 23627 23627 I ViewInteraction: Checking 'MatchesViewAssertion{viewMatcher=(view has effective visibility <VISIBLE> and view.getGlobalVisibleRect() to return non-empty rectangle)}' assertion on view view.getId() is <2131230936/com.example.dogglers:id/grid_btn>
08-30 15:11:06.235  3976  6075 I SurfaceFlinger: id=37908 Removed com.sec.android.app.launcher/com.sec.android.app.launcher.activities.LauncherActivity$_5135#0 (84)
08-30 15:11:06.236  4349  4369 D SehCodecSolutionService: Update top [com.example.dogglers]
08-30 15:11:06.241  3976  3976 I Layer   : id=37908[1] Destroyed com.sec.android.app.launcher/com.sec.android.app.launcher.activities.LauncherActivity$_5135#0
08-30 15:11:06.241  3714  4596 I FontLog : (REDACTED) Pulling font file for id = %d, cache size = %d
08-30 15:11:06.248  4349  4468 I SemDvfsHyPerManager: acquire hyper - AMS_ACT_START/4349@16, type = -999
08-30 15:11:06.248  3927  3954 I HYPER-HAL: [RequestManager.cpp]acquire(): Acquired ID : 9528811  [4349 / 16]    HINT : AMS_ACT_START    list :
08-30 15:11:06.248  3927  3954 E HYPER-HAL: [HandlerSysfs.cpp]doResourceHandling(): Couldn't Open Sysfs - /sys/power/cstate_control
08-30 15:11:06.249  3927  3954 I HYPER-HAL: [ResourceManager.cpp]updateResource(): [CPUMinFreq] UpdateResource Request ID : 9528811    Value : 1560000
08-30 15:11:06.249  3976  4002 I SurfaceFlinger: id=37928 createSurf (0x0),-1 flag=80004, ActivityRecord{cd43d79 u0 com.example.dogglers/androidx.test.core.app.InstrumentationActivityInvoker$EmptyActivity t1408}#0
08-30 15:11:06.253  3881  3886 E statsd  : Predicate -7037417284711607308 dropping data for dimension key (10)0x2010101->10429[I] (10)0x30000->*launch*[S]
08-30 15:11:06.253  3714  4596 I FontLog : (REDACTED) Pulling font file for id = %d, cache size = %d
08-30 15:11:06.260 23627 23627 D LifecycleMonitor: Lifecycle status change: com.example.dogglers.MainActivity@19dfc51 in: PAUSED
08-30 15:11:06.261 23627 23627 V ActivityScenario: Update currentActivityStage to PAUSED, currentActivity=com.example.dogglers.MainActivity@19dfc51
08-30 15:11:06.264  4349  6800 V WindowOrientationListener: getProposedRotation: -1
08-30 15:11:06.264  4349  6800 V WindowOrientationListener: getProposedRotation: -1
08-30 15:11:06.266  4349  6800 V WindowOrientationListener: getProposedRotation: -1
08-30 15:11:06.268  4349  6800 D InputDispatcher: Focused application set to (0): cd43d79
08-30 15:11:06.283 23627 23627 D LifecycleMonitor: Lifecycle status change: androidx.test.core.app.InstrumentationActivityInvoker$EmptyActivity@e0d371f in: PRE_ON_CREATE
08-30 15:11:06.284 23627 23627 V ActivityScenario: Activity lifecycle changed event received but ignored because the intent does not match. startActivityIntent=Intent { act=android.intent.action.MAIN cat=[android.intent.category.LAUNCHER] cmp=com.example.dogglers/.MainActivity }, activity.getIntent()=Intent { act=android.intent.action.MAIN cat=[android.intent.category.LAUNCHER] flg=0x10000000 cmp=com.example.dogglers/androidx.test.core.app.InstrumentationActivityInvoker$EmptyActivity }, activity=androidx.test.core.app.InstrumentationActivityInvoker$EmptyActivity@e0d371f
08-30 15:11:06.286  4349  4371 I SemPersonaManager: SecureFolder personaId = 150
08-30 15:11:06.292  4349  6779 I InputDispatcher: Focus left window (23627): bdfa9f3 in display 0 0
08-30 15:11:06.293 23627 23627 I DecorView: [INFO] isPopOver=false, config=true
08-30 15:11:06.293 23627 23627 I DecorView: updateCaptionType >> DecorView@a0e5835[], isFloating=false, isApplication=true, hasWindowDecorCaption=false, hasWindowControllerCallback=true
08-30 15:11:06.293 23627 23627 D DecorView: setCaptionType = 0, this = DecorView@a0e5835[]
08-30 15:11:06.302 23627 23627 D LifecycleMonitor: Lifecycle status change: androidx.test.core.app.InstrumentationActivityInvoker$EmptyActivity@e0d371f in: CREATED
08-30 15:11:06.303 23627 23627 V ActivityScenario: Activity lifecycle changed event received but ignored because the intent does not match. startActivityIntent=Intent { act=android.intent.action.MAIN cat=[android.intent.category.LAUNCHER] cmp=com.example.dogglers/.MainActivity }, activity.getIntent()=Intent { act=android.intent.action.MAIN cat=[android.intent.category.LAUNCHER] flg=0x10000000 cmp=com.example.dogglers/androidx.test.core.app.InstrumentationActivityInvoker$EmptyActivity }, activity=androidx.test.core.app.InstrumentationActivityInvoker$EmptyActivity@e0d371f
08-30 15:11:06.307 23627 23627 D LifecycleMonitor: Lifecycle status change: androidx.test.core.app.InstrumentationActivityInvoker$EmptyActivity@e0d371f in: STARTED
08-30 15:11:06.308 23627 23627 V ActivityScenario: Activity lifecycle changed event received but ignored because the intent does not match. startActivityIntent=Intent { act=android.intent.action.MAIN cat=[android.intent.category.LAUNCHER] cmp=com.example.dogglers/.MainActivity }, activity.getIntent()=Intent { act=android.intent.action.MAIN cat=[android.intent.category.LAUNCHER] flg=0x10000000 cmp=com.example.dogglers/androidx.test.core.app.InstrumentationActivityInvoker$EmptyActivity }, activity=androidx.test.core.app.InstrumentationActivityInvoker$EmptyActivity@e0d371f
08-30 15:11:06.342  4349  4371 D EnterpriseDeviceManagerService: isMdmAdminPresentInternal() : MDM Admin Found - com.samsung.knox.securefolder
08-30 15:11:06.349 23627 23627 D LifecycleMonitor: Lifecycle status change: androidx.test.core.app.InstrumentationActivityInvoker$EmptyActivity@e0d371f in: RESUMED
08-30 15:11:06.349 23627 23627 V ActivityScenario: Activity lifecycle changed event received but ignored because the intent does not match. startActivityIntent=Intent { act=android.intent.action.MAIN cat=[android.intent.category.LAUNCHER] cmp=com.example.dogglers/.MainActivity }, activity.getIntent()=Intent { act=android.intent.action.MAIN cat=[android.intent.category.LAUNCHER] flg=0x10000000 cmp=com.example.dogglers/androidx.test.core.app.InstrumentationActivityInvoker$EmptyActivity }, activity=androidx.test.core.app.InstrumentationActivityInvoker$EmptyActivity@e0d371f
08-30 15:11:06.357  4349  6779 D InputTransport: Input channel constructed: '276e9 c', fd=713
08-30 15:11:06.357  4349  6779 D InputTransport: Input channel constructed: '276e9 c', fd=715
08-30 15:11:06.358  3976  4002 I SurfaceFlinger: id=37929 createSurf (0x0),-1 flag=80004, 276e9 com.example.dogglers/androidx.test.core.app.InstrumentationActivityInvoker$EmptyActivity#0
08-30 15:11:06.358  4349  6779 D WindowManager: isScreenshotDisabledLocked - win: Window{276e9 u0 com.example.dogglers/androidx.test.core.app.InstrumentationActivityInvoker$EmptyActivity}
08-30 15:11:06.359  4349  6779 D WindowManager: isScreenshotDisabledLocked: userId = 0, disabled =false
08-30 15:11:06.359  4349  6779 D InputTransport: Input channel destroyed: '276e9 c', fd=715
08-30 15:11:06.360 23627 23627 D InputTransport: Input channel constructed: '276e9 c', fd=96
08-30 15:11:06.363 23627 23627 I ViewRootImpl@dd07158[InstrumentationActivityInvoker$EmptyActivity]: setView = com.android.internal.policy.DecorView@a0e5835 TM=true
08-30 15:11:06.372  4349  6779 V WindowManager: Relayout Window{276e9 u0 com.example.dogglers/androidx.test.core.app.InstrumentationActivityInvoker$EmptyActivity}: viewVisibility=0 req=720x1560
08-30 15:11:06.376  4349  6779 D WindowManager: isScreenshotDisabledLocked - win: Window{276e9 u0 com.example.dogglers/androidx.test.core.app.InstrumentationActivityInvoker$EmptyActivity}
08-30 15:11:06.376  4349  6779 D WindowManager: isScreenshotDisabledLocked: userId = 0, disabled =false
08-30 15:11:06.377  3976  4002 I SurfaceFlinger: id=37930 createSurf (720x1560),1 flag=404, com.example.dogglers/androidx.test.core.app.InstrumentationActivityInvoker$EmptyActivity$_23627#0
08-30 15:11:06.379  4349  6779 I SurfaceControl: nativeRelease nativeObject s[476016225632]
08-30 15:11:06.379  4349  6779 I SurfaceControl: nativeRelease nativeObject e[476016225632]
08-30 15:11:06.379 14146 14146 I TrayStateController: systemUiVisibilityChanged : 0 0
08-30 15:11:06.380  3976  4002 I SurfaceFlinger: id=37931 createSurf (0x0),-1 flag=24000, Surface(name=1096c8d StatusBar)/@0xeaf4dd0 - animation-leash#1
08-30 15:11:06.380  4349  6779 I SurfaceControl: nativeRelease nativeObject s[476016225728]
08-30 15:11:06.380  4349  6779 I SurfaceControl: nativeRelease nativeObject e[476016225728]
08-30 15:11:06.381  3976  4002 I SurfaceFlinger: id=37932 createSurf (0x0),-1 flag=24000, Surface(name=b07ecc5 NavigationBar0)/@0xa8376fc - animation-leash#0
08-30 15:11:06.383  3976  4002 I Layer   : id=37924 removeFromCurrentState Surface(name=1096c8d StatusBar)/@0xeaf4dd0 - animation-leash#0 (88)
08-30 15:11:06.383  3976  4002 I Layer   : id=37925 removeFromCurrentState Surface(name=b07ecc5 NavigationBar0)/@0xa8376fc - animation-leash#1 (88)
08-30 15:11:06.384  4349  6779 V WindowManager: Relayout hash=276e9, pid=23627: mAttrs={(0,0)(fillxfill) sim={adjust=pan forwardNavigation} ty=BASE_APPLICATION wanim=0x1030001
08-30 15:11:06.384  4349  6779 V WindowManager:   fl=1810100
08-30 15:11:06.384  4349  6779 V WindowManager:   pfl=12020000
08-30 15:11:06.384  4349  6779 V WindowManager:   fitSides= naviIconColor=0}
08-30 15:11:06.384  4349  6779 I SurfaceControl: nativeRelease nativeObject s[476016224096]
08-30 15:11:06.384  4349  6779 I SurfaceControl: nativeRelease nativeObject e[476016224096]
08-30 15:11:06.387 23627 23627 I SurfaceControl: assignNativeObject: nativeObject = 0 Surface(name=null)/@0x65942b1 / android.view.SurfaceControl.readFromParcel:1117 android.view.IWindowSession$Stub$Proxy.relayout:1836 android.view.ViewRootImpl.relayoutWindow:9005 android.view.ViewRootImpl.performTraversals:3360 android.view.ViewRootImpl.doTraversal:2618 android.view.ViewRootImpl$TraversalRunnable.run:9971 android.view.Choreographer$CallbackRecord.run:1010 android.view.Choreographer.doCallbacks:809 android.view.Choreographer.doFrame:744 android.view.Choreographer$FrameDisplayEventReceiver.run:995
08-30 15:11:06.389 23627 23627 I ViewRootImpl@dd07158[InstrumentationActivityInvoker$EmptyActivity]: Relayout returned: old=(0,0,720,1560) new=(0,0,720,1560) req=(720,1560)0 dur=16 res=0x7 s={true 478079811584} ch=true fn=-1
08-30 15:11:06.393  3899 10978 D gralloc : [mali_gralloc_allocate] begin
08-30 15:11:06.393  3899 10978 D gralloc : buffer_descriptor: wh(720 1560) usage_pc(0x40000000000b00 0x40000000000b00) hal_format(0x1) layer_count(1) sizes(0 0 0) strde(0) byte_stride(0) alloc_wh(0 0) internal_format(0x0) alloc_format(0x0) fd_count(1) plane_count(0)
08-30 15:11:06.394 23627 23627 I ViewRootImpl@dd07158[InstrumentationActivityInvoker$EmptyActivity]: [DP] dp(1) 1 android.view.ViewRootImpl.reportNextDraw:10957 android.view.ViewRootImpl.performTraversals:3845 android.view.ViewRootImpl.doTraversal:2618
08-30 15:11:06.394  3899 10978 D gralloc : [mali_gralloc_allocate] allocation successful
08-30 15:11:06.394 23627 23627 I ViewRootImpl@dd07158[InstrumentationActivityInvoker$EmptyActivity]: [DP] pd() Asnyc report
08-30 15:11:06.395  3899 10978 D gralloc : [mali_gralloc_allocate] begin
08-30 15:11:06.395  3899 10978 D gralloc : buffer_descriptor: wh(720 1560) usage_pc(0x40000000000b00 0x40000000000b00) hal_format(0x1) layer_count(1) sizes(0 0 0) strde(0) byte_stride(0) alloc_wh(0 0) internal_format(0x0) alloc_format(0x0) fd_count(1) plane_count(0)
08-30 15:11:06.396  3899 10978 D gralloc : [mali_gralloc_allocate] allocation successful
08-30 15:11:06.397  3899 10978 D gralloc : [mali_gralloc_allocate] begin
08-30 15:11:06.397  3899 10978 D gralloc : buffer_descriptor: wh(720 1560) usage_pc(0x40000000000b00 0x40000000000b00) hal_format(0x1) layer_count(1) sizes(0 0 0) strde(0) byte_stride(0) alloc_wh(0 0) internal_format(0x0) alloc_format(0x0) fd_count(1) plane_count(0)
08-30 15:11:06.399  3899 10978 D gralloc : [mali_gralloc_allocate] allocation successful
08-30 15:11:06.438 23627 23627 I ViewRootImpl@dd07158[InstrumentationActivityInvoker$EmptyActivity]: [DP] pdf(0) 1 android.view.ViewRootImpl.lambda$performDraw$1$ViewRootImpl:4668 android.view.-$$Lambda$ViewRootImpl$DJd0VUYJgsebcnSohO6h8zc_ONI.run:6 android.os.Handler.handleCallback:938
08-30 15:11:06.438 23627 23627 I ViewRootImpl@dd07158[InstrumentationActivityInvoker$EmptyActivity]: [DP] rdf()
08-30 15:11:06.441 23627 23627 I ViewRootImpl@c49555e[MainActivity]: MSG_WINDOW_FOCUS_CHANGED 0 1
08-30 15:11:06.445  4349  4372 D PkgPredictorService: pkg:com.example.dogglers activity:androidx.test.core.app.InstrumentationActivityInvoker$EmptyActivity thisTime:199
08-30 15:11:06.446  4349  4372 I SemDvfsHyPerManager: acquire hyper - AMS_RESUME_TAIL/4349@18, type = -999
08-30 15:11:06.446  4349  4376 I ActivityTaskManager: Displayed com.example.dogglers/androidx.test.core.app.InstrumentationActivityInvoker$EmptyActivity: +199ms
08-30 15:11:06.446  4349  4372 I SemDvfsHyPerManager: acquire hyper - AMS_ACT_LAZY/4349@19, type = -999
08-30 15:11:06.447  3927  3954 I HYPER-HAL: [RequestManager.cpp]acquire(): Acquired ID : 9537546  [4349 / 18]    HINT : AMS_RESUME_TAIL    list :
08-30 15:11:06.447  3927  3954 E HYPER-HAL: [HandlerSysfs.cpp]doResourceHandling(): Couldn't Open Sysfs - /sys/power/cstate_control
08-30 15:11:06.447  3927  3954 I HYPER-HAL: [ResourceManager.cpp]updateResource(): [CPUMinFreq] UpdateResource Request ID : 9537546    Value : 1560000
08-30 15:11:06.447  5589  5589 E pageboostd: Received HALT command code 2
08-30 15:11:06.447  3927  3954 I HYPER-HAL: [RequestManager.cpp]acquire(): Acquired ID : 9541915  [4349 / 19]    HINT :      list :
08-30 15:11:06.447  3927  3954 E HYPER-HAL: [Request.cpp]acquire(): Request:: id : 9541915, No Resource to set
08-30 15:11:06.448  3927  3954 E HYPER-HAL: [HandlerSysfs.cpp]doResourceHandling(): Couldn't Open Sysfs - /sys/power/cstate_control
08-30 15:11:06.448  3927  3954 I HYPER-HAL: [ResourceManager.cpp]removeResource(): [CPUMinFreq] RemoveResource Request ID : 9528811
08-30 15:11:06.448  3927  3954 I HYPER-HAL: [RequestManager.cpp]releaseLocked(): Released ID : 9528811
08-30 15:11:06.453 23627 23627 I SurfaceControl: nativeRelease nativeObject s[476571788512]
08-30 15:11:06.453 23627 23627 I SurfaceControl: nativeRelease nativeObject e[476571788512]
08-30 15:11:06.454 23627 23627 I SurfaceControl: nativeRelease nativeObject s[478247330656]
08-30 15:11:06.454 23627 23627 I SurfaceControl: nativeRelease nativeObject e[478247330656]
08-30 15:11:06.454 23627 23627 I SurfaceControl: nativeRelease nativeObject s[478247330560]
08-30 15:11:06.454 23627 23627 I SurfaceControl: nativeRelease nativeObject e[478247330560]
08-30 15:11:06.454  3976  4002 I SurfaceFlinger: id=37925 Removed Surface(name=b07ecc5 NavigationBar0)/@0xa8376fc - animation-leash#1 (88)
08-30 15:11:06.454  3976  4002 I SurfaceFlinger: id=37924 Removed Surface(name=1096c8d StatusBar)/@0xeaf4dd0 - animation-leash#0 (88)
08-30 15:11:06.457  3976  3976 I Layer   : id=37924[1] Destroyed Surface(name=1096c8d StatusBar)/@0xeaf4dd0 - animation-leash#0
08-30 15:11:06.457  3976  3976 I Layer   : id=37925[1] Destroyed Surface(name=b07ecc5 NavigationBar0)/@0xa8376fc - animation-leash#1
08-30 15:11:06.459  4349  7290 I InputDispatcher: Focus entered window (23627): 276e9 u in display 0 0
08-30 15:11:06.464  3976  3976 D SurfaceFlinger: Display 0 HWC layers:
08-30 15:11:06.464  3976  3976 D SurfaceFlinger:      DEVICE | 0x75743a7240 | 0002 | RGBA_8888    |    0.0    0.0  720.0 1560.0 |    0    0  720 1560 | com.example.dogglers/androidx.test.c[...]tivityInvoker$EmptyActivity$_23627#0
08-30 15:11:06.464  3976  3976 D SurfaceFlinger:      DEVICE | 0x74f0414e40 | 0000 | RGBA_8888    |    0.0    0.0  720.0   53.0 |    0    0  720   53 | StatusBar$_4708#0
08-30 15:11:06.464  3976  3976 D SurfaceFlinger:      DEVICE | 0x74d157fa00 | 0000 | RGBA_8888    |    0.0    0.0   67.0  232.0 |  653  151  720  383 | com.samsung.android.app.cocktailbars[...]rservice.CocktailBarService$_14146#0
08-30 15:11:06.464  3976  3976 D SurfaceFlinger:      DEVICE | 0x75743a7380 | 0000 | RGBA_8888    |    0.0    0.0  720.0   84.0 |    0 1476  720 1560 | NavigationBar0$_4708#0
08-30 15:11:06.464  3976  3976 D SurfaceFlinger:      DEVICE | 0x74f0413e00 | 0000 | RGBA_8888    |    0.0    0.0  720.0  101.0 |    0    0  720  101 | ScreenDecorOverlay$_4708#0
08-30 15:11:06.464  3976  3976 D SurfaceFlinger:      DEVICE | 0x75743a7b00 | 0000 | RGBA_8888    |    0.0    0.0  720.0  101.0 |    0 1459  720 1560 | ScreenDecorOverlayBottom$_4708#0
08-30 15:11:06.464  3976  3976 D SurfaceFlinger:
08-30 15:11:06.465  4349  6800 I SemDvfsHyPerManager: acquire hyper - AMS_ACT_START/4349@16, type = -999
08-30 15:11:06.465  3927  3954 I HYPER-HAL: [RequestManager.cpp]acquire(): Acquired ID : 9528811  [4349 / 16]    HINT : AMS_ACT_START    list :
08-30 15:11:06.465  3927  3954 E HYPER-HAL: [HandlerSysfs.cpp]doResourceHandling(): Couldn't Open Sysfs - /sys/power/cstate_control
08-30 15:11:06.466  3927  3954 I HYPER-HAL: [ResourceManager.cpp]updateResource(): [CPUMinFreq] UpdateResource Request ID : 9528811    Value : 1560000
08-30 15:11:06.466  3976  6075 I SurfaceFlinger: id=37933 createSurf (0x0),-1 flag=80004, ActivityRecord{251a807 u0 com.example.dogglers/androidx.test.core.app.InstrumentationActivityInvoker$EmptyActivity t1408}#0
08-30 15:11:06.477 23627 23627 I ViewRootImpl@c49555e[MainActivity]: stopped(true) old=false
08-30 15:11:06.479 23627 23627 I SurfaceControl: nativeRelease nativeObject s[478080201376]
08-30 15:11:06.479 23627 23627 I SurfaceControl: nativeRelease nativeObject e[478080201376]
08-30 15:11:06.480 23627 23627 D LifecycleMonitor: Lifecycle status change: com.example.dogglers.MainActivity@19dfc51 in: STOPPED
08-30 15:11:06.481 23627 23627 V ActivityScenario: Update currentActivityStage to STOPPED, currentActivity=com.example.dogglers.MainActivity@19dfc51
08-30 15:11:06.484 23627 23627 D LifecycleMonitor: Lifecycle status change: com.example.dogglers.MainActivity@19dfc51 in: DESTROYED
08-30 15:11:06.485 23627 23627 V ActivityScenario: Update currentActivityStage to DESTROYED, currentActivity=null
08-30 15:11:06.491  3976  6075 E BufferQueueProducer: [com.example.dogglers/com.example.dogglers.MainActivity$_23627#0](id:f8800003396,api:0,p:-1,c:3976) disconnect: not connected (req=1)
08-30 15:11:06.491 23627 23685 W libEGL  : EGLNativeWindowType 0x6f4fbf6010 disconnect failed
08-30 15:11:06.491 23627 23627 I ViewRootImpl@c49555e[MainActivity]: dispatchDetachedFromWindow
08-30 15:11:06.492  4349  6779 D InputTransport: Input channel destroyed: 'bdfa9f3', fd=714
08-30 15:11:06.492  4349  6779 I SurfaceControl: nativeRelease nativeObject s[478079924608]
08-30 15:11:06.492  4349  6779 I SurfaceControl: nativeRelease nativeObject e[478079924608]
08-30 15:11:06.492  4349  6779 D WindowManager: isScreenshotDisabledLocked - win: Window{bdfa9f3 u0 com.example.dogglers/com.example.dogglers.MainActivity}
08-30 15:11:06.492  4349  6779 D WindowManager: isScreenshotDisabledLocked: userId = 0, disabled =false
08-30 15:11:06.493  4349  6779 I SurfaceControl: nativeRelease nativeObject s[476016225344]
08-30 15:11:06.493  4349  6779 I SurfaceControl: nativeRelease nativeObject e[476016225344]
08-30 15:11:06.493  3976  6075 I SurfaceFlinger: id=37934 createSurf (0x0),-1 flag=24004, Surface(name=749d536 InputMethod)/@0x72f94d3 - animation-leash#0
08-30 15:11:06.494  4349  6779 I SurfaceControl: nativeRelease nativeObject s[478079924704]
08-30 15:11:06.494  4349  6779 I SurfaceControl: nativeRelease nativeObject e[478079924704]
08-30 15:11:06.494  3976  6075 I Layer   : id=37923 removeFromCurrentState com.example.dogglers/com.example.dogglers.MainActivity$_23627#0 (88)
08-30 15:11:06.495  3976  6075 I SurfaceFlinger: id=37923 Removed com.example.dogglers/com.example.dogglers.MainActivity$_23627#0 (88)
08-30 15:11:06.497  3976  6075 I Layer   : id=37922 removeFromCurrentState bdfa9f3 com.example.dogglers/com.example.dogglers.MainActivity#0 (88)
08-30 15:11:06.497  3976  6075 I Layer   : id=37927 removeFromCurrentState Surface(name=749d536 InputMethod)/@0x72f94d3 - animation-leash#1 (88)
08-30 15:11:06.497  3976  6075 I SurfaceFlinger: id=37922 Removed bdfa9f3 com.example.dogglers/com.example.dogglers.MainActivity#0 (88)
08-30 15:11:06.499 23627 23627 D InputTransport: Input channel destroyed: 'bdfa9f3', fd=81
08-30 15:11:06.500  4349  7290 I SurfaceControl: nativeRelease nativeObject s[478079925568]
08-30 15:11:06.500  4349  7290 I SurfaceControl: nativeRelease nativeObject e[478079925568]
08-30 15:11:06.507  3976  3976 I Layer   : id=37922[1] Destroyed bdfa9f3 com.example.dogglers/com.example.dogglers.MainActivity#0
08-30 15:11:06.507 23627 23627 D LifecycleMonitor: Lifecycle status change: androidx.test.core.app.InstrumentationActivityInvoker$EmptyActivity@e0d371f in: PAUSED
08-30 15:11:06.507  3976  3976 I Layer   : id=37923[1] Destroyed com.example.dogglers/com.example.dogglers.MainActivity$_23627#0
08-30 15:11:06.508  3976  6075 I Layer   : id=37921 removeFromCurrentState ActivityRecord{192906f u0 com.example.dogglers/.MainActivity t1408}#0 (86)
08-30 15:11:06.508 23627 23627 V ActivityScenario: Activity lifecycle changed event received but ignored because the intent does not match. startActivityIntent=Intent { act=android.intent.action.MAIN cat=[android.intent.category.LAUNCHER] cmp=com.example.dogglers/.MainActivity }, activity.getIntent()=Intent { act=android.intent.action.MAIN cat=[android.intent.category.LAUNCHER] flg=0x10000000 cmp=com.example.dogglers/androidx.test.core.app.InstrumentationActivityInvoker$EmptyActivity }, activity=androidx.test.core.app.InstrumentationActivityInvoker$EmptyActivity@e0d371f
08-30 15:11:06.508  3976  6075 I SurfaceFlinger: id=37921 Removed ActivityRecord{192906f u0 com.example.dogglers/.MainActivity t1408}#0 (86)
08-30 15:11:06.512  4349  6779 V WindowOrientationListener: getProposedRotation: -1
08-30 15:11:06.512  4349  6779 V WindowOrientationListener: getProposedRotation: -1
08-30 15:11:06.513  4349  6779 V WindowOrientationListener: getProposedRotation: -1
08-30 15:11:06.515  4349  6779 D InputDispatcher: Focused application set to (0): 251a807
08-30 15:11:06.523 23627 23627 I ViewRootImpl@dd07158[InstrumentationActivityInvoker$EmptyActivity]: MSG_WINDOW_FOCUS_CHANGED 1 1
08-30 15:11:06.524  3976  3976 I Layer   : id=37921[1] Destroyed ActivityRecord{192906f u0 com.example.dogglers/.MainActivity t1408}#0
08-30 15:11:06.524 23627 23627 D InputMethodManager: prepareNavigationBarInfo() DecorView@a0e5835[InstrumentationActivityInvoker$EmptyActivity]
08-30 15:11:06.524 23627 23627 D InputMethodManager: getNavigationBarColor() -16711423
08-30 15:11:06.525 23627 23627 D InputMethodManager: prepareNavigationBarInfo() DecorView@a0e5835[InstrumentationActivityInvoker$EmptyActivity]
08-30 15:11:06.525 23627 23627 D InputMethodManager: getNavigationBarColor() -16711423
08-30 15:11:06.525 23627 23627 V InputMethodManager: Starting input: tba=com.example.dogglers ic=null mNaviBarColor -16711423 mIsGetNaviBarColorSuccess true , NavVisible : true , NavTrans : false
08-30 15:11:06.525 23627 23627 D InputMethodManager: startInputInner - Id : 0
08-30 15:11:06.525 23627 23627 I InputMethodManager: startInputInner - mService.startInputOrWindowGainedFocus
08-30 15:11:06.526  4349  7290 D InputMethodManagerService: mSecureKeypadEnabled = false
08-30 15:11:06.526  4349  7290 V InputMethodManagerService: hideCurrentInputLocked : shouldHideSoftInput is false
08-30 15:11:06.526  4349  7290 D InputMethodManagerService: mDesktopModeManager null!
08-30 15:11:06.527  4349  7290 V InputMethodManagerService: getDisplayIdOfInputMethodWindowToBeAdded : 0
08-30 15:11:06.527  4349  7290 D InputMethodManagerService: checkDisplayOfStartInputAndUpdateKeyboard display Id 0last 0
08-30 15:11:06.527  4349  7290 D InputTransport: Input channel constructed: 'ClientS', fd=714
08-30 15:11:06.527  4349  7290 D InputTransport: Input channel destroyed: 'ClientS', fd=714
08-30 15:11:06.527 23627 23627 D InputTransport: Input channel constructed: 'ClientS', fd=81
08-30 15:11:06.528 23627 23627 D InputTransport: Input channel destroyed: 'ClientS', fd=85
08-30 15:11:06.528  4349  7290 I SurfaceControl: nativeRelease nativeObject s[476017199936]
08-30 15:11:06.528  4349  7290 I SurfaceControl: nativeRelease nativeObject e[476017199936]
08-30 15:11:06.529  3976  6075 I SurfaceFlinger: id=37935 createSurf (0x0),-1 flag=24004, Surface(name=749d536 InputMethod)/@0x72f94d3 - animation-leash#1
08-30 15:11:06.530  7475  7475 I HBD     : HoneyBoardService onFinishInput
08-30 15:11:06.530  7475  7475 I HBD     : a IC have been unbinded,  InputConnectionWrapper{idHash=#d77f712 mMissingMethods=}
08-30 15:11:06.530  7475  7475 I HBD     : HoneyBoardService [PF_CL][onFinishInput]  332692 ns
08-30 15:11:06.530  7475  7475 I HBD     : HoneyBoardService [IMI] onStartInput - caller pid : 23627 , caller uid : 10429
08-30 15:11:06.531  7475  7475 I HBD     : i updateConfigs
08-30 15:11:06.531  7475  7475 I HBD     : i isEnabledNightMode : true
08-30 15:11:06.531  7475  7475 I HBD     : a IC have been binded, InputConnectionWrapper{idHash=#d77f712 mMissingMethods=}
08-30 15:11:06.531  7475  7475 I HBD     : h [EditorInputType]setPrivateImeOptionsToTable privateImeOptions ( null )
08-30 15:11:06.531  7475  7475 I HBD     : b incognitoMode : false
08-30 15:11:06.531  7475  7475 I HBD     : a needOff = true , isForceOff = false, isNullInputClass : true
08-30 15:11:06.531  7475  7475 I HBD     : h getDefaultInputRange : UNKNOWN
08-30 15:11:06.532  7475  7475 I HBD     : h getDefaultInputRange : UNKNOWN
08-30 15:11:06.532  7475  7475 I HBD     : h getDefaultInputRange : UNKNOWN
08-30 15:11:06.532  4349  4371 I SemPersonaManager: SecureFolder personaId = 150
08-30 15:11:06.533  4349  6779 D SdpManagerService: Not an enterprise user : 0
08-30 15:11:06.533  4349  6779 D SdpManagerService: Not an enterprise user : 0
08-30 15:11:06.534  7475  7475 I HBD     : h getDefaultInputRange : UNKNOWN
08-30 15:11:06.534  7475  7475 I HBD     : a currentState : 0
08-30 15:11:06.535  7475  7475 I HBD     : h load selected json info : {"version":"1.0","currentLanguageOrder":2,"selected":[{"activeOptionList":["auto_replace","spell_check","auto_spacing"],"engName":"Russian","id":3342336,"inputType":"qwerty","isUsed":true},{"activeOptionList":["auto_replace","spell_check","auto_spacing"],"engName":"English","id":65537,"inputType":"qwerty","isUsed":true},{"activeOptionList":["auto_replace","spell_check","auto_spacing"],"engName":"Ukrainian","id":4456448,"inputType":"qwerty","isUsed":true}]}
08-30 15:11:06.536  7475  7475 I HBD     : a [UpdatePolicy] [post] a: 0 cl: 4456448 kit: [0/0] vt: 0 ir: 1
08-30 15:11:06.537  7475  7475 I HBD     : HoneyBoardService [PF_OP][onStartInput]  6554615 ns
08-30 15:11:06.537 23627 23627 D LifecycleMonitor: Lifecycle status change: androidx.test.core.app.InstrumentationActivityInvoker$BootstrapActivity@7b5606 in: DESTROYED
08-30 15:11:06.538 23627 23627 V ActivityScenario: Activity lifecycle changed event received but ignored because the intent does not match. startActivityIntent=Intent { act=android.intent.action.MAIN cat=[android.intent.category.LAUNCHER] cmp=com.example.dogglers/.MainActivity }, activity.getIntent()=Intent { act=android.intent.action.MAIN cat=[android.intent.category.LAUNCHER] flg=0x10008000 cmp=com.example.dogglers/androidx.test.core.app.InstrumentationActivityInvoker$BootstrapActivity (has extras) }, activity=androidx.test.core.app.InstrumentationActivityInvoker$BootstrapActivity@7b5606
08-30 15:11:06.540  4349  6779 I SurfaceControl: nativeRelease nativeObject s[478169918496]
08-30 15:11:06.540  4349  6779 I SurfaceControl: nativeRelease nativeObject e[478169918496]
08-30 15:11:06.541  4349  6800 I InputDispatcher: Focus left window (23627): 276e9 u in display 0 0
08-30 15:11:06.544  3976  6075 I Layer   : id=37934 removeFromCurrentState Surface(name=749d536 InputMethod)/@0x72f94d3 - animation-leash#0 (86)
08-30 15:11:06.544  3976  6075 I Layer   : id=37914 removeFromCurrentState ActivityRecord{7ee246e u0 com.example.dogglers/androidx.test.core.app.InstrumentationActivityInvoker$BootstrapActivity t1408}#0 (86)
08-30 15:11:06.544  3976  6075 I SurfaceFlinger: id=37914 Removed ActivityRecord{7ee246e u0 com.example.dogglers/androidx.test.core.app.InstrumentationActivityInvoker$BootstrapActivity t1408}#0 (86)
08-30 15:11:06.551 23627 23627 D LifecycleMonitor: Lifecycle status change: androidx.test.core.app.InstrumentationActivityInvoker$EmptyActivity@7b721b3 in: PRE_ON_CREATE
08-30 15:11:06.552 23627 23627 V ActivityScenario: Activity lifecycle changed event received but ignored because the intent does not match. startActivityIntent=Intent { act=android.intent.action.MAIN cat=[android.intent.category.LAUNCHER] cmp=com.example.dogglers/.MainActivity }, activity.getIntent()=Intent { act=android.intent.action.MAIN cat=[android.intent.category.LAUNCHER] flg=0x10000000 cmp=com.example.dogglers/androidx.test.core.app.InstrumentationActivityInvoker$EmptyActivity }, activity=androidx.test.core.app.InstrumentationActivityInvoker$EmptyActivity@7b721b3
08-30 15:11:06.557  3976  3976 I Layer   : id=37914[1] Destroyed ActivityRecord{7ee246e u0 com.example.dogglers/androidx.test.core.app.InstrumentationActivityInvoker$BootstrapActivity t1408}#0
08-30 15:11:06.578  4349  4371 D EnterpriseDeviceManagerService: isMdmAdminPresentInternal() : MDM Admin Found - com.samsung.knox.securefolder
08-30 15:11:06.594 23627 23627 I DecorView: [INFO] isPopOver=false, config=true
08-30 15:11:06.594 23627 23627 I DecorView: updateCaptionType >> DecorView@18496e9[], isFloating=false, isApplication=true, hasWindowDecorCaption=false, hasWindowControllerCallback=true
08-30 15:11:06.595 23627 23627 D DecorView: setCaptionType = 0, this = DecorView@18496e9[]
08-30 15:11:06.601 23627 23627 D LifecycleMonitor: Lifecycle status change: androidx.test.core.app.InstrumentationActivityInvoker$EmptyActivity@7b721b3 in: CREATED
08-30 15:11:06.602 23627 23627 V ActivityScenario: Activity lifecycle changed event received but ignored because the intent does not match. startActivityIntent=Intent { act=android.intent.action.MAIN cat=[android.intent.category.LAUNCHER] cmp=com.example.dogglers/.MainActivity }, activity.getIntent()=Intent { act=android.intent.action.MAIN cat=[android.intent.category.LAUNCHER] flg=0x10000000 cmp=com.example.dogglers/androidx.test.core.app.InstrumentationActivityInvoker$EmptyActivity }, activity=androidx.test.core.app.InstrumentationActivityInvoker$EmptyActivity@7b721b3
08-30 15:11:06.606 23627 23627 D LifecycleMonitor: Lifecycle status change: androidx.test.core.app.InstrumentationActivityInvoker$EmptyActivity@7b721b3 in: STARTED
08-30 15:11:06.607 23627 23627 V ActivityScenario: Activity lifecycle changed event received but ignored because the intent does not match. startActivityIntent=Intent { act=android.intent.action.MAIN cat=[android.intent.category.LAUNCHER] cmp=com.example.dogglers/.MainActivity }, activity.getIntent()=Intent { act=android.intent.action.MAIN cat=[android.intent.category.LAUNCHER] flg=0x10000000 cmp=com.example.dogglers/androidx.test.core.app.InstrumentationActivityInvoker$EmptyActivity }, activity=androidx.test.core.app.InstrumentationActivityInvoker$EmptyActivity@7b721b3
08-30 15:11:06.607 12736 12736 I dnxg    : onStop
08-30 15:11:06.614 23627 23627 D LifecycleMonitor: Lifecycle status change: androidx.test.core.app.InstrumentationActivityInvoker$EmptyActivity@7b721b3 in: RESUMED
08-30 15:11:06.615 23627 23627 V ActivityScenario: Activity lifecycle changed event received but ignored because the intent does not match. startActivityIntent=Intent { act=android.intent.action.MAIN cat=[android.intent.category.LAUNCHER] cmp=com.example.dogglers/.MainActivity }, activity.getIntent()=Intent { act=android.intent.action.MAIN cat=[android.intent.category.LAUNCHER] flg=0x10000000 cmp=com.example.dogglers/androidx.test.core.app.InstrumentationActivityInvoker$EmptyActivity }, activity=androidx.test.core.app.InstrumentationActivityInvoker$EmptyActivity@7b721b3
08-30 15:11:06.620  4349  6779 D InputTransport: Input channel constructed: 'bfd52fc', fd=716
08-30 15:11:06.621  4349  6779 D InputTransport: Input channel constructed: 'bfd52fc', fd=720
08-30 15:11:06.622  3976  6075 I SurfaceFlinger: id=37936 createSurf (0x0),-1 flag=80004, bfd52fc com.example.dogglers/androidx.test.core.app.InstrumentationActivityInvoker$EmptyActivity#0
08-30 15:11:06.622  4349  6779 D WindowManager: isScreenshotDisabledLocked - win: Window{bfd52fc u0 com.example.dogglers/androidx.test.core.app.InstrumentationActivityInvoker$EmptyActivity}
08-30 15:11:06.622  4349  6779 D WindowManager: isScreenshotDisabledLocked: userId = 0, disabled =false
08-30 15:11:06.623  4349  6779 D InputTransport: Input channel destroyed: 'bfd52fc', fd=720
08-30 15:11:06.623 23627 23627 D InputTransport: Input channel constructed: 'bfd52fc', fd=85
08-30 15:11:06.626 23627 23627 I ViewRootImpl@85af69c[InstrumentationActivityInvoker$EmptyActivity]: setView = com.android.internal.policy.DecorView@18496e9 TM=true
08-30 15:11:06.629  4349  7290 D SamsungIMMSHWKeyboard: isConnectedDexOnPC false
08-30 15:11:06.629  4349  7290 D InputMethodManagerService: isImeSwitcherDisabledPackage : false
08-30 15:11:06.630 23627 23627 I SurfaceControl: nativeRelease nativeObject s[476571788704]
08-30 15:11:06.630 23627 23627 I SurfaceControl: nativeRelease nativeObject e[476571788704]
08-30 15:11:06.630 23627 23627 I SurfaceControl: nativeRelease nativeObject s[476571788608]
08-30 15:11:06.630 23627 23627 I SurfaceControl: nativeRelease nativeObject e[476571788608]
08-30 15:11:06.637  4349  6779 V WindowManager: Relayout Window{bfd52fc u0 com.example.dogglers/androidx.test.core.app.InstrumentationActivityInvoker$EmptyActivity}: viewVisibility=0 req=720x1560
08-30 15:11:06.639  4349  6779 D WindowManager: isScreenshotDisabledLocked - win: Window{bfd52fc u0 com.example.dogglers/androidx.test.core.app.InstrumentationActivityInvoker$EmptyActivity}
08-30 15:11:06.639  4349  6779 D WindowManager: isScreenshotDisabledLocked: userId = 0, disabled =false
08-30 15:11:06.640  3976  6075 I SurfaceFlinger: id=37937 createSurf (720x1560),1 flag=404, com.example.dogglers/androidx.test.core.app.InstrumentationActivityInvoker$EmptyActivity$_23627#1
08-30 15:11:06.643  4349  6779 I SurfaceControl: nativeRelease nativeObject s[476017201760]
08-30 15:11:06.643  4349  6779 I SurfaceControl: nativeRelease nativeObject e[476017201760]
08-30 15:11:06.643 14146 14146 I TrayStateController: systemUiVisibilityChanged : 0 0
08-30 15:11:06.643  3976  6075 I SurfaceFlinger: id=37938 createSurf (0x0),-1 flag=24000, Surface(name=1096c8d StatusBar)/@0xeaf4dd0 - animation-leash#0
08-30 15:11:06.644  4349  6779 I SurfaceControl: nativeRelease nativeObject s[476016220256]
08-30 15:11:06.644  4349  6779 I SurfaceControl: nativeRelease nativeObject e[476016220256]
08-30 15:11:06.644  3976  6075 I SurfaceFlinger: id=37939 createSurf (0x0),-1 flag=24000, Surface(name=b07ecc5 NavigationBar0)/@0xa8376fc - animation-leash#1
08-30 15:11:06.646  4349  6779 V WindowManager: Relayout hash=bfd52fc, pid=23627: mAttrs={(0,0)(fillxfill) sim={adjust=pan forwardNavigation} ty=BASE_APPLICATION wanim=0x1030001
08-30 15:11:06.646  4349  6779 V WindowManager:   fl=1810100
08-30 15:11:06.646  4349  6779 V WindowManager:   pfl=12020000
08-30 15:11:06.646  4349  6779 V WindowManager:   fitSides= naviIconColor=0}
08-30 15:11:06.646  4349  6779 I SurfaceControl: nativeRelease nativeObject s[476016224096]
08-30 15:11:06.646  4349  6779 I SurfaceControl: nativeRelease nativeObject e[476016224096]
08-30 15:11:06.648  3976  6075 I Layer   : id=37932 removeFromCurrentState Surface(name=b07ecc5 NavigationBar0)/@0xa8376fc - animation-leash#0 (89)
08-30 15:11:06.648  3976  6075 I Layer   : id=25 removeFromCurrentState b07ecc5 NavigationBar0#0 (89)
08-30 15:11:06.648  3976  6075 I Layer   : id=32 removeFromCurrentState NavigationBar0$_4708#0 (89)
08-30 15:11:06.648  3976  6075 I Layer   : id=37931 removeFromCurrentState Surface(name=1096c8d StatusBar)/@0xeaf4dd0 - animation-leash#1 (89)
08-30 15:11:06.648  3976  6075 I Layer   : id=25 addToCurrentState b07ecc5 NavigationBar0#0 (89)
08-30 15:11:06.648  3976  6075 I Layer   : id=32 addToCurrentState NavigationBar0$_4708#0 (89)
08-30 15:11:06.649 23627 23627 I SurfaceControl: assignNativeObject: nativeObject = 0 Surface(name=null)/@0xe86b8a5 / android.view.SurfaceControl.readFromParcel:1117 android.view.IWindowSession$Stub$Proxy.relayout:1836 android.view.ViewRootImpl.relayoutWindow:9005 android.view.ViewRootImpl.performTraversals:3360 android.view.ViewRootImpl.doTraversal:2618 android.view.ViewRootImpl$TraversalRunnable.run:9971 android.view.Choreographer$CallbackRecord.run:1010 android.view.Choreographer.doCallbacks:809 android.view.Choreographer.doFrame:744 android.view.Choreographer$FrameDisplayEventReceiver.run:995
08-30 15:11:06.651 23627 23627 I ViewRootImpl@85af69c[InstrumentationActivityInvoker$EmptyActivity]: Relayout returned: old=(0,0,720,1560) new=(0,0,720,1560) req=(720,1560)0 dur=13 res=0x7 s={true 478058852352} ch=true fn=-1
08-30 15:11:06.654  3899 10978 D gralloc : [mali_gralloc_allocate] begin
08-30 15:11:06.654  3899 10978 D gralloc : buffer_descriptor: wh(720 1560) usage_pc(0x40000000000b00 0x40000000000b00) hal_format(0x1) layer_count(1) sizes(0 0 0) strde(0) byte_stride(0) alloc_wh(0 0) internal_format(0x0) alloc_format(0x0) fd_count(1) plane_count(0)
08-30 15:11:06.655  3899 10978 D gralloc : [mali_gralloc_allocate] allocation successful
08-30 15:11:06.655 23627 23627 I ViewRootImpl@85af69c[InstrumentationActivityInvoker$EmptyActivity]: [DP] dp(1) 1 android.view.ViewRootImpl.reportNextDraw:10957 android.view.ViewRootImpl.performTraversals:3845 android.view.ViewRootImpl.doTraversal:2618
08-30 15:11:06.655 23627 23627 I ViewRootImpl@85af69c[InstrumentationActivityInvoker$EmptyActivity]: [DP] pd() Asnyc report
08-30 15:11:06.656  3899 10978 D gralloc : [mali_gralloc_allocate] begin
08-30 15:11:06.656  3899 10978 D gralloc : buffer_descriptor: wh(720 1560) usage_pc(0x40000000000b00 0x40000000000b00) hal_format(0x1) layer_count(1) sizes(0 0 0) strde(0) byte_stride(0) alloc_wh(0 0) internal_format(0x0) alloc_format(0x0) fd_count(1) plane_count(0)
08-30 15:11:06.659  3899 10978 D gralloc : [mali_gralloc_allocate] allocation successful
08-30 15:11:06.660  3899 10978 D gralloc : [mali_gralloc_allocate] begin
08-30 15:11:06.660  3899 10978 D gralloc : buffer_descriptor: wh(720 1560) usage_pc(0x40000000000b00 0x40000000000b00) hal_format(0x1) layer_count(1) sizes(0 0 0) strde(0) byte_stride(0) alloc_wh(0 0) internal_format(0x0) alloc_format(0x0) fd_count(1) plane_count(0)
08-30 15:11:06.663 23627 23627 I ViewRootImpl@85af69c[InstrumentationActivityInvoker$EmptyActivity]: [DP] pdf(0) 1 android.view.ViewRootImpl.lambda$performDraw$1$ViewRootImpl:4668 android.view.-$$Lambda$ViewRootImpl$DJd0VUYJgsebcnSohO6h8zc_ONI.run:6 android.os.Handler.handleCallback:938
08-30 15:11:06.663 23627 23627 I ViewRootImpl@85af69c[InstrumentationActivityInvoker$EmptyActivity]: [DP] rdf()
08-30 15:11:06.665  3899 10978 D gralloc : [mali_gralloc_allocate] allocation successful
08-30 15:11:06.666 23627 23627 I ViewRootImpl@dd07158[InstrumentationActivityInvoker$EmptyActivity]: MSG_WINDOW_FOCUS_CHANGED 0 1
08-30 15:11:06.668  4349  4372 D PkgPredictorService: pkg:com.example.dogglers activity:androidx.test.core.app.InstrumentationActivityInvoker$EmptyActivity thisTime:206
08-30 15:11:06.669  4349  4372 I SemDvfsHyPerManager: acquire hyper - AMS_RESUME_TAIL/4349@18, type = -999
08-30 15:11:06.669  4349  4376 I ActivityTaskManager: Displayed com.example.dogglers/androidx.test.core.app.InstrumentationActivityInvoker$EmptyActivity: +206ms
08-30 15:11:06.669  4349  4372 I SemDvfsHyPerManager: acquire hyper - AMS_ACT_LAZY/4349@19, type = -999
08-30 15:11:06.669  3927  3954 I HYPER-HAL: [RequestManager.cpp]acquire(): Acquired ID : 9537546  [4349 / 18]    HINT : AMS_RESUME_TAIL    list :
08-30 15:11:06.670  3927  3954 E HYPER-HAL: [HandlerSysfs.cpp]doResourceHandling(): Couldn't Open Sysfs - /sys/power/cstate_control
08-30 15:11:06.670  3927  3954 I HYPER-HAL: [ResourceManager.cpp]updateResource(): [CPUMinFreq] UpdateResource Request ID : 9537546    Value : 1560000
08-30 15:11:06.670  3927  3954 I HYPER-HAL: [RequestManager.cpp]acquire(): Acquired ID : 9541915  [4349 / 19]    HINT :      list :
08-30 15:11:06.670  5589  5589 E pageboostd: Received HALT command code 2
08-30 15:11:06.670  3927  3954 E HYPER-HAL: [Request.cpp]acquire(): Request:: id : 9541915, No Resource to set
08-30 15:11:06.670  3927  3954 E HYPER-HAL: [HandlerSysfs.cpp]doResourceHandling(): Couldn't Open Sysfs - /sys/power/cstate_control
08-30 15:11:06.671  3927  3954 I HYPER-HAL: [ResourceManager.cpp]removeResource(): [CPUMinFreq] RemoveResource Request ID : 9528811
08-30 15:11:06.671  3927  3954 I HYPER-HAL: [RequestManager.cpp]releaseLocked(): Released ID : 9528811
08-30 15:11:06.675 23627 23627 I SurfaceControl: nativeRelease nativeObject s[478169917440]
08-30 15:11:06.675 23627 23627 I SurfaceControl: nativeRelease nativeObject e[478169917440]
08-30 15:11:06.675  4349  7290 I InputDispatcher: Focus entered window (23627): bfd52fc in display 0 0
08-30 15:11:06.675 23627 23627 I SurfaceControl: nativeRelease nativeObject s[478169917344]
08-30 15:11:06.675 23627 23627 I SurfaceControl: nativeRelease nativeObject e[478169917344]
08-30 15:11:06.675 23627 23627 I SurfaceControl: nativeRelease nativeObject s[478169917056]
08-30 15:11:06.675 23627 23627 I SurfaceControl: nativeRelease nativeObject e[478169917056]
08-30 15:11:06.675  3976  4318 I SurfaceFlinger: id=37932 Removed Surface(name=b07ecc5 NavigationBar0)/@0xa8376fc - animation-leash#0 (89)
08-30 15:11:06.676  3976  4318 I SurfaceFlinger: id=37931 Removed Surface(name=1096c8d StatusBar)/@0xeaf4dd0 - animation-leash#1 (89)
08-30 15:11:06.679  3976  3976 D SurfaceFlinger: Display 0 HWC layers:
08-30 15:11:06.679  3976  3976 D SurfaceFlinger:      DEVICE | 0x75743a5e40 | 0002 | RGBA_8888    |    0.0    0.0  720.0 1560.0 |    0    0  720 1560 | com.example.dogglers/androidx.test.c[...]tivityInvoker$EmptyActivity$_23627#1
08-30 15:11:06.679  3976  3976 D SurfaceFlinger:      DEVICE | 0x74f0414e40 | 0000 | RGBA_8888    |    0.0    0.0  720.0   53.0 |    0    0  720   53 | StatusBar$_4708#0
08-30 15:11:06.679  3976  3976 D SurfaceFlinger:      DEVICE | 0x74d157fa00 | 0000 | RGBA_8888    |    0.0    0.0   67.0  232.0 |  653  151  720  383 | com.samsung.android.app.cocktailbars[...]rservice.CocktailBarService$_14146#0
