08-30 15:11:13.061  4349  4358 I system_server: Background young concurrent copying GC freed 249358(14MB) AllocSpace objects, 276(5956KB) LOS objects, 16% free, 103MB/123MB, paused 546us total 186.473ms
08-30 15:11:13.061  4349  7427 V WindowManager: Relayout Window{608d0ee u0 com.example.dogglers/com.example.dogglers.MainActivity}: viewVisibility=8 req=720x1560
08-30 15:11:13.065  4349  7427 V WindowManager: Relayout hash=608d0ee, pid=23627: mAttrs={(0,0)(fillxfill) sim={adjust=pan forwardNavigation} ty=BASE_APPLICATION wanim=0x1030304
08-30 15:11:13.065  4349  7427 V WindowManager:   fl=81810100
08-30 15:11:13.065  4349  7427 V WindowManager:   pfl=12020000
08-30 15:11:13.065  4349  7427 V WindowManager:   fitSides= naviIconColor=0}
08-30 15:11:13.066 23627 23627 I SurfaceControl: nativeRelease nativeObject s[478061396768]
08-30 15:11:13.066 23627 23627 I SurfaceControl: nativeRelease nativeObject e[478061396768]
08-30 15:11:13.067 23627 23627 I SurfaceControl: assignNativeObject: nativeObject = 0 Surface(name=null)/@0x44ec4e0 / android.view.SurfaceControl.readFromParcel:1117 android.view.IWindowSession$Stub$Proxy.relayout:1826 android.view.ViewRootImpl.relayoutWindow:9005 android.view.ViewRootImpl.performTraversals:3360 android.view.ViewRootImpl.doTraversal:2618 android.view.ViewRootImpl$TraversalRunnable.run:9971 android.view.Choreographer$CallbackRecord.run:1010 android.view.Choreographer.doCallbacks:809 android.view.Choreographer.doFrame:744 android.view.Choreographer$FrameDisplayEventReceiver.run:995
08-30 15:11:13.067 23627 23627 I SurfaceControl: assignNativeObject: nativeObject = 0 Surface(name=null)/@0xb60c989 / android.view.SurfaceControl.readFromParcel:1117 android.view.IWindowSession$Stub$Proxy.relayout:1836 android.view.ViewRootImpl.relayoutWindow:9005 android.view.ViewRootImpl.performTraversals:3360 android.view.ViewRootImpl.doTraversal:2618 android.view.ViewRootImpl$TraversalRunnable.run:9971 android.view.Choreographer$CallbackRecord.run:1010 android.view.Choreographer.doCallbacks:809 android.view.Choreographer.doFrame:744 android.view.Choreographer$FrameDisplayEventReceiver.run:995
08-30 15:11:13.068 23627 23627 I ViewRootImpl@117c678[MainActivity]: Relayout returned: old=(0,0,720,1560) new=(0,0,720,1560) req=(720,1560)8 dur=15 res=0x5 s={false 0} ch=true fn=27
08-30 15:11:13.070 23627 23627 I ViewRootImpl@117c678[MainActivity]: stopped(true) old=false
08-30 15:11:13.069  4349  4360 W System  : A resource failed to call release.
08-30 15:11:13.070  4349  4360 I SurfaceControl: nativeRelease nativeObject s[476008573440]
08-30 15:11:13.070  4349  4360 I SurfaceControl: nativeRelease nativeObject e[476008573440]
08-30 15:11:13.071 23627 23627 D LifecycleMonitor: Lifecycle status change: com.example.dogglers.MainActivity@9aa2607 in: STOPPED
08-30 15:11:13.071  4349  4360 W System  : A resource failed to call release.
08-30 15:11:13.071 23627 23627 V ActivityScenario: Update currentActivityStage to STOPPED, currentActivity=com.example.dogglers.MainActivity@9aa2607
08-30 15:11:13.071  4349  4360 I SurfaceControl: nativeRelease nativeObject s[476016220352]
08-30 15:11:13.071  4349  4360 I SurfaceControl: nativeRelease nativeObject e[476016220352]
08-30 15:11:13.071  3976  4002 I SurfaceFlinger: id=38054 Removed Surface(name=749d536 InputMethod)/@0x72f94d3 - animation-leash#1 (100)
08-30 15:11:13.071  4349  4360 W System  : A resource failed to call release.
08-30 15:11:13.072  4349  4360 I SurfaceControl: nativeRelease nativeObject s[476017199648]
08-30 15:11:13.072  4349  4360 I SurfaceControl: nativeRelease nativeObject e[476017199648]
08-30 15:11:13.072  3976  4318 I SurfaceFlinger: id=38049 Removed Surface(name=b07ecc5 NavigationBar0)/@0xa8376fc - animation-leash#0 (100)
08-30 15:11:13.072  4349  4360 W System  : A resource failed to call release.
08-30 15:11:13.072  4349  4360 I SurfaceControl: nativeRelease nativeObject s[476016219392]
08-30 15:11:13.072  4349  4360 I SurfaceControl: nativeRelease nativeObject e[476016219392]
08-30 15:11:13.072  3976  4318 I SurfaceFlinger: id=38048 Removed Surface(name=1096c8d StatusBar)/@0xeaf4dd0 - animation-leash#1 (100)
08-30 15:11:13.074 23627 23627 D LifecycleMonitor: Lifecycle status change: com.example.dogglers.MainActivity@9aa2607 in: DESTROYED
08-30 15:11:13.074 23627 23627 V ActivityScenario: Update currentActivityStage to DESTROYED, currentActivity=null
08-30 15:11:13.074  4349  4360 W System  : A resource failed to call release.
08-30 15:11:13.074  4349  4360 I SurfaceControl: nativeRelease nativeObject s[477996345504]
08-30 15:11:13.074  4349  4360 I SurfaceControl: nativeRelease nativeObject e[477996345504]
08-30 15:11:13.074  3976  4318 I SurfaceFlinger: id=38042 Removed Surface(name=749d536 InputMethod)/@0x72f94d3 - animation-leash#1 (100)
08-30 15:11:13.077 23627 23627 I ViewRootImpl@117c678[MainActivity]: dispatchDetachedFromWindow
08-30 15:11:13.078  4349  6800 D InputTransport: Input channel destroyed: '608d0ee', fd=782
08-30 15:11:13.078  4349  6800 I SurfaceControl: nativeRelease nativeObject s[476017203296]
08-30 15:11:13.078  4349  6800 I SurfaceControl: nativeRelease nativeObject e[476017203296]
08-30 15:11:13.078  4349  6800 D WindowManager: isScreenshotDisabledLocked - win: Window{608d0ee u0 com.example.dogglers/com.example.dogglers.MainActivity}
08-30 15:11:13.078  4349  6800 D WindowManager: isScreenshotDisabledLocked: userId = 0, disabled =false
08-30 15:11:13.079  4349  6800 I SurfaceControl: nativeRelease nativeObject s[476008574688]
08-30 15:11:13.079  4349  6800 I SurfaceControl: nativeRelease nativeObject e[476008574688]
08-30 15:11:13.079  3976  4318 I Layer   : id=38067 removeFromCurrentState com.example.dogglers/com.example.dogglers.MainActivity$_23627#0 (100)
08-30 15:11:13.080  3976  4318 I SurfaceFlinger: id=38067 Removed com.example.dogglers/com.example.dogglers.MainActivity$_23627#0 (100)
08-30 15:11:13.081  4349  4360 W System  : A resource failed to call end.
08-30 15:11:13.082  3976  4318 I Layer   : id=38066 removeFromCurrentState 608d0ee com.example.dogglers/com.example.dogglers.MainActivity#0 (100)
08-30 15:11:13.082  4349  4360 W System  : A resource failed to call release.
08-30 15:11:13.082  4349  4360 I SurfaceControl: nativeRelease nativeObject s[476021493312]
08-30 15:11:13.082  4349  4360 I SurfaceControl: nativeRelease nativeObject e[476021493312]
08-30 15:11:13.083  3976  4318 I SurfaceFlinger: id=38066 Removed 608d0ee com.example.dogglers/com.example.dogglers.MainActivity#0 (100)
08-30 15:11:13.083 23627 23627 D InputTransport: Input channel destroyed: '608d0ee', fd=81
08-30 15:11:13.085  4349  7427 I SurfaceControl: nativeRelease nativeObject s[476017811104]
08-30 15:11:13.085  4349  7427 I SurfaceControl: nativeRelease nativeObject e[476017811104]
08-30 15:11:13.085  4349  4360 W System  : A resource failed to call release.
08-30 15:11:13.085  4349  4360 I SurfaceControl: nativeRelease nativeObject s[476016225920]
08-30 15:11:13.085  4349  4360 I SurfaceControl: nativeRelease nativeObject e[476016225920]
08-30 15:11:13.085  3976  4318 I SurfaceFlinger: id=38001 Removed Surface(name=749d536 InputMethod)/@0x72f94d3 - animation-leash#1 (100)
08-30 15:11:13.085  4349  4360 W System  : A resource failed to call release.
08-30 15:11:13.085  4349  4360 I SurfaceControl: nativeRelease nativeObject s[478079924608]
08-30 15:11:13.085  4349  4360 I SurfaceControl: nativeRelease nativeObject e[478079924608]
08-30 15:11:13.085  3976  4318 I SurfaceFlinger: id=37997 Removed Surface(name=b07ecc5 NavigationBar0)/@0xa8376fc - animation-leash#1 (100)
08-30 15:11:13.086  4349  4360 W System  : A resource failed to call release.
08-30 15:11:13.086  4349  4360 I SurfaceControl: nativeRelease nativeObject s[476023396128]
08-30 15:11:13.086  4349  4360 I SurfaceControl: nativeRelease nativeObject e[476023396128]
08-30 15:11:13.086  3976  3976 I Layer   : id=38001[1] Destroyed Surface(name=749d536 InputMethod)/@0x72f94d3 - animation-leash#1
08-30 15:11:13.087  3976  3976 I Layer   : id=38048[1] Destroyed Surface(name=1096c8d StatusBar)/@0xeaf4dd0 - animation-leash#1
08-30 15:11:13.087  3976  3976 I Layer   : id=38049[1] Destroyed Surface(name=b07ecc5 NavigationBar0)/@0xa8376fc - animation-leash#0
08-30 15:11:13.087  3976  3976 I Layer   : id=38054[1] Destroyed Surface(name=749d536 InputMethod)/@0x72f94d3 - animation-leash#1
08-30 15:11:13.087  3976  3976 I Layer   : id=37997[1] Destroyed Surface(name=b07ecc5 NavigationBar0)/@0xa8376fc - animation-leash#1
08-30 15:11:13.087  3976  3976 I Layer   : id=38042[1] Destroyed Surface(name=749d536 InputMethod)/@0x72f94d3 - animation-leash#1
08-30 15:11:13.087  3976  3976 I Layer   : id=38066[1] Destroyed 608d0ee com.example.dogglers/com.example.dogglers.MainActivity#0
08-30 15:11:13.087  3976  3976 I Layer   : id=38067[1] Destroyed com.example.dogglers/com.example.dogglers.MainActivity$_23627#0
08-30 15:11:13.088  3976  4001 I SurfaceFlinger: id=37996 Removed Surface(name=1096c8d StatusBar)/@0xeaf4dd0 - animation-leash#0 (92)
08-30 15:11:13.089  3976  4318 I Layer   : id=38061 removeFromCurrentState ActivityRecord{b4ec953 u0 com.example.dogglers/.MainActivity t1411}#0 (92)
08-30 15:11:13.090  3976  4318 I SurfaceFlinger: id=38061 Removed ActivityRecord{b4ec953 u0 com.example.dogglers/.MainActivity t1411}#0 (92)
08-30 15:11:13.094 23627 23627 D LifecycleMonitor: Lifecycle status change: androidx.test.core.app.InstrumentationActivityInvoker$EmptyActivity@13a24c8 in: PAUSED
08-30 15:11:13.094 23627 23627 V ActivityScenario: Activity lifecycle changed event received but ignored because the intent does not match. startActivityIntent=Intent { act=android.intent.action.MAIN cat=[android.intent.category.LAUNCHER] cmp=com.example.dogglers/.MainActivity }, activity.getIntent()=Intent { act=android.intent.action.MAIN cat=[android.intent.category.LAUNCHER] flg=0x10000000 cmp=com.example.dogglers/androidx.test.core.app.InstrumentationActivityInvoker$EmptyActivity }, activity=androidx.test.core.app.InstrumentationActivityInvoker$EmptyActivity@13a24c8
08-30 15:11:13.098  4349  7427 V WindowOrientationListener: getProposedRotation: -1
08-30 15:11:13.098  4349  7427 V WindowOrientationListener: getProposedRotation: -1
08-30 15:11:13.100  4349  7427 V WindowOrientationListener: getProposedRotation: -1
08-30 15:11:13.102  4349  7427 D InputDispatcher: Focused application set to (0): 3b85bed
08-30 15:11:13.103  3976  3976 I Layer   : id=37996[1] Destroyed Surface(name=1096c8d StatusBar)/@0xeaf4dd0 - animation-leash#0
08-30 15:11:13.103  3976  3976 I Layer   : id=38061[1] Destroyed ActivityRecord{b4ec953 u0 com.example.dogglers/.MainActivity t1411}#0
08-30 15:11:13.109 23627 23627 I ViewRootImpl@ca59a9d[InstrumentationActivityInvoker$EmptyActivity]: MSG_WINDOW_FOCUS_CHANGED 1 1
08-30 15:11:13.109 23627 23627 D InputMethodManager: prepareNavigationBarInfo() DecorView@5657c86[InstrumentationActivityInvoker$EmptyActivity]
08-30 15:11:13.109 23627 23627 D InputMethodManager: getNavigationBarColor() -16711423
08-30 15:11:13.110 23627 23627 D InputMethodManager: prepareNavigationBarInfo() DecorView@5657c86[InstrumentationActivityInvoker$EmptyActivity]
08-30 15:11:13.110 23627 23627 D InputMethodManager: getNavigationBarColor() -16711423
08-30 15:11:13.110 23627 23627 V InputMethodManager: Starting input: tba=com.example.dogglers ic=null mNaviBarColor -16711423 mIsGetNaviBarColorSuccess true , NavVisible : true , NavTrans : false
08-30 15:11:13.110 23627 23627 D InputMethodManager: startInputInner - Id : 0
08-30 15:11:13.110 23627 23627 I InputMethodManager: startInputInner - mService.startInputOrWindowGainedFocus
08-30 15:11:13.111  4349  6800 D InputMethodManagerService: mSecureKeypadEnabled = false
08-30 15:11:13.111  4349  6800 V InputMethodManagerService: hideCurrentInputLocked : shouldHideSoftInput is false
08-30 15:11:13.111  4349  6800 D InputMethodManagerService: mDesktopModeManager null!
08-30 15:11:13.111  4349  6800 V InputMethodManagerService: getDisplayIdOfInputMethodWindowToBeAdded : 0
08-30 15:11:13.112  4349  6800 D InputMethodManagerService: checkDisplayOfStartInputAndUpdateKeyboard display Id 0last 0
08-30 15:11:13.112  4349  6800 D InputTransport: Input channel constructed: 'ClientS', fd=471
08-30 15:11:13.112  4349  6800 D InputTransport: Input channel destroyed: 'ClientS', fd=471
08-30 15:11:13.112 23627 23627 D InputTransport: Input channel constructed: 'ClientS', fd=81
08-30 15:11:13.113 23627 23627 D InputTransport: Input channel destroyed: 'ClientS', fd=100
08-30 15:11:13.113  4349  6800 I SurfaceControl: nativeRelease nativeObject s[476008573728]
08-30 15:11:13.113  4349  6800 I SurfaceControl: nativeRelease nativeObject e[476008573728]
08-30 15:11:13.113  3976  4001 I SurfaceFlinger: id=38090 createSurf (0x0),-1 flag=24004, Surface(name=749d536 InputMethod)/@0x72f94d3 - animation-leash#0
08-30 15:11:13.114  7475  7475 I HBD     : HoneyBoardService onFinishInput
08-30 15:11:13.115  7475  7475 I HBD     : a IC have been unbinded,  InputConnectionWrapper{idHash=#9bc7d2f mMissingMethods=}
08-30 15:11:13.115  7475  7475 I HBD     : HoneyBoardService [PF_CL][onFinishInput]  428000 ns
08-30 15:11:13.115  7475  7475 I HBD     : HoneyBoardService [IMI] onStartInput - caller pid : 23627 , caller uid : 10429
08-30 15:11:13.115  7475  7475 I HBD     : i updateConfigs
08-30 15:11:13.115  7475  7475 I HBD     : i isEnabledNightMode : true
08-30 15:11:13.115  7475  7475 I HBD     : a IC have been binded, InputConnectionWrapper{idHash=#9bc7d2f mMissingMethods=}
08-30 15:11:13.116  7475  7475 I HBD     : h [EditorInputType]setPrivateImeOptionsToTable privateImeOptions ( null )
08-30 15:11:13.116  7475  7475 I HBD     : b incognitoMode : false
08-30 15:11:13.116  7475  7475 I HBD     : a needOff = true , isForceOff = false, isNullInputClass : true
08-30 15:11:13.116  7475  7475 I HBD     : h getDefaultInputRange : UNKNOWN
08-30 15:11:13.116  7475  7475 I HBD     : h getDefaultInputRange : UNKNOWN
08-30 15:11:13.117  7475  7475 I HBD     : h getDefaultInputRange : UNKNOWN
08-30 15:11:13.117  3976  4001 E BufferQueueProducer: [com.example.dogglers/com.example.dogglers.VerticalListActivity$_23627#0](id:f88000033aa,api:0,p:-1,c:3976) disconnect: not connected (req=1)
08-30 15:11:13.117 23627 23685 W libEGL  : EGLNativeWindowType 0x6f4fd41010 disconnect failed
08-30 15:11:13.118  4349  6800 D SdpManagerService: Not an enterprise user : 0
08-30 15:11:13.118  4349  6800 D SdpManagerService: Not an enterprise user : 0
08-30 15:11:13.118  4349  7427 V WindowManager: Relayout Window{df11a57 u0 com.example.dogglers/com.example.dogglers.VerticalListActivity}: viewVisibility=8 req=720x1560
08-30 15:11:13.119  7475  7475 I HBD     : h getDefaultInputRange : UNKNOWN
08-30 15:11:13.120  7475  7475 I HBD     : a currentState : 0
08-30 15:11:13.121  3976  4318 I Layer   : id=38083 removeFromCurrentState Surface(name=749d536 InputMethod)/@0x72f94d3 - animation-leash#1 (91)
08-30 15:11:13.121  7475  7475 I HBD     : h load selected json info : {"version":"1.0","currentLanguageOrder":2,"selected":[{"activeOptionList":["auto_replace","spell_check","auto_spacing"],"engName":"Russian","id":3342336,"inputType":"qwerty","isUsed":true},{"activeOptionList":["auto_replace","spell_check","auto_spacing"],"engName":"English","id":65537,"inputType":"qwerty","isUsed":true},{"activeOptionList":["auto_replace","spell_check","auto_spacing"],"engName":"Ukrainian","id":4456448,"inputType":"qwerty","isUsed":true}]}
08-30 15:11:13.122  7475  7475 I HBD     : a [UpdatePolicy] [post] a: 0 cl: 4456448 kit: [0/0] vt: 0 ir: 1
08-30 15:11:13.123  4349  7427 V WindowManager: Relayout hash=df11a57, pid=23627: mAttrs={(0,0)(fillxfill) sim={adjust=resize forwardNavigation} ty=BASE_APPLICATION wanim=0x1030304
08-30 15:11:13.123  4349  7427 V WindowManager:   fl=81810100
08-30 15:11:13.123  4349  7427 V WindowManager:   pfl=12020000
08-30 15:11:13.123  4349  7427 V WindowManager:   fitSides= naviIconColor=0}
08-30 15:11:13.123  7475  7475 I HBD     : HoneyBoardService [PF_OP][onStartInput]  7825231 ns
08-30 15:11:13.124 23627 23627 I SurfaceControl: nativeRelease nativeObject s[478061397632]
08-30 15:11:13.125 23627 23627 I SurfaceControl: nativeRelease nativeObject e[478061397632]
08-30 15:11:13.125 23627 23627 I SurfaceControl: assignNativeObject: nativeObject = 0 Surface(name=null)/@0x8b4f0c / android.view.SurfaceControl.readFromParcel:1117 android.view.IWindowSession$Stub$Proxy.relayout:1826 android.view.ViewRootImpl.relayoutWindow:9005 android.view.ViewRootImpl.performTraversals:3360 android.view.ViewRootImpl.doTraversal:2618 android.view.ViewRootImpl$TraversalRunnable.run:9971 android.view.Choreographer$CallbackRecord.run:1010 android.view.Choreographer.doCallbacks:809 android.view.Choreographer.doFrame:744 android.view.Choreographer$FrameDisplayEventReceiver.run:995
08-30 15:11:13.125 23627 23627 I SurfaceControl: assignNativeObject: nativeObject = 0 Surface(name=null)/@0x41a95d9 / android.view.SurfaceControl.readFromParcel:1117 android.view.IWindowSession$Stub$Proxy.relayout:1836 android.view.ViewRootImpl.relayoutWindow:9005 android.view.ViewRootImpl.performTraversals:3360 android.view.ViewRootImpl.doTraversal:2618 android.view.ViewRootImpl$TraversalRunnable.run:9971 android.view.Choreographer$CallbackRecord.run:1010 android.view.Choreographer.doCallbacks:809 android.view.Choreographer.doFrame:744 android.view.Choreographer$FrameDisplayEventReceiver.run:995
08-30 15:11:13.126  4349  4371 I SemPersonaManager: SecureFolder personaId = 150
08-30 15:11:13.126 23627 23627 I SurfaceControl: nativeRelease nativeObject s[476571795136]
08-30 15:11:13.126 23627 23627 I SurfaceControl: nativeRelease nativeObject e[476571795136]
08-30 15:11:13.126  3976  4318 I SurfaceFlinger: id=38083 Removed Surface(name=749d536 InputMethod)/@0x72f94d3 - animation-leash#1 (91)
08-30 15:11:13.127 23627 23627 I ViewRootImpl@a53f820[VerticalListActivity]: Relayout returned: old=(0,0,720,1560) new=(0,0,720,1560) req=(720,1560)8 dur=7 res=0x5 s={false 0} ch=true fn=5
08-30 15:11:13.136  3976  3976 I Layer   : id=38083[1] Destroyed Surface(name=749d536 InputMethod)/@0x72f94d3 - animation-leash#1
08-30 15:11:13.138  4349  5464 I InputDispatcher: Focus left window (23627): fc6bcc3 in display 0 0
08-30 15:11:13.168  4349  4371 D EnterpriseDeviceManagerService: isMdmAdminPresentInternal() : MDM Admin Found - com.samsung.knox.securefolder
08-30 15:11:13.174 23627 23627 D LifecycleMonitor: Lifecycle status change: androidx.test.core.app.InstrumentationActivityInvoker$BootstrapActivity@b353c9c in: DESTROYED
08-30 15:11:13.175 23627 23627 V ActivityScenario: Activity lifecycle changed event received but ignored because the intent does not match. startActivityIntent=Intent { act=android.intent.action.MAIN cat=[android.intent.category.LAUNCHER] cmp=com.example.dogglers/.MainActivity }, activity.getIntent()=Intent { act=android.intent.action.MAIN cat=[android.intent.category.LAUNCHER] flg=0x10008000 cmp=com.example.dogglers/androidx.test.core.app.InstrumentationActivityInvoker$BootstrapActivity (has extras) }, activity=androidx.test.core.app.InstrumentationActivityInvoker$BootstrapActivity@b353c9c
08-30 15:11:13.176  4349  7427 I SurfaceControl: nativeRelease nativeObject s[476016225728]
08-30 15:11:13.177  4349  7427 I SurfaceControl: nativeRelease nativeObject e[476016225728]
08-30 15:11:13.180  3976  4002 I Layer   : id=38056 removeFromCurrentState ActivityRecord{de7002f u0 com.example.dogglers/androidx.test.core.app.InstrumentationActivityInvoker$BootstrapActivity t1411}#0 (90)
08-30 15:11:13.181  3976  4002 I SurfaceFlinger: id=38056 Removed ActivityRecord{de7002f u0 com.example.dogglers/androidx.test.core.app.InstrumentationActivityInvoker$BootstrapActivity t1411}#0 (90)
08-30 15:11:13.186  3976  3976 I Layer   : id=38056[1] Destroyed ActivityRecord{de7002f u0 com.example.dogglers/androidx.test.core.app.InstrumentationActivityInvoker$BootstrapActivity t1411}#0
08-30 15:11:13.187 23627 23627 D LifecycleMonitor: Lifecycle status change: androidx.test.core.app.InstrumentationActivityInvoker$EmptyActivity@824ba6a in: PRE_ON_CREATE
08-30 15:11:13.188 23627 23627 V ActivityScenario: Activity lifecycle changed event received but ignored because the intent does not match. startActivityIntent=Intent { act=android.intent.action.MAIN cat=[android.intent.category.LAUNCHER] cmp=com.example.dogglers/.MainActivity }, activity.getIntent()=Intent { act=android.intent.action.MAIN cat=[android.intent.category.LAUNCHER] flg=0x10000000 cmp=com.example.dogglers/androidx.test.core.app.InstrumentationActivityInvoker$EmptyActivity }, activity=androidx.test.core.app.InstrumentationActivityInvoker$EmptyActivity@824ba6a
08-30 15:11:13.195 23627 23627 I DecorView: [INFO] isPopOver=false, config=true
08-30 15:11:13.195 23627 23627 I DecorView: updateCaptionType >> DecorView@e244ff8[], isFloating=false, isApplication=true, hasWindowDecorCaption=false, hasWindowControllerCallback=true
08-30 15:11:13.195 23627 23627 D DecorView: setCaptionType = 0, this = DecorView@e244ff8[]
08-30 15:11:13.201 23627 23627 D LifecycleMonitor: Lifecycle status change: androidx.test.core.app.InstrumentationActivityInvoker$EmptyActivity@824ba6a in: CREATED
08-30 15:11:13.202 23627 23627 V ActivityScenario: Activity lifecycle changed event received but ignored because the intent does not match. startActivityIntent=Intent { act=android.intent.action.MAIN cat=[android.intent.category.LAUNCHER] cmp=com.example.dogglers/.MainActivity }, activity.getIntent()=Intent { act=android.intent.action.MAIN cat=[android.intent.category.LAUNCHER] flg=0x10000000 cmp=com.example.dogglers/androidx.test.core.app.InstrumentationActivityInvoker$EmptyActivity }, activity=androidx.test.core.app.InstrumentationActivityInvoker$EmptyActivity@824ba6a
08-30 15:11:13.204 23627 23627 D LifecycleMonitor: Lifecycle status change: androidx.test.core.app.InstrumentationActivityInvoker$EmptyActivity@824ba6a in: STARTED
08-30 15:11:13.205 23627 23627 V ActivityScenario: Activity lifecycle changed event received but ignored because the intent does not match. startActivityIntent=Intent { act=android.intent.action.MAIN cat=[android.intent.category.LAUNCHER] cmp=com.example.dogglers/.MainActivity }, activity.getIntent()=Intent { act=android.intent.action.MAIN cat=[android.intent.category.LAUNCHER] flg=0x10000000 cmp=com.example.dogglers/androidx.test.core.app.InstrumentationActivityInvoker$EmptyActivity }, activity=androidx.test.core.app.InstrumentationActivityInvoker$EmptyActivity@824ba6a
08-30 15:11:13.208 23627 23627 D LifecycleMonitor: Lifecycle status change: androidx.test.core.app.InstrumentationActivityInvoker$EmptyActivity@824ba6a in: RESUMED
08-30 15:11:13.208 23627 23627 V ActivityScenario: Activity lifecycle changed event received but ignored because the intent does not match. startActivityIntent=Intent { act=android.intent.action.MAIN cat=[android.intent.category.LAUNCHER] cmp=com.example.dogglers/.MainActivity }, activity.getIntent()=Intent { act=android.intent.action.MAIN cat=[android.intent.category.LAUNCHER] flg=0x10000000 cmp=com.example.dogglers/androidx.test.core.app.InstrumentationActivityInvoker$EmptyActivity }, activity=androidx.test.core.app.InstrumentationActivityInvoker$EmptyActivity@824ba6a
08-30 15:11:13.213  4349  7427 D InputTransport: Input channel constructed: 'ce77554', fd=692
08-30 15:11:13.214  4349  7427 D InputTransport: Input channel constructed: 'ce77554', fd=693
08-30 15:11:13.214  3976  4001 I SurfaceFlinger: id=38091 createSurf (0x0),-1 flag=80004, ce77554 com.example.dogglers/androidx.test.core.app.InstrumentationActivityInvoker$EmptyActivity#0
08-30 15:11:13.215  4349  7427 D WindowManager: isScreenshotDisabledLocked - win: Window{ce77554 u0 com.example.dogglers/androidx.test.core.app.InstrumentationActivityInvoker$EmptyActivity}
08-30 15:11:13.215  4349  7427 D WindowManager: isScreenshotDisabledLocked: userId = 0, disabled =false
08-30 15:11:13.215  4349  7427 D InputTransport: Input channel destroyed: 'ce77554', fd=693
08-30 15:11:13.216 23627 23627 D InputTransport: Input channel constructed: 'ce77554', fd=90
08-30 15:11:13.218 23627 23627 I ViewRootImpl@d82d237[InstrumentationActivityInvoker$EmptyActivity]: setView = com.android.internal.policy.DecorView@e244ff8 TM=true
08-30 15:11:13.221 23627 23627 I ViewRootImpl@a53f820[VerticalListActivity]: stopped(true) old=false
08-30 15:11:13.222 23627 23627 D LifecycleMonitor: Lifecycle status change: com.example.dogglers.VerticalListActivity@80d91ec in: STOPPED
08-30 15:11:13.222 23627 23627 V ActivityScenario: Activity lifecycle changed event received but ignored because the intent does not match. startActivityIntent=Intent { act=android.intent.action.MAIN cat=[android.intent.category.LAUNCHER] cmp=com.example.dogglers/.MainActivity }, activity.getIntent()=Intent { cmp=com.example.dogglers/.VerticalListActivity }, activity=com.example.dogglers.VerticalListActivity@80d91ec
08-30 15:11:13.226  4349  7427 D SamsungIMMSHWKeyboard: isConnectedDexOnPC false
08-30 15:11:13.226  4349  7427 D InputMethodManagerService: isImeSwitcherDisabledPackage : false
08-30 15:11:13.227 23627 23627 I SurfaceControl: nativeRelease nativeObject s[476571789664]
08-30 15:11:13.227 23627 23627 I SurfaceControl: nativeRelease nativeObject e[476571789664]
08-30 15:11:13.227 23627 23627 I SurfaceControl: nativeRelease nativeObject s[476571788128]
08-30 15:11:13.227 23627 23627 I SurfaceControl: nativeRelease nativeObject e[476571788128]
08-30 15:11:13.228 23627 23627 I ViewRootImpl@ca59a9d[InstrumentationActivityInvoker$EmptyActivity]: MSG_WINDOW_FOCUS_CHANGED 0 1
08-30 15:11:13.235  4349  7427 V WindowManager: Relayout Window{ce77554 u0 com.example.dogglers/androidx.test.core.app.InstrumentationActivityInvoker$EmptyActivity}: viewVisibility=0 req=720x1560
08-30 15:11:13.237  4349  7427 D WindowManager: isScreenshotDisabledLocked - win: Window{ce77554 u0 com.example.dogglers/androidx.test.core.app.InstrumentationActivityInvoker$EmptyActivity}
08-30 15:11:13.237  4349  7427 D WindowManager: isScreenshotDisabledLocked: userId = 0, disabled =false
08-30 15:11:13.239  3976  4002 I SurfaceFlinger: id=38092 createSurf (720x1560),1 flag=404, com.example.dogglers/androidx.test.core.app.InstrumentationActivityInvoker$EmptyActivity$_23627#1
08-30 15:11:13.241  4349  7427 I SurfaceControl: nativeRelease nativeObject s[476011686144]
08-30 15:11:13.241  4349  7427 I SurfaceControl: nativeRelease nativeObject e[476011686144]
08-30 15:11:13.241 14146 14146 I TrayStateController: systemUiVisibilityChanged : 0 0
08-30 15:11:13.241  3976  4001 I SurfaceFlinger: id=38093 createSurf (0x0),-1 flag=24000, Surface(name=1096c8d StatusBar)/@0xeaf4dd0 - animation-leash#0
08-30 15:11:13.242  4349  7427 I SurfaceControl: nativeRelease nativeObject s[476011686240]
08-30 15:11:13.242  4349  7427 I SurfaceControl: nativeRelease nativeObject e[476011686240]
08-30 15:11:13.243  3976  4001 I SurfaceFlinger: id=38094 createSurf (0x0),-1 flag=24000, Surface(name=b07ecc5 NavigationBar0)/@0xa8376fc - animation-leash#1
08-30 15:11:13.244  4349  7427 V WindowManager: Relayout hash=ce77554, pid=23627: mAttrs={(0,0)(fillxfill) sim={adjust=pan forwardNavigation} ty=BASE_APPLICATION wanim=0x1030001
08-30 15:11:13.244  4349  7427 V WindowManager:   fl=1810100
08-30 15:11:13.244  4349  7427 V WindowManager:   pfl=12020000
08-30 15:11:13.244  4349  7427 V WindowManager:   fitSides= naviIconColor=0}
08-30 15:11:13.245  4349  7427 I SurfaceControl: nativeRelease nativeObject s[476008572864]
08-30 15:11:13.245  4349  7427 I SurfaceControl: nativeRelease nativeObject e[476008572864]
08-30 15:11:13.246 23627 23627 I SurfaceControl: assignNativeObject: nativeObject = 0 Surface(name=null)/@0x1a85ad3 / android.view.SurfaceControl.readFromParcel:1117 android.view.IWindowSession$Stub$Proxy.relayout:1836 android.view.ViewRootImpl.relayoutWindow:9005 android.view.ViewRootImpl.performTraversals:3360 android.view.ViewRootImpl.doTraversal:2618 android.view.ViewRootImpl$TraversalRunnable.run:9971 android.view.Choreographer$CallbackRecord.run:1010 android.view.Choreographer.doCallbacks:809 android.view.Choreographer.doFrame:744 android.view.Choreographer$FrameDisplayEventReceiver.run:995
08-30 15:11:13.248 23627 23627 I ViewRootImpl@d82d237[InstrumentationActivityInvoker$EmptyActivity]: Relayout returned: old=(0,0,720,1560) new=(0,0,720,1560) req=(720,1560)0 dur=13 res=0x7 s={true 478080667648} ch=true fn=-1
08-30 15:11:13.251  3899 10978 D gralloc : [mali_gralloc_allocate] begin
08-30 15:11:13.251  3899 10978 D gralloc : buffer_descriptor: wh(720 1560) usage_pc(0x40000000000b00 0x40000000000b00) hal_format(0x1) layer_count(1) sizes(0 0 0) strde(0) byte_stride(0) alloc_wh(0 0) internal_format(0x0) alloc_format(0x0) fd_count(1) plane_count(0)
08-30 15:11:13.252  3899 10978 D gralloc : [mali_gralloc_allocate] allocation successful
08-30 15:11:13.252 23627 23627 I ViewRootImpl@d82d237[InstrumentationActivityInvoker$EmptyActivity]: [DP] dp(1) 1 android.view.ViewRootImpl.reportNextDraw:10957 android.view.ViewRootImpl.performTraversals:3845 android.view.ViewRootImpl.doTraversal:2618
08-30 15:11:13.252 23627 23627 I ViewRootImpl@d82d237[InstrumentationActivityInvoker$EmptyActivity]: [DP] pd() Asnyc report
08-30 15:11:13.252  3899 10978 D gralloc : [mali_gralloc_allocate] begin
08-30 15:11:13.253  3899 10978 D gralloc : buffer_descriptor: wh(720 1560) usage_pc(0x40000000000b00 0x40000000000b00) hal_format(0x1) layer_count(1) sizes(0 0 0) strde(0) byte_stride(0) alloc_wh(0 0) internal_format(0x0) alloc_format(0x0) fd_count(1) plane_count(0)
08-30 15:11:13.253  3899 10978 D gralloc : [mali_gralloc_allocate] allocation successful
08-30 15:11:13.254  3976  4002 I Layer   : id=38087 removeFromCurrentState Surface(name=1096c8d StatusBar)/@0xeaf4dd0 - animation-leash#1 (93)
08-30 15:11:13.254  3976  4002 I Layer   : id=29 removeFromCurrentState 1096c8d StatusBar#0 (93)
08-30 15:11:13.254  3976  4002 I Layer   : id=36 removeFromCurrentState StatusBar$_4708#0 (93)
08-30 15:11:13.254  3976  4002 I Layer   : id=29 addToCurrentState 1096c8d StatusBar#0 (93)
08-30 15:11:13.254  3976  4002 I Layer   : id=36 addToCurrentState StatusBar$_4708#0 (93)
08-30 15:11:13.254  3899 10978 D gralloc : [mali_gralloc_allocate] begin
08-30 15:11:13.254  3899 10978 D gralloc : buffer_descriptor: wh(720 1560) usage_pc(0x40000000000b00 0x40000000000b00) hal_format(0x1) layer_count(1) sizes(0 0 0) strde(0) byte_stride(0) alloc_wh(0 0) internal_format(0x0) alloc_format(0x0) fd_count(1) plane_count(0)
08-30 15:11:13.255  3976  4002 I Layer   : id=38088 removeFromCurrentState Surface(name=b07ecc5 NavigationBar0)/@0xa8376fc - animation-leash#0 (93)
08-30 15:11:13.258  3899 10978 D gralloc : [mali_gralloc_allocate] allocation successful
08-30 15:11:13.261  4349  7427 V WindowManager: Relayout Window{df11a57 u0 com.example.dogglers/com.example.dogglers.VerticalListActivity}: viewVisibility=8 req=720x1560
08-30 15:11:13.264  4349  7427 V WindowManager: Relayout hash=df11a57, pid=23627: mAttrs={(0,0)(fillxfill) sim={adjust=pan} ty=BASE_APPLICATION wanim=0x1030304
08-30 15:11:13.264  4349  7427 V WindowManager:   fl=81810100
08-30 15:11:13.264  4349  7427 V WindowManager:   pfl=12020000
08-30 15:11:13.264  4349  7427 V WindowManager:   fitSides= naviIconColor=0}
08-30 15:11:13.266 23627 23627 I SurfaceControl: assignNativeObject: nativeObject = 0 Surface(name=null)/@0x8b4f0c / android.view.SurfaceControl.readFromParcel:1117 android.view.IWindowSession$Stub$Proxy.relayout:1826 android.view.ViewRootImpl.relayoutWindow:9005 android.view.ViewRootImpl.performTraversals:3360 android.view.ViewRootImpl.doTraversal:2618 android.view.ViewRootImpl$TraversalRunnable.run:9971 android.view.Choreographer$CallbackRecord.run:1010 android.view.Choreographer.doCallbacks:809 android.view.Choreographer.doFrame:744 android.view.Choreographer$FrameDisplayEventReceiver.run:995
08-30 15:11:13.266 23627 23627 I SurfaceControl: assignNativeObject: nativeObject = 0 Surface(name=null)/@0x41a95d9 / android.view.SurfaceControl.readFromParcel:1117 android.view.IWindowSession$Stub$Proxy.relayout:1836 android.view.ViewRootImpl.relayoutWindow:9005 android.view.ViewRootImpl.performTraversals:3360 android.view.ViewRootImpl.doTraversal:2618 android.view.ViewRootImpl$TraversalRunnable.run:9971 android.view.Choreographer$CallbackRecord.run:1010 android.view.Choreographer.doCallbacks:809 android.view.Choreographer.doFrame:744 android.view.Choreographer$FrameDisplayEventReceiver.run:995
08-30 15:11:13.267 23627 23627 I ViewRootImpl@a53f820[VerticalListActivity]: Relayout returned: old=(0,0,720,1560) new=(0,0,720,1560) req=(720,1560)8 dur=5 res=0x5 s={false 0} ch=false fn=-1
08-30 15:11:13.268 23627 23627 I ViewRootImpl@d82d237[InstrumentationActivityInvoker$EmptyActivity]: [DP] pdf(0) 1 android.view.ViewRootImpl.lambda$performDraw$1$ViewRootImpl:4668 android.view.-$$Lambda$ViewRootImpl$DJd0VUYJgsebcnSohO6h8zc_ONI.run:6 android.os.Handler.handleCallback:938
08-30 15:11:13.268 23627 23627 I ViewRootImpl@d82d237[InstrumentationActivityInvoker$EmptyActivity]: [DP] rdf()
08-30 15:11:13.274  4349  4372 D PkgPredictorService: pkg:com.example.dogglers activity:androidx.test.core.app.InstrumentationActivityInvoker$EmptyActivity thisTime:232
08-30 15:11:13.276  4349  4372 I SemDvfsHyPerManager: acquire hyper - AMS_RESUME_TAIL/4349@18, type = -999
08-30 15:11:13.276  4349  4376 I ActivityTaskManager: Displayed com.example.dogglers/androidx.test.core.app.InstrumentationActivityInvoker$EmptyActivity: +232ms
08-30 15:11:13.276  4349  4372 I SemDvfsHyPerManager: acquire hyper - AMS_ACT_LAZY/4349@19, type = -999
08-30 15:11:13.276  3927  3954 I HYPER-HAL: [RequestManager.cpp]acquire(): Acquired ID : 9537546  [4349 / 18]    HINT : AMS_RESUME_TAIL    list :
08-30 15:11:13.276  3927  3954 E HYPER-HAL: [HandlerSysfs.cpp]doResourceHandling(): Couldn't Open Sysfs - /sys/power/cstate_control
08-30 15:11:13.276  3927  3954 I HYPER-HAL: [ResourceManager.cpp]updateResource(): [CPUMinFreq] UpdateResource Request ID : 9537546    Value : 1560000
08-30 15:11:13.276  5589  5589 E pageboostd: Received HALT command code 2
08-30 15:11:13.276  3927  3954 I HYPER-HAL: [RequestManager.cpp]acquire(): Acquired ID : 9541915  [4349 / 19]    HINT :      list :
08-30 15:11:13.277  3927  3954 E HYPER-HAL: [Request.cpp]acquire(): Request:: id : 9541915, No Resource to set
08-30 15:11:13.277  3927  3954 E HYPER-HAL: [HandlerSysfs.cpp]doResourceHandling(): Couldn't Open Sysfs - /sys/power/cstate_control
08-30 15:11:13.277  3927  3954 I HYPER-HAL: [ResourceManager.cpp]removeResource(): [CPUMinFreq] RemoveResource Request ID : 9528811
08-30 15:11:13.278  3927  3954 I HYPER-HAL: [RequestManager.cpp]releaseLocked(): Released ID : 9528811
08-30 15:11:13.280  4349  5464 I SurfaceControl: nativeRelease nativeObject s[477997782880]
08-30 15:11:13.280  4349  5464 I SurfaceControl: nativeRelease nativeObject e[477997782880]
08-30 15:11:13.280  3976  4001 I Layer   : id=38074 removeFromCurrentState com.example.dogglers/com.example.dogglers.VerticalListActivity$_23627#0 (93)
08-30 15:11:13.286  4349  7427 I InputDispatcher: Focus entered window (23627): ce77554 in display 0 0
08-30 15:11:13.289  3976  4002 I SurfaceFlinger: id=38074 Removed com.example.dogglers/com.example.dogglers.VerticalListActivity$_23627#0 (93)
08-30 15:11:13.291  3976  3976 D SurfaceFlinger: Display 0 HWC layers:
08-30 15:11:13.291  3976  3976 D SurfaceFlinger:      DEVICE | 0x74f0415840 | 0002 | RGBA_8888    |    0.0    0.0  720.0 1560.0 |    0    0  720 1560 | com.example.dogglers/androidx.test.c[...]tivityInvoker$EmptyActivity$_23627#1
08-30 15:11:13.291  3976  3976 D SurfaceFlinger:      DEVICE | 0x75743a6fc0 | 0000 | RGBA_8888    |    0.0    0.0  720.0   53.0 |    0    0  720   53 | StatusBar$_4708#0
08-30 15:11:13.291  3976  3976 D SurfaceFlinger:      DEVICE | 0x74d157fa00 | 0000 | RGBA_8888    |    0.0    0.0   67.0  232.0 |  653  151  720  383 | com.samsung.android.app.cocktailbars[...]rservice.CocktailBarService$_14146#0
08-30 15:11:13.291  3976  3976 D SurfaceFlinger:      DEVICE | 0x75743a7380 | 0000 | RGBA_8888    |    0.0    0.0  720.0   84.0 |    0 1476  720 1560 | NavigationBar0$_4708#0
08-30 15:11:13.291  3976  3976 D SurfaceFlinger:      DEVICE | 0x74f0413e00 | 0000 | RGBA_8888    |    0.0    0.0  720.0  101.0 |    0    0  720  101 | ScreenDecorOverlay$_4708#0
08-30 15:11:13.291  3976  3976 D SurfaceFlinger:      DEVICE | 0x75743a7b00 | 0000 | RGBA_8888    |    0.0    0.0  720.0  101.0 |    0 1459  720 1560 | ScreenDecorOverlayBottom$_4708#0
08-30 15:11:13.291  3976  3976 D SurfaceFlinger:
08-30 15:11:13.291 23627 23627 I SurfaceControl: nativeRelease nativeObject s[476571788512]
08-30 15:11:13.291 23627 23627 I SurfaceControl: nativeRelease nativeObject e[476571788512]
08-30 15:11:13.291 23627 23627 I SurfaceControl: nativeRelease nativeObject s[478247332384]
08-30 15:11:13.291 23627 23627 I SurfaceControl: nativeRelease nativeObject e[478247332384]
08-30 15:11:13.292 23627 23627 I SurfaceControl: nativeRelease nativeObject s[476571789952]
08-30 15:11:13.292 23627 23627 I SurfaceControl: nativeRelease nativeObject e[476571789952]
08-30 15:11:13.292  3976  4002 I SurfaceFlinger: id=38088 Removed Surface(name=b07ecc5 NavigationBar0)/@0xa8376fc - animation-leash#0 (93)
08-30 15:11:13.292  3976  4318 I SurfaceFlinger: id=38087 Removed Surface(name=1096c8d StatusBar)/@0xeaf4dd0 - animation-leash#1 (93)
08-30 15:11:13.294 23627 23627 I ViewRootImpl@d82d237[InstrumentationActivityInvoker$EmptyActivity]: MSG_WINDOW_FOCUS_CHANGED 1 1
08-30 15:11:13.295 23627 23627 D InputMethodManager: prepareNavigationBarInfo() DecorView@e244ff8[InstrumentationActivityInvoker$EmptyActivity]
08-30 15:11:13.295 23627 23627 D InputMethodManager: getNavigationBarColor() -16711423
08-30 15:11:13.295 23627 23627 D InputMethodManager: prepareNavigationBarInfo() DecorView@e244ff8[InstrumentationActivityInvoker$EmptyActivity]
08-30 15:11:13.296 23627 23627 D InputMethodManager: getNavigationBarColor() -16711423
08-30 15:11:13.296 23627 23627 V InputMethodManager: Starting input: tba=com.example.dogglers ic=null mNaviBarColor -16711423 mIsGetNaviBarColorSuccess true , NavVisible : true , NavTrans : false
08-30 15:11:13.296 23627 23627 D InputMethodManager: startInputInner - Id : 0
08-30 15:11:13.296 23627 23627 I InputMethodManager: startInputInner - mService.startInputOrWindowGainedFocus
08-30 15:11:13.297  4349  7427 D InputMethodManagerService: mSecureKeypadEnabled = false
08-30 15:11:13.297  4349  7427 V InputMethodManagerService: hideCurrentInputLocked : shouldHideSoftInput is false
08-30 15:11:13.297  4349  7427 D InputMethodManagerService: mDesktopModeManager null!
08-30 15:11:13.297  4349  7427 V InputMethodManagerService: getDisplayIdOfInputMethodWindowToBeAdded : 0
08-30 15:11:13.297  4349  7427 D InputMethodManagerService: checkDisplayOfStartInputAndUpdateKeyboard display Id 0last 0
08-30 15:11:13.297  4349  7427 D InputTransport: Input channel constructed: 'ClientS', fd=693
08-30 15:11:13.298  4349  7427 D InputTransport: Input channel destroyed: 'ClientS', fd=693
08-30 15:11:13.298 23627 23627 D InputTransport: Input channel constructed: 'ClientS', fd=94
08-30 15:11:13.298 23627 23627 D InputTransport: Input channel destroyed: 'ClientS', fd=81
08-30 15:11:13.298  4349  7427 I SurfaceControl: nativeRelease nativeObject s[476017203296]
08-30 15:11:13.298  4349  7427 I SurfaceControl: nativeRelease nativeObject e[476017203296]
08-30 15:11:13.299  3976  4318 I SurfaceFlinger: id=38095 createSurf (0x0),-1 flag=24004, Surface(name=749d536 InputMethod)/@0x72f94d3 - animation-leash#1
08-30 15:11:13.300  7475  7475 I HBD     : HoneyBoardService onFinishInput
08-30 15:11:13.300  7475  7475 I HBD     : a IC have been unbinded,  InputConnectionWrapper{idHash=#9bc7d2f mMissingMethods=}
08-30 15:11:13.300  7475  7475 I HBD     : HoneyBoardService [PF_CL][onFinishInput]  327230 ns
08-30 15:11:13.301  7475  7475 I HBD     : HoneyBoardService [IMI] onStartInput - caller pid : 23627 , caller uid : 10429
08-30 15:11:13.301  7475  7475 I HBD     : i updateConfigs
08-30 15:11:13.301  7475  7475 I HBD     : i isEnabledNightMode : true
08-30 15:11:13.301  7475  7475 I HBD     : a IC have been binded, InputConnectionWrapper{idHash=#9bc7d2f mMissingMethods=}
08-30 15:11:13.301  7475  7475 I HBD     : h [EditorInputType]setPrivateImeOptionsToTable privateImeOptions ( null )
08-30 15:11:13.301  7475  7475 I HBD     : b incognitoMode : false
08-30 15:11:13.301  7475  7475 I HBD     : a needOff = true , isForceOff = false, isNullInputClass : true
08-30 15:11:13.302  7475  7475 I HBD     : h getDefaultInputRange : UNKNOWN
08-30 15:11:13.302  7475  7475 I HBD     : h getDefaultInputRange : UNKNOWN
08-30 15:11:13.302  7475  7475 I HBD     : h getDefaultInputRange : UNKNOWN
08-30 15:11:13.302  3976  3976 I Layer   : id=38087[1] Destroyed Surface(name=1096c8d StatusBar)/@0xeaf4dd0 - animation-leash#1
08-30 15:11:13.302  4349  7427 D SdpManagerService: Not an enterprise user : 0
08-30 15:11:13.302  4349  7427 D SdpManagerService: Not an enterprise user : 0
08-30 15:11:13.303  3976  3976 I Layer   : id=38074[1] Destroyed com.example.dogglers/com.example.dogglers.VerticalListActivity$_23627#0
08-30 15:11:13.303  3976  3976 I Layer   : id=38088[1] Destroyed Surface(name=b07ecc5 NavigationBar0)/@0xa8376fc - animation-leash#0
08-30 15:11:13.303  7475  7475 I HBD     : h getDefaultInputRange : UNKNOWN
08-30 15:11:13.304  3976  4002 I Layer   : id=38090 removeFromCurrentState Surface(name=749d536 InputMethod)/@0x72f94d3 - animation-leash#0 (91)
08-30 15:11:13.304  7475  7475 I HBD     : a currentState : 0
08-30 15:11:13.305  7475  7475 I HBD     : h load selected json info : {"version":"1.0","currentLanguageOrder":2,"selected":[{"activeOptionList":["auto_replace","spell_check","auto_spacing"],"engName":"Russian","id":3342336,"inputType":"qwerty","isUsed":true},{"activeOptionList":["auto_replace","spell_check","auto_spacing"],"engName":"English","id":65537,"inputType":"qwerty","isUsed":true},{"activeOptionList":["auto_replace","spell_check","auto_spacing"],"engName":"Ukrainian","id":4456448,"inputType":"qwerty","isUsed":true}]}
08-30 15:11:13.307  7475  7475 I HBD     : a [UpdatePolicy] [post] a: 0 cl: 4456448 kit: [0/0] vt: 0 ir: 1
08-30 15:11:13.309  7475  7475 I HBD     : HoneyBoardService [PF_OP][onStartInput]  7812269 ns
08-30 15:11:13.312  3976  4002 E BufferQueueProducer: [com.example.dogglers/androidx.test.core.app.InstrumentationActivityInvoker$EmptyActivity$_23627#0](id:f88000033ab,api:0,p:-1,c:3976) disconnect: not connected (req=1)
08-30 15:11:13.313 23627 23685 W libEGL  : EGLNativeWindowType 0x6f57b1b010 disconnect failed
08-30 15:11:13.314  4349  6800 V WindowManager: Relayout Window{fc6bcc3 u0 com.example.dogglers/androidx.test.core.app.InstrumentationActivityInvoker$EmptyActivity}: viewVisibility=8 req=720x1560
08-30 15:11:13.318  4349  6800 V WindowManager: Relayout hash=fc6bcc3, pid=23627: mAttrs={(0,0)(fillxfill) sim={adjust=pan forwardNavigation} ty=BASE_APPLICATION wanim=0x1030001
08-30 15:11:13.318  4349  6800 V WindowManager:   fl=1810100
08-30 15:11:13.318  4349  6800 V WindowManager:   pfl=12020000
08-30 15:11:13.318  4349  6800 V WindowManager:   fitSides= naviIconColor=0}
08-30 15:11:13.320  4349  6800 I InputDispatcher: Focus left window (23627): ce77554 in display 0 0
08-30 15:11:13.320 23627 23627 I SurfaceControl: nativeRelease nativeObject s[478061400992]
08-30 15:11:13.320 23627 23627 I SurfaceControl: nativeRelease nativeObject e[478061400992]
08-30 15:11:13.321 23627 23627 I SurfaceControl: assignNativeObject: nativeObject = 0 Surface(name=null)/@0x8124509 / android.view.SurfaceControl.readFromParcel:1117 android.view.IWindowSession$Stub$Proxy.relayout:1826 android.view.ViewRootImpl.relayoutWindow:9005 android.view.ViewRootImpl.performTraversals:3360 android.view.ViewRootImpl.doTraversal:2618 android.view.ViewRootImpl$TraversalRunnable.run:9971 android.view.Choreographer$CallbackRecord.run:1010 android.view.Choreographer.doCallbacks:809 android.view.Choreographer.doFrame:744 android.view.Choreographer$FrameDisplayEventReceiver.run:995
08-30 15:11:13.321 23627 23627 I SurfaceControl: assignNativeObject: nativeObject = 0 Surface(name=null)/@0xa0cdb12 / android.view.SurfaceControl.readFromParcel:1117 android.view.IWindowSession$Stub$Proxy.relayout:1836 android.view.ViewRootImpl.relayoutWindow:9005 android.view.ViewRootImpl.performTraversals:3360 android.view.ViewRootImpl.doTraversal:2618 android.view.ViewRootImpl$TraversalRunnable.run:9971 android.view.Choreographer$CallbackRecord.run:1010 android.view.Choreographer.doCallbacks:809 android.view.Choreographer.doFrame:744 android.view.Choreographer$FrameDisplayEventReceiver.run:995
08-30 15:11:13.321 23627 23627 I SurfaceControl: nativeRelease nativeObject s[476571789088]
08-30 15:11:13.321 23627 23627 I SurfaceControl: nativeRelease nativeObject e[476571789088]
08-30 15:11:13.321  3976  4002 I SurfaceFlinger: id=38090 Removed Surface(name=749d536 InputMethod)/@0x72f94d3 - animation-leash#0 (91)
08-30 15:11:13.322 23627 23627 I ViewRootImpl@ca59a9d[InstrumentationActivityInvoker$EmptyActivity]: Relayout returned: old=(0,0,720,1560) new=(0,0,720,1560) req=(720,1560)8 dur=8 res=0x5 s={false 0} ch=true fn=2
08-30 15:11:13.323 23627 23627 I ViewRootImpl@ca59a9d[InstrumentationActivityInvoker$EmptyActivity]: stopped(true) old=false
08-30 15:11:13.324 23627 23627 D LifecycleMonitor: Lifecycle status change: androidx.test.core.app.InstrumentationActivityInvoker$EmptyActivity@13a24c8 in: STOPPED
08-30 15:11:13.324 23627 23627 V ActivityScenario: Activity lifecycle changed event received but ignored because the intent does not match. startActivityIntent=Intent { act=android.intent.action.MAIN cat=[android.intent.category.LAUNCHER] cmp=com.example.dogglers/.MainActivity }, activity.getIntent()=Intent { act=android.intent.action.MAIN cat=[android.intent.category.LAUNCHER] flg=0x10000000 cmp=com.example.dogglers/androidx.test.core.app.InstrumentationActivityInvoker$EmptyActivity }, activity=androidx.test.core.app.InstrumentationActivityInvoker$EmptyActivity@13a24c8
08-30 15:11:13.327 23627 23627 D LifecycleMonitor: Lifecycle status change: androidx.test.core.app.InstrumentationActivityInvoker$EmptyActivity@13a24c8 in: DESTROYED
08-30 15:11:13.327 23627 23627 V ActivityScenario: Activity lifecycle changed event received but ignored because the intent does not match. startActivityIntent=Intent { act=android.intent.action.MAIN cat=[android.intent.category.LAUNCHER] cmp=com.example.dogglers/.MainActivity }, activity.getIntent()=Intent { act=android.intent.action.MAIN cat=[android.intent.category.LAUNCHER] flg=0x10000000 cmp=com.example.dogglers/androidx.test.core.app.InstrumentationActivityInvoker$EmptyActivity }, activity=androidx.test.core.app.InstrumentationActivityInvoker$EmptyActivity@13a24c8
08-30 15:11:13.328 23627 23627 I ViewRootImpl@ca59a9d[InstrumentationActivityInvoker$EmptyActivity]: dispatchDetachedFromWindow
08-30 15:11:13.329  4349  6800 D InputTransport: Input channel destroyed: 'fc6bcc3', fd=784
08-30 15:11:13.329  4349  6800 I SurfaceControl: nativeRelease nativeObject s[476008573920]
08-30 15:11:13.329  4349  6800 I SurfaceControl: nativeRelease nativeObject e[476008573920]
08-30 15:11:13.329  4349  6800 D WindowManager: isScreenshotDisabledLocked - win: Window{fc6bcc3 u0 com.example.dogglers/androidx.test.core.app.InstrumentationActivityInvoker$EmptyActivity}
08-30 15:11:13.329  4349  6800 D WindowManager: isScreenshotDisabledLocked: userId = 0, disabled =false
08-30 15:11:13.330  4349  6800 I SurfaceControl: nativeRelease nativeObject s[476011684320]
08-30 15:11:13.330  4349  6800 I SurfaceControl: nativeRelease nativeObject e[476011684320]
08-30 15:11:13.330  3976  4002 I Layer   : id=38086 removeFromCurrentState com.example.dogglers/androidx.test.core.app.InstrumentationActivityInvoker$EmptyActivity$_23627#0 (91)
08-30 15:11:13.330  3976  4002 I SurfaceFlinger: id=38086 Removed com.example.dogglers/androidx.test.core.app.InstrumentationActivityInvoker$EmptyActivity$_23627#0 (91)
08-30 15:11:13.332  3976  4002 I Layer   : id=38085 removeFromCurrentState fc6bcc3 com.example.dogglers/androidx.test.core.app.InstrumentationActivityInvoker$EmptyActivity#0 (91)
08-30 15:11:13.333  3976  4002 I SurfaceFlinger: id=38085 Removed fc6bcc3 com.example.dogglers/androidx.test.core.app.InstrumentationActivityInvoker$EmptyActivity#0 (91)
08-30 15:11:13.333 23627 23627 D InputTransport: Input channel destroyed: 'fc6bcc3', fd=91
08-30 15:11:13.335  4349  6800 I SurfaceControl: nativeRelease nativeObject s[476008573824]
08-30 15:11:13.335  4349  6800 I SurfaceControl: nativeRelease nativeObject e[476008573824]
08-30 15:11:13.335  3976  3976 I Layer   : id=38090[1] Destroyed Surface(name=749d536 InputMethod)/@0x72f94d3 - animation-leash#0
08-30 15:11:13.336  4349  7427 D SamsungIMMSHWKeyboard: isConnectedDexOnPC false
08-30 15:11:13.336  3976  3976 I Layer   : id=38085[1] Destroyed fc6bcc3 com.example.dogglers/androidx.test.core.app.InstrumentationActivityInvoker$EmptyActivity#0
08-30 15:11:13.336  3976  3976 I Layer   : id=38086[1] Destroyed com.example.dogglers/androidx.test.core.app.InstrumentationActivityInvoker$EmptyActivity$_23627#0
08-30 15:11:13.336 23627 23627 I SurfaceControl: nativeRelease nativeObject s[476571789568]
08-30 15:11:13.336 23627 23627 I SurfaceControl: nativeRelease nativeObject e[476571789568]
08-30 15:11:13.336 23627 23627 I SurfaceControl: nativeRelease nativeObject s[476571795232]
08-30 15:11:13.336 23627 23627 I SurfaceControl: nativeRelease nativeObject e[476571795232]
08-30 15:11:13.338  3976  4318 I Layer   : id=38084 removeFromCurrentState ActivityRecord{63df8d3 u0 com.example.dogglers/androidx.test.core.app.InstrumentationActivityInvoker$EmptyActivity t1411}#0 (88)
