08-30 15:11:11.811 23627 23651 I TestRunner: started: clicking_vertical_list_button_displays_vertical_list(com.example.dogglers.ButtonTests)
08-30 15:11:11.820  3976  3976 I Layer   : id=38002[1] Destroyed Task=1410#0
08-30 15:11:11.821  3976  3976 I Layer   : id=38019[1] Destroyed ActivityRecord{9a2a10b u0 com.example.dogglers/.GridListActivity t1410}#0
08-30 15:11:11.822 23627 23651 W Settings: Setting always_finish_activities has moved from android.provider.Settings.System to android.provider.Settings.Global, returning read-only value.
08-30 15:11:11.828  3927 23795 E HYPER-HAL: [HandlerSysfs.cpp]doResourceHandling(): Couldn't Open Sysfs - /sys/power/cstate_control
08-30 15:11:11.828  3927 23795 I HYPER-HAL: [ResourceManager.cpp]removeResource(): [CPUMinFreq] RemoveResource Request ID : 9611955
08-30 15:11:11.829  3927 23795 I HYPER-HAL: [RequestManager.cpp]releaseLocked(): Released ID : 9611955
08-30 15:11:11.839  4349  5520 I SemDvfsHyPerManager: acquire hyper - AMS_APP_SWITCH/4349@20, type = -999
08-30 15:11:11.840  3927  3954 I HYPER-HAL: [RequestManager.cpp]acquire(): Acquired ID : 9546285  [4349 / 20]    HINT : AMS_APP_SWITCH    list :
08-30 15:11:11.840  3927  3954 E HYPER-HAL: [HandlerSysfs.cpp]doResourceHandling(): Couldn't Open Sysfs - /sys/power/cstate_control
08-30 15:11:11.841  3976  6075 I SurfaceFlinger: id=38055 createSurf (0x0),-1 flag=24004, Task=1411#0
08-30 15:11:11.841  3927  3954 I HYPER-HAL: [ResourceManager.cpp]updateResource(): [CPUMinFreq] UpdateResource Request ID : 9546285    Value : 1768000
08-30 15:11:11.844  3976  6075 I SurfaceFlinger: id=38056 createSurf (0x0),-1 flag=80004, ActivityRecord{de7002f u0 com.example.dogglers/androidx.test.core.app.InstrumentationActivityInvoker$BootstrapActivity t1411}#0
08-30 15:11:11.847  4349  7427 V WindowOrientationListener: getProposedRotation: -1
08-30 15:11:11.848  3881  3886 E statsd  : Predicate -7037417284711607308 dropping data for dimension key (10)0x2010101->10429[I] (10)0x30000->*launch*[S]
08-30 15:11:11.851  4349  7427 I SemDvfsHyPerManager: acquire hyper - AMS_APP_LAUNCH/4349@17, type = -999
08-30 15:11:11.851  3927  3954 I HYPER-HAL: [RequestManager.cpp]acquire(): Acquired ID : 9533178  [4349 / 17]    HINT : AMS_APP_LAUNCH    list :
08-30 15:11:11.851  3927  3954 E HYPER-HAL: [HandlerSysfs.cpp]doResourceHandling(): Couldn't Open Sysfs - /sys/power/cstate_control
08-30 15:11:11.852  3927  3954 I HYPER-HAL: [ResourceManager.cpp]updateResource(): [CPUMinFreq] UpdateResource Request ID : 9533178    Value : 1768000
08-30 15:11:11.853  5135  5135 I DragController: endDrag
08-30 15:11:11.853  4349  7427 D SecContentProvider: query(), uri = 17 selection = isSettingsChangesAllowed
08-30 15:11:11.853  5135  5135 I SPayUpdater: updateSpayHandler launcher activity is paused false
08-30 15:11:11.856  4349  6779 V WindowOrientationListener: getProposedRotation: -1
08-30 15:11:11.856  4349  6779 V WindowOrientationListener: getProposedRotation: -1
08-30 15:11:11.858  4349  6779 V WindowOrientationListener: getProposedRotation: -1
08-30 15:11:11.860  4349  6779 D InputDispatcher: Focused application set to (0): de7002f
08-30 15:11:11.863  4349  4496 I SemPersonaManager: SecureFolder personaId = 150
08-30 15:11:11.922  4349  6779 V WindowManager: Relayout Window{b49dc7f u0 com.sec.android.app.launcher/com.sec.android.app.launcher.activities.LauncherActivity}: viewVisibility=0 req=720x1560
08-30 15:11:11.926  4349  6779 V WindowManager: Relayout hash=b49dc7f, pid=5135: mAttrs={(0,0)(fillxfill) sim={adjust=nothing} layoutInDisplayCutoutMode=shortEdges ty=BASE_APPLICATION fmt=TRANSPARENT wanim=0x10302f2
08-30 15:11:11.926  4349  6779 V WindowManager:   fl=81910100
08-30 15:11:11.926  4349  6779 V WindowManager:   pfl=16020000
08-30 15:11:11.926  4349  6779 V WindowManager:   vsysui=1700
08-30 15:11:11.926  4349  6779 V WindowManager:   bhv=SHOW_TRANSIENT_BARS_BY_SWIPE
08-30 15:11:11.926  4349  6779 V WindowManager:   fitSides= naviIconColor=0}
08-30 15:11:11.926  4349  6779 I SurfaceControl: nativeRelease nativeObject s[476016219296]
08-30 15:11:11.926  4349  6779 I SurfaceControl: nativeRelease nativeObject e[476016219296]
08-30 15:11:11.927  4349  4369 D SehCodecSolutionService: Update top [com.example.dogglers]
08-30 15:11:11.927  5135  5135 I SurfaceControl: nativeRelease nativeObject s[478247337664]
08-30 15:11:11.927  5135  5135 I SurfaceControl: nativeRelease nativeObject e[478247337664]
08-30 15:11:11.927  5135  5135 I SurfaceControl: assignNativeObject: nativeObject = 0 Surface(name=null)/@0xe42a745 / android.view.SurfaceControl.readFromParcel:1117 android.view.IWindowSession$Stub$Proxy.relayout:1836 android.view.ViewRootImpl.relayoutWindow:9005 android.view.ViewRootImpl.performTraversals:3360 android.view.ViewRootImpl.doTraversal:2618 android.view.ViewRootImpl$TraversalRunnable.run:9971 android.view.Choreographer$CallbackRecord.run:1010 android.view.Choreographer.doCallbacks:809 android.view.Choreographer.doFrame:744 android.view.Choreographer$FrameDisplayEventReceiver.run:995
08-30 15:11:11.928  5135  5135 I SurfaceControl: nativeRelease nativeObject s[478247338144]
08-30 15:11:11.928  5135  5135 I SurfaceControl: nativeRelease nativeObject e[478247338144]
08-30 15:11:11.928  5135  5135 I SurfaceControl: nativeRelease nativeObject s[478247337952]
08-30 15:11:11.928  5135  5135 I SurfaceControl: nativeRelease nativeObject e[478247337952]
08-30 15:11:11.928  5135  5135 I SurfaceControl: nativeRelease nativeObject s[478247337568]
08-30 15:11:11.928  5135  5135 I SurfaceControl: nativeRelease nativeObject e[478247337568]
08-30 15:11:11.928  5135  5135 I ViewRootImpl@fbf3973[LauncherActivity]: Relayout returned: old=(0,0,720,1560) new=(0,0,720,1560) req=(720,1560)0 dur=10 res=0x1 s={true 476610932736} ch=false fn=20
08-30 15:11:11.929 13855 13915 I Rubin   : [72465] LoggingEventHelper.notifyUpdatedWithValue(LoggingEventHelper.java:58) : Notify AppUsageLogger's database is updated.
08-30 15:11:11.930  4349  4372 D InputTransport: Input channel constructed: '37ac163', fd=693
08-30 15:11:11.930  4349  4372 D InputTransport: Input channel constructed: '37ac163', fd=757
08-30 15:11:11.931  3976  4318 I SurfaceFlinger: id=38057 createSurf (0x0),-1 flag=80004, 37ac163 Splash Screen com.example.dogglers#0
08-30 15:11:11.933  4349  4372 I ViewRootImpl@5f6d392[dogglers]: setView = com.android.internal.policy.DecorView@30f619 TM=true
08-30 15:11:11.933 23627 23627 D LifecycleMonitor: Lifecycle status change: androidx.test.core.app.InstrumentationActivityInvoker$BootstrapActivity@b353c9c in: PRE_ON_CREATE
08-30 15:11:11.934 23627 23627 V ActivityScenario: Activity lifecycle changed event received but ignored because the intent does not match. startActivityIntent=Intent { act=android.intent.action.MAIN cat=[android.intent.category.LAUNCHER] cmp=com.example.dogglers/.MainActivity }, activity.getIntent()=Intent { act=android.intent.action.MAIN cat=[android.intent.category.LAUNCHER] flg=0x10008000 cmp=com.example.dogglers/androidx.test.core.app.InstrumentationActivityInvoker$BootstrapActivity (has extras) }, activity=androidx.test.core.app.InstrumentationActivityInvoker$BootstrapActivity@b353c9c
08-30 15:11:11.937  4349  4372 V WindowManager: Relayout Window{37ac163 u0 Splash Screen com.example.dogglers}: viewVisibility=0 req=720x1560
08-30 15:11:11.938  4349  4586 D PkgPredictorService: com.example.dogglers go to foreground!
08-30 15:11:11.938  4349  4586 E PkgPredictorService-Collector: record changed bt=0  wifi=1 screen=0
08-30 15:11:11.938  4349  4586 D PkgPredictorService: previous pkgs: com.example.dogglers,com.example.dogglers,com.example.dogglers running pkg: com.example.dogglers, uid: 0 is system: false
08-30 15:11:11.939  4349  4468 I InputDispatcher: Focus left window (5135): b49dc7f in display 0 0
08-30 15:11:11.939  4349  4586 D PkgPredictorService-Collector: save record...
08-30 15:11:11.939  4349  4586 D PkgPredictorService-Collector:  (hour:15 day:4 previous:[com.example.dogglers, com.example.dogglers, com.example.dogglers] activityName:unknown running:com.example.dogglers userId:0 screenOrientation:0 wifi:1 bt:0 predictTime:2 apkVersion:1.0 consumeTime:-1 preloaded:false>)
08-30 15:11:11.939  4349  4586 D PkgPredictorService-NapPreloadController: User using: com.example.dogglers
08-30 15:11:11.939  4349  4586 I PkgPredictorService-NapClassifier: RF predict version:1693350305206
08-30 15:11:11.938 13855 13915 I Rubin   : [72465] ExercisingWithCmhMonitor.isSatisfiedByCmh(ExercisingWithCmhMonitor.java:119) : isSatisfiedByCmh is false
08-30 15:11:11.940  4349  4372 D WindowManager: isScreenshotDisabledLocked - win: Window{37ac163 u0 Splash Screen com.example.dogglers}
08-30 15:11:11.940  4349  4372 D WindowManager: isScreenshotDisabledLocked: userId = 0, disabled =false
08-30 15:11:11.940  4349  4586 D PkgPredictorService-NapClassifier: Predict result: 207.0,202.0,284.0, - [0_&_org.telegram.messenger, 0_&_com.instagram.android, 0_&_com.ftband.mono]
08-30 15:11:11.941  3976  4318 I SurfaceFlinger: id=38058 createSurf (720x1560),1 flag=404, Splash Screen com.example.dogglers#0
08-30 15:11:11.943  5135  5135 I ViewRootImpl@fbf3973[LauncherActivity]: MSG_WINDOW_FOCUS_CHANGED 0 1
08-30 15:11:11.943  4349  4372 V WindowManager: Relayout hash=37ac163, pid=4349: mAttrs={(0,0)(fillxfill) sim={adjust=pan} layoutInDisplayCutoutMode=shortEdges ty=APPLICATION_STARTING wanim=0x1030001
08-30 15:11:11.943  4349  4372 V WindowManager:   fl=1830118
08-30 15:11:11.943  4349  4372 V WindowManager:   pfl=12020011
08-30 15:11:11.943  4349  4372 V WindowManager:   fitSides= naviIconColor=0}
08-30 15:11:11.943  4349  4372 I ViewRootImpl@5f6d392[dogglers]: Relayout returned: old=(0,0,720,1560) new=(0,0,720,1560) req=(720,1560)0 dur=6 res=0x7 s={true 476020408320} ch=true fn=-1
08-30 15:11:11.944  4349  4372 I ViewRootImpl@5f6d392[dogglers]: [DP] dp(1) 1 android.view.ViewRootImpl.reportNextDraw:10957 android.view.ViewRootImpl.performTraversals:3845 android.view.ViewRootImpl.doTraversal:2618
08-30 15:11:11.945  3899 10978 D gralloc : [mali_gralloc_allocate] begin
08-30 15:11:11.945  3899 10978 D gralloc : buffer_descriptor: wh(720 1560) usage_pc(0x966 0x906) hal_format(0x1) layer_count(1) sizes(0 0 0) strde(0) byte_stride(0) alloc_wh(0 0) internal_format(0x0) alloc_format(0x0) fd_count(1) plane_count(0)
08-30 15:11:11.946  3899 10978 D gralloc : [mali_gralloc_allocate] allocation successful
08-30 15:11:11.950 23627 23627 I DecorView: [INFO] isPopOver=false, config=true
08-30 15:11:11.951 23627 23627 I DecorView: updateCaptionType >> DecorView@5dfca7a[], isFloating=false, isApplication=true, hasWindowDecorCaption=false, hasWindowControllerCallback=true
08-30 15:11:11.951 23627 23627 D DecorView: setCaptionType = 0, this = DecorView@5dfca7a[]
08-30 15:11:11.953  4349  4371 I SemPersonaManager: SecureFolder personaId = 150
08-30 15:11:11.958 23627 23627 D LifecycleMonitor: Lifecycle status change: androidx.test.core.app.InstrumentationActivityInvoker$BootstrapActivity@b353c9c in: CREATED
08-30 15:11:11.958  4349  4372 I ViewRootImpl@5f6d392[dogglers]: [DP] pdf(0) 1 android.view.ViewRootImpl.performDraw:4809 android.view.ViewRootImpl.performTraversals:3866 android.view.ViewRootImpl.doTraversal:2618
08-30 15:11:11.958  4349  4372 I ViewRootImpl@5f6d392[dogglers]: [DP] rdf()
08-30 15:11:11.959 23627 23627 V ActivityScenario: Activity lifecycle changed event received but ignored because the intent does not match. startActivityIntent=Intent { act=android.intent.action.MAIN cat=[android.intent.category.LAUNCHER] cmp=com.example.dogglers/.MainActivity }, activity.getIntent()=Intent { act=android.intent.action.MAIN cat=[android.intent.category.LAUNCHER] flg=0x10008000 cmp=com.example.dogglers/androidx.test.core.app.InstrumentationActivityInvoker$BootstrapActivity (has extras) }, activity=androidx.test.core.app.InstrumentationActivityInvoker$BootstrapActivity@b353c9c
08-30 15:11:11.968  4708 10042 D WallpaperService: dispatchAppVisibility onVisibilityChanged(): false
08-30 15:11:11.968  4708  4708 D WallpaperService: reportVisibility onVisibilityChanged visible: false
08-30 15:11:11.968  4708  4907 I ImageWallpaper:  onVisibilityChanged false , 0
08-30 15:11:11.969  4349  4372 I SurfaceControl: nativeRelease nativeObject s[476017812256]
08-30 15:11:11.969  4349  4372 I SurfaceControl: nativeRelease nativeObject e[476017812256]
08-30 15:11:11.969 14146 14146 I TrayStateController: systemUiVisibilityChanged : 2 0
08-30 15:11:11.972  3976  4318 I SurfaceFlinger: id=38059 createSurf (0x0),-1 flag=24000, Surface(name=1096c8d StatusBar)/@0xeaf4dd0 - animation-leash#0
08-30 15:11:11.973  4349  4372 I SurfaceControl: nativeRelease nativeObject s[476017812352]
08-30 15:11:11.973  4349  4372 I SurfaceControl: nativeRelease nativeObject e[476017812352]
08-30 15:11:11.973  3976  4318 I SurfaceFlinger: id=38060 createSurf (0x0),-1 flag=24000, Surface(name=b07ecc5 NavigationBar0)/@0xa8376fc - animation-leash#1
08-30 15:11:11.974  3976  6075 E BufferQueueProducer: [com.sec.android.app.launcher/com.sec.android.app.launcher.activities.LauncherActivity$_5135#0](id:f88000033a7,api:0,p:-1,c:3976) disconnect: not connected (req=1)
08-30 15:11:11.974  5135  7074 W libEGL  : EGLNativeWindowType 0x6ef839b010 disconnect failed
08-30 15:11:11.976  3976  6075 I Layer   : id=38048 removeFromCurrentState Surface(name=1096c8d StatusBar)/@0xeaf4dd0 - animation-leash#1 (92)
08-30 15:11:11.976  3976  6075 I Layer   : id=38049 removeFromCurrentState Surface(name=b07ecc5 NavigationBar0)/@0xa8376fc - animation-leash#0 (92)
08-30 15:11:11.976 14146 14146 I TrayStateController: systemUiVisibilityChanged : 0 0
08-30 15:11:11.978  4349  6779 V WindowManager: Relayout Window{b49dc7f u0 com.sec.android.app.launcher/com.sec.android.app.launcher.activities.LauncherActivity}: viewVisibility=8 req=720x1560
08-30 15:11:11.978 23627 23627 D LifecycleMonitor: Lifecycle status change: androidx.test.core.app.InstrumentationActivityInvoker$BootstrapActivity@b353c9c in: STARTED
08-30 15:11:11.979 23627 23627 V ActivityScenario: Activity lifecycle changed event received but ignored because the intent does not match. startActivityIntent=Intent { act=android.intent.action.MAIN cat=[android.intent.category.LAUNCHER] cmp=com.example.dogglers/.MainActivity }, activity.getIntent()=Intent { act=android.intent.action.MAIN cat=[android.intent.category.LAUNCHER] flg=0x10008000 cmp=com.example.dogglers/androidx.test.core.app.InstrumentationActivityInvoker$BootstrapActivity (has extras) }, activity=androidx.test.core.app.InstrumentationActivityInvoker$BootstrapActivity@b353c9c
08-30 15:11:11.983  4349  6779 V WindowManager: Relayout hash=b49dc7f, pid=5135: mAttrs={(0,0)(fillxfill) sim={adjust=nothing} layoutInDisplayCutoutMode=shortEdges ty=BASE_APPLICATION fmt=TRANSPARENT wanim=0x10302f2
08-30 15:11:11.983  4349  6779 V WindowManager:   fl=81910100
08-30 15:11:11.983  4349  6779 V WindowManager:   pfl=16020000
08-30 15:11:11.983  4349  6779 V WindowManager:   vsysui=1700
08-30 15:11:11.983  4349  6779 V WindowManager:   bhv=SHOW_TRANSIENT_BARS_BY_SWIPE
08-30 15:11:11.983  4349  6779 V WindowManager:   fitSides= naviIconColor=0}
08-30 15:11:11.984  5135  5135 I SurfaceControl: nativeRelease nativeObject s[478247329888]
08-30 15:11:11.984  5135  5135 I SurfaceControl: nativeRelease nativeObject e[478247329888]
08-30 15:11:11.985  5135  5135 I SurfaceControl: assignNativeObject: nativeObject = 0 Surface(name=null)/@0xd6fa7c2 / android.view.SurfaceControl.readFromParcel:1117 android.view.IWindowSession$Stub$Proxy.relayout:1826 android.view.ViewRootImpl.relayoutWindow:9005 android.view.ViewRootImpl.performTraversals:3360 android.view.ViewRootImpl.doTraversal:2618 android.view.ViewRootImpl$TraversalRunnable.run:9971 android.view.Choreographer$CallbackRecord.run:1010 android.view.Choreographer.doCallbacks:809 android.view.Choreographer.doFrame:744 android.view.Choreographer$FrameDisplayEventReceiver.run:995
08-30 15:11:11.986  5135  5135 I SurfaceControl: assignNativeObject: nativeObject = 0 Surface(name=null)/@0xe42a745 / android.view.SurfaceControl.readFromParcel:1117 android.view.IWindowSession$Stub$Proxy.relayout:1836 android.view.ViewRootImpl.relayoutWindow:9005 android.view.ViewRootImpl.performTraversals:3360 android.view.ViewRootImpl.doTraversal:2618 android.view.ViewRootImpl$TraversalRunnable.run:9971 android.view.Choreographer$CallbackRecord.run:1010 android.view.Choreographer.doCallbacks:809 android.view.Choreographer.doFrame:744 android.view.Choreographer$FrameDisplayEventReceiver.run:995
08-30 15:11:11.989  5135  5135 I SurfaceControl: nativeRelease nativeObject s[476609857440]
08-30 15:11:11.990  5135  5135 I SurfaceControl: nativeRelease nativeObject e[476609857440]
08-30 15:11:11.990  5135  5135 I SurfaceControl: nativeRelease nativeObject s[478247334304]
08-30 15:11:11.990  5135  5135 I SurfaceControl: nativeRelease nativeObject e[478247334304]
08-30 15:11:11.990  5135  5135 I SurfaceControl: nativeRelease nativeObject s[478247337664]
08-30 15:11:11.990  5135  5135 I SurfaceControl: nativeRelease nativeObject e[478247337664]
08-30 15:11:11.990  5135  5135 I ViewRootImpl@fbf3973[LauncherActivity]: Relayout returned: old=(0,0,720,1560) new=(0,0,720,1560) req=(720,1560)8 dur=11 res=0x5 s={false 0} ch=true fn=21
08-30 15:11:11.990  3976  6075 I SurfaceFlinger: id=38061 createSurf (0x0),-1 flag=80004, ActivityRecord{b4ec953 u0 com.example.dogglers/.MainActivity t1411}#0
08-30 15:11:11.991  5135  5135 I SurfaceControl: nativeRelease nativeObject s[478247329888]
08-30 15:11:11.991  5135  5135 I SurfaceControl: nativeRelease nativeObject e[478247329888]
08-30 15:11:11.996  3976  3976 D SurfaceFlinger: Display 0 HWC layers:
08-30 15:11:11.996  3976  3976 D SurfaceFlinger:      DEVICE | 0x75743a5800 | 0002 | RGBA_8888    |    0.0    0.0  720.0 1560.0 |    0    0  720 1560 | Splash Screen com.example.dogglers#0
08-30 15:11:11.996  3976  3976 D SurfaceFlinger:      DEVICE | 0x75743a6fc0 | 0000 | RGBA_8888    |    0.0    0.0  720.0   53.0 |    0    0  720   53 | StatusBar$_4708#0
08-30 15:11:11.996  3976  3976 D SurfaceFlinger:      DEVICE | 0x74d157fa00 | 0000 | RGBA_8888    |    0.0    0.0   67.0  232.0 |  653  151  720  383 | com.samsung.android.app.cocktailbars[...]rservice.CocktailBarService$_14146#0
08-30 15:11:11.996  3976  3976 D SurfaceFlinger:      DEVICE | 0x75743a7380 | 0000 | RGBA_8888    |    0.0    0.0  720.0   84.0 |    0 1476  720 1560 | NavigationBar0$_4708#0
08-30 15:11:11.996  3976  3976 D SurfaceFlinger:      DEVICE | 0x74f0413e00 | 0000 | RGBA_8888    |    0.0    0.0  720.0  101.0 |    0    0  720  101 | ScreenDecorOverlay$_4708#0
08-30 15:11:11.996  3976  3976 D SurfaceFlinger:      DEVICE | 0x75743a7b00 | 0000 | RGBA_8888    |    0.0    0.0  720.0  101.0 |    0 1459  720 1560 | ScreenDecorOverlayBottom$_4708#0
08-30 15:11:11.996  3976  3976 D SurfaceFlinger:
08-30 15:11:12.000 23627 23627 D LifecycleMonitor: Lifecycle status change: androidx.test.core.app.InstrumentationActivityInvoker$BootstrapActivity@b353c9c in: RESUMED
08-30 15:11:12.000 23627 23627 V ActivityScenario: Activity lifecycle changed event received but ignored because the intent does not match. startActivityIntent=Intent { act=android.intent.action.MAIN cat=[android.intent.category.LAUNCHER] cmp=com.example.dogglers/.MainActivity }, activity.getIntent()=Intent { act=android.intent.action.MAIN cat=[android.intent.category.LAUNCHER] flg=0x10008000 cmp=com.example.dogglers/androidx.test.core.app.InstrumentationActivityInvoker$BootstrapActivity (has extras) }, activity=androidx.test.core.app.InstrumentationActivityInvoker$BootstrapActivity@b353c9c
08-30 15:11:12.001  4349  4372 I ViewRootImpl@5f6d392[dogglers]: MSG_RESIZED_REPORT: frame=(0,0,720,1560) ci=(0,53,0,0) vi=(0,53,0,0) or=1
08-30 15:11:12.002  4349  4372 I ViewRootImpl@5f6d392[dogglers]: [DP] dp(1) 1 android.view.ViewRootImpl.reportNextDraw:10957 android.view.ViewRootImpl.access$1200:256 android.view.ViewRootImpl$ViewRootHandler.handleMessage:6101
08-30 15:11:12.003  4349  4372 V WindowManager: Relayout Window{37ac163 u0 Splash Screen com.example.dogglers}: viewVisibility=0 req=720x1560
08-30 15:11:12.005  4349  4372 I SurfaceControl: nativeRelease nativeObject s[478079923456]
08-30 15:11:12.005  4349  4372 I SurfaceControl: nativeRelease nativeObject e[478079923456]
08-30 15:11:12.005  4349  4371 D EnterpriseDeviceManagerService: isMdmAdminPresentInternal() : MDM Admin Found - com.samsung.knox.securefolder
08-30 15:11:12.006  4349  4372 V WindowManager: Relayout hash=37ac163, pid=4349: mAttrs={(0,0)(fillxfill) sim={adjust=pan} layoutInDisplayCutoutMode=shortEdges ty=APPLICATION_STARTING wanim=0x1030001
08-30 15:11:12.006  4349  4372 V WindowManager:   fl=1830118
08-30 15:11:12.006  4349  4372 V WindowManager:   pfl=12020011
08-30 15:11:12.006  4349  4372 V WindowManager:   fitSides= naviIconColor=0}
08-30 15:11:12.006 23627 23627 D LifecycleMonitor: Lifecycle status change: androidx.test.core.app.InstrumentationActivityInvoker$BootstrapActivity@b353c9c in: PAUSED
08-30 15:11:12.006  4349  4372 I SurfaceControl: nativeRelease nativeObject s[476017812256]
08-30 15:11:12.006  4349  4372 I SurfaceControl: nativeRelease nativeObject e[476017812256]
08-30 15:11:12.006  4349  4372 I SurfaceControl: nativeRelease nativeObject s[476017812352]
08-30 15:11:12.006  4349  4372 I SurfaceControl: nativeRelease nativeObject e[476017812352]
08-30 15:11:12.006  4349  4372 I ViewRootImpl@5f6d392[dogglers]: Relayout returned: old=(0,0,720,1560) new=(0,0,720,1560) req=(720,1560)0 dur=3 res=0x1 s={true 476020408320} ch=false fn=2
08-30 15:11:12.007 23627 23627 V ActivityScenario: Activity lifecycle changed event received but ignored because the intent does not match. startActivityIntent=Intent { act=android.intent.action.MAIN cat=[android.intent.category.LAUNCHER] cmp=com.example.dogglers/.MainActivity }, activity.getIntent()=Intent { act=android.intent.action.MAIN cat=[android.intent.category.LAUNCHER] flg=0x10008000 cmp=com.example.dogglers/androidx.test.core.app.InstrumentationActivityInvoker$BootstrapActivity (has extras) }, activity=androidx.test.core.app.InstrumentationActivityInvoker$BootstrapActivity@b353c9c
08-30 15:11:12.007  3899 10978 D gralloc : [mali_gralloc_allocate] begin
08-30 15:11:12.007  3899 10978 D gralloc : buffer_descriptor: wh(720 1560) usage_pc(0x966 0x906) hal_format(0x1) layer_count(1) sizes(0 0 0) strde(0) byte_stride(0) alloc_wh(0 0) internal_format(0x0) alloc_format(0x0) fd_count(1) plane_count(0)
08-30 15:11:12.008  3899 10978 D gralloc : [mali_gralloc_allocate] allocation successful
08-30 15:11:12.010  4349  6800 V WindowOrientationListener: getProposedRotation: -1
08-30 15:11:12.014  4349  6800 D InputDispatcher: Focused application set to (0): b4ec953
08-30 15:11:12.014  4349  4372 I ViewRootImpl@5f6d392[dogglers]: [DP] pdf(0) 1 android.view.ViewRootImpl.performDraw:4809 android.view.ViewRootImpl.performTraversals:3866 android.view.ViewRootImpl.doTraversal:2618
08-30 15:11:12.014  4349  4372 I ViewRootImpl@5f6d392[dogglers]: [DP] rdf()
08-30 15:11:12.020  3976  6075 I SurfaceFlinger: id=38062 createSurf (0x0),-1 flag=24000, Surface(name=ActivityRecord{de7002f u0 com.example.dogglers/androidx.test.core.app.InstrumentationActivityInvoker$BootstrapActivity t1411})/@0xf836666 - animation-leash#0
08-30 15:11:12.021  3976  6075 I SurfaceFlinger: id=38063 createSurf (0x0),-1 flag=20004, Dim Layer for - Task=1411 - animating-dim#0
08-30 15:11:12.022  3976  6075 I SurfaceFlinger: id=38064 createSurf (0x0),-1 flag=24000, Surface(name=Dim Layer for - Task=1411 - animating-dim)/@0x84f82f2 - animation-leash#0
08-30 15:11:12.023  3976  6075 I SurfaceFlinger: id=38065 createSurf (0x0),-1 flag=80004, Surface(name=ActivityRecord{de7002f u0 com.example.dogglers/androidx.test.core.app.InstrumentationActivityInvoker$BootstrapActivity t1411})/@0xf836666 - animation-bounds#0
08-30 15:11:12.024  4349  6800 I SurfaceControl: nativeRelease nativeObject s[476017203296]
08-30 15:11:12.024  4349  6800 I SurfaceControl: nativeRelease nativeObject e[476017203296]
08-30 15:11:12.026  3976  6075 I Layer   : id=38063 removeFromCurrentState Dim Layer for - Task=1411 - animating-dim#0 (97)
08-30 15:11:12.027  3976  6075 I SurfaceFlinger: id=38063 Removed Dim Layer for - Task=1411 - animating-dim#0 (97)
08-30 15:11:12.037  3976  3976 I Layer   : id=38063[1] Destroyed Dim Layer for - Task=1411 - animating-dim#0
08-30 15:11:12.039 23627 23627 D LifecycleMonitor: Lifecycle status change: com.example.dogglers.MainActivity@9aa2607 in: PRE_ON_CREATE
08-30 15:11:12.040 23627 23627 V ActivityScenario: Activity lifecycle changed event received but ignored because the reported transition was not ON_CREATE while the last known transition was PRE_ON_CREATE
08-30 15:11:12.052  5135  5135 I ViewRootImpl@fbf3973[LauncherActivity]: stopped(true) old=false
08-30 15:11:12.053  5135  5135 I StateManager: goToState isInState Normal
08-30 15:11:12.056  4349  4371 I SemPersonaManager: SecureFolder personaId = 150
08-30 15:11:12.060  5135  5135 W LauncherAppWidgetHost: setListenIfResumed, mFlags = 7
08-30 15:11:12.060  4349  6800 I AppWidgetServiceImpl: stopListening callbacks : null
08-30 15:11:12.061  5135  5135 W Launcher.NotificationListener: removeNotificationsChangedListener
08-30 15:11:12.061  5135  5135 I BadgeCountUpdaterImpl: onNotificationsChangedDisConnected
08-30 15:11:12.061  5135  5135 I Launcher.NotificationListener: unregisterObserver, this is not notificationService!!
08-30 15:11:12.063  5135  5135 I LiveIconUpdateEventHandler: cancelMinuteChangeAlarm
08-30 15:11:12.068  5135  5135 I LiveIconUpdateEventHandler: cancelDateChangeAlarm
08-30 15:11:12.085 23627 23627 I DecorView: [INFO] isPopOver=false, config=true
08-30 15:11:12.085 23627 23627 I DecorView: updateCaptionType >> DecorView@521813a[], isFloating=false, isApplication=true, hasWindowDecorCaption=false, hasWindowControllerCallback=true
08-30 15:11:12.085 23627 23627 D DecorView: setCaptionType = 0, this = DecorView@521813a[]
08-30 15:11:12.101  4349  4371 D EnterpriseDeviceManagerService: isMdmAdminPresentInternal() : MDM Admin Found - com.samsung.knox.securefolder
08-30 15:11:12.109  5135  5135 I LiveIconUpdateEventHandler: unregisterReceiver
08-30 15:11:12.114 23627 23627 D LifecycleMonitor: Lifecycle status change: com.example.dogglers.MainActivity@9aa2607 in: CREATED
08-30 15:11:12.115 23627 23627 V ActivityScenario: Update currentActivityStage to CREATED, currentActivity=com.example.dogglers.MainActivity@9aa2607
08-30 15:11:12.118 23627 23627 D LifecycleMonitor: Lifecycle status change: com.example.dogglers.MainActivity@9aa2607 in: STARTED
08-30 15:11:12.118 23627 23627 V ActivityScenario: Update currentActivityStage to STARTED, currentActivity=com.example.dogglers.MainActivity@9aa2607
08-30 15:11:12.121 23627 23627 D LifecycleMonitor: Lifecycle status change: com.example.dogglers.MainActivity@9aa2607 in: RESUMED
08-30 15:11:12.121 23627 23627 V ActivityScenario: Update currentActivityStage to RESUMED, currentActivity=com.example.dogglers.MainActivity@9aa2607
08-30 15:11:12.122  4349  6800 I SurfaceControl: nativeRelease nativeObject s[476016292032]
08-30 15:11:12.122  4349  6800 I SurfaceControl: nativeRelease nativeObject e[476016292032]
08-30 15:11:12.123  3976  6075 I Layer   : id=38047 removeFromCurrentState com.sec.android.app.launcher/com.sec.android.app.launcher.activities.LauncherActivity$_5135#0 (96)
08-30 15:11:12.126  3976  6075 I SurfaceFlinger: id=38047 Removed com.sec.android.app.launcher/com.sec.android.app.launcher.activities.LauncherActivity$_5135#0 (96)
08-30 15:11:12.127  4349  4369 D SehCodecSolutionService: Update top [com.example.dogglers]
08-30 15:11:12.129  4349  6800 D InputTransport: Input channel constructed: '608d0ee', fd=782
08-30 15:11:12.129  4349  6800 D InputTransport: Input channel constructed: '608d0ee', fd=783
08-30 15:11:12.129  3976  6075 I SurfaceFlinger: id=38066 createSurf (0x0),-1 flag=80004, 608d0ee com.example.dogglers/com.example.dogglers.MainActivity#0
08-30 15:11:12.130  4349  6800 D WindowManager: isScreenshotDisabledLocked - win: Window{608d0ee u0 com.example.dogglers/com.example.dogglers.MainActivity}
08-30 15:11:12.130  4349  6800 D WindowManager: isScreenshotDisabledLocked: userId = 0, disabled =false
08-30 15:11:12.130  4349  6800 D InputTransport: Input channel destroyed: '608d0ee', fd=783
08-30 15:11:12.131 23627 23627 D InputTransport: Input channel constructed: '608d0ee', fd=81
08-30 15:11:12.133 23627 23627 I ViewRootImpl@117c678[MainActivity]: setView = com.android.internal.policy.DecorView@521813a TM=true
08-30 15:11:12.136  3976  3976 I Layer   : id=38047[1] Destroyed com.sec.android.app.launcher/com.sec.android.app.launcher.activities.LauncherActivity$_5135#0
08-30 15:11:12.153  4349  6800 V WindowManager: Relayout Window{608d0ee u0 com.example.dogglers/com.example.dogglers.MainActivity}: viewVisibility=0 req=720x1560
08-30 15:11:12.156  4349  6800 D WindowManager: isScreenshotDisabledLocked - win: Window{608d0ee u0 com.example.dogglers/com.example.dogglers.MainActivity}
08-30 15:11:12.156  4349  6800 D WindowManager: isScreenshotDisabledLocked: userId = 0, disabled =false
08-30 15:11:12.157  3976  5385 I SurfaceFlinger: id=38067 createSurf (720x1560),1 flag=404, com.example.dogglers/com.example.dogglers.MainActivity$_23627#0
08-30 15:11:12.160  4349  6800 I SurfaceControl: nativeRelease nativeObject s[476008573824]
08-30 15:11:12.160  4349  6800 I SurfaceControl: nativeRelease nativeObject e[476008573824]
08-30 15:11:12.160 14146 14146 I TrayStateController: systemUiVisibilityChanged : 0 0
08-30 15:11:12.160  3976  5385 I SurfaceFlinger: id=38068 createSurf (0x0),-1 flag=24000, Surface(name=1096c8d StatusBar)/@0xeaf4dd0 - animation-leash#1
08-30 15:11:12.161  4349  6800 I SurfaceControl: nativeRelease nativeObject s[476008573920]
08-30 15:11:12.161  4349  6800 I SurfaceControl: nativeRelease nativeObject e[476008573920]
08-30 15:11:12.163  3976  5385 I SurfaceFlinger: id=38069 createSurf (0x0),-1 flag=24000, Surface(name=b07ecc5 NavigationBar0)/@0xa8376fc - animation-leash#0
08-30 15:11:12.165  4349  6800 V WindowManager: Relayout hash=608d0ee, pid=23627: mAttrs={(0,0)(fillxfill) sim={adjust=pan forwardNavigation} ty=BASE_APPLICATION wanim=0x1030304
08-30 15:11:12.165  4349  6800 V WindowManager:   fl=81810100
08-30 15:11:12.165  4349  6800 V WindowManager:   pfl=12020000
08-30 15:11:12.165  4349  6800 V WindowManager:   fitSides= naviIconColor=0}
08-30 15:11:12.165  4349  6800 I SurfaceControl: nativeRelease nativeObject s[476017807648]
08-30 15:11:12.165  4349  6800 I SurfaceControl: nativeRelease nativeObject e[476017807648]
08-30 15:11:12.167 23627 23627 I SurfaceControl: assignNativeObject: nativeObject = 0 Surface(name=null)/@0xb60c989 / android.view.SurfaceControl.readFromParcel:1117 android.view.IWindowSession$Stub$Proxy.relayout:1836 android.view.ViewRootImpl.relayoutWindow:9005 android.view.ViewRootImpl.performTraversals:3360 android.view.ViewRootImpl.doTraversal:2618 android.view.ViewRootImpl$TraversalRunnable.run:9971 android.view.Choreographer$CallbackRecord.run:1010 android.view.Choreographer.doCallbacks:809 android.view.Choreographer.doFrame:744 android.view.Choreographer$FrameDisplayEventReceiver.run:995
08-30 15:11:12.168 23627 23627 I ViewRootImpl@117c678[MainActivity]: Relayout returned: old=(0,0,720,1560) new=(0,0,720,1560) req=(720,1560)0 dur=15 res=0x7 s={true 478060556288} ch=true fn=-1
08-30 15:11:12.172  3976  5385 I Layer   : id=38060 removeFromCurrentState Surface(name=b07ecc5 NavigationBar0)/@0xa8376fc - animation-leash#1 (99)
08-30 15:11:12.172  3976  5385 I Layer   : id=25 removeFromCurrentState b07ecc5 NavigationBar0#0 (99)
08-30 15:11:12.172  3976  5385 I Layer   : id=32 removeFromCurrentState NavigationBar0$_4708#0 (99)
08-30 15:11:12.172  3976  5385 I Layer   : id=38059 removeFromCurrentState Surface(name=1096c8d StatusBar)/@0xeaf4dd0 - animation-leash#0 (99)
08-30 15:11:12.172  3976  5385 I Layer   : id=25 addToCurrentState b07ecc5 NavigationBar0#0 (99)
08-30 15:11:12.172  3976  5385 I Layer   : id=32 addToCurrentState NavigationBar0$_4708#0 (99)
08-30 15:11:12.173  4349  4372 I SurfaceControl: nativeRelease nativeObject s[476011684320]
08-30 15:11:12.173  4349  4372 I SurfaceControl: nativeRelease nativeObject e[476011684320]
08-30 15:11:12.173  4349  4372 I SurfaceControl: nativeRelease nativeObject s[478079923456]
08-30 15:11:12.173  4349  4372 I SurfaceControl: nativeRelease nativeObject e[478079923456]
08-30 15:11:12.173  3976  4318 I SurfaceFlinger: id=38060 Removed Surface(name=b07ecc5 NavigationBar0)/@0xa8376fc - animation-leash#1 (99)
08-30 15:11:12.173  3976  4318 I SurfaceFlinger: id=38059 Removed Surface(name=1096c8d StatusBar)/@0xeaf4dd0 - animation-leash#0 (99)
08-30 15:11:12.173  3899 10978 D gralloc : [mali_gralloc_allocate] begin
08-30 15:11:12.173  3899 10978 D gralloc : buffer_descriptor: wh(720 1560) usage_pc(0x40000000000b00 0x40000000000b00) hal_format(0x1) layer_count(1) sizes(0 0 0) strde(0) byte_stride(0) alloc_wh(0 0) internal_format(0x0) alloc_format(0x0) fd_count(1) plane_count(0)
08-30 15:11:12.174  3899 10978 D gralloc : [mali_gralloc_allocate] allocation successful
08-30 15:11:12.175  3899 10978 D gralloc : [mali_gralloc_allocate] begin
08-30 15:11:12.175  3899 10978 D gralloc : buffer_descriptor: wh(720 1560) usage_pc(0x40000000000b00 0x40000000000b00) hal_format(0x1) layer_count(1) sizes(0 0 0) strde(0) byte_stride(0) alloc_wh(0 0) internal_format(0x0) alloc_format(0x0) fd_count(1) plane_count(0)
08-30 15:11:12.176  3899 10978 D gralloc : [mali_gralloc_allocate] allocation successful
08-30 15:11:12.177  3899 10978 D gralloc : [mali_gralloc_allocate] begin
08-30 15:11:12.177 23627 23627 I ViewRootImpl@117c678[MainActivity]: [DP] dp(1) 1 android.view.ViewRootImpl.reportNextDraw:10957 android.view.ViewRootImpl.performTraversals:3845 android.view.ViewRootImpl.doTraversal:2618
08-30 15:11:12.177  3899 10978 D gralloc : buffer_descriptor: wh(720 1560) usage_pc(0x40000000000b00 0x40000000000b00) hal_format(0x1) layer_count(1) sizes(0 0 0) strde(0) byte_stride(0) alloc_wh(0 0) internal_format(0x0) alloc_format(0x0) fd_count(1) plane_count(0)
08-30 15:11:12.177 23627 23627 I ViewRootImpl@117c678[MainActivity]: [DP] pd() Asnyc report
08-30 15:11:12.177  3899 10978 D gralloc : [mali_gralloc_allocate] allocation successful
08-30 15:11:12.187  3976  3976 I Layer   : id=38059[1] Destroyed Surface(name=1096c8d StatusBar)/@0xeaf4dd0 - animation-leash#0
08-30 15:11:12.187  3976  3976 I Layer   : id=38060[1] Destroyed Surface(name=b07ecc5 NavigationBar0)/@0xa8376fc - animation-leash#1
08-30 15:11:12.195 23627 23627 I ViewRootImpl@117c678[MainActivity]: [DP] pdf(0) 1 android.view.ViewRootImpl.lambda$performDraw$1$ViewRootImpl:4668 android.view.-$$Lambda$ViewRootImpl$DJd0VUYJgsebcnSohO6h8zc_ONI.run:6 android.os.Handler.handleCallback:938
08-30 15:11:12.195 23627 23627 I ViewRootImpl@117c678[MainActivity]: [DP] rdf()
08-30 15:11:12.200  4349  4372 D PkgPredictorService: pkg:com.example.dogglers activity:com.example.dogglers.MainActivity thisTime:365
08-30 15:11:12.200  4349  4372 D PkgPredictorService-Collector: update activity launch time: MainActivity : 365
08-30 15:11:12.200  4349  4372 I SemDvfsHyPerManager: acquire hyper - AMS_RESUME_TAIL/4349@18, type = -999
08-30 15:11:12.201  4349  4372 I SemDvfsHyPerManager: acquire hyper - AMS_ACT_LAZY/4349@19, type = -999
08-30 15:11:12.201  3927  3954 I HYPER-HAL: [RequestManager.cpp]acquire(): Acquired ID : 9537546  [4349 / 18]    HINT : AMS_RESUME_TAIL    list :
08-30 15:11:12.201  3927  3954 E HYPER-HAL: [HandlerSysfs.cpp]doResourceHandling(): Couldn't Open Sysfs - /sys/power/cstate_control
08-30 15:11:12.201  3927  3954 I HYPER-HAL: [ResourceManager.cpp]updateResource(): [CPUMinFreq] UpdateResource Request ID : 9537546    Value : 1560000
08-30 15:11:12.202  3927  3954 I HYPER-HAL: [RequestManager.cpp]acquire(): Acquired ID : 9541915  [4349 / 19]    HINT :      list :
08-30 15:11:12.202  3927  3954 E HYPER-HAL: [Request.cpp]acquire(): Request:: id : 9541915, No Resource to set
08-30 15:11:12.202  3927  3954 E HYPER-HAL: [HandlerSysfs.cpp]doResourceHandling(): Couldn't Open Sysfs - /sys/power/cstate_control
08-30 15:11:12.202  3927  3954 I HYPER-HAL: [ResourceManager.cpp]removeResource(): [CPUMinFreq] RemoveResource Request ID : 9546285
08-30 15:11:12.203  3927  3954 I HYPER-HAL: [RequestManager.cpp]releaseLocked(): Released ID : 9546285
08-30 15:11:12.204  4349  4376 D ArtManagerInternalImpl: /data/misc/iorapd/com.example.dogglers/1/com.example.dogglers.MainActivity/compiled_traces/compiled_trace.pb doesn't exist
08-30 15:11:12.205  4349  6800 I InputDispatcher: Focus entered window (23627): 608d0ee in display 0 0
08-30 15:11:12.207  4349  4372 D ViewRootImpl@5f6d392[dogglers]: dispatchDetachedFromWindow: reset blurmask
08-30 15:11:12.207  4349  4372 I ViewRootImpl@5f6d392[dogglers]: dispatchDetachedFromWindow
08-30 15:11:12.207  4349  4376 I ActivityTaskManager: Displayed com.example.dogglers/.MainActivity: +365ms
08-30 15:11:12.207  5589  5589 E pageboostd: Received HALT command code 2
08-30 15:11:12.208  4349  4372 I SurfaceControl: nativeRelease nativeObject s[476008573728]
08-30 15:11:12.208  4349  4372 I SurfaceControl: nativeRelease nativeObject e[476008573728]
08-30 15:11:12.208  4349  4372 D InputTransport: Input channel destroyed: '37ac163', fd=693
08-30 15:11:12.210  3976  5385 I SurfaceFlinger: id=38070 createSurf (0x0),-1 flag=24000, Surface(name=37ac163 Splash Screen com.example.dogglers)/@0xf18738e - animation-leash#0
08-30 15:11:12.214 23627 23627 I ViewRootImpl@117c678[MainActivity]: MSG_WINDOW_FOCUS_CHANGED 1 1
08-30 15:11:12.214 23627 23627 D InputMethodManager: prepareNavigationBarInfo() DecorView@521813a[MainActivity]
08-30 15:11:12.214 23627 23627 D InputMethodManager: getNavigationBarColor() -16711423
08-30 15:11:12.214  4349  4372 D InputTransport: Input channel destroyed: '37ac163', fd=757
08-30 15:11:12.217 23627 23627 D InputMethodManager: prepareNavigationBarInfo() DecorView@521813a[MainActivity]
08-30 15:11:12.217 23627 23627 D InputMethodManager: getNavigationBarColor() -16711423
08-30 15:11:12.217 23627 23627 V InputMethodManager: Starting input: tba=com.example.dogglers ic=null mNaviBarColor -16711423 mIsGetNaviBarColorSuccess true , NavVisible : true , NavTrans : false
08-30 15:11:12.217 23627 23627 D InputMethodManager: startInputInner - Id : 0
08-30 15:11:12.217 23627 23627 I InputMethodManager: startInputInner - mService.startInputOrWindowGainedFocus
08-30 15:11:12.218  4349  6800 D InputMethodManagerService: mSecureKeypadEnabled = false
08-30 15:11:12.218  4349  6800 V InputMethodManagerService: hideCurrentInputLocked : shouldHideSoftInput is false
08-30 15:11:12.219  4349  6800 D InputMethodManagerService: mDesktopModeManager null!
08-30 15:11:12.219  4349  6800 V InputMethodManagerService: getDisplayIdOfInputMethodWindowToBeAdded : 0
08-30 15:11:12.219  4349  6800 D SamsungIMMSHWKeyboard: isConnectedDexOnPC false
08-30 15:11:12.219  4349  6800 D InputMethodManagerService: isImeSwitcherDisabledPackage : false
08-30 15:11:12.220  4349  6800 D InputMethodManagerService: checkDisplayOfStartInputAndUpdateKeyboard display Id 0last 0
08-30 15:11:12.220  4349  6800 D InputTransport: Input channel constructed: 'ClientS', fd=693
08-30 15:11:12.220  4349  6800 D InputTransport: Input channel destroyed: 'ClientS', fd=693
08-30 15:11:12.221 23627 23627 D InputTransport: Input channel constructed: 'ClientS', fd=90
08-30 15:11:12.223  4349  6800 I SurfaceControl: nativeRelease nativeObject s[476017206176]
08-30 15:11:12.223  4349  6800 I SurfaceControl: nativeRelease nativeObject e[476017206176]
08-30 15:11:12.223  3976  4318 I SurfaceFlinger: id=38071 createSurf (0x0),-1 flag=24004, Surface(name=749d536 InputMethod)/@0x72f94d3 - animation-leash#0
08-30 15:11:12.225  7475  7475 I HBD     : HoneyBoardService onFinishInput
08-30 15:11:12.225  7475  7475 I HBD     : a IC have been unbinded,  InputConnectionWrapper{idHash=#5a81109 mMissingMethods=}
08-30 15:11:12.226  7475  7475 I HBD     : HoneyBoardService [PF_CL][onFinishInput]  591230 ns
08-30 15:11:12.226  7475  7475 I HBD     : HoneyBoardService [IMI] onStartInput - caller pid : 23627 , caller uid : 10429
08-30 15:11:12.226  7475  7475 I HBD     : i updateConfigs
08-30 15:11:12.226  7475  7475 I HBD     : i isEnabledNightMode : true
08-30 15:11:12.226  7475  7475 I HBD     : a IC have been binded, InputConnectionWrapper{idHash=#9bc7d2f mMissingMethods=}
08-30 15:11:12.226  7475  7475 I HBD     : h [EditorInputType]setPrivateImeOptionsToTable privateImeOptions ( null )
08-30 15:11:12.226  7475  7475 I HBD     : b incognitoMode : false
08-30 15:11:12.227  7475  7475 I HBD     : a needOff = true , isForceOff = false, isNullInputClass : true
08-30 15:11:12.227  7475  7475 I HBD     : h getDefaultInputRange : UNKNOWN
08-30 15:11:12.227  7475  7475 I HBD     : h getDefaultInputRange : UNKNOWN
08-30 15:11:12.227  7475  7475 I HBD     : h getDefaultInputRange : UNKNOWN
08-30 15:11:12.228  4349  6800 D SdpManagerService: Not an enterprise user : 0
08-30 15:11:12.228  4349  6800 D SdpManagerService: Not an enterprise user : 0
08-30 15:11:12.228 23627 23627 I ViewInteraction: Performing 'single click' action on view view.getId() is <2131231204/com.example.dogglers:id/vertical_btn>
08-30 15:11:12.229  7475  7475 I HBD     : h getDefaultInputRange : UNKNOWN
08-30 15:11:12.229  7475  7475 I HBD     : a currentState : 0
08-30 15:11:12.231  4349  6800 D InputDispatcher: Inject motion (23627): action=0x0, time=302804039000000, f=0x0, d=0
08-30 15:11:12.231  7475  7475 I HBD     : h load selected json info : {"version":"1.0","currentLanguageOrder":2,"selected":[{"activeOptionList":["auto_replace","spell_check","auto_spacing"],"engName":"Russian","id":3342336,"inputType":"qwerty","isUsed":true},{"activeOptionList":["auto_replace","spell_check","auto_spacing"],"engName":"English","id":65537,"inputType":"qwerty","isUsed":true},{"activeOptionList":["auto_replace","spell_check","auto_spacing"],"engName":"Ukrainian","id":4456448,"inputType":"qwerty","isUsed":true}]}
08-30 15:11:12.231  4349  4492 D InputDispatcher: pointer touchable region used!
08-30 15:11:12.231  4349  4492 D InputDispatcher: pointer touchable region used!
08-30 15:11:12.231  4349  4492 W InputDispatcher: obscured by Window{37ac163
08-30 15:11:12.231  4349  4492 D InputDispatcher: pointer touchable region used!
08-30 15:11:12.231  4349  4492 I InputDispatcher: Delivering touch to (4708): action: 0x4, f=0x0, d=0, 'b07ecc5', t=0
08-30 15:11:12.232  4349  4492 I InputDispatcher: Delivering touch to (23627): action: 0x0, f=0x1, d=0, '608d0ee', t=0
08-30 15:11:12.232  3881  3886 E statsd  : Predicate -7037417284711607308 dropping data for dimension key (10)0x2010101->10429[I] (10)0x30000->*launch*[S]
08-30 15:11:12.232  5135  5135 W RecentsAnimationDeviceState: isInSwipeUpTouchRegion = false
08-30 15:11:12.232 23627 23627 I ViewRootImpl@117c678[MainActivity]: ViewPostIme pointer 0
08-30 15:11:12.233  7475  7475 I HBD     : a [UpdatePolicy] [post] a: 0 cl: 4456448 kit: [0/0] vt: 0 ir: 1
08-30 15:11:12.234  7475  7475 I HBD     : HoneyBoardService [PF_OP][onStartInput]  7814500 ns
08-30 15:11:12.234  5135  5135 W TouchInteractionService: onInputEvent, inputConsumer = com.android.quickstep.-$$Lambda$InputConsumer$pgTpBxbssXPLgozwhOXQifnNImE@5e570d
08-30 15:11:12.237  3976  4318 I Layer   : id=38054 removeFromCurrentState Surface(name=749d536 InputMethod)/@0x72f94d3 - animation-leash#1 (99)
08-30 15:11:12.238  5135  5135 I SurfaceControl: nativeRelease nativeObject s[477998350336]
08-30 15:11:12.238  5135  5135 I SurfaceControl: nativeRelease nativeObject e[477998350336]
08-30 15:11:12.244  4349  6800 D SamsungIMMSHWKeyboard: isConnectedDexOnPC false
08-30 15:11:12.244  4349  6800 D InputMethodManagerService: isImeSwitcherDisabledPackage : false
08-30 15:11:12.244 23627 23627 I SurfaceControl: nativeRelease nativeObject s[476571788896]
08-30 15:11:12.244 23627 23627 I SurfaceControl: nativeRelease nativeObject e[476571788896]
08-30 15:11:12.244 23627 23627 I SurfaceControl: nativeRelease nativeObject s[476571788800]
08-30 15:11:12.244 23627 23627 I SurfaceControl: nativeRelease nativeObject e[476571788800]
08-30 15:11:12.260  3976  3976 D SurfaceFlinger: Display 0 HWC layers:
08-30 15:11:12.260  3976  3976 D SurfaceFlinger:      DEVICE | 0x75743a5d00 | 0002 | RGBA_8888    |    0.0    0.0  720.0 1560.0 |    0    0  720 1560 | com.example.dogglers/com.example.dogglers.MainActivity$_23627#0
08-30 15:11:12.260  3976  3976 D SurfaceFlinger:      DEVICE | 0x75743a5940 | 0002 | RGBA_8888    |    0.0    0.0  720.0 1560.0 |    0    0  720 1560 | Splash Screen com.example.dogglers#0
08-30 15:11:12.260  3976  3976 D SurfaceFlinger:      DEVICE | 0x75743a6fc0 | 0000 | RGBA_8888    |    0.0    0.0  720.0   53.0 |    0    0  720   53 | StatusBar$_4708#0
08-30 15:11:12.260  3976  3976 D SurfaceFlinger:      DEVICE | 0x74d157fa00 | 0000 | RGBA_8888    |    0.0    0.0   67.0  232.0 |  653  151  720  383 | com.samsung.android.app.cocktailbars[...]rservice.CocktailBarService$_14146#0
08-30 15:11:12.260  3976  3976 D SurfaceFlinger:      DEVICE | 0x75743a7380 | 0000 | RGBA_8888    |    0.0    0.0  720.0   84.0 |    0 1476  720 1560 | NavigationBar0$_4708#0
08-30 15:11:12.260  3976  3976 D SurfaceFlinger:      DEVICE | 0x74f0413e00 | 0000 | RGBA_8888    |    0.0    0.0  720.0  101.0 |    0    0  720  101 | ScreenDecorOverlay$_4708#0
08-30 15:11:12.260  3976  3976 D SurfaceFlinger:      DEVICE | 0x75743a7b00 | 0000 | RGBA_8888    |    0.0    0.0  720.0  101.0 |    0 1459  720 1560 | ScreenDecorOverlayBottom$_4708#0
08-30 15:11:12.261  3976  3976 D SurfaceFlinger:
08-30 15:11:12.270  4349  4372 I SurfaceControl: nativeRelease nativeObject s[478079923456]
08-30 15:11:12.270  4349  4372 I SurfaceControl: nativeRelease nativeObject e[478079923456]
08-30 15:11:12.271  4349  4372 I SurfaceControl: nativeRelease nativeObject s[476017810912]
08-30 15:11:12.271  4349  4372 I SurfaceControl: nativeRelease nativeObject e[476017810912]
08-30 15:11:12.271  3976  4002 I Layer   : id=38058 removeFromCurrentState Splash Screen com.example.dogglers#0 (99)
08-30 15:11:12.271  4349  4372 I SurfaceControl: nativeRelease nativeObject s[476016225056]
08-30 15:11:12.271  4349  4372 I SurfaceControl: nativeRelease nativeObject e[476016225056]
08-30 15:11:12.273  4349  6800 D InputDispatcher: Inject motion (23627): action=0x1, time=302804081000000, f=0x0, d=0
08-30 15:11:12.274  4349  4492 I InputDispatcher: Delivering touch to (23627): action: 0x1, f=0x1, d=0, '608d0ee', t=1
08-30 15:11:12.274  3976  5385 I Layer   : id=38057 removeFromCurrentState 37ac163 Splash Screen com.example.dogglers#0 (99)
08-30 15:11:12.274  3976  5385 I Layer   : id=38070 removeFromCurrentState Surface(name=37ac163 Splash Screen com.example.dogglers)/@0xf18738e - animation-leash#0 (99)
08-30 15:11:12.275  5135  5135 W TouchInteractionService: reset
08-30 15:11:12.277  3976  5385 I SurfaceFlinger: id=38057 Removed 37ac163 Splash Screen com.example.dogglers#0 (99)
08-30 15:11:12.278  3976  4002 I SurfaceFlinger: id=38070 Removed Surface(name=37ac163 Splash Screen com.example.dogglers)/@0xf18738e - animation-leash#0 (99)
08-30 15:11:12.278  3976  4002 I SurfaceFlinger: id=38058 Removed Splash Screen com.example.dogglers#0 (99)
08-30 15:11:12.280 23627 23627 I ViewRootImpl@117c678[MainActivity]: ViewPostIme pointer 1
08-30 15:11:12.282  3976  3976 D SurfaceFlinger: Display 0 HWC layers:
08-30 15:11:12.282  3976  3976 D SurfaceFlinger:      DEVICE | 0x75743a5e40 | 0002 | RGBA_8888    |    0.0    0.0  720.0 1560.0 |    0    0  720 1560 | com.example.dogglers/com.example.dogglers.MainActivity$_23627#0
08-30 15:11:12.282  3976  3976 D SurfaceFlinger:      DEVICE | 0x75743a6fc0 | 0000 | RGBA_8888    |    0.0    0.0  720.0   53.0 |    0    0  720   53 | StatusBar$_4708#0
08-30 15:11:12.282  3976  3976 D SurfaceFlinger:      DEVICE | 0x74d157fa00 | 0000 | RGBA_8888    |    0.0    0.0   67.0  232.0 |  653  151  720  383 | com.samsung.android.app.cocktailbars[...]rservice.CocktailBarService$_14146#0
08-30 15:11:12.282  3976  3976 D SurfaceFlinger:      DEVICE | 0x75743a7380 | 0000 | RGBA_8888    |    0.0    0.0  720.0   84.0 |    0 1476  720 1560 | NavigationBar0$_4708#0
08-30 15:11:12.282  3976  3976 D SurfaceFlinger:      DEVICE | 0x74f0413e00 | 0000 | RGBA_8888    |    0.0    0.0  720.0  101.0 |    0    0  720  101 | ScreenDecorOverlay$_4708#0
08-30 15:11:12.282  3976  3976 D SurfaceFlinger:      DEVICE | 0x75743a7b00 | 0000 | RGBA_8888    |    0.0    0.0  720.0  101.0 |    0 1459  720 1560 | ScreenDecorOverlayBottom$_4708#0
08-30 15:11:12.282  3976  3976 D SurfaceFlinger:
08-30 15:11:12.286  3976  3976 I Layer   : id=38070[1] Destroyed Surface(name=37ac163 Splash Screen com.example.dogglers)/@0xf18738e - animation-leash#0
08-30 15:11:12.286  3976  3976 I Layer   : id=38057[1] Destroyed 37ac163 Splash Screen com.example.dogglers#0
08-30 15:11:12.286  4349  6800 I SemDvfsHyPerManager: acquire hyper - AMS_ACT_START/4349@16, type = -999
08-30 15:11:12.287  3976  3976 I Layer   : id=38058[1] Destroyed Splash Screen com.example.dogglers#0
08-30 15:11:12.287  3927  3954 I HYPER-HAL: [RequestManager.cpp]acquire(): Acquired ID : 9528811  [4349 / 16]    HINT : AMS_ACT_START    list :
08-30 15:11:12.287  3927  3954 E HYPER-HAL: [HandlerSysfs.cpp]doResourceHandling(): Couldn't Open Sysfs - /sys/power/cstate_control
08-30 15:11:12.288  3927  3954 I HYPER-HAL: [ResourceManager.cpp]updateResource(): [CPUMinFreq] UpdateResource Request ID : 9528811    Value : 1560000
08-30 15:11:12.288  3976  4001 I SurfaceFlinger: id=38072 createSurf (0x0),-1 flag=80004, ActivityRecord{186e7bd u0 com.example.dogglers/.VerticalListActivity t1411}#0
