08-30 15:11:23.895  4349  4372 I SemDvfsHyPerManager: acquire hyper - AMS_ACT_LAZY/4349@19, type = -999
08-30 15:11:23.895  3927  3954 I HYPER-HAL: [RequestManager.cpp]acquire(): Acquired ID : 9537546  [4349 / 18]    HINT : AMS_RESUME_TAIL    list :
08-30 15:11:23.895  3927  3954 E HYPER-HAL: [HandlerSysfs.cpp]doResourceHandling(): Couldn't Open Sysfs - /sys/power/cstate_control
08-30 15:11:23.895  3927  3954 I HYPER-HAL: [ResourceManager.cpp]updateResource(): [CPUMinFreq] UpdateResource Request ID : 9537546    Value : 1560000
08-30 15:11:23.895  5589  5589 E pageboostd: Received HALT command code 2
08-30 15:11:23.896  3927  3954 I HYPER-HAL: [RequestManager.cpp]acquire(): Acquired ID : 9541915  [4349 / 19]    HINT :      list :
08-30 15:11:23.896  3927  3954 E HYPER-HAL: [Request.cpp]acquire(): Request:: id : 9541915, No Resource to set
08-30 15:11:23.896  3927  3954 E HYPER-HAL: [HandlerSysfs.cpp]doResourceHandling(): Couldn't Open Sysfs - /sys/power/cstate_control
08-30 15:11:23.897  3927  3954 I HYPER-HAL: [ResourceManager.cpp]removeResource(): [CPUMinFreq] RemoveResource Request ID : 9528811
08-30 15:11:23.897  3927  3954 I HYPER-HAL: [RequestManager.cpp]releaseLocked(): Released ID : 9528811
08-30 15:11:23.903 23627 23627 I SurfaceControl: nativeRelease nativeObject s[476571789088]
08-30 15:11:23.903 23627 23627 I SurfaceControl: nativeRelease nativeObject e[476571789088]
08-30 15:11:23.903 23627 23627 I SurfaceControl: nativeRelease nativeObject s[476571789856]
08-30 15:11:23.903 23627 23627 I SurfaceControl: nativeRelease nativeObject e[476571789856]
08-30 15:11:23.903 23627 23627 I SurfaceControl: nativeRelease nativeObject s[476571789568]
08-30 15:11:23.903 23627 23627 I SurfaceControl: nativeRelease nativeObject e[476571789568]
08-30 15:11:23.903  3976  4318 I SurfaceFlinger: id=38362 Removed Surface(name=b07ecc5 NavigationBar0)/@0xa8376fc - animation-leash#0 (96)
08-30 15:11:23.903  3976  4001 I SurfaceFlinger: id=38361 Removed Surface(name=1096c8d StatusBar)/@0xeaf4dd0 - animation-leash#1 (96)
08-30 15:11:23.909  4349  6779 D InputDispatcher: Focused application set to (0): 641dc7a
08-30 15:11:23.912  3976  3976 I Layer   : id=38361[1] Destroyed Surface(name=1096c8d StatusBar)/@0xeaf4dd0 - animation-leash#1
08-30 15:11:23.912  3976  3976 I Layer   : id=38362[1] Destroyed Surface(name=b07ecc5 NavigationBar0)/@0xa8376fc - animation-leash#0
08-30 15:11:23.913  4349  5464 I InputDispatcher: Focus entered window (23627): d17693c in display 0 0
08-30 15:11:23.917  3976  3976 D SurfaceFlinger: Display 0 HWC layers:
08-30 15:11:23.917  3976  3976 D SurfaceFlinger:      DEVICE | 0x75743a4f40 | 0002 | RGBA_8888    |    0.0    0.0  720.0 1560.0 |    0    0  720 1560 | com.example.dogglers/androidx.test.c[...]tivityInvoker$EmptyActivity$_23627#1
08-30 15:11:23.917  3976  3976 D SurfaceFlinger:      DEVICE | 0x75743a6200 | 0000 | RGBA_8888    |    0.0    0.0  720.0   53.0 |    0    0  720   53 | StatusBar$_4708#0
08-30 15:11:23.917  3976  3976 D SurfaceFlinger:      DEVICE | 0x74d157fa00 | 0000 | RGBA_8888    |    0.0    0.0   67.0  232.0 |  653  151  720  383 | com.samsung.android.app.cocktailbars[...]rservice.CocktailBarService$_14146#0
08-30 15:11:23.917  3976  3976 D SurfaceFlinger:      DEVICE | 0x75743a7380 | 0000 | RGBA_8888    |    0.0    0.0  720.0   84.0 |    0 1476  720 1560 | NavigationBar0$_4708#0
08-30 15:11:23.917  3976  3976 D SurfaceFlinger:      DEVICE | 0x74f0413e00 | 0000 | RGBA_8888    |    0.0    0.0  720.0  101.0 |    0    0  720  101 | ScreenDecorOverlay$_4708#0
08-30 15:11:23.917  3976  3976 D SurfaceFlinger:      DEVICE | 0x75743a7b00 | 0000 | RGBA_8888    |    0.0    0.0  720.0  101.0 |    0 1459  720 1560 | ScreenDecorOverlayBottom$_4708#0
08-30 15:11:23.917  3976  3976 D SurfaceFlinger:
08-30 15:11:23.919  4349  7427 D SecContentProvider: query(), uri = 17 selection = isSettingsChangesAllowed
08-30 15:11:23.921  4349  4371 D PersonaActivityHelper: Activity not in resumed state, do not run immediate lock
08-30 15:11:23.924  3976  4318 E BufferQueueProducer: [com.example.dogglers/androidx.test.core.app.InstrumentationActivityInvoker$EmptyActivity$_23627#0](id:f88000033cf,api:0,p:-1,c:3976) disconnect: not connected (req=1)
08-30 15:11:23.924 23627 23685 W libEGL  : EGLNativeWindowType 0x6f4e9fc010 disconnect failed
08-30 15:11:23.925  4349  5464 V WindowManager: Relayout Window{43ff1e5 u0 com.example.dogglers/androidx.test.core.app.InstrumentationActivityInvoker$EmptyActivity}: viewVisibility=8 req=720x1560
08-30 15:11:23.928  4349  5464 V WindowManager: Relayout hash=43ff1e5, pid=23627: mAttrs={(0,0)(fillxfill) sim={adjust=pan forwardNavigation} ty=BASE_APPLICATION wanim=0x1030001
08-30 15:11:23.928  4349  5464 V WindowManager:   fl=1810100
08-30 15:11:23.928  4349  5464 V WindowManager:   pfl=12020000
08-30 15:11:23.928  4349  5464 V WindowManager:   fitSides= naviIconColor=0}
08-30 15:11:23.929 23627 23627 I SurfaceControl: nativeRelease nativeObject s[478234528320]
08-30 15:11:23.929 23627 23627 I SurfaceControl: nativeRelease nativeObject e[478234528320]
08-30 15:11:23.929 23627 23627 I SurfaceControl: assignNativeObject: nativeObject = 0 Surface(name=null)/@0x8392ed0 / android.view.SurfaceControl.readFromParcel:1117 android.view.IWindowSession$Stub$Proxy.relayout:1826 android.view.ViewRootImpl.relayoutWindow:9005 android.view.ViewRootImpl.performTraversals:3360 android.view.ViewRootImpl.doTraversal:2618 android.view.ViewRootImpl$TraversalRunnable.run:9971 android.view.Choreographer$CallbackRecord.run:1010 android.view.Choreographer.doCallbacks:809 android.view.Choreographer.doFrame:744 android.view.Choreographer$FrameDisplayEventReceiver.run:995
08-30 15:11:23.930  4349  5464 I InputDispatcher: Focus left window (23627): d17693c in display 0 0
08-30 15:11:23.930 23627 23627 I SurfaceControl: assignNativeObject: nativeObject = 0 Surface(name=null)/@0x92999ff / android.view.SurfaceControl.readFromParcel:1117 android.view.IWindowSession$Stub$Proxy.relayout:1836 android.view.ViewRootImpl.relayoutWindow:9005 android.view.ViewRootImpl.performTraversals:3360 android.view.ViewRootImpl.doTraversal:2618 android.view.ViewRootImpl$TraversalRunnable.run:9971 android.view.Choreographer$CallbackRecord.run:1010 android.view.Choreographer.doCallbacks:809 android.view.Choreographer.doFrame:744 android.view.Choreographer$FrameDisplayEventReceiver.run:995
08-30 15:11:23.931 23627 23627 I SurfaceControl: nativeRelease nativeObject s[476571788032]
08-30 15:11:23.931 23627 23627 I SurfaceControl: nativeRelease nativeObject e[476571788032]
08-30 15:11:23.931 23627 23627 I ViewRootImpl@5857d1e[InstrumentationActivityInvoker$EmptyActivity]: Relayout returned: old=(0,0,720,1560) new=(0,0,720,1560) req=(720,1560)8 dur=6 res=0x5 s={false 0} ch=true fn=2
08-30 15:11:23.932 23627 23627 I ViewRootImpl@5857d1e[InstrumentationActivityInvoker$EmptyActivity]: stopped(true) old=false
08-30 15:11:23.932 23627 23627 D LifecycleMonitor: Lifecycle status change: androidx.test.core.app.InstrumentationActivityInvoker$EmptyActivity@e64c85d in: STOPPED
08-30 15:11:23.932 23627 23627 V ActivityScenario: Activity lifecycle changed event received but ignored because the intent does not match. startActivityIntent=Intent { act=android.intent.action.MAIN cat=[android.intent.category.LAUNCHER] cmp=com.example.dogglers/.GridListActivity }, activity.getIntent()=Intent { act=android.intent.action.MAIN cat=[android.intent.category.LAUNCHER] flg=0x10000000 cmp=com.example.dogglers/androidx.test.core.app.InstrumentationActivityInvoker$EmptyActivity }, activity=androidx.test.core.app.InstrumentationActivityInvoker$EmptyActivity@e64c85d
08-30 15:11:23.934 23627 23627 D LifecycleMonitor: Lifecycle status change: androidx.test.core.app.InstrumentationActivityInvoker$EmptyActivity@e64c85d in: DESTROYED
08-30 15:11:23.935 23627 23627 V ActivityScenario: Activity lifecycle changed event received but ignored because the intent does not match. startActivityIntent=Intent { act=android.intent.action.MAIN cat=[android.intent.category.LAUNCHER] cmp=com.example.dogglers/.GridListActivity }, activity.getIntent()=Intent { act=android.intent.action.MAIN cat=[android.intent.category.LAUNCHER] flg=0x10000000 cmp=com.example.dogglers/androidx.test.core.app.InstrumentationActivityInvoker$EmptyActivity }, activity=androidx.test.core.app.InstrumentationActivityInvoker$EmptyActivity@e64c85d
08-30 15:11:23.936 23627 23627 I ViewRootImpl@5857d1e[InstrumentationActivityInvoker$EmptyActivity]: dispatchDetachedFromWindow
08-30 15:11:23.936  4349  5464 D InputTransport: Input channel destroyed: '43ff1e5', fd=693
08-30 15:11:23.936  4349  5464 I SurfaceControl: nativeRelease nativeObject s[476021495520]
08-30 15:11:23.937  4349  5464 I SurfaceControl: nativeRelease nativeObject e[476021495520]
08-30 15:11:23.937  4349  5464 D WindowManager: isScreenshotDisabledLocked - win: Window{43ff1e5 u0 com.example.dogglers/androidx.test.core.app.InstrumentationActivityInvoker$EmptyActivity}
08-30 15:11:23.937  4349  5464 D WindowManager: isScreenshotDisabledLocked: userId = 0, disabled =false
08-30 15:11:23.937  4349  5464 I SurfaceControl: nativeRelease nativeObject s[478079926432]
08-30 15:11:23.937  4349  5464 I SurfaceControl: nativeRelease nativeObject e[478079926432]
08-30 15:11:23.937  3976  4001 I SurfaceFlinger: id=38370 createSurf (0x0),-1 flag=24004, Surface(name=749d536 InputMethod)/@0x72f94d3 - animation-leash#0
08-30 15:11:23.938  4349  5464 I SurfaceControl: nativeRelease nativeObject s[477997773856]
08-30 15:11:23.939  4349  5464 I SurfaceControl: nativeRelease nativeObject e[477997773856]
08-30 15:11:23.939  3976  4001 I Layer   : id=38360 removeFromCurrentState com.example.dogglers/androidx.test.core.app.InstrumentationActivityInvoker$EmptyActivity$_23627#0 (95)
08-30 15:11:23.939  3976  4001 I SurfaceFlinger: id=38360 Removed com.example.dogglers/androidx.test.core.app.InstrumentationActivityInvoker$EmptyActivity$_23627#0 (95)
08-30 15:11:23.941  3976  4001 I Layer   : id=38359 removeFromCurrentState 43ff1e5 com.example.dogglers/androidx.test.core.app.InstrumentationActivityInvoker$EmptyActivity#0 (95)
08-30 15:11:23.941  3976  4001 I Layer   : id=38365 removeFromCurrentState Surface(name=749d536 InputMethod)/@0x72f94d3 - animation-leash#1 (95)
08-30 15:11:23.941  3976  4001 I SurfaceFlinger: id=38359 Removed 43ff1e5 com.example.dogglers/androidx.test.core.app.InstrumentationActivityInvoker$EmptyActivity#0 (95)
08-30 15:11:23.942 23627 23627 D InputTransport: Input channel destroyed: '43ff1e5', fd=91
08-30 15:11:23.944  4349  5464 I SurfaceControl: nativeRelease nativeObject s[477998032448]
08-30 15:11:23.944  4349  5464 I SurfaceControl: nativeRelease nativeObject e[477998032448]
08-30 15:11:23.945  3976  3976 I Layer   : id=38359[1] Destroyed 43ff1e5 com.example.dogglers/androidx.test.core.app.InstrumentationActivityInvoker$EmptyActivity#0
08-30 15:11:23.945  3976  3976 I Layer   : id=38360[1] Destroyed com.example.dogglers/androidx.test.core.app.InstrumentationActivityInvoker$EmptyActivity$_23627#0
08-30 15:11:23.947 23627 23627 D LifecycleMonitor: Lifecycle status change: androidx.test.core.app.InstrumentationActivityInvoker$EmptyActivity@30f8e91 in: PAUSED
08-30 15:11:23.947 23627 23627 V ActivityScenario: Activity lifecycle changed event received but ignored because the intent does not match. startActivityIntent=Intent { act=android.intent.action.MAIN cat=[android.intent.category.LAUNCHER] cmp=com.example.dogglers/.GridListActivity }, activity.getIntent()=Intent { act=android.intent.action.MAIN cat=[android.intent.category.LAUNCHER] flg=0x10000000 cmp=com.example.dogglers/androidx.test.core.app.InstrumentationActivityInvoker$EmptyActivity }, activity=androidx.test.core.app.InstrumentationActivityInvoker$EmptyActivity@30f8e91
08-30 15:11:23.949  3976  4001 I Layer   : id=38358 removeFromCurrentState ActivityRecord{63ac175 u0 com.example.dogglers/androidx.test.core.app.InstrumentationActivityInvoker$EmptyActivity t1418}#0 (93)
08-30 15:11:23.949  3976  4001 I SurfaceFlinger: id=38358 Removed ActivityRecord{63ac175 u0 com.example.dogglers/androidx.test.core.app.InstrumentationActivityInvoker$EmptyActivity t1418}#0 (93)
08-30 15:11:23.950  4349  5464 I SemDvfsHyPerManager: acquire hyper - AMS_APP_HOME/4349@35, type = -999
08-30 15:11:23.950  3927  3954 I HYPER-HAL: [RequestManager.cpp]acquire(): Acquired ID : 9611955  [4349 / 35]    HINT : AMS_APP_HOME    list :
08-30 15:11:23.951  3927  3954 E HYPER-HAL: [HandlerSysfs.cpp]doResourceHandling(): Couldn't Open Sysfs - /sys/power/cstate_control
08-30 15:11:23.951  3927  3954 I HYPER-HAL: [ResourceManager.cpp]updateResource(): [CPUMinFreq] UpdateResource Request ID : 9611955    Value : 1768000
08-30 15:11:23.952  3881  3886 E statsd  : Predicate -7037417284711607308 dropping data for dimension key (10)0x2010101->10429[I] (10)0x30000->*launch*[S]
08-30 15:11:23.953  4349  5464 V WindowOrientationListener: getProposedRotation: -1
08-30 15:11:23.953  4349  5464 V WindowOrientationListener: getProposedRotation: -1
08-30 15:11:23.954  4349  5464 V WindowOrientationListener: getProposedRotation: -1
08-30 15:11:23.962  3976  3976 I Layer   : id=38358[1] Destroyed ActivityRecord{63ac175 u0 com.example.dogglers/androidx.test.core.app.InstrumentationActivityInvoker$EmptyActivity t1418}#0
08-30 15:11:23.962  4349  7427 V WindowManager: Relayout Window{b49dc7f u0 com.sec.android.app.launcher/com.sec.android.app.launcher.activities.LauncherActivity}: viewVisibility=4 req=720x1560
08-30 15:11:23.963 23627 23627 I ViewRootImpl@ca95782[InstrumentationActivityInvoker$EmptyActivity]: MSG_WINDOW_FOCUS_CHANGED 0 1
08-30 15:11:23.963 23627 23627 I ViewRootImpl@ca95782[InstrumentationActivityInvoker$EmptyActivity]: MSG_WINDOW_FOCUS_CHANGED 0 1
08-30 15:11:23.964 23627 23651 I TestRunner: finished: grid_list_content_at_first_position(com.example.dogglers.GridListTests)
