08-30 15:11:30.738 23627 23627 V ActivityScenario: Activity lifecycle changed event received but ignored because the intent does not match. startActivityIntent=Intent { act=android.intent.action.MAIN cat=[android.intent.category.LAUNCHER] cmp=com.example.dogglers/.VerticalListActivity }, activity.getIntent()=Intent { act=android.intent.action.MAIN cat=[android.intent.category.LAUNCHER] flg=0x10000000 cmp=com.example.dogglers/androidx.test.core.app.InstrumentationActivityInvoker$EmptyActivity }, activity=androidx.test.core.app.InstrumentationActivityInvoker$EmptyActivity@b621834
08-30 15:11:30.743  4349  6779 D InputTransport: Input channel constructed: '99ac4f7', fd=711
08-30 15:11:30.743  4349  6779 D InputTransport: Input channel constructed: '99ac4f7', fd=713
08-30 15:11:30.744  3976  5385 I SurfaceFlinger: id=38555 createSurf (0x0),-1 flag=80004, 99ac4f7 com.example.dogglers/androidx.test.core.app.InstrumentationActivityInvoker$EmptyActivity#0
08-30 15:11:30.744  4349  6779 D WindowManager: isScreenshotDisabledLocked - win: Window{99ac4f7 u0 com.example.dogglers/androidx.test.core.app.InstrumentationActivityInvoker$EmptyActivity}
08-30 15:11:30.744  4349  6779 D WindowManager: isScreenshotDisabledLocked: userId = 0, disabled =false
08-30 15:11:30.745  4349  6779 D InputTransport: Input channel destroyed: '99ac4f7', fd=713
08-30 15:11:30.745 23627 23627 D InputTransport: Input channel constructed: '99ac4f7', fd=90
08-30 15:11:30.747 23627 23627 I ViewRootImpl@fe7faa6[InstrumentationActivityInvoker$EmptyActivity]: setView = com.android.internal.policy.DecorView@3633b0b TM=true
08-30 15:11:30.749 23627 23627 D LifecycleMonitor: Lifecycle status change: androidx.test.core.app.InstrumentationActivityInvoker$BootstrapActivity@8aed905 in: STOPPED
08-30 15:11:30.749 23627 23627 V ActivityScenario: Activity lifecycle changed event received but ignored because the intent does not match. startActivityIntent=Intent { act=android.intent.action.MAIN cat=[android.intent.category.LAUNCHER] cmp=com.example.dogglers/.VerticalListActivity }, activity.getIntent()=Intent { act=android.intent.action.MAIN cat=[android.intent.category.LAUNCHER] flg=0x10008000 cmp=com.example.dogglers/androidx.test.core.app.InstrumentationActivityInvoker$BootstrapActivity (has extras) }, activity=androidx.test.core.app.InstrumentationActivityInvoker$BootstrapActivity@8aed905
08-30 15:11:30.750 23627 23627 D LifecycleMonitor: Lifecycle status change: androidx.test.core.app.InstrumentationActivityInvoker$BootstrapActivity@8aed905 in: DESTROYED
08-30 15:11:30.751 23627 23627 V ActivityScenario: Activity lifecycle changed event received but ignored because the intent does not match. startActivityIntent=Intent { act=android.intent.action.MAIN cat=[android.intent.category.LAUNCHER] cmp=com.example.dogglers/.VerticalListActivity }, activity.getIntent()=Intent { act=android.intent.action.MAIN cat=[android.intent.category.LAUNCHER] flg=0x10008000 cmp=com.example.dogglers/androidx.test.core.app.InstrumentationActivityInvoker$BootstrapActivity (has extras) }, activity=androidx.test.core.app.InstrumentationActivityInvoker$BootstrapActivity@8aed905
08-30 15:11:30.752  4349  6779 I SurfaceControl: nativeRelease nativeObject s[477997555008]
08-30 15:11:30.752  4349  6779 I SurfaceControl: nativeRelease nativeObject e[477997555008]
08-30 15:11:30.758  3976  5385 I Layer   : id=38531 removeFromCurrentState ActivityRecord{aede35a u0 com.example.dogglers/androidx.test.core.app.InstrumentationActivityInvoker$BootstrapActivity t1423}#0 (91)
08-30 15:11:30.759  3976  4001 I SurfaceFlinger: id=38531 Removed ActivityRecord{aede35a u0 com.example.dogglers/androidx.test.core.app.InstrumentationActivityInvoker$BootstrapActivity t1423}#0 (91)
08-30 15:11:30.761  4349  6779 V WindowManager: Relayout Window{99ac4f7 u0 com.example.dogglers/androidx.test.core.app.InstrumentationActivityInvoker$EmptyActivity}: viewVisibility=0 req=720x1560
08-30 15:11:30.764  4349  6779 D WindowManager: isScreenshotDisabledLocked - win: Window{99ac4f7 u0 com.example.dogglers/androidx.test.core.app.InstrumentationActivityInvoker$EmptyActivity}
08-30 15:11:30.764  4349  6779 D WindowManager: isScreenshotDisabledLocked: userId = 0, disabled =false
08-30 15:11:30.764  3976  4001 I SurfaceFlinger: id=38556 createSurf (720x1560),1 flag=404, com.example.dogglers/androidx.test.core.app.InstrumentationActivityInvoker$EmptyActivity$_23627#1
08-30 15:11:30.767  4349  6779 I SurfaceControl: nativeRelease nativeObject s[477996348096]
08-30 15:11:30.767  4349  6779 I SurfaceControl: nativeRelease nativeObject e[477996348096]
08-30 15:11:30.767 14146 14146 I TrayStateController: systemUiVisibilityChanged : 0 0
08-30 15:11:30.768  3976  4001 I SurfaceFlinger: id=38557 createSurf (0x0),-1 flag=24000, Surface(name=1096c8d StatusBar)/@0xeaf4dd0 - animation-leash#1
08-30 15:11:30.768  4349  6779 I SurfaceControl: nativeRelease nativeObject s[477996348768]
08-30 15:11:30.768  4349  6779 I SurfaceControl: nativeRelease nativeObject e[477996348768]
08-30 15:11:30.769  3976  4001 I SurfaceFlinger: id=38558 createSurf (0x0),-1 flag=24000, Surface(name=b07ecc5 NavigationBar0)/@0xa8376fc - animation-leash#0
08-30 15:11:30.771  4349  6779 V WindowManager: Relayout hash=99ac4f7, pid=23627: mAttrs={(0,0)(fillxfill) sim={adjust=pan forwardNavigation} ty=BASE_APPLICATION wanim=0x1030001
08-30 15:11:30.771  4349  6779 V WindowManager:   fl=1810100
08-30 15:11:30.771  4349  6779 V WindowManager:   pfl=12020000
08-30 15:11:30.771  4349  6779 V WindowManager:   fitSides= naviIconColor=0}
08-30 15:11:30.771  4349  6779 I SurfaceControl: nativeRelease nativeObject s[478079924320]
08-30 15:11:30.771  4349  6779 I SurfaceControl: nativeRelease nativeObject e[478079924320]
08-30 15:11:30.772 23627 23627 I SurfaceControl: assignNativeObject: nativeObject = 0 Surface(name=null)/@0x6887ce7 / android.view.SurfaceControl.readFromParcel:1117 android.view.IWindowSession$Stub$Proxy.relayout:1836 android.view.ViewRootImpl.relayoutWindow:9005 android.view.ViewRootImpl.performTraversals:3360 android.view.ViewRootImpl.doTraversal:2618 android.view.ViewRootImpl$TraversalRunnable.run:9971 android.view.Choreographer$CallbackRecord.run:1010 android.view.Choreographer.doCallbacks:809 android.view.Choreographer.doFrame:744 android.view.Choreographer$FrameDisplayEventReceiver.run:995
08-30 15:11:30.773 23627 23627 I ViewRootImpl@fe7faa6[InstrumentationActivityInvoker$EmptyActivity]: Relayout returned: old=(0,0,720,1560) new=(0,0,720,1560) req=(720,1560)0 dur=12 res=0x7 s={true 478233575424} ch=true fn=-1
08-30 15:11:30.774  3976  3976 I Layer   : id=38531[1] Destroyed ActivityRecord{aede35a u0 com.example.dogglers/androidx.test.core.app.InstrumentationActivityInvoker$BootstrapActivity t1423}#0
08-30 15:11:30.775  3976  4001 I Layer   : id=38550 removeFromCurrentState Surface(name=1096c8d StatusBar)/@0xeaf4dd0 - animation-leash#0 (93)
08-30 15:11:30.775  3976  4001 I Layer   : id=29 removeFromCurrentState 1096c8d StatusBar#0 (93)
08-30 15:11:30.775  3976  4001 I Layer   : id=36 removeFromCurrentState StatusBar$_4708#0 (93)
08-30 15:11:30.775  3976  4001 I Layer   : id=29 addToCurrentState 1096c8d StatusBar#0 (93)
08-30 15:11:30.775  3976  4001 I Layer   : id=36 addToCurrentState StatusBar$_4708#0 (93)
08-30 15:11:30.775  3976  4001 I Layer   : id=38551 removeFromCurrentState Surface(name=b07ecc5 NavigationBar0)/@0xa8376fc - animation-leash#1 (93)
08-30 15:11:30.777 23627 23627 I ViewRootImpl@fe7faa6[InstrumentationActivityInvoker$EmptyActivity]: [DP] dp(1) 1 android.view.ViewRootImpl.reportNextDraw:10957 android.view.ViewRootImpl.performTraversals:3845 android.view.ViewRootImpl.doTraversal:2618
08-30 15:11:30.777  3899  3953 D gralloc : [mali_gralloc_allocate] begin
08-30 15:11:30.777  3899  3953 D gralloc : buffer_descriptor: wh(720 1560) usage_pc(0x40000000000b00 0x40000000000b00) hal_format(0x1) layer_count(1) sizes(0 0 0) strde(0) byte_stride(0) alloc_wh(0 0) internal_format(0x0) alloc_format(0x0) fd_count(1) plane_count(0)
08-30 15:11:30.777 23627 23627 I ViewRootImpl@fe7faa6[InstrumentationActivityInvoker$EmptyActivity]: [DP] pd() Asnyc report
08-30 15:11:30.778  3899  3953 D gralloc : [mali_gralloc_allocate] allocation successful
08-30 15:11:30.779  3899  3953 D gralloc : [mali_gralloc_allocate] begin
08-30 15:11:30.779  3899  3953 D gralloc : buffer_descriptor: wh(720 1560) usage_pc(0x40000000000b00 0x40000000000b00) hal_format(0x1) layer_count(1) sizes(0 0 0) strde(0) byte_stride(0) alloc_wh(0 0) internal_format(0x0) alloc_format(0x0) fd_count(1) plane_count(0)
08-30 15:11:30.780  3899  3953 D gralloc : [mali_gralloc_allocate] allocation successful
08-30 15:11:30.780  3899  3953 D gralloc : [mali_gralloc_allocate] begin
08-30 15:11:30.780  3899  3953 D gralloc : buffer_descriptor: wh(720 1560) usage_pc(0x40000000000b00 0x40000000000b00) hal_format(0x1) layer_count(1) sizes(0 0 0) strde(0) byte_stride(0) alloc_wh(0 0) internal_format(0x0) alloc_format(0x0) fd_count(1) plane_count(0)
08-30 15:11:30.781  3899  3953 D gralloc : [mali_gralloc_allocate] allocation successful
08-30 15:11:30.783 23627 23627 I ViewRootImpl@fe7faa6[InstrumentationActivityInvoker$EmptyActivity]: [DP] pdf(0) 1 android.view.ViewRootImpl.lambda$performDraw$1$ViewRootImpl:4668 android.view.-$$Lambda$ViewRootImpl$DJd0VUYJgsebcnSohO6h8zc_ONI.run:6 android.os.Handler.handleCallback:938
08-30 15:11:30.784 23627 23627 I ViewRootImpl@fe7faa6[InstrumentationActivityInvoker$EmptyActivity]: [DP] rdf()
08-30 15:11:30.786 23627 23627 I ViewRootImpl@6fb319c[InstrumentationActivityInvoker$EmptyActivity]: MSG_WINDOW_FOCUS_CHANGED 0 1
08-30 15:11:30.788  4349  4372 D PkgPredictorService: pkg:com.example.dogglers activity:androidx.test.core.app.InstrumentationActivityInvoker$EmptyActivity thisTime:199
08-30 15:11:30.789  4349  4372 I SemDvfsHyPerManager: acquire hyper - AMS_RESUME_TAIL/4349@18, type = -999
08-30 15:11:30.789  4349  4376 I ActivityTaskManager: Displayed com.example.dogglers/androidx.test.core.app.InstrumentationActivityInvoker$EmptyActivity: +199ms
08-30 15:11:30.789  4349  4372 I SemDvfsHyPerManager: acquire hyper - AMS_ACT_LAZY/4349@19, type = -999
08-30 15:11:30.790  3927  3954 I HYPER-HAL: [RequestManager.cpp]acquire(): Acquired ID : 9537546  [4349 / 18]    HINT : AMS_RESUME_TAIL    list :
08-30 15:11:30.790  3927  3954 E HYPER-HAL: [HandlerSysfs.cpp]doResourceHandling(): Couldn't Open Sysfs - /sys/power/cstate_control
08-30 15:11:30.790  3927  3954 I HYPER-HAL: [ResourceManager.cpp]updateResource(): [CPUMinFreq] UpdateResource Request ID : 9537546    Value : 1560000
08-30 15:11:30.790  3927  3954 I HYPER-HAL: [RequestManager.cpp]acquire(): Acquired ID : 9541915  [4349 / 19]    HINT :      list :
08-30 15:11:30.791  3927  3954 E HYPER-HAL: [Request.cpp]acquire(): Request:: id : 9541915, No Resource to set
08-30 15:11:30.791  5589  5589 E pageboostd: Received HALT command code 2
08-30 15:11:30.791  3927  3954 E HYPER-HAL: [HandlerSysfs.cpp]doResourceHandling(): Couldn't Open Sysfs - /sys/power/cstate_control
08-30 15:11:30.791  3927  3954 I HYPER-HAL: [ResourceManager.cpp]removeResource(): [CPUMinFreq] RemoveResource Request ID : 9528811
08-30 15:11:30.791  3927  3954 I HYPER-HAL: [RequestManager.cpp]releaseLocked(): Released ID : 9528811
08-30 15:11:30.798 23627 23627 I SurfaceControl: nativeRelease nativeObject s[480791754048]
08-30 15:11:30.798 23627 23627 I SurfaceControl: nativeRelease nativeObject e[480791754048]
08-30 15:11:30.799 23627 23627 I SurfaceControl: nativeRelease nativeObject s[476145768384]
08-30 15:11:30.799 23627 23627 I SurfaceControl: nativeRelease nativeObject e[476145768384]
08-30 15:11:30.799 23627 23627 I SurfaceControl: nativeRelease nativeObject s[476145768192]
08-30 15:11:30.799 23627 23627 I SurfaceControl: nativeRelease nativeObject e[476145768192]
08-30 15:11:30.799  3976  5385 I SurfaceFlinger: id=38551 Removed Surface(name=b07ecc5 NavigationBar0)/@0xa8376fc - animation-leash#1 (93)
08-30 15:11:30.799  3976  4001 I SurfaceFlinger: id=38550 Removed Surface(name=1096c8d StatusBar)/@0xeaf4dd0 - animation-leash#0 (93)
08-30 15:11:30.804  4349  6765 D InputDispatcher: Focused application set to (0): 641dc7a
08-30 15:11:30.807  3976  3976 I Layer   : id=38551[1] Destroyed Surface(name=b07ecc5 NavigationBar0)/@0xa8376fc - animation-leash#1
08-30 15:11:30.807  3976  3976 I Layer   : id=38550[1] Destroyed Surface(name=1096c8d StatusBar)/@0xeaf4dd0 - animation-leash#0
08-30 15:11:30.809  4349  5108 I InputDispatcher: Focus entered window (23627): 99ac4f7 in display 0 0
08-30 15:11:30.812  4349  4371 D PersonaActivityHelper: Activity not in resumed state, do not run immediate lock
08-30 15:11:30.813  3976  3976 D SurfaceFlinger: Display 0 HWC layers:
08-30 15:11:30.813  3976  3976 D SurfaceFlinger:      DEVICE | 0x74f0415340 | 0002 | RGBA_8888    |    0.0    0.0  720.0 1560.0 |    0    0  720 1560 | com.example.dogglers/androidx.test.c[...]tivityInvoker$EmptyActivity$_23627#1
08-30 15:11:30.813  3976  3976 D SurfaceFlinger:      DEVICE | 0x75743a6200 | 0000 | RGBA_8888    |    0.0    0.0  720.0   53.0 |    0    0  720   53 | StatusBar$_4708#0
08-30 15:11:30.813  3976  3976 D SurfaceFlinger:      DEVICE | 0x74d157fa00 | 0000 | RGBA_8888    |    0.0    0.0   67.0  232.0 |  653  151  720  383 | com.samsung.android.app.cocktailbars[...]rservice.CocktailBarService$_14146#0
08-30 15:11:30.813  3976  3976 D SurfaceFlinger:      DEVICE | 0x75743a7380 | 0000 | RGBA_8888    |    0.0    0.0  720.0   84.0 |    0 1476  720 1560 | NavigationBar0$_4708#0
08-30 15:11:30.813  3976  3976 D SurfaceFlinger:      DEVICE | 0x74f0413e00 | 0000 | RGBA_8888    |    0.0    0.0  720.0  101.0 |    0    0  720  101 | ScreenDecorOverlay$_4708#0
08-30 15:11:30.813  3976  3976 D SurfaceFlinger:      DEVICE | 0x75743a7b00 | 0000 | RGBA_8888    |    0.0    0.0  720.0  101.0 |    0 1459  720 1560 | ScreenDecorOverlayBottom$_4708#0
08-30 15:11:30.813  3976  3976 D SurfaceFlinger:
08-30 15:11:30.813  4349  6765 D SecContentProvider: query(), uri = 17 selection = isSettingsChangesAllowed
08-30 15:11:30.817  3976  4001 E BufferQueueProducer: [com.example.dogglers/androidx.test.core.app.InstrumentationActivityInvoker$EmptyActivity$_23627#0](id:f88000033e8,api:0,p:-1,c:3976) disconnect: not connected (req=1)
08-30 15:11:30.817 23627 23685 W libEGL  : EGLNativeWindowType 0x6f59152010 disconnect failed
08-30 15:11:30.818  4349  5108 V WindowManager: Relayout Window{1704e6c u0 com.example.dogglers/androidx.test.core.app.InstrumentationActivityInvoker$EmptyActivity}: viewVisibility=8 req=720x1560
08-30 15:11:30.821  4349  5108 V WindowManager: Relayout hash=1704e6c, pid=23627: mAttrs={(0,0)(fillxfill) sim={adjust=pan forwardNavigation} ty=BASE_APPLICATION wanim=0x1030001
08-30 15:11:30.821  4349  5108 V WindowManager:   fl=1810100
08-30 15:11:30.821  4349  5108 V WindowManager:   pfl=12020000
08-30 15:11:30.821  4349  5108 V WindowManager:   fitSides= naviIconColor=0}
08-30 15:11:30.822 23627 23627 I SurfaceControl: nativeRelease nativeObject s[478212339712]
08-30 15:11:30.822 23627 23627 I SurfaceControl: nativeRelease nativeObject e[478212339712]
08-30 15:11:30.822 23627 23627 I SurfaceControl: assignNativeObject: nativeObject = 0 Surface(name=null)/@0xfd5c094 / android.view.SurfaceControl.readFromParcel:1117 android.view.IWindowSession$Stub$Proxy.relayout:1826 android.view.ViewRootImpl.relayoutWindow:9005 android.view.ViewRootImpl.performTraversals:3360 android.view.ViewRootImpl.doTraversal:2618 android.view.ViewRootImpl$TraversalRunnable.run:9971 android.view.Choreographer$CallbackRecord.run:1010 android.view.Choreographer.doCallbacks:809 android.view.Choreographer.doFrame:744 android.view.Choreographer$FrameDisplayEventReceiver.run:995
08-30 15:11:30.822 23627 23627 I SurfaceControl: assignNativeObject: nativeObject = 0 Surface(name=null)/@0xcb9d7a5 / android.view.SurfaceControl.readFromParcel:1117 android.view.IWindowSession$Stub$Proxy.relayout:1836 android.view.ViewRootImpl.relayoutWindow:9005 android.view.ViewRootImpl.performTraversals:3360 android.view.ViewRootImpl.doTraversal:2618 android.view.ViewRootImpl$TraversalRunnable.run:9971 android.view.Choreographer$CallbackRecord.run:1010 android.view.Choreographer.doCallbacks:809 android.view.Choreographer.doFrame:744 android.view.Choreographer$FrameDisplayEventReceiver.run:995
08-30 15:11:30.823 23627 23627 I SurfaceControl: nativeRelease nativeObject s[476571794752]
08-30 15:11:30.823 23627 23627 I SurfaceControl: nativeRelease nativeObject e[476571794752]
08-30 15:11:30.823 23627 23627 I ViewRootImpl@6fb319c[InstrumentationActivityInvoker$EmptyActivity]: Relayout returned: old=(0,0,720,1560) new=(0,0,720,1560) req=(720,1560)8 dur=5 res=0x5 s={false 0} ch=true fn=2
08-30 15:11:30.824 23627 23627 I ViewRootImpl@6fb319c[InstrumentationActivityInvoker$EmptyActivity]: stopped(true) old=false
08-30 15:11:30.825 23627 23627 D LifecycleMonitor: Lifecycle status change: androidx.test.core.app.InstrumentationActivityInvoker$EmptyActivity@8d0f8b3 in: STOPPED
08-30 15:11:30.825  4349  5108 I InputDispatcher: Focus left window (23627): 99ac4f7 in display 0 0
08-30 15:11:30.825 23627 23627 V ActivityScenario: Activity lifecycle changed event received but ignored because the intent does not match. startActivityIntent=Intent { act=android.intent.action.MAIN cat=[android.intent.category.LAUNCHER] cmp=com.example.dogglers/.VerticalListActivity }, activity.getIntent()=Intent { act=android.intent.action.MAIN cat=[android.intent.category.LAUNCHER] flg=0x10000000 cmp=com.example.dogglers/androidx.test.core.app.InstrumentationActivityInvoker$EmptyActivity }, activity=androidx.test.core.app.InstrumentationActivityInvoker$EmptyActivity@8d0f8b3
08-30 15:11:30.827 23627 23627 D LifecycleMonitor: Lifecycle status change: androidx.test.core.app.InstrumentationActivityInvoker$EmptyActivity@8d0f8b3 in: DESTROYED
08-30 15:11:30.827 23627 23627 V ActivityScenario: Activity lifecycle changed event received but ignored because the intent does not match. startActivityIntent=Intent { act=android.intent.action.MAIN cat=[android.intent.category.LAUNCHER] cmp=com.example.dogglers/.VerticalListActivity }, activity.getIntent()=Intent { act=android.intent.action.MAIN cat=[android.intent.category.LAUNCHER] flg=0x10000000 cmp=com.example.dogglers/androidx.test.core.app.InstrumentationActivityInvoker$EmptyActivity }, activity=androidx.test.core.app.InstrumentationActivityInvoker$EmptyActivity@8d0f8b3
08-30 15:11:30.828 23627 23627 I ViewRootImpl@6fb319c[InstrumentationActivityInvoker$EmptyActivity]: dispatchDetachedFromWindow
08-30 15:11:30.829  4349  5108 D InputTransport: Input channel destroyed: '1704e6c', fd=692
08-30 15:11:30.829  4349  5108 I SurfaceControl: nativeRelease nativeObject s[477998584384]
08-30 15:11:30.829  4349  5108 I SurfaceControl: nativeRelease nativeObject e[477998584384]
08-30 15:11:30.829  4349  5108 D WindowManager: isScreenshotDisabledLocked - win: Window{1704e6c u0 com.example.dogglers/androidx.test.core.app.InstrumentationActivityInvoker$EmptyActivity}
08-30 15:11:30.830  4349  5108 D WindowManager: isScreenshotDisabledLocked: userId = 0, disabled =false
08-30 15:11:30.830  4349  5108 I SurfaceControl: nativeRelease nativeObject s[476011695840]
08-30 15:11:30.830  4349  5108 I SurfaceControl: nativeRelease nativeObject e[476011695840]
08-30 15:11:30.831  3976  4001 I SurfaceFlinger: id=38559 createSurf (0x0),-1 flag=24004, Surface(name=749d536 InputMethod)/@0x72f94d3 - animation-leash#0
08-30 15:11:30.832  4349  5108 I SurfaceControl: nativeRelease nativeObject s[477998584768]
08-30 15:11:30.832  4349  5108 I SurfaceControl: nativeRelease nativeObject e[477998584768]
08-30 15:11:30.832  3976  5385 I Layer   : id=38549 removeFromCurrentState com.example.dogglers/androidx.test.core.app.InstrumentationActivityInvoker$EmptyActivity$_23627#0 (92)
08-30 15:11:30.832  3976  5385 I SurfaceFlinger: id=38549 Removed com.example.dogglers/androidx.test.core.app.InstrumentationActivityInvoker$EmptyActivity$_23627#0 (92)
08-30 15:11:30.834  3976  5385 I Layer   : id=38548 removeFromCurrentState 1704e6c com.example.dogglers/androidx.test.core.app.InstrumentationActivityInvoker$EmptyActivity#0 (92)
08-30 15:11:30.834  3976  5385 I Layer   : id=38554 removeFromCurrentState Surface(name=749d536 InputMethod)/@0x72f94d3 - animation-leash#1 (92)
08-30 15:11:30.835  3976  5385 I SurfaceFlinger: id=38548 Removed 1704e6c com.example.dogglers/androidx.test.core.app.InstrumentationActivityInvoker$EmptyActivity#0 (92)
08-30 15:11:30.836 23627 23627 D InputTransport: Input channel destroyed: '1704e6c', fd=91
08-30 15:11:30.837  4349  5108 I SurfaceControl: nativeRelease nativeObject s[477997781440]
08-30 15:11:30.837  4349  5108 I SurfaceControl: nativeRelease nativeObject e[477997781440]
08-30 15:11:30.840 23627 23627 D LifecycleMonitor: Lifecycle status change: androidx.test.core.app.InstrumentationActivityInvoker$EmptyActivity@b621834 in: PAUSED
08-30 15:11:30.840 23627 23627 V ActivityScenario: Activity lifecycle changed event received but ignored because the intent does not match. startActivityIntent=Intent { act=android.intent.action.MAIN cat=[android.intent.category.LAUNCHER] cmp=com.example.dogglers/.VerticalListActivity }, activity.getIntent()=Intent { act=android.intent.action.MAIN cat=[android.intent.category.LAUNCHER] flg=0x10000000 cmp=com.example.dogglers/androidx.test.core.app.InstrumentationActivityInvoker$EmptyActivity }, activity=androidx.test.core.app.InstrumentationActivityInvoker$EmptyActivity@b621834
08-30 15:11:30.840  3976  3976 I Layer   : id=38548[1] Destroyed 1704e6c com.example.dogglers/androidx.test.core.app.InstrumentationActivityInvoker$EmptyActivity#0
08-30 15:11:30.841  3976  3976 I Layer   : id=38549[1] Destroyed com.example.dogglers/androidx.test.core.app.InstrumentationActivityInvoker$EmptyActivity$_23627#0
08-30 15:11:30.844  3976  5385 I Layer   : id=38547 removeFromCurrentState ActivityRecord{520e60e u0 com.example.dogglers/androidx.test.core.app.InstrumentationActivityInvoker$EmptyActivity t1423}#0 (90)
08-30 15:11:30.845  3976  5385 I SurfaceFlinger: id=38547 Removed ActivityRecord{520e60e u0 com.example.dogglers/androidx.test.core.app.InstrumentationActivityInvoker$EmptyActivity t1423}#0 (90)
08-30 15:11:30.846  4349  6765 I SemDvfsHyPerManager: acquire hyper - AMS_APP_HOME/4349@35, type = -999
08-30 15:11:30.846  3927  3954 I HYPER-HAL: [RequestManager.cpp]acquire(): Acquired ID : 9611955  [4349 / 35]    HINT : AMS_APP_HOME    list :
08-30 15:11:30.847  3927  3954 E HYPER-HAL: [HandlerSysfs.cpp]doResourceHandling(): Couldn't Open Sysfs - /sys/power/cstate_control
08-30 15:11:30.847  3927  3954 I HYPER-HAL: [ResourceManager.cpp]updateResource(): [CPUMinFreq] UpdateResource Request ID : 9611955    Value : 1768000
08-30 15:11:30.847  3881  3886 E statsd  : Predicate -7037417284711607308 dropping data for dimension key (10)0x2010101->10429[I] (10)0x30000->*launch*[S]
08-30 15:11:30.848  4349  6765 V WindowOrientationListener: getProposedRotation: -1
08-30 15:11:30.849  4349  6765 V WindowOrientationListener: getProposedRotation: -1
08-30 15:11:30.850  4349  6765 V WindowOrientationListener: getProposedRotation: -1
08-30 15:11:30.857  3976  3976 I Layer   : id=38547[1] Destroyed ActivityRecord{520e60e u0 com.example.dogglers/androidx.test.core.app.InstrumentationActivityInvoker$EmptyActivity t1423}#0
08-30 15:11:30.857 23627 23627 I ViewRootImpl@fe7faa6[InstrumentationActivityInvoker$EmptyActivity]: MSG_WINDOW_FOCUS_CHANGED 0 1
08-30 15:11:30.858 23627 23627 I ViewRootImpl@fe7faa6[InstrumentationActivityInvoker$EmptyActivity]: MSG_WINDOW_FOCUS_CHANGED 0 1
08-30 15:11:30.859 23627 23651 I TestRunner: finished: recycler_view_item_count(com.example.dogglers.VerticalListTests)
