08-30 15:11:31.827 23627 23627 D LifecycleMonitor: Lifecycle status change: com.example.dogglers.VerticalListActivity@b3cfcfb in: PAUSED
08-30 15:11:31.827 23627 23627 V ActivityScenario: Update currentActivityStage to PAUSED, currentActivity=com.example.dogglers.VerticalListActivity@b3cfcfb
08-30 15:11:31.830  4349  4913 V WindowOrientationListener: getProposedRotation: -1
08-30 15:11:31.830  4349  4913 V WindowOrientationListener: getProposedRotation: -1
08-30 15:11:31.832  4349  4913 V WindowOrientationListener: getProposedRotation: -1
08-30 15:11:31.834  4349  4913 D InputDispatcher: Focused application set to (0): 90b36a6
08-30 15:11:31.840  3976  3976 I Layer   : id=38577[1] Destroyed Surface(name=Dim Layer for - Task=1424 - animating-dim)/@0xf6c02d1 - animation-leash#0
08-30 15:11:31.847 23627 23627 D LifecycleMonitor: Lifecycle status change: androidx.test.core.app.InstrumentationActivityInvoker$EmptyActivity@2b3fc7b in: PRE_ON_CREATE
08-30 15:11:31.847 23627 23627 V ActivityScenario: Activity lifecycle changed event received but ignored because the intent does not match. startActivityIntent=Intent { act=android.intent.action.MAIN cat=[android.intent.category.LAUNCHER] cmp=com.example.dogglers/.VerticalListActivity }, activity.getIntent()=Intent { act=android.intent.action.MAIN cat=[android.intent.category.LAUNCHER] flg=0x10000000 cmp=com.example.dogglers/androidx.test.core.app.InstrumentationActivityInvoker$EmptyActivity }, activity=androidx.test.core.app.InstrumentationActivityInvoker$EmptyActivity@2b3fc7b
08-30 15:11:31.852  4349  4371 I SemPersonaManager: SecureFolder personaId = 150
08-30 15:11:31.854 23627 23627 I DecorView: [INFO] isPopOver=false, config=true
08-30 15:11:31.854 23627 23627 I DecorView: updateCaptionType >> DecorView@166a2f1[], isFloating=false, isApplication=true, hasWindowDecorCaption=false, hasWindowControllerCallback=true
08-30 15:11:31.854 23627 23627 D DecorView: setCaptionType = 0, this = DecorView@166a2f1[]
08-30 15:11:31.854 12736 12736 I dnxg    : onPause
08-30 15:11:31.858  4349  4913 I InputDispatcher: Focus left window (23627): ea24241 in display 0 0
08-30 15:11:31.859 23627 23627 D LifecycleMonitor: Lifecycle status change: androidx.test.core.app.InstrumentationActivityInvoker$EmptyActivity@2b3fc7b in: CREATED
08-30 15:11:31.860 23627 23627 V ActivityScenario: Activity lifecycle changed event received but ignored because the intent does not match. startActivityIntent=Intent { act=android.intent.action.MAIN cat=[android.intent.category.LAUNCHER] cmp=com.example.dogglers/.VerticalListActivity }, activity.getIntent()=Intent { act=android.intent.action.MAIN cat=[android.intent.category.LAUNCHER] flg=0x10000000 cmp=com.example.dogglers/androidx.test.core.app.InstrumentationActivityInvoker$EmptyActivity }, activity=androidx.test.core.app.InstrumentationActivityInvoker$EmptyActivity@2b3fc7b
08-30 15:11:31.862 23627 23627 D LifecycleMonitor: Lifecycle status change: androidx.test.core.app.InstrumentationActivityInvoker$EmptyActivity@2b3fc7b in: STARTED
08-30 15:11:31.863 23627 23627 V ActivityScenario: Activity lifecycle changed event received but ignored because the intent does not match. startActivityIntent=Intent { act=android.intent.action.MAIN cat=[android.intent.category.LAUNCHER] cmp=com.example.dogglers/.VerticalListActivity }, activity.getIntent()=Intent { act=android.intent.action.MAIN cat=[android.intent.category.LAUNCHER] flg=0x10000000 cmp=com.example.dogglers/androidx.test.core.app.InstrumentationActivityInvoker$EmptyActivity }, activity=androidx.test.core.app.InstrumentationActivityInvoker$EmptyActivity@2b3fc7b
08-30 15:11:31.895  4349  4371 D EnterpriseDeviceManagerService: isMdmAdminPresentInternal() : MDM Admin Found - com.samsung.knox.securefolder
08-30 15:11:31.902 23627 23627 D LifecycleMonitor: Lifecycle status change: androidx.test.core.app.InstrumentationActivityInvoker$EmptyActivity@2b3fc7b in: RESUMED
08-30 15:11:31.902 23627 23627 V ActivityScenario: Activity lifecycle changed event received but ignored because the intent does not match. startActivityIntent=Intent { act=android.intent.action.MAIN cat=[android.intent.category.LAUNCHER] cmp=com.example.dogglers/.VerticalListActivity }, activity.getIntent()=Intent { act=android.intent.action.MAIN cat=[android.intent.category.LAUNCHER] flg=0x10000000 cmp=com.example.dogglers/androidx.test.core.app.InstrumentationActivityInvoker$EmptyActivity }, activity=androidx.test.core.app.InstrumentationActivityInvoker$EmptyActivity@2b3fc7b
08-30 15:11:31.907  4349  4372 I SurfaceControl: nativeRelease nativeObject s[477997777120]
08-30 15:11:31.907  4349  4372 I SurfaceControl: nativeRelease nativeObject e[477997777120]
08-30 15:11:31.907  4349  4372 I SurfaceControl: nativeRelease nativeObject s[476017197536]
08-30 15:11:31.907  4349  4372 I SurfaceControl: nativeRelease nativeObject e[476017197536]
08-30 15:11:31.908  4349  4913 D InputTransport: Input channel constructed: '6df12c4', fd=729
08-30 15:11:31.908  4349  4913 D InputTransport: Input channel constructed: '6df12c4', fd=733
08-30 15:11:31.909  3976  4002 I SurfaceFlinger: id=38586 createSurf (0x0),-1 flag=80004, 6df12c4 com.example.dogglers/androidx.test.core.app.InstrumentationActivityInvoker$EmptyActivity#0
08-30 15:11:31.910  4349  4913 D WindowManager: isScreenshotDisabledLocked - win: Window{6df12c4 u0 com.example.dogglers/androidx.test.core.app.InstrumentationActivityInvoker$EmptyActivity}
08-30 15:11:31.910  4349  4913 D WindowManager: isScreenshotDisabledLocked: userId = 0, disabled =false
08-30 15:11:31.910  4349  4913 D InputTransport: Input channel destroyed: '6df12c4', fd=733
08-30 15:11:31.911 23627 23627 D InputTransport: Input channel constructed: '6df12c4', fd=92
08-30 15:11:31.912 23627 23627 I ViewRootImpl@3eb5844[InstrumentationActivityInvoker$EmptyActivity]: setView = com.android.internal.policy.DecorView@166a2f1 TM=true
08-30 15:11:31.917  4349  4913 V WindowManager: Relayout Window{6df12c4 u0 com.example.dogglers/androidx.test.core.app.InstrumentationActivityInvoker$EmptyActivity}: viewVisibility=0 req=720x1560
08-30 15:11:31.919  3976  4002 I Layer   : id=38575 removeFromCurrentState Surface(name=ActivityRecord{647abb6 u0 com.example.dogglers/androidx.test.core.app.InstrumentationActivityInvoker$BootstrapActivity t1424})/@0xb03d86a - animation-leash#0 (97)
08-30 15:11:31.919  3976  4002 I Layer   : id=38578 removeFromCurrentState Surface(name=ActivityRecord{647abb6 u0 com.example.dogglers/androidx.test.core.app.InstrumentationActivityInvoker$BootstrapActivity t1424})/@0xb03d86a - animation-bounds#0 (97)
08-30 15:11:31.919  4349  4913 D WindowManager: isScreenshotDisabledLocked - win: Window{6df12c4 u0 com.example.dogglers/androidx.test.core.app.InstrumentationActivityInvoker$EmptyActivity}
08-30 15:11:31.920  4349  4913 D WindowManager: isScreenshotDisabledLocked: userId = 0, disabled =false
08-30 15:11:31.920  3976  4002 I SurfaceFlinger: id=38575 Removed Surface(name=ActivityRecord{647abb6 u0 com.example.dogglers/androidx.test.core.app.InstrumentationActivityInvoker$BootstrapActivity t1424})/@0xb03d86a - animation-leash#0 (97)
08-30 15:11:31.920  3976  4002 I SurfaceFlinger: id=38578 Removed Surface(name=ActivityRecord{647abb6 u0 com.example.dogglers/androidx.test.core.app.InstrumentationActivityInvoker$BootstrapActivity t1424})/@0xb03d86a - animation-bounds#0 (97)
08-30 15:11:31.920  3976  4318 I SurfaceFlinger: id=38587 createSurf (720x1560),1 flag=404, com.example.dogglers/androidx.test.core.app.InstrumentationActivityInvoker$EmptyActivity$_23627#0
08-30 15:11:31.923  4349  4913 I SurfaceControl: nativeRelease nativeObject s[476017203296]
08-30 15:11:31.923  4349  4913 I SurfaceControl: nativeRelease nativeObject e[476017203296]
08-30 15:11:31.923 14146 14146 I TrayStateController: systemUiVisibilityChanged : 0 0
08-30 15:11:31.923  3976  3976 I Layer   : id=38578[1] Destroyed Surface(name=ActivityRecord{647abb6 u0 com.example.dogglers/androidx.test.core.app.InstrumentationActivityInvoker$BootstrapActivity t1424})/@0xb03d86a - animation-bounds#0
08-30 15:11:31.923  3976  3976 I Layer   : id=38575[1] Destroyed Surface(name=ActivityRecord{647abb6 u0 com.example.dogglers/androidx.test.core.app.InstrumentationActivityInvoker$BootstrapActivity t1424})/@0xb03d86a - animation-leash#0
08-30 15:11:31.924  3976  4002 I SurfaceFlinger: id=38588 createSurf (0x0),-1 flag=24000, Surface(name=1096c8d StatusBar)/@0xeaf4dd0 - animation-leash#1
08-30 15:11:31.925  4349  4913 I SurfaceControl: nativeRelease nativeObject s[476017206080]
08-30 15:11:31.925  4349  4913 I SurfaceControl: nativeRelease nativeObject e[476017206080]
08-30 15:11:31.925  3976  4002 I SurfaceFlinger: id=38589 createSurf (0x0),-1 flag=24000, Surface(name=b07ecc5 NavigationBar0)/@0xa8376fc - animation-leash#0
08-30 15:11:31.927  4349  4913 V WindowManager: Relayout hash=6df12c4, pid=23627: mAttrs={(0,0)(fillxfill) sim={adjust=pan forwardNavigation} ty=BASE_APPLICATION wanim=0x1030001
08-30 15:11:31.927  4349  4913 V WindowManager:   fl=1810100
08-30 15:11:31.927  4349  4913 V WindowManager:   pfl=12020000
08-30 15:11:31.927  4349  4913 V WindowManager:   fitSides= naviIconColor=0}
08-30 15:11:31.927  4349  4913 I SurfaceControl: nativeRelease nativeObject s[476017197536]
08-30 15:11:31.927  4349  4913 I SurfaceControl: nativeRelease nativeObject e[476017197536]
08-30 15:11:31.929  3976  4002 I Layer   : id=38581 removeFromCurrentState Surface(name=1096c8d StatusBar)/@0xeaf4dd0 - animation-leash#0 (98)
08-30 15:11:31.929  3976  4002 I Layer   : id=38582 removeFromCurrentState Surface(name=b07ecc5 NavigationBar0)/@0xa8376fc - animation-leash#1 (98)
08-30 15:11:31.929 23627 23627 I SurfaceControl: assignNativeObject: nativeObject = 0 Surface(name=null)/@0x8b17d2d / android.view.SurfaceControl.readFromParcel:1117 android.view.IWindowSession$Stub$Proxy.relayout:1836 android.view.ViewRootImpl.relayoutWindow:9005 android.view.ViewRootImpl.performTraversals:3360 android.view.ViewRootImpl.doTraversal:2618 android.view.ViewRootImpl$TraversalRunnable.run:9971 android.view.Choreographer$CallbackRecord.run:1010 android.view.Choreographer.doCallbacks:809 android.view.Choreographer.doFrame:744 android.view.Choreographer$FrameDisplayEventReceiver.run:995
08-30 15:11:31.930 23627 23627 I ViewRootImpl@3eb5844[InstrumentationActivityInvoker$EmptyActivity]: Relayout returned: old=(0,0,720,1560) new=(0,0,720,1560) req=(720,1560)0 dur=13 res=0x7 s={true 478211809280} ch=true fn=-1
08-30 15:11:31.932  3899  3953 D gralloc : [mali_gralloc_allocate] begin
08-30 15:11:31.932  3899  3953 D gralloc : buffer_descriptor: wh(720 1560) usage_pc(0x40000000000b00 0x40000000000b00) hal_format(0x1) layer_count(1) sizes(0 0 0) strde(0) byte_stride(0) alloc_wh(0 0) internal_format(0x0) alloc_format(0x0) fd_count(1) plane_count(0)
08-30 15:11:31.933 23627 23627 I ViewRootImpl@3eb5844[InstrumentationActivityInvoker$EmptyActivity]: [DP] dp(1) 1 android.view.ViewRootImpl.reportNextDraw:10957 android.view.ViewRootImpl.performTraversals:3845 android.view.ViewRootImpl.doTraversal:2618
08-30 15:11:31.933 23627 23627 I ViewRootImpl@3eb5844[InstrumentationActivityInvoker$EmptyActivity]: [DP] pd() Asnyc report
08-30 15:11:31.933  3899  3953 D gralloc : [mali_gralloc_allocate] allocation successful
08-30 15:11:31.934  3899  3953 D gralloc : [mali_gralloc_allocate] begin
08-30 15:11:31.934  3899  3953 D gralloc : buffer_descriptor: wh(720 1560) usage_pc(0x40000000000b00 0x40000000000b00) hal_format(0x1) layer_count(1) sizes(0 0 0) strde(0) byte_stride(0) alloc_wh(0 0) internal_format(0x0) alloc_format(0x0) fd_count(1) plane_count(0)
08-30 15:11:31.935  3899  3953 D gralloc : [mali_gralloc_allocate] allocation successful
08-30 15:11:31.936  3899  3953 D gralloc : [mali_gralloc_allocate] begin
08-30 15:11:31.936  3899  3953 D gralloc : buffer_descriptor: wh(720 1560) usage_pc(0x40000000000b00 0x40000000000b00) hal_format(0x1) layer_count(1) sizes(0 0 0) strde(0) byte_stride(0) alloc_wh(0 0) internal_format(0x0) alloc_format(0x0) fd_count(1) plane_count(0)
08-30 15:11:31.936  3899  3953 D gralloc : [mali_gralloc_allocate] allocation successful
08-30 15:11:31.941 23627 23627 I ViewRootImpl@3eb5844[InstrumentationActivityInvoker$EmptyActivity]: [DP] pdf(0) 1 android.view.ViewRootImpl.lambda$performDraw$1$ViewRootImpl:4668 android.view.-$$Lambda$ViewRootImpl$DJd0VUYJgsebcnSohO6h8zc_ONI.run:6 android.os.Handler.handleCallback:938
08-30 15:11:31.941 23627 23627 I ViewRootImpl@3eb5844[InstrumentationActivityInvoker$EmptyActivity]: [DP] rdf()
08-30 15:11:31.946  4349  4372 D PkgPredictorService: pkg:com.example.dogglers activity:androidx.test.core.app.InstrumentationActivityInvoker$EmptyActivity thisTime:131
08-30 15:11:31.946 23627 23627 I ViewRootImpl@5ee69ea[VerticalListActivity]: MSG_WINDOW_FOCUS_CHANGED 0 1
08-30 15:11:31.947  4349  4372 I SemDvfsHyPerManager: acquire hyper - AMS_RESUME_TAIL/4349@18, type = -999
08-30 15:11:31.947  4349  4376 I ActivityTaskManager: Displayed com.example.dogglers/androidx.test.core.app.InstrumentationActivityInvoker$EmptyActivity: +131ms
08-30 15:11:31.948  4349  4372 I SemDvfsHyPerManager: acquire hyper - AMS_ACT_LAZY/4349@19, type = -999
08-30 15:11:31.948  5589  5589 E pageboostd: Received HALT command code 2
08-30 15:11:31.948  3927  3954 I HYPER-HAL: [RequestManager.cpp]acquire(): Acquired ID : 9537546  [4349 / 18]    HINT : AMS_RESUME_TAIL    list :
08-30 15:11:31.948  3927  3954 E HYPER-HAL: [HandlerSysfs.cpp]doResourceHandling(): Couldn't Open Sysfs - /sys/power/cstate_control
08-30 15:11:31.948  3927  3954 I HYPER-HAL: [ResourceManager.cpp]updateResource(): [CPUMinFreq] UpdateResource Request ID : 9537546    Value : 1560000
08-30 15:11:31.948  3927  3954 I HYPER-HAL: [RequestManager.cpp]acquire(): Acquired ID : 9541915  [4349 / 19]    HINT :      list :
08-30 15:11:31.949  3927  3954 E HYPER-HAL: [Request.cpp]acquire(): Request:: id : 9541915, No Resource to set
08-30 15:11:31.949  3927  3954 E HYPER-HAL: [HandlerSysfs.cpp]doResourceHandling(): Couldn't Open Sysfs - /sys/power/cstate_control
08-30 15:11:31.949  3927  3954 I HYPER-HAL: [ResourceManager.cpp]removeResource(): [CPUMinFreq] RemoveResource Request ID : 9528811
08-30 15:11:31.949  3927  3954 I HYPER-HAL: [RequestManager.cpp]releaseLocked(): Released ID : 9528811
08-30 15:11:31.950 23627 23627 I SurfaceControl: nativeRelease nativeObject s[478247331904]
08-30 15:11:31.950 23627 23627 I SurfaceControl: nativeRelease nativeObject e[478247331904]
08-30 15:11:31.950 23627 23627 I SurfaceControl: nativeRelease nativeObject s[478247331808]
08-30 15:11:31.950 23627 23627 I SurfaceControl: nativeRelease nativeObject e[478247331808]
08-30 15:11:31.950 23627 23627 I SurfaceControl: nativeRelease nativeObject s[478247330656]
08-30 15:11:31.950 23627 23627 I SurfaceControl: nativeRelease nativeObject e[478247330656]
08-30 15:11:31.950  3976  4318 I SurfaceFlinger: id=38582 Removed Surface(name=b07ecc5 NavigationBar0)/@0xa8376fc - animation-leash#1 (98)
08-30 15:11:31.950  3976  4318 I SurfaceFlinger: id=38581 Removed Surface(name=1096c8d StatusBar)/@0xeaf4dd0 - animation-leash#0 (98)
08-30 15:11:31.956  3976  3976 I Layer   : id=38581[1] Destroyed Surface(name=1096c8d StatusBar)/@0xeaf4dd0 - animation-leash#0
08-30 15:11:31.956  3976  3976 I Layer   : id=38582[1] Destroyed Surface(name=b07ecc5 NavigationBar0)/@0xa8376fc - animation-leash#1
08-30 15:11:31.958  4349  4913 I InputDispatcher: Focus entered window (23627): 6df12c4 in display 0 0
08-30 15:11:31.963  3976  4002 E BufferQueueProducer: [com.example.dogglers/com.example.dogglers.VerticalListActivity$_23627#0](id:f88000033ec,api:0,p:-1,c:3976) disconnect: not connected (req=1)
08-30 15:11:31.963 23627 23685 W libEGL  : EGLNativeWindowType 0x6f58f14010 disconnect failed
08-30 15:11:31.963  3976  3976 D SurfaceFlinger: Display 0 HWC layers:
08-30 15:11:31.963  3976  3976 D SurfaceFlinger:      DEVICE | 0x75743a6340 | 0002 | RGBA_8888    |    0.0    0.0  720.0 1560.0 |    0    0  720 1560 | com.example.dogglers/androidx.test.c[...]tivityInvoker$EmptyActivity$_23627#0
08-30 15:11:31.963  3976  3976 D SurfaceFlinger:      DEVICE | 0x75743a6200 | 0000 | RGBA_8888    |    0.0    0.0  720.0   53.0 |    0    0  720   53 | StatusBar$_4708#0
08-30 15:11:31.963  3976  3976 D SurfaceFlinger:      DEVICE | 0x74d157fa00 | 0000 | RGBA_8888    |    0.0    0.0   67.0  232.0 |  653  151  720  383 | com.samsung.android.app.cocktailbars[...]rservice.CocktailBarService$_14146#0
08-30 15:11:31.963  3976  3976 D SurfaceFlinger:      DEVICE | 0x75743a7380 | 0000 | RGBA_8888    |    0.0    0.0  720.0   84.0 |    0 1476  720 1560 | NavigationBar0$_4708#0
08-30 15:11:31.963  3976  3976 D SurfaceFlinger:      DEVICE | 0x74f0413e00 | 0000 | RGBA_8888    |    0.0    0.0  720.0  101.0 |    0    0  720  101 | ScreenDecorOverlay$_4708#0
08-30 15:11:31.963  3976  3976 D SurfaceFlinger:      DEVICE | 0x75743a7b00 | 0000 | RGBA_8888    |    0.0    0.0  720.0  101.0 |    0 1459  720 1560 | ScreenDecorOverlayBottom$_4708#0
08-30 15:11:31.963  3976  3976 D SurfaceFlinger:
08-30 15:11:31.964  4349  5108 V WindowManager: Relayout Window{ea24241 u0 com.example.dogglers/com.example.dogglers.VerticalListActivity}: viewVisibility=8 req=720x1560
08-30 15:11:31.967  4349  5108 V WindowManager: Relayout hash=ea24241, pid=23627: mAttrs={(0,0)(fillxfill) sim={adjust=resize forwardNavigation} ty=BASE_APPLICATION wanim=0x1030304
08-30 15:11:31.967  4349  5108 V WindowManager:   fl=81810100
08-30 15:11:31.967  4349  5108 V WindowManager:   pfl=12020000
08-30 15:11:31.967  4349  5108 V WindowManager:   fitSides= naviIconColor=0}
08-30 15:11:31.968 23627 23627 I SurfaceControl: nativeRelease nativeObject s[476145761664]
08-30 15:11:31.968 23627 23627 I SurfaceControl: nativeRelease nativeObject e[476145761664]
08-30 15:11:31.968 23627 23627 I SurfaceControl: assignNativeObject: nativeObject = 0 Surface(name=null)/@0xa6f7ff3 / android.view.SurfaceControl.readFromParcel:1117 android.view.IWindowSession$Stub$Proxy.relayout:1826 android.view.ViewRootImpl.relayoutWindow:9005 android.view.ViewRootImpl.performTraversals:3360 android.view.ViewRootImpl.doTraversal:2618 android.view.ViewRootImpl$TraversalRunnable.run:9971 android.view.Choreographer$CallbackRecord.run:1010 android.view.Choreographer.doCallbacks:809 android.view.Choreographer.doFrame:744 android.view.Choreographer$FrameDisplayEventReceiver.run:995
08-30 15:11:31.969 23627 23627 I SurfaceControl: assignNativeObject: nativeObject = 0 Surface(name=null)/@0xfc494db / android.view.SurfaceControl.readFromParcel:1117 android.view.IWindowSession$Stub$Proxy.relayout:1836 android.view.ViewRootImpl.relayoutWindow:9005 android.view.ViewRootImpl.performTraversals:3360 android.view.ViewRootImpl.doTraversal:2618 android.view.ViewRootImpl$TraversalRunnable.run:9971 android.view.Choreographer$CallbackRecord.run:1010 android.view.Choreographer.doCallbacks:809 android.view.Choreographer.doFrame:744 android.view.Choreographer$FrameDisplayEventReceiver.run:995
08-30 15:11:31.970  4349  6779 I SemDvfsHyPerManager: acquire hyper - AMS_ACT_START/4349@16, type = -999
08-30 15:11:31.970 23627 23627 I SurfaceControl: nativeRelease nativeObject s[476571790240]
08-30 15:11:31.970 23627 23627 I SurfaceControl: nativeRelease nativeObject e[476571790240]
08-30 15:11:31.970 23627 23627 I ViewRootImpl@5ee69ea[VerticalListActivity]: Relayout returned: old=(0,0,720,1560) new=(0,0,720,1560) req=(720,1560)8 dur=6 res=0x5 s={false 0} ch=true fn=6
08-30 15:11:31.970  3927  3954 I HYPER-HAL: [RequestManager.cpp]acquire(): Acquired ID : 9528811  [4349 / 16]    HINT : AMS_ACT_START    list :
08-30 15:11:31.971  3927  3954 E HYPER-HAL: [HandlerSysfs.cpp]doResourceHandling(): Couldn't Open Sysfs - /sys/power/cstate_control
08-30 15:11:31.971  3976  4002 I SurfaceFlinger: id=38590 createSurf (0x0),-1 flag=80004, ActivityRecord{8f7a3a u0 com.example.dogglers/androidx.test.core.app.InstrumentationActivityInvoker$EmptyActivity t1424}#0
08-30 15:11:31.971  3927  3954 I HYPER-HAL: [ResourceManager.cpp]updateResource(): [CPUMinFreq] UpdateResource Request ID : 9528811    Value : 1560000
08-30 15:11:31.971 23627 23627 I ViewRootImpl@5ee69ea[VerticalListActivity]: stopped(true) old=false
08-30 15:11:31.972 23627 23627 D LifecycleMonitor: Lifecycle status change: com.example.dogglers.VerticalListActivity@b3cfcfb in: STOPPED
08-30 15:11:31.972 23627 23627 V ActivityScenario: Update currentActivityStage to STOPPED, currentActivity=com.example.dogglers.VerticalListActivity@b3cfcfb
08-30 15:11:31.974 23627 23627 D LifecycleMonitor: Lifecycle status change: com.example.dogglers.VerticalListActivity@b3cfcfb in: DESTROYED
08-30 15:11:31.975 23627 23627 V ActivityScenario: Update currentActivityStage to DESTROYED, currentActivity=null
08-30 15:11:31.978 23627 23627 I ViewRootImpl@5ee69ea[VerticalListActivity]: dispatchDetachedFromWindow
08-30 15:11:31.981  4349  5108 D InputTransport: Input channel destroyed: 'ea24241', fd=730
08-30 15:11:31.982  4349  5108 I SurfaceControl: nativeRelease nativeObject s[477997556832]
08-30 15:11:31.982  4349  5108 I SurfaceControl: nativeRelease nativeObject e[477997556832]
08-30 15:11:31.982  4349  5108 D WindowManager: isScreenshotDisabledLocked - win: Window{ea24241 u0 com.example.dogglers/com.example.dogglers.VerticalListActivity}
08-30 15:11:31.982  4349  5108 D WindowManager: isScreenshotDisabledLocked: userId = 0, disabled =false
08-30 15:11:31.982  4349  5108 I SurfaceControl: nativeRelease nativeObject s[477996349248]
08-30 15:11:31.982  4349  5108 I SurfaceControl: nativeRelease nativeObject e[477996349248]
08-30 15:11:31.983  3976  4002 I SurfaceFlinger: id=38591 createSurf (0x0),-1 flag=24004, Surface(name=749d536 InputMethod)/@0x72f94d3 - animation-leash#1
08-30 15:11:31.984  4349  5108 I SurfaceControl: nativeRelease nativeObject s[476021493120]
08-30 15:11:31.984  4349  5108 I SurfaceControl: nativeRelease nativeObject e[476021493120]
08-30 15:11:31.984  3976  4002 I Layer   : id=38580 removeFromCurrentState com.example.dogglers/com.example.dogglers.VerticalListActivity$_23627#0 (98)
08-30 15:11:31.987  3976  4002 I Layer   : id=38579 removeFromCurrentState ea24241 com.example.dogglers/com.example.dogglers.VerticalListActivity#0 (98)
08-30 15:11:31.987  3976  4002 I Layer   : id=38584 removeFromCurrentState Surface(name=749d536 InputMethod)/@0x72f94d3 - animation-leash#0 (98)
08-30 15:11:31.987  3976  4318 I SurfaceFlinger: id=38579 Removed ea24241 com.example.dogglers/com.example.dogglers.VerticalListActivity#0 (98)
08-30 15:11:31.988  3976  4002 I SurfaceFlinger: id=38580 Removed com.example.dogglers/com.example.dogglers.VerticalListActivity$_23627#0 (98)
08-30 15:11:31.988 23627 23627 D InputTransport: Input channel destroyed: 'ea24241', fd=81
08-30 15:11:31.990  3976  3976 I Layer   : id=38579[1] Destroyed ea24241 com.example.dogglers/com.example.dogglers.VerticalListActivity#0
08-30 15:11:31.991  3976  3976 I Layer   : id=38580[1] Destroyed com.example.dogglers/com.example.dogglers.VerticalListActivity$_23627#0
08-30 15:11:31.993  4349  5108 I SurfaceControl: nativeRelease nativeObject s[477997776736]
08-30 15:11:31.993  4349  5108 I SurfaceControl: nativeRelease nativeObject e[477997776736]
08-30 15:11:31.997 23627 23627 I ViewRootImpl@3eb5844[InstrumentationActivityInvoker$EmptyActivity]: MSG_WINDOW_FOCUS_CHANGED 1 1
08-30 15:11:31.997 23627 23627 D InputMethodManager: prepareNavigationBarInfo() DecorView@166a2f1[InstrumentationActivityInvoker$EmptyActivity]
08-30 15:11:31.997 23627 23627 D InputMethodManager: getNavigationBarColor() -16711423
08-30 15:11:31.998 23627 23627 D InputMethodManager: prepareNavigationBarInfo() DecorView@166a2f1[InstrumentationActivityInvoker$EmptyActivity]
08-30 15:11:31.998 23627 23627 D InputMethodManager: getNavigationBarColor() -16711423
08-30 15:11:31.998 23627 23627 V InputMethodManager: Starting input: tba=com.example.dogglers ic=null mNaviBarColor -16711423 mIsGetNaviBarColorSuccess true , NavVisible : true , NavTrans : false
08-30 15:11:31.998 23627 23627 D InputMethodManager: startInputInner - Id : 0
08-30 15:11:31.998 23627 23627 I InputMethodManager: startInputInner - mService.startInputOrWindowGainedFocus
08-30 15:11:31.999  4349  5108 D InputMethodManagerService: mSecureKeypadEnabled = false
08-30 15:11:32.000  4349  5108 V InputMethodManagerService: hideCurrentInputLocked : shouldHideSoftInput is false
08-30 15:11:32.000  4349  5108 D InputMethodManagerService: mDesktopModeManager null!
08-30 15:11:32.000  4349  5108 V InputMethodManagerService: getDisplayIdOfInputMethodWindowToBeAdded : 0
08-30 15:11:32.001  4349  5108 D InputMethodManagerService: checkDisplayOfStartInputAndUpdateKeyboard display Id 0last 0
08-30 15:11:32.001  4349  5108 D InputTransport: Input channel constructed: 'ClientS', fd=730
08-30 15:11:32.001  4349  5108 D InputTransport: Input channel destroyed: 'ClientS', fd=730
08-30 15:11:32.002 23627 23627 D InputTransport: Input channel constructed: 'ClientS', fd=81
08-30 15:11:32.002 23627 23627 D InputTransport: Input channel destroyed: 'ClientS', fd=90
08-30 15:11:32.003 23627 23627 D LifecycleMonitor: Lifecycle status change: androidx.test.core.app.InstrumentationActivityInvoker$EmptyActivity@2b3fc7b in: PAUSED
08-30 15:11:32.004 23627 23627 V ActivityScenario: Activity lifecycle changed event received but ignored because the intent does not match. startActivityIntent=Intent { act=android.intent.action.MAIN cat=[android.intent.category.LAUNCHER] cmp=com.example.dogglers/.VerticalListActivity }, activity.getIntent()=Intent { act=android.intent.action.MAIN cat=[android.intent.category.LAUNCHER] flg=0x10000000 cmp=com.example.dogglers/androidx.test.core.app.InstrumentationActivityInvoker$EmptyActivity }, activity=androidx.test.core.app.InstrumentationActivityInvoker$EmptyActivity@2b3fc7b
08-30 15:11:32.004  4349  4913 I SurfaceControl: nativeRelease nativeObject s[477998584384]
08-30 15:11:32.004  4349  4913 I SurfaceControl: nativeRelease nativeObject e[477998584384]
08-30 15:11:32.005  3976  4002 I SurfaceFlinger: id=38592 createSurf (0x0),-1 flag=24004, Surface(name=749d536 InputMethod)/@0x72f94d3 - animation-leash#0
08-30 15:11:32.006  7475  7475 I HBD     : HoneyBoardService onFinishInput
08-30 15:11:32.007  7475  7475 I HBD     : a IC have been unbinded,  InputConnectionWrapper{idHash=#53a14a6 mMissingMethods=}
08-30 15:11:32.007  7475  7475 I HBD     : HoneyBoardService [PF_CL][onFinishInput]  375692 ns
08-30 15:11:32.007 12736 12736 I dnxg    : onStop
08-30 15:11:32.007  7475  7475 I HBD     : HoneyBoardService [IMI] onStartInput - caller pid : 23627 , caller uid : 10429
08-30 15:11:32.007  7475  7475 I HBD     : i updateConfigs
08-30 15:11:32.007  7475  7475 I HBD     : i isEnabledNightMode : true
08-30 15:11:32.008  7475  7475 I HBD     : a IC have been binded, InputConnectionWrapper{idHash=#53a14a6 mMissingMethods=}
08-30 15:11:32.008  7475  7475 I HBD     : h [EditorInputType]setPrivateImeOptionsToTable privateImeOptions ( null )
08-30 15:11:32.008  7475  7475 I HBD     : b incognitoMode : false
08-30 15:11:32.008  7475  7475 I HBD     : a needOff = true , isForceOff = false, isNullInputClass : true
08-30 15:11:32.008  7475  7475 I HBD     : h getDefaultInputRange : UNKNOWN
08-30 15:11:32.008  7475  7475 I HBD     : h getDefaultInputRange : UNKNOWN
08-30 15:11:32.008  7475  7475 I HBD     : h getDefaultInputRange : UNKNOWN
08-30 15:11:32.009  4349  5464 D SdpManagerService: Not an enterprise user : 0
08-30 15:11:32.009  4349  5464 D SdpManagerService: Not an enterprise user : 0
08-30 15:11:32.010  7475  7475 I HBD     : h getDefaultInputRange : UNKNOWN
08-30 15:11:32.010  7475  7475 I HBD     : a currentState : 0
08-30 15:11:32.010  4349  5108 V WindowOrientationListener: getProposedRotation: -1
08-30 15:11:32.010  4349  5108 V WindowOrientationListener: getProposedRotation: -1
08-30 15:11:32.011  7475  7475 I HBD     : h load selected json info : {"version":"1.0","currentLanguageOrder":2,"selected":[{"activeOptionList":["auto_replace","spell_check","auto_spacing"],"engName":"Russian","id":3342336,"inputType":"qwerty","isUsed":true},{"activeOptionList":["auto_replace","spell_check","auto_spacing"],"engName":"English","id":65537,"inputType":"qwerty","isUsed":true},{"activeOptionList":["auto_replace","spell_check","auto_spacing"],"engName":"Ukrainian","id":4456448,"inputType":"qwerty","isUsed":true}]}
08-30 15:11:32.012  4349  5108 V WindowOrientationListener: getProposedRotation: -1
08-30 15:11:32.012  7475  7475 I HBD     : a [UpdatePolicy] [post] a: 0 cl: 4456448 kit: [0/0] vt: 0 ir: 1
08-30 15:11:32.013  7475  7475 I HBD     : HoneyBoardService [PF_OP][onStartInput]  5987346 ns
08-30 15:11:32.014  4349  5108 D InputDispatcher: Focused application set to (0): 8f7a3a
08-30 15:11:32.019  3976  4002 I Layer   : id=38574 removeFromCurrentState ActivityRecord{1ba52e0 u0 com.example.dogglers/.VerticalListActivity t1424}#0 (97)
08-30 15:11:32.020  3976  4002 I Layer   : id=38591 removeFromCurrentState Surface(name=749d536 InputMethod)/@0x72f94d3 - animation-leash#1 (97)
08-30 15:11:32.020  3976  4002 I SurfaceFlinger: id=38574 Removed ActivityRecord{1ba52e0 u0 com.example.dogglers/.VerticalListActivity t1424}#0 (97)
08-30 15:11:32.023  3976  3976 I Layer   : id=38574[1] Destroyed ActivityRecord{1ba52e0 u0 com.example.dogglers/.VerticalListActivity t1424}#0
08-30 15:11:32.029 23627 23627 D LifecycleMonitor: Lifecycle status change: androidx.test.core.app.InstrumentationActivityInvoker$EmptyActivity@f0b6bdc in: PRE_ON_CREATE
08-30 15:11:32.029 23627 23627 V ActivityScenario: Activity lifecycle changed event received but ignored because the intent does not match. startActivityIntent=Intent { act=android.intent.action.MAIN cat=[android.intent.category.LAUNCHER] cmp=com.example.dogglers/.VerticalListActivity }, activity.getIntent()=Intent { act=android.intent.action.MAIN cat=[android.intent.category.LAUNCHER] flg=0x10000000 cmp=com.example.dogglers/androidx.test.core.app.InstrumentationActivityInvoker$EmptyActivity }, activity=androidx.test.core.app.InstrumentationActivityInvoker$EmptyActivity@f0b6bdc
08-30 15:11:32.037  4349  4371 I SemPersonaManager: SecureFolder personaId = 150
08-30 15:11:32.041 23627 23627 I DecorView: [INFO] isPopOver=false, config=true
08-30 15:11:32.041 23627 23627 I DecorView: updateCaptionType >> DecorView@7a5abba[], isFloating=false, isApplication=true, hasWindowDecorCaption=false, hasWindowControllerCallback=true
08-30 15:11:32.041 23627 23627 D DecorView: setCaptionType = 0, this = DecorView@7a5abba[]
08-30 15:11:32.046 23627 23627 D LifecycleMonitor: Lifecycle status change: androidx.test.core.app.InstrumentationActivityInvoker$EmptyActivity@f0b6bdc in: CREATED
08-30 15:11:32.047 23627 23627 V ActivityScenario: Activity lifecycle changed event received but ignored because the intent does not match. startActivityIntent=Intent { act=android.intent.action.MAIN cat=[android.intent.category.LAUNCHER] cmp=com.example.dogglers/.VerticalListActivity }, activity.getIntent()=Intent { act=android.intent.action.MAIN cat=[android.intent.category.LAUNCHER] flg=0x10000000 cmp=com.example.dogglers/androidx.test.core.app.InstrumentationActivityInvoker$EmptyActivity }, activity=androidx.test.core.app.InstrumentationActivityInvoker$EmptyActivity@f0b6bdc
08-30 15:11:32.049 23627 23627 D LifecycleMonitor: Lifecycle status change: androidx.test.core.app.InstrumentationActivityInvoker$EmptyActivity@f0b6bdc in: STARTED
08-30 15:11:32.049 23627 23627 V ActivityScenario: Activity lifecycle changed event received but ignored because the intent does not match. startActivityIntent=Intent { act=android.intent.action.MAIN cat=[android.intent.category.LAUNCHER] cmp=com.example.dogglers/.VerticalListActivity }, activity.getIntent()=Intent { act=android.intent.action.MAIN cat=[android.intent.category.LAUNCHER] flg=0x10000000 cmp=com.example.dogglers/androidx.test.core.app.InstrumentationActivityInvoker$EmptyActivity }, activity=androidx.test.core.app.InstrumentationActivityInvoker$EmptyActivity@f0b6bdc
08-30 15:11:32.057  4349  4913 I InputDispatcher: Focus left window (23627): 6df12c4 in display 0 0
08-30 15:11:32.081  4349  4371 D EnterpriseDeviceManagerService: isMdmAdminPresentInternal() : MDM Admin Found - com.samsung.knox.securefolder
08-30 15:11:32.087 23627 23627 D LifecycleMonitor: Lifecycle status change: androidx.test.core.app.InstrumentationActivityInvoker$EmptyActivity@f0b6bdc in: RESUMED
08-30 15:11:32.087 23627 23627 V ActivityScenario: Activity lifecycle changed event received but ignored because the intent does not match. startActivityIntent=Intent { act=android.intent.action.MAIN cat=[android.intent.category.LAUNCHER] cmp=com.example.dogglers/.VerticalListActivity }, activity.getIntent()=Intent { act=android.intent.action.MAIN cat=[android.intent.category.LAUNCHER] flg=0x10000000 cmp=com.example.dogglers/androidx.test.core.app.InstrumentationActivityInvoker$EmptyActivity }, activity=androidx.test.core.app.InstrumentationActivityInvoker$EmptyActivity@f0b6bdc
08-30 15:11:32.092  4349  5108 D InputTransport: Input channel constructed: '1a72fb7', fd=746
08-30 15:11:32.092  4349  5108 D InputTransport: Input channel constructed: '1a72fb7', fd=747
08-30 15:11:32.093  3976  4002 I SurfaceFlinger: id=38593 createSurf (0x0),-1 flag=80004, 1a72fb7 com.example.dogglers/androidx.test.core.app.InstrumentationActivityInvoker$EmptyActivity#0
08-30 15:11:32.094  4349  5108 D WindowManager: isScreenshotDisabledLocked - win: Window{1a72fb7 u0 com.example.dogglers/androidx.test.core.app.InstrumentationActivityInvoker$EmptyActivity}
08-30 15:11:32.094  4349  5108 D WindowManager: isScreenshotDisabledLocked: userId = 0, disabled =false
08-30 15:11:32.094  4349  5108 D InputTransport: Input channel destroyed: '1a72fb7', fd=747
08-30 15:11:32.095 23627 23627 D InputTransport: Input channel constructed: '1a72fb7', fd=90
08-30 15:11:32.096 23627 23627 I ViewRootImpl@3152a61[InstrumentationActivityInvoker$EmptyActivity]: setView = com.android.internal.policy.DecorView@7a5abba TM=true
08-30 15:11:32.098  4349  5108 D SamsungIMMSHWKeyboard: isConnectedDexOnPC false
08-30 15:11:32.099  4349  5108 D InputMethodManagerService: isImeSwitcherDisabledPackage : false
08-30 15:11:32.099 23627 23627 I SurfaceControl: nativeRelease nativeObject s[476145767616]
08-30 15:11:32.099 23627 23627 I SurfaceControl: nativeRelease nativeObject e[476145767616]
08-30 15:11:32.099 23627 23627 I SurfaceControl: nativeRelease nativeObject s[478169913504]
08-30 15:11:32.099 23627 23627 I SurfaceControl: nativeRelease nativeObject e[478169913504]
08-30 15:11:32.100 23627 23627 D LifecycleMonitor: Lifecycle status change: androidx.test.core.app.InstrumentationActivityInvoker$BootstrapActivity@9985200 in: STOPPED
08-30 15:11:32.100 23627 23627 V ActivityScenario: Activity lifecycle changed event received but ignored because the intent does not match. startActivityIntent=Intent { act=android.intent.action.MAIN cat=[android.intent.category.LAUNCHER] cmp=com.example.dogglers/.VerticalListActivity }, activity.getIntent()=Intent { act=android.intent.action.MAIN cat=[android.intent.category.LAUNCHER] flg=0x10008000 cmp=com.example.dogglers/androidx.test.core.app.InstrumentationActivityInvoker$BootstrapActivity (has extras) }, activity=androidx.test.core.app.InstrumentationActivityInvoker$BootstrapActivity@9985200
08-30 15:11:32.102 23627 23627 D LifecycleMonitor: Lifecycle status change: androidx.test.core.app.InstrumentationActivityInvoker$BootstrapActivity@9985200 in: DESTROYED
08-30 15:11:32.102 23627 23627 V ActivityScenario: Activity lifecycle changed event received but ignored because the intent does not match. startActivityIntent=Intent { act=android.intent.action.MAIN cat=[android.intent.category.LAUNCHER] cmp=com.example.dogglers/.VerticalListActivity }, activity.getIntent()=Intent { act=android.intent.action.MAIN cat=[android.intent.category.LAUNCHER] flg=0x10008000 cmp=com.example.dogglers/androidx.test.core.app.InstrumentationActivityInvoker$BootstrapActivity (has extras) }, activity=androidx.test.core.app.InstrumentationActivityInvoker$BootstrapActivity@9985200
08-30 15:11:32.103  4349  4913 I SurfaceControl: nativeRelease nativeObject s[477996349344]
08-30 15:11:32.103  4349  4913 I SurfaceControl: nativeRelease nativeObject e[477996349344]
08-30 15:11:32.109  3976  4002 I Layer   : id=38569 removeFromCurrentState ActivityRecord{647abb6 u0 com.example.dogglers/androidx.test.core.app.InstrumentationActivityInvoker$BootstrapActivity t1424}#0 (97)
08-30 15:11:32.110  3976  4002 I SurfaceFlinger: id=38569 Removed ActivityRecord{647abb6 u0 com.example.dogglers/androidx.test.core.app.InstrumentationActivityInvoker$BootstrapActivity t1424}#0 (97)
08-30 15:11:32.110  4349  4913 V WindowManager: Relayout Window{1a72fb7 u0 com.example.dogglers/androidx.test.core.app.InstrumentationActivityInvoker$EmptyActivity}: viewVisibility=0 req=720x1560
08-30 15:11:32.112  4349  4913 D WindowManager: isScreenshotDisabledLocked - win: Window{1a72fb7 u0 com.example.dogglers/androidx.test.core.app.InstrumentationActivityInvoker$EmptyActivity}
08-30 15:11:32.112  4349  4913 D WindowManager: isScreenshotDisabledLocked: userId = 0, disabled =false
08-30 15:11:32.113  3976  4002 I SurfaceFlinger: id=38594 createSurf (720x1560),1 flag=404, com.example.dogglers/androidx.test.core.app.InstrumentationActivityInvoker$EmptyActivity$_23627#1
08-30 15:11:32.115  4349  4913 I SurfaceControl: nativeRelease nativeObject s[477997556928]
08-30 15:11:32.115  4349  4913 I SurfaceControl: nativeRelease nativeObject e[477997556928]
08-30 15:11:32.115 14146 14146 I TrayStateController: systemUiVisibilityChanged : 0 0
08-30 15:11:32.116  3976  4002 I SurfaceFlinger: id=38595 createSurf (0x0),-1 flag=24000, Surface(name=1096c8d StatusBar)/@0xeaf4dd0 - animation-leash#0
08-30 15:11:32.116  4349  4913 I SurfaceControl: nativeRelease nativeObject s[477997557216]
08-30 15:11:32.116  4349  4913 I SurfaceControl: nativeRelease nativeObject e[477997557216]
08-30 15:11:32.117  3976  4002 I SurfaceFlinger: id=38596 createSurf (0x0),-1 flag=24000, Surface(name=b07ecc5 NavigationBar0)/@0xa8376fc - animation-leash#1
08-30 15:11:32.119  4349  4913 V WindowManager: Relayout hash=1a72fb7, pid=23627: mAttrs={(0,0)(fillxfill) sim={adjust=pan forwardNavigation} ty=BASE_APPLICATION wanim=0x1030001
08-30 15:11:32.119  4349  4913 V WindowManager:   fl=1810100
08-30 15:11:32.119  4349  4913 V WindowManager:   pfl=12020000
08-30 15:11:32.119  4349  4913 V WindowManager:   fitSides= naviIconColor=0}
08-30 15:11:32.119  4349  4913 I SurfaceControl: nativeRelease nativeObject s[476017197536]
08-30 15:11:32.119  4349  4913 I SurfaceControl: nativeRelease nativeObject e[476017197536]
08-30 15:11:32.119  3976  4002 I Layer   : id=38588 removeFromCurrentState Surface(name=1096c8d StatusBar)/@0xeaf4dd0 - animation-leash#1 (100)
08-30 15:11:32.119  3976  4002 I Layer   : id=38589 removeFromCurrentState Surface(name=b07ecc5 NavigationBar0)/@0xa8376fc - animation-leash#0 (100)
08-30 15:11:32.119  3976  4002 I Layer   : id=25 removeFromCurrentState b07ecc5 NavigationBar0#0 (100)
08-30 15:11:32.119  3976  4002 I Layer   : id=32 removeFromCurrentState NavigationBar0$_4708#0 (100)
08-30 15:11:32.119  3976  4002 I Layer   : id=25 addToCurrentState b07ecc5 NavigationBar0#0 (100)
08-30 15:11:32.119  3976  4002 I Layer   : id=32 addToCurrentState NavigationBar0$_4708#0 (100)
08-30 15:11:32.120 23627 23627 I SurfaceControl: assignNativeObject: nativeObject = 0 Surface(name=null)/@0xaf2c986 / android.view.SurfaceControl.readFromParcel:1117 android.view.IWindowSession$Stub$Proxy.relayout:1836 android.view.ViewRootImpl.relayoutWindow:9005 android.view.ViewRootImpl.performTraversals:3360 android.view.ViewRootImpl.doTraversal:2618 android.view.ViewRootImpl$TraversalRunnable.run:9971 android.view.Choreographer$CallbackRecord.run:1010 android.view.Choreographer.doCallbacks:809 android.view.Choreographer.doFrame:744 android.view.Choreographer$FrameDisplayEventReceiver.run:995
08-30 15:11:32.122 23627 23627 I ViewRootImpl@3152a61[InstrumentationActivityInvoker$EmptyActivity]: Relayout returned: old=(0,0,720,1560) new=(0,0,720,1560) req=(720,1560)0 dur=11 res=0x7 s={true 478233575424} ch=true fn=-1
08-30 15:11:32.123  3976  3976 I Layer   : id=38569[1] Destroyed ActivityRecord{647abb6 u0 com.example.dogglers/androidx.test.core.app.InstrumentationActivityInvoker$BootstrapActivity t1424}#0
08-30 15:11:32.124  3899  3953 D gralloc : [mali_gralloc_allocate] begin
08-30 15:11:32.124  3899  3953 D gralloc : buffer_descriptor: wh(720 1560) usage_pc(0x40000000000b00 0x40000000000b00) hal_format(0x1) layer_count(1) sizes(0 0 0) strde(0) byte_stride(0) alloc_wh(0 0) internal_format(0x0) alloc_format(0x0) fd_count(1) plane_count(0)
08-30 15:11:32.125  3899  3953 D gralloc : [mali_gralloc_allocate] allocation successful
08-30 15:11:32.125 23627 23627 I ViewRootImpl@3152a61[InstrumentationActivityInvoker$EmptyActivity]: [DP] dp(1) 1 android.view.ViewRootImpl.reportNextDraw:10957 android.view.ViewRootImpl.performTraversals:3845 android.view.ViewRootImpl.doTraversal:2618
08-30 15:11:32.126 23627 23627 I ViewRootImpl@3152a61[InstrumentationActivityInvoker$EmptyActivity]: [DP] pd() Asnyc report
08-30 15:11:32.126  3899  3953 D gralloc : [mali_gralloc_allocate] begin
08-30 15:11:32.126  3899  3953 D gralloc : buffer_descriptor: wh(720 1560) usage_pc(0x40000000000b00 0x40000000000b00) hal_format(0x1) layer_count(1) sizes(0 0 0) strde(0) byte_stride(0) alloc_wh(0 0) internal_format(0x0) alloc_format(0x0) fd_count(1) plane_count(0)
08-30 15:11:32.127  3899  3953 D gralloc : [mali_gralloc_allocate] allocation successful
08-30 15:11:32.128  3899  3953 D gralloc : [mali_gralloc_allocate] begin
08-30 15:11:32.128  3899  3953 D gralloc : buffer_descriptor: wh(720 1560) usage_pc(0x40000000000b00 0x40000000000b00) hal_format(0x1) layer_count(1) sizes(0 0 0) strde(0) byte_stride(0) alloc_wh(0 0) internal_format(0x0) alloc_format(0x0) fd_count(1) plane_count(0)
08-30 15:11:32.128  3899  3953 D gralloc : [mali_gralloc_allocate] allocation successful
08-30 15:11:32.132 23627 23627 I ViewRootImpl@3152a61[InstrumentationActivityInvoker$EmptyActivity]: [DP] pdf(0) 1 android.view.ViewRootImpl.lambda$performDraw$1$ViewRootImpl:4668 android.view.-$$Lambda$ViewRootImpl$DJd0VUYJgsebcnSohO6h8zc_ONI.run:6 android.os.Handler.handleCallback:938
08-30 15:11:32.132 23627 23627 I ViewRootImpl@3152a61[InstrumentationActivityInvoker$EmptyActivity]: [DP] rdf()
08-30 15:11:32.133 23627 23627 I ViewRootImpl@3eb5844[InstrumentationActivityInvoker$EmptyActivity]: MSG_WINDOW_FOCUS_CHANGED 0 1
08-30 15:11:32.136  4349  4372 D PkgPredictorService: pkg:com.example.dogglers activity:androidx.test.core.app.InstrumentationActivityInvoker$EmptyActivity thisTime:171
08-30 15:11:32.138  4349  4372 I SemDvfsHyPerManager: acquire hyper - AMS_RESUME_TAIL/4349@18, type = -999
08-30 15:11:32.138  4349  4376 I ActivityTaskManager: Displayed com.example.dogglers/androidx.test.core.app.InstrumentationActivityInvoker$EmptyActivity: +171ms
08-30 15:11:32.138  4349  4372 I SemDvfsHyPerManager: acquire hyper - AMS_ACT_LAZY/4349@19, type = -999
08-30 15:11:32.138  3927  3954 I HYPER-HAL: [RequestManager.cpp]acquire(): Acquired ID : 9537546  [4349 / 18]    HINT : AMS_RESUME_TAIL    list :
08-30 15:11:32.138  3927  3954 E HYPER-HAL: [HandlerSysfs.cpp]doResourceHandling(): Couldn't Open Sysfs - /sys/power/cstate_control
08-30 15:11:32.138  3927  3954 I HYPER-HAL: [ResourceManager.cpp]updateResource(): [CPUMinFreq] UpdateResource Request ID : 9537546    Value : 1560000
08-30 15:11:32.138  5589  5589 E pageboostd: Received HALT command code 2
08-30 15:11:32.138  3927  3954 I HYPER-HAL: [RequestManager.cpp]acquire(): Acquired ID : 9541915  [4349 / 19]    HINT :      list :
08-30 15:11:32.140  3927  3954 E HYPER-HAL: [Request.cpp]acquire(): Request:: id : 9541915, No Resource to set
08-30 15:11:32.140  3927  3954 E HYPER-HAL: [HandlerSysfs.cpp]doResourceHandling(): Couldn't Open Sysfs - /sys/power/cstate_control
08-30 15:11:32.141  3927  3954 I HYPER-HAL: [ResourceManager.cpp]removeResource(): [CPUMinFreq] RemoveResource Request ID : 9528811
08-30 15:11:32.141  3927  3954 I HYPER-HAL: [RequestManager.cpp]releaseLocked(): Released ID : 9528811
08-30 15:11:32.145 23627 23627 I SurfaceControl: nativeRelease nativeObject s[476145768384]
08-30 15:11:32.145 23627 23627 I SurfaceControl: nativeRelease nativeObject e[476145768384]
08-30 15:11:32.145 23627 23627 I SurfaceControl: nativeRelease nativeObject s[476145768288]
08-30 15:11:32.145 23627 23627 I SurfaceControl: nativeRelease nativeObject e[476145768288]
08-30 15:11:32.145 23627 23627 I SurfaceControl: nativeRelease nativeObject s[476145768192]
08-30 15:11:32.145 23627 23627 I SurfaceControl: nativeRelease nativeObject e[476145768192]
08-30 15:11:32.145  3976  4318 I SurfaceFlinger: id=38589 Removed Surface(name=b07ecc5 NavigationBar0)/@0xa8376fc - animation-leash#0 (99)
08-30 15:11:32.145  3976  4002 I SurfaceFlinger: id=38588 Removed Surface(name=1096c8d StatusBar)/@0xeaf4dd0 - animation-leash#1 (99)
08-30 15:11:32.153  4349  4913 D InputDispatcher: Focused application set to (0): 641dc7a
08-30 15:11:32.156  3976  3976 I Layer   : id=38588[1] Destroyed Surface(name=1096c8d StatusBar)/@0xeaf4dd0 - animation-leash#1
08-30 15:11:32.156  3976  3976 I Layer   : id=38589[1] Destroyed Surface(name=b07ecc5 NavigationBar0)/@0xa8376fc - animation-leash#0
08-30 15:11:32.157  4349  5108 I InputDispatcher: Focus entered window (23627): 1a72fb7 in display 0 0
08-30 15:11:32.161  4349  4913 D SecContentProvider: query(), uri = 17 selection = isSettingsChangesAllowed
08-30 15:11:32.162  3976  3976 D SurfaceFlinger: Display 0 HWC layers:
08-30 15:11:32.162  3976  3976 D SurfaceFlinger:      DEVICE | 0x75743a6e80 | 0002 | RGBA_8888    |    0.0    0.0  720.0 1560.0 |    0    0  720 1560 | com.example.dogglers/androidx.test.c[...]tivityInvoker$EmptyActivity$_23627#1
08-30 15:11:32.162  3976  3976 D SurfaceFlinger:      DEVICE | 0x75743a6200 | 0000 | RGBA_8888    |    0.0    0.0  720.0   53.0 |    0    0  720   53 | StatusBar$_4708#0
08-30 15:11:32.162  3976  3976 D SurfaceFlinger:      DEVICE | 0x74d157fa00 | 0000 | RGBA_8888    |    0.0    0.0   67.0  232.0 |  653  151  720  383 | com.samsung.android.app.cocktailbars[...]rservice.CocktailBarService$_14146#0
08-30 15:11:32.162  3976  3976 D SurfaceFlinger:      DEVICE | 0x75743a7380 | 0000 | RGBA_8888    |    0.0    0.0  720.0   84.0 |    0 1476  720 1560 | NavigationBar0$_4708#0
08-30 15:11:32.162  3976  3976 D SurfaceFlinger:      DEVICE | 0x74f0413e00 | 0000 | RGBA_8888    |    0.0    0.0  720.0  101.0 |    0    0  720  101 | ScreenDecorOverlay$_4708#0
08-30 15:11:32.162  3976  3976 D SurfaceFlinger:      DEVICE | 0x75743a7b00 | 0000 | RGBA_8888    |    0.0    0.0  720.0  101.0 |    0 1459  720 1560 | ScreenDecorOverlayBottom$_4708#0
08-30 15:11:32.162  3976  3976 D SurfaceFlinger:
08-30 15:11:32.163  4349  4371 D PersonaActivityHelper: Activity not in resumed state, do not run immediate lock
08-30 15:11:32.167  3976  4318 E BufferQueueProducer: [com.example.dogglers/androidx.test.core.app.InstrumentationActivityInvoker$EmptyActivity$_23627#0](id:f88000033ed,api:0,p:-1,c:3976) disconnect: not connected (req=1)
08-30 15:11:32.167 23627 23685 W libEGL  : EGLNativeWindowType 0x6f57a52010 disconnect failed
08-30 15:11:32.168  4349  5108 V WindowManager: Relayout Window{6df12c4 u0 com.example.dogglers/androidx.test.core.app.InstrumentationActivityInvoker$EmptyActivity}: viewVisibility=8 req=720x1560
08-30 15:11:32.171  4349  5108 V WindowManager: Relayout hash=6df12c4, pid=23627: mAttrs={(0,0)(fillxfill) sim={adjust=pan forwardNavigation} ty=BASE_APPLICATION wanim=0x1030001
08-30 15:11:32.171  4349  5108 V WindowManager:   fl=1810100
08-30 15:11:32.171  4349  5108 V WindowManager:   pfl=12020000
08-30 15:11:32.171  4349  5108 V WindowManager:   fitSides= naviIconColor=0}
08-30 15:11:32.172 23627 23627 I SurfaceControl: nativeRelease nativeObject s[478212339040]
08-30 15:11:32.172 23627 23627 I SurfaceControl: nativeRelease nativeObject e[478212339040]
08-30 15:11:32.172 23627 23627 I SurfaceControl: assignNativeObject: nativeObject = 0 Surface(name=null)/@0x66ad247 / android.view.SurfaceControl.readFromParcel:1117 android.view.IWindowSession$Stub$Proxy.relayout:1826 android.view.ViewRootImpl.relayoutWindow:9005 android.view.ViewRootImpl.performTraversals:3360 android.view.ViewRootImpl.doTraversal:2618 android.view.ViewRootImpl$TraversalRunnable.run:9971 android.view.Choreographer$CallbackRecord.run:1010 android.view.Choreographer.doCallbacks:809 android.view.Choreographer.doFrame:744 android.view.Choreographer$FrameDisplayEventReceiver.run:995
08-30 15:11:32.172 23627 23627 I SurfaceControl: assignNativeObject: nativeObject = 0 Surface(name=null)/@0x8b17d2d / android.view.SurfaceControl.readFromParcel:1117 android.view.IWindowSession$Stub$Proxy.relayout:1836 android.view.ViewRootImpl.relayoutWindow:9005 android.view.ViewRootImpl.performTraversals:3360 android.view.ViewRootImpl.doTraversal:2618 android.view.ViewRootImpl$TraversalRunnable.run:9971 android.view.Choreographer$CallbackRecord.run:1010 android.view.Choreographer.doCallbacks:809 android.view.Choreographer.doFrame:744 android.view.Choreographer$FrameDisplayEventReceiver.run:995
08-30 15:11:32.173 23627 23627 I SurfaceControl: nativeRelease nativeObject s[476145769632]
08-30 15:11:32.173 23627 23627 I SurfaceControl: nativeRelease nativeObject e[476145769632]
08-30 15:11:32.174 23627 23627 I ViewRootImpl@3eb5844[InstrumentationActivityInvoker$EmptyActivity]: Relayout returned: old=(0,0,720,1560) new=(0,0,720,1560) req=(720,1560)8 dur=5 res=0x5 s={false 0} ch=true fn=2
08-30 15:11:32.174  4349  4913 I InputDispatcher: Focus left window (23627): 1a72fb7 in display 0 0
