08-30 15:11:11.173  4349  6800 I InputDispatcher: Focus left window (23627): e7f27b4 in display 0 0
08-30 15:11:11.173  4349  4468 I SurfaceControl: nativeRelease nativeObject s[476016225632]
08-30 15:11:11.173  4349  4468 I SurfaceControl: nativeRelease nativeObject e[476016225632]
08-30 15:11:11.177 23627 23627 D LifecycleMonitor: Lifecycle status change: androidx.test.core.app.InstrumentationActivityInvoker$EmptyActivity@1487fc3 in: PAUSED
08-30 15:11:11.177 23627 23627 V ActivityScenario: Activity lifecycle changed event received but ignored because the intent does not match. startActivityIntent=Intent { act=android.intent.action.MAIN cat=[android.intent.category.LAUNCHER] cmp=com.example.dogglers/.MainActivity }, activity.getIntent()=Intent { act=android.intent.action.MAIN cat=[android.intent.category.LAUNCHER] flg=0x10000000 cmp=com.example.dogglers/androidx.test.core.app.InstrumentationActivityInvoker$EmptyActivity }, activity=androidx.test.core.app.InstrumentationActivityInvoker$EmptyActivity@1487fc3
08-30 15:11:11.179  4349  5464 I SemDvfsHyPerManager: acquire hyper - AMS_ACT_RESUME/4349@15, type = -999
08-30 15:11:11.179  3927  3954 I HYPER-HAL: [RequestManager.cpp]acquire(): Acquired ID : 9524445  [4349 / 15]    HINT : AMS_ACT_RESUME    list :
08-30 15:11:11.180  3927  3954 E HYPER-HAL: [HandlerSysfs.cpp]doResourceHandling(): Couldn't Open Sysfs - /sys/power/cstate_control
08-30 15:11:11.180  3927  3954 I HYPER-HAL: [ResourceManager.cpp]updateResource(): [CPUMinFreq] UpdateResource Request ID : 9524445    Value : 1352000
08-30 15:11:11.180  4349  5464 D InputDispatcher: Focused application set to (0): 9a2a10b
08-30 15:11:11.181  4349  5464 V WindowOrientationListener: getProposedRotation: -1
08-30 15:11:11.182  4349  5464 V WindowOrientationListener: getProposedRotation: -1
08-30 15:11:11.183  4349  5464 V WindowOrientationListener: getProposedRotation: -1
08-30 15:11:11.187  3976  6075 I Layer   : id=38031 removeFromCurrentState ActivityRecord{9d47524 u0 com.example.dogglers/androidx.test.core.app.InstrumentationActivityInvoker$EmptyActivity t1410}#0 (88)
08-30 15:11:11.188  3976  6075 I SurfaceFlinger: id=38031 Removed ActivityRecord{9d47524 u0 com.example.dogglers/androidx.test.core.app.InstrumentationActivityInvoker$EmptyActivity t1410}#0 (88)
08-30 15:11:11.190 23627 23627 I ViewRootImpl@a82e06c[InstrumentationActivityInvoker$EmptyActivity]: MSG_WINDOW_FOCUS_CHANGED 0 1
08-30 15:11:11.191 23627 23627 I ViewRootImpl@245a4bb[GridListActivity]: stopped(false) old=true
08-30 15:11:11.191 23627 23627 D LifecycleMonitor: Lifecycle status change: com.example.dogglers.GridListActivity@f922bb7 in: RESTARTED
08-30 15:11:11.192 23627 23627 V ActivityScenario: Activity lifecycle changed event received but ignored because the intent does not match. startActivityIntent=Intent { act=android.intent.action.MAIN cat=[android.intent.category.LAUNCHER] cmp=com.example.dogglers/.MainActivity }, activity.getIntent()=Intent { cmp=com.example.dogglers/.GridListActivity }, activity=com.example.dogglers.GridListActivity@f922bb7
08-30 15:11:11.193 23627 23627 D LifecycleMonitor: Lifecycle status change: com.example.dogglers.GridListActivity@f922bb7 in: STARTED
08-30 15:11:11.194 23627 23627 V ActivityScenario: Activity lifecycle changed event received but ignored because the intent does not match. startActivityIntent=Intent { act=android.intent.action.MAIN cat=[android.intent.category.LAUNCHER] cmp=com.example.dogglers/.MainActivity }, activity.getIntent()=Intent { cmp=com.example.dogglers/.GridListActivity }, activity=com.example.dogglers.GridListActivity@f922bb7
08-30 15:11:11.194  4349  4371 I SemPersonaManager: SecureFolder personaId = 150
08-30 15:11:11.195 23627 23627 I ViewRootImpl@245a4bb[GridListActivity]: stopped(false) old=false
08-30 15:11:11.195 23627 23627 D LifecycleMonitor: Lifecycle status change: com.example.dogglers.GridListActivity@f922bb7 in: RESUMED
08-30 15:11:11.196 23627 23627 V ActivityScenario: Activity lifecycle changed event received but ignored because the intent does not match. startActivityIntent=Intent { act=android.intent.action.MAIN cat=[android.intent.category.LAUNCHER] cmp=com.example.dogglers/.MainActivity }, activity.getIntent()=Intent { cmp=com.example.dogglers/.GridListActivity }, activity=com.example.dogglers.GridListActivity@f922bb7
08-30 15:11:11.204  3976  3976 I Layer   : id=38031[1] Destroyed ActivityRecord{9d47524 u0 com.example.dogglers/androidx.test.core.app.InstrumentationActivityInvoker$EmptyActivity t1410}#0
08-30 15:11:11.207  4349  6800 V WindowManager: Relayout Window{232d71 u0 com.example.dogglers/com.example.dogglers.GridListActivity}: viewVisibility=0 req=720x1560
08-30 15:11:11.210  4349  6800 D WindowManager: isScreenshotDisabledLocked - win: Window{232d71 u0 com.example.dogglers/com.example.dogglers.GridListActivity}
08-30 15:11:11.210  4349  6800 D WindowManager: isScreenshotDisabledLocked: userId = 0, disabled =false
08-30 15:11:11.211  3976  6075 I SurfaceFlinger: id=38043 createSurf (720x1560),1 flag=404, com.example.dogglers/com.example.dogglers.GridListActivity$_23627#0
08-30 15:11:11.214  4349  6800 I SurfaceControl: nativeRelease nativeObject s[476016291840]
08-30 15:11:11.214  4349  6800 I SurfaceControl: nativeRelease nativeObject e[476016291840]
08-30 15:11:11.214 14146 14146 I TrayStateController: systemUiVisibilityChanged : 0 0
08-30 15:11:11.214  3976  4002 I SurfaceFlinger: id=38044 createSurf (0x0),-1 flag=24000, Surface(name=1096c8d StatusBar)/@0xeaf4dd0 - animation-leash#0
08-30 15:11:11.215  4349  6800 I SurfaceControl: nativeRelease nativeObject s[476016225728]
08-30 15:11:11.215  4349  6800 I SurfaceControl: nativeRelease nativeObject e[476016225728]
08-30 15:11:11.216  3976  4002 I SurfaceFlinger: id=38045 createSurf (0x0),-1 flag=24000, Surface(name=b07ecc5 NavigationBar0)/@0xa8376fc - animation-leash#1
08-30 15:11:11.218  4349  6800 V WindowManager: Relayout hash=232d71, pid=23627: mAttrs={(0,0)(fillxfill) sim={adjust=resize} ty=BASE_APPLICATION wanim=0x1030304
08-30 15:11:11.218  4349  6800 V WindowManager:   fl=81810100
08-30 15:11:11.218  4349  6800 V WindowManager:   pfl=12020000
08-30 15:11:11.218  4349  6800 V WindowManager:   fitSides= naviIconColor=0}
08-30 15:11:11.218  4349  6800 I SurfaceControl: nativeRelease nativeObject s[477997782880]
08-30 15:11:11.218  4349  6800 I SurfaceControl: nativeRelease nativeObject e[477997782880]
08-30 15:11:11.220 23627 23627 I SurfaceControl: assignNativeObject: nativeObject = 0 Surface(name=null)/@0x37a4dd8 / android.view.SurfaceControl.readFromParcel:1117 android.view.IWindowSession$Stub$Proxy.relayout:1836 android.view.ViewRootImpl.relayoutWindow:9005 android.view.ViewRootImpl.performTraversals:3360 android.view.ViewRootImpl.doTraversal:2618 android.view.ViewRootImpl$TraversalRunnable.run:9971 android.view.Choreographer$CallbackRecord.run:1010 android.view.Choreographer.doCallbacks:809 android.view.Choreographer.doFrame:744 android.view.Choreographer$FrameDisplayEventReceiver.run:995
08-30 15:11:11.221 23627 23627 I ViewRootImpl@245a4bb[GridListActivity]: Relayout returned: old=(0,0,720,1560) new=(0,0,720,1560) req=(720,1560)0 dur=14 res=0x7 s={true 478060556288} ch=true fn=-1
08-30 15:11:11.221  3976  6075 I Layer   : id=38040 removeFromCurrentState Surface(name=1096c8d StatusBar)/@0xeaf4dd0 - animation-leash#1 (90)
08-30 15:11:11.222  3976  6075 I Layer   : id=38041 removeFromCurrentState Surface(name=b07ecc5 NavigationBar0)/@0xa8376fc - animation-leash#0 (90)
08-30 15:11:11.222 23627 23627 I ViewRootImpl@245a4bb[GridListActivity]: [DP] dp(1) 1 android.view.ViewRootImpl.reportNextDraw:10957 android.view.ViewRootImpl.performTraversals:3845 android.view.ViewRootImpl.doTraversal:2618
08-30 15:11:11.222 23627 23627 I ViewRootImpl@245a4bb[GridListActivity]: [DP] pd() Asnyc report
08-30 15:11:11.224  3899 10978 D gralloc : [mali_gralloc_allocate] begin
08-30 15:11:11.224  3899 10978 D gralloc : buffer_descriptor: wh(720 1560) usage_pc(0x40000000000b00 0x40000000000b00) hal_format(0x1) layer_count(1) sizes(0 0 0) strde(0) byte_stride(0) alloc_wh(0 0) internal_format(0x0) alloc_format(0x0) fd_count(1) plane_count(0)
08-30 15:11:11.225  3899 10978 D gralloc : [mali_gralloc_allocate] allocation successful
08-30 15:11:11.225  3899 10978 D gralloc : [mali_gralloc_allocate] begin
08-30 15:11:11.225  3899 10978 D gralloc : buffer_descriptor: wh(720 1560) usage_pc(0x40000000000b00 0x40000000000b00) hal_format(0x1) layer_count(1) sizes(0 0 0) strde(0) byte_stride(0) alloc_wh(0 0) internal_format(0x0) alloc_format(0x0) fd_count(1) plane_count(0)
08-30 15:11:11.226  3899 10978 D gralloc : [mali_gralloc_allocate] allocation successful
08-30 15:11:11.227  3899 10978 D gralloc : [mali_gralloc_allocate] begin
08-30 15:11:11.227  3899 10978 D gralloc : buffer_descriptor: wh(720 1560) usage_pc(0x40000000000b00 0x40000000000b00) hal_format(0x1) layer_count(1) sizes(0 0 0) strde(0) byte_stride(0) alloc_wh(0 0) internal_format(0x0) alloc_format(0x0) fd_count(1) plane_count(0)
08-30 15:11:11.228  3899 10978 D gralloc : [mali_gralloc_allocate] allocation successful
08-30 15:11:11.241  4349  4371 D EnterpriseDeviceManagerService: isMdmAdminPresentInternal() : MDM Admin Found - com.samsung.knox.securefolder
08-30 15:11:11.254 23627 23627 I ViewRootImpl@245a4bb[GridListActivity]: [DP] pdf(0) 1 android.view.ViewRootImpl.lambda$performDraw$1$ViewRootImpl:4668 android.view.-$$Lambda$ViewRootImpl$DJd0VUYJgsebcnSohO6h8zc_ONI.run:6 android.os.Handler.handleCallback:938
08-30 15:11:11.254 23627 23627 I ViewRootImpl@245a4bb[GridListActivity]: [DP] rdf()
08-30 15:11:11.258 23627 23627 I SurfaceControl: nativeRelease nativeObject s[476571789088]
08-30 15:11:11.258 23627 23627 I SurfaceControl: nativeRelease nativeObject e[476571789088]
08-30 15:11:11.258 23627 23627 I SurfaceControl: nativeRelease nativeObject s[476571788992]
08-30 15:11:11.258 23627 23627 I SurfaceControl: nativeRelease nativeObject e[476571788992]
08-30 15:11:11.258 23627 23627 I SurfaceControl: nativeRelease nativeObject s[476571793600]
08-30 15:11:11.258 23627 23627 I SurfaceControl: nativeRelease nativeObject e[476571793600]
08-30 15:11:11.258  3976  4002 I SurfaceFlinger: id=38041 Removed Surface(name=b07ecc5 NavigationBar0)/@0xa8376fc - animation-leash#0 (90)
08-30 15:11:11.258  3976  4002 I SurfaceFlinger: id=38040 Removed Surface(name=1096c8d StatusBar)/@0xeaf4dd0 - animation-leash#1 (90)
08-30 15:11:11.259  4349  4372 D PkgPredictorService: pkg:com.example.dogglers activity:com.example.dogglers.GridListActivity thisTime:-1
08-30 15:11:11.261  3927  3954 E HYPER-HAL: [HandlerSysfs.cpp]doResourceHandling(): Couldn't Open Sysfs - /sys/power/cstate_control
08-30 15:11:11.261  3927  3954 I HYPER-HAL: [ResourceManager.cpp]removeResource(): [CPUMinFreq] RemoveResource Request ID : 9524445
08-30 15:11:11.261  3927  3954 I HYPER-HAL: [RequestManager.cpp]releaseLocked(): Released ID : 9524445
08-30 15:11:11.270  3976  3976 I Layer   : id=38040[1] Destroyed Surface(name=1096c8d StatusBar)/@0xeaf4dd0 - animation-leash#1
08-30 15:11:11.270  3976  3976 I Layer   : id=38041[1] Destroyed Surface(name=b07ecc5 NavigationBar0)/@0xa8376fc - animation-leash#0
08-30 15:11:11.272  4349  4468 I InputDispatcher: Focus entered window (23627): 232d71  in display 0 0
08-30 15:11:11.273  3976  4002 E BufferQueueProducer: [com.example.dogglers/androidx.test.core.app.InstrumentationActivityInvoker$EmptyActivity$_23627#1](id:f88000033a5,api:0,p:-1,c:3976) disconnect: not connected (req=1)
08-30 15:11:11.273 23627 23685 W libEGL  : EGLNativeWindowType 0x6edc210010 disconnect failed
08-30 15:11:11.275  4349  4468 V WindowManager: Relayout Window{e7f27b4 u0 com.example.dogglers/androidx.test.core.app.InstrumentationActivityInvoker$EmptyActivity}: viewVisibility=8 req=720x1560
08-30 15:11:11.277  3976  3976 D SurfaceFlinger: Display 0 HWC layers:
08-30 15:11:11.277  3976  3976 D SurfaceFlinger:      DEVICE | 0x74d157f000 | 0002 | RGBA_8888    |    0.0    0.0  720.0 1560.0 |    0    0  720 1560 | com.example.dogglers/com.example.dogglers.GridListActivity$_23627#0
08-30 15:11:11.277  3976  3976 D SurfaceFlinger:      DEVICE | 0x75743a6fc0 | 0000 | RGBA_8888    |    0.0    0.0  720.0   53.0 |    0    0  720   53 | StatusBar$_4708#0
08-30 15:11:11.277  3976  3976 D SurfaceFlinger:      DEVICE | 0x74d157fa00 | 0000 | RGBA_8888    |    0.0    0.0   67.0  232.0 |  653  151  720  383 | com.samsung.android.app.cocktailbars[...]rservice.CocktailBarService$_14146#0
08-30 15:11:11.277  3976  3976 D SurfaceFlinger:      DEVICE | 0x75743a7380 | 0000 | RGBA_8888    |    0.0    0.0  720.0   84.0 |    0 1476  720 1560 | NavigationBar0$_4708#0
08-30 15:11:11.277  3976  3976 D SurfaceFlinger:      DEVICE | 0x74f0413e00 | 0000 | RGBA_8888    |    0.0    0.0  720.0  101.0 |    0    0  720  101 | ScreenDecorOverlay$_4708#0
08-30 15:11:11.277  3976  3976 D SurfaceFlinger:      DEVICE | 0x75743a7b00 | 0000 | RGBA_8888    |    0.0    0.0  720.0  101.0 |    0 1459  720 1560 | ScreenDecorOverlayBottom$_4708#0
08-30 15:11:11.277  3976  3976 D SurfaceFlinger:
08-30 15:11:11.278  4349  4468 V WindowManager: Relayout hash=e7f27b4, pid=23627: mAttrs={(0,0)(fillxfill) sim={adjust=pan forwardNavigation} ty=BASE_APPLICATION wanim=0x1030001
08-30 15:11:11.278  4349  4468 V WindowManager:   fl=1810100
08-30 15:11:11.278  4349  4468 V WindowManager:   pfl=12020000
08-30 15:11:11.278  4349  4468 V WindowManager:   fitSides= naviIconColor=0}
08-30 15:11:11.280 23627 23627 I SurfaceControl: nativeRelease nativeObject s[478061396192]
08-30 15:11:11.280 23627 23627 I SurfaceControl: nativeRelease nativeObject e[478061396192]
08-30 15:11:11.280 23627 23627 I SurfaceControl: assignNativeObject: nativeObject = 0 Surface(name=null)/@0xab6d104 / android.view.SurfaceControl.readFromParcel:1117 android.view.IWindowSession$Stub$Proxy.relayout:1826 android.view.ViewRootImpl.relayoutWindow:9005 android.view.ViewRootImpl.performTraversals:3360 android.view.ViewRootImpl.doTraversal:2618 android.view.ViewRootImpl$TraversalRunnable.run:9971 android.view.Choreographer$CallbackRecord.run:1010 android.view.Choreographer.doCallbacks:809 android.view.Choreographer.doFrame:744 android.view.Choreographer$FrameDisplayEventReceiver.run:995
08-30 15:11:11.280 23627 23627 I SurfaceControl: assignNativeObject: nativeObject = 0 Surface(name=null)/@0x9a2a635 / android.view.SurfaceControl.readFromParcel:1117 android.view.IWindowSession$Stub$Proxy.relayout:1836 android.view.ViewRootImpl.relayoutWindow:9005 android.view.ViewRootImpl.performTraversals:3360 android.view.ViewRootImpl.doTraversal:2618 android.view.ViewRootImpl$TraversalRunnable.run:9971 android.view.Choreographer$CallbackRecord.run:1010 android.view.Choreographer.doCallbacks:809 android.view.Choreographer.doFrame:744 android.view.Choreographer$FrameDisplayEventReceiver.run:995
08-30 15:11:11.281 23627 23627 I SurfaceControl: nativeRelease nativeObject s[476571788896]
08-30 15:11:11.281 23627 23627 I SurfaceControl: nativeRelease nativeObject e[476571788896]
08-30 15:11:11.281 23627 23627 I ViewRootImpl@a82e06c[InstrumentationActivityInvoker$EmptyActivity]: Relayout returned: old=(0,0,720,1560) new=(0,0,720,1560) req=(720,1560)8 dur=6 res=0x5 s={false 0} ch=true fn=2
08-30 15:11:11.282 23627 23627 I ViewRootImpl@245a4bb[GridListActivity]: MSG_WINDOW_FOCUS_CHANGED 1 1
08-30 15:11:11.283 23627 23627 D InputMethodManager: prepareNavigationBarInfo() DecorView@40c9ebc[GridListActivity]
08-30 15:11:11.283 23627 23627 D InputMethodManager: getNavigationBarColor() -16711423
08-30 15:11:11.284 23627 23627 D InputMethodManager: prepareNavigationBarInfo() DecorView@40c9ebc[GridListActivity]
08-30 15:11:11.284 23627 23627 D InputMethodManager: getNavigationBarColor() -16711423
08-30 15:11:11.284 23627 23627 V InputMethodManager: Starting input: tba=com.example.dogglers ic=null mNaviBarColor -16711423 mIsGetNaviBarColorSuccess true , NavVisible : true , NavTrans : false
08-30 15:11:11.284 23627 23627 D InputMethodManager: startInputInner - Id : 0
08-30 15:11:11.284 23627 23627 I InputMethodManager: startInputInner - mService.startInputOrWindowGainedFocus
08-30 15:11:11.285  4349  4468 D InputMethodManagerService: mSecureKeypadEnabled = false
08-30 15:11:11.285  4349  4468 V InputMethodManagerService: hideCurrentInputLocked : shouldHideSoftInput is false
08-30 15:11:11.286  4349  4468 D InputMethodManagerService: mDesktopModeManager null!
08-30 15:11:11.286  4349  4468 V InputMethodManagerService: getDisplayIdOfInputMethodWindowToBeAdded : 0
08-30 15:11:11.286  4349  4468 D InputMethodManagerService: checkDisplayOfStartInputAndUpdateKeyboard display Id 0last 0
08-30 15:11:11.286  4349  4468 D InputTransport: Input channel constructed: 'ClientS', fd=740
08-30 15:11:11.286  4349  4468 D InputTransport: Input channel destroyed: 'ClientS', fd=740
08-30 15:11:11.286 23627 23627 D InputTransport: Input channel constructed: 'ClientS', fd=90
08-30 15:11:11.287 23627 23627 D InputTransport: Input channel destroyed: 'ClientS', fd=94
08-30 15:11:11.288 23627 23651 I TestRunner: finished: clicking_grid_list_button_displays_grid_list(com.example.dogglers.ButtonTests)
