08-30 15:11:14.905  3976  6075 I SurfaceFlinger: id=38124 Removed 9c3a5b7 com.example.dogglers/androidx.test.core.app.InstrumentationActivityInvoker$EmptyActivity#0 (97)
08-30 15:11:14.906 23627 23627 D InputTransport: Input channel destroyed: '9c3a5b7', fd=92
08-30 15:11:14.907 23627 23627 I ViewRootImpl@2f1ff9a[InstrumentationActivityInvoker$EmptyActivity]: MSG_WINDOW_FOCUS_CHANGED 1 1
08-30 15:11:14.907 23627 23627 D InputMethodManager: prepareNavigationBarInfo() DecorView@79178af[InstrumentationActivityInvoker$EmptyActivity]
08-30 15:11:14.907 23627 23627 D InputMethodManager: getNavigationBarColor() -16711423
08-30 15:11:14.908 23627 23627 D InputMethodManager: prepareNavigationBarInfo() DecorView@79178af[InstrumentationActivityInvoker$EmptyActivity]
08-30 15:11:14.908 23627 23627 D InputMethodManager: getNavigationBarColor() -16711423
08-30 15:11:14.908 23627 23627 V InputMethodManager: Starting input: tba=com.example.dogglers ic=null mNaviBarColor -16711423 mIsGetNaviBarColorSuccess true , NavVisible : true , NavTrans : false
08-30 15:11:14.908 23627 23627 D InputMethodManager: startInputInner - Id : 0
08-30 15:11:14.908  4349  6779 I SurfaceControl: nativeRelease nativeObject s[476017199264]
08-30 15:11:14.908 23627 23627 I InputMethodManager: startInputInner - mService.startInputOrWindowGainedFocus
08-30 15:11:14.908  4349  6779 I SurfaceControl: nativeRelease nativeObject e[476017199264]
08-30 15:11:14.909  4349  5464 D InputMethodManagerService: mSecureKeypadEnabled = false
08-30 15:11:14.911  4349  5464 V InputMethodManagerService: hideCurrentInputLocked : shouldHideSoftInput is false
08-30 15:11:14.911  4349  5464 D InputMethodManagerService: mDesktopModeManager null!
08-30 15:11:14.911  4349  5464 V InputMethodManagerService: getDisplayIdOfInputMethodWindowToBeAdded : 0
08-30 15:11:14.911  4349  5464 D InputMethodManagerService: checkDisplayOfStartInputAndUpdateKeyboard display Id 0last 0
08-30 15:11:14.911  4349  5464 D InputTransport: Input channel constructed: 'ClientS', fd=745
08-30 15:11:14.911  4349  5464 D InputTransport: Input channel destroyed: 'ClientS', fd=745
08-30 15:11:14.912 23627 23627 D InputTransport: Input channel constructed: 'ClientS', fd=91
08-30 15:11:14.912 23627 23627 D InputTransport: Input channel destroyed: 'ClientS', fd=81
08-30 15:11:14.912  4349  5464 I SurfaceControl: nativeRelease nativeObject s[476007086240]
08-30 15:11:14.912  4349  5464 I SurfaceControl: nativeRelease nativeObject e[476007086240]
08-30 15:11:14.913  3976  6075 I SurfaceFlinger: id=38136 createSurf (0x0),-1 flag=24004, Surface(name=749d536 InputMethod)/@0x72f94d3 - animation-leash#0
08-30 15:11:14.914  7475  7475 I HBD     : HoneyBoardService onFinishInput
08-30 15:11:14.914  7475  7475 I HBD     : a IC have been unbinded,  InputConnectionWrapper{idHash=#208e327 mMissingMethods=}
08-30 15:11:14.915  7475  7475 I HBD     : HoneyBoardService [PF_CL][onFinishInput]  448808 ns
08-30 15:11:14.915 23627 23627 D LifecycleMonitor: Lifecycle status change: androidx.test.core.app.InstrumentationActivityInvoker$EmptyActivity@f92c089 in: PAUSED
08-30 15:11:14.915  7475  7475 I HBD     : HoneyBoardService [IMI] onStartInput - caller pid : 23627 , caller uid : 10429
08-30 15:11:14.915  7475  7475 I HBD     : i updateConfigs
08-30 15:11:14.915  7475  7475 I HBD     : i isEnabledNightMode : true
08-30 15:11:14.915  7475  7475 I HBD     : a IC have been binded, InputConnectionWrapper{idHash=#208e327 mMissingMethods=}
08-30 15:11:14.915 23627 23627 V ActivityScenario: Activity lifecycle changed event received but ignored because the intent does not match. startActivityIntent=Intent { act=android.intent.action.MAIN cat=[android.intent.category.LAUNCHER] cmp=com.example.dogglers/.MainActivity }, activity.getIntent()=Intent { act=android.intent.action.MAIN cat=[android.intent.category.LAUNCHER] flg=0x10000000 cmp=com.example.dogglers/androidx.test.core.app.InstrumentationActivityInvoker$EmptyActivity }, activity=androidx.test.core.app.InstrumentationActivityInvoker$EmptyActivity@f92c089
08-30 15:11:14.915  7475  7475 I HBD     : h [EditorInputType]setPrivateImeOptionsToTable privateImeOptions ( null )
08-30 15:11:14.915  7475  7475 I HBD     : b incognitoMode : false
08-30 15:11:14.915  7475  7475 I HBD     : a needOff = true , isForceOff = false, isNullInputClass : true
08-30 15:11:14.915  7475  7475 I HBD     : h getDefaultInputRange : UNKNOWN
08-30 15:11:14.916  7475  7475 I HBD     : h getDefaultInputRange : UNKNOWN
08-30 15:11:14.916  7475  7475 I HBD     : h getDefaultInputRange : UNKNOWN
08-30 15:11:14.917  4349  7290 D SdpManagerService: Not an enterprise user : 0
08-30 15:11:14.917  4349  7290 D SdpManagerService: Not an enterprise user : 0
08-30 15:11:14.917  4349  5464 I SemDvfsHyPerManager: acquire hyper - AMS_APP_HOME/4349@35, type = -999
08-30 15:11:14.918  3927  3954 I HYPER-HAL: [RequestManager.cpp]acquire(): Acquired ID : 9611955  [4349 / 35]    HINT : AMS_APP_HOME    list :
08-30 15:11:14.918  3976  3976 I Layer   : id=38124[1] Destroyed 9c3a5b7 com.example.dogglers/androidx.test.core.app.InstrumentationActivityInvoker$EmptyActivity#0
08-30 15:11:14.918  3927  3954 E HYPER-HAL: [HandlerSysfs.cpp]doResourceHandling(): Couldn't Open Sysfs - /sys/power/cstate_control
08-30 15:11:14.919  3927  3954 I HYPER-HAL: [ResourceManager.cpp]updateResource(): [CPUMinFreq] UpdateResource Request ID : 9611955    Value : 1768000
08-30 15:11:14.919  7475  7475 I HBD     : h getDefaultInputRange : UNKNOWN
08-30 15:11:14.919  7475  7475 I HBD     : a currentState : 0
08-30 15:11:14.920  3881  3886 E statsd  : Predicate -7037417284711607308 dropping data for dimension key (10)0x2010101->10429[I] (10)0x30000->*launch*[S]
08-30 15:11:14.920  4349  5464 V WindowOrientationListener: getProposedRotation: -1
08-30 15:11:14.920  4349  5464 V WindowOrientationListener: getProposedRotation: -1
08-30 15:11:14.921  4349  5464 V WindowOrientationListener: getProposedRotation: -1
08-30 15:11:14.921  7475  7475 I HBD     : h load selected json info : {"version":"1.0","currentLanguageOrder":2,"selected":[{"activeOptionList":["auto_replace","spell_check","auto_spacing"],"engName":"Russian","id":3342336,"inputType":"qwerty","isUsed":true},{"activeOptionList":["auto_replace","spell_check","auto_spacing"],"engName":"English","id":65537,"inputType":"qwerty","isUsed":true},{"activeOptionList":["auto_replace","spell_check","auto_spacing"],"engName":"Ukrainian","id":4456448,"inputType":"qwerty","isUsed":true}]}
08-30 15:11:14.922  7475  7475 I HBD     : a [UpdatePolicy] [post] a: 0 cl: 4456448 kit: [0/0] vt: 0 ir: 1
08-30 15:11:14.923  7475  7475 I HBD     : HoneyBoardService [PF_OP][onStartInput]  8200923 ns
08-30 15:11:14.927  3976  6075 I Layer   : id=38123 removeFromCurrentState ActivityRecord{4665738 u0 com.example.dogglers/androidx.test.core.app.InstrumentationActivityInvoker$EmptyActivity t1412}#0 (97)
08-30 15:11:14.927  3976  6075 I Layer   : id=38135 removeFromCurrentState Surface(name=749d536 InputMethod)/@0x72f94d3 - animation-leash#1 (97)
08-30 15:11:14.927  3976  6075 I SurfaceFlinger: id=38123 Removed ActivityRecord{4665738 u0 com.example.dogglers/androidx.test.core.app.InstrumentationActivityInvoker$EmptyActivity t1412}#0 (97)
08-30 15:11:14.929 23627 23627 I ViewRootImpl@2f1ff9a[InstrumentationActivityInvoker$EmptyActivity]: MSG_WINDOW_FOCUS_CHANGED 0 1
08-30 15:11:14.932  5135  5135 I ViewRootImpl@fbf3973[LauncherActivity]: stopped(false) old=true
08-30 15:11:14.933 23627 23627 I SurfaceControl: nativeRelease nativeObject s[476571790816]
08-30 15:11:14.933 23627 23627 I SurfaceControl: nativeRelease nativeObject e[476571790816]
08-30 15:11:14.933 23627 23627 I SurfaceControl: nativeRelease nativeObject s[476571790720]
08-30 15:11:14.933 23627 23627 I SurfaceControl: nativeRelease nativeObject e[476571790720]
08-30 15:11:14.935  3976  3976 I Layer   : id=38123[1] Destroyed ActivityRecord{4665738 u0 com.example.dogglers/androidx.test.core.app.InstrumentationActivityInvoker$EmptyActivity t1412}#0
08-30 15:11:14.935  4349  7290 D SamsungIMMSHWKeyboard: isConnectedDexOnPC false
08-30 15:11:14.937 23627 23651 I TestRunner: finished: horizontal_list_button_is_displayed(com.example.dogglers.ButtonTests)
