08-30 15:11:34.232 23627 23651 I TestRunner: started: vertical_scroll_content_at_first_position(com.example.dogglers.VerticalListTests)
08-30 15:11:34.248 23627 23651 W Settings: Setting always_finish_activities has moved from android.provider.Settings.System to android.provider.Settings.Global, returning read-only value.
08-30 15:11:34.260  3927 24133 E HYPER-HAL: [HandlerSysfs.cpp]doResourceHandling(): Couldn't Open Sysfs - /sys/power/cstate_control
08-30 15:11:34.260  3927 24133 I HYPER-HAL: [ResourceManager.cpp]removeResource(): [CPUMinFreq] RemoveResource Request ID : 9611955
08-30 15:11:34.260  3927 24133 I HYPER-HAL: [RequestManager.cpp]releaseLocked(): Released ID : 9611955
08-30 15:11:34.261  4349  5520 I SemDvfsHyPerManager: acquire hyper - AMS_APP_SWITCH/4349@20, type = -999
08-30 15:11:34.262  3927  3954 I HYPER-HAL: [RequestManager.cpp]acquire(): Acquired ID : 9546285  [4349 / 20]    HINT : AMS_APP_SWITCH    list :
08-30 15:11:34.262  3927  3954 E HYPER-HAL: [HandlerSysfs.cpp]doResourceHandling(): Couldn't Open Sysfs - /sys/power/cstate_control
08-30 15:11:34.263  3927  3954 I HYPER-HAL: [ResourceManager.cpp]updateResource(): [CPUMinFreq] UpdateResource Request ID : 9546285    Value : 1768000
08-30 15:11:34.263  3976  4318 I SurfaceFlinger: id=38644 createSurf (0x0),-1 flag=24004, Task=1426#0
08-30 15:11:34.266  3976  4318 I SurfaceFlinger: id=38645 createSurf (0x0),-1 flag=80004, ActivityRecord{7eb5af5 u0 com.example.dogglers/androidx.test.core.app.InstrumentationActivityInvoker$BootstrapActivity t1426}#0
08-30 15:11:34.270  4349  6765 V WindowOrientationListener: getProposedRotation: -1
08-30 15:11:34.271  3881  3886 E statsd  : Predicate -7037417284711607308 dropping data for dimension key (10)0x2010101->10429[I] (10)0x30000->*launch*[S]
08-30 15:11:34.275  4349  6765 I SemDvfsHyPerManager: acquire hyper - AMS_APP_LAUNCH/4349@17, type = -999
08-30 15:11:34.275  3927  3954 I HYPER-HAL: [RequestManager.cpp]acquire(): Acquired ID : 9533178  [4349 / 17]    HINT : AMS_APP_LAUNCH    list :
08-30 15:11:34.275  3927  3954 E HYPER-HAL: [HandlerSysfs.cpp]doResourceHandling(): Couldn't Open Sysfs - /sys/power/cstate_control
08-30 15:11:34.275  3927  3954 I HYPER-HAL: [ResourceManager.cpp]updateResource(): [CPUMinFreq] UpdateResource Request ID : 9533178    Value : 1768000
08-30 15:11:34.276  5135  5135 I DragController: endDrag
08-30 15:11:34.277  5135  5135 I SPayUpdater: updateSpayHandler launcher activity is paused false
08-30 15:11:34.280  4349  6765 D SecContentProvider: query(), uri = 17 selection = isSettingsChangesAllowed
08-30 15:11:34.282  4349  5108 V WindowOrientationListener: getProposedRotation: -1
08-30 15:11:34.282  4349  5108 V WindowOrientationListener: getProposedRotation: -1
08-30 15:11:34.284  4349  5108 V WindowOrientationListener: getProposedRotation: -1
08-30 15:11:34.286  4349  5108 D InputDispatcher: Focused application set to (0): 7eb5af5
08-30 15:11:34.289  4349  4496 I SemPersonaManager: SecureFolder personaId = 150
08-30 15:11:34.306  3927 24117 E HYPER-HAL: [HandlerSysfs.cpp]doResourceHandling(): Couldn't Open Sysfs - /sys/power/cstate_control
08-30 15:11:34.306  3927 24117 I HYPER-HAL: [ResourceManager.cpp]removeResource(): [CPUMinFreq] RemoveResource Request ID : 9537546
08-30 15:11:34.306  3927 24117 I HYPER-HAL: [RequestManager.cpp]releaseLocked(): Released ID : 9537546
08-30 15:11:34.342  4349  5108 V WindowManager: Relayout Window{b49dc7f u0 com.sec.android.app.launcher/com.sec.android.app.launcher.activities.LauncherActivity}: viewVisibility=0 req=720x1560
08-30 15:11:34.347  4349  5108 V WindowManager: Relayout hash=b49dc7f, pid=5135: mAttrs={(0,0)(fillxfill) sim={adjust=nothing} layoutInDisplayCutoutMode=shortEdges ty=BASE_APPLICATION fmt=TRANSPARENT wanim=0x10302f2
08-30 15:11:34.347  4349  5108 V WindowManager:   fl=81910100
08-30 15:11:34.347  4349  5108 V WindowManager:   pfl=16020000
08-30 15:11:34.347  4349  5108 V WindowManager:   vsysui=1700
08-30 15:11:34.347  4349  5108 V WindowManager:   bhv=SHOW_TRANSIENT_BARS_BY_SWIPE
08-30 15:11:34.347  4349  5108 V WindowManager:   fitSides= naviIconColor=0}
08-30 15:11:34.347  4349  5108 I SurfaceControl: nativeRelease nativeObject s[476021493120]
08-30 15:11:34.347  4349  5108 I SurfaceControl: nativeRelease nativeObject e[476021493120]
08-30 15:11:34.347  4349  4372 D InputTransport: Input channel constructed: '318249 ', fd=708
08-30 15:11:34.347  4349  4372 D InputTransport: Input channel constructed: '318249 ', fd=711
08-30 15:11:34.347  5135  5135 I SurfaceControl: nativeRelease nativeObject s[478247338816]
08-30 15:11:34.348  5135  5135 I SurfaceControl: nativeRelease nativeObject e[478247338816]
08-30 15:11:34.348  3976  4318 I SurfaceFlinger: id=38646 createSurf (0x0),-1 flag=80004, 318249 Splash Screen com.example.dogglers#0
08-30 15:11:34.348  5135  5135 I SurfaceControl: assignNativeObject: nativeObject = 0 Surface(name=null)/@0xe42a745 / android.view.SurfaceControl.readFromParcel:1117 android.view.IWindowSession$Stub$Proxy.relayout:1836 android.view.ViewRootImpl.relayoutWindow:9005 android.view.ViewRootImpl.performTraversals:3360 android.view.ViewRootImpl.doTraversal:2618 android.view.ViewRootImpl$TraversalRunnable.run:9971 android.view.Choreographer$CallbackRecord.run:1010 android.view.Choreographer.doCallbacks:809 android.view.Choreographer.doFrame:744 android.view.Choreographer$FrameDisplayEventReceiver.run:995
08-30 15:11:34.349  5135  5135 I SurfaceControl: nativeRelease nativeObject s[478247337952]
08-30 15:11:34.349  5135  5135 I SurfaceControl: nativeRelease nativeObject e[478247337952]
08-30 15:11:34.349  5135  5135 I SurfaceControl: nativeRelease nativeObject s[478247337472]
08-30 15:11:34.349  5135  5135 I SurfaceControl: nativeRelease nativeObject e[478247337472]
08-30 15:11:34.349  5135  5135 I SurfaceControl: nativeRelease nativeObject s[478247336032]
08-30 15:11:34.349  5135  5135 I SurfaceControl: nativeRelease nativeObject e[478247336032]
08-30 15:11:34.349  5135  5135 I ViewRootImpl@fbf3973[LauncherActivity]: Relayout returned: old=(0,0,720,1560) new=(0,0,720,1560) req=(720,1560)0 dur=7 res=0x1 s={true 476610932736} ch=false fn=20
08-30 15:11:34.350  4349  4372 I ViewRootImpl@75a1050[dogglers]: setView = com.android.internal.policy.DecorView@357e17c TM=true
08-30 15:11:34.351 23627 23627 D LifecycleMonitor: Lifecycle status change: androidx.test.core.app.InstrumentationActivityInvoker$BootstrapActivity@62c17a7 in: PRE_ON_CREATE
08-30 15:11:34.351 23627 23627 V ActivityScenario: Activity lifecycle changed event received but ignored because the intent does not match. startActivityIntent=Intent { act=android.intent.action.MAIN cat=[android.intent.category.LAUNCHER] cmp=com.example.dogglers/.VerticalListActivity }, activity.getIntent()=Intent { act=android.intent.action.MAIN cat=[android.intent.category.LAUNCHER] flg=0x10008000 cmp=com.example.dogglers/androidx.test.core.app.InstrumentationActivityInvoker$BootstrapActivity (has extras) }, activity=androidx.test.core.app.InstrumentationActivityInvoker$BootstrapActivity@62c17a7
08-30 15:11:34.354  4349  4369 D SehCodecSolutionService: Update top [com.example.dogglers]
08-30 15:11:34.355 13855 13915 I Rubin   : [72465] LoggingEventHelper.notifyUpdatedWithValue(LoggingEventHelper.java:58) : Notify AppUsageLogger's database is updated.
08-30 15:11:34.356  4349  4372 V WindowManager: Relayout Window{318249 u0 Splash Screen com.example.dogglers}: viewVisibility=0 req=720x1560
08-30 15:11:34.360  4349  4372 D WindowManager: isScreenshotDisabledLocked - win: Window{318249 u0 Splash Screen com.example.dogglers}
08-30 15:11:34.360  4349  4372 D WindowManager: isScreenshotDisabledLocked: userId = 0, disabled =false
08-30 15:11:34.361  3976  4318 I SurfaceFlinger: id=38647 createSurf (720x1560),1 flag=404, Splash Screen com.example.dogglers#0
08-30 15:11:34.363  4349  4372 V WindowManager: Relayout hash=318249, pid=4349: mAttrs={(0,0)(fillxfill) sim={adjust=pan} layoutInDisplayCutoutMode=shortEdges ty=APPLICATION_STARTING wanim=0x1030001
08-30 15:11:34.363  4349  4372 V WindowManager:   fl=1830118
08-30 15:11:34.363  4349  4372 V WindowManager:   pfl=12020011
08-30 15:11:34.363  4349  4372 V WindowManager:   fitSides= naviIconColor=0}
08-30 15:11:34.363  4349  4372 I ViewRootImpl@75a1050[dogglers]: Relayout returned: old=(0,0,720,1560) new=(0,0,720,1560) req=(720,1560)0 dur=7 res=0x7 s={true 476020408320} ch=true fn=-1
08-30 15:11:34.364  4349  4586 D PkgPredictorService: com.example.dogglers go to foreground!
08-30 15:11:34.364  4349  4586 E PkgPredictorService-Collector: record changed bt=0  wifi=1 screen=0
08-30 15:11:34.364  4349  4586 D PkgPredictorService: previous pkgs: com.example.dogglers,com.example.dogglers,com.example.dogglers running pkg: com.example.dogglers, uid: 0 is system: false
08-30 15:11:34.364  4349  4586 D PkgPredictorService-Collector: save record...
08-30 15:11:34.364  4349  4586 D PkgPredictorService-Collector:  (hour:15 day:4 previous:[com.example.dogglers, com.example.dogglers, com.example.dogglers] activityName:unknown running:com.example.dogglers userId:0 screenOrientation:0 wifi:1 bt:0 predictTime:2 apkVersion:1.0 consumeTime:-1 preloaded:false>)
08-30 15:11:34.364  4349  4586 D PkgPredictorService-NapPreloadController: User using: com.example.dogglers
08-30 15:11:34.364  4349  4586 I PkgPredictorService-NapClassifier: RF predict version:1693350305206
08-30 15:11:34.365  4349  4372 I ViewRootImpl@75a1050[dogglers]: [DP] dp(1) 1 android.view.ViewRootImpl.reportNextDraw:10957 android.view.ViewRootImpl.performTraversals:3845 android.view.ViewRootImpl.doTraversal:2618
08-30 15:11:34.366  3899 10978 D gralloc : [mali_gralloc_allocate] begin
08-30 15:11:34.366  3899 10978 D gralloc : buffer_descriptor: wh(720 1560) usage_pc(0x966 0x906) hal_format(0x1) layer_count(1) sizes(0 0 0) strde(0) byte_stride(0) alloc_wh(0 0) internal_format(0x0) alloc_format(0x0) fd_count(1) plane_count(0)
08-30 15:11:34.366  4349  4586 D PkgPredictorService-NapClassifier: Predict result: 207.0,202.0,284.0, - [0_&_org.telegram.messenger, 0_&_com.instagram.android, 0_&_com.ftband.mono]
08-30 15:11:34.367 23627 23627 I DecorView: [INFO] isPopOver=false, config=true
08-30 15:11:34.367 23627 23627 I DecorView: updateCaptionType >> DecorView@7da3ffd[], isFloating=false, isApplication=true, hasWindowDecorCaption=false, hasWindowControllerCallback=true
08-30 15:11:34.367 23627 23627 D DecorView: setCaptionType = 0, this = DecorView@7da3ffd[]
08-30 15:11:34.367  3899 10978 D gralloc : [mali_gralloc_allocate] allocation successful
08-30 15:11:34.367 13855 13915 I Rubin   : [72465] ExercisingWithCmhMonitor.isSatisfiedByCmh(ExercisingWithCmhMonitor.java:119) : isSatisfiedByCmh is false
08-30 15:11:34.369  4349  4371 I SemPersonaManager: SecureFolder personaId = 150
08-30 15:11:34.371 23627 23627 D LifecycleMonitor: Lifecycle status change: androidx.test.core.app.InstrumentationActivityInvoker$BootstrapActivity@62c17a7 in: CREATED
08-30 15:11:34.371 23627 23627 V ActivityScenario: Activity lifecycle changed event received but ignored because the intent does not match. startActivityIntent=Intent { act=android.intent.action.MAIN cat=[android.intent.category.LAUNCHER] cmp=com.example.dogglers/.VerticalListActivity }, activity.getIntent()=Intent { act=android.intent.action.MAIN cat=[android.intent.category.LAUNCHER] flg=0x10008000 cmp=com.example.dogglers/androidx.test.core.app.InstrumentationActivityInvoker$BootstrapActivity (has extras) }, activity=androidx.test.core.app.InstrumentationActivityInvoker$BootstrapActivity@62c17a7
08-30 15:11:34.373  4349  5464 I InputDispatcher: Focus left window (5135): b49dc7f in display 0 0
08-30 15:11:34.373  5135  5135 I ViewRootImpl@fbf3973[LauncherActivity]: MSG_WINDOW_FOCUS_CHANGED 0 1
08-30 15:11:34.374 23627 23627 D LifecycleMonitor: Lifecycle status change: androidx.test.core.app.InstrumentationActivityInvoker$BootstrapActivity@62c17a7 in: STARTED
08-30 15:11:34.375 23627 23627 V ActivityScenario: Activity lifecycle changed event received but ignored because the intent does not match. startActivityIntent=Intent { act=android.intent.action.MAIN cat=[android.intent.category.LAUNCHER] cmp=com.example.dogglers/.VerticalListActivity }, activity.getIntent()=Intent { act=android.intent.action.MAIN cat=[android.intent.category.LAUNCHER] flg=0x10008000 cmp=com.example.dogglers/androidx.test.core.app.InstrumentationActivityInvoker$BootstrapActivity (has extras) }, activity=androidx.test.core.app.InstrumentationActivityInvoker$BootstrapActivity@62c17a7
08-30 15:11:34.381  4349  4372 I ViewRootImpl@75a1050[dogglers]: [DP] pdf(0) 1 android.view.ViewRootImpl.performDraw:4809 android.view.ViewRootImpl.performTraversals:3866 android.view.ViewRootImpl.doTraversal:2618
08-30 15:11:34.381  4349  4372 I ViewRootImpl@75a1050[dogglers]: [DP] rdf()
08-30 15:11:34.382  3976  5385 I SurfaceFlinger: id=38648 createSurf (0x0),-1 flag=80004, ActivityRecord{aca9226 u0 com.example.dogglers/.VerticalListActivity t1426}#0
08-30 15:11:34.390 23627 23627 D LifecycleMonitor: Lifecycle status change: androidx.test.core.app.InstrumentationActivityInvoker$BootstrapActivity@62c17a7 in: RESUMED
08-30 15:11:34.390 23627 23627 V ActivityScenario: Activity lifecycle changed event received but ignored because the intent does not match. startActivityIntent=Intent { act=android.intent.action.MAIN cat=[android.intent.category.LAUNCHER] cmp=com.example.dogglers/.VerticalListActivity }, activity.getIntent()=Intent { act=android.intent.action.MAIN cat=[android.intent.category.LAUNCHER] flg=0x10008000 cmp=com.example.dogglers/androidx.test.core.app.InstrumentationActivityInvoker$BootstrapActivity (has extras) }, activity=androidx.test.core.app.InstrumentationActivityInvoker$BootstrapActivity@62c17a7
08-30 15:11:34.398 23627 23627 D LifecycleMonitor: Lifecycle status change: androidx.test.core.app.InstrumentationActivityInvoker$BootstrapActivity@62c17a7 in: PAUSED
08-30 15:11:34.398 23627 23627 V ActivityScenario: Activity lifecycle changed event received but ignored because the intent does not match. startActivityIntent=Intent { act=android.intent.action.MAIN cat=[android.intent.category.LAUNCHER] cmp=com.example.dogglers/.VerticalListActivity }, activity.getIntent()=Intent { act=android.intent.action.MAIN cat=[android.intent.category.LAUNCHER] flg=0x10008000 cmp=com.example.dogglers/androidx.test.core.app.InstrumentationActivityInvoker$BootstrapActivity (has extras) }, activity=androidx.test.core.app.InstrumentationActivityInvoker$BootstrapActivity@62c17a7
08-30 15:11:34.401  4349  5108 V WindowOrientationListener: getProposedRotation: -1
08-30 15:11:34.402  4349  5108 V WindowOrientationListener: getProposedRotation: -1
08-30 15:11:34.403  4349  5108 V WindowOrientationListener: getProposedRotation: -1
08-30 15:11:34.406  4349  5108 D InputDispatcher: Focused application set to (0): aca9226
08-30 15:11:34.416  4708  4724 D WallpaperService: dispatchAppVisibility onVisibilityChanged(): false
08-30 15:11:34.416  4708  4708 D WallpaperService: reportVisibility onVisibilityChanged visible: false
08-30 15:11:34.416  4708  4907 I ImageWallpaper:  onVisibilityChanged false , 0
08-30 15:11:34.417  4349  5108 I SurfaceControl: nativeRelease nativeObject s[478079926240]
08-30 15:11:34.417  4349  5108 I SurfaceControl: nativeRelease nativeObject e[478079926240]
08-30 15:11:34.417 14146 14146 I TrayStateController: systemUiVisibilityChanged : 2 0
08-30 15:11:34.418  3976  5385 I SurfaceFlinger: id=38649 createSurf (0x0),-1 flag=24000, Surface(name=1096c8d StatusBar)/@0xeaf4dd0 - animation-leash#1
08-30 15:11:34.419  4349  5108 I SurfaceControl: nativeRelease nativeObject s[476020781888]
08-30 15:11:34.419  4349  5108 I SurfaceControl: nativeRelease nativeObject e[476020781888]
08-30 15:11:34.419  3976  5385 I SurfaceFlinger: id=38650 createSurf (0x0),-1 flag=24000, Surface(name=b07ecc5 NavigationBar0)/@0xa8376fc - animation-leash#0
08-30 15:11:34.422  3976  5385 I Layer   : id=38637 removeFromCurrentState Surface(name=1096c8d StatusBar)/@0xeaf4dd0 - animation-leash#0 (94)
08-30 15:11:34.422  3976  5385 I Layer   : id=38638 removeFromCurrentState Surface(name=b07ecc5 NavigationBar0)/@0xa8376fc - animation-leash#1 (94)
08-30 15:11:34.422  3976  5385 I Layer   : id=25 removeFromCurrentState b07ecc5 NavigationBar0#0 (94)
08-30 15:11:34.422  3976  5385 I Layer   : id=32 removeFromCurrentState NavigationBar0$_4708#0 (94)
08-30 15:11:34.422  3976  5385 I Layer   : id=25 addToCurrentState b07ecc5 NavigationBar0#0 (94)
08-30 15:11:34.422  3976  5385 I Layer   : id=32 addToCurrentState NavigationBar0$_4708#0 (94)
08-30 15:11:34.424 14146 14146 I TrayStateController: systemUiVisibilityChanged : 0 0
08-30 15:11:34.426  3976  5385 E BufferQueueProducer: [com.sec.android.app.launcher/com.sec.android.app.launcher.activities.LauncherActivity$_5135#0](id:f88000033f4,api:0,p:-1,c:3976) disconnect: not connected (req=1)
08-30 15:11:34.426  5135  7074 W libEGL  : EGLNativeWindowType 0x6ef839b010 disconnect failed
08-30 15:11:34.427  4349  4371 D EnterpriseDeviceManagerService: isMdmAdminPresentInternal() : MDM Admin Found - com.samsung.knox.securefolder
08-30 15:11:34.430  4349  5464 V WindowManager: Relayout Window{b49dc7f u0 com.sec.android.app.launcher/com.sec.android.app.launcher.activities.LauncherActivity}: viewVisibility=8 req=720x1560
08-30 15:11:34.430  4349  4372 I ViewRootImpl@75a1050[dogglers]: MSG_RESIZED_REPORT: frame=(0,0,720,1560) ci=(0,53,0,0) vi=(0,53,0,0) or=1
08-30 15:11:34.430  4349  4372 I ViewRootImpl@75a1050[dogglers]: [DP] dp(1) 1 android.view.ViewRootImpl.reportNextDraw:10957 android.view.ViewRootImpl.access$1200:256 android.view.ViewRootImpl$ViewRootHandler.handleMessage:6101
08-30 15:11:34.436  4349  5464 V WindowManager: Relayout hash=b49dc7f, pid=5135: mAttrs={(0,0)(fillxfill) sim={adjust=nothing} layoutInDisplayCutoutMode=shortEdges ty=BASE_APPLICATION fmt=TRANSPARENT wanim=0x10302f2
08-30 15:11:34.436  4349  5464 V WindowManager:   fl=81910100
08-30 15:11:34.436  4349  5464 V WindowManager:   pfl=16020000
08-30 15:11:34.436  4349  5464 V WindowManager:   vsysui=1700
08-30 15:11:34.436  4349  5464 V WindowManager:   bhv=SHOW_TRANSIENT_BARS_BY_SWIPE
08-30 15:11:34.436  4349  5464 V WindowManager:   fitSides= naviIconColor=0}
08-30 15:11:34.436 23627 23627 D LifecycleMonitor: Lifecycle status change: com.example.dogglers.VerticalListActivity@bc7fe3e in: PRE_ON_CREATE
08-30 15:11:34.437  5135  5135 I SurfaceControl: nativeRelease nativeObject s[477998350432]
08-30 15:11:34.437  5135  5135 I SurfaceControl: nativeRelease nativeObject e[477998350432]
08-30 15:11:34.437 23627 23627 V ActivityScenario: Activity lifecycle changed event received but ignored because the reported transition was not ON_CREATE while the last known transition was PRE_ON_CREATE
08-30 15:11:34.437  5135  5135 I SurfaceControl: assignNativeObject: nativeObject = 0 Surface(name=null)/@0xd6fa7c2 / android.view.SurfaceControl.readFromParcel:1117 android.view.IWindowSession$Stub$Proxy.relayout:1826 android.view.ViewRootImpl.relayoutWindow:9005 android.view.ViewRootImpl.performTraversals:3360 android.view.ViewRootImpl.doTraversal:2618 android.view.ViewRootImpl$TraversalRunnable.run:9971 android.view.Choreographer$CallbackRecord.run:1010 android.view.Choreographer.doCallbacks:809 android.view.Choreographer.doFrame:744 android.view.Choreographer$FrameDisplayEventReceiver.run:995
08-30 15:11:34.438  5135  5135 I SurfaceControl: assignNativeObject: nativeObject = 0 Surface(name=null)/@0xe42a745 / android.view.SurfaceControl.readFromParcel:1117 android.view.IWindowSession$Stub$Proxy.relayout:1836 android.view.ViewRootImpl.relayoutWindow:9005 android.view.ViewRootImpl.performTraversals:3360 android.view.ViewRootImpl.doTraversal:2618 android.view.ViewRootImpl$TraversalRunnable.run:9971 android.view.Choreographer$CallbackRecord.run:1010 android.view.Choreographer.doCallbacks:809 android.view.Choreographer.doFrame:744 android.view.Choreographer$FrameDisplayEventReceiver.run:995
08-30 15:11:34.439  4349  4372 V WindowManager: Relayout Window{318249 u0 Splash Screen com.example.dogglers}: viewVisibility=0 req=720x1560
08-30 15:11:34.439  5135  5135 I SurfaceControl: nativeRelease nativeObject s[476600469312]
08-30 15:11:34.439  5135  5135 I SurfaceControl: nativeRelease nativeObject e[476600469312]
08-30 15:11:34.439  5135  5135 I SurfaceControl: nativeRelease nativeObject s[478247329888]
08-30 15:11:34.440  5135  5135 I SurfaceControl: nativeRelease nativeObject e[478247329888]
08-30 15:11:34.440  5135  5135 I SurfaceControl: nativeRelease nativeObject s[478247338816]
08-30 15:11:34.440  5135  5135 I SurfaceControl: nativeRelease nativeObject e[478247338816]
08-30 15:11:34.440  5135  5135 I ViewRootImpl@fbf3973[LauncherActivity]: Relayout returned: old=(0,0,720,1560) new=(0,0,720,1560) req=(720,1560)8 dur=12 res=0x5 s={false 0} ch=true fn=21
08-30 15:11:34.441  5135  5135 I SurfaceControl: nativeRelease nativeObject s[477998350432]
08-30 15:11:34.441  5135  5135 I SurfaceControl: nativeRelease nativeObject e[477998350432]
08-30 15:11:34.442  4349  4372 I SurfaceControl: nativeRelease nativeObject s[476011684512]
08-30 15:11:34.442  4349  4372 I SurfaceControl: nativeRelease nativeObject e[476011684512]
08-30 15:11:34.443  4349  4372 V WindowManager: Relayout hash=318249, pid=4349: mAttrs={(0,0)(fillxfill) sim={adjust=pan} layoutInDisplayCutoutMode=shortEdges ty=APPLICATION_STARTING wanim=0x1030001
08-30 15:11:34.443  4349  4372 V WindowManager:   fl=1830118
08-30 15:11:34.443  4349  4372 V WindowManager:   pfl=12020011
08-30 15:11:34.443  4349  4372 V WindowManager:   fitSides= naviIconColor=0}
08-30 15:11:34.444  4349  4372 I SurfaceControl: nativeRelease nativeObject s[476020781888]
08-30 15:11:34.444  4349  4372 I SurfaceControl: nativeRelease nativeObject e[476020781888]
08-30 15:11:34.444  4349  4372 I SurfaceControl: nativeRelease nativeObject s[478079926240]
08-30 15:11:34.444  4349  4372 I SurfaceControl: nativeRelease nativeObject e[478079926240]
08-30 15:11:34.444  4349  4372 I ViewRootImpl@75a1050[dogglers]: Relayout returned: old=(0,0,720,1560) new=(0,0,720,1560) req=(720,1560)0 dur=6 res=0x1 s={true 476020408320} ch=false fn=2
08-30 15:11:34.446  3899 10978 D gralloc : [mali_gralloc_allocate] begin
08-30 15:11:34.446  3899 10978 D gralloc : buffer_descriptor: wh(720 1560) usage_pc(0x966 0x906) hal_format(0x1) layer_count(1) sizes(0 0 0) strde(0) byte_stride(0) alloc_wh(0 0) internal_format(0x0) alloc_format(0x0) fd_count(1) plane_count(0)
08-30 15:11:34.446  3976  3976 D SurfaceFlinger: Display 0 HWC layers:
08-30 15:11:34.446  3976  3976 D SurfaceFlinger:      DEVICE | 0x75743a6ac0 | 0002 | RGBA_8888    |    0.0    0.0  720.0 1560.0 |    0    0  720 1560 | Splash Screen com.example.dogglers#0
08-30 15:11:34.446  3976  3976 D SurfaceFlinger:      DEVICE | 0x75743a6fc0 | 0000 | RGBA_8888    |    0.0    0.0  720.0   53.0 |    0    0  720   53 | StatusBar$_4708#0
08-30 15:11:34.446  3976  3976 D SurfaceFlinger:      DEVICE | 0x74d157fa00 | 0000 | RGBA_8888    |    0.0    0.0   67.0  232.0 |  653  151  720  383 | com.samsung.android.app.cocktailbars[...]rservice.CocktailBarService$_14146#0
08-30 15:11:34.446  3976  3976 D SurfaceFlinger:      DEVICE | 0x75743a7380 | 0000 | RGBA_8888    |    0.0    0.0  720.0   84.0 |    0 1476  720 1560 | NavigationBar0$_4708#0
08-30 15:11:34.446  3976  3976 D SurfaceFlinger:      DEVICE | 0x74f0413e00 | 0000 | RGBA_8888    |    0.0    0.0  720.0  101.0 |    0    0  720  101 | ScreenDecorOverlay$_4708#0
08-30 15:11:34.446  3976  3976 D SurfaceFlinger:      DEVICE | 0x75743a7b00 | 0000 | RGBA_8888    |    0.0    0.0  720.0  101.0 |    0 1459  720 1560 | ScreenDecorOverlayBottom$_4708#0
08-30 15:11:34.446  3976  3976 D SurfaceFlinger:
08-30 15:11:34.446  3899 10978 D gralloc : [mali_gralloc_allocate] allocation successful
08-30 15:11:34.453 23627 23627 I DecorView: [INFO] isPopOver=false, config=true
08-30 15:11:34.453 23627 23627 I DecorView: updateCaptionType >> DecorView@af43897[], isFloating=false, isApplication=true, hasWindowDecorCaption=false, hasWindowControllerCallback=true
08-30 15:11:34.453 23627 23627 D DecorView: setCaptionType = 0, this = DecorView@af43897[]
08-30 15:11:34.453  4349  4372 I ViewRootImpl@75a1050[dogglers]: [DP] pdf(0) 1 android.view.ViewRootImpl.performDraw:4809 android.view.ViewRootImpl.performTraversals:3866 android.view.ViewRootImpl.doTraversal:2618
08-30 15:11:34.453  4349  4372 I ViewRootImpl@75a1050[dogglers]: [DP] rdf()
08-30 15:11:34.455  5135  5135 I ViewRootImpl@fbf3973[LauncherActivity]: stopped(true) old=false
08-30 15:11:34.456  5135  5135 I StateManager: goToState isInState Normal
08-30 15:11:34.464  4349  4371 I SemPersonaManager: SecureFolder personaId = 150
08-30 15:11:34.467  5135  5135 W LauncherAppWidgetHost: setListenIfResumed, mFlags = 7
08-30 15:11:34.467  4349  6779 I AppWidgetServiceImpl: stopListening callbacks : null
08-30 15:11:34.468  5135  5135 W Launcher.NotificationListener: removeNotificationsChangedListener
08-30 15:11:34.468  5135  5135 I BadgeCountUpdaterImpl: onNotificationsChangedDisConnected
08-30 15:11:34.468  5135  5135 I Launcher.NotificationListener: unregisterObserver, this is not notificationService!!
08-30 15:11:34.469  5135  5135 I LiveIconUpdateEventHandler: cancelMinuteChangeAlarm
08-30 15:11:34.474  5135  5135 I LiveIconUpdateEventHandler: cancelDateChangeAlarm
08-30 15:11:34.477  4065  4904 I GNSS_MEMS: TGT_MEMS SCSCMemsReportSensorDrops: dropped 0 events (spam) 1 events (rate limit) out of 327 total for sensor 0 since last report
08-30 15:11:34.479 23627 23627 D LifecycleMonitor: Lifecycle status change: com.example.dogglers.VerticalListActivity@bc7fe3e in: CREATED
08-30 15:11:34.480 23627 23627 V ActivityScenario: Update currentActivityStage to CREATED, currentActivity=com.example.dogglers.VerticalListActivity@bc7fe3e
08-30 15:11:34.483 23627 23627 D LifecycleMonitor: Lifecycle status change: com.example.dogglers.VerticalListActivity@bc7fe3e in: STARTED
08-30 15:11:34.483 23627 23627 V ActivityScenario: Update currentActivityStage to STARTED, currentActivity=com.example.dogglers.VerticalListActivity@bc7fe3e
08-30 15:11:34.485 23627 23627 D LifecycleMonitor: Lifecycle status change: com.example.dogglers.VerticalListActivity@bc7fe3e in: RESUMED
08-30 15:11:34.485 23627 23627 V ActivityScenario: Update currentActivityStage to RESUMED, currentActivity=com.example.dogglers.VerticalListActivity@bc7fe3e
08-30 15:11:34.491  4349  5464 D InputTransport: Input channel constructed: '6f224ae', fd=724
08-30 15:11:34.491  4349  5464 D InputTransport: Input channel constructed: '6f224ae', fd=729
08-30 15:11:34.492  3976  5385 I SurfaceFlinger: id=38651 createSurf (0x0),-1 flag=80004, 6f224ae com.example.dogglers/com.example.dogglers.VerticalListActivity#0
08-30 15:11:34.492  4349  5464 D WindowManager: isScreenshotDisabledLocked - win: Window{6f224ae u0 com.example.dogglers/com.example.dogglers.VerticalListActivity}
08-30 15:11:34.493  4349  5464 D WindowManager: isScreenshotDisabledLocked: userId = 0, disabled =false
08-30 15:11:34.493  4349  5464 D InputTransport: Input channel destroyed: '6f224ae', fd=729
08-30 15:11:34.493 23627 23627 D InputTransport: Input channel constructed: '6f224ae', fd=81
08-30 15:11:34.495 23627 23627 I ViewRootImpl@f676452[VerticalListActivity]: setView = com.android.internal.policy.DecorView@af43897 TM=true
08-30 15:11:34.497 23627 23627 D LifecycleMonitor: Lifecycle status change: androidx.test.core.app.InstrumentationActivityInvoker$BootstrapActivity@62c17a7 in: STOPPED
08-30 15:11:34.497 23627 23627 V ActivityScenario: Activity lifecycle changed event received but ignored because the intent does not match. startActivityIntent=Intent { act=android.intent.action.MAIN cat=[android.intent.category.LAUNCHER] cmp=com.example.dogglers/.VerticalListActivity }, activity.getIntent()=Intent { act=android.intent.action.MAIN cat=[android.intent.category.LAUNCHER] flg=0x10008000 cmp=com.example.dogglers/androidx.test.core.app.InstrumentationActivityInvoker$BootstrapActivity (has extras) }, activity=androidx.test.core.app.InstrumentationActivityInvoker$BootstrapActivity@62c17a7
08-30 15:11:34.511  4349  5464 V WindowManager: Relayout Window{6f224ae u0 com.example.dogglers/com.example.dogglers.VerticalListActivity}: viewVisibility=0 req=720x1560
08-30 15:11:34.511  4349  4371 D EnterpriseDeviceManagerService: isMdmAdminPresentInternal() : MDM Admin Found - com.samsung.knox.securefolder
08-30 15:11:34.514  4349  5464 D WindowManager: isScreenshotDisabledLocked - win: Window{6f224ae u0 com.example.dogglers/com.example.dogglers.VerticalListActivity}
08-30 15:11:34.514  4349  5464 D WindowManager: isScreenshotDisabledLocked: userId = 0, disabled =false
08-30 15:11:34.515  3976  5385 I SurfaceFlinger: id=38652 createSurf (720x1560),1 flag=404, com.example.dogglers/com.example.dogglers.VerticalListActivity$_23627#0
08-30 15:11:34.517  4349  5464 I SurfaceControl: nativeRelease nativeObject s[477997776736]
08-30 15:11:34.517  4349  5464 I SurfaceControl: nativeRelease nativeObject e[477997776736]
08-30 15:11:34.517 14146 14146 I TrayStateController: systemUiVisibilityChanged : 0 0
08-30 15:11:34.518  3976  4318 I SurfaceFlinger: id=38653 createSurf (0x0),-1 flag=24000, Surface(name=1096c8d StatusBar)/@0xeaf4dd0 - animation-leash#0
08-30 15:11:34.518  4349  5464 I SurfaceControl: nativeRelease nativeObject s[477996355200]
08-30 15:11:34.518  4349  5464 I SurfaceControl: nativeRelease nativeObject e[477996355200]
08-30 15:11:34.519  3976  4318 I SurfaceFlinger: id=38654 createSurf (0x0),-1 flag=24000, Surface(name=b07ecc5 NavigationBar0)/@0xa8376fc - animation-leash#1
08-30 15:11:34.521  4349  5464 V WindowManager: Relayout hash=6f224ae, pid=23627: mAttrs={(0,0)(fillxfill) sim={adjust=resize forwardNavigation} ty=BASE_APPLICATION wanim=0x1030304
08-30 15:11:34.521  4349  5464 V WindowManager:   fl=81810100
08-30 15:11:34.521  4349  5464 V WindowManager:   pfl=12020000
08-30 15:11:34.521  4349  5464 V WindowManager:   fitSides= naviIconColor=0}
08-30 15:11:34.521  4349  5464 I SurfaceControl: nativeRelease nativeObject s[476017807552]
08-30 15:11:34.521  4349  5464 I SurfaceControl: nativeRelease nativeObject e[476017807552]
08-30 15:11:34.523 23627 23627 I SurfaceControl: assignNativeObject: nativeObject = 0 Surface(name=null)/@0x902e323 / android.view.SurfaceControl.readFromParcel:1117 android.view.IWindowSession$Stub$Proxy.relayout:1836 android.view.ViewRootImpl.relayoutWindow:9005 android.view.ViewRootImpl.performTraversals:3360 android.view.ViewRootImpl.doTraversal:2618 android.view.ViewRootImpl$TraversalRunnable.run:9971 android.view.Choreographer$CallbackRecord.run:1010 android.view.Choreographer.doCallbacks:809 android.view.Choreographer.doFrame:744 android.view.Choreographer$FrameDisplayEventReceiver.run:995
08-30 15:11:34.524 23627 23627 I ViewRootImpl@f676452[VerticalListActivity]: Relayout returned: old=(0,0,720,1560) new=(0,0,720,1560) req=(720,1560)0 dur=12 res=0x7 s={true 478233575424} ch=true fn=-1
08-30 15:11:34.527  3899 10978 D gralloc : [mali_gralloc_allocate] begin
08-30 15:11:34.527  3899 10978 D gralloc : buffer_descriptor: wh(720 1560) usage_pc(0x40000000000b00 0x40000000000b00) hal_format(0x1) layer_count(1) sizes(0 0 0) strde(0) byte_stride(0) alloc_wh(0 0) internal_format(0x0) alloc_format(0x0) fd_count(1) plane_count(0)
08-30 15:11:34.528  3899 10978 D gralloc : [mali_gralloc_allocate] allocation successful
08-30 15:11:34.528  3976  5385 I Layer   : id=38650 removeFromCurrentState Surface(name=b07ecc5 NavigationBar0)/@0xa8376fc - animation-leash#0 (98)
08-30 15:11:34.528  3976  5385 I Layer   : id=25 removeFromCurrentState b07ecc5 NavigationBar0#0 (98)
08-30 15:11:34.528  3976  5385 I Layer   : id=32 removeFromCurrentState NavigationBar0$_4708#0 (98)
08-30 15:11:34.528  3976  5385 I Layer   : id=38649 removeFromCurrentState Surface(name=1096c8d StatusBar)/@0xeaf4dd0 - animation-leash#1 (98)
08-30 15:11:34.528  3976  5385 I Layer   : id=25 addToCurrentState b07ecc5 NavigationBar0#0 (98)
08-30 15:11:34.528  3976  5385 I Layer   : id=32 addToCurrentState NavigationBar0$_4708#0 (98)
08-30 15:11:34.528  3899 10978 D gralloc : [mali_gralloc_allocate] begin
08-30 15:11:34.528  3899 10978 D gralloc : buffer_descriptor: wh(720 1560) usage_pc(0x40000000000b00 0x40000000000b00) hal_format(0x1) layer_count(1) sizes(0 0 0) strde(0) byte_stride(0) alloc_wh(0 0) internal_format(0x0) alloc_format(0x0) fd_count(1) plane_count(0)
08-30 15:11:34.529  4349  4372 I SurfaceControl: nativeRelease nativeObject s[476016224096]
08-30 15:11:34.529  4349  4372 I SurfaceControl: nativeRelease nativeObject e[476016224096]
08-30 15:11:34.529  4349  4372 I SurfaceControl: nativeRelease nativeObject s[476011684512]
08-30 15:11:34.529  3899 10978 D gralloc : [mali_gralloc_allocate] allocation successful
08-30 15:11:34.529  4349  4372 I SurfaceControl: nativeRelease nativeObject e[476011684512]
08-30 15:11:34.529  3976  5385 I SurfaceFlinger: id=38650 Removed Surface(name=b07ecc5 NavigationBar0)/@0xa8376fc - animation-leash#0 (98)
08-30 15:11:34.529  3976  4001 I SurfaceFlinger: id=38649 Removed Surface(name=1096c8d StatusBar)/@0xeaf4dd0 - animation-leash#1 (98)
08-30 15:11:34.530  3899 10978 D gralloc : [mali_gralloc_allocate] begin
08-30 15:11:34.530  3899 10978 D gralloc : buffer_descriptor: wh(720 1560) usage_pc(0x40000000000b00 0x40000000000b00) hal_format(0x1) layer_count(1) sizes(0 0 0) strde(0) byte_stride(0) alloc_wh(0 0) internal_format(0x0) alloc_format(0x0) fd_count(1) plane_count(0)
08-30 15:11:34.531  5135  5135 I LiveIconUpdateEventHandler: unregisterReceiver
08-30 15:11:34.531  3899 10978 D gralloc : [mali_gralloc_allocate] allocation successful
08-30 15:11:34.538  3976  3976 I Layer   : id=38649[1] Destroyed Surface(name=1096c8d StatusBar)/@0xeaf4dd0 - animation-leash#1
08-30 15:11:34.538  3976  3976 I Layer   : id=38650[1] Destroyed Surface(name=b07ecc5 NavigationBar0)/@0xa8376fc - animation-leash#0
08-30 15:11:34.539  4349  6779 I SurfaceControl: nativeRelease nativeObject s[476021494752]
08-30 15:11:34.539  4349  6779 I SurfaceControl: nativeRelease nativeObject e[476021494752]
08-30 15:11:34.540  3976  4318 I Layer   : id=38636 removeFromCurrentState com.sec.android.app.launcher/com.sec.android.app.launcher.activities.LauncherActivity$_5135#0 (96)
08-30 15:11:34.543  3976  4318 I SurfaceFlinger: id=38636 Removed com.sec.android.app.launcher/com.sec.android.app.launcher.activities.LauncherActivity$_5135#0 (96)
08-30 15:11:34.543  4349  4369 D SehCodecSolutionService: Update top [com.example.dogglers]
08-30 15:11:34.555  3976  3976 I Layer   : id=38636[1] Destroyed com.sec.android.app.launcher/com.sec.android.app.launcher.activities.LauncherActivity$_5135#0
08-30 15:11:34.573 23627 23627 I ViewRootImpl@f676452[VerticalListActivity]: [DP] dp(1) 1 android.view.ViewRootImpl.reportNextDraw:10957 android.view.ViewRootImpl.performTraversals:3845 android.view.ViewRootImpl.doTraversal:2618
08-30 15:11:34.573 23627 23627 I ViewRootImpl@f676452[VerticalListActivity]: [DP] pd() Asnyc report
08-30 15:11:34.591 23627 23627 I ViewRootImpl@f676452[VerticalListActivity]: [DP] pdf(0) 1 android.view.ViewRootImpl.lambda$performDraw$1$ViewRootImpl:4668 android.view.-$$Lambda$ViewRootImpl$DJd0VUYJgsebcnSohO6h8zc_ONI.run:6 android.os.Handler.handleCallback:938
08-30 15:11:34.591 23627 23627 I ViewRootImpl@f676452[VerticalListActivity]: [DP] rdf()
08-30 15:11:34.596  4349  4372 D PkgPredictorService: pkg:com.example.dogglers activity:com.example.dogglers.VerticalListActivity thisTime:336
08-30 15:11:34.596  4349  4372 D PkgPredictorService-Collector: update activity launch time: VerticalListActivity : 336
08-30 15:11:34.596  4349  4372 I SemDvfsHyPerManager: acquire hyper - AMS_RESUME_TAIL/4349@18, type = -999
08-30 15:11:34.596  4349  4372 I SemDvfsHyPerManager: acquire hyper - AMS_ACT_LAZY/4349@19, type = -999
08-30 15:11:34.596  3927  3954 I HYPER-HAL: [RequestManager.cpp]acquire(): Acquired ID : 9537546  [4349 / 18]    HINT : AMS_RESUME_TAIL    list :
08-30 15:11:34.596  4349  4376 D ArtManagerInternalImpl: /data/misc/iorapd/com.example.dogglers/1/com.example.dogglers.VerticalListActivity/compiled_traces/compiled_trace.pb doesn't exist
08-30 15:11:34.597  3927  3954 E HYPER-HAL: [HandlerSysfs.cpp]doResourceHandling(): Couldn't Open Sysfs - /sys/power/cstate_control
08-30 15:11:34.597  3927  3954 I HYPER-HAL: [ResourceManager.cpp]updateResource(): [CPUMinFreq] UpdateResource Request ID : 9537546    Value : 1560000
08-30 15:11:34.597  3927  3954 I HYPER-HAL: [RequestManager.cpp]acquire(): Acquired ID : 9541915  [4349 / 19]    HINT :      list :
08-30 15:11:34.597  3927  3954 E HYPER-HAL: [Request.cpp]acquire(): Request:: id : 9541915, No Resource to set
08-30 15:11:34.598  3927  3954 E HYPER-HAL: [HandlerSysfs.cpp]doResourceHandling(): Couldn't Open Sysfs - /sys/power/cstate_control
08-30 15:11:34.598  3927  3954 I HYPER-HAL: [ResourceManager.cpp]removeResource(): [CPUMinFreq] RemoveResource Request ID : 9546285
08-30 15:11:34.598  3927  3954 I HYPER-HAL: [RequestManager.cpp]releaseLocked(): Released ID : 9546285
08-30 15:11:34.600  4349  4372 D ViewRootImpl@75a1050[dogglers]: dispatchDetachedFromWindow: reset blurmask
08-30 15:11:34.600  4349  4376 I ActivityTaskManager: Displayed com.example.dogglers/.VerticalListActivity: +336ms
08-30 15:11:34.600  4349  4372 I ViewRootImpl@75a1050[dogglers]: dispatchDetachedFromWindow
08-30 15:11:34.601  4349  4372 I SurfaceControl: nativeRelease nativeObject s[476016223808]
08-30 15:11:34.601  4349  4372 I SurfaceControl: nativeRelease nativeObject e[476016223808]
08-30 15:11:34.601  4349  4372 D InputTransport: Input channel destroyed: '318249 ', fd=708
08-30 15:11:34.602  3976  4318 I SurfaceFlinger: id=38655 createSurf (0x0),-1 flag=24000, Surface(name=318249 Splash Screen com.example.dogglers)/@0x2bfe67 - animation-leash#0
08-30 15:11:34.604  5589  5589 E pageboostd: Received HALT command code 2
08-30 15:11:34.606  4349  6779 I InputDispatcher: Focus entered window (23627): 6f224ae in display 0 0
08-30 15:11:34.611  4349  4372 D InputTransport: Input channel destroyed: '318249 ', fd=711
08-30 15:11:34.639 23627 23627 I ViewRootImpl@f676452[VerticalListActivity]: MSG_WINDOW_FOCUS_CHANGED 1 1
08-30 15:11:34.640 23627 23627 D InputMethodManager: prepareNavigationBarInfo() DecorView@af43897[VerticalListActivity]
08-30 15:11:34.640 23627 23627 D InputMethodManager: getNavigationBarColor() -16711423
08-30 15:11:34.641 23627 23627 D InputMethodManager: prepareNavigationBarInfo() DecorView@af43897[VerticalListActivity]
08-30 15:11:34.641 23627 23627 D InputMethodManager: getNavigationBarColor() -16711423
08-30 15:11:34.641 23627 23627 V InputMethodManager: Starting input: tba=com.example.dogglers ic=null mNaviBarColor -16711423 mIsGetNaviBarColorSuccess true , NavVisible : true , NavTrans : false
08-30 15:11:34.641 23627 23627 D InputMethodManager: startInputInner - Id : 0
08-30 15:11:34.641 23627 23627 I InputMethodManager: startInputInner - mService.startInputOrWindowGainedFocus
08-30 15:11:34.642  4349  5464 D InputMethodManagerService: mSecureKeypadEnabled = false
08-30 15:11:34.642  4349  5464 V InputMethodManagerService: hideCurrentInputLocked : shouldHideSoftInput is false
08-30 15:11:34.642  4349  5464 D InputMethodManagerService: mDesktopModeManager null!
08-30 15:11:34.642  4349  5464 V InputMethodManagerService: getDisplayIdOfInputMethodWindowToBeAdded : 0
08-30 15:11:34.643  4349  5464 D SamsungIMMSHWKeyboard: isConnectedDexOnPC false
08-30 15:11:34.643  4349  5464 D InputMethodManagerService: isImeSwitcherDisabledPackage : false
08-30 15:11:34.644  4349  5464 D InputMethodManagerService: checkDisplayOfStartInputAndUpdateKeyboard display Id 0last 0
08-30 15:11:34.644  4349  5464 D InputTransport: Input channel constructed: 'ClientS', fd=670
08-30 15:11:34.644  4349  5464 D InputTransport: Input channel destroyed: 'ClientS', fd=670
08-30 15:11:34.644 23627 23627 D InputTransport: Input channel constructed: 'ClientS', fd=92
08-30 15:11:34.645  3976  3976 D SurfaceFlinger: Display 0 HWC layers:
08-30 15:11:34.645  3976  3976 D SurfaceFlinger:      DEVICE | 0x75743a4f40 | 0002 | RGBA_8888    |    0.0    0.0  720.0 1560.0 |    0    0  720 1560 | com.example.dogglers/com.example.dogglers.VerticalListActivity$_23627#0
08-30 15:11:34.645  3976  3976 D SurfaceFlinger:      DEVICE | 0x75743a6d40 | 0002 | RGBA_8888    |    0.0    0.0  720.0 1560.0 |    0    0  720 1560 | Splash Screen com.example.dogglers#0
08-30 15:11:34.645  3976  3976 D SurfaceFlinger:      DEVICE | 0x75743a6fc0 | 0000 | RGBA_8888    |    0.0    0.0  720.0   53.0 |    0    0  720   53 | StatusBar$_4708#0
08-30 15:11:34.645  3976  3976 D SurfaceFlinger:      DEVICE | 0x74d157fa00 | 0000 | RGBA_8888    |    0.0    0.0   67.0  232.0 |  653  151  720  383 | com.samsung.android.app.cocktailbars[...]rservice.CocktailBarService$_14146#0
08-30 15:11:34.645  3976  3976 D SurfaceFlinger:      DEVICE | 0x75743a7380 | 0000 | RGBA_8888    |    0.0    0.0  720.0   84.0 |    0 1476  720 1560 | NavigationBar0$_4708#0
08-30 15:11:34.645  3976  3976 D SurfaceFlinger:      DEVICE | 0x74f0413e00 | 0000 | RGBA_8888    |    0.0    0.0  720.0  101.0 |    0    0  720  101 | ScreenDecorOverlay$_4708#0
08-30 15:11:34.645  3976  3976 D SurfaceFlinger:      DEVICE | 0x75743a7b00 | 0000 | RGBA_8888    |    0.0    0.0  720.0  101.0 |    0 1459  720 1560 | ScreenDecorOverlayBottom$
08-30 15:11:34.645  3976  3976 D SurfaceFlinger: _4708#0
08-30 15:11:34.645  3976  3976 D SurfaceFlinger:
08-30 15:11:34.645  4349  5464 I SurfaceControl: nativeRelease nativeObject s[477998028416]
08-30 15:11:34.645  4349  5464 I SurfaceControl: nativeRelease nativeObject e[477998028416]
08-30 15:11:34.646  3976  4318 I SurfaceFlinger: id=38656 createSurf (0x0),-1 flag=24004, Surface(name=749d536 InputMethod)/@0x72f94d3 - animation-leash#0
08-30 15:11:34.647  7475  7475 I HBD     : HoneyBoardService onFinishInput
08-30 15:11:34.647  7475  7475 I HBD     : a IC have been unbinded,  InputConnectionWrapper{idHash=#ee5127e mMissingMethods=}
08-30 15:11:34.647  7475  7475 I HBD     : HoneyBoardService [PF_CL][onFinishInput]  356616 ns
08-30 15:11:34.648  7475  7475 I HBD     : HoneyBoardService [IMI] onStartInput - caller pid : 23627 , caller uid : 10429
08-30 15:11:34.648  7475  7475 I HBD     : i updateConfigs
08-30 15:11:34.648  7475  7475 I HBD     : i isEnabledNightMode : true
08-30 15:11:34.648  7475  7475 I HBD     : a IC have been binded, InputConnectionWrapper{idHash=#cac782c mMissingMethods=}
08-30 15:11:34.648  7475  7475 I HBD     : h [EditorInputType]setPrivateImeOptionsToTable privateImeOptions ( null )
08-30 15:11:34.648  7475  7475 I HBD     : b incognitoMode : false
08-30 15:11:34.648  7475  7475 I HBD     : a needOff = true , isForceOff = false, isNullInputClass : true
08-30 15:11:34.649  7475  7475 I HBD     : h getDefaultInputRange : UNKNOWN
08-30 15:11:34.649  7475  7475 I HBD     : h getDefaultInputRange : UNKNOWN
08-30 15:11:34.649  7475  7475 I HBD     : h getDefaultInputRange : UNKNOWN
08-30 15:11:34.649  4349  5464 D SdpManagerService: Not an enterprise user : 0
08-30 15:11:34.649  4349  5464 D SdpManagerService: Not an enterprise user : 0
08-30 15:11:34.650 23627 23627 I ViewInteraction: Checking 'MatchesViewAssertion{viewMatcher=(view has effective visibility <VISIBLE> and view.getGlobalVisibleRect() to return non-empty rectangle)}' assertion on view an instance of android.widget.TextView and view.getText() with or without transformation to match: is "Tzeitel"
08-30 15:11:34.650  7475  7475 I HBD     : h getDefaultInputRange : UNKNOWN
08-30 15:11:34.650  7475  7475 I HBD     : a currentState : 0
08-30 15:11:34.652  7475  7475 I HBD     : h load selected json info : {"version":"1.0","currentLanguageOrder":2,"selected":[{"activeOptionList":["auto_replace","spell_check","auto_spacing"],"engName":"Russian","id":3342336,"inputType":"qwerty","isUsed":true},{"activeOptionList":["auto_replace","spell_check","auto_spacing"],"engName":"English","id":65537,"inputType":"qwerty","isUsed":true},{"activeOptionList":["auto_replace","spell_check","auto_spacing"],"engName":"Ukrainian","id":4456448,"inputType":"qwerty","isUsed":true}]}
08-30 15:11:34.653  3881  3886 E statsd  : Predicate -7037417284711607308 dropping data for dimension key (10)0x2010101->10429[I] (10)0x30000->*launch*[S]
08-30 15:11:34.654 23627 23627 I ViewInteraction: Checking 'MatchesViewAssertion{viewMatcher=(view has effective visibility <VISIBLE> and view.getGlobalVisibleRect() to return non-empty rectangle)}' assertion on view an instance of android.widget.TextView and view.getText() with or without transformation to match: is "Age: 7"
08-30 15:11:34.654  7475  7475 I HBD     : a [UpdatePolicy] [post] a: 0 cl: 4456448 kit: [0/0] vt: 0 ir: 1
08-30 15:11:34.655  3976  6075 I Layer   : id=38643 removeFromCurrentState Surface(name=749d536 InputMethod)/@0x72f94d3 - animation-leash#1 (97)
08-30 15:11:34.656  7475  7475 I HBD     : HoneyBoardService [PF_OP][onStartInput]  8414347 ns
08-30 15:11:34.656  4349  4372 I SurfaceControl: nativeRelease nativeObject s[478079926240]
08-30 15:11:34.656  4349  4372 I SurfaceControl: nativeRelease nativeObject e[478079926240]
08-30 15:11:34.656  5135  5135 I SurfaceControl: nativeRelease nativeObject s[478247338144]
08-30 15:11:34.656  5135  5135 I SurfaceControl: nativeRelease nativeObject e[478247338144]
08-30 15:11:34.657  4349  4372 I SurfaceControl: nativeRelease nativeObject s[476021424064]
08-30 15:11:34.657  4349  4372 I SurfaceControl: nativeRelease nativeObject e[476021424064]
08-30 15:11:34.658  3976  4318 I Layer   : id=38647 removeFromCurrentState Splash Screen com.example.dogglers#0 (97)
08-30 15:11:34.658  4349  4372 I SurfaceControl: nativeRelease nativeObject s[477996347616]
08-30 15:11:34.658  4349  4372 I SurfaceControl: nativeRelease nativeObject e[477996347616]
08-30 15:11:34.659  4349  6779 D SamsungIMMSHWKeyboard: isConnectedDexOnPC false
08-30 15:11:34.659 23627 23627 I SurfaceControl: nativeRelease nativeObject s[478211367200]
08-30 15:11:34.659 23627 23627 I SurfaceControl: nativeRelease nativeObject e[478211367200]
08-30 15:11:34.659 23627 23627 I SurfaceControl: nativeRelease nativeObject s[478211367104]
08-30 15:11:34.659 23627 23627 I SurfaceControl: nativeRelease nativeObject e[478211367104]
08-30 15:11:34.660  3976  4318 I Layer   : id=38646 removeFromCurrentState 318249 Splash Screen com.example.dogglers#0 (97)
08-30 15:11:34.661  3976  4318 I Layer   : id=38655 removeFromCurrentState Surface(name=318249 Splash Screen com.example.dogglers)/@0x2bfe67 - animation-leash#0 (97)
08-30 15:11:34.661  3976  4318 I SurfaceFlinger: id=38646 Removed 318249 Splash Screen com.example.dogglers#0 (97)
08-30 15:11:34.661  3976  6075 I SurfaceFlinger: id=38647 Removed Splash Screen com.example.dogglers#0 (97)
08-30 15:11:34.661  3976  4001 I SurfaceFlinger: id=38655 Removed Surface(name=318249 Splash Screen com.example.dogglers)/@0x2bfe67 - animation-leash#0 (97)
08-30 15:11:34.661 23627 23627 I ViewInteraction: Checking 'MatchesViewAssertion{viewMatcher=(view has effective visibility <VISIBLE> and view.getGlobalVisibleRect() to return non-empty rectangle)}' assertion on view an instance of android.widget.TextView and view.getText() with or without transformation to match: is "Hobbies: sunbathing"
08-30 15:11:34.662  4349  6779 D InputMethodManagerService: isImeSwitcherDisabledPackage : false
08-30 15:11:34.671  3976  3976 I Layer   : id=38655[1] Destroyed Surface(name=318249 Splash Screen com.example.dogglers)/@0x2bfe67 - animation-leash#0
08-30 15:11:34.671  3976  3976 I Layer   : id=38646[1] Destroyed 318249 Splash Screen com.example.dogglers#0
08-30 15:11:34.674  3976  3976 I Layer   : id=38647[1] Destroyed Splash Screen com.example.dogglers#0
08-30 15:11:34.677  3976  3976 D SurfaceFlinger: Display 0 HWC layers:
08-30 15:11:34.677  3976  3976 D SurfaceFlinger:      DEVICE | 0x75743a6700 | 0002 | RGBA_8888    |    0.0    0.0  720.0 1560.0 |    0    0  720 1560 | com.example.dogglers/com.example.dogglers.VerticalListActivity$_23627#0
08-30 15:11:34.677  3976  3976 D SurfaceFlinger:      DEVICE | 0x75743a6fc0 | 0000 | RGBA_8888    |    0.0    0.0  720.0   53.0 |    0    0  720   53 | StatusBar$_4708#0
08-30 15:11:34.677  3976  3976 D SurfaceFlinger:      DEVICE | 0x74d157fa00 | 0000 | RGBA_8888    |    0.0    0.0   67.0  232.0 |  653  151  720  383 | com.samsung.android.app.cocktailbars[...]rservice.CocktailBarService$_14146#0
08-30 15:11:34.677  3976  3976 D SurfaceFlinger:      DEVICE | 0x75743a7380 | 0000 | RGBA_8888    |    0.0    0.0  720.0   84.0 |    0 1476  720 1560 | NavigationBar0$_4708#0
08-30 15:11:34.677  3976  3976 D SurfaceFlinger:      DEVICE | 0x74f0413e00 | 0000 | RGBA_8888    |    0.0    0.0  720.0  101.0 |    0    0  720  101 | ScreenDecorOverlay$_4708#0
08-30 15:11:34.677  3976  3976 D SurfaceFlinger:      DEVICE | 0x75743a7b00 | 0000 | RGBA_8888    |    0.0    0.0  720.0  101.0 |    0 1459  720 1560 | ScreenDecorOverlayBottom$_4708#0
08-30 15:11:34.677  3976  3976 D SurfaceFlinger:
08-30 15:11:34.779 12736 12736 I dnxg    : onPause
08-30 15:11:34.802 23627 23627 I ViewInteraction: Checking 'MatchesViewAssertion{viewMatcher=(view has effective visibility <VISIBLE> and view.getGlobalVisibleRect() to return non-empty rectangle)}' assertion on view has drawable resource 2131165345
08-30 15:11:34.812  4349  6779 I SemDvfsHyPerManager: acquire hyper - AMS_ACT_START/4349@16, type = -999
08-30 15:11:34.812  3927  3954 I HYPER-HAL: [RequestManager.cpp]acquire(): Acquired ID : 9528811  [4349 / 16]    HINT : AMS_ACT_START    list :
08-30 15:11:34.813  3927  3954 E HYPER-HAL: [HandlerSysfs.cpp]doResourceHandling(): Couldn't Open Sysfs - /sys/power/cstate_control
