08-30 15:11:27.211 23627 23651 I TestRunner: started: horizontal_scroll_content_at_last_position(com.example.dogglers.HorizontalListTests)
08-30 15:11:27.212  3976  4318 I Layer   : id=38440 removeFromCurrentState bb721e4 com.example.dogglers/androidx.test.core.app.InstrumentationActivityInvoker$EmptyActivity#0 (98)
08-30 15:11:27.214  3976  4318 I SurfaceFlinger: id=38440 Removed bb721e4 com.example.dogglers/androidx.test.core.app.InstrumentationActivityInvoker$EmptyActivity#0 (98)
08-30 15:11:27.214 23627 23627 D InputTransport: Input channel destroyed: 'bb721e4', fd=90
08-30 15:11:27.219  4349  5108 I SurfaceControl: nativeRelease nativeObject s[476017807552]
08-30 15:11:27.219  4349  5108 I SurfaceControl: nativeRelease nativeObject e[476017807552]
08-30 15:11:27.219  4349  5108 I SurfaceControl: nativeRelease nativeObject s[476021496288]
08-30 15:11:27.220  4349  5108 I SurfaceControl: nativeRelease nativeObject e[476021496288]
08-30 15:11:27.225  3976  4001 I Layer   : id=38437 removeFromCurrentState ActivityRecord{4928d1c u0 com.example.dogglers/androidx.test.core.app.InstrumentationActivityInvoker$EmptyActivity t1420}#0 (98)
08-30 15:11:27.225  3976  4001 I Layer   : id=38417 removeFromCurrentState Task=1420#0 (98)
08-30 15:11:27.225  3976  4001 I SurfaceFlinger: id=38437 Removed ActivityRecord{4928d1c u0 com.example.dogglers/androidx.test.core.app.InstrumentationActivityInvoker$EmptyActivity t1420}#0 (98)
08-30 15:11:27.226  3976  4318 I SurfaceFlinger: id=38417 Removed Task=1420#0 (98)
08-30 15:11:27.227  3976  3976 I Layer   : id=38417[1] Destroyed Task=1420#0
08-30 15:11:27.227  3976  3976 I Layer   : id=38437[1] Destroyed ActivityRecord{4928d1c u0 com.example.dogglers/androidx.test.core.app.InstrumentationActivityInvoker$EmptyActivity t1420}#0
08-30 15:11:27.227  3976  3976 I Layer   : id=38440[1] Destroyed bb721e4 com.example.dogglers/androidx.test.core.app.InstrumentationActivityInvoker$EmptyActivity#0
08-30 15:11:27.234 23627 23651 W Settings: Setting always_finish_activities has moved from android.provider.Settings.System to android.provider.Settings.Global, returning read-only value.
08-30 15:11:27.238  3927 24019 I HYPER-HAL: [ResourceManager.cpp]removeResource(): [CPUMinFreq] RemoveResource Request ID : 9594421
08-30 15:11:27.238  3927 24019 I HYPER-HAL: [RequestManager.cpp]releaseLocked(): Released ID : 9594421
08-30 15:11:27.251  4349  4484 D MotionRecognitionService:   onReceive : ACTION_BATTERY_CHANGED, Plugged: 2
08-30 15:11:27.252  4349  4484 I MotionRecognitionService: [TA] In/out: true, curr state: 1
08-30 15:11:27.252  4708  4881 D NetworkController.SecMobileSignalController(0/2): onSignalStrengthsChanged level=2
08-30 15:11:27.253  4708  4881 D MobileSignalIconsSelector: getDataIconGroup(): 13
08-30 15:11:27.253  4708  4881 D MobileSignalIconsSelector: getDataIconGroup(): connected=true,enabled=true,level=1,inetCondition=1,dataIconGroup=DataIconGroup(4G),activityIn=false,activityOut=false,lastModified=08-30 15:11:27.253,dataSim=true,networkName=Vodafone UA,networkNameData=Vodafone UA,dataConnected=false,roaming=false,isDefault=false,isEmergency=false,airplaneMode=false,carrierNetworkChangeMode=false,userSetup=true,defaultDataOff=false,cdmaEriIconIndex=-1,cdmaEriIconMode=-1,callState=0,voWifiConnected=false,shouldShowDisabledDataIcon=false,bluetoothTethered=false,isLTEFemtoCell=false,cardOperator=OTHERS,optionalRadioTech=0,isCAIndicator=false,isLimitedStateForCTCSlaveVoLTE=false,isSWRoaming=false,isMobileDataSettingEnabled=false,nwBoosterRilEnabled=false,nwBoosterSettingEnabled=false,emergencyModeActivated=false,ismmW5G=false,slotId=0,simState=LOADED,isDefaultDataSlot=true, iconSet = [I@4a17707
08-30 15:11:27.254  4708  4708 D StatusbarSignalPolicy: setMobileDataIndicators state = MobileIconState(subId=2, strengthId=2131233571, roaming=false, typeId=0, visible=true, activityId=0, roamingId=0, slotId=0)
08-30 15:11:27.255  4349  4349 D PhoneWindowManagerExt: ACTION_BATTERY_CHANGED - Level=15, status=2
08-30 15:11:27.255  4349  4349 D SemWifiApBroadcastReceiver: Received : android.intent.action.BATTERY_CHANGED
08-30 15:11:27.257  4708  4708 D KeyguardUpdateMonitor: received broadcast android.intent.action.BATTERY_CHANGED
08-30 15:11:27.257  4708  4708 D PowerUI : priorPlugType = 2 mPlugType = 2 priorBatteryStatus = 2 mBatteryStatus = 2
08-30 15:11:27.261  4666  4666 D SemBigDataInfoController: Intent : android.intent.action.BATTERY_CHANGED
08-30 15:11:27.262  4666  4666 D SemBigDataInfoController: Intent : android.intent.action.BATTERY_CHANGED
08-30 15:11:27.275  4708  4708 D PowerUI.Notification: showChargingNotice oldChargingType : 1 currentChargingType : 1 oldChargingTime : 23000000 mChargingTime : 23000000
08-30 15:11:27.275  4708  4708 D PowerUI.Notification: There is no change about charging status, so return!
08-30 15:11:27.275  4708  4708 D PowerUI : Battery swelling mode - priorBatterySwellingMode = 0 mBatterySwellingMode = 0 mBatteryStatus = 2
08-30 15:11:27.275  4708  4708 I PowerUI : mBatteryMiscEvent = 0
08-30 15:11:27.282  4349  5520 I SemDvfsHyPerManager: acquire hyper - AMS_APP_SWITCH/4349@20, type = -999
08-30 15:11:27.282  3927  3954 I HYPER-HAL: [RequestManager.cpp]acquire(): Acquired ID : 9546285  [4349 / 20]    HINT : AMS_APP_SWITCH    list :
08-30 15:11:27.283  3927  3954 E HYPER-HAL: [HandlerSysfs.cpp]doResourceHandling(): Couldn't Open Sysfs - /sys/power/cstate_control
08-30 15:11:27.283  3927  3954 I HYPER-HAL: [ResourceManager.cpp]updateResource(): [CPUMinFreq] UpdateResource Request ID : 9546285    Value : 1768000
08-30 15:11:27.284  3976  6075 I SurfaceFlinger: id=38453 createSurf (0x0),-1 flag=24004, Task=1421#0
08-30 15:11:27.286  3927 24031 E HYPER-HAL: [HandlerSysfs.cpp]doResourceHandling(): Couldn't Open Sysfs - /sys/power/cstate_control
08-30 15:11:27.287  3927 24031 I HYPER-HAL: [ResourceManager.cpp]removeResource(): [CPUMinFreq] RemoveResource Request ID : 9611955
08-30 15:11:27.287  3927 24031 I HYPER-HAL: [RequestManager.cpp]releaseLocked(): Released ID : 9611955
08-30 15:11:27.289  3976  6075 I SurfaceFlinger: id=38454 createSurf (0x0),-1 flag=80004, ActivityRecord{100580d u0 com.example.dogglers/androidx.test.core.app.InstrumentationActivityInvoker$BootstrapActivity t1421}#0
08-30 15:11:27.295  4708  4708 I AODBatteryManager: updateBatteryData: ACTION_BATTERY_CHANGED
08-30 15:11:27.297  4708  4708 I AODBatteryManager: saveBatteryData : AOD BatteryData [mBatteryLevel=15, mBatteryStatus=CHARGING, mBatteryPlugType=USB, mBatteryPlugged=true, mRemainingChargeTime=23000000, mBatteryChargingType=1, mBatteryChargerType=NORMAL, mBatteryOnline=USB, mBatterySwellingMode=NONE]
08-30 15:11:27.297  4708  4708 D KeyguardUpdateMonitor: handleBatteryUpdate
08-30 15:11:27.298  4349  5108 V WindowOrientationListener: getProposedRotation: -1
08-30 15:11:27.301  3881  3886 E statsd  : Predicate -7037417284711607308 dropping data for dimension key (10)0x2010101->10429[I] (10)0x30000->*launch*[S]
08-30 15:11:27.304  4349  5108 I SemDvfsHyPerManager: acquire hyper - AMS_APP_LAUNCH/4349@17, type = -999
08-30 15:11:27.304  3927  3954 I HYPER-HAL: [RequestManager.cpp]acquire(): Acquired ID : 9533178  [4349 / 17]    HINT : AMS_APP_LAUNCH    list :
08-30 15:11:27.304  3927  3954 E HYPER-HAL: [HandlerSysfs.cpp]doResourceHandling(): Couldn't Open Sysfs - /sys/power/cstate_control
08-30 15:11:27.304  3927  3954 I HYPER-HAL: [ResourceManager.cpp]updateResource(): [CPUMinFreq] UpdateResource Request ID : 9533178    Value : 1768000
08-30 15:11:27.306  5135  5135 I DragController: endDrag
08-30 15:11:27.306  5135  5135 I SPayUpdater: updateSpayHandler launcher activity is paused false
08-30 15:11:27.308  4349  6779 D SecContentProvider: query(), uri = 17 selection = isSettingsChangesAllowed
08-30 15:11:27.312  4349  4358 I system_server: Background concurrent copying GC freed 603670(30MB) AllocSpace objects, 176(3664KB) LOS objects, 20% free, 91MB/115MB, paused 266us total 688.464ms
08-30 15:11:27.323  4349  4360 W System  : A resource failed to call release.
08-30 15:11:27.323  4349  4360 I SurfaceControl: nativeRelease nativeObject s[477997783456]
08-30 15:11:27.323  4349  4360 I SurfaceControl: nativeRelease nativeObject e[477997783456]
08-30 15:11:27.325  4349  4360 W System  : A resource failed to call release.
08-30 15:11:27.325  4349  4360 I SurfaceControl: nativeRelease nativeObject s[477996348096]
08-30 15:11:27.325  4349  4360 I SurfaceControl: nativeRelease nativeObject e[477996348096]
08-30 15:11:27.325  3927 24016 E HYPER-HAL: [HandlerSysfs.cpp]doResourceHandling(): Couldn't Open Sysfs - /sys/power/cstate_control
08-30 15:11:27.326  3927 24016 I HYPER-HAL: [ResourceManager.cpp]removeResource(): [CPUMinFreq] RemoveResource Request ID : 9537546
08-30 15:11:27.326  3927 24016 I HYPER-HAL: [RequestManager.cpp]releaseLocked(): Released ID : 9537546
08-30 15:11:27.329  4349  4360 W System  : A resource failed to call release.
08-30 15:11:27.329  4349  4360 I SurfaceControl: nativeRelease nativeObject s[476021495616]
08-30 15:11:27.329  4349  4360 I SurfaceControl: nativeRelease nativeObject e[476021495616]
08-30 15:11:27.330  4349  4360 W System  : A resource failed to call release.
08-30 15:11:27.330  3976  6075 I SurfaceFlinger: id=38416 Removed Surface(name=749d536 InputMethod)/@0x72f94d3 - animation-leash#0 (97)
08-30 15:11:27.330  4349  4360 I SurfaceControl: nativeRelease nativeObject s[476008564320]
08-30 15:11:27.330  4349  4360 I SurfaceControl: nativeRelease nativeObject e[476008564320]
08-30 15:11:27.330  3976  6075 I SurfaceFlinger: id=38411 Removed Surface(name=b07ecc5 NavigationBar0)/@0xa8376fc - animation-leash#1 (97)
08-30 15:11:27.330  4349  4360 W System  : A resource failed to call release.
08-30 15:11:27.330  4349  4360 I SurfaceControl: nativeRelease nativeObject s[476008564416]
08-30 15:11:27.330  4349  4360 I SurfaceControl: nativeRelease nativeObject e[476008564416]
08-30 15:11:27.330  3976  6075 I SurfaceFlinger: id=38410 Removed Surface(name=1096c8d StatusBar)/@0xeaf4dd0 - animation-leash#0 (97)
08-30 15:11:27.333  4349  4360 W System  : A resource failed to call release.
08-30 15:11:27.333  4349  4360 I SurfaceControl: nativeRelease nativeObject s[476009103264]
08-30 15:11:27.333  4349  4360 I SurfaceControl: nativeRelease nativeObject e[476009103264]
08-30 15:11:27.343  3976  3976 I Layer   : id=38416[1] Destroyed Surface(name=749d536 InputMethod)/@0x72f94d3 - animation-leash#0
08-30 15:11:27.343  3976  3976 I Layer   : id=38410[1] Destroyed Surface(name=1096c8d StatusBar)/@0xeaf4dd0 - animation-leash#0
08-30 15:11:27.343  3976  3976 I Layer   : id=38411[1] Destroyed Surface(name=b07ecc5 NavigationBar0)/@0xa8376fc - animation-leash#1
08-30 15:11:27.380  4349  5108 V WindowOrientationListener: getProposedRotation: -1
08-30 15:11:27.380  4349  5108 V WindowOrientationListener: getProposedRotation: -1
08-30 15:11:27.381  4349  5108 V WindowOrientationListener: getProposedRotation: -1
08-30 15:11:27.383  4349  5108 D InputDispatcher: Focused application set to (0): 100580d
08-30 15:11:27.386  4349  4496 I SemPersonaManager: SecureFolder personaId = 150
08-30 15:11:27.391  4349  5108 V WindowManager: Relayout Window{b49dc7f u0 com.sec.android.app.launcher/com.sec.android.app.launcher.activities.LauncherActivity}: viewVisibility=0 req=720x1560
08-30 15:11:27.394  4349  4372 D InputTransport: Input channel constructed: 'c7b2d63', fd=471
08-30 15:11:27.395  4349  4372 D InputTransport: Input channel constructed: 'c7b2d63', fd=596
08-30 15:11:27.395  4349  5108 V WindowManager: Relayout hash=b49dc7f, pid=5135: mAttrs={(0,0)(fillxfill) sim={adjust=nothing} layoutInDisplayCutoutMode=shortEdges ty=BASE_APPLICATION fmt=TRANSPARENT wanim=0x10302f2
08-30 15:11:27.395  4349  5108 V WindowManager:   fl=81910100
08-30 15:11:27.395  4349  5108 V WindowManager:   pfl=16020000
08-30 15:11:27.395  4349  5108 V WindowManager:   vsysui=1700
08-30 15:11:27.395  4349  5108 V WindowManager:   bhv=SHOW_TRANSIENT_BARS_BY_SWIPE
08-30 15:11:27.395  4349  5108 V WindowManager:   fitSides= naviIconColor=0}
08-30 15:11:27.395  4349  5108 I SurfaceControl: nativeRelease nativeObject s[477997782304]
08-30 15:11:27.395  4349  5108 I SurfaceControl: nativeRelease nativeObject e[477997782304]
08-30 15:11:27.395  3976  4318 I SurfaceFlinger: id=38455 createSurf (0x0),-1 flag=80004, c7b2d63 Splash Screen com.example.dogglers#0
08-30 15:11:27.396  5135  5135 I SurfaceControl: nativeRelease nativeObject s[476600463648]
08-30 15:11:27.396  5135  5135 I SurfaceControl: nativeRelease nativeObject e[476600463648]
08-30 15:11:27.397  5135  5135 I SurfaceControl: assignNativeObject: nativeObject = 0 Surface(name=null)/@0xe42a745 / android.view.SurfaceControl.readFromParcel:1117 android.view.IWindowSession$Stub$Proxy.relayout:1836 android.view.ViewRootImpl.relayoutWindow:9005 android.view.ViewRootImpl.performTraversals:3360 android.view.ViewRootImpl.doTraversal:2618 android.view.ViewRootImpl$TraversalRunnable.run:9971 android.view.Choreographer$CallbackRecord.run:1010 android.view.Choreographer.doCallbacks:809 android.view.Choreographer.doFrame:744 android.view.Choreographer$FrameDisplayEventReceiver.run:995
08-30 15:11:27.398  5135  5135 I SurfaceControl: nativeRelease nativeObject s[478247338816]
08-30 15:11:27.398  5135  5135 I SurfaceControl: nativeRelease nativeObject e[478247338816]
08-30 15:11:27.398  5135  5135 I SurfaceControl: nativeRelease nativeObject s[478247338144]
08-30 15:11:27.398  5135  5135 I SurfaceControl: nativeRelease nativeObject e[478247338144]
08-30 15:11:27.398  5135  5135 I SurfaceControl: nativeRelease nativeObject s[478247337664]
08-30 15:11:27.398  5135  5135 I SurfaceControl: nativeRelease nativeObject e[478247337664]
08-30 15:11:27.399  5135  5135 I ViewRootImpl@fbf3973[LauncherActivity]: Relayout returned: old=(0,0,720,1560) new=(0,0,720,1560) req=(720,1560)0 dur=6 res=0x1 s={true 476610932736} ch=false fn=18
08-30 15:11:27.399  4349  4372 I ViewRootImpl@87d7ce6[dogglers]: setView = com.android.internal.policy.DecorView@a554219 TM=true
08-30 15:11:27.402  4349  4372 V WindowManager: Relayout Window{c7b2d63 u0 Splash Screen com.example.dogglers}: viewVisibility=0 req=720x1560
08-30 15:11:27.404  4349  4372 D WindowManager: isScreenshotDisabledLocked - win: Window{c7b2d63 u0 Splash Screen com.example.dogglers}
08-30 15:11:27.404  4349  4372 D WindowManager: isScreenshotDisabledLocked: userId = 0, disabled =false
08-30 15:11:27.404  3976  4001 I SurfaceFlinger: id=38456 createSurf (720x1560),1 flag=404, Splash Screen com.example.dogglers#0
08-30 15:11:27.406  4349  4372 V WindowManager: Relayout hash=c7b2d63, pid=4349: mAttrs={(0,0)(fillxfill) sim={adjust=pan} layoutInDisplayCutoutMode=shortEdges ty=APPLICATION_STARTING wanim=0x1030001
08-30 15:11:27.406  4349  4372 V WindowManager:   fl=1830118
08-30 15:11:27.406  4349  4372 V WindowManager:   pfl=12020011
08-30 15:11:27.406  4349  4372 V WindowManager:   fitSides= naviIconColor=0}
08-30 15:11:27.406  4349  4372 I ViewRootImpl@87d7ce6[dogglers]: Relayout returned: old=(0,0,720,1560) new=(0,0,720,1560) req=(720,1560)0 dur=4 res=0x7 s={true 476020408320} ch=true fn=-1
08-30 15:11:27.407 23627 23627 D LifecycleMonitor: Lifecycle status change: androidx.test.core.app.InstrumentationActivityInvoker$BootstrapActivity@f33240 in: PRE_ON_CREATE
08-30 15:11:27.407  4349  4369 D SehCodecSolutionService: Update top [com.example.dogglers]
08-30 15:11:27.408 23627 23627 V ActivityScenario: Activity lifecycle changed event received but ignored because the intent does not match. startActivityIntent=Intent { act=android.intent.action.MAIN cat=[android.intent.category.LAUNCHER] cmp=com.example.dogglers/.HorizontalListActivity }, activity.getIntent()=Intent { act=android.intent.action.MAIN cat=[android.intent.category.LAUNCHER] flg=0x10008000 cmp=com.example.dogglers/androidx.test.core.app.InstrumentationActivityInvoker$BootstrapActivity (has extras) }, activity=androidx.test.core.app.InstrumentationActivityInvoker$BootstrapActivity@f33240
08-30 15:11:27.408  4349  4372 I ViewRootImpl@87d7ce6[dogglers]: [DP] dp(1) 1 android.view.ViewRootImpl.reportNextDraw:10957 android.view.ViewRootImpl.performTraversals:3845 android.view.ViewRootImpl.doTraversal:2618
08-30 15:11:27.409  3899  3953 D gralloc : [mali_gralloc_allocate] begin
08-30 15:11:27.409  3899  3953 D gralloc : buffer_descriptor: wh(720 1560) usage_pc(0x966 0x906) hal_format(0x1) layer_count(1) sizes(0 0 0) strde(0) byte_stride(0) alloc_wh(0 0) internal_format(0x0) alloc_format(0x0) fd_count(1) plane_count(0)
08-30 15:11:27.409 13855 13915 I Rubin   : [72465] LoggingEventHelper.notifyUpdatedWithValue(LoggingEventHelper.java:58) : Notify AppUsageLogger's database is updated.
08-30 15:11:27.410  3899  3953 D gralloc : [mali_gralloc_allocate] allocation successful
08-30 15:11:27.416  4349  4586 D PkgPredictorService: com.example.dogglers go to foreground!
08-30 15:11:27.416  4349  4586 E PkgPredictorService-Collector: record changed bt=0  wifi=1 screen=0
08-30 15:11:27.416  4349  4586 D PkgPredictorService: previous pkgs: com.example.dogglers,com.example.dogglers,com.example.dogglers running pkg: com.example.dogglers, uid: 0 is system: false
08-30 15:11:27.416  4349  4586 D PkgPredictorService-Collector: save record...
08-30 15:11:27.416  4349  4586 D PkgPredictorService-Collector:  (hour:15 day:4 previous:[com.example.dogglers, com.example.dogglers, com.example.dogglers] activityName:unknown running:com.example.dogglers userId:0 screenOrientation:0 wifi:1 bt:0 predictTime:2 apkVersion:1.0 consumeTime:-1 preloaded:false>)
08-30 15:11:27.417  4349  4586 D PkgPredictorService-NapPreloadController: User using: com.example.dogglers
08-30 15:11:27.417  4349  4586 I PkgPredictorService-NapClassifier: RF predict version:1693350305206
08-30 15:11:27.417  4349  4372 I ViewRootImpl@87d7ce6[dogglers]: [DP] pdf(0) 1 android.view.ViewRootImpl.performDraw:4809 android.view.ViewRootImpl.performTraversals:3866 android.view.ViewRootImpl.doTraversal:2618
08-30 15:11:27.417  4349  4372 I ViewRootImpl@87d7ce6[dogglers]: [DP] rdf()
08-30 15:11:27.418 13855 13915 I Rubin   : [72465] ExercisingWithCmhMonitor.isSatisfiedByCmh(ExercisingWithCmhMonitor.java:119) : isSatisfiedByCmh is false
08-30 15:11:27.418  4349  4586 D PkgPredictorService-NapClassifier: Predict result: 207.0,202.0,284.0, - [0_&_org.telegram.messenger, 0_&_com.instagram.android, 0_&_com.ftband.mono]
08-30 15:11:27.420 23627 23627 I DecorView: [INFO] isPopOver=false, config=true
08-30 15:11:27.420 23627 23627 I DecorView: updateCaptionType >> DecorView@5632be[], isFloating=false, isApplication=true, hasWindowDecorCaption=false, hasWindowControllerCallback=true
08-30 15:11:27.420 23627 23627 D DecorView: setCaptionType = 0, this = DecorView@5632be[]
08-30 15:11:27.425 23627 23627 D LifecycleMonitor: Lifecycle status change: androidx.test.core.app.InstrumentationActivityInvoker$BootstrapActivity@f33240 in: CREATED
08-30 15:11:27.426 23627 23627 V ActivityScenario: Activity lifecycle changed event received but ignored because the intent does not match. startActivityIntent=Intent { act=android.intent.action.MAIN cat=[android.intent.category.LAUNCHER] cmp=com.example.dogglers/.HorizontalListActivity }, activity.getIntent()=Intent { act=android.intent.action.MAIN cat=[android.intent.category.LAUNCHER] flg=0x10008000 cmp=com.example.dogglers/androidx.test.core.app.InstrumentationActivityInvoker$BootstrapActivity (has extras) }, activity=androidx.test.core.app.InstrumentationActivityInvoker$BootstrapActivity@f33240
08-30 15:11:27.426  4708  5460 D WallpaperService: dispatchAppVisibility onVisibilityChanged(): false
08-30 15:11:27.427  4708  4708 D WallpaperService: reportVisibility onVisibilityChanged visible: false
08-30 15:11:27.427  4708  4907 I ImageWallpaper:  onVisibilityChanged false , 0
08-30 15:11:27.428  4349  4372 I SurfaceControl: nativeRelease nativeObject s[477997558368]
08-30 15:11:27.428  4349  4372 I SurfaceControl: nativeRelease nativeObject e[477997558368]
08-30 15:11:27.428  4349  5464 I InputDispatcher: Focus left window (5135): b49dc7f in display 0 0
08-30 15:11:27.428 14146 14146 I TrayStateController: systemUiVisibilityChanged : 2 0
08-30 15:11:27.428  3976  4001 I SurfaceFlinger: id=38457 createSurf (0x0),-1 flag=24000, Surface(name=1096c8d StatusBar)/@0xeaf4dd0 - animation-leash#0
08-30 15:11:27.429  4349  4372 I SurfaceControl: nativeRelease nativeObject s[477997784800]
08-30 15:11:27.429  4349  4372 I SurfaceControl: nativeRelease nativeObject e[477997784800]
08-30 15:11:27.429  3976  4318 E BufferQueueProducer: [com.sec.android.app.launcher/com.sec.android.app.launcher.activities.LauncherActivity$_5135#0](id:f88000033db,api:0,p:-1,c:3976) disconnect: not connected (req=1)
08-30 15:11:27.429  5135  7074 W libEGL  : EGLNativeWindowType 0x6ef839b010 disconnect failed
08-30 15:11:27.429  3976  4001 I SurfaceFlinger: id=38458 createSurf (0x0),-1 flag=24000, Surface(name=b07ecc5 NavigationBar0)/@0xa8376fc - animation-leash#1
08-30 15:11:27.431  3976  4001 I Layer   : id=38446 removeFromCurrentState Surface(name=1096c8d StatusBar)/@0xeaf4dd0 - animation-leash#1 (98)
08-30 15:11:27.431  3976  4001 I Layer   : id=38447 removeFromCurrentState Surface(name=b07ecc5 NavigationBar0)/@0xa8376fc - animation-leash#0 (98)
08-30 15:11:27.431  3976  4001 I Layer   : id=25 removeFromCurrentState b07ecc5 NavigationBar0#0 (98)
08-30 15:11:27.432  3976  4001 I Layer   : id=32 removeFromCurrentState NavigationBar0$_4708#0 (98)
08-30 15:11:27.432  3976  4001 I Layer   : id=25 addToCurrentState b07ecc5 NavigationBar0#0 (98)
08-30 15:11:27.432  3976  4001 I Layer   : id=32 addToCurrentState NavigationBar0$_4708#0 (98)
08-30 15:11:27.433  4349  5464 V WindowManager: Relayout Window{b49dc7f u0 com.sec.android.app.launcher/com.sec.android.app.launcher.activities.LauncherActivity}: viewVisibility=8 req=720x1560
08-30 15:11:27.437  4349  5464 V WindowManager: Relayout hash=b49dc7f, pid=5135: mAttrs={(0,0)(fillxfill) sim={adjust=nothing} layoutInDisplayCutoutMode=shortEdges ty=BASE_APPLICATION fmt=TRANSPARENT wanim=0x10302f2
08-30 15:11:27.437  4349  5464 V WindowManager:   fl=81910100
08-30 15:11:27.437  4349  5464 V WindowManager:   pfl=16020000
08-30 15:11:27.437  4349  5464 V WindowManager:   vsysui=1700
08-30 15:11:27.437  4349  5464 V WindowManager:   bhv=SHOW_TRANSIENT_BARS_BY_SWIPE
08-30 15:11:27.437  4349  5464 V WindowManager:   fitSides= naviIconColor=0}
08-30 15:11:27.438  5135  5135 I SurfaceControl: nativeRelease nativeObject s[478247338624]
08-30 15:11:27.438  5135  5135 I SurfaceControl: nativeRelease nativeObject e[478247338624]
08-30 15:11:27.438  5135  5135 I SurfaceControl: assignNativeObject: nativeObject = 0 Surface(name=null)/@0xd6fa7c2 / android.view.SurfaceControl.readFromParcel:1117 android.view.IWindowSession$Stub$Proxy.relayout:1826 android.view.ViewRootImpl.relayoutWindow:9005 android.view.ViewRootImpl.performTraversals:3360 android.view.ViewRootImpl.doTraversal:2618 android.view.ViewRootImpl$TraversalRunnable.run:9971 android.view.Choreographer$CallbackRecord.run:1010 android.view.Choreographer.doCallbacks:809 android.view.Choreographer.doFrame:744 android.view.Choreographer$FrameDisplayEventReceiver.run:995
08-30 15:11:27.439  5135  5135 I SurfaceControl: assignNativeObject: nativeObject = 0 Surface(name=null)/@0xe42a745 / android.view.SurfaceControl.readFromParcel:1117 android.view.IWindowSession$Stub$Proxy.relayout:1836 android.view.ViewRootImpl.relayoutWindow:9005 android.view.ViewRootImpl.performTraversals:3360 android.view.ViewRootImpl.doTraversal:2618 android.view.ViewRootImpl$TraversalRunnable.run:9971 android.view.Choreographer$CallbackRecord.run:1010 android.view.Choreographer.doCallbacks:809 android.view.Choreographer.doFrame:744 android.view.Choreographer$FrameDisplayEventReceiver.run:995
08-30 15:11:27.439 23627 23627 D LifecycleMonitor: Lifecycle status change: androidx.test.core.app.InstrumentationActivityInvoker$BootstrapActivity@f33240 in: STARTED
08-30 15:11:27.439  5135  5135 I SurfaceControl: nativeRelease nativeObject s[476609858784]
08-30 15:11:27.439  5135  5135 I SurfaceControl: nativeRelease nativeObject e[476609858784]
08-30 15:11:27.440  5135  5135 I SurfaceControl: nativeRelease nativeObject s[478247338720]
08-30 15:11:27.440  5135  5135 I SurfaceControl: nativeRelease nativeObject e[478247338720]
08-30 15:11:27.440  5135  5135 I SurfaceControl: nativeRelease nativeObject s[476600463648]
08-30 15:11:27.440  5135  5135 I SurfaceControl: nativeRelease nativeObject e[476600463648]
08-30 15:11:27.440  5135  5135 I ViewRootImpl@fbf3973[LauncherActivity]: Relayout returned: old=(0,0,720,1560) new=(0,0,720,1560) req=(720,1560)8 dur=10 res=0x5 s={false 0} ch=true fn=18
08-30 15:11:27.440 23627 23627 V ActivityScenario: Activity lifecycle changed event received but ignored because the intent does not match. startActivityIntent=Intent { act=android.intent.action.MAIN cat=[android.intent.category.LAUNCHER] cmp=com.example.dogglers/.HorizontalListActivity }, activity.getIntent()=Intent { act=android.intent.action.MAIN cat=[android.intent.category.LAUNCHER] flg=0x10008000 cmp=com.example.dogglers/androidx.test.core.app.InstrumentationActivityInvoker$BootstrapActivity (has extras) }, activity=androidx.test.core.app.InstrumentationActivityInvoker$BootstrapActivity@f33240
08-30 15:11:27.441  5135  5135 I SurfaceControl: nativeRelease nativeObject s[478247338624]
08-30 15:11:27.441  5135  5135 I SurfaceControl: nativeRelease nativeObject e[478247338624]
08-30 15:11:27.441  5135  5135 I ViewRootImpl@fbf3973[LauncherActivity]: MSG_WINDOW_FOCUS_CHANGED 0 1
08-30 15:11:27.447 14146 14146 I TrayStateController: systemUiVisibilityChanged : 0 0
08-30 15:11:27.449  4349  4371 I SemPersonaManager: SecureFolder personaId = 150
08-30 15:11:27.455  3976  3976 D SurfaceFlinger: Display 0 HWC layers:
08-30 15:11:27.455  3976  3976 D SurfaceFlinger:      CLIENT | 0x75743a5d00 | 0002 | RGBA_8888    |    0.0    0.0  720.0 1560.0 |    0    0  720 1560 | Splash Screen com.example.dogglers#0
08-30 15:11:27.455  3976  3976 D SurfaceFlinger:      CLIENT | 0x75743a6200 | 0000 | RGBA_8888    |    0.0    0.0  720.0   53.0 |    0    0  720   53 | StatusBar$_4708#0
08-30 15:11:27.455  3976  3976 D SurfaceFlinger:      CLIENT | 0x74d157fa00 | 0000 | RGBA_8888    |    0.0    0.0   67.0  232.0 |  653  151  720  383 | com.samsung.android.app.cocktailbars[...]rservice.CocktailBarService$_14146#0
08-30 15:11:27.455  3976  3976 D SurfaceFlinger:      CLIENT | 0x75743a7380 | 0000 | RGBA_8888    |    0.0    0.0  720.0   84.0 |    0 1476  720 1560 | NavigationBar0$_4708#0
08-30 15:11:27.455  3976  3976 D SurfaceFlinger:      CLIENT | 0x74f0413e00 | 0000 | RGBA_8888    |    0.0    0.0  720.0  101.0 |    0    0  720  101 | ScreenDecorOverlay$_4708#0
08-30 15:11:27.455  3976  3976 D SurfaceFlinger:      CLIENT | 0x75743a7b00 | 0000 | RGBA_8888    |    0.0    0.0  720.0  101.0 |    0 1459  720 1560 | ScreenDecorOverlayBottom$_4708#0
08-30 15:11:27.455  3976  3976 D SurfaceFlinger:
08-30 15:11:27.460  3976  4001 I SurfaceFlinger: id=38459 createSurf (0x0),-1 flag=80004, ActivityRecord{6f0eb50 u0 com.example.dogglers/.HorizontalListActivity t1421}#0
08-30 15:11:27.467 23627 23627 D LifecycleMonitor: Lifecycle status change: androidx.test.core.app.InstrumentationActivityInvoker$BootstrapActivity@f33240 in: RESUMED
08-30 15:11:27.468 23627 23627 V ActivityScenario: Activity lifecycle changed event received but ignored because the intent does not match. startActivityIntent=Intent { act=android.intent.action.MAIN cat=[android.intent.category.LAUNCHER] cmp=com.example.dogglers/.HorizontalListActivity }, activity.getIntent()=Intent { act=android.intent.action.MAIN cat=[android.intent.category.LAUNCHER] flg=0x10008000 cmp=com.example.dogglers/androidx.test.core.app.InstrumentationActivityInvoker$BootstrapActivity (has extras) }, activity=androidx.test.core.app.InstrumentationActivityInvoker$BootstrapActivity@f33240
08-30 15:11:27.469  4349  4372 I ViewRootImpl@87d7ce6[dogglers]: MSG_RESIZED_REPORT: frame=(0,0,720,1560) ci=(0,53,0,0) vi=(0,53,0,0) or=1
08-30 15:11:27.469  4349  4372 I ViewRootImpl@87d7ce6[dogglers]: [DP] dp(1) 1 android.view.ViewRootImpl.reportNextDraw:10957 android.view.ViewRootImpl.access$1200:256 android.view.ViewRootImpl$ViewRootHandler.handleMessage:6101
08-30 15:11:27.471 23627 23627 D LifecycleMonitor: Lifecycle status change: androidx.test.core.app.InstrumentationActivityInvoker$BootstrapActivity@f33240 in: PAUSED
08-30 15:11:27.472 23627 23627 V ActivityScenario: Activity lifecycle changed event received but ignored because the intent does not match. startActivityIntent=Intent { act=android.intent.action.MAIN cat=[android.intent.category.LAUNCHER] cmp=com.example.dogglers/.HorizontalListActivity }, activity.getIntent()=Intent { act=android.intent.action.MAIN cat=[android.intent.category.LAUNCHER] flg=0x10008000 cmp=com.example.dogglers/androidx.test.core.app.InstrumentationActivityInvoker$BootstrapActivity (has extras) }, activity=androidx.test.core.app.InstrumentationActivityInvoker$BootstrapActivity@f33240
08-30 15:11:27.474  4349  5464 V WindowOrientationListener: getProposedRotation: -1
08-30 15:11:27.478  4349  5464 D InputDispatcher: Focused application set to (0): 6f0eb50
08-30 15:11:27.485  3976  4001 I SurfaceFlinger: id=38460 createSurf (0x0),-1 flag=24000, Surface(name=ActivityRecord{100580d u0 com.example.dogglers/androidx.test.core.app.InstrumentationActivityInvoker$BootstrapActivity t1421})/@0x3805081 - animation-leash#0
08-30 15:11:27.486  3976  4001 I SurfaceFlinger: id=38461 createSurf (0x0),-1 flag=20004, Dim Layer for - Task=1421 - animating-dim#0
08-30 15:11:27.487  3976  4001 I SurfaceFlinger: id=38462 createSurf (0x0),-1 flag=24000, Surface(name=Dim Layer for - Task=1421 - animating-dim)/@0xae073bd - animation-leash#0
08-30 15:11:27.488  3976  4001 I SurfaceFlinger: id=38463 createSurf (0x0),-1 flag=80004, Surface(name=ActivityRecord{100580d u0 com.example.dogglers/androidx.test.core.app.InstrumentationActivityInvoker$BootstrapActivity t1421})/@0x3805081 - animation-bounds#0
08-30 15:11:27.488  4349  5464 I SurfaceControl: nativeRelease nativeObject s[476021498112]
08-30 15:11:27.488  4349  5464 I SurfaceControl: nativeRelease nativeObject e[476021498112]
08-30 15:11:27.491  3976  4001 I Layer   : id=38461 removeFromCurrentState Dim Layer for - Task=1421 - animating-dim#0 (103)
08-30 15:11:27.492  4349  4372 V WindowManager: Relayout Window{c7b2d63 u0 Splash Screen com.example.dogglers}: viewVisibility=0 req=720x1560
08-30 15:11:27.492  3976  4001 I SurfaceFlinger: id=38461 Removed Dim Layer for - Task=1421 - animating-dim#0 (103)
08-30 15:11:27.493  3976  3976 I Layer   : id=38461[1] Destroyed Dim Layer for - Task=1421 - animating-dim#0
08-30 15:11:27.494  4349  4372 I SurfaceControl: nativeRelease nativeObject s[476008566432]
08-30 15:11:27.494  4349  4372 I SurfaceControl: nativeRelease nativeObject e[476008566432]
08-30 15:11:27.495  4349  4372 V WindowManager: Relayout hash=c7b2d63, pid=4349: mAttrs={(0,0)(fillxfill) sim={adjust=pan} layoutInDisplayCutoutMode=shortEdges ty=APPLICATION_STARTING wanim=0x1030001
08-30 15:11:27.495  4349  4372 V WindowManager:   fl=1830118
08-30 15:11:27.495  4349  4372 V WindowManager:   pfl=12020011
08-30 15:11:27.495  4349  4372 V WindowManager:   fitSides= naviIconColor=0}
08-30 15:11:27.496  4349  4372 I SurfaceControl: nativeRelease nativeObject s[477997784800]
08-30 15:11:27.496  4349  4372 I SurfaceControl: nativeRelease nativeObject e[477997784800]
08-30 15:11:27.496  4349  4372 I SurfaceControl: nativeRelease nativeObject s[477997558368]
08-30 15:11:27.496  4349  4372 I SurfaceControl: nativeRelease nativeObject e[477997558368]
08-30 15:11:27.496  4349  4372 I ViewRootImpl@87d7ce6[dogglers]: Relayout returned: old=(0,0,720,1560) new=(0,0,720,1560) req=(720,1560)0 dur=20 res=0x1 s={true 476020408320} ch=false fn=2
08-30 15:11:27.497  3899  3953 D gralloc : [mali_gralloc_allocate] begin
08-30 15:11:27.497  3899  3953 D gralloc : buffer_descriptor: wh(720 1560) usage_pc(0x966 0x906) hal_format(0x1) layer_count(1) sizes(0 0 0) strde(0) byte_stride(0) alloc_wh(0 0) internal_format(0x0) alloc_format(0x0) fd_count(1) plane_count(0)
08-30 15:11:27.498  3899  3953 D gralloc : [mali_gralloc_allocate] allocation successful
08-30 15:11:27.502 23627 23627 D LifecycleMonitor: Lifecycle status change: com.example.dogglers.HorizontalListActivity@3f81e3b in: PRE_ON_CREATE
08-30 15:11:27.503 23627 23627 V ActivityScenario: Activity lifecycle changed event received but ignored because the reported transition was not ON_CREATE while the last known transition was PRE_ON_CREATE
08-30 15:11:27.504  4349  4372 I ViewRootImpl@87d7ce6[dogglers]: [DP] pdf(0) 1 android.view.ViewRootImpl.performDraw:4809 android.view.ViewRootImpl.performTraversals:3866 android.view.ViewRootImpl.doTraversal:2618
08-30 15:11:27.504  4349  4372 I ViewRootImpl@87d7ce6[dogglers]: [DP] rdf()
08-30 15:11:27.513  4349  4371 D EnterpriseDeviceManagerService: isMdmAdminPresentInternal() : MDM Admin Found - com.samsung.knox.securefolder
08-30 15:11:27.518 23627 23627 I DecorView: [INFO] isPopOver=false, config=true
08-30 15:11:27.518 23627 23627 I DecorView: updateCaptionType >> DecorView@757ab70[], isFloating=false, isApplication=true, hasWindowDecorCaption=false, hasWindowControllerCallback=true
08-30 15:11:27.518 23627 23627 D DecorView: setCaptionType = 0, this = DecorView@757ab70[]
08-30 15:11:27.535  5135  5135 I ViewRootImpl@fbf3973[LauncherActivity]: stopped(true) old=false
08-30 15:11:27.536  5135  5135 I StateManager: goToState isInState Normal
08-30 15:11:27.538  4349  4371 I SemPersonaManager: SecureFolder personaId = 150
08-30 15:11:27.544 23627 23627 D LifecycleMonitor: Lifecycle status change: com.example.dogglers.HorizontalListActivity@3f81e3b in: CREATED
08-30 15:11:27.544 23627 23627 V ActivityScenario: Update currentActivityStage to CREATED, currentActivity=com.example.dogglers.HorizontalListActivity@3f81e3b
08-30 15:11:27.545  5135  5135 W LauncherAppWidgetHost: setListenIfResumed, mFlags = 7
08-30 15:11:27.545  4349  5464 I AppWidgetServiceImpl: stopListening callbacks : null
08-30 15:11:27.546  5135  5135 W Launcher.NotificationListener: removeNotificationsChangedListener
08-30 15:11:27.546  5135  5135 I BadgeCountUpdaterImpl: onNotificationsChangedDisConnected
08-30 15:11:27.546  5135  5135 I Launcher.NotificationListener: unregisterObserver, this is not notificationService!!
08-30 15:11:27.548 23627 23627 D LifecycleMonitor: Lifecycle status change: com.example.dogglers.HorizontalListActivity@3f81e3b in: STARTED
08-30 15:11:27.548  5135  5135 I LiveIconUpdateEventHandler: cancelMinuteChangeAlarm
08-30 15:11:27.548 23627 23627 V ActivityScenario: Update currentActivityStage to STARTED, currentActivity=com.example.dogglers.HorizontalListActivity@3f81e3b
08-30 15:11:27.550 23627 23627 D LifecycleMonitor: Lifecycle status change: com.example.dogglers.HorizontalListActivity@3f81e3b in: RESUMED
08-30 15:11:27.550 23627 23627 V ActivityScenario: Update currentActivityStage to RESUMED, currentActivity=com.example.dogglers.HorizontalListActivity@3f81e3b
08-30 15:11:27.552  5135  5135 I LiveIconUpdateEventHandler: cancelDateChangeAlarm
08-30 15:11:27.556  4349  5464 D InputTransport: Input channel constructed: '77ac62d', fd=695
08-30 15:11:27.556  4349  5464 D InputTransport: Input channel constructed: '77ac62d', fd=697
08-30 15:11:27.557  3976  4318 I SurfaceFlinger: id=38464 createSurf (0x0),-1 flag=80004, 77ac62d com.example.dogglers/com.example.dogglers.HorizontalListActivity#0
08-30 15:11:27.557  4349  5464 D WindowManager: isScreenshotDisabledLocked - win: Window{77ac62d u0 com.example.dogglers/com.example.dogglers.HorizontalListActivity}
08-30 15:11:27.558  4349  5464 D WindowManager: isScreenshotDisabledLocked: userId = 0, disabled =false
08-30 15:11:27.558  4349  5464 D InputTransport: Input channel destroyed: '77ac62d', fd=697
08-30 15:11:27.558 23627 23627 D InputTransport: Input channel constructed: '77ac62d', fd=81
08-30 15:11:27.560 23627 23627 I ViewRootImpl@66128ff[HorizontalListActivity]: setView = com.android.internal.policy.DecorView@757ab70 TM=true
08-30 15:11:27.588  4349  5464 V WindowManager: Relayout Window{77ac62d u0 com.example.dogglers/com.example.dogglers.HorizontalListActivity}: viewVisibility=0 req=720x1560
08-30 15:11:27.591  4349  5464 D WindowManager: isScreenshotDisabledLocked - win: Window{77ac62d u0 com.example.dogglers/com.example.dogglers.HorizontalListActivity}
08-30 15:11:27.592  4349  5464 D WindowManager: isScreenshotDisabledLocked: userId = 0, disabled =false
08-30 15:11:27.593  3976  4001 I SurfaceFlinger: id=38465 createSurf (720x1560),1 flag=404, com.example.dogglers/com.example.dogglers.HorizontalListActivity$_23627#0
08-30 15:11:27.595  4349  4371 D EnterpriseDeviceManagerService: isMdmAdminPresentInternal() : MDM Admin Found - com.samsung.knox.securefolder
08-30 15:11:27.597 14146 14146 I TrayStateController: systemUiVisibilityChanged : 0 0
08-30 15:11:27.597  4349  5464 I SurfaceControl: nativeRelease nativeObject s[476016222272]
08-30 15:11:27.597  4349  5464 I SurfaceControl: nativeRelease nativeObject e[476016222272]
08-30 15:11:27.597  3976  4001 I SurfaceFlinger: id=38466 createSurf (0x0),-1 flag=24000, Surface(name=1096c8d StatusBar)/@0xeaf4dd0 - animation-leash#1
08-30 15:11:27.598  4349  5464 I SurfaceControl: nativeRelease nativeObject s[476016222656]
08-30 15:11:27.598  4349  5464 I SurfaceControl: nativeRelease nativeObject e[476016222656]
08-30 15:11:27.598  3976  4001 I SurfaceFlinger: id=38467 createSurf (0x0),-1 flag=24000, Surface(name=b07ecc5 NavigationBar0)/@0xa8376fc - animation-leash#0
08-30 15:11:27.600  4349  5464 V WindowManager: Relayout hash=77ac62d, pid=23627: mAttrs={(0,0)(fillxfill) sim={adjust=resize forwardNavigation} ty=BASE_APPLICATION wanim=0x1030304
08-30 15:11:27.600  4349  5464 V WindowManager:   fl=81810100
08-30 15:11:27.600  4349  5464 V WindowManager:   pfl=12020000
08-30 15:11:27.600  4349  5464 V WindowManager:   fitSides= naviIconColor=0}
08-30 15:11:27.600  4349  5464 I SurfaceControl: nativeRelease nativeObject s[476016225632]
08-30 15:11:27.600  4349  5464 I SurfaceControl: nativeRelease nativeObject e[476016225632]
08-30 15:11:27.602 23627 23627 I SurfaceControl: assignNativeObject: nativeObject = 0 Surface(name=null)/@0x1cca585 / android.view.SurfaceControl.readFromParcel:1117 android.view.IWindowSession$Stub$Proxy.relayout:1836 android.view.ViewRootImpl.relayoutWindow:9005 android.view.ViewRootImpl.performTraversals:3360 android.view.ViewRootImpl.doTraversal:2618 android.view.ViewRootImpl$TraversalRunnable.run:9971 android.view.Choreographer$CallbackRecord.run:1010 android.view.Choreographer.doCallbacks:809 android.view.Choreographer.doFrame:744 android.view.Choreographer$FrameDisplayEventReceiver.run:995
08-30 15:11:27.603 23627 23627 I ViewRootImpl@66128ff[HorizontalListActivity]: Relayout returned: old=(0,0,720,1560) new=(0,0,720,1560) req=(720,1560)0 dur=15 res=0x7 s={true 476690157568} ch=true fn=-1
08-30 15:11:27.606  3899  3953 D gralloc : [mali_gralloc_allocate] begin
08-30 15:11:27.606  3899  3953 D gralloc : buffer_descriptor: wh(720 1560) usage_pc(0x40000000000b00 0x40000000000b00) hal_format(0x1) layer_count(1) sizes(0 0 0) strde(0) byte_stride(0) alloc_wh(0 0) internal_format(0x0) alloc_format(0x0) fd_count(1) plane_count(0)
08-30 15:11:27.607  3899  3953 D gralloc : [mali_gralloc_allocate] allocation successful
08-30 15:11:27.607  3899  3953 D gralloc : [mali_gralloc_allocate] begin
08-30 15:11:27.607  3899  3953 D gralloc : buffer_descriptor: wh(720 1560) usage_pc(0x40000000000b00 0x40000000000b00) hal_format(0x1) layer_count(1) sizes(0 0 0) strde(0) byte_stride(0) alloc_wh(0 0) internal_format(0x0) alloc_format(0x0) fd_count(1) plane_count(0)
08-30 15:11:27.608  3899  3953 D gralloc : [mali_gralloc_allocate] allocation successful
08-30 15:11:27.608  5135  5135 I LiveIconUpdateEventHandler: unregisterReceiver
08-30 15:11:27.609  3899  3953 D gralloc : [mali_gralloc_allocate] begin
08-30 15:11:27.609  3899  3953 D gralloc : buffer_descriptor: wh(720 1560) usage_pc(0x40000000000b00 0x40000000000b00) hal_format(0x1) layer_count(1) sizes(0 0 0) strde(0) byte_stride(0) alloc_wh(0 0) internal_format(0x0) alloc_format(0x0) fd_count(1) plane_count(0)
08-30 15:11:27.610  3899  3953 D gralloc : [mali_gralloc_allocate] allocation successful
08-30 15:11:27.611  3976  4001 I Layer   : id=38457 removeFromCurrentState Surface(name=1096c8d StatusBar)/@0xeaf4dd0 - animation-leash#0 (106)
08-30 15:11:27.612  3976  4001 I Layer   : id=38458 removeFromCurrentState Surface(name=b07ecc5 NavigationBar0)/@0xa8376fc - animation-leash#1 (106)
08-30 15:11:27.612  4349  4372 I SurfaceControl: nativeRelease nativeObject s[476016223424]
08-30 15:11:27.613  4349  4372 I SurfaceControl: nativeRelease nativeObject e[476016223424]
08-30 15:11:27.613  4349  4372 I SurfaceControl: nativeRelease nativeObject s[476008566432]
08-30 15:11:27.613  4349  4372 I SurfaceControl: nativeRelease nativeObject e[476008566432]
08-30 15:11:27.613  3976  4001 I SurfaceFlinger: id=38458 Removed Surface(name=b07ecc5 NavigationBar0)/@0xa8376fc - animation-leash#1 (106)
08-30 15:11:27.613  3976  6075 I SurfaceFlinger: id=38457 Removed Surface(name=1096c8d StatusBar)/@0xeaf4dd0 - animation-leash#0 (106)
08-30 15:11:27.613 23627 23627 I ViewRootImpl@66128ff[HorizontalListActivity]: [DP] dp(1) 1 android.view.ViewRootImpl.reportNextDraw:10957 android.view.ViewRootImpl.performTraversals:3845 android.view.ViewRootImpl.doTraversal:2618
08-30 15:11:27.614 23627 23627 I ViewRootImpl@66128ff[HorizontalListActivity]: [DP] pd() Asnyc report
08-30 15:11:27.624 23627 23627 I ViewRootImpl@66128ff[HorizontalListActivity]: [DP] pdf(0) 1 android.view.ViewRootImpl.lambda$performDraw$1$ViewRootImpl:4668 android.view.-$$Lambda$ViewRootImpl$DJd0VUYJgsebcnSohO6h8zc_ONI.run:6 android.os.Handler.handleCallback:938
08-30 15:11:27.624 23627 23627 I ViewRootImpl@66128ff[HorizontalListActivity]: [DP] rdf()
08-30 15:11:27.626  3976  3976 I Layer   : id=38457[1] Destroyed Surface(name=1096c8d StatusBar)/@0xeaf4dd0 - animation-leash#0
08-30 15:11:27.626  3976  3976 I Layer   : id=38458[1] Destroyed Surface(name=b07ecc5 NavigationBar0)/@0xa8376fc - animation-leash#1
08-30 15:11:27.629  4349  4372 D PkgPredictorService: pkg:com.example.dogglers activity:com.example.dogglers.HorizontalListActivity thisTime:351
08-30 15:11:27.629  4349  4372 D PkgPredictorService-Collector: update activity launch time: HorizontalListActivity : 351
08-30 15:11:27.630  4349  4372 I SemDvfsHyPerManager: acquire hyper - AMS_RESUME_TAIL/4349@18, type = -999
08-30 15:11:27.630  4349  4372 I SemDvfsHyPerManager: acquire hyper - AMS_ACT_LAZY/4349@19, type = -999
08-30 15:11:27.630  4349  4376 D ArtManagerInternalImpl: /data/misc/iorapd/com.example.dogglers/1/com.example.dogglers.HorizontalListActivity/compiled_traces/compiled_trace.pb doesn't exist
08-30 15:11:27.630  3927  3954 I HYPER-HAL: [RequestManager.cpp]acquire(): Acquired ID : 9537546  [4349 / 18]    HINT : AMS_RESUME_TAIL    list :
08-30 15:11:27.631  3927  3954 E HYPER-HAL: [HandlerSysfs.cpp]doResourceHandling(): Couldn't Open Sysfs - /sys/power/cstate_control
08-30 15:11:27.631  3927  3954 I HYPER-HAL: [ResourceManager.cpp]updateResource(): [CPUMinFreq] UpdateResource Request ID : 9537546    Value : 1560000
08-30 15:11:27.631  3927  3954 I HYPER-HAL: [RequestManager.cpp]acquire(): Acquired ID : 9541915  [4349 / 19]    HINT :      list :
08-30 15:11:27.632  3927  3954 E HYPER-HAL: [Request.cpp]acquire(): Request:: id : 9541915, No Resource to set
08-30 15:11:27.632  3927  3954 E HYPER-HAL: [HandlerSysfs.cpp]doResourceHandling(): Couldn't Open Sysfs - /sys/power/cstate_control
08-30 15:11:27.632  3927  3954 I HYPER-HAL: [ResourceManager.cpp]removeResource(): [CPUMinFreq] RemoveResource Request ID : 9546285
08-30 15:11:27.632  3927  3954 I HYPER-HAL: [RequestManager.cpp]releaseLocked(): Released ID : 9546285
08-30 15:11:27.633  4349  4376 I ActivityTaskManager: Displayed com.example.dogglers/.HorizontalListActivity: +351ms
08-30 15:11:27.634  5589  5589 E pageboostd: Received HALT command code 2
08-30 15:11:27.635  4349  5464 I SurfaceControl: nativeRelease nativeObject s[477996348000]
08-30 15:11:27.635  4349  5464 I SurfaceControl: nativeRelease nativeObject e[477996348000]
08-30 15:11:27.635  3976  4001 I Layer   : id=38445 removeFromCurrentState com.sec.android.app.launcher/com.sec.android.app.launcher.activities.LauncherActivity$_5135#0 (104)
08-30 15:11:27.641 23627 23627 D RootViewPicker: Root not ready - waiting: 10ms for one to appear.
08-30 15:11:27.643  4349  4372 D ViewRootImpl@87d7ce6[dogglers]: dispatchDetachedFromWindow: reset blurmask
08-30 15:11:27.643  4349  4372 I ViewRootImpl@87d7ce6[dogglers]: dispatchDetachedFromWindow
08-30 15:11:27.643  4349  4372 I SurfaceControl: nativeRelease nativeObject s[476016224000]
08-30 15:11:27.643  4349  4372 I SurfaceControl: nativeRelease nativeObject e[476016224000]
08-30 15:11:27.643  3881  3886 E statsd  : Predicate -7037417284711607308 dropping data for dimension key (10)0x2010101->10429[I] (10)0x30000->*launch*[S]
08-30 15:11:27.644  4349  6765 I InputDispatcher: Focus entered window (23627): 77ac62d in display 0 0
08-30 15:11:27.645  4349  4372 D InputTransport: Input channel destroyed: 'c7b2d63', fd=471
08-30 15:11:27.646  3976  6075 I SurfaceFlinger: id=38468 createSurf (0x0),-1 flag=24000, Surface(name=c7b2d63 Splash Screen com.example.dogglers)/@0xc26c149 - animation-leash#0
08-30 15:11:27.648  3976  3976 I SurfaceFlinger: SFWD update time=302819457375290
08-30 15:11:27.648  4349  4372 D InputTransport: Input channel destroyed: 'c7b2d63', fd=596
08-30 15:11:27.649 23627 23627 I ViewRootImpl@66128ff[HorizontalListActivity]: MSG_WINDOW_FOCUS_CHANGED 1 1
08-30 15:11:27.649 23627 23627 D InputMethodManager: prepareNavigationBarInfo() DecorView@757ab70[HorizontalListActivity]
08-30 15:11:27.649 23627 23627 D InputMethodManager: getNavigationBarColor() -16711423
08-30 15:11:27.651 23627 23627 D InputMethodManager: prepareNavigationBarInfo() DecorView@757ab70[HorizontalListActivity]
08-30 15:11:27.651 23627 23627 D InputMethodManager: getNavigationBarColor() -16711423
08-30 15:11:27.651 23627 23627 V InputMethodManager: Starting input: tba=com.example.dogglers ic=null mNaviBarColor -16711423 mIsGetNaviBarColorSuccess true , NavVisible : true , NavTrans : false
08-30 15:11:27.651 23627 23627 D InputMethodManager: startInputInner - Id : 0
08-30 15:11:27.651 23627 23627 I InputMethodManager: startInputInner - mService.startInputOrWindowGainedFocus
08-30 15:11:27.652  4349  5108 D InputMethodManagerService: mSecureKeypadEnabled = false
08-30 15:11:27.652  4349  5108 V InputMethodManagerService: hideCurrentInputLocked : shouldHideSoftInput is false
08-30 15:11:27.652  4349  5108 D InputMethodManagerService: mDesktopModeManager null!
08-30 15:11:27.652  4349  5108 V InputMethodManagerService: getDisplayIdOfInputMethodWindowToBeAdded : 0
08-30 15:11:27.652  4349  5108 D SamsungIMMSHWKeyboard: isConnectedDexOnPC false
08-30 15:11:27.652  4349  5108 D InputMethodManagerService: isImeSwitcherDisabledPackage : false
08-30 15:11:27.653  4349  5108 D InputMethodManagerService: checkDisplayOfStartInputAndUpdateKeyboard display Id 0last 0
08-30 15:11:27.653  4349  5108 D InputTransport: Input channel constructed: 'ClientS', fd=658
08-30 15:11:27.653  4349  5108 D InputTransport: Input channel destroyed: 'ClientS', fd=658
08-30 15:11:27.654 23627 23627 D InputTransport: Input channel constructed: 'ClientS', fd=90
08-30 15:11:27.654  4349  6765 I SurfaceControl: nativeRelease nativeObject s[476017810912]
08-30 15:11:27.654  4349  6765 I SurfaceControl: nativeRelease nativeObject e[476017810912]
08-30 15:11:27.655  3976  6075 I SurfaceFlinger: id=38469 createSurf (0x0),-1 flag=24004, Surface(name=749d536 InputMethod)/@0x72f94d3 - animation-leash#0
08-30 15:11:27.656  7475  7475 I HBD     : HoneyBoardService onFinishInput
08-30 15:11:27.656  7475  7475 I HBD     : a IC have been unbinded,  InputConnectionWrapper{idHash=#d1cb0b8 mMissingMethods=}
08-30 15:11:27.656  7475  7475 I HBD     : HoneyBoardService [PF_CL][onFinishInput]  454500 ns
08-30 15:11:27.657  7475  7475 I HBD     : HoneyBoardService [IMI] onStartInput - caller pid : 23627 , caller uid : 10429
08-30 15:11:27.657  7475  7475 I HBD     : i updateConfigs
08-30 15:11:27.657  7475  7475 I HBD     : i isEnabledNightMode : true
08-30 15:11:27.657  7475  7475 I HBD     : a IC have been binded, InputConnectionWrapper{idHash=#b5f41f6 mMissingMethods=}
08-30 15:11:27.657  7475  7475 I HBD     : h [EditorInputType]setPrivateImeOptionsToTable privateImeOptions ( null )
08-30 15:11:27.657  7475  7475 I HBD     : b incognitoMode : false
08-30 15:11:27.657  7475  7475 I HBD     : a needOff = true , isForceOff = false, isNullInputClass : true
08-30 15:11:27.658  7475  7475 I HBD     : h getDefaultInputRange : UNKNOWN
08-30 15:11:27.658  7475  7475 I HBD     : h getDefaultInputRange : UNKNOWN
08-30 15:11:27.658  7475  7475 I HBD     : h getDefaultInputRange : UNKNOWN
08-30 15:11:27.658  4349  6765 D SdpManagerService: Not an enterprise user : 0
08-30 15:11:27.658  4349  6765 D SdpManagerService: Not an enterprise user : 0
08-30 15:11:27.660  3976  6075 I Layer   : id=38452 removeFromCurrentState Surface(name=749d536 InputMethod)/@0x72f94d3 - animation-leash#1 (106)
08-30 15:11:27.662  7475  7475 I HBD     : h getDefaultInputRange : UNKNOWN
08-30 15:11:27.662  7475  7475 I HBD     : a currentState : 0
08-30 15:11:27.663  4349  6765 D SamsungIMMSHWKeyboard: isConnectedDexOnPC false
08-30 15:11:27.664  4349  6765 D InputMethodManagerService: isImeSwitcherDisabledPackage : false
