08-30 15:11:33.130  3976  3976 D SurfaceFlinger:      DEVICE | 0x75743a7380 | 0000 | RGBA_8888    |    0.0    0.0  720.0   84.0 |    0 1476  720 1560 | NavigationBar0$_4708#0
08-30 15:11:33.130  3976  3976 D SurfaceFlinger:      DEVICE | 0x74f0413e00 | 0000 | RGBA_8888    |    0.0    0.0  720.0  101.0 |    0    0  720  101 | ScreenDecorOverlay$_4708#0
08-30 15:11:33.130  3976  3976 D SurfaceFlinger:      DEVICE | 0x75743a7b00 | 0000 | RGBA_8888    |    0.0    0.0  720.0  101.0 |    0 1459  720 1560 | ScreenDecorOverlayBottom$
08-30 15:11:33.130  3976  3976 D SurfaceFlinger: _4708#0
08-30 15:11:33.130  3976  3976 D SurfaceFlinger:
08-30 15:11:33.139  4349  4372 I SurfaceControl: nativeRelease nativeObject s[477997784800]
08-30 15:11:33.139  4349  4372 I SurfaceControl: nativeRelease nativeObject e[477997784800]
08-30 15:11:33.140  4349  4372 I SurfaceControl: nativeRelease nativeObject s[477997557216]
08-30 15:11:33.140  4349  4372 I SurfaceControl: nativeRelease nativeObject e[477997557216]
08-30 15:11:33.141  3976  5385 I Layer   : id=38609 removeFromCurrentState Splash Screen com.example.dogglers#0 (100)
08-30 15:11:33.141  4349  4372 I SurfaceControl: nativeRelease nativeObject s[476016225056]
08-30 15:11:33.141  4349  4372 I SurfaceControl: nativeRelease nativeObject e[476016225056]
08-30 15:11:33.145  3976  5385 I Layer   : id=38608 removeFromCurrentState cd4709c Splash Screen com.example.dogglers#0 (100)
08-30 15:11:33.145  3976  5385 I Layer   : id=38621 removeFromCurrentState Surface(name=cd4709c Splash Screen com.example.dogglers)/@0xa265e59 - animation-leash#0 (100)
08-30 15:11:33.145  3976  5385 I SurfaceFlinger: id=38608 Removed cd4709c Splash Screen com.example.dogglers#0 (100)
08-30 15:11:33.145  3976  5385 I SurfaceFlinger: id=38621 Removed Surface(name=cd4709c Splash Screen com.example.dogglers)/@0xa265e59 - animation-leash#0 (100)
08-30 15:11:33.145  3976  5385 I SurfaceFlinger: id=38609 Removed Splash Screen com.example.dogglers#0 (100)
08-30 15:11:33.156  3976  3976 I Layer   : id=38621[1] Destroyed Surface(name=cd4709c Splash Screen com.example.dogglers)/@0xa265e59 - animation-leash#0
08-30 15:11:33.156  3976  3976 I Layer   : id=38608[1] Destroyed cd4709c Splash Screen com.example.dogglers#0
08-30 15:11:33.159  3976  3976 I Layer   : id=38609[1] Destroyed Splash Screen com.example.dogglers#0
08-30 15:11:33.159  4349  4372 I SurfaceControl: nativeRelease nativeObject s[477997779520]
08-30 15:11:33.159  4349  4372 I SurfaceControl: nativeRelease nativeObject e[477997779520]
08-30 15:11:33.162  3976  3976 D SurfaceFlinger: Display 0 HWC layers:
08-30 15:11:33.162  3976  3976 D SurfaceFlinger:      DEVICE | 0x74d157f000 | 0002 | RGBA_8888    |    0.0    0.0  720.0 1560.0 |    0    0  720 1560 | com.example.dogglers/com.example.dogglers.VerticalListActivity$_23627#0
08-30 15:11:33.162  3976  3976 D SurfaceFlinger:      DEVICE | 0x74f0414e40 | 0000 | RGBA_8888    |    0.0    0.0  720.0   53.0 |    0    0  720   53 | StatusBar$_4708#0
08-30 15:11:33.162  3976  3976 D SurfaceFlinger:      DEVICE | 0x74d157fa00 | 0000 | RGBA_8888    |    0.0    0.0   67.0  232.0 |  653  151  720  383 | com.samsung.android.app.cocktailbars[...]rservice.CocktailBarService$_14146#0
08-30 15:11:33.162  3976  3976 D SurfaceFlinger:      DEVICE | 0x75743a7380 | 0000 | RGBA_8888    |    0.0    0.0  720.0   84.0 |    0 1476  720 1560 | NavigationBar0$_4708#0
08-30 15:11:33.162  3976  3976 D SurfaceFlinger:      DEVICE | 0x74f0413e00 | 0000 | RGBA_8888    |    0.0    0.0  720.0  101.0 |    0    0  720  101 | ScreenDecorOverlay$_4708#0
08-30 15:11:33.162  3976  3976 D SurfaceFlinger:      DEVICE | 0x75743a7b00 | 0000 | RGBA_8888    |    0.0    0.0  720.0  101.0 |    0 1459  720 1560 | ScreenDecorOverlayBottom$_4708#0
08-30 15:11:33.162  3976  3976 D SurfaceFlinger:
08-30 15:11:33.176  3976  4001 I Layer   : id=38615 removeFromCurrentState Surface(name=Dim Layer for - Task=1425 - animating-dim)/@0x2147f91 - animation-leash#0 (97)
08-30 15:11:33.176  3976  4001 I SurfaceFlinger: id=38615 Removed Surface(name=Dim Layer for - Task=1425 - animating-dim)/@0x2147f91 - animation-leash#0 (97)
08-30 15:11:33.177 12736 12736 I dnxg    : onPause
08-30 15:11:33.189  3976  3976 I Layer   : id=38615[1] Destroyed Surface(name=Dim Layer for - Task=1425 - animating-dim)/@0x2147f91 - animation-leash#0
08-30 15:11:33.239  4349  4372 I SurfaceControl: nativeRelease nativeObject s[476017199456]
08-30 15:11:33.239  4349  4372 I SurfaceControl: nativeRelease nativeObject e[476017199456]
08-30 15:11:33.239  4349  4372 I SurfaceControl: nativeRelease nativeObject s[476008574016]
08-30 15:11:33.239  4349  4372 I SurfaceControl: nativeRelease nativeObject e[476008574016]
08-30 15:11:33.246 23627 23627 D LifecycleMonitor: Lifecycle status change: androidx.test.core.app.InstrumentationActivityInvoker$BootstrapActivity@1784be3 in: STOPPED
08-30 15:11:33.246 23627 23627 V ActivityScenario: Activity lifecycle changed event received but ignored because the intent does not match. startActivityIntent=Intent { act=android.intent.action.MAIN cat=[android.intent.category.LAUNCHER] cmp=com.example.dogglers/.VerticalListActivity }, activity.getIntent()=Intent { act=android.intent.action.MAIN cat=[android.intent.category.LAUNCHER] flg=0x10008000 cmp=com.example.dogglers/androidx.test.core.app.InstrumentationActivityInvoker$BootstrapActivity (has extras) }, activity=androidx.test.core.app.InstrumentationActivityInvoker$BootstrapActivity@1784be3
08-30 15:11:33.256  3976  4318 I Layer   : id=38613 removeFromCurrentState Surface(name=ActivityRecord{b6d0c38 u0 com.example.dogglers/androidx.test.core.app.InstrumentationActivityInvoker$BootstrapActivity t1425})/@0xc511a2a - animation-leash#0 (96)
08-30 15:11:33.257  3976  4318 I Layer   : id=38616 removeFromCurrentState Surface(name=ActivityRecord{b6d0c38 u0 com.example.dogglers/androidx.test.core.app.InstrumentationActivityInvoker$BootstrapActivity t1425})/@0xc511a2a - animation-bounds#0 (96)
08-30 15:11:33.257  3976  4318 I SurfaceFlinger: id=38613 Removed Surface(name=ActivityRecord{b6d0c38 u0 com.example.dogglers/androidx.test.core.app.InstrumentationActivityInvoker$BootstrapActivity t1425})/@0xc511a2a - animation-leash#0 (96)
08-30 15:11:33.257  3976  6075 I SurfaceFlinger: id=38616 Removed Surface(name=ActivityRecord{b6d0c38 u0 com.example.dogglers/androidx.test.core.app.InstrumentationActivityInvoker$BootstrapActivity t1425})/@0xc511a2a - animation-bounds#0 (96)
08-30 15:11:33.268  4349  7427 D InputDispatcher: Inject motion (23627): action=0x1, time=302825076000000, f=0x0, d=0
08-30 15:11:33.269  4349  4492 I InputDispatcher: Delivering touch to (23627): action: 0x1, f=0x1, d=0, 'f335f94', t=0
08-30 15:11:33.269  5135  5135 W TouchInteractionService: reset
08-30 15:11:33.271  4349  4349 I SemDvfsHyPerManager: acquire hyper - GESTURE_DETECTED/4349@31, type = -999
08-30 15:11:33.271 23627 23627 I ViewRootImpl@7b808be[VerticalListActivity]: ViewPostIme pointer 1
08-30 15:11:33.271  3927  3954 I HYPER-HAL: [RequestManager.cpp]acquire(): Acquired ID : 9594421  [4349 / 31]    HINT : GESTURE_DETECTED    list : [TIMEOUT / 1568]
08-30 15:11:33.271  3927  3954 I HYPER-HAL: [ResourceManager.cpp]updateResource(): [CPUMinFreq] UpdateResource Request ID : 9594421    Value : 936000
08-30 15:11:33.272  4349  4349 I SemDvfsHyPerManager: acquire hyper - GESTURE_DETECTED/4349@31, type = -999
08-30 15:11:33.272  3927  3954 I HYPER-HAL: [RequestManager.cpp]acquire(): Acquired ID : 9594421  [4349 / 31]    HINT : GESTURE_DETECTED    list : [TIMEOUT / 1568]
08-30 15:11:33.272  3927  3954 I HYPER-HAL: [ResourceManager.cpp]updateResource(): [CPUMinFreq] UpdateResource Request ID : 9594421    Value : 936000
08-30 15:11:33.273  3976  3976 I Layer   : id=38616[1] Destroyed Surface(name=ActivityRecord{b6d0c38 u0 com.example.dogglers/androidx.test.core.app.InstrumentationActivityInvoker$BootstrapActivity t1425})/@0xc511a2a - animation-bounds#0
08-30 15:11:33.273  3976  3976 I Layer   : id=38613[1] Destroyed Surface(name=ActivityRecord{b6d0c38 u0 com.example.dogglers/androidx.test.core.app.InstrumentationActivityInvoker$BootstrapActivity t1425})/@0xc511a2a - animation-leash#0
08-30 15:11:33.277  4349  4358 I system_server: Background young concurrent copying GC freed 266207(15MB) AllocSpace objects, 287(5804KB) LOS objects, 17% free, 95MB/115MB, paused 537us total 241.451ms
08-30 15:11:33.283  4349  4360 W System  : A resource failed to call release.
08-30 15:11:33.283  4349  4360 I SurfaceControl: nativeRelease nativeObject s[472144744736]
08-30 15:11:33.283  4349  4360 I SurfaceControl: nativeRelease nativeObject e[472144744736]
08-30 15:11:33.284  4349  4360 W System  : A resource failed to call release.
08-30 15:11:33.284  4349  4360 I SurfaceControl: nativeRelease nativeObject s[478079924320]
08-30 15:11:33.284  4349  4360 I SurfaceControl: nativeRelease nativeObject e[478079924320]
08-30 15:11:33.284  4349  4360 W System  : A resource failed to call release.
08-30 15:11:33.284  4349  4360 I SurfaceControl: nativeRelease nativeObject s[476021498016]
08-30 15:11:33.284  4349  4360 I SurfaceControl: nativeRelease nativeObject e[476021498016]
08-30 15:11:33.284  4349  4360 W System  : A resource failed to call release.
08-30 15:11:33.284  4349  4360 I SurfaceControl: nativeRelease nativeObject s[477998032736]
08-30 15:11:33.284  4349  4360 I SurfaceControl: nativeRelease nativeObject e[477998032736]
08-30 15:11:33.284  3976  4002 I SurfaceFlinger: id=38605 Removed Surface(name=749d536 InputMethod)/@0x72f94d3 - animation-leash#0 (94)
08-30 15:11:33.284  3976  4002 I SurfaceFlinger: id=38600 Removed Surface(name=b07ecc5 NavigationBar0)/@0xa8376fc - animation-leash#0 (94)
08-30 15:11:33.284  3976  6075 I SurfaceFlinger: id=38599 Removed Surface(name=1096c8d StatusBar)/@0xeaf4dd0 - animation-leash#1 (94)
08-30 15:11:33.285  4349  4360 W System  : A resource failed to call release.
08-30 15:11:33.285  4349  4360 I SurfaceControl: nativeRelease nativeObject s[477998584384]
08-30 15:11:33.285  4349  4360 I SurfaceControl: nativeRelease nativeObject e[477998584384]
08-30 15:11:33.286  4349  4360 W System  : A resource failed to call release.
08-30 15:11:33.286  4349  4360 I SurfaceControl: nativeRelease nativeObject s[477998583904]
08-30 15:11:33.286  4349  4360 I SurfaceControl: nativeRelease nativeObject e[477998583904]
08-30 15:11:33.288  4349  4360 W System  : A resource failed to call release.
08-30 15:11:33.288  4349  4360 I SurfaceControl: nativeRelease nativeObject s[476016223424]
08-30 15:11:33.288  4349  4360 I SurfaceControl: nativeRelease nativeObject e[476016223424]
08-30 15:11:33.288  4349  4360 W System  : A resource failed to call release.
08-30 15:11:33.288  4349  4360 I SurfaceControl: nativeRelease nativeObject s[476017810048]
08-30 15:11:33.288  4349  4360 I SurfaceControl: nativeRelease nativeObject e[476017810048]
08-30 15:11:33.288  4349  4360 W System  : A resource failed to call release.
08-30 15:11:33.288  4349  4360 I SurfaceControl: nativeRelease nativeObject s[477997781440]
08-30 15:11:33.288  4349  4360 I SurfaceControl: nativeRelease nativeObject e[477997781440]
08-30 15:11:33.288  3976  6075 I SurfaceFlinger: id=38567 Removed Surface(name=749d536 InputMethod)/@0x72f94d3 - animation-leash#1 (94)
08-30 15:11:33.288  4349  4360 W System  : A resource failed to call release.
08-30 15:11:33.288  4349  4360 I SurfaceControl: nativeRelease nativeObject s[477997777600]
08-30 15:11:33.289  4349  4360 I SurfaceControl: nativeRelease nativeObject e[477997777600]
08-30 15:11:33.289  3976  4002 I SurfaceFlinger: id=38562 Removed Surface(name=b07ecc5 NavigationBar0)/@0xa8376fc - animation-leash#1 (94)
08-30 15:11:33.289  3976  5385 I SurfaceFlinger: id=38561 Removed Surface(name=1096c8d StatusBar)/@0xeaf4dd0 - animation-leash#0 (94)
08-30 15:11:33.289  3976  3976 I Layer   : id=38561[1] Destroyed Surface(name=1096c8d StatusBar)/@0xeaf4dd0 - animation-leash#0
08-30 15:11:33.289  3976  3976 I Layer   : id=38567[1] Destroyed Surface(name=749d536 InputMethod)/@0x72f94d3 - animation-leash#1
08-30 15:11:33.290  3976  3976 I Layer   : id=38599[1] Destroyed Surface(name=1096c8d StatusBar)/@0xeaf4dd0 - animation-leash#1
08-30 15:11:33.290  3976  3976 I Layer   : id=38605[1] Destroyed Surface(name=749d536 InputMethod)/@0x72f94d3 - animation-leash#0
08-30 15:11:33.290  3976  3976 I Layer   : id=38562[1] Destroyed Surface(name=b07ecc5 NavigationBar0)/@0xa8376fc - animation-leash#1
08-30 15:11:33.290  3976  3976 I Layer   : id=38600[1] Destroyed Surface(name=b07ecc5 NavigationBar0)/@0xa8376fc - animation-leash#0
08-30 15:11:33.293  4349  4360 W System  : A resource failed to call release.
08-30 15:11:33.293  4349  4360 I SurfaceControl: nativeRelease nativeObject s[476017198592]
08-30 15:11:33.293  4349  4360 I SurfaceControl: nativeRelease nativeObject e[476017198592]
08-30 15:11:33.295  4349  4360 W System  : A resource failed to call release.
08-30 15:11:33.295  4349  4360 I SurfaceControl: nativeRelease nativeObject s[472144745024]
08-30 15:11:33.295  4349  4360 I SurfaceControl: nativeRelease nativeObject e[472144745024]
08-30 15:11:33.340 14146 14146 I Utils   : isCurrentUser current = 0, ownerId = 0
08-30 15:11:33.341 14146 14146 I TrayVisibilityController: getComputedTrayVisible : keyguardState = 1
08-30 15:11:33.341 14146 14146 I TrayVisibilityController: updateTrayVisible: State=1 visible=1 mCurrentVisible=1 specificMode=0
08-30 15:11:33.341 14146 14146 I TrayStateController: onNotifyUpdateTray: 0 to need to visible? true
08-30 15:11:33.346 23627 23627 I ViewInteraction: Checking 'MatchesViewAssertion{viewMatcher=(view has effective visibility <VISIBLE> and view.getGlobalVisibleRect() to return non-empty rectangle)}' assertion on view an instance of android.widget.TextView and view.getText() with or without transformation to match: is "Faye"
08-30 15:11:33.354  4349  7427 I SemDvfsHyPerManager: acquire hyper - AMS_ACT_START/4349@16, type = -999
08-30 15:11:33.354  3927  3954 I HYPER-HAL: [RequestManager.cpp]acquire(): Acquired ID : 9528811  [4349 / 16]    HINT : AMS_ACT_START    list :
08-30 15:11:33.355  3927  3954 E HYPER-HAL: [HandlerSysfs.cpp]doResourceHandling(): Couldn't Open Sysfs - /sys/power/cstate_control
08-30 15:11:33.355  3927  3954 I HYPER-HAL: [ResourceManager.cpp]updateResource(): [CPUMinFreq] UpdateResource Request ID : 9528811    Value : 1560000
08-30 15:11:33.355  3976  5385 I SurfaceFlinger: id=38623 createSurf (0x0),-1 flag=80004, ActivityRecord{98084c1 u0 com.example.dogglers/androidx.test.core.app.InstrumentationActivityInvoker$EmptyActivity t1425}#0
08-30 15:11:33.360  3881  3886 E statsd  : Predicate -7037417284711607308 dropping data for dimension key (10)0x2010101->10429[I] (10)0x30000->*launch*[S]
08-30 15:11:33.365 23627 23627 D LifecycleMonitor: Lifecycle status change: com.example.dogglers.VerticalListActivity@da0776a in: PAUSED
08-30 15:11:33.366 23627 23627 V ActivityScenario: Update currentActivityStage to PAUSED, currentActivity=com.example.dogglers.VerticalListActivity@da0776a
08-30 15:11:33.370  4349  5464 V WindowOrientationListener: getProposedRotation: -1
08-30 15:11:33.370  4349  5464 V WindowOrientationListener: getProposedRotation: -1
08-30 15:11:33.372  4349  5464 V WindowOrientationListener: getProposedRotation: -1
08-30 15:11:33.374  4349  5464 D InputDispatcher: Focused application set to (0): 98084c1
08-30 15:11:33.392 23627 23627 D LifecycleMonitor: Lifecycle status change: androidx.test.core.app.InstrumentationActivityInvoker$EmptyActivity@6f88abf in: PRE_ON_CREATE
08-30 15:11:33.392 23627 23627 V ActivityScenario: Activity lifecycle changed event received but ignored because the intent does not match. startActivityIntent=Intent { act=android.intent.action.MAIN cat=[android.intent.category.LAUNCHER] cmp=com.example.dogglers/.VerticalListActivity }, activity.getIntent()=Intent { act=android.intent.action.MAIN cat=[android.intent.category.LAUNCHER] flg=0x10000000 cmp=com.example.dogglers/androidx.test.core.app.InstrumentationActivityInvoker$EmptyActivity }, activity=androidx.test.core.app.InstrumentationActivityInvoker$EmptyActivity@6f88abf
08-30 15:11:33.394 12736 12736 I dnxg    : onStop
08-30 15:11:33.394  4349  4371 I SemPersonaManager: SecureFolder personaId = 150
08-30 15:11:33.399 23627 23627 I DecorView: [INFO] isPopOver=false, config=true
08-30 15:11:33.400 23627 23627 I DecorView: updateCaptionType >> DecorView@e21e4d5[], isFloating=false, isApplication=true, hasWindowDecorCaption=false, hasWindowControllerCallback=true
08-30 15:11:33.400 23627 23627 D DecorView: setCaptionType = 0, this = DecorView@e21e4d5[]
08-30 15:11:33.404 23627 23627 D LifecycleMonitor: Lifecycle status change: androidx.test.core.app.InstrumentationActivityInvoker$EmptyActivity@6f88abf in: CREATED
08-30 15:11:33.404 23627 23627 V ActivityScenario: Activity lifecycle changed event received but ignored because the intent does not match. startActivityIntent=Intent { act=android.intent.action.MAIN cat=[android.intent.category.LAUNCHER] cmp=com.example.dogglers/.VerticalListActivity }, activity.getIntent()=Intent { act=android.intent.action.MAIN cat=[android.intent.category.LAUNCHER] flg=0x10000000 cmp=com.example.dogglers/androidx.test.core.app.InstrumentationActivityInvoker$EmptyActivity }, activity=androidx.test.core.app.InstrumentationActivityInvoker$EmptyActivity@6f88abf
08-30 15:11:33.407  4349  5464 I InputDispatcher: Focus left window (23627): f335f94 in display 0 0
08-30 15:11:33.409 23627 23627 D LifecycleMonitor: Lifecycle status change: androidx.test.core.app.InstrumentationActivityInvoker$EmptyActivity@6f88abf in: STARTED
08-30 15:11:33.409 23627 23627 V ActivityScenario: Activity lifecycle changed event received but ignored because the intent does not match. startActivityIntent=Intent { act=android.intent.action.MAIN cat=[android.intent.category.LAUNCHER] cmp=com.example.dogglers/.VerticalListActivity }, activity.getIntent()=Intent { act=android.intent.action.MAIN cat=[android.intent.category.LAUNCHER] flg=0x10000000 cmp=com.example.dogglers/androidx.test.core.app.InstrumentationActivityInvoker$EmptyActivity }, activity=androidx.test.core.app.InstrumentationActivityInvoker$EmptyActivity@6f88abf
08-30 15:11:33.413  3920  3920 I Sensors : [AMS] lux : 3, cam_lux : -1, result_lux : 3, brightness: 19, cam_on: 0, driver lux : 3
08-30 15:11:33.423  3892 23548 E power   : ISystemSuspend::getService() failed.
08-30 15:11:33.423  4666  4914 I System.out: Broadcasting: Intent { act=com.sec.intent.action.SARDEVICE_CP flg=0x10000000 (has extras) }
08-30 15:11:33.423  5057  7925 I RILClient: processUnsolicited(): resp_id (11090), len(119)
08-30 15:11:33.444  4349  4371 D EnterpriseDeviceManagerService: isMdmAdminPresentInternal() : MDM Admin Found - com.samsung.knox.securefolder
08-30 15:11:33.451 23627 23627 D LifecycleMonitor: Lifecycle status change: androidx.test.core.app.InstrumentationActivityInvoker$EmptyActivity@6f88abf in: RESUMED
08-30 15:11:33.451 23627 23627 V ActivityScenario: Activity lifecycle changed event received but ignored because the intent does not match. startActivityIntent=Intent { act=android.intent.action.MAIN cat=[android.intent.category.LAUNCHER] cmp=com.example.dogglers/.VerticalListActivity }, activity.getIntent()=Intent { act=android.intent.action.MAIN cat=[android.intent.category.LAUNCHER] flg=0x10000000 cmp=com.example.dogglers/androidx.test.core.app.InstrumentationActivityInvoker$EmptyActivity }, activity=androidx.test.core.app.InstrumentationActivityInvoker$EmptyActivity@6f88abf
08-30 15:11:33.455  4349  4371 D InputManager: received SARDEVICE_CP, callAction = off deviceID = 3 option = NONE slot = 0 mSARState0
08-30 15:11:33.456  4349  4371 D InputManager: Enable back off, File not found: /sys/class/sec/sec_touchkey/sar_enable
08-30 15:11:33.456  4349  4371 D InputManager: enableDeviceForBackOff deviceID:0 deviceValue:0 mIsValidIntentForWifi:false
08-30 15:11:33.456  4349  5464 D InputTransport: Input channel constructed: 'f8a5e3f', fd=670
08-30 15:11:33.456  4349  5464 D InputTransport: Input channel constructed: 'f8a5e3f', fd=673
08-30 15:11:33.458  3976  4318 I SurfaceFlinger: id=38624 createSurf (0x0),-1 flag=80004, f8a5e3f com.example.dogglers/androidx.test.core.app.InstrumentationActivityInvoker$EmptyActivity#0
08-30 15:11:33.459  4349  5464 D WindowManager: isScreenshotDisabledLocked - win: Window{f8a5e3f u0 com.example.dogglers/androidx.test.core.app.InstrumentationActivityInvoker$EmptyActivity}
08-30 15:11:33.459  4349  5464 D WindowManager: isScreenshotDisabledLocked: userId = 0, disabled =false
08-30 15:11:33.459  4349  5464 D InputTransport: Input channel destroyed: 'f8a5e3f', fd=673
08-30 15:11:33.460 23627 23627 D InputTransport: Input channel constructed: 'f8a5e3f', fd=92
08-30 15:11:33.460  4349  4484 D MotionRecognitionService:   onReceive : SARDEVICE_CP, callAction = off deviceID = 3 slot = 0
08-30 15:11:33.460  4349  4484 W MotionRecognitionService: id : 0 cmd :off
08-30 15:11:33.460  4349  4484 I MotionRecognitionService: [SAR] Received request for MainGrip
08-30 15:11:33.460  4349  4484 D MotionRecognitionService: [SAR] disableGripSensor : Enabled true  slot 0 (true)
08-30 15:11:33.460  4349  4484 D SensorService: removeConnection, index : 0, size : 1
08-30 15:11:33.460  4349  4484 D SensorService: # removeConnection, index : 0, size : 0
08-30 15:11:33.460  4349  4484 D SensorService: Calling activate off 6
08-30 15:11:33.461  3920  3994 I Sensors : GripSensor:enable: handle 6, en 0, old_en 1
08-30 15:11:33.461 23627 23627 I ViewRootImpl@5085e78[InstrumentationActivityInvoker$EmptyActivity]: setView = com.android.internal.policy.DecorView@e21e4d5 TM=true
08-30 15:11:33.463  3920  3994 D Sensors : SensorHAL:sensors__get_sensors_list: length 17
08-30 15:11:33.463  4349  4484 D SensorManager: unregisterListener :: com.samsung.android.gesture.MotionRecognitionSAR$SensorGripEventListener@ae3aa0f
08-30 15:11:33.464  4349  4484 D SensorService: removeConnection, index : 0, size : 1
08-30 15:11:33.464  4349  4484 D SensorService: # removeConnection, index : 0, size : 0
08-30 15:11:33.464  4349  4484 D SensorService: Calling activate off 12
08-30 15:11:33.464  3920  3994 I Sensors : GripSensor_sub enable(): mEnabled 1, handle 12, en 0
08-30 15:11:33.465  3920  3994 D Sensors : SensorHAL:sensors__get_sensors_list: length 17
08-30 15:11:33.466  4349  4484 D SensorManager: unregisterListener :: com.samsung.android.gesture.MotionRecognitionSAR$SensorGripEventListener@f3ad82b
08-30 15:11:33.466  4349  4484 I MotionRecognitionService: [SAR] size 0
08-30 15:11:33.466  4349  4484 D MotionRecognitionService: [SAR] clear SAR_DEVICE_GRIP
08-30 15:11:33.466  4349  4484 D MotionRecognitionService: mSarGripSlot is 0
08-30 15:11:33.466  4349  4484 W MotionRecognitionService: id : 1 cmd :off
08-30 15:11:33.466  4349  4484 D MotionRecognitionService: [SAR] disableProxSensor : Enabled true  slot 0 (true)
08-30 15:11:33.466  4349  4484 D MotionRecognitionService: mSarProxSlot is 0
08-30 15:11:33.466  4349  4486 E MotionRecognitionService: handleMessage: event 200 value : 1
08-30 15:11:33.466  4666  5290 I System.out: Broadcast completed: result=0
08-30 15:11:33.468  4349  5464 V WindowManager: Relayout Window{f8a5e3f u0 com.example.dogglers/androidx.test.core.app.InstrumentationActivityInvoker$EmptyActivity}: viewVisibility=0 req=720x1560
08-30 15:11:33.471  4349  5464 D WindowManager: isScreenshotDisabledLocked - win: Window{f8a5e3f u0 com.example.dogglers/androidx.test.core.app.InstrumentationActivityInvoker$EmptyActivity}
08-30 15:11:33.471  4349  5464 D WindowManager: isScreenshotDisabledLocked: userId = 0, disabled =false
08-30 15:11:33.472  4349  4486 D MotionRecognitionService: clear TransmitPower  value : 1
08-30 15:11:33.473  3976  4318 I SurfaceFlinger: id=38625 createSurf (720x1560),1 flag=404, com.example.dogglers/androidx.test.core.app.InstrumentationActivityInvoker$EmptyActivity$_23627#0
08-30 15:11:33.475 14146 14146 I TrayStateController: systemUiVisibilityChanged : 0 0
08-30 15:11:33.475  4349  5464 I SurfaceControl: nativeRelease nativeObject s[477998032928]
08-30 15:11:33.475  4349  5464 I SurfaceControl: nativeRelease nativeObject e[477998032928]
08-30 15:11:33.481  3976  4318 I SurfaceFlinger: id=38626 createSurf (0x0),-1 flag=24000, Surface(name=1096c8d StatusBar)/@0xeaf4dd0 - animation-leash#0
08-30 15:11:33.482  4349  5464 I SurfaceControl: nativeRelease nativeObject s[477998033120]
08-30 15:11:33.482  4349  5464 I SurfaceControl: nativeRelease nativeObject e[477998033120]
08-30 15:11:33.483  3976  4318 I SurfaceFlinger: id=38627 createSurf (0x0),-1 flag=24000, Surface(name=b07ecc5 NavigationBar0)/@0xa8376fc - animation-leash#1
08-30 15:11:33.485  4349  5464 V WindowManager: Relayout hash=f8a5e3f, pid=23627: mAttrs={(0,0)(fillxfill) sim={adjust=pan forwardNavigation} ty=BASE_APPLICATION wanim=0x1030001
08-30 15:11:33.485  4349  5464 V WindowManager:   fl=1810100
08-30 15:11:33.485  4349  5464 V WindowManager:   pfl=12020000
08-30 15:11:33.485  4349  5464 V WindowManager:   fitSides= naviIconColor=0}
08-30 15:11:33.485  4349  5464 I SurfaceControl: nativeRelease nativeObject s[476017807648]
08-30 15:11:33.485  4349  5464 I SurfaceControl: nativeRelease nativeObject e[476017807648]
08-30 15:11:33.486  3976  4318 I Layer   : id=38619 removeFromCurrentState Surface(name=1096c8d StatusBar)/@0xeaf4dd0 - animation-leash#1 (93)
08-30 15:11:33.487  3976  4318 I Layer   : id=38620 removeFromCurrentState Surface(name=b07ecc5 NavigationBar0)/@0xa8376fc - animation-leash#0 (93)
08-30 15:11:33.487 23627 23627 I SurfaceControl: assignNativeObject: nativeObject = 0 Surface(name=null)/@0xa28f951 / android.view.SurfaceControl.readFromParcel:1117 android.view.IWindowSession$Stub$Proxy.relayout:1836 android.view.ViewRootImpl.relayoutWindow:9005 android.view.ViewRootImpl.performTraversals:3360 android.view.ViewRootImpl.doTraversal:2618 android.view.ViewRootImpl$TraversalRunnable.run:9971 android.view.Choreographer$CallbackRecord.run:1010 android.view.Choreographer.doCallbacks:809 android.view.Choreographer.doFrame:744 android.view.Choreographer$FrameDisplayEventReceiver.run:995
08-30 15:11:33.488 23627 23627 I ViewRootImpl@5085e78[InstrumentationActivityInvoker$EmptyActivity]: Relayout returned: old=(0,0,720,1560) new=(0,0,720,1560) req=(720,1560)0 dur=20 res=0x7 s={true 478211194880} ch=true fn=-1
08-30 15:11:33.491  3899  3953 D gralloc : [mali_gralloc_allocate] begin
08-30 15:11:33.491  3899  3953 D gralloc : buffer_descriptor: wh(720 1560) usage_pc(0x40000000000b00 0x40000000000b00) hal_format(0x1) layer_count(1) sizes(0 0 0) strde(0) byte_stride(0) alloc_wh(0 0) internal_format(0x0) alloc_format(0x0) fd_count(1) plane_count(0)
08-30 15:11:33.491 23627 23627 I ViewRootImpl@5085e78[InstrumentationActivityInvoker$EmptyActivity]: [DP] dp(1) 1 android.view.ViewRootImpl.reportNextDraw:10957 android.view.ViewRootImpl.performTraversals:3845 android.view.ViewRootImpl.doTraversal:2618
08-30 15:11:33.492 23627 23627 I ViewRootImpl@5085e78[InstrumentationActivityInvoker$EmptyActivity]: [DP] pd() Asnyc report
08-30 15:11:33.492  3899  3953 D gralloc : [mali_gralloc_allocate] allocation successful
08-30 15:11:33.493  3899  3953 D gralloc : [mali_gralloc_allocate] begin
08-30 15:11:33.493  3899  3953 D gralloc : buffer_descriptor: wh(720 1560) usage_pc(0x40000000000b00 0x40000000000b00) hal_format(0x1) layer_count(1) sizes(0 0 0) strde(0) byte_stride(0) alloc_wh(0 0) internal_format(0x0) alloc_format(0x0) fd_count(1) plane_count(0)
08-30 15:11:33.494  3899  3953 D gralloc : [mali_gralloc_allocate] allocation successful
08-30 15:11:33.494  3899  3953 D gralloc : [mali_gralloc_allocate] begin
08-30 15:11:33.494  3899  3953 D gralloc : buffer_descriptor: wh(720 1560) usage_pc(0x40000000000b00 0x40000000000b00) hal_format(0x1) layer_count(1) sizes(0 0 0) strde(0) byte_stride(0) alloc_wh(0 0) internal_format(0x0) alloc_format(0x0) fd_count(1) plane_count(0)
08-30 15:11:33.496  3899  3953 D gralloc : [mali_gralloc_allocate] allocation successful
08-30 15:11:33.499 23627 23627 I ViewRootImpl@5085e78[InstrumentationActivityInvoker$EmptyActivity]: [DP] pdf(0) 1 android.view.ViewRootImpl.lambda$performDraw$1$ViewRootImpl:4668 android.view.-$$Lambda$ViewRootImpl$DJd0VUYJgsebcnSohO6h8zc_ONI.run:6 android.os.Handler.handleCallback:938
08-30 15:11:33.499 23627 23627 I ViewRootImpl@5085e78[InstrumentationActivityInvoker$EmptyActivity]: [DP] rdf()
08-30 15:11:33.503 23627 23627 I ViewRootImpl@7b808be[VerticalListActivity]: MSG_WINDOW_FOCUS_CHANGED 0 1
08-30 15:11:33.504  4349  4372 D PkgPredictorService: pkg:com.example.dogglers activity:androidx.test.core.app.InstrumentationActivityInvoker$EmptyActivity thisTime:151
08-30 15:11:33.506  4349  4376 I ActivityTaskManager: Displayed com.example.dogglers/androidx.test.core.app.InstrumentationActivityInvoker$EmptyActivity: +151ms
08-30 15:11:33.507  4349  4372 I SemDvfsHyPerManager: acquire hyper - AMS_RESUME_TAIL/4349@18, type = -999
08-30 15:11:33.507  4349  4372 I SemDvfsHyPerManager: acquire hyper - AMS_ACT_LAZY/4349@19, type = -999
08-30 15:11:33.507  3927  3954 I HYPER-HAL: [RequestManager.cpp]acquire(): Acquired ID : 9537546  [4349 / 18]    HINT : AMS_RESUME_TAIL    list :
08-30 15:11:33.507  5589  5589 E pageboostd: Received HALT command code 2
08-30 15:11:33.507  3927  3954 E HYPER-HAL: [HandlerSysfs.cpp]doResourceHandling(): Couldn't Open Sysfs - /sys/power/cstate_control
08-30 15:11:33.507  3927  3954 I HYPER-HAL: [ResourceManager.cpp]updateResource(): [CPUMinFreq] UpdateResource Request ID : 9537546    Value : 1560000
08-30 15:11:33.507  3927  3954 I HYPER-HAL: [RequestManager.cpp]acquire(): Acquired ID : 9541915  [4349 / 19]    HINT :      list :
08-30 15:11:33.508  3927  3954 E HYPER-HAL: [Request.cpp]acquire(): Request:: id : 9541915, No Resource to set
08-30 15:11:33.508  3927  3954 E HYPER-HAL: [HandlerSysfs.cpp]doResourceHandling(): Couldn't Open Sysfs - /sys/power/cstate_control
08-30 15:11:33.508  3927  3954 I HYPER-HAL: [ResourceManager.cpp]removeResource(): [CPUMinFreq] RemoveResource Request ID : 9528811
08-30 15:11:33.509  3927  3954 I HYPER-HAL: [RequestManager.cpp]releaseLocked(): Released ID : 9528811
08-30 15:11:33.510 23627 23627 I SurfaceControl: nativeRelease nativeObject s[478247332384]
08-30 15:11:33.510 23627 23627 I SurfaceControl: nativeRelease nativeObject e[478247332384]
08-30 15:11:33.510 23627 23627 I SurfaceControl: nativeRelease nativeObject s[478247332288]
08-30 15:11:33.510 23627 23627 I SurfaceControl: nativeRelease nativeObject e[478247332288]
08-30 15:11:33.510 23627 23627 I SurfaceControl: nativeRelease nativeObject s[478247332000]
08-30 15:11:33.510 23627 23627 I SurfaceControl: nativeRelease nativeObject e[478247332000]
08-30 15:11:33.511  3976  4001 I SurfaceFlinger: id=38620 Removed Surface(name=b07ecc5 NavigationBar0)/@0xa8376fc - animation-leash#0 (93)
08-30 15:11:33.511  3976  5385 I SurfaceFlinger: id=38619 Removed Surface(name=1096c8d StatusBar)/@0xeaf4dd0 - animation-leash#1 (93)
08-30 15:11:33.522  3976  3976 I Layer   : id=38619[1] Destroyed Surface(name=1096c8d StatusBar)/@0xeaf4dd0 - animation-leash#1
08-30 15:11:33.522  3976  3976 I Layer   : id=38620[1] Destroyed Surface(name=b07ecc5 NavigationBar0)/@0xa8376fc - animation-leash#0
08-30 15:11:33.524  4349  5464 I InputDispatcher: Focus entered window (23627): f8a5e3f in display 0 0
08-30 15:11:33.524  3976  5385 E BufferQueueProducer: [com.example.dogglers/com.example.dogglers.VerticalListActivity$_23627#0](id:f88000033f1,api:0,p:-1,c:3976) disconnect: not connected (req=1)
08-30 15:11:33.524 23627 23685 W libEGL  : EGLNativeWindowType 0x6f58f14010 disconnect failed
08-30 15:11:33.525  4349  6765 I SemDvfsHyPerManager: acquire hyper - AMS_ACT_START/4349@16, type = -999
08-30 15:11:33.525  3927  3954 I HYPER-HAL: [RequestManager.cpp]acquire(): Acquired ID : 9528811  [4349 / 16]    HINT : AMS_ACT_START    list :
08-30 15:11:33.525  3927  3954 E HYPER-HAL: [HandlerSysfs.cpp]doResourceHandling(): Couldn't Open Sysfs - /sys/power/cstate_control
08-30 15:11:33.526  3927  3954 I HYPER-HAL: [ResourceManager.cpp]updateResource(): [CPUMinFreq] UpdateResource Request ID : 9528811    Value : 1560000
08-30 15:11:33.526  3976  5385 I SurfaceFlinger: id=38628 createSurf (0x0),-1 flag=80004, ActivityRecord{66090d u0 com.example.dogglers/androidx.test.core.app.InstrumentationActivityInvoker$EmptyActivity t1425}#0
08-30 15:11:33.528  3976  3976 D SurfaceFlinger: Display 0 HWC layers:
08-30 15:11:33.528  3976  3976 D SurfaceFlinger:      DEVICE | 0x74f0415840 | 0002 | RGBA_8888    |    0.0    0.0  720.0 1560.0 |    0    0  720 1560 | com.example.dogglers/androidx.test.c[...]tivityInvoker$EmptyActivity$_23627#0
08-30 15:11:33.528  3976  3976 D SurfaceFlinger:      DEVICE | 0x74f0414e40 | 0000 | RGBA_8888    |    0.0    0.0  720.0   53.0 |    0    0  720   53 | StatusBar$_4708#0
08-30 15:11:33.528  3976  3976 D SurfaceFlinger:      DEVICE | 0x74d157fa00 | 0000 | RGBA_8888    |    0.0    0.0   67.0  232.0 |  653  151  720  383 | com.samsung.android.app.cocktailbars[...]rservice.CocktailBarService$_14146#0
08-30 15:11:33.528  3976  3976 D SurfaceFlinger:      DEVICE | 0x75743a7380 | 0000 | RGBA_8888    |    0.0    0.0  720.0   84.0 |    0 1476  720 1560 | NavigationBar0$_4708#0
08-30 15:11:33.528  3976  3976 D SurfaceFlinger:      DEVICE | 0x74f0413e00 | 0000 | RGBA_8888    |    0.0    0.0  720.0  101.0 |    0    0  720  101 | ScreenDecorOverlay$_4708#0
08-30 15:11:33.528  3976  3976 D SurfaceFlinger:      DEVICE | 0x75743a7b00 | 0000 | RGBA_8888    |    0.0    0.0  720.0  101.0 |    0 1459  720 1560 | ScreenDecorOverlayBottom$_4708#0
08-30 15:11:33.528  3976  3976 D SurfaceFlinger:
08-30 15:11:33.533  4349  5464 V WindowManager: Relayout Window{f335f94 u0 com.example.dogglers/com.example.dogglers.VerticalListActivity}: viewVisibility=8 req=720x1560
08-30 15:11:33.535  4349  5464 V WindowManager: Relayout hash=f335f94, pid=23627: mAttrs={(0,0)(fillxfill) sim={adjust=resize forwardNavigation} ty=BASE_APPLICATION wanim=0x1030304
08-30 15:11:33.535  4349  5464 V WindowManager:   fl=81810100
08-30 15:11:33.535  4349  5464 V WindowManager:   pfl=12020000
08-30 15:11:33.535  4349  5464 V WindowManager:   fitSides= naviIconColor=0}
08-30 15:11:33.536 23627 23627 I SurfaceControl: nativeRelease nativeObject s[478212338080]
08-30 15:11:33.537 23627 23627 I SurfaceControl: nativeRelease nativeObject e[478212338080]
08-30 15:11:33.537 23627 23627 I SurfaceControl: assignNativeObject: nativeObject = 0 Surface(name=null)/@0xbe712b7 / android.view.SurfaceControl.readFromParcel:1117 android.view.IWindowSession$Stub$Proxy.relayout:1826 android.view.ViewRootImpl.relayoutWindow:9005 android.view.ViewRootImpl.performTraversals:3360 android.view.ViewRootImpl.doTraversal:2618 android.view.ViewRootImpl$TraversalRunnable.run:9971 android.view.Choreographer$CallbackRecord.run:1010 android.view.Choreographer.doCallbacks:809 android.view.Choreographer.doFrame:744 android.view.Choreographer$FrameDisplayEventReceiver.run:995
08-30 15:11:33.537 23627 23627 I SurfaceControl: assignNativeObject: nativeObject = 0 Surface(name=null)/@0xcf9cd1f / android.view.SurfaceControl.readFromParcel:1117 android.view.IWindowSession$Stub$Proxy.relayout:1836 android.view.ViewRootImpl.relayoutWindow:9005 android.view.ViewRootImpl.performTraversals:3360 android.view.ViewRootImpl.doTraversal:2618 android.view.ViewRootImpl$TraversalRunnable.run:9971 android.view.Choreographer$CallbackRecord.run:1010 android.view.Choreographer.doCallbacks:809 android.view.Choreographer.doFrame:744 android.view.Choreographer$FrameDisplayEventReceiver.run:995
08-30 15:11:33.538 23627 23627 I SurfaceControl: nativeRelease nativeObject s[476145769728]
08-30 15:11:33.538 23627 23627 I SurfaceControl: nativeRelease nativeObject e[476145769728]
08-30 15:11:33.539 23627 23627 I ViewRootImpl@7b808be[VerticalListActivity]: Relayout returned: old=(0,0,720,1560) new=(0,0,720,1560) req=(720,1560)8 dur=13 res=0x5 s={false 0} ch=true fn=21
08-30 15:11:33.540 23627 23627 I ViewRootImpl@7b808be[VerticalListActivity]: stopped(true) old=false
08-30 15:11:33.540 23627 23627 D LifecycleMonitor: Lifecycle status change: com.example.dogglers.VerticalListActivity@da0776a in: STOPPED
08-30 15:11:33.541 23627 23627 V ActivityScenario: Update currentActivityStage to STOPPED, currentActivity=com.example.dogglers.VerticalListActivity@da0776a
08-30 15:11:33.543 23627 23627 D LifecycleMonitor: Lifecycle status change: com.example.dogglers.VerticalListActivity@da0776a in: DESTROYED
08-30 15:11:33.543 23627 23627 V ActivityScenario: Update currentActivityStage to DESTROYED, currentActivity=null
08-30 15:11:33.546 23627 23627 I ViewRootImpl@7b808be[VerticalListActivity]: dispatchDetachedFromWindow
08-30 15:11:33.547  4349  5464 D InputTransport: Input channel destroyed: 'f335f94', fd=778
08-30 15:11:33.547  4349  5464 I SurfaceControl: nativeRelease nativeObject s[476017208096]
08-30 15:11:33.547  4349  5464 I SurfaceControl: nativeRelease nativeObject e[476017208096]
08-30 15:11:33.547  4349  5464 D WindowManager: isScreenshotDisabledLocked - win: Window{f335f94 u0 com.example.dogglers/com.example.dogglers.VerticalListActivity}
08-30 15:11:33.547  4349  5464 D WindowManager: isScreenshotDisabledLocked: userId = 0, disabled =false
08-30 15:11:33.548  4349  5464 I SurfaceControl: nativeRelease nativeObject s[477997776736]
08-30 15:11:33.548  4349  5464 I SurfaceControl: nativeRelease nativeObject e[477997776736]
08-30 15:11:33.548  3976  5385 I SurfaceFlinger: id=38629 createSurf (0x0),-1 flag=24004, Surface(name=749d536 InputMethod)/@0x72f94d3 - animation-leash#0
08-30 15:11:33.549  4349  5464 I SurfaceControl: nativeRelease nativeObject s[476017809952]
08-30 15:11:33.549  4349  5464 I SurfaceControl: nativeRelease nativeObject e[476017809952]
08-30 15:11:33.550  3976  5385 I Layer   : id=38618 removeFromCurrentState com.example.dogglers/com.example.dogglers.VerticalListActivity$_23627#0 (93)
08-30 15:11:33.550  3976  5385 I SurfaceFlinger: id=38618 Removed com.example.dogglers/com.example.dogglers.VerticalListActivity$_23627#0 (93)
08-30 15:11:33.552  3976  5385 I Layer   : id=38617 removeFromCurrentState f335f94 com.example.dogglers/com.example.dogglers.VerticalListActivity#0 (93)
08-30 15:11:33.552  3976  5385 I Layer   : id=38622 removeFromCurrentState Surface(name=749d536 InputMethod)/@0x72f94d3 - animation-leash#1 (93)
08-30 15:11:33.552  3976  5385 I SurfaceFlinger: id=38617 Removed f335f94 com.example.dogglers/com.example.dogglers.VerticalListActivity#0 (93)
08-30 15:11:33.553 23627 23627 D InputTransport: Input channel destroyed: 'f335f94', fd=81
08-30 15:11:33.555  4349  7427 I SurfaceControl: nativeRelease nativeObject s[477997556928]
08-30 15:11:33.555  4349  7427 I SurfaceControl: nativeRelease nativeObject e[477997556928]
08-30 15:11:33.555  3976  3976 I Layer   : id=38617[1] Destroyed f335f94 com.example.dogglers/com.example.dogglers.VerticalListActivity#0
08-30 15:11:33.556  3976  3976 I Layer   : id=38618[1] Destroyed com.example.dogglers/com.example.dogglers.VerticalListActivity$_23627#0
08-30 15:11:33.561  3976  5385 I Layer   : id=38612 removeFromCurrentState ActivityRecord{28792a0 u0 com.example.dogglers/.VerticalListActivity t1425}#0 (91)
08-30 15:11:33.561  3976  4001 I SurfaceFlinger: id=38612 Removed ActivityRecord{28792a0 u0 com.example.dogglers/.VerticalListActivity t1425}#0 (91)
08-30 15:11:33.565 23627 23627 D LifecycleMonitor: Lifecycle status change: androidx.test.core.app.InstrumentationActivityInvoker$EmptyActivity@6f88abf in: PAUSED
08-30 15:11:33.566 23627 23627 V ActivityScenario: Activity lifecycle changed event received but ignored because the intent does not match. startActivityIntent=Intent { act=android.intent.action.MAIN cat=[android.intent.category.LAUNCHER] cmp=com.example.dogglers/.VerticalListActivity }, activity.getIntent()=Intent { act=android.intent.action.MAIN cat=[android.intent.category.LAUNCHER] flg=0x10000000 cmp=com.example.dogglers/androidx.test.core.app.InstrumentationActivityInvoker$EmptyActivity }, activity=androidx.test.core.app.InstrumentationActivityInvoker$EmptyActivity@6f88abf
08-30 15:11:33.569  4349  7427 V WindowOrientationListener: getProposedRotation: -1
08-30 15:11:33.570  4349  7427 V WindowOrientationListener: getProposedRotation: -1
08-30 15:11:33.571  4349  7427 V WindowOrientationListener: getProposedRotation: -1
08-30 15:11:33.572  3976  3976 I Layer   : id=38612[1] Destroyed ActivityRecord{28792a0 u0 com.example.dogglers/.VerticalListActivity t1425}#0
08-30 15:11:33.573  4349  7427 D InputDispatcher: Focused application set to (0): 66090d
08-30 15:11:33.580 23627 23627 I ViewRootImpl@5085e78[InstrumentationActivityInvoker$EmptyActivity]: MSG_WINDOW_FOCUS_CHANGED 1 1
08-30 15:11:33.581 23627 23627 D InputMethodManager: prepareNavigationBarInfo() DecorView@e21e4d5[InstrumentationActivityInvoker$EmptyActivity]
08-30 15:11:33.581 23627 23627 D InputMethodManager: getNavigationBarColor() -16711423
08-30 15:11:33.581 23627 23627 D InputMethodManager: prepareNavigationBarInfo() DecorView@e21e4d5[InstrumentationActivityInvoker$EmptyActivity]
08-30 15:11:33.581 23627 23627 D InputMethodManager: getNavigationBarColor() -16711423
08-30 15:11:33.581 23627 23627 V InputMethodManager: Starting input: tba=com.example.dogglers ic=null mNaviBarColor -16711423 mIsGetNaviBarColorSuccess true , NavVisible : true , NavTrans : false
08-30 15:11:33.581 23627 23627 D InputMethodManager: startInputInner - Id : 0
08-30 15:11:33.581 23627 23627 I InputMethodManager: startInputInner - mService.startInputOrWindowGainedFocus
08-30 15:11:33.583  4349  5464 D InputMethodManagerService: mSecureKeypadEnabled = false
08-30 15:11:33.583  4349  5464 V InputMethodManagerService: hideCurrentInputLocked : shouldHideSoftInput is false
08-30 15:11:33.583  4349  5464 D InputMethodManagerService: mDesktopModeManager null!
08-30 15:11:33.583  4349  5464 V InputMethodManagerService: getDisplayIdOfInputMethodWindowToBeAdded : 0
08-30 15:11:33.584  4349  5464 D InputMethodManagerService: checkDisplayOfStartInputAndUpdateKeyboard display Id 0last 0
08-30 15:11:33.584  4349  5464 D InputTransport: Input channel constructed: 'ClientS', fd=673
08-30 15:11:33.584  4349  5464 D InputTransport: Input channel destroyed: 'ClientS', fd=673
08-30 15:11:33.585  4349  7427 I SurfaceControl: nativeRelease nativeObject s[478079924320]
08-30 15:11:33.585  4349  7427 I SurfaceControl: nativeRelease nativeObject e[478079924320]
08-30 15:11:33.585 23627 23627 D InputTransport: Input channel constructed: 'ClientS', fd=81
08-30 15:11:33.585 23627 23627 D InputTransport: Input channel destroyed: 'ClientS', fd=90
08-30 15:11:33.585  3976  4001 I SurfaceFlinger: id=38630 createSurf (0x0),-1 flag=24004, Surface(name=749d536 InputMethod)/@0x72f94d3 - animation-leash#1
08-30 15:11:33.586  7475  7475 I HBD     : HoneyBoardService onFinishInput
08-30 15:11:33.587  7475  7475 I HBD     : a IC have been unbinded,  InputConnectionWrapper{idHash=#b63283 mMissingMethods=}
08-30 15:11:33.587  7475  7475 I HBD     : HoneyBoardService [PF_CL][onFinishInput]  392500 ns
08-30 15:11:33.587  7475  7475 I HBD     : HoneyBoardService [IMI] onStartInput - caller pid : 23627 , caller uid : 10429
08-30 15:11:33.587  7475  7475 I HBD     : i updateConfigs
08-30 15:11:33.588  7475  7475 I HBD     : i isEnabledNightMode : true
08-30 15:11:33.588  7475  7475 I HBD     : a IC have been binded, InputConnectionWrapper{idHash=#b63283 mMissingMethods=}
08-30 15:11:33.589  7475  7475 I HBD     : h [EditorInputType]setPrivateImeOptionsToTable privateImeOptions ( null )
08-30 15:11:33.589  7475  7475 I HBD     : b incognitoMode : false
08-30 15:11:33.589  7475  7475 I HBD     : a needOff = true , isForceOff = false, isNullInputClass : true
08-30 15:11:33.589  3976  4001 I Layer   : id=38629 removeFromCurrentState Surface(name=749d536 InputMethod)/@0x72f94d3 - animation-leash#0 (91)
08-30 15:11:33.589  7475  7475 I HBD     : h getDefaultInputRange : UNKNOWN
08-30 15:11:33.589  7475  7475 I HBD     : h getDefaultInputRange : UNKNOWN
08-30 15:11:33.589  7475  7475 I HBD     : h getDefaultInputRange : UNKNOWN
08-30 15:11:33.590  4349  5464 D SdpManagerService: Not an enterprise user : 0
08-30 15:11:33.590  4349  4371 I SemPersonaManager: SecureFolder personaId = 150
08-30 15:11:33.590  4349  5464 D SdpManagerService: Not an enterprise user : 0
08-30 15:11:33.592  7475  7475 I HBD     : h getDefaultInputRange : UNKNOWN
08-30 15:11:33.592  7475  7475 I HBD     : a currentState : 0
08-30 15:11:33.594  7475  7475 I HBD     : h load selected json info : {"version":"1.0","currentLanguageOrder":2,"selected":[{"activeOptionList":["auto_replace","spell_check","auto_spacing"],"engName":"Russian","id":3342336,"inputType":"qwerty","isUsed":true},{"activeOptionList":["auto_replace","spell_check","auto_spacing"],"engName":"English","id":65537,"inputType":"qwerty","isUsed":true},{"activeOptionList":["auto_replace","spell_check","auto_spacing"],"engName":"Ukrainian","id":4456448,"inputType":"qwerty","isUsed":true}]}
08-30 15:11:33.595 23627 23627 D LifecycleMonitor: Lifecycle status change: androidx.test.core.app.InstrumentationActivityInvoker$BootstrapActivity@1784be3 in: DESTROYED
08-30 15:11:33.595  7475  7475 I HBD     : a [UpdatePolicy] [post] a: 0 cl: 4456448 kit: [0/0] vt: 0 ir: 1
08-30 15:11:33.595 23627 23627 V ActivityScenario: Activity lifecycle changed event received but ignored because the intent does not match. startActivityIntent=Intent { act=android.intent.action.MAIN cat=[android.intent.category.LAUNCHER] cmp=com.example.dogglers/.VerticalListActivity }, activity.getIntent()=Intent { act=android.intent.action.MAIN cat=[android.intent.category.LAUNCHER] flg=0x10008000 cmp=com.example.dogglers/androidx.test.core.app.InstrumentationActivityInvoker$BootstrapActivity (has extras) }, activity=androidx.test.core.app.InstrumentationActivityInvoker$BootstrapActivity@1784be3
08-30 15:11:33.595  7475  7475 I HBD     : HoneyBoardService [PF_OP][onStartInput]  8068269 ns
08-30 15:11:33.596  4349  5464 I SurfaceControl: nativeRelease nativeObject s[477997557312]
08-30 15:11:33.596  4349  5464 I SurfaceControl: nativeRelease nativeObject e[477997557312]
08-30 15:11:33.600  3976  4001 I Layer   : id=38607 removeFromCurrentState ActivityRecord{b6d0c38 u0 com.example.dogglers/androidx.test.core.app.InstrumentationActivityInvoker$BootstrapActivity t1425}#0 (91)
08-30 15:11:33.601  3976  4001 I SurfaceFlinger: id=38607 Removed ActivityRecord{b6d0c38 u0 com.example.dogglers/androidx.test.core.app.InstrumentationActivityInvoker$BootstrapActivity t1425}#0 (91)
08-30 15:11:33.604 23627 23627 D LifecycleMonitor: Lifecycle status change: androidx.test.core.app.InstrumentationActivityInvoker$EmptyActivity@3148490 in: PRE_ON_CREATE
08-30 15:11:33.605 23627 23627 V ActivityScenario: Activity lifecycle changed event received but ignored because the intent does not match. startActivityIntent=Intent { act=android.intent.action.MAIN cat=[android.intent.category.LAUNCHER] cmp=com.example.dogglers/.VerticalListActivity }, activity.getIntent()=Intent { act=android.intent.action.MAIN cat=[android.intent.category.LAUNCHER] flg=0x10000000 cmp=com.example.dogglers/androidx.test.core.app.InstrumentationActivityInvoker$EmptyActivity }, activity=androidx.test.core.app.InstrumentationActivityInvoker$EmptyActivity@3148490
08-30 15:11:33.605  3976  3976 I Layer   : id=38607[1] Destroyed ActivityRecord{b6d0c38 u0 com.example.dogglers/androidx.test.core.app.InstrumentationActivityInvoker$BootstrapActivity t1425}#0
08-30 15:11:33.607  4349  5464 I InputDispatcher: Focus left window (23627): f8a5e3f in display 0 0
08-30 15:11:33.638  4349  4371 D EnterpriseDeviceManagerService: isMdmAdminPresentInternal() : MDM Admin Found - com.samsung.knox.securefolder
08-30 15:11:33.649 23627 23627 I DecorView: [INFO] isPopOver=false, config=true
08-30 15:11:33.649 23627 23627 I DecorView: updateCaptionType >> DecorView@225158e[], isFloating=false, isApplication=true, hasWindowDecorCaption=false, hasWindowControllerCallback=true
08-30 15:11:33.649 23627 23627 D DecorView: setCaptionType = 0, this = DecorView@225158e[]
08-30 15:11:33.653 23627 23627 D LifecycleMonitor: Lifecycle status change: androidx.test.core.app.InstrumentationActivityInvoker$EmptyActivity@3148490 in: CREATED
08-30 15:11:33.654 23627 23627 V ActivityScenario: Activity lifecycle changed event received but ignored because the intent does not match. startActivityIntent=Intent { act=android.intent.action.MAIN cat=[android.intent.category.LAUNCHER] cmp=com.example.dogglers/.VerticalListActivity }, activity.getIntent()=Intent { act=android.intent.action.MAIN cat=[android.intent.category.LAUNCHER] flg=0x10000000 cmp=com.example.dogglers/androidx.test.core.app.InstrumentationActivityInvoker$EmptyActivity }, activity=androidx.test.core.app.InstrumentationActivityInvoker$EmptyActivity@3148490
08-30 15:11:33.656 23627 23627 D LifecycleMonitor: Lifecycle status change: androidx.test.core.app.InstrumentationActivityInvoker$EmptyActivity@3148490 in: STARTED
08-30 15:11:33.656 23627 23627 V ActivityScenario: Activity lifecycle changed event received but ignored because the intent does not match. startActivityIntent=Intent { act=android.intent.action.MAIN cat=[android.intent.category.LAUNCHER] cmp=com.example.dogglers/.VerticalListActivity }, activity.getIntent()=Intent { act=android.intent.action.MAIN cat=[android.intent.category.LAUNCHER] flg=0x10000000 cmp=com.example.dogglers/androidx.test.core.app.InstrumentationActivityInvoker$EmptyActivity }, activity=androidx.test.core.app.InstrumentationActivityInvoker$EmptyActivity@3148490
08-30 15:11:33.658 23627 23627 D LifecycleMonitor: Lifecycle status change: androidx.test.core.app.InstrumentationActivityInvoker$EmptyActivity@3148490 in: RESUMED
