08-30 15:11:16.204  3976  5385 I SurfaceFlinger: id=38173 createSurf (0x0),-1 flag=80004, 8c66e47 com.example.dogglers/androidx.test.core.app.InstrumentationActivityInvoker$EmptyActivity#0
08-30 15:11:16.204  4349  6779 D WindowManager: isScreenshotDisabledLocked - win: Window{8c66e47 u0 com.example.dogglers/androidx.test.core.app.InstrumentationActivityInvoker$EmptyActivity}
08-30 15:11:16.204  4349  6779 D WindowManager: isScreenshotDisabledLocked: userId = 0, disabled =false
08-30 15:11:16.205  4349  6779 D InputTransport: Input channel destroyed: '8c66e47', fd=716
08-30 15:11:16.206 23627 23627 D InputTransport: Input channel constructed: '8c66e47', fd=81
08-30 15:11:16.207 23627 23627 I ViewRootImpl@674363c[InstrumentationActivityInvoker$EmptyActivity]: setView = com.android.internal.policy.DecorView@fe23c09 TM=true
08-30 15:11:16.209 23627 23627 I ViewRootImpl@3865a5b[InstrumentationActivityInvoker$EmptyActivity]: MSG_WINDOW_FOCUS_CHANGED 0 1
08-30 15:11:16.221  4349  6779 V WindowManager: Relayout Window{8c66e47 u0 com.example.dogglers/androidx.test.core.app.InstrumentationActivityInvoker$EmptyActivity}: viewVisibility=0 req=720x1560
08-30 15:11:16.223  4349  6779 D WindowManager: isScreenshotDisabledLocked - win: Window{8c66e47 u0 com.example.dogglers/androidx.test.core.app.InstrumentationActivityInvoker$EmptyActivity}
08-30 15:11:16.223  4349  6779 D WindowManager: isScreenshotDisabledLocked: userId = 0, disabled =false
08-30 15:11:16.224  3976  4002 I SurfaceFlinger: id=38174 createSurf (720x1560),1 flag=404, com.example.dogglers/androidx.test.core.app.InstrumentationActivityInvoker$EmptyActivity$_23627#1
08-30 15:11:16.226  4349  6779 I SurfaceControl: nativeRelease nativeObject s[476021494272]
08-30 15:11:16.226  4349  6779 I SurfaceControl: nativeRelease nativeObject e[476021494272]
08-30 15:11:16.226 14146 14146 I TrayStateController: systemUiVisibilityChanged : 0 0
08-30 15:11:16.227  3976  5385 I SurfaceFlinger: id=38175 createSurf (0x0),-1 flag=24000, Surface(name=1096c8d StatusBar)/@0xeaf4dd0 - animation-leash#1
08-30 15:11:16.227  4349  6779 I SurfaceControl: nativeRelease nativeObject s[476021494752]
08-30 15:11:16.228  4349  6779 I SurfaceControl: nativeRelease nativeObject e[476021494752]
08-30 15:11:16.228  3976  5385 I SurfaceFlinger: id=38176 createSurf (0x0),-1 flag=24000, Surface(name=b07ecc5 NavigationBar0)/@0xa8376fc - animation-leash#0
08-30 15:11:16.230  4349  6779 V WindowManager: Relayout hash=8c66e47, pid=23627: mAttrs={(0,0)(fillxfill) sim={adjust=pan forwardNavigation} ty=BASE_APPLICATION wanim=0x1030001
08-30 15:11:16.230  4349  6779 V WindowManager:   fl=1810100
08-30 15:11:16.230  4349  6779 V WindowManager:   pfl=12020000
08-30 15:11:16.230  4349  6779 V WindowManager:   fitSides= naviIconColor=0}
08-30 15:11:16.230  4349  6779 I SurfaceControl: nativeRelease nativeObject s[476007087584]
08-30 15:11:16.230  4349  6779 I SurfaceControl: nativeRelease nativeObject e[476007087584]
08-30 15:11:16.232 23627 23627 I SurfaceControl: assignNativeObject: nativeObject = 0 Surface(name=null)/@0x6698fc5 / android.view.SurfaceControl.readFromParcel:1117 android.view.IWindowSession$Stub$Proxy.relayout:1836 android.view.ViewRootImpl.relayoutWindow:9005 android.view.ViewRootImpl.performTraversals:3360 android.view.ViewRootImpl.doTraversal:2618 android.view.ViewRootImpl$TraversalRunnable.run:9971 android.view.Choreographer$CallbackRecord.run:1010 android.view.Choreographer.doCallbacks:809 android.view.Choreographer.doFrame:744 android.view.Choreographer$FrameDisplayEventReceiver.run:995
08-30 15:11:16.233 23627 23627 I ViewRootImpl@674363c[InstrumentationActivityInvoker$EmptyActivity]: Relayout returned: old=(0,0,720,1560) new=(0,0,720,1560) req=(720,1560)0 dur=12 res=0x7 s={true 478231728128} ch=true fn=-1
08-30 15:11:16.235  3976  5385 I Layer   : id=38169 removeFromCurrentState Surface(name=1096c8d StatusBar)/@0xeaf4dd0 - animation-leash#0 (97)
08-30 15:11:16.235  3976  5385 I Layer   : id=29 removeFromCurrentState 1096c8d StatusBar#0 (97)
08-30 15:11:16.235  3976  5385 I Layer   : id=36 removeFromCurrentState StatusBar$_4708#0 (97)
08-30 15:11:16.235  3976  5385 I Layer   : id=29 addToCurrentState 1096c8d StatusBar#0 (97)
08-30 15:11:16.235  3976  5385 I Layer   : id=36 addToCurrentState StatusBar$_4708#0 (97)
08-30 15:11:16.235  3976  5385 I Layer   : id=38170 removeFromCurrentState Surface(name=b07ecc5 NavigationBar0)/@0xa8376fc - animation-leash#1 (97)
08-30 15:11:16.238 23627 23627 I ViewRootImpl@674363c[InstrumentationActivityInvoker$EmptyActivity]: [DP] dp(1) 1 android.view.ViewRootImpl.reportNextDraw:10957 android.view.ViewRootImpl.performTraversals:3845 android.view.ViewRootImpl.doTraversal:2618
08-30 15:11:16.238  3899 10978 D gralloc : [mali_gralloc_allocate] begin
08-30 15:11:16.238  3899 10978 D gralloc : buffer_descriptor: wh(720 1560) usage_pc(0x40000000000b00 0x40000000000b00) hal_format(0x1) layer_count(1) sizes(0 0 0) strde(0) byte_stride(0) alloc_wh(0 0) internal_format(0x0) alloc_format(0x0) fd_count(1) plane_count(0)
08-30 15:11:16.238 23627 23627 I ViewRootImpl@674363c[InstrumentationActivityInvoker$EmptyActivity]: [DP] pd() Asnyc report
08-30 15:11:16.239  3899 10978 D gralloc : [mali_gralloc_allocate] allocation successful
08-30 15:11:16.239  3899 10978 D gralloc : [mali_gralloc_allocate] begin
08-30 15:11:16.240  3899 10978 D gralloc : buffer_descriptor: wh(720 1560) usage_pc(0x40000000000b00 0x40000000000b00) hal_format(0x1) layer_count(1) sizes(0 0 0) strde(0) byte_stride(0) alloc_wh(0 0) internal_format(0x0) alloc_format(0x0) fd_count(1) plane_count(0)
08-30 15:11:16.240  3899 10978 D gralloc : [mali_gralloc_allocate] allocation successful
08-30 15:11:16.241  3899 10978 D gralloc : [mali_gralloc_allocate] begin
08-30 15:11:16.241  3899 10978 D gralloc : buffer_descriptor: wh(720 1560) usage_pc(0x40000000000b00 0x40000000000b00) hal_format(0x1) layer_count(1) sizes(0 0 0) strde(0) byte_stride(0) alloc_wh(0 0) internal_format(0x0) alloc_format(0x0) fd_count(1) plane_count(0)
08-30 15:11:16.242  3899 10978 D gralloc : [mali_gralloc_allocate] allocation successful
08-30 15:11:16.244 23627 23627 I ViewRootImpl@674363c[InstrumentationActivityInvoker$EmptyActivity]: [DP] pdf(0) 1 android.view.ViewRootImpl.lambda$performDraw$1$ViewRootImpl:4668 android.view.-$$Lambda$ViewRootImpl$DJd0VUYJgsebcnSohO6h8zc_ONI.run:6 android.os.Handler.handleCallback:938
08-30 15:11:16.244 23627 23627 I ViewRootImpl@674363c[InstrumentationActivityInvoker$EmptyActivity]: [DP] rdf()
08-30 15:11:16.249  4349  4372 D PkgPredictorService: pkg:com.example.dogglers activity:androidx.test.core.app.InstrumentationActivityInvoker$EmptyActivity thisTime:208
08-30 15:11:16.251  4349  4372 I SemDvfsHyPerManager: acquire hyper - AMS_RESUME_TAIL/4349@18, type = -999
08-30 15:11:16.251  4349  4376 I ActivityTaskManager: Displayed com.example.dogglers/androidx.test.core.app.InstrumentationActivityInvoker$EmptyActivity: +208ms
08-30 15:11:16.251  4349  4372 I SemDvfsHyPerManager: acquire hyper - AMS_ACT_LAZY/4349@19, type = -999
08-30 15:11:16.252  3927  3954 I HYPER-HAL: [RequestManager.cpp]acquire(): Acquired ID : 9537546  [4349 / 18]    HINT : AMS_RESUME_TAIL    list :
08-30 15:11:16.252  3927  3954 E HYPER-HAL: [HandlerSysfs.cpp]doResourceHandling(): Couldn't Open Sysfs - /sys/power/cstate_control
08-30 15:11:16.252  3927  3954 I HYPER-HAL: [ResourceManager.cpp]updateResource(): [CPUMinFreq] UpdateResource Request ID : 9537546    Value : 1560000
08-30 15:11:16.252  5589  5589 E pageboostd: Received HALT command code 2
08-30 15:11:16.252  3927  3954 I HYPER-HAL: [RequestManager.cpp]acquire(): Acquired ID : 9541915  [4349 / 19]    HINT :      list :
08-30 15:11:16.253  3927  3954 E HYPER-HAL: [Request.cpp]acquire(): Request:: id : 9541915, No Resource to set
08-30 15:11:16.253  3927  3954 E HYPER-HAL: [HandlerSysfs.cpp]doResourceHandling(): Couldn't Open Sysfs - /sys/power/cstate_control
08-30 15:11:16.254  3927  3954 I HYPER-HAL: [ResourceManager.cpp]removeResource(): [CPUMinFreq] RemoveResource Request ID : 9528811
08-30 15:11:16.254  3927  3954 I HYPER-HAL: [RequestManager.cpp]releaseLocked(): Released ID : 9528811
08-30 15:11:16.256 23627 23627 I SurfaceControl: nativeRelease nativeObject s[478061397440]
08-30 15:11:16.256 23627 23627 I SurfaceControl: nativeRelease nativeObject e[478061397440]
08-30 15:11:16.256 23627 23627 I SurfaceControl: nativeRelease nativeObject s[478061392352]
08-30 15:11:16.256 23627 23627 I SurfaceControl: nativeRelease nativeObject e[478061392352]
08-30 15:11:16.256 23627 23627 I SurfaceControl: nativeRelease nativeObject s[480791760480]
08-30 15:11:16.256 23627 23627 I SurfaceControl: nativeRelease nativeObject e[480791760480]
08-30 15:11:16.257  3976  4002 I SurfaceFlinger: id=38170 Removed Surface(name=b07ecc5 NavigationBar0)/@0xa8376fc - animation-leash#1 (97)
08-30 15:11:16.257  3976  4002 I SurfaceFlinger: id=38169 Removed Surface(name=1096c8d StatusBar)/@0xeaf4dd0 - animation-leash#0 (97)
08-30 15:11:16.267  3976  3976 I Layer   : id=38170[1] Destroyed Surface(name=b07ecc5 NavigationBar0)/@0xa8376fc - animation-leash#1
08-30 15:11:16.267  3976  3976 I Layer   : id=38169[1] Destroyed Surface(name=1096c8d StatusBar)/@0xeaf4dd0 - animation-leash#0
08-30 15:11:16.268  4349  6779 I InputDispatcher: Focus entered window (23627): 8c66e47 in display 0 0
08-30 15:11:16.271  4349  6797 D InputDispatcher: Focused application set to (0): 641dc7a
08-30 15:11:16.273  3976  3976 D SurfaceFlinger: Display 0 HWC layers:
08-30 15:11:16.273  3976  3976 D SurfaceFlinger:      DEVICE | 0x75743a5580 | 0002 | RGBA_8888    |    0.0    0.0  720.0 1560.0 |    0    0  720 1560 | com.example.dogglers/androidx.test.c[...]tivityInvoker$EmptyActivity$_23627#1
08-30 15:11:16.273  3976  3976 D SurfaceFlinger:      DEVICE | 0x75743a6200 | 0000 | RGBA_8888    |    0.0    0.0  720.0   53.0 |    0    0  720   53 | StatusBar$_4708#0
08-30 15:11:16.273  3976  3976 D SurfaceFlinger:      DEVICE | 0x74d157fa00 | 0000 | RGBA_8888    |    0.0    0.0   67.0  232.0 |  653  151  720  383 | com.samsung.android.app.cocktailbars[...]rservice.CocktailBarService$_14146#0
08-30 15:11:16.273  3976  3976 D SurfaceFlinger:      DEVICE | 0x75743a7380 | 0000 | RGBA_8888    |    0.0    0.0  720.0   84.0 |    0 1476  720 1560 | NavigationBar0$_4708#0
08-30 15:11:16.273  3976  3976 D SurfaceFlinger:      DEVICE | 0x74f0413e00 | 0000 | RGBA_8888    |    0.0    0.0  720.0  101.0 |    0    0  720  101 | ScreenDecorOverlay$_4708#0
08-30 15:11:16.273  3976  3976 D SurfaceFlinger:      DEVICE | 0x75743a7b00 | 0000 | RGBA_8888    |    0.0    0.0  720.0  101.0 |    0 1459  720 1560 | ScreenDecorOverlayBottom$_4708#0
08-30 15:11:16.273  3976  3976 D SurfaceFlinger:
08-30 15:11:16.279  4349  6797 D SecContentProvider: query(), uri = 17 selection = isSettingsChangesAllowed
08-30 15:11:16.280  4349  4371 D PersonaActivityHelper: Activity not in resumed state, do not run immediate lock
08-30 15:11:16.284  3976  4001 E BufferQueueProducer: [com.example.dogglers/androidx.test.core.app.InstrumentationActivityInvoker$EmptyActivity$_23627#0](id:f88000033b6,api:0,p:-1,c:3976) disconnect: not connected (req=1)
08-30 15:11:16.285 23627 23685 W libEGL  : EGLNativeWindowType 0x6f58d1a010 disconnect failed
08-30 15:11:16.286  4349  6797 V WindowManager: Relayout Window{24f368b u0 com.example.dogglers/androidx.test.core.app.InstrumentationActivityInvoker$EmptyActivity}: viewVisibility=8 req=720x1560
08-30 15:11:16.291  4349  6797 V WindowManager: Relayout hash=24f368b, pid=23627: mAttrs={(0,0)(fillxfill) sim={adjust=pan forwardNavigation} ty=BASE_APPLICATION wanim=0x1030001
08-30 15:11:16.291  4349  6797 V WindowManager:   fl=1810100
08-30 15:11:16.291  4349  6797 V WindowManager:   pfl=12020000
08-30 15:11:16.291  4349  6797 V WindowManager:   fitSides= naviIconColor=0}
08-30 15:11:16.292 23627 23627 I SurfaceControl: nativeRelease nativeObject s[480791760576]
08-30 15:11:16.292 23627 23627 I SurfaceControl: nativeRelease nativeObject e[480791760576]
08-30 15:11:16.292 23627 23627 I SurfaceControl: assignNativeObject: nativeObject = 0 Surface(name=null)/@0xc1e6d1a / android.view.SurfaceControl.readFromParcel:1117 android.view.IWindowSession$Stub$Proxy.relayout:1826 android.view.ViewRootImpl.relayoutWindow:9005 android.view.ViewRootImpl.performTraversals:3360 android.view.ViewRootImpl.doTraversal:2618 android.view.ViewRootImpl$TraversalRunnable.run:9971 android.view.Choreographer$CallbackRecord.run:1010 android.view.Choreographer.doCallbacks:809 android.view.Choreographer.doFrame:744 android.view.Choreographer$FrameDisplayEventReceiver.run:995
08-30 15:11:16.293 23627 23627 I SurfaceControl: assignNativeObject: nativeObject = 0 Surface(name=null)/@0xd1e62f8 / android.view.SurfaceControl.readFromParcel:1117 android.view.IWindowSession$Stub$Proxy.relayout:1836 android.view.ViewRootImpl.relayoutWindow:9005 android.view.ViewRootImpl.performTraversals:3360 android.view.ViewRootImpl.doTraversal:2618 android.view.ViewRootImpl$TraversalRunnable.run:9971 android.view.Choreographer$CallbackRecord.run:1010 android.view.Choreographer.doCallbacks:809 android.view.Choreographer.doFrame:744 android.view.Choreographer$FrameDisplayEventReceiver.run:995
08-30 15:11:16.294 23627 23627 I SurfaceControl: nativeRelease nativeObject s[476571791776]
08-30 15:11:16.294 23627 23627 I SurfaceControl: nativeRelease nativeObject e[476571791776]
08-30 15:11:16.294 23627 23627 I ViewRootImpl@3865a5b[InstrumentationActivityInvoker$EmptyActivity]: Relayout returned: old=(0,0,720,1560) new=(0,0,720,1560) req=(720,1560)8 dur=8 res=0x5 s={false 0} ch=true fn=2
08-30 15:11:16.295 23627 23627 I ViewRootImpl@3865a5b[InstrumentationActivityInvoker$EmptyActivity]: stopped(true) old=false
08-30 15:11:16.295 23627 23627 D LifecycleMonitor: Lifecycle status change: androidx.test.core.app.InstrumentationActivityInvoker$EmptyActivity@777015e in: STOPPED
08-30 15:11:16.296 23627 23627 V ActivityScenario: Activity lifecycle changed event received but ignored because the intent does not match. startActivityIntent=Intent { act=android.intent.action.MAIN cat=[android.intent.category.LAUNCHER] cmp=com.example.dogglers/.MainActivity }, activity.getIntent()=Intent { act=android.intent.action.MAIN cat=[android.intent.category.LAUNCHER] flg=0x10000000 cmp=com.example.dogglers/androidx.test.core.app.InstrumentationActivityInvoker$EmptyActivity }, activity=androidx.test.core.app.InstrumentationActivityInvoker$EmptyActivity@777015e
08-30 15:11:16.298 23627 23627 D LifecycleMonitor: Lifecycle status change: androidx.test.core.app.InstrumentationActivityInvoker$EmptyActivity@777015e in: DESTROYED
08-30 15:11:16.299 23627 23627 V ActivityScenario: Activity lifecycle changed event received but ignored because the intent does not match. startActivityIntent=Intent { act=android.intent.action.MAIN cat=[android.intent.category.LAUNCHER] cmp=com.example.dogglers/.MainActivity }, activity.getIntent()=Intent { act=android.intent.action.MAIN cat=[android.intent.category.LAUNCHER] flg=0x10000000 cmp=com.example.dogglers/androidx.test.core.app.InstrumentationActivityInvoker$EmptyActivity }, activity=androidx.test.core.app.InstrumentationActivityInvoker$EmptyActivity@777015e
08-30 15:11:16.301 23627 23627 I ViewRootImpl@3865a5b[InstrumentationActivityInvoker$EmptyActivity]: dispatchDetachedFromWindow
08-30 15:11:16.301  4349  6797 I InputDispatcher: Focus left window (23627): 8c66e47 in display 0 0
08-30 15:11:16.302  4349  6779 D InputTransport: Input channel destroyed: '24f368b', fd=707
08-30 15:11:16.302  4349  6779 I SurfaceControl: nativeRelease nativeObject s[476007086624]
08-30 15:11:16.302  4349  6779 I SurfaceControl: nativeRelease nativeObject e[476007086624]
08-30 15:11:16.302  4349  6779 D WindowManager: isScreenshotDisabledLocked - win: Window{24f368b u0 com.example.dogglers/androidx.test.core.app.InstrumentationActivityInvoker$EmptyActivity}
08-30 15:11:16.302  4349  6779 D WindowManager: isScreenshotDisabledLocked: userId = 0, disabled =false
08-30 15:11:16.302  4349  6779 I SurfaceControl: nativeRelease nativeObject s[476021493984]
08-30 15:11:16.302  4349  6779 I SurfaceControl: nativeRelease nativeObject e[476021493984]
08-30 15:11:16.303  3976  5385 I SurfaceFlinger: id=38177 createSurf (0x0),-1 flag=24004, Surface(name=749d536 InputMethod)/@0x72f94d3 - animation-leash#0
08-30 15:11:16.304  4349  6779 I SurfaceControl: nativeRelease nativeObject s[476021493408]
08-30 15:11:16.304  4349  6779 I SurfaceControl: nativeRelease nativeObject e[476021493408]
08-30 15:11:16.304  3976  5385 I Layer   : id=38168 removeFromCurrentState com.example.dogglers/androidx.test.core.app.InstrumentationActivityInvoker$EmptyActivity$_23627#0 (96)
08-30 15:11:16.304  3976  4002 I SurfaceFlinger: id=38168 Removed com.example.dogglers/androidx.test.core.app.InstrumentationActivityInvoker$EmptyActivity$_23627#0 (96)
08-30 15:11:16.306  3976  4002 I Layer   : id=38167 removeFromCurrentState 24f368b com.example.dogglers/androidx.test.core.app.InstrumentationActivityInvoker$EmptyActivity#0 (96)
08-30 15:11:16.307  3976  4002 I Layer   : id=38171 removeFromCurrentState Surface(name=749d536 InputMethod)/@0x72f94d3 - animation-leash#1 (96)
08-30 15:11:16.307  3976  4002 I SurfaceFlinger: id=38167 Removed 24f368b com.example.dogglers/androidx.test.core.app.InstrumentationActivityInvoker$EmptyActivity#0 (96)
08-30 15:11:16.308 23627 23627 D InputTransport: Input channel destroyed: '24f368b', fd=91
08-30 15:11:16.309  4349  6779 I SurfaceControl: nativeRelease nativeObject s[476021426176]
08-30 15:11:16.309  4349  6779 I SurfaceControl: nativeRelease nativeObject e[476021426176]
08-30 15:11:16.312 23627 23627 D LifecycleMonitor: Lifecycle status change: androidx.test.core.app.InstrumentationActivityInvoker$EmptyActivity@fb3b9d3 in: PAUSED
08-30 15:11:16.313 23627 23627 V ActivityScenario: Activity lifecycle changed event received but ignored because the intent does not match. startActivityIntent=Intent { act=android.intent.action.MAIN cat=[android.intent.category.LAUNCHER] cmp=com.example.dogglers/.MainActivity }, activity.getIntent()=Intent { act=android.intent.action.MAIN cat=[android.intent.category.LAUNCHER] flg=0x10000000 cmp=com.example.dogglers/androidx.test.core.app.InstrumentationActivityInvoker$EmptyActivity }, activity=androidx.test.core.app.InstrumentationActivityInvoker$EmptyActivity@fb3b9d3
08-30 15:11:16.314  4349  6797 I SemDvfsHyPerManager: acquire hyper - AMS_APP_HOME/4349@35, type = -999
08-30 15:11:16.315  3927  3954 I HYPER-HAL: [RequestManager.cpp]acquire(): Acquired ID : 9611955  [4349 / 35]    HINT : AMS_APP_HOME    list :
08-30 15:11:16.315  3927  3954 E HYPER-HAL: [HandlerSysfs.cpp]doResourceHandling(): Couldn't Open Sysfs - /sys/power/cstate_control
08-30 15:11:16.315  3927  3954 I HYPER-HAL: [ResourceManager.cpp]updateResource(): [CPUMinFreq] UpdateResource Request ID : 9611955    Value : 1768000
08-30 15:11:16.315  3881  3886 E statsd  : Predicate -7037417284711607308 dropping data for dimension key (10)0x2010101->10429[I] (10)0x30000->*launch*[S]
08-30 15:11:16.317  3976  3976 I Layer   : id=38167[1] Destroyed 24f368b com.example.dogglers/androidx.test.core.app.InstrumentationActivityInvoker$EmptyActivity#0
08-30 15:11:16.317  3976  3976 I Layer   : id=38168[1] Destroyed com.example.dogglers/androidx.test.core.app.InstrumentationActivityInvoker$EmptyActivity$_23627#0
08-30 15:11:16.318  4349  6797 V WindowOrientationListener: getProposedRotation: -1
08-30 15:11:16.318  4349  6797 V WindowOrientationListener: getProposedRotation: -1
08-30 15:11:16.320  4349  6797 V WindowOrientationListener: getProposedRotation: -1
08-30 15:11:16.325  3976  4002 I Layer   : id=38162 removeFromCurrentState ActivityRecord{47684f4 u0 com.example.dogglers/androidx.test.core.app.InstrumentationActivityInvoker$EmptyActivity t1413}#0 (94)
08-30 15:11:16.326  3976  4002 I SurfaceFlinger: id=38162 Removed ActivityRecord{47684f4 u0 com.example.dogglers/androidx.test.core.app.InstrumentationActivityInvoker$EmptyActivity t1413}#0 (94)
08-30 15:11:16.327 23627 23627 I ViewRootImpl@674363c[InstrumentationActivityInvoker$EmptyActivity]: MSG_WINDOW_FOCUS_CHANGED 0 1
08-30 15:11:16.328 23627 23627 I ViewRootImpl@674363c[InstrumentationActivityInvoker$EmptyActivity]: MSG_WINDOW_FOCUS_CHANGED 0 1
08-30 15:11:16.328 23627 23651 I TestRunner: finished: vertical_list_button_is_displayed(com.example.dogglers.ButtonTests)
