08-30 15:11:29.425  3976  3976 I Layer   : id=38512[1] Destroyed Surface(name=b07ecc5 NavigationBar0)/@0xa8376fc - animation-leash#0
08-30 15:11:29.426  4349  5108 I InputDispatcher: Focus entered window (23627): 80ee9bc in display 0 0
08-30 15:11:29.430  3976  3976 D SurfaceFlinger: Display 0 HWC layers:
08-30 15:11:29.430  3976  3976 D SurfaceFlinger:      DEVICE | 0x75743a60c0 | 0002 | RGBA_8888    |    0.0    0.0  720.0 1560.0 |    0    0  720 1560 | com.example.dogglers/androidx.test.c[...]tivityInvoker$EmptyActivity$_23627#1
08-30 15:11:29.430  3976  3976 D SurfaceFlinger:      DEVICE | 0x75743a6fc0 | 0000 | RGBA_8888    |    0.0    0.0  720.0   53.0 |    0    0  720   53 | StatusBar$_4708#0
08-30 15:11:29.430  3976  3976 D SurfaceFlinger:      DEVICE | 0x74d157fa00 | 0000 | RGBA_8888    |    0.0    0.0   67.0  232.0 |  653  151  720  383 | com.samsung.android.app.cocktailbars[...]rservice.CocktailBarService$_14146#0
08-30 15:11:29.430  3976  3976 D SurfaceFlinger:      DEVICE | 0x75743a7380 | 0000 | RGBA_8888    |    0.0    0.0  720.0   84.0 |    0 1476  720 1560 | NavigationBar0$_4708#0
08-30 15:11:29.430  3976  3976 D SurfaceFlinger:      DEVICE | 0x74f0413e00 | 0000 | RGBA_8888    |    0.0    0.0  720.0  101.0 |    0    0  720  101 | ScreenDecorOverlay$_4708#0
08-30 15:11:29.430  3976  3976 D SurfaceFlinger:      DEVICE | 0x75743a7b00 | 0000 | RGBA_8888    |    0.0    0.0  720.0  101.0 |    0 1459  720 1560 | ScreenDecorOverlayBottom$_4708#0
08-30 15:11:29.430  3976  3976 D SurfaceFlinger:
08-30 15:11:29.434  4349  6765 D InputDispatcher: Focused application set to (0): 641dc7a
08-30 15:11:29.442  4349  4371 D PersonaActivityHelper: Activity not in resumed state, do not run immediate lock
08-30 15:11:29.443  3976  4002 E BufferQueueProducer: [com.example.dogglers/androidx.test.core.app.InstrumentationActivityInvoker$EmptyActivity$_23627#0](id:f88000033e3,api:0,p:-1,c:3976) disconnect: not connected (req=1)
08-30 15:11:29.443 23627 23685 W libEGL  : EGLNativeWindowType 0x6f579ec010 disconnect failed
08-30 15:11:29.443  4349  5108 D SecContentProvider: query(), uri = 17 selection = isSettingsChangesAllowed
08-30 15:11:29.444  4349  6765 V WindowManager: Relayout Window{5cb6865 u0 com.example.dogglers/androidx.test.core.app.InstrumentationActivityInvoker$EmptyActivity}: viewVisibility=8 req=720x1560
08-30 15:11:29.447  4349  6765 V WindowManager: Relayout hash=5cb6865, pid=23627: mAttrs={(0,0)(fillxfill) sim={adjust=pan forwardNavigation} ty=BASE_APPLICATION wanim=0x1030001
08-30 15:11:29.447  4349  6765 V WindowManager:   fl=1810100
08-30 15:11:29.447  4349  6765 V WindowManager:   pfl=12020000
08-30 15:11:29.447  4349  6765 V WindowManager:   fitSides= naviIconColor=0}
08-30 15:11:29.448 23627 23627 I SurfaceControl: nativeRelease nativeObject s[478212335776]
08-30 15:11:29.448 23627 23627 I SurfaceControl: nativeRelease nativeObject e[478212335776]
08-30 15:11:29.448 23627 23627 I SurfaceControl: assignNativeObject: nativeObject = 0 Surface(name=null)/@0xc97149 / android.view.SurfaceControl.readFromParcel:1117 android.view.IWindowSession$Stub$Proxy.relayout:1826 android.view.ViewRootImpl.relayoutWindow:9005 android.view.ViewRootImpl.performTraversals:3360 android.view.ViewRootImpl.doTraversal:2618 android.view.ViewRootImpl$TraversalRunnable.run:9971 android.view.Choreographer$CallbackRecord.run:1010 android.view.Choreographer.doCallbacks:809 android.view.Choreographer.doFrame:744 android.view.Choreographer$FrameDisplayEventReceiver.run:995
08-30 15:11:29.449 23627 23627 I SurfaceControl: assignNativeObject: nativeObject = 0 Surface(name=null)/@0x71bc84c / android.view.SurfaceControl.readFromParcel:1117 android.view.IWindowSession$Stub$Proxy.relayout:1836 android.view.ViewRootImpl.relayoutWindow:9005 android.view.ViewRootImpl.performTraversals:3360 android.view.ViewRootImpl.doTraversal:2618 android.view.ViewRootImpl$TraversalRunnable.run:9971 android.view.Choreographer$CallbackRecord.run:1010 android.view.Choreographer.doCallbacks:809 android.view.Choreographer.doFrame:744 android.view.Choreographer$FrameDisplayEventReceiver.run:995
08-30 15:11:29.450 23627 23627 I SurfaceControl: nativeRelease nativeObject s[476145764928]
08-30 15:11:29.450 23627 23627 I SurfaceControl: nativeRelease nativeObject e[476145764928]
08-30 15:11:29.450 23627 23627 I ViewRootImpl@237707f[InstrumentationActivityInvoker$EmptyActivity]: Relayout returned: old=(0,0,720,1560) new=(0,0,720,1560) req=(720,1560)8 dur=6 res=0x5 s={false 0} ch=true fn=2
08-30 15:11:29.451 23627 23627 I ViewRootImpl@237707f[InstrumentationActivityInvoker$EmptyActivity]: stopped(true) old=false
08-30 15:11:29.452 23627 23627 D LifecycleMonitor: Lifecycle status change: androidx.test.core.app.InstrumentationActivityInvoker$EmptyActivity@157ee52 in: STOPPED
08-30 15:11:29.452 23627 23627 V ActivityScenario: Activity lifecycle changed event received but ignored because the intent does not match. startActivityIntent=Intent { act=android.intent.action.MAIN cat=[android.intent.category.LAUNCHER] cmp=com.example.dogglers/.HorizontalListActivity }, activity.getIntent()=Intent { act=android.intent.action.MAIN cat=[android.intent.category.LAUNCHER] flg=0x10000000 cmp=com.example.dogglers/androidx.test.core.app.InstrumentationActivityInvoker$EmptyActivity }, activity=androidx.test.core.app.InstrumentationActivityInvoker$EmptyActivity@157ee52
08-30 15:11:29.454 23627 23627 D LifecycleMonitor: Lifecycle status change: androidx.test.core.app.InstrumentationActivityInvoker$EmptyActivity@157ee52 in: DESTROYED
08-30 15:11:29.454 23627 23627 V ActivityScenario: Activity lifecycle changed event received but ignored because the intent does not match. startActivityIntent=Intent { act=android.intent.action.MAIN cat=[android.intent.category.LAUNCHER] cmp=com.example.dogglers/.HorizontalListActivity }, activity.getIntent()=Intent { act=android.intent.action.MAIN cat=[android.intent.category.LAUNCHER] flg=0x10000000 cmp=com.example.dogglers/androidx.test.core.app.InstrumentationActivityInvoker$EmptyActivity }, activity=androidx.test.core.app.InstrumentationActivityInvoker$EmptyActivity@157ee52
08-30 15:11:29.455 23627 23627 I ViewRootImpl@237707f[InstrumentationActivityInvoker$EmptyActivity]: dispatchDetachedFromWindow
08-30 15:11:29.456  4349  6765 D InputTransport: Input channel destroyed: '5cb6865', fd=723
08-30 15:11:29.456  4349  6765 I SurfaceControl: nativeRelease nativeObject s[476008566336]
08-30 15:11:29.456  4349  6765 I SurfaceControl: nativeRelease nativeObject e[476008566336]
08-30 15:11:29.456  4349  6765 D WindowManager: isScreenshotDisabledLocked - win: Window{5cb6865 u0 com.example.dogglers/androidx.test.core.app.InstrumentationActivityInvoker$EmptyActivity}
08-30 15:11:29.456  4349  6765 D WindowManager: isScreenshotDisabledLocked: userId = 0, disabled =false
08-30 15:11:29.456  4349  6765 I SurfaceControl: nativeRelease nativeObject s[477997781440]
08-30 15:11:29.456  4349  6765 I SurfaceControl: nativeRelease nativeObject e[477997781440]
08-30 15:11:29.457  3976  4002 I SurfaceFlinger: id=38520 createSurf (0x0),-1 flag=24004, Surface(name=749d536 InputMethod)/@0x72f94d3 - animation-leash#0
08-30 15:11:29.458  4349  6765 I SurfaceControl: nativeRelease nativeObject s[477997782016]
08-30 15:11:29.458  4349  6765 I SurfaceControl: nativeRelease nativeObject e[477997782016]
08-30 15:11:29.458  3976  4002 I Layer   : id=38510 removeFromCurrentState com.example.dogglers/androidx.test.core.app.InstrumentationActivityInvoker$EmptyActivity$_23627#0 (101)
08-30 15:11:29.459  4349  5108 I InputDispatcher: Focus left window (23627): 80ee9bc in display 0 0
08-30 15:11:29.461  3976  4002 I Layer   : id=38509 removeFromCurrentState 5cb6865 com.example.dogglers/androidx.test.core.app.InstrumentationActivityInvoker$EmptyActivity#0 (101)
08-30 15:11:29.461  3976  4002 I Layer   : id=38515 removeFromCurrentState Surface(name=749d536 InputMethod)/@0x72f94d3 - animation-leash#1 (101)
08-30 15:11:29.461  3976  4002 I SurfaceFlinger: id=38510 Removed com.example.dogglers/androidx.test.core.app.InstrumentationActivityInvoker$EmptyActivity$_23627#0 (101)
08-30 15:11:29.461  3976  4002 I SurfaceFlinger: id=38509 Removed 5cb6865 com.example.dogglers/androidx.test.core.app.InstrumentationActivityInvoker$EmptyActivity#0 (101)
08-30 15:11:29.462 23627 23627 D InputTransport: Input channel destroyed: '5cb6865', fd=92
08-30 15:11:29.463 23627 23627 I ViewRootImpl@cae1d13[InstrumentationActivityInvoker$EmptyActivity]: MSG_WINDOW_FOCUS_CHANGED 1 1
08-30 15:11:29.463 23627 23627 D InputMethodManager: prepareNavigationBarInfo() DecorView@8c8d4e4[InstrumentationActivityInvoker$EmptyActivity]
08-30 15:11:29.463 23627 23627 D InputMethodManager: getNavigationBarColor() -16711423
08-30 15:11:29.464 23627 23627 D InputMethodManager: prepareNavigationBarInfo() DecorView@8c8d4e4[InstrumentationActivityInvoker$EmptyActivity]
08-30 15:11:29.464 23627 23627 D InputMethodManager: getNavigationBarColor() -16711423
08-30 15:11:29.464 23627 23627 V InputMethodManager: Starting input: tba=com.example.dogglers ic=null mNaviBarColor -16711423 mIsGetNaviBarColorSuccess true , NavVisible : true , NavTrans : false
08-30 15:11:29.464 23627 23627 D InputMethodManager: startInputInner - Id : 0
08-30 15:11:29.464 23627 23627 I InputMethodManager: startInputInner - mService.startInputOrWindowGainedFocus
08-30 15:11:29.465  4349  6765 D InputMethodManagerService: mSecureKeypadEnabled = false
08-30 15:11:29.466  4349  5108 I SurfaceControl: nativeRelease nativeObject s[476016225440]
08-30 15:11:29.466  4349  5108 I SurfaceControl: nativeRelease nativeObject e[476016225440]
08-30 15:11:29.468  4349  6765 V InputMethodManagerService: hideCurrentInputLocked : shouldHideSoftInput is false
08-30 15:11:29.468  4349  6765 D InputMethodManagerService: mDesktopModeManager null!
08-30 15:11:29.468  4349  6765 V InputMethodManagerService: getDisplayIdOfInputMethodWindowToBeAdded : 0
08-30 15:11:29.468  4349  6765 D InputMethodManagerService: checkDisplayOfStartInputAndUpdateKeyboard display Id 0last 0
08-30 15:11:29.468  4349  6765 D InputTransport: Input channel constructed: 'ClientS', fd=723
08-30 15:11:29.468  4349  6765 D InputTransport: Input channel destroyed: 'ClientS', fd=723
08-30 15:11:29.469 23627 23627 D InputTransport: Input channel constructed: 'ClientS', fd=91
08-30 15:11:29.469 23627 23627 D InputTransport: Input channel destroyed: 'ClientS', fd=81
08-30 15:11:29.469  4349  6765 I SurfaceControl: nativeRelease nativeObject s[477997782688]
08-30 15:11:29.469  4349  6765 I SurfaceControl: nativeRelease nativeObject e[477997782688]
08-30 15:11:29.470  3976  4002 I SurfaceFlinger: id=38521 createSurf (0x0),-1 flag=24004, Surface(name=749d536 InputMethod)/@0x72f94d3 - animation-leash#1
08-30 15:11:29.471  7475  7475 I HBD     : HoneyBoardService onFinishInput
08-30 15:11:29.471  7475  7475 I HBD     : a IC have been unbinded,  InputConnectionWrapper{idHash=#ba07e93 mMissingMethods=}
08-30 15:11:29.471  7475  7475 I HBD     : HoneyBoardService [PF_CL][onFinishInput]  312654 ns
08-30 15:11:29.471 23627 23627 D LifecycleMonitor: Lifecycle status change: androidx.test.core.app.InstrumentationActivityInvoker$EmptyActivity@286c276 in: PAUSED
08-30 15:11:29.472  7475  7475 I HBD     : HoneyBoardService [IMI] onStartInput - caller pid : 23627 , caller uid : 10429
08-30 15:11:29.472  7475  7475 I HBD     : i updateConfigs
08-30 15:11:29.472 23627 23627 V ActivityScenario: Activity lifecycle changed event received but ignored because the intent does not match. startActivityIntent=Intent { act=android.intent.action.MAIN cat=[android.intent.category.LAUNCHER] cmp=com.example.dogglers/.HorizontalListActivity }, activity.getIntent()=Intent { act=android.intent.action.MAIN cat=[android.intent.category.LAUNCHER] flg=0x10000000 cmp=com.example.dogglers/androidx.test.core.app.InstrumentationActivityInvoker$EmptyActivity }, activity=androidx.test.core.app.InstrumentationActivityInvoker$EmptyActivity@286c276
08-30 15:11:29.472  7475  7475 I HBD     : i isEnabledNightMode : true
08-30 15:11:29.472  7475  7475 I HBD     : a IC have been binded, InputConnectionWrapper{idHash=#ba07e93 mMissingMethods=}
08-30 15:11:29.472  7475  7475 I HBD     : h [EditorInputType]setPrivateImeOptionsToTable privateImeOptions ( null )
08-30 15:11:29.472  7475  7475 I HBD     : b incognitoMode : false
08-30 15:11:29.472  7475  7475 I HBD     : a needOff = true , isForceOff = false, isNullInputClass : true
08-30 15:11:29.473  7475  7475 I HBD     : h getDefaultInputRange : UNKNOWN
08-30 15:11:29.473  7475  7475 I HBD     : h getDefaultInputRange : UNKNOWN
08-30 15:11:29.473  7475  7475 I HBD     : h getDefaultInputRange : UNKNOWN
08-30 15:11:29.473  4349  6765 D SdpManagerService: Not an enterprise user : 0
08-30 15:11:29.473  4349  6765 D SdpManagerService: Not an enterprise user : 0
08-30 15:11:29.473  4349  5108 I SemDvfsHyPerManager: acquire hyper - AMS_APP_HOME/4349@35, type = -999
08-30 15:11:29.474  3927  3954 I HYPER-HAL: [RequestManager.cpp]acquire(): Acquired ID : 9611955  [4349 / 35]    HINT : AMS_APP_HOME    list :
08-30 15:11:29.474  3927  3954 E HYPER-HAL: [HandlerSysfs.cpp]doResourceHandling(): Couldn't Open Sysfs - /sys/power/cstate_control
08-30 15:11:29.475  3927  3954 I HYPER-HAL: [ResourceManager.cpp]updateResource(): [CPUMinFreq] UpdateResource Request ID : 9611955    Value : 1768000
08-30 15:11:29.475  3976  3976 I Layer   : id=38509[1] Destroyed 5cb6865 com.example.dogglers/androidx.test.core.app.InstrumentationActivityInvoker$EmptyActivity#0
08-30 15:11:29.475  3976  3976 I Layer   : id=38510[1] Destroyed com.example.dogglers/androidx.test.core.app.InstrumentationActivityInvoker$EmptyActivity$_23627#0
08-30 15:11:29.475  3881  3886 E statsd  : Predicate -7037417284711607308 dropping data for dimension key (10)0x2010101->10429[I] (10)0x30000->*launch*[S]
08-30 15:11:29.476  4349  5108 V WindowOrientationListener: getProposedRotation: -1
08-30 15:11:29.477  4349  5108 V WindowOrientationListener: getProposedRotation: -1
08-30 15:11:29.478  4349  5108 V WindowOrientationListener: getProposedRotation: -1
08-30 15:11:29.481  7475  7475 I HBD     : h getDefaultInputRange : UNKNOWN
08-30 15:11:29.481  7475  7475 I HBD     : a currentState : 0
08-30 15:11:29.483  7475  7475 I HBD     : h load selected json info : {"version":"1.0","currentLanguageOrder":2,"selected":[{"activeOptionList":["auto_replace","spell_check","auto_spacing"],"engName":"Russian","id":3342336,"inputType":"qwerty","isUsed":true},{"activeOptionList":["auto_replace","spell_check","auto_spacing"],"engName":"English","id":65537,"inputType":"qwerty","isUsed":true},{"activeOptionList":["auto_replace","spell_check","auto_spacing"],"engName":"Ukrainian","id":4456448,"inputType":"qwerty","isUsed":true}]}
08-30 15:11:29.483  3976  4002 I Layer   : id=38520 removeFromCurrentState Surface(name=749d536 InputMethod)/@0x72f94d3 - animation-leash#0 (100)
08-30 15:11:29.483  3976  4002 I Layer   : id=83 removeFromCurrentState 749d536 InputMethod#0 (100)
08-30 15:11:29.484  3976  4002 I Layer   : id=38508 removeFromCurrentState ActivityRecord{3ab00df u0 com.example.dogglers/androidx.test.core.app.InstrumentationActivityInvoker$EmptyActivity t1422}#0 (100)
08-30 15:11:29.484  3976  4002 I Layer   : id=83 addToCurrentState 749d536 InputMethod#0 (100)
08-30 15:11:29.484  7475  7475 I HBD     : a [UpdatePolicy] [post] a: 0 cl: 4456448 kit: [0/0] vt: 0 ir: 1
08-30 15:11:29.484  3976  4002 I SurfaceFlinger: id=38508 Removed ActivityRecord{3ab00df u0 com.example.dogglers/androidx.test.core.app.InstrumentationActivityInvoker$EmptyActivity t1422}#0 (100)
08-30 15:11:29.485  7475  7475 I HBD     : HoneyBoardService [PF_OP][onStartInput]  12931808 ns
08-30 15:11:29.485 23627 23627 I ViewRootImpl@cae1d13[InstrumentationActivityInvoker$EmptyActivity]: MSG_WINDOW_FOCUS_CHANGED 0 1
08-30 15:11:29.487  4349  5108 D SamsungIMMSHWKeyboard: isConnectedDexOnPC false
08-30 15:11:29.487 23627 23627 I SurfaceControl: nativeRelease nativeObject s[476571793600]
08-30 15:11:29.487 23627 23627 I SurfaceControl: nativeRelease nativeObject e[476571793600]
08-30 15:11:29.487 23627 23627 I SurfaceControl: nativeRelease nativeObject s[476571793408]
08-30 15:11:29.487 23627 23627 I SurfaceControl: nativeRelease nativeObject e[476571793408]
08-30 15:11:29.488 23627 23651 I TestRunner: finished: horizontal_scroll_content_at_first_position(com.example.dogglers.HorizontalListTests)
