08-30 15:11:07.624  4349  4372 I SurfaceControl: nativeRelease nativeObject e[476021493312]
08-30 15:11:07.627  3976  5385 I Layer   : id=37951 removeFromCurrentState d913a66 Splash Screen com.example.dogglers#0 (99)
08-30 15:11:07.627  3976  5385 I Layer   : id=37964 removeFromCurrentState Surface(name=d913a66 Splash Screen com.example.dogglers)/@0xabf3c1a - animation-leash#0 (99)
08-30 15:11:07.627  3976  5385 I SurfaceFlinger: id=37951 Removed d913a66 Splash Screen com.example.dogglers#0 (99)
08-30 15:11:07.627  3976  6075 I SurfaceFlinger: id=37964 Removed Surface(name=d913a66 Splash Screen com.example.dogglers)/@0xabf3c1a - animation-leash#0 (99)
08-30 15:11:07.627  3976  4318 I SurfaceFlinger: id=37952 Removed Splash Screen com.example.dogglers#0 (99)
08-30 15:11:07.639  3976  3976 I Layer   : id=37964[1] Destroyed Surface(name=d913a66 Splash Screen com.example.dogglers)/@0xabf3c1a - animation-leash#0
08-30 15:11:07.639  3976  3976 I Layer   : id=37951[1] Destroyed d913a66 Splash Screen com.example.dogglers#0
08-30 15:11:07.642  3976  3976 I Layer   : id=37952[1] Destroyed Splash Screen com.example.dogglers#0
08-30 15:11:07.645  3976  3976 D SurfaceFlinger: Display 0 HWC layers:
08-30 15:11:07.645  3976  3976 D SurfaceFlinger:      DEVICE | 0x75743a4f40 | 0002 | RGBA_8888    |    0.0    0.0  720.0 1560.0 |    0    0  720 1560 | com.example.dogglers/com.example.dogglers.MainActivity$_23627#0
08-30 15:11:07.645  3976  3976 D SurfaceFlinger:      DEVICE | 0x75743a6fc0 | 0000 | RGBA_8888    |    0.0    0.0  720.0   53.0 |    0    0  720   53 | StatusBar$_4708#0
08-30 15:11:07.645  3976  3976 D SurfaceFlinger:      DEVICE | 0x74d157fa00 | 0000 | RGBA_8888    |    0.0    0.0   67.0  232.0 |  653  151  720  383 | com.samsung.android.app.cocktailbars[...]rservice.CocktailBarService$_14146#0
08-30 15:11:07.645  3976  3976 D SurfaceFlinger:      DEVICE | 0x75743a7380 | 0000 | RGBA_8888    |    0.0    0.0  720.0   84.0 |    0 1476  720 1560 | NavigationBar0$_4708#0
08-30 15:11:07.645  3976  3976 D SurfaceFlinger:      DEVICE | 0x74f0413e00 | 0000 | RGBA_8888    |    0.0    0.0  720.0  101.0 |    0    0  720  101 | ScreenDecorOverlay$_4708#0
08-30 15:11:07.645  3976  3976 D SurfaceFlinger:      DEVICE | 0x75743a7b00 | 0000 | RGBA_8888    |    0.0    0.0  720.0  101.0 |    0 1459  720 1560 | ScreenDecorOverlayBottom$_4708#0
08-30 15:11:07.645  3976  3976 D SurfaceFlinger:
08-30 15:11:07.647  3976  3976 I SurfaceFlinger: SFWD update time=302799456740458
08-30 15:11:07.654  4349  5464 D InputDispatcher: Inject motion (23627): action=0x1, time=302799462000000, f=0x0, d=0
08-30 15:11:07.655  4349  4492 I InputDispatcher: Delivering touch to (23627): action: 0x1, f=0x1, d=0, '711799c', t=1
08-30 15:11:07.655 23627 23627 I ViewRootImpl@d9ef942[MainActivity]: ViewPostIme pointer 1
08-30 15:11:07.655  5135  5135 W TouchInteractionService: reset
08-30 15:11:07.665  4349  5464 I SemDvfsHyPerManager: acquire hyper - AMS_ACT_START/4349@16, type = -999
08-30 15:11:07.665  3927  3954 I HYPER-HAL: [RequestManager.cpp]acquire(): Acquired ID : 9528811  [4349 / 16]    HINT : AMS_ACT_START    list :
08-30 15:11:07.666  3927  3954 E HYPER-HAL: [HandlerSysfs.cpp]doResourceHandling(): Couldn't Open Sysfs - /sys/power/cstate_control
08-30 15:11:07.666  3927  3954 I HYPER-HAL: [ResourceManager.cpp]updateResource(): [CPUMinFreq] UpdateResource Request ID : 9528811    Value : 1560000
08-30 15:11:07.667  3976  4002 I SurfaceFlinger: id=37966 createSurf (0x0),-1 flag=80004, ActivityRecord{d7be4fb u0 com.example.dogglers/.HorizontalListActivity t1409}#0
08-30 15:11:07.671  3881  3886 E statsd  : Predicate -7037417284711607308 dropping data for dimension key (10)0x2010101->10429[I] (10)0x30000->*launch*[S]
08-30 15:11:07.681 23627 23627 D LifecycleMonitor: Lifecycle status change: com.example.dogglers.MainActivity@4f40c59 in: PAUSED
08-30 15:11:07.682 23627 23627 V ActivityScenario: Update currentActivityStage to PAUSED, currentActivity=com.example.dogglers.MainActivity@4f40c59
08-30 15:11:07.684  4349  7290 V WindowOrientationListener: getProposedRotation: -1
08-30 15:11:07.684  4349  7290 V WindowOrientationListener: getProposedRotation: -1
08-30 15:11:07.686  4349  7290 V WindowOrientationListener: getProposedRotation: -1
08-30 15:11:07.688  4349  7290 D InputDispatcher: Focused application set to (0): d7be4fb
08-30 15:11:07.695  4349  4372 I SurfaceControl: nativeRelease nativeObject s[476008572384]
08-30 15:11:07.695  4349  4372 I SurfaceControl: nativeRelease nativeObject e[476008572384]
08-30 15:11:07.696  3976  5385 I Layer   : id=37958 removeFromCurrentState Surface(name=Dim Layer for - Task=1409 - animating-dim)/@0xd913472 - animation-leash#0 (97)
08-30 15:11:07.697  3976  4318 I SurfaceFlinger: id=37958 Removed Surface(name=Dim Layer for - Task=1409 - animating-dim)/@0xd913472 - animation-leash#0 (97)
08-30 15:11:07.698 12736 12736 I dnxg    : onPause
08-30 15:11:07.703  4349  4371 I SemPersonaManager: SecureFolder personaId = 150
08-30 15:11:07.706  3976  3976 I Layer   : id=37958[1] Destroyed Surface(name=Dim Layer for - Task=1409 - animating-dim)/@0xd913472 - animation-leash#0
08-30 15:11:07.708  4349  5464 I InputDispatcher: Focus left window (23627): 711799c in display 0 0
08-30 15:11:07.713 23627 23627 D LifecycleMonitor: Lifecycle status change: com.example.dogglers.HorizontalListActivity@a9aac84 in: PRE_ON_CREATE
08-30 15:11:07.714 23627 23627 V ActivityScenario: Activity lifecycle changed event received but ignored because the intent does not match. startActivityIntent=Intent { act=android.intent.action.MAIN cat=[android.intent.category.LAUNCHER] cmp=com.example.dogglers/.MainActivity }, activity.getIntent()=Intent { cmp=com.example.dogglers/.HorizontalListActivity }, activity=com.example.dogglers.HorizontalListActivity@a9aac84
08-30 15:11:07.747 14146 14146 I Utils   : isCurrentUser current = 0, ownerId = 0
08-30 15:11:07.748 14146 14146 I TrayVisibilityController: getComputedTrayVisible : keyguardState = 1
08-30 15:11:07.748 14146 14146 I TrayVisibilityController: updateTrayVisible: State=1 visible=1 mCurrentVisible=1 specificMode=0
08-30 15:11:07.748 14146 14146 I TrayStateController: onNotifyUpdateTray: 0 to need to visible? true
08-30 15:11:07.760  4349  4371 D EnterpriseDeviceManagerService: isMdmAdminPresentInternal() : MDM Admin Found - com.samsung.knox.securefolder
08-30 15:11:07.773  4349  4372 I SurfaceControl: nativeRelease nativeObject s[477996345600]
08-30 15:11:07.774  4349  4372 I SurfaceControl: nativeRelease nativeObject e[477996345600]
08-30 15:11:07.774  4349  4372 I SurfaceControl: nativeRelease nativeObject s[476008572288]
08-30 15:11:07.774  4349  4372 I SurfaceControl: nativeRelease nativeObject e[476008572288]
08-30 15:11:07.779 23627 23627 I DecorView: [INFO] isPopOver=false, config=true
08-30 15:11:07.779 23627 23627 I DecorView: updateCaptionType >> DecorView@36941fa[], isFloating=false, isApplication=true, hasWindowDecorCaption=false, hasWindowControllerCallback=true
08-30 15:11:07.779 23627 23627 D DecorView: setCaptionType = 0, this = DecorView@36941fa[]
08-30 15:11:07.791  3976  4002 I Layer   : id=37956 removeFromCurrentState Surface(name=ActivityRecord{43c5bbc u0 com.example.dogglers/androidx.test.core.app.InstrumentationActivityInvoker$BootstrapActivity t1409})/@0x7d3927 - animation-leash#0 (96)
08-30 15:11:07.791  3976  4002 I Layer   : id=37959 removeFromCurrentState Surface(name=ActivityRecord{43c5bbc u0 com.example.dogglers/androidx.test.core.app.InstrumentationActivityInvoker$BootstrapActivity t1409})/@0x7d3927 - animation-bounds#0 (96)
08-30 15:11:07.791  3976  4002 I SurfaceFlinger: id=37956 Removed Surface(name=ActivityRecord{43c5bbc u0 com.example.dogglers/androidx.test.core.app.InstrumentationActivityInvoker$BootstrapActivity t1409})/@0x7d3927 - animation-leash#0 (96)
08-30 15:11:07.791  3976  4318 I SurfaceFlinger: id=37959 Removed Surface(name=ActivityRecord{43c5bbc u0 com.example.dogglers/androidx.test.core.app.InstrumentationActivityInvoker$BootstrapActivity t1409})/@0x7d3927 - animation-bounds#0 (96)
08-30 15:11:07.806 12736 12736 I dnxg    : onStop
08-30 15:11:07.807  3976  3976 I Layer   : id=37959[1] Destroyed Surface(name=ActivityRecord{43c5bbc u0 com.example.dogglers/androidx.test.core.app.InstrumentationActivityInvoker$BootstrapActivity t1409})/@0x7d3927 - animation-bounds#0
08-30 15:11:07.807  3976  3976 I Layer   : id=37956[1] Destroyed Surface(name=ActivityRecord{43c5bbc u0 com.example.dogglers/androidx.test.core.app.InstrumentationActivityInvoker$BootstrapActivity t1409})/@0x7d3927 - animation-leash#0
08-30 15:11:07.826 23627 23627 D LifecycleMonitor: Lifecycle status change: com.example.dogglers.HorizontalListActivity@a9aac84 in: CREATED
08-30 15:11:07.827 23627 23627 V ActivityScenario: Activity lifecycle changed event received but ignored because the intent does not match. startActivityIntent=Intent { act=android.intent.action.MAIN cat=[android.intent.category.LAUNCHER] cmp=com.example.dogglers/.MainActivity }, activity.getIntent()=Intent { cmp=com.example.dogglers/.HorizontalListActivity }, activity=com.example.dogglers.HorizontalListActivity@a9aac84
08-30 15:11:07.831 23627 23627 D LifecycleMonitor: Lifecycle status change: com.example.dogglers.HorizontalListActivity@a9aac84 in: STARTED
08-30 15:11:07.831 23627 23627 V ActivityScenario: Activity lifecycle changed event received but ignored because the intent does not match. startActivityIntent=Intent { act=android.intent.action.MAIN cat=[android.intent.category.LAUNCHER] cmp=com.example.dogglers/.MainActivity }, activity.getIntent()=Intent { cmp=com.example.dogglers/.HorizontalListActivity }, activity=com.example.dogglers.HorizontalListActivity@a9aac84
08-30 15:11:07.833 23627 23627 D LifecycleMonitor: Lifecycle status change: com.example.dogglers.HorizontalListActivity@a9aac84 in: RESUMED
08-30 15:11:07.834 23627 23627 V ActivityScenario: Activity lifecycle changed event received but ignored because the intent does not match. startActivityIntent=Intent { act=android.intent.action.MAIN cat=[android.intent.category.LAUNCHER] cmp=com.example.dogglers/.MainActivity }, activity.getIntent()=Intent { cmp=com.example.dogglers/.HorizontalListActivity }, activity=com.example.dogglers.HorizontalListActivity@a9aac84
08-30 15:11:07.840  4349  5464 D InputTransport: Input channel constructed: '28c02eb', fd=740
08-30 15:11:07.840  4349  5464 D InputTransport: Input channel constructed: '28c02eb', fd=745
08-30 15:11:07.841  3976  4318 I SurfaceFlinger: id=37967 createSurf (0x0),-1 flag=80004, 28c02eb com.example.dogglers/com.example.dogglers.HorizontalListActivity#0
08-30 15:11:07.841  4349  5464 D WindowManager: isScreenshotDisabledLocked - win: Window{28c02eb u0 com.example.dogglers/com.example.dogglers.HorizontalListActivity}
08-30 15:11:07.841  4349  5464 D WindowManager: isScreenshotDisabledLocked: userId = 0, disabled =false
08-30 15:11:07.842  4349  5464 D InputTransport: Input channel destroyed: '28c02eb', fd=745
08-30 15:11:07.842 23627 23627 D InputTransport: Input channel constructed: '28c02eb', fd=93
08-30 15:11:07.845 23627 23627 I ViewRootImpl@ff1f911[HorizontalListActivity]: setView = com.android.internal.policy.DecorView@36941fa TM=true
08-30 15:11:07.930  4349  5464 V WindowManager: Relayout Window{28c02eb u0 com.example.dogglers/com.example.dogglers.HorizontalListActivity}: viewVisibility=0 req=720x1560
08-30 15:11:07.932  4349  5464 D WindowManager: isScreenshotDisabledLocked - win: Window{28c02eb u0 com.example.dogglers/com.example.dogglers.HorizontalListActivity}
08-30 15:11:07.932  4349  5464 D WindowManager: isScreenshotDisabledLocked: userId = 0, disabled =false
08-30 15:11:07.933  3976  4318 I SurfaceFlinger: id=37968 createSurf (720x1560),1 flag=404, com.example.dogglers/com.example.dogglers.HorizontalListActivity$_23627#0
08-30 15:11:07.935  4349  5464 I SurfaceControl: nativeRelease nativeObject s[477997559424]
08-30 15:11:07.935  4349  5464 I SurfaceControl: nativeRelease nativeObject e[477997559424]
08-30 15:11:07.935 14146 14146 I TrayStateController: systemUiVisibilityChanged : 0 0
08-30 15:11:07.936  3976  4002 I SurfaceFlinger: id=37969 createSurf (0x0),-1 flag=24000, Surface(name=1096c8d StatusBar)/@0xeaf4dd0 - animation-leash#0
08-30 15:11:07.936  4349  5464 I SurfaceControl: nativeRelease nativeObject s[477997782784]
08-30 15:11:07.936  4349  5464 I SurfaceControl: nativeRelease nativeObject e[477997782784]
08-30 15:11:07.937  3976  4002 I SurfaceFlinger: id=37970 createSurf (0x0),-1 flag=24000, Surface(name=b07ecc5 NavigationBar0)/@0xa8376fc - animation-leash#1
08-30 15:11:07.939  4349  5464 V WindowManager: Relayout hash=28c02eb, pid=23627: mAttrs={(0,0)(fillxfill) sim={adjust=resize forwardNavigation} ty=BASE_APPLICATION wanim=0x1030304
08-30 15:11:07.939  4349  5464 V WindowManager:   fl=81810100
08-30 15:11:07.939  4349  5464 V WindowManager:   pfl=12020000
08-30 15:11:07.939  4349  5464 V WindowManager:   fitSides= naviIconColor=0}
08-30 15:11:07.939  4349  5464 I SurfaceControl: nativeRelease nativeObject s[476021493312]
08-30 15:11:07.939  4349  5464 I SurfaceControl: nativeRelease nativeObject e[476021493312]
08-30 15:11:07.941 23627 23627 I SurfaceControl: assignNativeObject: nativeObject = 0 Surface(name=null)/@0x9d53f1 / android.view.SurfaceControl.readFromParcel:1117 android.view.IWindowSession$Stub$Proxy.relayout:1836 android.view.ViewRootImpl.relayoutWindow:9005 android.view.ViewRootImpl.performTraversals:3360 android.view.ViewRootImpl.doTraversal:2618 android.view.ViewRootImpl$TraversalRunnable.run:9971 android.view.Choreographer$CallbackRecord.run:1010 android.view.Choreographer.doCallbacks:809 android.view.Choreographer.doFrame:744 android.view.Choreographer$FrameDisplayEventReceiver.run:995
08-30 15:11:07.943 23627 23627 I ViewRootImpl@ff1f911[HorizontalListActivity]: Relayout returned: old=(0,0,720,1560) new=(0,0,720,1560) req=(720,1560)0 dur=13 res=0x7 s={true 478059360256} ch=true fn=-1
08-30 15:11:07.948  3899 10978 D gralloc : [mali_gralloc_allocate] begin
08-30 15:11:07.948  3899 10978 D gralloc : buffer_descriptor: wh(720 1560) usage_pc(0x40000000000b00 0x40000000000b00) hal_format(0x1) layer_count(1) sizes(0 0 0) strde(0) byte_stride(0) alloc_wh(0 0) internal_format(0x0) alloc_format(0x0) fd_count(1) plane_count(0)
08-30 15:11:07.949  3899 10978 D gralloc : [mali_gralloc_allocate] allocation successful
08-30 15:11:07.950  3899 10978 D gralloc : [mali_gralloc_allocate] begin
08-30 15:11:07.950  3899 10978 D gralloc : buffer_descriptor: wh(720 1560) usage_pc(0x40000000000b00 0x40000000000b00) hal_format(0x1) layer_count(1) sizes(0 0 0) strde(0) byte_stride(0) alloc_wh(0 0) internal_format(0x0) alloc_format(0x0) fd_count(1) plane_count(0)
08-30 15:11:07.953 23627 23627 I ViewRootImpl@ff1f911[HorizontalListActivity]: [DP] dp(1) 1 android.view.ViewRootImpl.reportNextDraw:10957 android.view.ViewRootImpl.performTraversals:3845 android.view.ViewRootImpl.doTraversal:2618
08-30 15:11:07.953 23627 23627 I ViewRootImpl@ff1f911[HorizontalListActivity]: [DP] pd() Asnyc report
08-30 15:11:07.954  3899 10978 D gralloc : [mali_gralloc_allocate] allocation successful
08-30 15:11:07.955  3899 10978 D gralloc : [mali_gralloc_allocate] begin
08-30 15:11:07.955  3899 10978 D gralloc : buffer_descriptor: wh(720 1560) usage_pc(0x40000000000b00 0x40000000000b00) hal_format(0x1) layer_count(1) sizes(0 0 0) strde(0) byte_stride(0) alloc_wh(0 0) internal_format(0x0) alloc_format(0x0) fd_count(1) plane_count(0)
08-30 15:11:07.958  3976  5385 I Layer   : id=37962 removeFromCurrentState Surface(name=1096c8d StatusBar)/@0xeaf4dd0 - animation-leash#1 (98)
08-30 15:11:07.958  3976  5385 I Layer   : id=37963 removeFromCurrentState Surface(name=b07ecc5 NavigationBar0)/@0xa8376fc - animation-leash#0 (98)
08-30 15:11:07.959  3899 10978 D gralloc : [mali_gralloc_allocate] allocation successful
08-30 15:11:07.986  4349  4586 I ChimeraAggressivePolicyHandler: executePolicy() - triggerSource: TRIGGER_SOURCE_LMKD
08-30 15:11:07.987  4349  4586 I ChimeraAggressivePolicyHandler: available memory: 995032, free memory target: 645120, quit chimera
08-30 15:11:08.066 14146 14146 I Utils   : isCurrentUser current = 0, ownerId = 0
08-30 15:11:08.066 14146 14146 I TrayVisibilityController: getComputedTrayVisible : keyguardState = 1
08-30 15:11:08.066 14146 14146 I TrayVisibilityController: updateTrayVisible: State=1 visible=1 mCurrentVisible=1 specificMode=0
08-30 15:11:08.066 14146 14146 I TrayStateController: onNotifyUpdateTray: 0 to need to visible? true
08-30 15:11:08.072 23627 23627 I ViewRootImpl@ff1f911[HorizontalListActivity]: [DP] pdf(0) 1 android.view.ViewRootImpl.lambda$performDraw$1$ViewRootImpl:4668 android.view.-$$Lambda$ViewRootImpl$DJd0VUYJgsebcnSohO6h8zc_ONI.run:6 android.os.Handler.handleCallback:938
08-30 15:11:08.072 23627 23627 I ViewRootImpl@ff1f911[HorizontalListActivity]: [DP] rdf()
08-30 15:11:08.076 23627 23627 I ViewRootImpl@d9ef942[MainActivity]: MSG_WINDOW_FOCUS_CHANGED 0 1
08-30 15:11:08.077  3976  5385 I SurfaceFlinger: id=37971 createSurf (0x0),-1 flag=24000, Surface(name=ActivityRecord{2765d0e u0 com.example.dogglers/.MainActivity t1409})/@0x7520b2a - animation-leash#0
08-30 15:11:08.079  3976  5385 I SurfaceFlinger: id=37972 createSurf (0x0),-1 flag=20004, Dim Layer for - Task=1409 - animating-dim#0
08-30 15:11:08.083  3976  5385 I SurfaceFlinger: id=37973 createSurf (0x0),-1 flag=24000, Surface(name=Dim Layer for - Task=1409 - animating-dim)/@0x4a455de - animation-leash#0
08-30 15:11:08.084  3976  5385 I SurfaceFlinger: id=37974 createSurf (0x0),-1 flag=80004, Surface(name=ActivityRecord{2765d0e u0 com.example.dogglers/.MainActivity t1409})/@0x7520b2a - animation-bounds#0
08-30 15:11:08.087  3976  5385 I SurfaceFlinger: id=37975 createSurf (0x0),-1 flag=24004, Surface(name=ActivityRecord{d7be4fb u0 com.example.dogglers/.HorizontalListActivity t1409})/@0xfbf42b6 - animation-leash#0
08-30 15:11:08.089  3976  4318 I SurfaceFlinger: id=37976 createSurf (0x0),-1 flag=80004, Surface(name=ActivityRecord{d7be4fb u0 com.example.dogglers/.HorizontalListActivity t1409})/@0xfbf42b6 - animation-bounds#0
08-30 15:11:08.090  4349  4372 D PkgPredictorService: pkg:com.example.dogglers activity:com.example.dogglers.HorizontalListActivity thisTime:427
08-30 15:11:08.096  4349  4376 I ActivityTaskManager: Displayed com.example.dogglers/.HorizontalListActivity: +427ms
08-30 15:11:08.097  5589  5589 E pageboostd: Received HALT command code 2
08-30 15:11:08.104 23627 23627 I SurfaceControl: nativeRelease nativeObject s[476571788320]
08-30 15:11:08.104 23627 23627 I SurfaceControl: nativeRelease nativeObject e[476571788320]
08-30 15:11:08.104 23627 23627 I SurfaceControl: nativeRelease nativeObject s[478247332288]
08-30 15:11:08.104 23627 23627 I SurfaceControl: nativeRelease nativeObject e[478247332288]
08-30 15:11:08.104 23627 23627 I SurfaceControl: nativeRelease nativeObject s[478247332000]
08-30 15:11:08.104 23627 23627 I SurfaceControl: nativeRelease nativeObject e[478247332000]
08-30 15:11:08.104  3976  5385 I SurfaceFlinger: id=37963 Removed Surface(name=b07ecc5 NavigationBar0)/@0xa8376fc - animation-leash#0 (104)
08-30 15:11:08.104  3976  5385 I SurfaceFlinger: id=37962 Removed Surface(name=1096c8d StatusBar)/@0xeaf4dd0 - animation-leash#1 (104)
08-30 15:11:08.107  3976  3976 I Layer   : id=37963[1] Destroyed Surface(name=b07ecc5 NavigationBar0)/@0xa8376fc - animation-leash#0
08-30 15:11:08.107  3976  3976 I Layer   : id=37962[1] Destroyed Surface(name=1096c8d StatusBar)/@0xeaf4dd0 - animation-leash#1
08-30 15:11:08.109  4349  5464 I InputDispatcher: Focus entered window (23627): 28c02eb in display 0 0
08-30 15:11:08.111 23627 23627 I ViewRootImpl@ff1f911[HorizontalListActivity]: MSG_WINDOW_FOCUS_CHANGED 1 1
08-30 15:11:08.111 23627 23627 D InputMethodManager: prepareNavigationBarInfo() DecorView@36941fa[HorizontalListActivity]
08-30 15:11:08.111 23627 23627 D InputMethodManager: getNavigationBarColor() -16711423
08-30 15:11:08.113 23627 23627 D InputMethodManager: prepareNavigationBarInfo() DecorView@36941fa[HorizontalListActivity]
08-30 15:11:08.113 23627 23627 D InputMethodManager: getNavigationBarColor() -16711423
08-30 15:11:08.113 23627 23627 V InputMethodManager: Starting input: tba=com.example.dogglers ic=null mNaviBarColor -16711423 mIsGetNaviBarColorSuccess true , NavVisible : true , NavTrans : false
08-30 15:11:08.113 23627 23627 D InputMethodManager: startInputInner - Id : 0
08-30 15:11:08.113 23627 23627 I InputMethodManager: startInputInner - mService.startInputOrWindowGainedFocus
08-30 15:11:08.114  4349  5464 D InputMethodManagerService: mSecureKeypadEnabled = false
08-30 15:11:08.114  4349  5464 V InputMethodManagerService: hideCurrentInputLocked : shouldHideSoftInput is false
08-30 15:11:08.115  4349  5464 D InputMethodManagerService: mDesktopModeManager null!
08-30 15:11:08.115  4349  5464 V InputMethodManagerService: getDisplayIdOfInputMethodWindowToBeAdded : 0
08-30 15:11:08.115  4349  5464 D InputMethodManagerService: checkDisplayOfStartInputAndUpdateKeyboard display Id 0last 0
08-30 15:11:08.115  4349  5464 D InputTransport: Input channel constructed: 'ClientS', fd=745
08-30 15:11:08.115  4349  5464 D InputTransport: Input channel destroyed: 'ClientS', fd=745
08-30 15:11:08.115 23627 23627 D InputTransport: Input channel constructed: 'ClientS', fd=99
08-30 15:11:08.116 23627 23627 D InputTransport: Input channel destroyed: 'ClientS', fd=88
08-30 15:11:08.116  4349  5464 I SurfaceControl: nativeRelease nativeObject s[476017199648]
08-30 15:11:08.116  4349  5464 I SurfaceControl: nativeRelease nativeObject e[476017199648]
08-30 15:11:08.117  3976  4002 I SurfaceFlinger: id=37977 createSurf (0x0),-1 flag=24004, Surface(name=749d536 InputMethod)/@0x72f94d3 - animation-leash#1
08-30 15:11:08.118  7475  7475 I HBD     : HoneyBoardService onFinishInput
08-30 15:11:08.118  7475  7475 I HBD     : a IC have been unbinded,  InputConnectionWrapper{idHash=#90f863f mMissingMethods=}
08-30 15:11:08.119  7475  7475 I HBD     : HoneyBoardService [PF_CL][onFinishInput]  435654 ns
08-30 15:11:08.119  7475  7475 I HBD     : HoneyBoardService [IMI] onStartInput - caller pid : 23627 , caller uid : 10429
08-30 15:11:08.119  7475  7475 I HBD     : i updateConfigs
08-30 15:11:08.119  7475  7475 I HBD     : i isEnabledNightMode : true
08-30 15:11:08.119  7475  7475 I HBD     : a IC have been binded, InputConnectionWrapper{idHash=#90f863f mMissingMethods=}
08-30 15:11:08.119  7475  7475 I HBD     : h [EditorInputType]setPrivateImeOptionsToTable privateImeOptions ( null )
08-30 15:11:08.119  7475  7475 I HBD     : b incognitoMode : false
08-30 15:11:08.120  7475  7475 I HBD     : a needOff = true , isForceOff = false, isNullInputClass : true
08-30 15:11:08.120  7475  7475 I HBD     : h getDefaultInputRange : UNKNOWN
08-30 15:11:08.120  7475  7475 I HBD     : h getDefaultInputRange : UNKNOWN
08-30 15:11:08.120  7475  7475 I HBD     : h getDefaultInputRange : UNKNOWN
08-30 15:11:08.120  4349  5464 D SdpManagerService: Not an enterprise user : 0
08-30 15:11:08.120  4349  5464 D SdpManagerService: Not an enterprise user : 0
08-30 15:11:08.121  7475  7475 I HBD     : h getDefaultInputRange : UNKNOWN
08-30 15:11:08.121  7475  7475 I HBD     : a currentState : 0
08-30 15:11:08.123  7475  7475 I HBD     : h load selected json info : {"version":"1.0","currentLanguageOrder":2,"selected":[{"activeOptionList":["auto_replace","spell_check","auto_spacing"],"engName":"Russian","id":3342336,"inputType":"qwerty","isUsed":true},{"activeOptionList":["auto_replace","spell_check","auto_spacing"],"engName":"English","id":65537,"inputType":"qwerty","isUsed":true},{"activeOptionList":["auto_replace","spell_check","auto_spacing"],"engName":"Ukrainian","id":4456448,"inputType":"qwerty","isUsed":true}]}
08-30 15:11:08.124  3976  4002 I Layer   : id=37965 removeFromCurrentState Surface(name=749d536 InputMethod)/@0x72f94d3 - animation-leash#0 (103)
08-30 15:11:08.124  7475  7475 I HBD     : a [UpdatePolicy] [post] a: 0 cl: 4456448 kit: [0/0] vt: 0 ir: 1
08-30 15:11:08.125  7475  7475 I HBD     : HoneyBoardService [PF_OP][onStartInput]  6597577 ns
08-30 15:11:08.126 23627 23627 I SurfaceControl: nativeRelease nativeObject s[478247330560]
08-30 15:11:08.126 23627 23627 I SurfaceControl: nativeRelease nativeObject e[478247330560]
08-30 15:11:08.126  3976  5385 I SurfaceFlinger: id=37965 Removed Surface(name=749d536 InputMethod)/@0x72f94d3 - animation-leash#0 (103)
08-30 15:11:08.130 23627 23627 I SurfaceControl: nativeRelease nativeObject s[476571788608]
08-30 15:11:08.130 23627 23627 I SurfaceControl: nativeRelease nativeObject e[476571788608]
08-30 15:11:08.130 23627 23627 I SurfaceControl: nativeRelease nativeObject s[476571788512]
08-30 15:11:08.130 23627 23627 I SurfaceControl: nativeRelease nativeObject e[476571788512]
08-30 15:11:08.130  3976  3976 D SurfaceFlinger: Display 0 HWC layers:
08-30 15:11:08.130  3976  3976 D SurfaceFlinger:      DEVICE | 0x75743a4f40 | 0002 | RGBA_8888    |    0.0    5.0  720.0 1560.0 |    0    0  720 1555 | com.example.dogglers/com.example.dogglers.MainActivity$_23627#0
08-30 15:11:08.130  3976  3976 D SurfaceFlinger:      DEVICE | 0x75743a5e40 | 0002 | RGBA_8888    |    0.0    0.0  720.0 1298.0 |    0  262  720 1560 | com.example.dogglers/com.example.dogglers.HorizontalListActivity$_23627#0
08-30 15:11:08.130  3976  3976 D SurfaceFlinger:      DEVICE | 0x75743a6fc0 | 0000 | RGBA_8888    |    0.0    0.0  720.0   53.0 |    0    0  720   53 | StatusBar$_4708#0
08-30 15:11:08.130  3976  3976 D SurfaceFlinger:      DEVICE | 0x74d157fa00 | 0000 | RGBA_8888    |    0.0    0.0   67.0  232.0 |  653  151  720  383 | com.samsung.android.app.cocktailbars[...]rservice.CocktailBarService$_14146#0
08-30 15:11:08.130  3976  3976 D SurfaceFlinger:      DEVICE | 0x75743a7380 | 0000 | RGBA_8888    |    0.0    0.0  720.0   84.0 |    0 1476  720 1560 | NavigationBar0$_4708#0
08-30 15:11:08.130  3976  3976 D SurfaceFlinger:      DEVICE | 0x74f0413e00 | 0000 | RGBA_8888    |    0.0    0.0  720.0  101.0 |    0    0  720  101 | ScreenDecorOverlay$_4708#0
08-30 15:11:08.130  3976  3976 D SurfaceFlinger:      DEVICE | 0x75743a7b00 | 0000 | RGBA_8888    |    0.0    0.0  720.0  101.0 |    0 1459  720 156
08-30 15:11:08.130  3976  3976 D SurfaceFlinger: 0 | ScreenDecorOverlayBottom$_4708#0
08-30 15:11:08.130  3976  3976 D SurfaceFlinger:
08-30 15:11:08.129  4349  5464 D SamsungIMMSHWKeyboard: isConnectedDexOnPC false
08-30 15:11:08.130  4349  5464 D InputMethodManagerService: isImeSwitcherDisabledPackage : false
08-30 15:11:08.132  4349  6779 I SemDvfsHyPerManager: acquire hyper - AMS_RESUME_TAIL/4349@18, type = -999
08-30 15:11:08.132  4349  6779 I SemDvfsHyPerManager: acquire hyper - AMS_ACT_LAZY/4349@19, type = -999
08-30 15:11:08.132  3927  3954 I HYPER-HAL: [RequestManager.cpp]acquire(): Acquired ID : 9537546  [4349 / 18]    HINT : AMS_RESUME_TAIL    list :
08-30 15:11:08.132  3927  3954 E HYPER-HAL: [HandlerSysfs.cpp]doResourceHandling(): Couldn't Open Sysfs - /sys/power/cstate_control
08-30 15:11:08.132  3927  3954 I HYPER-HAL: [ResourceManager.cpp]updateResource(): [CPUMinFreq] UpdateResource Request ID : 9537546    Value : 1560000
08-30 15:11:08.132  3927  3954 I HYPER-HAL: [RequestManager.cpp]acquire(): Acquired ID : 9541915  [4349 / 19]    HINT :      list :
08-30 15:11:08.133  3927  3954 E HYPER-HAL: [Request.cpp]acquire(): Request:: id : 9541915, No Resource to set
08-30 15:11:08.133  3927  3954 E HYPER-HAL: [HandlerSysfs.cpp]doResourceHandling(): Couldn't Open Sysfs - /sys/power/cstate_control
08-30 15:11:08.133  3881  3886 E statsd  : Predicate -7037417284711607308 dropping data for dimension key (10)0x2010101->10429[I] (10)0x30000->*launch*[S]
08-30 15:11:08.133  3927  3954 I HYPER-HAL: [ResourceManager.cpp]removeResource(): [CPUMinFreq] RemoveResource Request ID : 9528811
08-30 15:11:08.133  3927  3954 I HYPER-HAL: [RequestManager.cpp]releaseLocked(): Released ID : 9528811
08-30 15:11:08.136 23627 23627 D LifecycleMonitor: Lifecycle status change: androidx.test.core.app.InstrumentationActivityInvoker$BootstrapActivity@e77fe46 in: STOPPED
08-30 15:11:08.137 23627 23627 V ActivityScenario: Activity lifecycle changed event received but ignored because the intent does not match. startActivityIntent=Intent { act=android.intent.action.MAIN cat=[android.intent.category.LAUNCHER] cmp=com.example.dogglers/.MainActivity }, activity.getIntent()=Intent { act=android.intent.action.MAIN cat=[android.intent.category.LAUNCHER] flg=0x10008000 cmp=com.example.dogglers/androidx.test.core.app.InstrumentationActivityInvoker$BootstrapActivity (has extras) }, activity=androidx.test.core.app.InstrumentationActivityInvoker$BootstrapActivity@e77fe46
08-30 15:11:08.140  3976  3976 I Layer   : id=37965[1] Destroyed Surface(name=749d536 InputMethod)/@0x72f94d3 - animation-leash#0
08-30 15:11:08.146  3976  3976 D SurfaceFlinger: Display 0 HWC layers:
08-30 15:11:08.146  3976  3976 D SurfaceFlinger:      DEVICE | 0x75743a4f40 | 0002 | RGBA_8888    |    0.0   12.0  720.0 1560.0 |    0    0  720 1548 | com.example.dogglers/com.example.dogglers.MainActivity$_23627#0
08-30 15:11:08.146  3976  3976 D SurfaceFlinger:  SOLID_COLOR |              | 0000 |  Unknown  |    0.0    0.0    0.0    0.0 |    0    0  720 1560 | Dim Layer for - Task=1409 - animating-dim#0
08-30 15:11:08.146  3976  3976 D SurfaceFlinger:      DEVICE | 0x75743a5d00 | 0002 | RGBA_8888    |    0.0    0.0  720.0 1340.0 |    0  220  720 1560 | com.example.dogglers/com.example.dogglers.HorizontalListActivity$_23627#0
08-30 15:11:08.146  3976  3976 D SurfaceFlinger:      DEVICE | 0x75743a6fc0 | 0000 | RGBA_8888    |    0.0    0.0  720.0   53.0 |    0    0  720   53 | StatusBar$_4708#0
08-30 15:11:08.146  3976  3976 D SurfaceFlinger:      DEVICE | 0x74d157fa00 | 0000 | RGBA_8888    |    0.0    0.0   67.0  232.0 |  653  151  720  383 | com.samsung.android.app.cocktailbars[...]rservice.CocktailBarService$_14146#0
08-30 15:11:08.146  3976  3976 D SurfaceFlinger:      DEVICE | 0x75743a7380 | 0000 | RGBA_8888    |    0.0    0.0  720.0   84.0 |    0 1476  720 1560 | NavigationBar0$_4708#0
08-30 15:11:08.146  3976  3976 D SurfaceFlinger:      DEVICE | 0x74f0413e00 | 0000 | RGBA_8888    |    0.0    0.0  720.0  101.0 |
08-30 15:11:08.146  3976  3976 D SurfaceFlinger: 0    0  720  101 | ScreenDecorOverlay$_4708#0
08-30 15:11:08.146  3976  3976 D SurfaceFlinger:      DEVICE | 0x75743a7b00 | 0000 | RGBA_8888    |    0.0    0.0  720.0  101.0 |    0 1459  720 1560 | ScreenDecorOverlayBottom$_4708#0
08-30 15:11:08.146  3976  3976 D SurfaceFlinger:
08-30 15:11:08.330 23627 23627 I ViewInteraction: Checking 'MatchesViewAssertion{viewMatcher=(view has effective visibility <VISIBLE> and view.getGlobalVisibleRect() to return non-empty rectangle)}' assertion on view view.getId() is <2131230949/com.example.dogglers:id/horizontal_recycler_view>
08-30 15:11:08.338  4349  6779 I SemDvfsHyPerManager: acquire hyper - AMS_ACT_START/4349@16, type = -999
08-30 15:11:08.338  3927  3954 I HYPER-HAL: [RequestManager.cpp]acquire(): Acquired ID : 9528811  [4349 / 16]    HINT : AMS_ACT_START    list :
08-30 15:11:08.339  3927  3954 E HYPER-HAL: [HandlerSysfs.cpp]doResourceHandling(): Couldn't Open Sysfs - /sys/power/cstate_control
08-30 15:11:08.339  3927  3954 I HYPER-HAL: [ResourceManager.cpp]updateResource(): [CPUMinFreq] UpdateResource Request ID : 9528811    Value : 1560000
08-30 15:11:08.339  3976  5385 I SurfaceFlinger: id=37978 createSurf (0x0),-1 flag=80004, ActivityRecord{b729c1 u0 com.example.dogglers/androidx.test.core.app.InstrumentationActivityInvoker$EmptyActivity t1409}#0
08-30 15:11:08.344  3881  3886 E statsd  : Predicate -7037417284711607308 dropping data for dimension key (10)0x2010101->10429[I] (10)0x30000->*launch*[S]
08-30 15:11:08.351 23627 23627 D LifecycleMonitor: Lifecycle status change: com.example.dogglers.HorizontalListActivity@a9aac84 in: PAUSED
08-30 15:11:08.351 23627 23627 V ActivityScenario: Activity lifecycle changed event received but ignored because the intent does not match. startActivityIntent=Intent { act=android.intent.action.MAIN cat=[android.intent.category.LAUNCHER] cmp=com.example.dogglers/.MainActivity }, activity.getIntent()=Intent { cmp=com.example.dogglers/.HorizontalListActivity }, activity=com.example.dogglers.HorizontalListActivity@a9aac84
08-30 15:11:08.354  4349  5464 V WindowOrientationListener: getProposedRotation: -1
08-30 15:11:08.354  4349  5464 V WindowOrientationListener: getProposedRotation: -1
08-30 15:11:08.355  4349  5464 V WindowOrientationListener: getProposedRotation: -1
08-30 15:11:08.357  4349  5464 D InputDispatcher: Focused application set to (0): b729c1
08-30 15:11:08.373 23627 23627 D LifecycleMonitor: Lifecycle status change: androidx.test.core.app.InstrumentationActivityInvoker$EmptyActivity@73ae14f in: PRE_ON_CREATE
08-30 15:11:08.374 23627 23627 V ActivityScenario: Activity lifecycle changed event received but ignored because the intent does not match. startActivityIntent=Intent { act=android.intent.action.MAIN cat=[android.intent.category.LAUNCHER] cmp=com.example.dogglers/.MainActivity }, activity.getIntent()=Intent { act=android.intent.action.MAIN cat=[android.intent.category.LAUNCHER] flg=0x10000000 cmp=com.example.dogglers/androidx.test.core.app.InstrumentationActivityInvoker$EmptyActivity }, activity=androidx.test.core.app.InstrumentationActivityInvoker$EmptyActivity@73ae14f
08-30 15:11:08.375  4349  4371 I SemPersonaManager: SecureFolder personaId = 150
08-30 15:11:08.390  4349  7290 I InputDispatcher: Focus left window (23627): 28c02eb in display 0 0
08-30 15:11:08.419  4349  4371 D EnterpriseDeviceManagerService: isMdmAdminPresentInternal() : MDM Admin Found - com.samsung.knox.securefolder
08-30 15:11:08.422  4349  4372 I SurfaceControl: nativeRelease nativeObject s[476016220352]
08-30 15:11:08.422  4349  4372 I SurfaceControl: nativeRelease nativeObject e[476016220352]
08-30 15:11:08.432 23627 23627 I DecorView: [INFO] isPopOver=false, config=true
08-30 15:11:08.432 23627 23627 I DecorView: updateCaptionType >> DecorView@88a05e5[], isFloating=false, isApplication=true, hasWindowDecorCaption=false, hasWindowControllerCallback=true
08-30 15:11:08.432 23627 23627 D DecorView: setCaptionType = 0, this = DecorView@88a05e5[]
08-30 15:11:08.439  3976  4318 I Layer   : id=37973 removeFromCurrentState Surface(name=Dim Layer for - Task=1409 - animating-dim)/@0x4a455de - animation-leash#0 (103)
08-30 15:11:08.440 23627 23627 D LifecycleMonitor: Lifecycle status change: androidx.test.core.app.InstrumentationActivityInvoker$EmptyActivity@73ae14f in: CREATED
08-30 15:11:08.440  3976  4002 I SurfaceFlinger: id=37973 Removed Surface(name=Dim Layer for - Task=1409 - animating-dim)/@0x4a455de - animation-leash#0 (103)
08-30 15:11:08.440 23627 23627 V ActivityScenario: Activity lifecycle changed event received but ignored because the intent does not match. startActivityIntent=Intent { act=android.intent.action.MAIN cat=[android.intent.category.LAUNCHER] cmp=com.example.dogglers/.MainActivity }, activity.getIntent()=Intent { act=android.intent.action.MAIN cat=[android.intent.category.LAUNCHER] flg=0x10000000 cmp=com.example.dogglers/androidx.test.core.app.InstrumentationActivityInvoker$EmptyActivity }, activity=androidx.test.core.app.InstrumentationActivityInvoker$EmptyActivity@73ae14f
08-30 15:11:08.444 23627 23627 D LifecycleMonitor: Lifecycle status change: androidx.test.core.app.InstrumentationActivityInvoker$EmptyActivity@73ae14f in: STARTED
08-30 15:11:08.444 23627 23627 V ActivityScenario: Activity lifecycle changed event received but ignored because the intent does not match. startActivityIntent=Intent { act=android.intent.action.MAIN cat=[android.intent.category.LAUNCHER] cmp=com.example.dogglers/.MainActivity }, activity.getIntent()=Intent { act=android.intent.action.MAIN cat=[android.intent.category.LAUNCHER] flg=0x10000000 cmp=com.example.dogglers/androidx.test.core.app.InstrumentationActivityInvoker$EmptyActivity }, activity=androidx.test.core.app.InstrumentationActivityInvoker$EmptyActivity@73ae14f
08-30 15:11:08.447 23627 23627 D LifecycleMonitor: Lifecycle status change: androidx.test.core.app.InstrumentationActivityInvoker$EmptyActivity@73ae14f in: RESUMED
08-30 15:11:08.448 23627 23627 V ActivityScenario: Activity lifecycle changed event received but ignored because the intent does not match. startActivityIntent=Intent { act=android.intent.action.MAIN cat=[android.intent.category.LAUNCHER] cmp=com.example.dogglers/.MainActivity }, activity.getIntent()=Intent { act=android.intent.action.MAIN cat=[android.intent.category.LAUNCHER] flg=0x10000000 cmp=com.example.dogglers/androidx.test.core.app.InstrumentationActivityInvoker$EmptyActivity }, activity=androidx.test.core.app.InstrumentationActivityInvoker$EmptyActivity@73ae14f
08-30 15:11:08.454  4349  7290 D InputTransport: Input channel constructed: 'bb7add8', fd=772
08-30 15:11:08.454  4349  7290 D InputTransport: Input channel constructed: 'bb7add8', fd=773
08-30 15:11:08.454  3976  4002 I SurfaceFlinger: id=37979 createSurf (0x0),-1 flag=80004, bb7add8 com.example.dogglers/androidx.test.core.app.InstrumentationActivityInvoker$EmptyActivity#0
08-30 15:11:08.455  4349  7290 D WindowManager: isScreenshotDisabledLocked - win: Window{bb7add8 u0 com.example.dogglers/androidx.test.core.app.InstrumentationActivityInvoker$EmptyActivity}
08-30 15:11:08.455  4349  7290 D WindowManager: isScreenshotDisabledLocked: userId = 0, disabled =false
08-30 15:11:08.455  4349  7290 D InputTransport: Input channel destroyed: 'bb7add8', fd=773
08-30 15:11:08.456  3976  3976 I Layer   : id=37973[1] Destroyed Surface(name=Dim Layer for - Task=1409 - animating-dim)/@0x4a455de - animation-leash#0
08-30 15:11:08.456 23627 23627 D InputTransport: Input channel constructed: 'bb7add8', fd=100
08-30 15:11:08.458 23627 23627 I ViewRootImpl@dbf7ec8[InstrumentationActivityInvoker$EmptyActivity]: setView = com.android.internal.policy.DecorView@88a05e5 TM=true
08-30 15:11:08.467  4349  7290 V WindowManager: Relayout Window{bb7add8 u0 com.example.dogglers/androidx.test.core.app.InstrumentationActivityInvoker$EmptyActivity}: viewVisibility=0 req=720x1560
08-30 15:11:08.470  4349  7290 D WindowManager: isScreenshotDisabledLocked - win: Window{bb7add8 u0 com.example.dogglers/androidx.test.core.app.InstrumentationActivityInvoker$EmptyActivity}
08-30 15:11:08.470  4349  7290 D WindowManager: isScreenshotDisabledLocked: userId = 0, disabled =false
08-30 15:11:08.471  3976  4318 I SurfaceFlinger: id=37980 createSurf (720x1560),1 flag=404, com.example.dogglers/androidx.test.core.app.InstrumentationActivityInvoker$EmptyActivity$_23627#0
08-30 15:11:08.473  4349  7290 I SurfaceControl: nativeRelease nativeObject s[476008566816]
08-30 15:11:08.473  4349  7290 I SurfaceControl: nativeRelease nativeObject e[476008566816]
08-30 15:11:08.473 14146 14146 I TrayStateController: systemUiVisibilityChanged : 0 0
08-30 15:11:08.474  3976  4318 I SurfaceFlinger: id=37981 createSurf (0x0),-1 flag=24000, Surface(name=1096c8d StatusBar)/@0xeaf4dd0 - animation-leash#1
08-30 15:11:08.475  4349  7290 I SurfaceControl: nativeRelease nativeObject s[476020784768]
08-30 15:11:08.475  4349  7290 I SurfaceControl: nativeRelease nativeObject e[476020784768]
08-30 15:11:08.475  3976  4318 I SurfaceFlinger: id=37982 createSurf (0x0),-1 flag=24000, Surface(name=b07ecc5 NavigationBar0)/@0xa8376fc - animation-leash#0
08-30 15:11:08.477  4349  7290 V WindowManager: Relayout hash=bb7add8, pid=23627: mAttrs={(0,0)(fillxfill) sim={adjust=pan forwardNavigation} ty=BASE_APPLICATION wanim=0x1030001
08-30 15:11:08.477  4349  7290 V WindowManager:   fl=1810100
08-30 15:11:08.477  4349  7290 V WindowManager:   pfl=12020000
08-30 15:11:08.477  4349  7290 V WindowManager:   fitSides= naviIconColor=0}
08-30 15:11:08.477  4349  7290 I SurfaceControl: nativeRelease nativeObject s[476016219392]
08-30 15:11:08.477  4349  7290 I SurfaceControl: nativeRelease nativeObject e[476016219392]
08-30 15:11:08.478  3976  3976 D SurfaceFlinger: Display 0 HWC layers:
08-30 15:11:08.478  3976  3976 D SurfaceFlinger:      DEVICE | 0x75743a5d00 | 0002 | RGBA_8888    |    0.0    0.0  720.0 1560.0 |    0    0  720 1560 | com.example.dogglers/com.example.dogglers.HorizontalListActivity$_23627#0
08-30 15:11:08.478  3976  3976 D SurfaceFlinger:      DEVICE | 0x75743a6fc0 | 0000 | RGBA_8888    |    0.0    0.0  720.0   53.0 |    0    0  720   53 | StatusBar$_4708#0
08-30 15:11:08.478  3976  3976 D SurfaceFlinger:      DEVICE | 0x74d157fa00 | 0000 | RGBA_8888    |    0.0    0.0   67.0  232.0 |  653  151  720  383 | com.samsung.android.app.cocktailbars[...]rservice.CocktailBarService$_14146#0
08-30 15:11:08.478  3976  3976 D SurfaceFlinger:      DEVICE | 0x75743a7380 | 0000 | RGBA_8888    |    0.0    0.0  720.0   84.0 |    0 1476  720 1560 | NavigationBar0$_4708#0
08-30 15:11:08.478  3976  3976 D SurfaceFlinger:      DEVICE | 0x74f0413e00 | 0000 | RGBA_8888    |    0.0    0.0  720.0  101.0 |    0    0  720  101 | ScreenDecorOverlay$_4708#0
08-30 15:11:08.478  3976  3976 D SurfaceFlinger:      DEVICE | 0x75743a7b00 | 0000 | RGBA_8888    |    0.0    0.0  720.0  101.0 |    0 1459  720 1560 | ScreenDecorOverlayBottom$_4708#0
08-30 15:11:08.478  3976  3976 D SurfaceFlinger:
08-30 15:11:08.479  3976  4318 I Layer   : id=37969 removeFromCurrentState Surface(name=1096c8d StatusBar)/@0xeaf4dd0 - animation-leash#0 (106)
08-30 15:11:08.479  3976  4318 I Layer   : id=37970 removeFromCurrentState Surface(name=b07ecc5 NavigationBar0)/@0xa8376fc - animation-leash#1 (106)
08-30 15:11:08.481 23627 23627 I SurfaceControl: assignNativeObject: nativeObject = 0 Surface(name=null)/@0x9da1b61 / android.view.SurfaceControl.readFromParcel:1117 android.view.IWindowSession$Stub$Proxy.relayout:1836 android.view.ViewRootImpl.relayoutWindow:9005 android.view.ViewRootImpl.performTraversals:3360 android.view.ViewRootImpl.doTraversal:2618 android.view.ViewRootImpl$TraversalRunnable.run:9971 android.view.Choreographer$CallbackRecord.run:1010 android.view.Choreographer.doCallbacks:809 android.view.Choreographer.doFrame:744 android.view.Choreographer$FrameDisplayEventReceiver.run:995
08-30 15:11:08.482 23627 23627 I ViewRootImpl@dbf7ec8[InstrumentationActivityInvoker$EmptyActivity]: Relayout returned: old=(0,0,720,1560) new=(0,0,720,1560) req=(720,1560)0 dur=14 res=0x7 s={true 478079811584} ch=true fn=-1
08-30 15:11:08.485  3899 10978 D gralloc : [mali_gralloc_allocate] begin
08-30 15:11:08.485  3899 10978 D gralloc : buffer_descriptor: wh(720 1560) usage_pc(0x40000000000b00 0x40000000000b00) hal_format(0x1) layer_count(1) sizes(0 0 0) strde(0) byte_stride(0) alloc_wh(0 0) internal_format(0x0) alloc_format(0x0) fd_count(1) plane_count(0)
08-30 15:11:08.487 23627 23627 I ViewRootImpl@dbf7ec8[InstrumentationActivityInvoker$EmptyActivity]: [DP] dp(1) 1 android.view.ViewRootImpl.reportNextDraw:10957 android.view.ViewRootImpl.performTraversals:3845 android.view.ViewRootImpl.doTraversal:2618
08-30 15:11:08.487 23627 23627 I ViewRootImpl@dbf7ec8[InstrumentationActivityInvoker$EmptyActivity]: [DP] pd() Asnyc report
08-30 15:11:08.489  3899 10978 D gralloc : [mali_gralloc_allocate] allocation successful
08-30 15:11:08.490  3899 10978 D gralloc : [mali_gralloc_allocate] begin
08-30 15:11:08.490  3899 10978 D gralloc : buffer_descriptor: wh(720 1560) usage_pc(0x40000000000b00 0x40000000000b00) hal_format(0x1) layer_count(1) sizes(0 0 0) strde(0) byte_stride(0) alloc_wh(0 0) internal_format(0x0) alloc_format(0x0) fd_count(1) plane_count(0)
08-30 15:11:08.494  3899 10978 D gralloc : [mali_gralloc_allocate] allocation successful
08-30 15:11:08.494  3899 10978 D gralloc : [mali_gralloc_allocate] begin
08-30 15:11:08.495  3899 10978 D gralloc : buffer_descriptor: wh(720 1560) usage_pc(0x40000000000b00 0x40000000000b00) hal_format(0x1) layer_count(1) sizes(0 0 0) strde(0) byte_stride(0) alloc_wh(0 0) internal_format(0x0) alloc_format(0x0) fd_count(1) plane_count(0)
08-30 15:11:08.497 23627 23627 I ViewRootImpl@dbf7ec8[InstrumentationActivityInvoker$EmptyActivity]: [DP] pdf(0) 1 android.view.ViewRootImpl.lambda$performDraw$1$ViewRootImpl:4668 android.view.-$$Lambda$ViewRootImpl$DJd0VUYJgsebcnSohO6h8zc_ONI.run:6 android.os.Handler.handleCallback:938
08-30 15:11:08.497 23627 23627 I ViewRootImpl@dbf7ec8[InstrumentationActivityInvoker$EmptyActivity]: [DP] rdf()
08-30 15:11:08.498  3920  3994 I Sensors : [AMS] lux : 3, cam_lux : -1, result_lux : 3, brightness: 19, cam_on: 0, driver lux : 3
08-30 15:11:08.500  3899 10978 D gralloc : [mali_gralloc_allocate] allocation successful
08-30 15:11:08.500 23627 23627 I ViewRootImpl@ff1f911[HorizontalListActivity]: MSG_WINDOW_FOCUS_CHANGED 0 1
08-30 15:11:08.501  4349  4372 D PkgPredictorService: pkg:com.example.dogglers activity:androidx.test.core.app.InstrumentationActivityInvoker$EmptyActivity thisTime:164
08-30 15:11:08.502  4349  4376 I ActivityTaskManager: Displayed com.example.dogglers/androidx.test.core.app.InstrumentationActivityInvoker$EmptyActivity: +164ms
08-30 15:11:08.503  5589  5589 E pageboostd: Received HALT command code 2
08-30 15:11:08.507  4349  7290 I InputDispatcher: Focus entered window (23627): bb7add8 in display 0 0
08-30 15:11:08.508  4349  4372 I SemDvfsHyPerManager: acquire hyper - AMS_RESUME_TAIL/4349@18, type = -999
08-30 15:11:08.508  4349  4372 I SemDvfsHyPerManager: acquire hyper - AMS_ACT_LAZY/4349@19, type = -999
08-30 15:11:08.508  3927  3954 I HYPER-HAL: [RequestManager.cpp]acquire(): Acquired ID : 9537546  [4349 / 18]    HINT : AMS_RESUME_TAIL    list :
08-30 15:11:08.508  3927  3954 E HYPER-HAL: [HandlerSysfs.cpp]doResourceHandling(): Couldn't Open Sysfs - /sys/power/cstate_control
08-30 15:11:08.508  3927  3954 I HYPER-HAL: [ResourceManager.cpp]updateResource(): [CPUMinFreq] UpdateResource Request ID : 9537546    Value : 1560000
08-30 15:11:08.509  3927  3954 I HYPER-HAL: [RequestManager.cpp]acquire(): Acquired ID : 9541915  [4349 / 19]    HINT :      list :
08-30 15:11:08.509  3927  3954 E HYPER-HAL: [Request.cpp]acquire(): Request:: id : 9541915, No Resource to set
08-30 15:11:08.509  3927  3954 E HYPER-HAL: [HandlerSysfs.cpp]doResourceHandling(): Couldn't Open Sysfs - /sys/power/cstate_control
08-30 15:11:08.510  3927  3954 I HYPER-HAL: [ResourceManager.cpp]removeResource(): [CPUMinFreq] RemoveResource Request ID : 9528811
08-30 15:11:08.510  3927  3954 I HYPER-HAL: [RequestManager.cpp]releaseLocked(): Released ID : 9528811
08-30 15:11:08.512  4349  4372 I SurfaceControl: nativeRelease nativeObject s[477997782784]
08-30 15:11:08.512  4349  4372 I SurfaceControl: nativeRelease nativeObject e[477997782784]
08-30 15:11:08.513  4349  4372 I SurfaceControl: nativeRelease nativeObject s[476008572384]
08-30 15:11:08.513  4349  4372 I SurfaceControl: nativeRelease nativeObject e[476008572384]
08-30 15:11:08.513  4349  4372 I SurfaceControl: nativeRelease nativeObject s[477997559424]
08-30 15:11:08.513  4349  4372 I SurfaceControl: nativeRelease nativeObject e[477997559424]
08-30 15:11:08.513 23627 23627 I SurfaceControl: nativeRelease nativeObject s[476571791968]
08-30 15:11:08.513 23627 23627 I SurfaceControl: nativeRelease nativeObject e[476571791968]
08-30 15:11:08.513 23627 23627 I SurfaceControl: nativeRelease nativeObject s[476571791872]
08-30 15:11:08.513 23627 23627 I SurfaceControl: nativeRelease nativeObject e[476571791872]
08-30 15:11:08.513 23627 23627 I SurfaceControl: nativeRelease nativeObject s[476571788800]
08-30 15:11:08.513 23627 23627 I SurfaceControl: nativeRelease nativeObject e[476571788800]
08-30 15:11:08.513  3976  4318 I SurfaceFlinger: id=37970 Removed Surface(name=b07ecc5 NavigationBar0)/@0xa8376fc - animation-leash#1 (106)
08-30 15:11:08.514  3976  5385 I SurfaceFlinger: id=37969 Removed Surface(name=1096c8d StatusBar)/@0xeaf4dd0 - animation-leash#0 (106)
08-30 15:11:08.514  4349  4372 I SurfaceControl: nativeRelease nativeObject s[476017206560]
08-30 15:11:08.514  4349  4372 I SurfaceControl: nativeRelease nativeObject e[476017206560]
08-30 15:11:08.514  4349  4372 I SurfaceControl: nativeRelease nativeObject s[476008572288]
08-30 15:11:08.514  4349  4372 I SurfaceControl: nativeRelease nativeObject e[476008572288]
08-30 15:11:08.519  3976  5385 I Layer   : id=37971 removeFromCurrentState Surface(name=ActivityRecord{2765d0e u0 com.example.dogglers/.MainActivity t1409})/@0x7520b2a - animation-leash#0 (106)
08-30 15:11:08.519  3976  5385 I Layer   : id=37955 removeFromCurrentState ActivityRecord{2765d0e u0 com.example.dogglers/.MainActivity t1409}#0 (106)
08-30 15:11:08.519  3976  5385 I Layer   : id=37960 removeFromCurrentState 711799c com.example.dogglers/com.example.dogglers.MainActivity#0 (106)
08-30 15:11:08.519  3976  5385 I Layer   : id=37961 removeFromCurrentState com.example.dogglers/com.example.dogglers.MainActivity$_23627#0 (106)
08-30 15:11:08.519  3976  5385 I Layer   : id=15 removeFromCurrentState ImeContainer#0 (106)
08-30 15:11:08.519  3976  5385 I Layer   : id=56 removeFromCurrentState WindowToken{4311c68 android.os.Binder@13538b}#0 (106)
08-30 15:11:08.519  3976  5385 I Layer   : id=37977 removeFromCurrentState Surface(name=749d536 InputMethod)/@0x72f94d3 - animation-leash#1 (106)
08-30 15:11:08.519  3976  5385 I Layer   : id=83 removeFromCurrentState 749d536 InputMethod#0 (106)
08-30 15:11:08.519  3976  5385 I Layer   : id=37972 removeFromCurrentState Dim Layer for - Task=1409 - animating-dim#0 (106)
08-30 15:11:08.519  3976  5385 I Layer   : id=15 addToCurrentState ImeContainer#0 (106)
08-30 15:11:08.519  3976  5385 I Layer   : id=56 addToCurrentState WindowToken{4311c68 android.os.Binder@13538b}#0 (106)
08-30 15:11:08.519  3976  5385 I Layer   : id=37977 addToCurrentState Surface(name=749d536 InputMethod)/@0x72f94d3 - animation-leash#1 (106)
08-30 15:11:08.519  3976  5385 I Layer   : id=83 addToCurrentState 749d536 InputMethod#0 (106)
