08-30 15:11:18.771  7475  7475 I HBD     : h load selected json info : {"version":"1.0","currentLanguageOrder":2,"selected":[{"activeOptionList":["auto_replace","spell_check","auto_spacing"],"engName":"Russian","id":3342336,"inputType":"qwerty","isUsed":true},{"activeOptionList":["auto_replace","spell_check","auto_spacing"],"engName":"English","id":65537,"inputType":"qwerty","isUsed":true},{"activeOptionList":["auto_replace","spell_check","auto_spacing"],"engName":"Ukrainian","id":4456448,"inputType":"qwerty","isUsed":true}]}
08-30 15:11:18.771 23627 23627 I SurfaceControl: nativeRelease nativeObject s[476571791680]
08-30 15:11:18.771 23627 23627 I SurfaceControl: nativeRelease nativeObject e[476571791680]
08-30 15:11:18.771 23627 23627 I SurfaceControl: nativeRelease nativeObject s[476571791392]
08-30 15:11:18.771 23627 23627 I SurfaceControl: nativeRelease nativeObject e[476571791392]
08-30 15:11:18.772  7475  7475 I HBD     : a [UpdatePolicy] [post] a: 0 cl: 4456448 kit: [0/0] vt: 0 ir: 1
08-30 15:11:18.773  7475  7475 I HBD     : HoneyBoardService [PF_OP][onStartInput]  10527385 ns
08-30 15:11:18.786  4349  5464 I SemDvfsHyPerManager: acquire hyper - AMS_ACT_START/4349@16, type = -999
08-30 15:11:18.786  3927  3954 I HYPER-HAL: [RequestManager.cpp]acquire(): Acquired ID : 9528811  [4349 / 16]    HINT : AMS_ACT_START    list :
08-30 15:11:18.787  3927  3954 E HYPER-HAL: [HandlerSysfs.cpp]doResourceHandling(): Couldn't Open Sysfs - /sys/power/cstate_control
08-30 15:11:18.787  3927  3954 I HYPER-HAL: [ResourceManager.cpp]updateResource(): [CPUMinFreq] UpdateResource Request ID : 9528811    Value : 1560000
08-30 15:11:18.787  3976  6075 I SurfaceFlinger: id=38241 createSurf (0x0),-1 flag=80004, ActivityRecord{4d68bbc u0 com.example.dogglers/androidx.test.core.app.InstrumentationActivityInvoker$EmptyActivity t1415}#0
08-30 15:11:18.789  3976  3976 D SurfaceFlinger: Display 0 HWC layers:
08-30 15:11:18.789  3976  3976 D SurfaceFlinger:      DEVICE | 0x75743a6980 | 0002 | RGBA_8888    |    0.0    0.0  720.0 1560.0 |    0    0  720 1560 | com.example.dogglers/com.example.dogglers.GridListActivity$_23627#0
08-30 15:11:18.789  3976  3976 D SurfaceFlinger:      DEVICE | 0x74f0415340 | 0002 | RGBA_8888    |    0.0    0.0  720.0 1560.0 |    0    0  720 1560 | Splash Screen com.example.dogglers#0
08-30 15:11:18.789  3976  3976 D SurfaceFlinger:      DEVICE | 0x74f0414e40 | 0000 | RGBA_8888    |    0.0    0.0  720.0   53.0 |    0    0  720   53 | StatusBar$_4708#0
08-30 15:11:18.789  3976  3976 D SurfaceFlinger:      DEVICE | 0x74d157fa00 | 0000 | RGBA_8888    |    0.0    0.0   67.0  232.0 |  653  151  720  383 | com.samsung.android.app.cocktailbars[...]rservice.CocktailBarService$_14146#0
08-30 15:11:18.789  3976  3976 D SurfaceFlinger:      DEVICE | 0x75743a7380 | 0000 | RGBA_8888    |    0.0    0.0  720.0   84.0 |    0 1476  720 1560 | NavigationBar0$_4708#0
08-30 15:11:18.789  3976  3976 D SurfaceFlinger:      DEVICE | 0x74f0413e00 | 0000 | RGBA_8888    |    0.0    0.0  720.0  101.0 |    0    0  720  101 | ScreenDecorOverlay$_4708#0
08-30 15:11:18.789  3976  3976 D SurfaceFlinger:      DEVICE | 0x75743a7b00 | 0000 | RGBA_8888    |    0.0    0.0  720.0  101.0 |    0 1459  720 1560 | ScreenDecorOverlayBottom$_470
08-30 15:11:18.789  3976  3976 D SurfaceFlinger: 8#0
08-30 15:11:18.789  3976  3976 D SurfaceFlinger:
08-30 15:11:18.790  3881  3886 E statsd  : Predicate -7037417284711607308 dropping data for dimension key (10)0x2010101->10429[I] (10)0x30000->*launch*[S]
08-30 15:11:18.795 23627 23627 D LifecycleMonitor: Lifecycle status change: com.example.dogglers.GridListActivity@5864ab4 in: PAUSED
08-30 15:11:18.795 23627 23627 V ActivityScenario: Update currentActivityStage to PAUSED, currentActivity=com.example.dogglers.GridListActivity@5864ab4
08-30 15:11:18.797  4349  6779 V WindowOrientationListener: getProposedRotation: -1
08-30 15:11:18.798  4349  6779 V WindowOrientationListener: getProposedRotation: -1
08-30 15:11:18.799  4349  6779 V WindowOrientationListener: getProposedRotation: -1
08-30 15:11:18.802  4349  6779 D InputDispatcher: Focused application set to (0): 4d68bbc
08-30 15:11:18.803  4349  6779 I SurfaceControl: nativeRelease nativeObject s[477996351456]
08-30 15:11:18.803  4349  6779 I SurfaceControl: nativeRelease nativeObject e[477996351456]
08-30 15:11:18.803 14146 14146 I TrayStateController: systemUiVisibilityChanged : 0 0
08-30 15:11:18.804  3976  4002 I SurfaceFlinger: id=38242 createSurf (0x0),-1 flag=24000, Surface(name=1096c8d StatusBar)/@0xeaf4dd0 - animation-leash#0
08-30 15:11:18.804  4349  6779 I SurfaceControl: nativeRelease nativeObject s[477996351936]
08-30 15:11:18.805  4349  6779 I SurfaceControl: nativeRelease nativeObject e[477996351936]
08-30 15:11:18.805  3976  4002 I SurfaceFlinger: id=38243 createSurf (0x0),-1 flag=24000, Surface(name=b07ecc5 NavigationBar0)/@0xa8376fc - animation-leash#1
08-30 15:11:18.810  3976  4002 I Layer   : id=38238 removeFromCurrentState Surface(name=b07ecc5 NavigationBar0)/@0xa8376fc - animation-leash#0 (107)
08-30 15:11:18.810  3976  4002 I Layer   : id=25 removeFromCurrentState b07ecc5 NavigationBar0#0 (107)
08-30 15:11:18.810  3976  4002 I Layer   : id=32 removeFromCurrentState NavigationBar0$_4708#0 (107)
08-30 15:11:18.810  3976  4002 I Layer   : id=38237 removeFromCurrentState Surface(name=1096c8d StatusBar)/@0xeaf4dd0 - animation-leash#1 (107)
08-30 15:11:18.810  3976  4002 I Layer   : id=25 addToCurrentState b07ecc5 NavigationBar0#0 (107)
08-30 15:11:18.810  3976  4002 I Layer   : id=32 addToCurrentState NavigationBar0$_4708#0 (107)
08-30 15:11:18.813  4349  4372 I SurfaceControl: nativeRelease nativeObject s[476016225824]
08-30 15:11:18.813  4349  4372 I SurfaceControl: nativeRelease nativeObject e[476016225824]
08-30 15:11:18.814  4349  4372 I SurfaceControl: nativeRelease nativeObject s[476021501184]
08-30 15:11:18.814  4349  4372 I SurfaceControl: nativeRelease nativeObject e[476021501184]
08-30 15:11:18.814  3976  4002 I Layer   : id=38227 removeFromCurrentState Splash Screen com.example.dogglers#0 (107)
08-30 15:11:18.815  4349  4372 I SurfaceControl: nativeRelease nativeObject s[476007092000]
08-30 15:11:18.815  4349  4372 I SurfaceControl: nativeRelease nativeObject e[476007092000]
08-30 15:11:18.816  4349  4372 I SurfaceControl: nativeRelease nativeObject s[476007092096]
08-30 15:11:18.816  4349  4372 I SurfaceControl: nativeRelease nativeObject e[476007092096]
08-30 15:11:18.816 14146 14146 I TrayStateController: systemUiVisibilityChanged : 0 0
08-30 15:11:18.817  3976  6075 I SurfaceFlinger: id=38244 createSurf (0x0),-1 flag=24000, Surface(name=1096c8d StatusBar)/@0xeaf4dd0 - animation-leash#1
08-30 15:11:18.818  4349  4372 I SurfaceControl: nativeRelease nativeObject s[476007091904]
08-30 15:11:18.818  4349  4372 I SurfaceControl: nativeRelease nativeObject e[476007091904]
08-30 15:11:18.819  3976  6075 I SurfaceFlinger: id=38245 createSurf (0x0),-1 flag=24000, Surface(name=b07ecc5 NavigationBar0)/@0xa8376fc - animation-leash#0
08-30 15:11:18.821  3976  3976 D SurfaceFlinger: Display 0 HWC layers:
08-30 15:11:18.821  3976  3976 D SurfaceFlinger:      DEVICE | 0x75743a6980 | 0002 | RGBA_8888    |    0.0    0.0  720.0 1560.0 |    0    0  720 1560 | com.example.dogglers/com.example.dogglers.GridListActivity$_23627#0
08-30 15:11:18.821  3976  3976 D SurfaceFlinger:      DEVICE | 0x74f0414e40 | 0000 | RGBA_8888    |    0.0    0.0  720.0   53.0 |    0    0  720   53 | StatusBar$_4708#0
08-30 15:11:18.821  3976  3976 D SurfaceFlinger:      DEVICE | 0x74d157fa00 | 0000 | RGBA_8888    |    0.0    0.0   67.0  232.0 |  653  151  720  383 | com.samsung.android.app.cocktailbars[...]rservice.CocktailBarService$_14146#0
08-30 15:11:18.821  3976  3976 D SurfaceFlinger:      DEVICE | 0x75743a7380 | 0000 | RGBA_8888    |    0.0    0.0  720.0   84.0 |    0 1476  720 1560 | NavigationBar0$_4708#0
08-30 15:11:18.821  3976  3976 D SurfaceFlinger:      DEVICE | 0x74f0413e00 | 0000 | RGBA_8888    |    0.0    0.0  720.0  101.0 |    0    0  720  101 | ScreenDecorOverlay$_4708#0
08-30 15:11:18.821  3976  3976 D SurfaceFlinger:      DEVICE | 0x75743a7b00 | 0000 | RGBA_8888    |    0.0    0.0  720.0  101.0 |    0 1459  720 1560 | ScreenDecorOverlayBottom$_4708#0
08-30 15:11:18.821  3976  3976 D SurfaceFlinger:
08-30 15:11:18.821  3976  6075 I Layer   : id=38226 removeFromCurrentState 5ec869c Splash Screen com.example.dogglers#0 (109)
08-30 15:11:18.821  3976  6075 I Layer   : id=38239 removeFromCurrentState Surface(name=5ec869c Splash Screen com.example.dogglers)/@0xdbd5c59 - animation-leash#0 (109)
08-30 15:11:18.821  3976  6075 I Layer   : id=38242 removeFromCurrentState Surface(name=1096c8d StatusBar)/@0xeaf4dd0 - animation-leash#0 (109)
08-30 15:11:18.821  3976  6075 I Layer   : id=29 removeFromCurrentState 1096c8d StatusBar#0 (109)
08-30 15:11:18.821  3976  6075 I Layer   : id=36 removeFromCurrentState StatusBar$_4708#0 (109)
08-30 15:11:18.822  3976  6075 I Layer   : id=38243 removeFromCurrentState Surface(name=b07ecc5 NavigationBar0)/@0xa8376fc - animation-leash#1 (109)
08-30 15:11:18.822  3976  6075 I Layer   : id=25 removeFromCurrentState b07ecc5 NavigationBar0#0 (109)
08-30 15:11:18.822  3976  6075 I Layer   : id=32 removeFromCurrentState NavigationBar0$_4708#0 (109)
08-30 15:11:18.822  3976  6075 I Layer   : id=29 addToCurrentState 1096c8d StatusBar#0 (109)
08-30 15:11:18.822  3976  6075 I Layer   : id=36 addToCurrentState StatusBar$_4708#0 (109)
08-30 15:11:18.822  3976  6075 I Layer   : id=25 addToCurrentState b07ecc5 NavigationBar0#0 (109)
08-30 15:11:18.822  3976  6075 I Layer   : id=32 addToCurrentState NavigationBar0$_4708#0 (109)
08-30 15:11:18.822  3976  4318 I SurfaceFlinger: id=38226 Removed 5ec869c Splash Screen com.example.dogglers#0 (109)
08-30 15:11:18.822  3976  6075 I SurfaceFlinger: id=38239 Removed Surface(name=5ec869c Splash Screen com.example.dogglers)/@0xdbd5c59 - animation-leash#0 (109)
08-30 15:11:18.822  3976  4318 I SurfaceFlinger: id=38227 Removed Splash Screen com.example.dogglers#0 (109)
08-30 15:11:18.829 23627 23627 D LifecycleMonitor: Lifecycle status change: androidx.test.core.app.InstrumentationActivityInvoker$EmptyActivity@c21cf2b in: PRE_ON_CREATE
08-30 15:11:18.830 23627 23627 V ActivityScenario: Activity lifecycle changed event received but ignored because the intent does not match. startActivityIntent=Intent { act=android.intent.action.MAIN cat=[android.intent.category.LAUNCHER] cmp=com.example.dogglers/.GridListActivity }, activity.getIntent()=Intent { act=android.intent.action.MAIN cat=[android.intent.category.LAUNCHER] flg=0x10000000 cmp=com.example.dogglers/androidx.test.core.app.InstrumentationActivityInvoker$EmptyActivity }, activity=androidx.test.core.app.InstrumentationActivityInvoker$EmptyActivity@c21cf2b
08-30 15:11:18.832  3976  3976 I Layer   : id=38227[1] Destroyed Splash Screen com.example.dogglers#0
08-30 15:11:18.832  3976  3976 I Layer   : id=38239[1] Destroyed Surface(name=5ec869c Splash Screen com.example.dogglers)/@0xdbd5c59 - animation-leash#0
08-30 15:11:18.833  3976  3976 I Layer   : id=38226[1] Destroyed 5ec869c Splash Screen com.example.dogglers#0
08-30 15:11:18.833  4349  4371 I SemPersonaManager: SecureFolder personaId = 150
08-30 15:11:18.834  4349  5108 I InputDispatcher: Focus left window (23627): c27ad01 in display 0 0
08-30 15:11:18.839 23627 23627 I DecorView: [INFO] isPopOver=false, config=true
08-30 15:11:18.840 23627 23627 I DecorView: updateCaptionType >> DecorView@38fed21[], isFloating=false, isApplication=true, hasWindowDecorCaption=false, hasWindowControllerCallback=true
08-30 15:11:18.840 23627 23627 D DecorView: setCaptionType = 0, this = DecorView@38fed21[]
08-30 15:11:18.846 23627 23627 D LifecycleMonitor: Lifecycle status change: androidx.test.core.app.InstrumentationActivityInvoker$EmptyActivity@c21cf2b in: CREATED
08-30 15:11:18.846 23627 23627 V ActivityScenario: Activity lifecycle changed event received but ignored because the intent does not match. startActivityIntent=Intent { act=android.intent.action.MAIN cat=[android.intent.category.LAUNCHER] cmp=com.example.dogglers/.GridListActivity }, activity.getIntent()=Intent { act=android.intent.action.MAIN cat=[android.intent.category.LAUNCHER] flg=0x10000000 cmp=com.example.dogglers/androidx.test.core.app.InstrumentationActivityInvoker$EmptyActivity }, activity=androidx.test.core.app.InstrumentationActivityInvoker$EmptyActivity@c21cf2b
08-30 15:11:18.849  4349  4372 I SurfaceControl: nativeRelease nativeObject s[476017810528]
08-30 15:11:18.849  4349  4372 I SurfaceControl: nativeRelease nativeObject e[476017810528]
08-30 15:11:18.849  4349  4372 I SurfaceControl: nativeRelease nativeObject s[476016226208]
08-30 15:11:18.849  4349  4372 I SurfaceControl: nativeRelease nativeObject e[476016226208]
08-30 15:11:18.850 23627 23627 D LifecycleMonitor: Lifecycle status change: androidx.test.core.app.InstrumentationActivityInvoker$EmptyActivity@c21cf2b in: STARTED
08-30 15:11:18.851 23627 23627 V ActivityScenario: Activity lifecycle changed event received but ignored because the intent does not match. startActivityIntent=Intent { act=android.intent.action.MAIN cat=[android.intent.category.LAUNCHER] cmp=com.example.dogglers/.GridListActivity }, activity.getIntent()=Intent { act=android.intent.action.MAIN cat=[android.intent.category.LAUNCHER] flg=0x10000000 cmp=com.example.dogglers/androidx.test.core.app.InstrumentationActivityInvoker$EmptyActivity }, activity=androidx.test.core.app.InstrumentationActivityInvoker$EmptyActivity@c21cf2b
08-30 15:11:18.866  3976  4002 I Layer   : id=38231 removeFromCurrentState Surface(name=ActivityRecord{e018af4 u0 com.example.dogglers/androidx.test.core.app.InstrumentationActivityInvoker$BootstrapActivity t1415})/@0xcbba02a - animation-leash#0 (106)
08-30 15:11:18.866  3976  4002 I Layer   : id=38234 removeFromCurrentState Surface(name=ActivityRecord{e018af4 u0 com.example.dogglers/androidx.test.core.app.InstrumentationActivityInvoker$BootstrapActivity t1415})/@0xcbba02a - animation-bounds#0 (106)
08-30 15:11:18.866  3976  4002 I SurfaceFlinger: id=38231 Removed Surface(name=ActivityRecord{e018af4 u0 com.example.dogglers/androidx.test.core.app.InstrumentationActivityInvoker$BootstrapActivity t1415})/@0xcbba02a - animation-leash#0 (106)
08-30 15:11:18.866  3976  5385 I SurfaceFlinger: id=38234 Removed Surface(name=ActivityRecord{e018af4 u0 com.example.dogglers/androidx.test.core.app.InstrumentationActivityInvoker$BootstrapActivity t1415})/@0xcbba02a - animation-bounds#0 (106)
08-30 15:11:18.876  4349  4371 D EnterpriseDeviceManagerService: isMdmAdminPresentInternal() : MDM Admin Found - com.samsung.knox.securefolder
08-30 15:11:18.879 14146 14146 I Utils   : isCurrentUser current = 0, ownerId = 0
08-30 15:11:18.880 14146 14146 I TrayVisibilityController: getComputedTrayVisible : keyguardState = 1
08-30 15:11:18.880 14146 14146 I TrayVisibilityController: updateTrayVisible: State=1 visible=1 mCurrentVisible=1 specificMode=0
08-30 15:11:18.880 14146 14146 I TrayStateController: onNotifyUpdateTray: 0 to need to visible? true
08-30 15:11:18.882  3976  3976 I Layer   : id=38234[1] Destroyed Surface(name=ActivityRecord{e018af4 u0 com.example.dogglers/androidx.test.core.app.InstrumentationActivityInvoker$BootstrapActivity t1415})/@0xcbba02a - animation-bounds#0
08-30 15:11:18.882  3976  3976 I Layer   : id=38231[1] Destroyed Surface(name=ActivityRecord{e018af4 u0 com.example.dogglers/androidx.test.core.app.InstrumentationActivityInvoker$BootstrapActivity t1415})/@0xcbba02a - animation-leash#0
08-30 15:11:18.883 23627 23627 D LifecycleMonitor: Lifecycle status change: androidx.test.core.app.InstrumentationActivityInvoker$EmptyActivity@c21cf2b in: RESUMED
08-30 15:11:18.883 23627 23627 V ActivityScenario: Activity lifecycle changed event received but ignored because the intent does not match. startActivityIntent=Intent { act=android.intent.action.MAIN cat=[android.intent.category.LAUNCHER] cmp=com.example.dogglers/.GridListActivity }, activity.getIntent()=Intent { act=android.intent.action.MAIN cat=[android.intent.category.LAUNCHER] flg=0x10000000 cmp=com.example.dogglers/androidx.test.core.app.InstrumentationActivityInvoker$EmptyActivity }, activity=androidx.test.core.app.InstrumentationActivityInvoker$EmptyActivity@c21cf2b
08-30 15:11:18.889  4349  6779 D InputTransport: Input channel constructed: '4109cf0', fd=704
08-30 15:11:18.890  4349  6779 D InputTransport: Input channel constructed: '4109cf0', fd=707
08-30 15:11:18.891  3976  6075 I SurfaceFlinger: id=38246 createSurf (0x0),-1 flag=80004, 4109cf0 com.example.dogglers/androidx.test.core.app.InstrumentationActivityInvoker$EmptyActivity#0
08-30 15:11:18.891  4349  6779 D WindowManager: isScreenshotDisabledLocked - win: Window{4109cf0 u0 com.example.dogglers/androidx.test.core.app.InstrumentationActivityInvoker$EmptyActivity}
08-30 15:11:18.891  4349  6779 D WindowManager: isScreenshotDisabledLocked: userId = 0, disabled =false
08-30 15:11:18.892  4349  6779 D InputTransport: Input channel destroyed: '4109cf0', fd=707
08-30 15:11:18.892 23627 23627 D InputTransport: Input channel constructed: '4109cf0', fd=90
08-30 15:11:18.894 23627 23627 I ViewRootImpl@7080c34[InstrumentationActivityInvoker$EmptyActivity]: setView = com.android.internal.policy.DecorView@38fed21 TM=true
08-30 15:11:18.896 23627 23627 I SurfaceControl: nativeRelease nativeObject s[476571793888]
08-30 15:11:18.896 23627 23627 I SurfaceControl: nativeRelease nativeObject e[476571793888]
08-30 15:11:18.896 23627 23627 I SurfaceControl: nativeRelease nativeObject s[476571793792]
08-30 15:11:18.896 23627 23627 I SurfaceControl: nativeRelease nativeObject e[476571793792]
08-30 15:11:18.896 23627 23627 I SurfaceControl: nativeRelease nativeObject s[476571793696]
08-30 15:11:18.896 23627 23627 I SurfaceControl: nativeRelease nativeObject e[476571793696]
08-30 15:11:18.896  3976  6075 I SurfaceFlinger: id=38238 Removed Surface(name=b07ecc5 NavigationBar0)/@0xa8376fc - animation-leash#0 (105)
08-30 15:11:18.896  3976  6075 I SurfaceFlinger: id=38237 Removed Surface(name=1096c8d StatusBar)/@0xeaf4dd0 - animation-leash#1 (105)
08-30 15:11:18.898  3976  3976 I Layer   : id=38237[1] Destroyed Surface(name=1096c8d StatusBar)/@0xeaf4dd0 - animation-leash#1
08-30 15:11:18.899  3976  3976 I Layer   : id=38238[1] Destroyed Surface(name=b07ecc5 NavigationBar0)/@0xa8376fc - animation-leash#0
08-30 15:11:18.902  4349  6779 V WindowManager: Relayout Window{4109cf0 u0 com.example.dogglers/androidx.test.core.app.InstrumentationActivityInvoker$EmptyActivity}: viewVisibility=0 req=720x1560
08-30 15:11:18.904  4349  6779 D WindowManager: isScreenshotDisabledLocked - win: Window{4109cf0 u0 com.example.dogglers/androidx.test.core.app.InstrumentationActivityInvoker$EmptyActivity}
08-30 15:11:18.904  4349  6779 D WindowManager: isScreenshotDisabledLocked: userId = 0, disabled =false
08-30 15:11:18.905  3976  6075 I SurfaceFlinger: id=38247 createSurf (720x1560),1 flag=404, com.example.dogglers/androidx.test.core.app.InstrumentationActivityInvoker$EmptyActivity$_23627#0
08-30 15:11:18.907  4349  6779 I SurfaceControl: nativeRelease nativeObject s[476016225728]
08-30 15:11:18.907  4349  6779 I SurfaceControl: nativeRelease nativeObject e[476016225728]
08-30 15:11:18.907 14146 14146 I TrayStateController: systemUiVisibilityChanged : 0 0
08-30 15:11:18.907  3976  4318 I SurfaceFlinger: id=38248 createSurf (0x0),-1 flag=24000, Surface(name=1096c8d StatusBar)/@0xeaf4dd0 - animation-leash#0
08-30 15:11:18.908  4349  6779 I SurfaceControl: nativeRelease nativeObject s[476016292032]
08-30 15:11:18.908  4349  6779 I SurfaceControl: nativeRelease nativeObject e[476016292032]
08-30 15:11:18.909  3976  4318 I SurfaceFlinger: id=38249 createSurf (0x0),-1 flag=24000, Surface(name=b07ecc5 NavigationBar0)/@0xa8376fc - animation-leash#1
08-30 15:11:18.911  4349  6779 V WindowManager: Relayout hash=4109cf0, pid=23627: mAttrs={(0,0)(fillxfill) sim={adjust=pan forwardNavigation} ty=BASE_APPLICATION wanim=0x1030001
08-30 15:11:18.911  4349  6779 V WindowManager:   fl=1810100
08-30 15:11:18.911  4349  6779 V WindowManager:   pfl=12020000
08-30 15:11:18.911  4349  6779 V WindowManager:   fitSides= naviIconColor=0}
08-30 15:11:18.911  4349  6779 I SurfaceControl: nativeRelease nativeObject s[476007093536]
08-30 15:11:18.911  4349  6779 I SurfaceControl: nativeRelease nativeObject e[476007093536]
08-30 15:11:18.912 23627 23627 I SurfaceControl: assignNativeObject: nativeObject = 0 Surface(name=null)/@0x65d3a5d / android.view.SurfaceControl.readFromParcel:1117 android.view.IWindowSession$Stub$Proxy.relayout:1836 android.view.ViewRootImpl.relayoutWindow:9005 android.view.ViewRootImpl.performTraversals:3360 android.view.ViewRootImpl.doTraversal:2618 android.view.ViewRootImpl$TraversalRunnable.run:9971 android.view.Choreographer$CallbackRecord.run:1010 android.view.Choreographer.doCallbacks:809 android.view.Choreographer.doFrame:744 android.view.Choreographer$FrameDisplayEventReceiver.run:995
08-30 15:11:18.914 23627 23627 I ViewRootImpl@7080c34[InstrumentationActivityInvoker$EmptyActivity]: Relayout returned: old=(0,0,720,1560) new=(0,0,720,1560) req=(720,1560)0 dur=12 res=0x7 s={true 478236127232} ch=true fn=-1
08-30 15:11:18.916  3976  4318 I Layer   : id=38245 removeFromCurrentState Surface(name=b07ecc5 NavigationBar0)/@0xa8376fc - animation-leash#0 (106)
08-30 15:11:18.917  3976  4318 I Layer   : id=25 removeFromCurrentState b07ecc5 NavigationBar0#0 (106)
08-30 15:11:18.917  3976  4318 I Layer   : id=32 removeFromCurrentState NavigationBar0$_4708#0 (106)
08-30 15:11:18.917  3976  4318 I Layer   : id=38244 removeFromCurrentState Surface(name=1096c8d StatusBar)/@0xeaf4dd0 - animation-leash#1 (106)
08-30 15:11:18.917  3976  4318 I Layer   : id=25 addToCurrentState b07ecc5 NavigationBar0#0 (106)
08-30 15:11:18.917  3976  4318 I Layer   : id=32 addToCurrentState NavigationBar0$_4708#0 (106)
08-30 15:11:18.919 23627 23627 I ViewRootImpl@7080c34[InstrumentationActivityInvoker$EmptyActivity]: [DP] dp(1) 1 android.view.ViewRootImpl.reportNextDraw:10957 android.view.ViewRootImpl.performTraversals:3845 android.view.ViewRootImpl.doTraversal:2618
08-30 15:11:18.919 23627 23627 I ViewRootImpl@7080c34[InstrumentationActivityInvoker$EmptyActivity]: [DP] pd() Asnyc report
08-30 15:11:18.919  3899 10978 D gralloc : [mali_gralloc_allocate] begin
08-30 15:11:18.919  3899 10978 D gralloc : buffer_descriptor: wh(720 1560) usage_pc(0x40000000000b00 0x40000000000b00) hal_format(0x1) layer_count(1) sizes(0 0 0) strde(0) byte_stride(0) alloc_wh(0 0) internal_format(0x0) alloc_format(0x0) fd_count(1) plane_count(0)
08-30 15:11:18.920  3899 10978 D gralloc : [mali_gralloc_allocate] allocation successful
08-30 15:11:18.921  3899 10978 D gralloc : [mali_gralloc_allocate] begin
08-30 15:11:18.921  3899 10978 D gralloc : buffer_descriptor: wh(720 1560) usage_pc(0x40000000000b00 0x40000000000b00) hal_format(0x1) layer_count(1) sizes(0 0 0) strde(0) byte_stride(0) alloc_wh(0 0) internal_format(0x0) alloc_format(0x0) fd_count(1) plane_count(0)
08-30 15:11:18.921  3899 10978 D gralloc : [mali_gralloc_allocate] allocation successful
08-30 15:11:18.922  3899 10978 D gralloc : [mali_gralloc_allocate] begin
08-30 15:11:18.922  3899 10978 D gralloc : buffer_descriptor: wh(720 1560) usage_pc(0x40000000000b00 0x40000000000b00) hal_format(0x1) layer_count(1) sizes(0 0 0) strde(0) byte_stride(0) alloc_wh(0 0) internal_format(0x0) alloc_format(0x0) fd_count(1) plane_count(0)
08-30 15:11:18.923 12736 12736 I dnxg    : onStop
08-30 15:11:18.924  3899 10978 D gralloc : [mali_gralloc_allocate] allocation successful
08-30 15:11:18.926 23627 23627 I ViewRootImpl@7080c34[InstrumentationActivityInvoker$EmptyActivity]: [DP] pdf(0) 1 android.view.ViewRootImpl.lambda$performDraw$1$ViewRootImpl:4668 android.view.-$$Lambda$ViewRootImpl$DJd0VUYJgsebcnSohO6h8zc_ONI.run:6 android.os.Handler.handleCallback:938
08-30 15:11:18.926 23627 23627 I ViewRootImpl@7080c34[InstrumentationActivityInvoker$EmptyActivity]: [DP] rdf()
08-30 15:11:18.931 23627 23627 I SurfaceControl: nativeRelease nativeObject s[476571794272]
08-30 15:11:18.931 23627 23627 I SurfaceControl: nativeRelease nativeObject e[476571794272]
08-30 15:11:18.933  4349  4372 D PkgPredictorService: pkg:com.example.dogglers activity:androidx.test.core.app.InstrumentationActivityInvoker$EmptyActivity thisTime:148
08-30 15:11:18.934  4349  4372 I SemDvfsHyPerManager: acquire hyper - AMS_RESUME_TAIL/4349@18, type = -999
08-30 15:11:18.934  4349  4376 I ActivityTaskManager: Displayed com.example.dogglers/androidx.test.core.app.InstrumentationActivityInvoker$EmptyActivity: +148ms
08-30 15:11:18.934  4349  4372 I SemDvfsHyPerManager: acquire hyper - AMS_ACT_LAZY/4349@19, type = -999
08-30 15:11:18.935  5589  5589 E pageboostd: Received HALT command code 2
08-30 15:11:18.935  3927  3954 I HYPER-HAL: [RequestManager.cpp]acquire(): Acquired ID : 9537546  [4349 / 18]    HINT : AMS_RESUME_TAIL    list :
08-30 15:11:18.935  3927  3954 E HYPER-HAL: [HandlerSysfs.cpp]doResourceHandling(): Couldn't Open Sysfs - /sys/power/cstate_control
08-30 15:11:18.935  3927  3954 I HYPER-HAL: [ResourceManager.cpp]updateResource(): [CPUMinFreq] UpdateResource Request ID : 9537546    Value : 1560000
08-30 15:11:18.936  3927  3954 I HYPER-HAL: [RequestManager.cpp]acquire(): Acquired ID : 9541915  [4349 / 19]    HINT :      list :
08-30 15:11:18.936  3927  3954 E HYPER-HAL: [Request.cpp]acquire(): Request:: id : 9541915, No Resource to set
08-30 15:11:18.936  3927  3954 E HYPER-HAL: [HandlerSysfs.cpp]doResourceHandling(): Couldn't Open Sysfs - /sys/power/cstate_control
08-30 15:11:18.936  3927  3954 I HYPER-HAL: [ResourceManager.cpp]removeResource(): [CPUMinFreq] RemoveResource Request ID : 9528811
08-30 15:11:18.937  3927  3954 I HYPER-HAL: [RequestManager.cpp]releaseLocked(): Released ID : 9528811
08-30 15:11:18.937 23627 23627 I ViewRootImpl@8a4f868[GridListActivity]: MSG_WINDOW_FOCUS_CHANGED 0 1
08-30 15:11:18.940 23627 23627 I SurfaceControl: nativeRelease nativeObject s[476571794464]
08-30 15:11:18.940 23627 23627 I SurfaceControl: nativeRelease nativeObject e[476571794464]
08-30 15:11:18.940 23627 23627 I SurfaceControl: nativeRelease nativeObject s[476571794752]
08-30 15:11:18.940 23627 23627 I SurfaceControl: nativeRelease nativeObject e[476571794752]
08-30 15:11:18.940 23627 23627 I SurfaceControl: nativeRelease nativeObject s[476571794656]
08-30 15:11:18.940 23627 23627 I SurfaceControl: nativeRelease nativeObject e[476571794656]
08-30 15:11:18.940  3976  6075 I SurfaceFlinger: id=38245 Removed Surface(name=b07ecc5 NavigationBar0)/@0xa8376fc - animation-leash#0 (106)
08-30 15:11:18.940  3976  6075 I SurfaceFlinger: id=38244 Removed Surface(name=1096c8d StatusBar)/@0xeaf4dd0 - animation-leash#1 (106)
08-30 15:11:18.948  3976  3976 I Layer   : id=38244[1] Destroyed Surface(name=1096c8d StatusBar)/@0xeaf4dd0 - animation-leash#1
08-30 15:11:18.949  3976  3976 I Layer   : id=38245[1] Destroyed Surface(name=b07ecc5 NavigationBar0)/@0xa8376fc - animation-leash#0
08-30 15:11:18.950  4349  6779 I InputDispatcher: Focus entered window (23627): 4109cf0 in display 0 0
08-30 15:11:18.952  3976  6075 E BufferQueueProducer: [com.example.dogglers/com.example.dogglers.GridListActivity$_23627#0](id:f88000033bf,api:0,p:-1,c:3976) disconnect: not connected (req=1)
08-30 15:11:18.952 23627 23685 W libEGL  : EGLNativeWindowType 0x6f58d51010 disconnect failed
08-30 15:11:18.954  4349  6779 V WindowManager: Relayout Window{c27ad01 u0 com.example.dogglers/com.example.dogglers.GridListActivity}: viewVisibility=8 req=720x1560
08-30 15:11:18.955  3976  3976 D SurfaceFlinger: Display 0 HWC layers:
08-30 15:11:18.955  3976  3976 D SurfaceFlinger:      DEVICE | 0x75743a5d00 | 0002 | RGBA_8888    |    0.0    0.0  720.0 1560.0 |    0    0  720 1560 | com.example.dogglers/androidx.test.c[...]tivityInvoker$EmptyActivity$_23627#0
08-30 15:11:18.955  3976  3976 D SurfaceFlinger:      DEVICE | 0x74f0414e40 | 0000 | RGBA_8888    |    0.0    0.0  720.0   53.0 |    0    0  720   53 | StatusBar$_4708#0
08-30 15:11:18.955  3976  3976 D SurfaceFlinger:      DEVICE | 0x74d157fa00 | 0000 | RGBA_8888    |    0.0    0.0   67.0  232.0 |  653  151  720  383 | com.samsung.android.app.cocktailbars[...]rservice.CocktailBarService$_14146#0
08-30 15:11:18.955  3976  3976 D SurfaceFlinger:      DEVICE | 0x75743a7380 | 0000 | RGBA_8888    |    0.0    0.0  720.0   84.0 |    0 1476  720 1560 | NavigationBar0$_4708#0
08-30 15:11:18.955  3976  3976 D SurfaceFlinger:      DEVICE | 0x74f0413e00 | 0000 | RGBA_8888    |    0.0    0.0  720.0  101.0 |    0    0  720  101 | ScreenDecorOverlay$_4708#0
08-30 15:11:18.955  3976  3976 D SurfaceFlinger:      DEVICE | 0x75743a7b00 | 0000 | RGBA_8888    |    0.0    0.0  720.0  101.0 |    0 1459  720 1560 | ScreenDecorOverlayBottom$_4708#0
08-30 15:11:18.955  3976  3976 D SurfaceFlinger:
08-30 15:11:18.957  4349  6779 V WindowManager: Relayout hash=c27ad01, pid=23627: mAttrs={(0,0)(fillxfill) sim={adjust=resize forwardNavigation} ty=BASE_APPLICATION wanim=0x1030304
08-30 15:11:18.957  4349  6779 V WindowManager:   fl=81810100
08-30 15:11:18.957  4349  6779 V WindowManager:   pfl=12020000
08-30 15:11:18.957  4349  6779 V WindowManager:   fitSides= naviIconColor=0}
08-30 15:11:18.958  4349  5108 I SemDvfsHyPerManager: acquire hyper - AMS_ACT_START/4349@16, type = -999
08-30 15:11:18.958  3927  3954 I HYPER-HAL: [RequestManager.cpp]acquire(): Acquired ID : 9528811  [4349 / 16]    HINT : AMS_ACT_START    list :
08-30 15:11:18.959  3927  3954 E HYPER-HAL: [HandlerSysfs.cpp]doResourceHandling(): Couldn't Open Sysfs - /sys/power/cstate_control
08-30 15:11:18.959  3927  3954 I HYPER-HAL: [ResourceManager.cpp]updateResource(): [CPUMinFreq] UpdateResource Request ID : 9528811    Value : 1560000
08-30 15:11:18.959  3976  6075 I SurfaceFlinger: id=38250 createSurf (0x0),-1 flag=80004, ActivityRecord{19e93c6 u0 com.example.dogglers/androidx.test.core.app.InstrumentationActivityInvoker$EmptyActivity t1415}#0
08-30 15:11:18.960 23627 23627 I SurfaceControl: nativeRelease nativeObject s[478212038272]
08-30 15:11:18.960 23627 23627 I SurfaceControl: nativeRelease nativeObject e[478212038272]
08-30 15:11:18.961 23627 23627 I SurfaceControl: assignNativeObject: nativeObject = 0 Surface(name=null)/@0xe0ef8a3 / android.view.SurfaceControl.readFromParcel:1117 android.view.IWindowSession$Stub$Proxy.relayout:1826 android.view.ViewRootImpl.relayoutWindow:9005 android.view.ViewRootImpl.performTraversals:3360 android.view.ViewRootImpl.doTraversal:2618 android.view.ViewRootImpl$TraversalRunnable.run:9971 android.view.Choreographer$CallbackRecord.run:1010 android.view.Choreographer.doCallbacks:809 android.view.Choreographer.doFrame:744 android.view.Choreographer$FrameDisplayEventReceiver.run:995
08-30 15:11:18.962 23627 23627 I SurfaceControl: assignNativeObject: nativeObject = 0 Surface(name=null)/@0xa5da481 / android.view.SurfaceControl.readFromParcel:1117 android.view.IWindowSession$Stub$Proxy.relayout:1836 android.view.ViewRootImpl.relayoutWindow:9005 android.view.ViewRootImpl.performTraversals:3360 android.view.ViewRootImpl.doTraversal:2618 android.view.ViewRootImpl$TraversalRunnable.run:9971 android.view.Choreographer$CallbackRecord.run:1010 android.view.Choreographer.doCallbacks:809 android.view.Choreographer.doFrame:744 android.view.Choreographer$FrameDisplayEventReceiver.run:995
08-30 15:11:18.963 23627 23627 I SurfaceControl: nativeRelease nativeObject s[476571794848]
08-30 15:11:18.963 23627 23627 I SurfaceControl: nativeRelease nativeObject e[476571794848]
08-30 15:11:18.963 23627 23627 I ViewRootImpl@8a4f868[GridListActivity]: Relayout returned: old=(0,0,720,1560) new=(0,0,720,1560) req=(720,1560)8 dur=9 res=0x5 s={false 0} ch=true fn=3
08-30 15:11:18.965 23627 23627 I ViewRootImpl@8a4f868[GridListActivity]: stopped(true) old=false
08-30 15:11:18.967 23627 23627 D LifecycleMonitor: Lifecycle status change: com.example.dogglers.GridListActivity@5864ab4 in: STOPPED
08-30 15:11:18.968 23627 23627 V ActivityScenario: Update currentActivityStage to STOPPED, currentActivity=com.example.dogglers.GridListActivity@5864ab4
08-30 15:11:18.970 23627 23627 D LifecycleMonitor: Lifecycle status change: com.example.dogglers.GridListActivity@5864ab4 in: DESTROYED
08-30 15:11:18.971 23627 23627 V ActivityScenario: Update currentActivityStage to DESTROYED, currentActivity=null
08-30 15:11:18.975 23627 23627 I ViewRootImpl@8a4f868[GridListActivity]: dispatchDetachedFromWindow
08-30 15:11:18.976  4349  5108 D InputTransport: Input channel destroyed: 'c27ad01', fd=708
08-30 15:11:18.976  4349  5108 I SurfaceControl: nativeRelease nativeObject s[477998031968]
08-30 15:11:18.976  4349  5108 I SurfaceControl: nativeRelease nativeObject e[477998031968]
08-30 15:11:18.976  4349  5108 D WindowManager: isScreenshotDisabledLocked - win: Window{c27ad01 u0 com.example.dogglers/com.example.dogglers.GridListActivity}
08-30 15:11:18.976  4349  5108 D WindowManager: isScreenshotDisabledLocked: userId = 0, disabled =false
08-30 15:11:18.977  4349  5108 I SurfaceControl: nativeRelease nativeObject s[476016226112]
08-30 15:11:18.977  4349  5108 I SurfaceControl: nativeRelease nativeObject e[476016226112]
08-30 15:11:18.977  3976  4318 I SurfaceFlinger: id=38251 createSurf (0x0),-1 flag=24004, Surface(name=749d536 InputMethod)/@0x72f94d3 - animation-leash#0
08-30 15:11:18.979  4349  5108 I SurfaceControl: nativeRelease nativeObject s[477998031680]
08-30 15:11:18.979  4349  5108 I SurfaceControl: nativeRelease nativeObject e[477998031680]
08-30 15:11:18.979  3976  4318 I Layer   : id=38236 removeFromCurrentState com.example.dogglers/com.example.dogglers.GridListActivity$_23627#0 (106)
08-30 15:11:18.979  3976  4318 I SurfaceFlinger: id=38236 Removed com.example.dogglers/com.example.dogglers.GridListActivity$_23627#0 (106)
08-30 15:11:18.982  3976  3976 I Layer   : id=38236[1] Destroyed com.example.dogglers/com.example.dogglers.GridListActivity$_23627#0
08-30 15:11:18.982  3976  4318 I Layer   : id=38235 removeFromCurrentState c27ad01 com.example.dogglers/com.example.dogglers.GridListActivity#0 (105)
08-30 15:11:18.983  3976  4318 I Layer   : id=38240 removeFromCurrentState Surface(name=749d536 InputMethod)/@0x72f94d3 - animation-leash#1 (105)
08-30 15:11:18.983  3976  4318 I SurfaceFlinger: id=38235 Removed c27ad01 com.example.dogglers/com.example.dogglers.GridListActivity#0 (105)
08-30 15:11:18.984 23627 23627 D InputTransport: Input channel destroyed: 'c27ad01', fd=81
08-30 15:11:18.986  4349  5108 I SurfaceControl: nativeRelease nativeObject s[477998034272]
08-30 15:11:18.986  4349  5108 I SurfaceControl: nativeRelease nativeObject e[477998034272]
08-30 15:11:18.994 23627 23627 D LifecycleMonitor: Lifecycle status change: androidx.test.core.app.InstrumentationActivityInvoker$EmptyActivity@c21cf2b in: PAUSED
08-30 15:11:18.995 23627 23627 V ActivityScenario: Activity lifecycle changed event received but ignored because the intent does not match. startActivityIntent=Intent { act=android.intent.action.MAIN cat=[android.intent.category.LAUNCHER] cmp=com.example.dogglers/.GridListActivity }, activity.getIntent()=Intent { act=android.intent.action.MAIN cat=[android.intent.category.LAUNCHER] flg=0x10000000 cmp=com.example.dogglers/androidx.test.core.app.InstrumentationActivityInvoker$EmptyActivity }, activity=androidx.test.core.app.InstrumentationActivityInvoker$EmptyActivity@c21cf2b
08-30 15:11:18.998  4349  5108 V WindowOrientationListener: getProposedRotation: -1
08-30 15:11:18.998  4349  5108 V WindowOrientationListener: getProposedRotation: -1
08-30 15:11:18.999  3976  3976 I Layer   : id=38235[1] Destroyed c27ad01 com.example.dogglers/com.example.dogglers.GridListActivity#0
08-30 15:11:18.999  4349  5108 V WindowOrientationListener: getProposedRotation: -1
08-30 15:11:19.001  4349  5108 D InputDispatcher: Focused application set to (0): 19e93c6
08-30 15:11:19.007  3976  6075 I Layer   : id=38230 removeFromCurrentState ActivityRecord{643c8a0 u0 com.example.dogglers/.GridListActivity t1415}#0 (104)
08-30 15:11:19.008  3976  6075 I SurfaceFlinger: id=38230 Removed ActivityRecord{643c8a0 u0 com.example.dogglers/.GridListActivity t1415}#0 (104)
08-30 15:11:19.009 23627 23627 I ViewRootImpl@7080c34[InstrumentationActivityInvoker$EmptyActivity]: MSG_WINDOW_FOCUS_CHANGED 1 1
08-30 15:11:19.009 23627 23627 D InputMethodManager: prepareNavigationBarInfo() DecorView@38fed21[InstrumentationActivityInvoker$EmptyActivity]
08-30 15:11:19.009 23627 23627 D InputMethodManager: getNavigationBarColor() -16711423
08-30 15:11:19.010 23627 23627 D InputMethodManager: prepareNavigationBarInfo() DecorView@38fed21[InstrumentationActivityInvoker$EmptyActivity]
08-30 15:11:19.010 23627 23627 D InputMethodManager: getNavigationBarColor() -16711423
08-30 15:11:19.010 23627 23627 V InputMethodManager: Starting input: tba=com.example.dogglers ic=null mNaviBarColor -16711423 mIsGetNaviBarColorSuccess true , NavVisible : true , NavTrans : false
08-30 15:11:19.010 23627 23627 D InputMethodManager: startInputInner - Id : 0
08-30 15:11:19.010 23627 23627 I InputMethodManager: startInputInner - mService.startInputOrWindowGainedFocus
08-30 15:11:19.011  4349  6779 D InputMethodManagerService: mSecureKeypadEnabled = false
08-30 15:11:19.012  4349  6779 V InputMethodManagerService: hideCurrentInputLocked : shouldHideSoftInput is false
08-30 15:11:19.012  4349  6779 D InputMethodManagerService: mDesktopModeManager null!
08-30 15:11:19.012  4349  6779 V InputMethodManagerService: getDisplayIdOfInputMethodWindowToBeAdded : 0
08-30 15:11:19.012  4349  6779 D InputMethodManagerService: checkDisplayOfStartInputAndUpdateKeyboard display Id 0last 0
08-30 15:11:19.012  4349  6779 D InputTransport: Input channel constructed: 'ClientS', fd=707
08-30 15:11:19.012  4349  6779 D InputTransport: Input channel destroyed: 'ClientS', fd=707
08-30 15:11:19.013 23627 23627 D InputTransport: Input channel constructed: 'ClientS', fd=81
08-30 15:11:19.013 23627 23627 D InputTransport: Input channel destroyed: 'ClientS', fd=91
08-30 15:11:19.013  4349  6779 I SurfaceControl: nativeRelease nativeObject s[477998031776]
08-30 15:11:19.013  4349  6779 I SurfaceControl: nativeRelease nativeObject e[477998031776]
08-30 15:11:19.014  3976  6075 I SurfaceFlinger: id=38252 createSurf (0x0),-1 flag=24004, Surface(name=749d536 InputMethod)/@0x72f94d3 - animation-leash#1
08-30 15:11:19.015  3976  3976 I Layer   : id=38230[1] Destroyed ActivityRecord{643c8a0 u0 com.example.dogglers/.GridListActivity t1415}#0
08-30 15:11:19.016  7475  7475 I HBD     : HoneyBoardService onFinishInput
08-30 15:11:19.016  7475  7475 I HBD     : a IC have been unbinded,  InputConnectionWrapper{idHash=#35ae417 mMissingMethods=}
08-30 15:11:19.016  7475  7475 I HBD     : HoneyBoardService [PF_CL][onFinishInput]  396846 ns
08-30 15:11:19.016  7475  7475 I HBD     : HoneyBoardService [IMI] onStartInput - caller pid : 23627 , caller uid : 10429
08-30 15:11:19.016  7475  7475 I HBD     : i updateConfigs
08-30 15:11:19.017  3976  6075 I Layer   : id=38251 removeFromCurrentState Surface(name=749d536 InputMethod)/@0x72f94d3 - animation-leash#0 (104)
08-30 15:11:19.017  7475  7475 I HBD     : i isEnabledNightMode : true
08-30 15:11:19.017  7475  7475 I HBD     : a IC have been binded, InputConnectionWrapper{idHash=#35ae417 mMissingMethods=}
08-30 15:11:19.017  7475  7475 I HBD     : h [EditorInputType]setPrivateImeOptionsToTable privateImeOptions ( null )
08-30 15:11:19.018  7475  7475 I HBD     : b incognitoMode : false
08-30 15:11:19.018  7475  7475 I HBD     : a needOff = true , isForceOff = false, isNullInputClass : true
08-30 15:11:19.018  7475  7475 I HBD     : h getDefaultInputRange : UNKNOWN
08-30 15:11:19.018  7475  7475 I HBD     : h getDefaultInputRange : UNKNOWN
08-30 15:11:19.018  7475  7475 I HBD     : h getDefaultInputRange : UNKNOWN
08-30 15:11:19.019  4349  6779 D SdpManagerService: Not an enterprise user : 0
08-30 15:11:19.019  4349  6779 D SdpManagerService: Not an enterprise user : 0
08-30 15:11:19.020  4349  4371 I SemPersonaManager: SecureFolder personaId = 150
08-30 15:11:19.020  7475  7475 I HBD     : h getDefaultInputRange : UNKNOWN
08-30 15:11:19.021  7475  7475 I HBD     : a currentState : 0
08-30 15:11:19.022 23627 23627 D LifecycleMonitor: Lifecycle status change: androidx.test.core.app.InstrumentationActivityInvoker$EmptyActivity@cacadcc in: PRE_ON_CREATE
08-30 15:11:19.022 23627 23627 V ActivityScenario: Activity lifecycle changed event received but ignored because the intent does not match. startActivityIntent=Intent { act=android.intent.action.MAIN cat=[android.intent.category.LAUNCHER] cmp=com.example.dogglers/.GridListActivity }, activity.getIntent()=Intent { act=android.intent.action.MAIN cat=[android.intent.category.LAUNCHER] flg=0x10000000 cmp=com.example.dogglers/androidx.test.core.app.InstrumentationActivityInvoker$EmptyActivity }, activity=androidx.test.core.app.InstrumentationActivityInvoker$EmptyActivity@cacadcc
08-30 15:11:19.023  7475  7475 I HBD     : h load selected json info : {"version":"1.0","currentLanguageOrder":2,"selected":[{"activeOptionList":["auto_replace","spell_check","auto_spacing"],"engName":"Russian","id":3342336,"inputType":"qwerty","isUsed":true},{"activeOptionList":["auto_replace","spell_check","auto_spacing"],"engName":"English","id":65537,"inputType":"qwerty","isUsed":true},{"activeOptionList":["auto_replace","spell_check","auto_spacing"],"engName":"Ukrainian","id":4456448,"inputType":"qwerty","isUsed":true}]}
08-30 15:11:19.024  7475  7475 I HBD     : a [UpdatePolicy] [post] a: 0 cl: 4456448 kit: [0/0] vt: 0 ir: 1
08-30 15:11:19.025  7475  7475 I HBD     : HoneyBoardService [PF_OP][onStartInput]  9080038 ns
08-30 15:11:19.033  4349  5108 I InputDispatcher: Focus left window (23627): 4109cf0 in display 0 0
08-30 15:11:19.061  4349  4371 D EnterpriseDeviceManagerService: isMdmAdminPresentInternal() : MDM Admin Found - com.samsung.knox.securefolder
08-30 15:11:19.073 23627 23627 I DecorView: [INFO] isPopOver=false, config=true
08-30 15:11:19.073 23627 23627 I DecorView: updateCaptionType >> DecorView@a54172a[], isFloating=false, isApplication=true, hasWindowDecorCaption=false, hasWindowControllerCallback=true
08-30 15:11:19.073 23627 23627 D DecorView: setCaptionType = 0, this = DecorView@a54172a[]
08-30 15:11:19.078 23627 23627 D LifecycleMonitor: Lifecycle status change: androidx.test.core.app.InstrumentationActivityInvoker$EmptyActivity@cacadcc in: CREATED
08-30 15:11:19.079 23627 23627 V ActivityScenario: Activity lifecycle changed event received but ignored because the intent does not match. startActivityIntent=Intent { act=android.intent.action.MAIN cat=[android.intent.category.LAUNCHER] cmp=com.example.dogglers/.GridListActivity }, activity.getIntent()=Intent { act=android.intent.action.MAIN cat=[android.intent.category.LAUNCHER] flg=0x10000000 cmp=com.example.dogglers/androidx.test.core.app.InstrumentationActivityInvoker$EmptyActivity }, activity=androidx.test.core.app.InstrumentationActivityInvoker$EmptyActivity@cacadcc
08-30 15:11:19.081 23627 23627 D LifecycleMonitor: Lifecycle status change: androidx.test.core.app.InstrumentationActivityInvoker$EmptyActivity@cacadcc in: STARTED
08-30 15:11:19.081 23627 23627 V ActivityScenario: Activity lifecycle changed event received but ignored because the intent does not match. startActivityIntent=Intent { act=android.intent.action.MAIN cat=[android.intent.category.LAUNCHER] cmp=com.example.dogglers/.GridListActivity }, activity.getIntent()=Intent { act=android.intent.action.MAIN cat=[android.intent.category.LAUNCHER] flg=0x10000000 cmp=com.example.dogglers/androidx.test.core.app.InstrumentationActivityInvoker$EmptyActivity }, activity=androidx.test.core.app.InstrumentationActivityInvoker$EmptyActivity@cacadcc
08-30 15:11:19.084 23627 23627 D LifecycleMonitor: Lifecycle status change: androidx.test.core.app.InstrumentationActivityInvoker$EmptyActivity@cacadcc in: RESUMED
08-30 15:11:19.084 23627 23627 V ActivityScenario: Activity lifecycle changed event received but ignored because the intent does not match. startActivityIntent=Intent { act=android.intent.action.MAIN cat=[android.intent.category.LAUNCHER] cmp=com.example.dogglers/.GridListActivity }, activity.getIntent()=Intent { act=android.intent.action.MAIN cat=[android.intent.category.LAUNCHER] flg=0x10000000 cmp=com.example.dogglers/androidx.test.core.app.InstrumentationActivityInvoker$EmptyActivity }, activity=androidx.test.core.app.InstrumentationActivityInvoker$EmptyActivity@cacadcc
08-30 15:11:19.090  4349  6779 D InputTransport: Input channel constructed: '563f513', fd=720
08-30 15:11:19.090  4349  6779 D InputTransport: Input channel constructed: '563f513', fd=722
08-30 15:11:19.090  3976  4318 I SurfaceFlinger: id=38253 createSurf (0x0),-1 flag=80004, 563f513 com.example.dogglers/androidx.test.core.app.InstrumentationActivityInvoker$EmptyActivity#0
08-30 15:11:19.091  4349  6779 D WindowManager: isScreenshotDisabledLocked - win: Window{563f513 u0 com.example.dogglers/androidx.test.core.app.InstrumentationActivityInvoker$EmptyActivity}
08-30 15:11:19.091  4349  6779 D WindowManager: isScreenshotDisabledLocked: userId = 0, disabled =false
08-30 15:11:19.091  4349  6779 D InputTransport: Input channel destroyed: '563f513', fd=722
08-30 15:11:19.092 23627 23627 D InputTransport: Input channel constructed: '563f513', fd=91
08-30 15:11:19.094 23627 23627 I ViewRootImpl@4fd6091[InstrumentationActivityInvoker$EmptyActivity]: setView = com.android.internal.policy.DecorView@a54172a TM=true
08-30 15:11:19.096 23627 23627 D LifecycleMonitor: Lifecycle status change: androidx.test.core.app.InstrumentationActivityInvoker$BootstrapActivity@4a8c825 in: STOPPED
08-30 15:11:19.097 23627 23627 V ActivityScenario: Activity lifecycle changed event received but ignored because the intent does not match. startActivityIntent=Intent { act=android.intent.action.MAIN cat=[android.intent.category.LAUNCHER] cmp=com.example.dogglers/.GridListActivity }, activity.getIntent()=Intent { act=android.intent.action.MAIN cat=[android.intent.category.LAUNCHER] flg=0x10008000 cmp=com.example.dogglers/androidx.test.core.app.InstrumentationActivityInvoker$BootstrapActivity (has extras) }, activity=androidx.test.core.app.InstrumentationActivityInvoker$BootstrapActivity@4a8c825
08-30 15:11:19.098 23627 23627 D LifecycleMonitor: Lifecycle status change: androidx.test.core.app.InstrumentationActivityInvoker$BootstrapActivity@4a8c825 in: DESTROYED
08-30 15:11:19.099 23627 23627 V ActivityScenario: Activity lifecycle changed event received but ignored because the intent does not match. startActivityIntent=Intent { act=android.intent.action.MAIN cat=[android.intent.category.LAUNCHER] cmp=com.example.dogglers/.GridListActivity }, activity.getIntent()=Intent { act=android.intent.action.MAIN cat=[android.intent.category.LAUNCHER] flg=0x10008000 cmp=com.example.dogglers/androidx.test.core.app.InstrumentationActivityInvoker$BootstrapActivity (has extras) }, activity=androidx.test.core.app.InstrumentationActivityInvoker$BootstrapActivity@4a8c825
08-30 15:11:19.100  4349  6779 I SurfaceControl: nativeRelease nativeObject s[477997779328]
08-30 15:11:19.100  4349  6779 I SurfaceControl: nativeRelease nativeObject e[477997779328]
08-30 15:11:19.102  4349  5108 D SamsungIMMSHWKeyboard: isConnectedDexOnPC false
08-30 15:11:19.102 23627 23627 I SurfaceControl: nativeRelease nativeObject s[478061401472]
08-30 15:11:19.102 23627 23627 I SurfaceControl: nativeRelease nativeObject e[478061401472]
08-30 15:11:19.102 23627 23627 I SurfaceControl: nativeRelease nativeObject s[478061397344]
08-30 15:11:19.102 23627 23627 I SurfaceControl: nativeRelease nativeObject e[478061397344]
08-30 15:11:19.104  4349  5108 D InputMethodManagerService: isImeSwitcherDisabledPackage : false
08-30 15:11:19.106  3976  4318 I Layer   : id=38225 removeFromCurrentState ActivityRecord{e018af4 u0 com.example.dogglers/androidx.test.core.app.InstrumentationActivityInvoker$BootstrapActivity t1415}#0 (105)
08-30 15:11:19.106  3976  4318 I SurfaceFlinger: id=38225 Removed ActivityRecord{e018af4 u0 com.example.dogglers/androidx.test.core.app.InstrumentationActivityInvoker$BootstrapActivity t1415}#0 (105)
08-30 15:11:19.109  4349  5108 V WindowManager: Relayout Window{563f513 u0 com.example.dogglers/androidx.test.core.app.InstrumentationActivityInvoker$EmptyActivity}: viewVisibility=0 req=720x1560
08-30 15:11:19.112  4349  5108 D WindowManager: isScreenshotDisabledLocked - win: Window{563f513 u0 com.example.dogglers/androidx.test.core.app.InstrumentationActivityInvoker$EmptyActivity}
08-30 15:11:19.112  4349  5108 D WindowManager: isScreenshotDisabledLocked: userId = 0, disabled =false
08-30 15:11:19.113  3976  4318 I SurfaceFlinger: id=38254 createSurf (720x1560),1 flag=404, com.example.dogglers/androidx.test.core.app.InstrumentationActivityInvoker$EmptyActivity$_23627#1
08-30 15:11:19.115  3976  3976 I Layer   : id=38225[1] Destroyed ActivityRecord{e018af4 u0 com.example.dogglers/androidx.test.core.app.InstrumentationActivityInvoker$BootstrapActivity t1415}#0
08-30 15:11:19.115  4349  5108 I SurfaceControl: nativeRelease nativeObject s[476021494752]
08-30 15:11:19.115  4349  5108 I SurfaceControl: nativeRelease nativeObject e[476021494752]
08-30 15:11:19.115 14146 14146 I TrayStateController: systemUiVisibilityChanged : 0 0
08-30 15:11:19.116  3976  4318 I SurfaceFlinger: id=38255 createSurf (0x0),-1 flag=24000, Surface(name=1096c8d StatusBar)/@0xeaf4dd0 - animation-leash#1
08-30 15:11:19.117  4349  5108 I SurfaceControl: nativeRelease nativeObject s[476021501184]
08-30 15:11:19.117  4349  5108 I SurfaceControl: nativeRelease nativeObject e[476021501184]
