08-30 15:11:22.349  5057  5284 I RegiMgr<0>:  rec[15]: time=08-30 15:10:51.409 processed=ReadyState org=RegisteredState dest=<null> what=34(0x22)
08-30 15:11:22.349  5057  5284 I RegiMgr<0>:  rec[16]: time=08-30 15:10:51.433 processed=ReadyState org=RegisteredState dest=<null> what=34(0x22)
08-30 15:11:22.349  5057  5284 I RegiMgr<0>:  rec[17]: time=08-30 15:11:22.220 processed=ReadyState org=RegisteredState dest=<null> what=34(0x22)
08-30 15:11:22.349  5057  5284 I RegiMgr<0>:  rec[18]: time=08-30 15:11:22.221 processed=ReadyState org=RegisteredState dest=<null> what=50(0x32)
08-30 15:11:22.349  5057  5284 I RegiMgr<0>:  rec[19]: time=08-30 15:11:22.338 processed=ReadyState org=RegisteredState dest=<null> what=34(0x22)
08-30 15:11:22.349  5057  5284 I RegiMgr<0>: curState=RegisteredState
08-30 15:11:22.349  5057  5284 I RegiMgr<0>: , mReason=, mPcscfHostname=ua-vodafone.rcs.telephony.goog, mDeregiReason=41]
08-30 15:11:22.350  3927  3954 E HYPER-HAL: [Request.cpp]acquire(): Request:: id : 9541915, No Resource to set
08-30 15:11:22.350  3927  3954 E HYPER-HAL: [HandlerSysfs.cpp]doResourceHandling(): Couldn't Open Sysfs - /sys/power/cstate_control
08-30 15:11:22.350  3927  3954 I HYPER-HAL: [ResourceManager.cpp]removeResource(): [CPUMinFreq] RemoveResource Request ID : 9528811
08-30 15:11:22.350  3927  3954 I HYPER-HAL: [RequestManager.cpp]releaseLocked(): Released ID : 9528811
08-30 15:11:22.350  5057  5284 I PaniGenerator<0>: generate: subId - 2
08-30 15:11:22.351  5057  5284 I PaniGenerator<0>: generate: network=18, fallbackPlmn=
08-30 15:11:22.352  5057  5284 E GlobalSettingsRepoBase: globalgcsettings No matched key : iwlan_pani_format
08-30 15:11:22.352  5057  5284 I PaniGenerator<0>: generateWiFiPani: Format for generating PANI - <PREFIX>;<NODE_ID>
08-30 15:11:22.353  5057  5284 I PaniGenerator: WifiManager.getBSSID(): [3c:cd:57:70:16:5d]
08-30 15:11:22.354  5057  5284 I PaniGenerator<0>: generateWiFiPani: normalized PANI: IEEE-802.11;i-wlan-node-id=3ccd5770165d
08-30 15:11:22.354  5057  5284 I PaniGenerator: setLkcForLastPani: No Last PANI header for Global GC RCS
08-30 15:11:22.355  5057  5284 I UserAgent<0>: updatePani: pani=IEEE-802.11;i-wlan-node-id=3ccd5770165d, updatePani: lastPani=3GPP-E-UTRAN-FDD;utran-cell-id-3gpp=255065b0ce060b1f;"2023-08-30T15:11:22+0300"
08-30 15:11:22.355  5057  5628 I StackIF : updatePani: 12456 pani: [IEEE-802.11;i-wlan-node-id=3ccd5770165d, 3GPP-E-UTRAN-FDD;utran-cell-id-3gpp=255065b0ce060b1f;"2023-08-30T15:11:22+0300"]
08-30 15:11:22.356  5057  5628 I SECIMSJ : [6134]> 204
08-30 15:11:22.356  5057  5634 I [IMS6.0]: IMS_onResponse()
08-30 15:11:22.356  5057  5634 I StackIF : processMessage 2
08-30 15:11:22.356  5057  5634 I StackIF : Processing Response
08-30 15:11:22.356  5057  5634 I SECIMSJ : [6134]< 600
08-30 15:11:22.356  5057  5634 I StackIF : processResponse: reqId 600
08-30 15:11:22.356  5057  5634 I StackIF : processResponse: handle 12456 result 0 reason 0
08-30 15:11:22.358 23627 23627 I SurfaceControl: nativeRelease nativeObject s[476571788512]
08-30 15:11:22.358 23627 23627 I SurfaceControl: nativeRelease nativeObject e[476571788512]
08-30 15:11:22.358 23627 23627 I SurfaceControl: nativeRelease nativeObject s[476571790240]
08-30 15:11:22.358 23627 23627 I SurfaceControl: nativeRelease nativeObject e[476571790240]
08-30 15:11:22.358 23627 23627 I SurfaceControl: nativeRelease nativeObject s[476571790144]
08-30 15:11:22.358 23627 23627 I SurfaceControl: nativeRelease nativeObject e[476571790144]
08-30 15:11:22.358  3976  6075 I SurfaceFlinger: id=38324 Removed Surface(name=b07ecc5 NavigationBar0)/@0xa8376fc - animation-leash#1 (96)
08-30 15:11:22.358  3976  5385 I SurfaceFlinger: id=38323 Removed Surface(name=1096c8d StatusBar)/@0xeaf4dd0 - animation-leash#0 (96)
08-30 15:11:22.363  3976  3976 I Layer   : id=38323[1] Destroyed Surface(name=1096c8d StatusBar)/@0xeaf4dd0 - animation-leash#0
08-30 15:11:22.363  3976  3976 I Layer   : id=38324[1] Destroyed Surface(name=b07ecc5 NavigationBar0)/@0xa8376fc - animation-leash#1
08-30 15:11:22.364  4349  4913 I InputDispatcher: Focus entered window (23627): 50cef90 in display 0 0
08-30 15:11:22.365  4349  6765 D InputDispatcher: Focused application set to (0): 641dc7a
08-30 15:11:22.369  3976  3976 D SurfaceFlinger: Display 0 HWC layers:
08-30 15:11:22.369  3976  3976 D SurfaceFlinger:      DEVICE | 0x75743a7ec0 | 0002 | RGBA_8888    |    0.0    0.0  720.0 1560.0 |    0    0  720 1560 | com.example.dogglers/androidx.test.c[...]tivityInvoker$EmptyActivity$_23627#1
08-30 15:11:22.369  3976  3976 D SurfaceFlinger:      DEVICE | 0x75743a6fc0 | 0000 | RGBA_8888    |    0.0    0.0  720.0   53.0 |    0    0  720   53 | StatusBar$_4708#0
08-30 15:11:22.369  3976  3976 D SurfaceFlinger:      DEVICE | 0x74d157fa00 | 0000 | RGBA_8888    |    0.0    0.0   67.0  232.0 |  653  151  720  383 | com.samsung.android.app.cocktailbars[...]rservice.CocktailBarService$_14146#0
08-30 15:11:22.369  3976  3976 D SurfaceFlinger:      DEVICE | 0x75743a7380 | 0000 | RGBA_8888    |    0.0    0.0  720.0   84.0 |    0 1476  720 1560 | NavigationBar0$_4708#0
08-30 15:11:22.369  3976  3976 D SurfaceFlinger:      DEVICE | 0x74f0413e00 | 0000 | RGBA_8888    |    0.0    0.0  720.0  101.0 |    0    0  720  101 | ScreenDecorOverlay$_4708#0
08-30 15:11:22.369  3976  3976 D SurfaceFlinger:      DEVICE | 0x75743a7b00 | 0000 | RGBA_8888    |    0.0    0.0  720.0  101.0 |    0 1459  720 1560 | ScreenDecorOverlayBottom$_4708#0
08-30 15:11:22.369  3976  3976 D SurfaceFlinger:
08-30 15:11:22.373  4349  4371 D PersonaActivityHelper: Activity not in resumed state, do not run immediate lock
08-30 15:11:22.374  4349  4913 D SecContentProvider: query(), uri = 17 selection = isSettingsChangesAllowed
08-30 15:11:22.375  3976  4001 E BufferQueueProducer: [com.example.dogglers/androidx.test.core.app.InstrumentationActivityInvoker$EmptyActivity$_23627#0](id:f88000033ca,api:0,p:-1,c:3976) disconnect: not connected (req=1)
08-30 15:11:22.375 23627 23685 W libEGL  : EGLNativeWindowType 0x6f4e905010 disconnect failed
08-30 15:11:22.376  4349  6765 V WindowManager: Relayout Window{9e1a673 u0 com.example.dogglers/androidx.test.core.app.InstrumentationActivityInvoker$EmptyActivity}: viewVisibility=8 req=720x1560
08-30 15:11:22.381  4349  6765 V WindowManager: Relayout hash=9e1a673, pid=23627: mAttrs={(0,0)(fillxfill) sim={adjust=pan forwardNavigation} ty=BASE_APPLICATION wanim=0x1030001
08-30 15:11:22.381  4349  6765 V WindowManager:   fl=1810100
08-30 15:11:22.381  4349  6765 V WindowManager:   pfl=12020000
08-30 15:11:22.381  4349  6765 V WindowManager:   fitSides= naviIconColor=0}
08-30 15:11:22.383 23627 23627 I SurfaceControl: nativeRelease nativeObject s[478061394464]
08-30 15:11:22.383 23627 23627 I SurfaceControl: nativeRelease nativeObject e[478061394464]
08-30 15:11:22.383 23627 23627 I SurfaceControl: assignNativeObject: nativeObject = 0 Surface(name=null)/@0xd2bda1c / android.view.SurfaceControl.readFromParcel:1117 android.view.IWindowSession$Stub$Proxy.relayout:1826 android.view.ViewRootImpl.relayoutWindow:9005 android.view.ViewRootImpl.performTraversals:3360 android.view.ViewRootImpl.doTraversal:2618 android.view.ViewRootImpl$TraversalRunnable.run:9971 android.view.Choreographer$CallbackRecord.run:1010 android.view.Choreographer.doCallbacks:809 android.view.Choreographer.doFrame:744 android.view.Choreographer$FrameDisplayEventReceiver.run:995
08-30 15:11:22.384 23627 23627 I SurfaceControl: assignNativeObject: nativeObject = 0 Surface(name=null)/@0x287544a / android.view.SurfaceControl.readFromParcel:1117 android.view.IWindowSession$Stub$Proxy.relayout:1836 android.view.ViewRootImpl.relayoutWindow:9005 android.view.ViewRootImpl.performTraversals:3360 android.view.ViewRootImpl.doTraversal:2618 android.view.ViewRootImpl$TraversalRunnable.run:9971 android.view.Choreographer$CallbackRecord.run:1010 android.view.Choreographer.doCallbacks:809 android.view.Choreographer.doFrame:744 android.view.Choreographer$FrameDisplayEventReceiver.run:995
08-30 15:11:22.384 23627 23627 I SurfaceControl: nativeRelease nativeObject s[476571788896]
08-30 15:11:22.384 23627 23627 I SurfaceControl: nativeRelease nativeObject e[476571788896]
08-30 15:11:22.385 23627 23627 I ViewRootImpl@bb5d5b5[InstrumentationActivityInvoker$EmptyActivity]: Relayout returned: old=(0,0,720,1560) new=(0,0,720,1560) req=(720,1560)8 dur=8 res=0x5 s={false 0} ch=true fn=2
08-30 15:11:22.386 23627 23627 I ViewRootImpl@bb5d5b5[InstrumentationActivityInvoker$EmptyActivity]: stopped(true) old=false
08-30 15:11:22.387 23627 23627 D LifecycleMonitor: Lifecycle status change: androidx.test.core.app.InstrumentationActivityInvoker$EmptyActivity@a22d3cf in: STOPPED
08-30 15:11:22.387 23627 23627 V ActivityScenario: Activity lifecycle changed event received but ignored because the intent does not match. startActivityIntent=Intent { act=android.intent.action.MAIN cat=[android.intent.category.LAUNCHER] cmp=com.example.dogglers/.GridListActivity }, activity.getIntent()=Intent { act=android.intent.action.MAIN cat=[android.intent.category.LAUNCHER] flg=0x10000000 cmp=com.example.dogglers/androidx.test.core.app.InstrumentationActivityInvoker$EmptyActivity }, activity=androidx.test.core.app.InstrumentationActivityInvoker$EmptyActivity@a22d3cf
08-30 15:11:22.389 23627 23627 D LifecycleMonitor: Lifecycle status change: androidx.test.core.app.InstrumentationActivityInvoker$EmptyActivity@a22d3cf in: DESTROYED
08-30 15:11:22.389 23627 23627 V ActivityScenario: Activity lifecycle changed event received but ignored because the intent does not match. startActivityIntent=Intent { act=android.intent.action.MAIN cat=[android.intent.category.LAUNCHER] cmp=com.example.dogglers/.GridListActivity }, activity.getIntent()=Intent { act=android.intent.action.MAIN cat=[android.intent.category.LAUNCHER] flg=0x10000000 cmp=com.example.dogglers/androidx.test.core.app.InstrumentationActivityInvoker$EmptyActivity }, activity=androidx.test.core.app.InstrumentationActivityInvoker$EmptyActivity@a22d3cf
08-30 15:11:22.391 23627 23627 I ViewRootImpl@bb5d5b5[InstrumentationActivityInvoker$EmptyActivity]: dispatchDetachedFromWindow
08-30 15:11:22.391  4349  6765 D InputTransport: Input channel destroyed: '9e1a673', fd=722
08-30 15:11:22.391  4349  6765 I SurfaceControl: nativeRelease nativeObject s[476009103264]
08-30 15:11:22.392  4349  6765 I SurfaceControl: nativeRelease nativeObject e[476009103264]
08-30 15:11:22.392  4349  6765 D WindowManager: isScreenshotDisabledLocked - win: Window{9e1a673 u0 com.example.dogglers/androidx.test.core.app.InstrumentationActivityInvoker$EmptyActivity}
08-30 15:11:22.392  4349  6765 D WindowManager: isScreenshotDisabledLocked: userId = 0, disabled =false
08-30 15:11:22.392  4349  6765 I SurfaceControl: nativeRelease nativeObject s[477997774240]
08-30 15:11:22.392  4349  6765 I SurfaceControl: nativeRelease nativeObject e[477997774240]
08-30 15:11:22.392  3976  4001 I SurfaceFlinger: id=38332 createSurf (0x0),-1 flag=24004, Surface(name=749d536 InputMethod)/@0x72f94d3 - animation-leash#1
08-30 15:11:22.394  4349  6765 I SurfaceControl: nativeRelease nativeObject s[478079924704]
08-30 15:11:22.394  4349  6765 I SurfaceControl: nativeRelease nativeObject e[478079924704]
08-30 15:11:22.394  3976  4001 I Layer   : id=38322 removeFromCurrentState com.example.dogglers/androidx.test.core.app.InstrumentationActivityInvoker$EmptyActivity$_23627#0 (95)
08-30 15:11:22.397  3976  4001 I Layer   : id=38321 removeFromCurrentState 9e1a673 com.example.dogglers/androidx.test.core.app.InstrumentationActivityInvoker$EmptyActivity#0 (95)
08-30 15:11:22.397  3976  4001 I Layer   : id=38327 removeFromCurrentState Surface(name=749d536 InputMethod)/@0x72f94d3 - animation-leash#0 (95)
08-30 15:11:22.397  3976  4001 I Layer   : id=83 removeFromCurrentState 749d536 InputMethod#0 (95)
08-30 15:11:22.397  4349  4913 I InputDispatcher: Focus left window (23627): 50cef90 in display 0 0
08-30 15:11:22.397  3976  4001 I Layer   : id=83 addToCurrentState 749d536 InputMethod#0 (95)
08-30 15:11:22.398  3976  4001 I SurfaceFlinger: id=38321 Removed 9e1a673 com.example.dogglers/androidx.test.core.app.InstrumentationActivityInvoker$EmptyActivity#0 (95)
08-30 15:11:22.398  3976  4001 I SurfaceFlinger: id=38322 Removed com.example.dogglers/androidx.test.core.app.InstrumentationActivityInvoker$EmptyActivity$_23627#0 (95)
08-30 15:11:22.399 23627 23627 D InputTransport: Input channel destroyed: '9e1a673', fd=91
08-30 15:11:22.400  4349  4913 I SurfaceControl: nativeRelease nativeObject s[476017807552]
08-30 15:11:22.400  4349  4913 I SurfaceControl: nativeRelease nativeObject e[476017807552]
08-30 15:11:22.404 23627 23627 D LifecycleMonitor: Lifecycle status change: androidx.test.core.app.InstrumentationActivityInvoker$EmptyActivity@cf8066d in: PAUSED
08-30 15:11:22.404 23627 23627 V ActivityScenario: Activity lifecycle changed event received but ignored because the intent does not match. startActivityIntent=Intent { act=android.intent.action.MAIN cat=[android.intent.category.LAUNCHER] cmp=com.example.dogglers/.GridListActivity }, activity.getIntent()=Intent { act=android.intent.action.MAIN cat=[android.intent.category.LAUNCHER] flg=0x10000000 cmp=com.example.dogglers/androidx.test.core.app.InstrumentationActivityInvoker$EmptyActivity }, activity=androidx.test.core.app.InstrumentationActivityInvoker$EmptyActivity@cf8066d
08-30 15:11:22.406  4349  6765 I SemDvfsHyPerManager: acquire hyper - AMS_APP_HOME/4349@35, type = -999
08-30 15:11:22.406  3927  3954 I HYPER-HAL: [RequestManager.cpp]acquire(): Acquired ID : 9611955  [4349 / 35]    HINT : AMS_APP_HOME    list :
08-30 15:11:22.407  3927  3954 E HYPER-HAL: [HandlerSysfs.cpp]doResourceHandling(): Couldn't Open Sysfs - /sys/power/cstate_control
08-30 15:11:22.407  3881  3886 E statsd  : Predicate -7037417284711607308 dropping data for dimension key (10)0x2010101->10429[I] (10)0x30000->*launch*[S]
08-30 15:11:22.407  3927  3954 I HYPER-HAL: [ResourceManager.cpp]updateResource(): [CPUMinFreq] UpdateResource Request ID : 9611955    Value : 1768000
08-30 15:11:22.409  4349  6765 V WindowOrientationListener: getProposedRotation: -1
08-30 15:11:22.409  4349  6765 V WindowOrientationListener: getProposedRotation: -1
08-30 15:11:22.410  4349  6765 V WindowOrientationListener: getProposedRotation: -1
08-30 15:11:22.413  3976  3976 I Layer   : id=38322[1] Destroyed com.example.dogglers/androidx.test.core.app.InstrumentationActivityInvoker$EmptyActivity$_23627#0
08-30 15:11:22.413  3976  3976 I Layer   : id=38321[1] Destroyed 9e1a673 com.example.dogglers/androidx.test.core.app.InstrumentationActivityInvoker$EmptyActivity#0
08-30 15:11:22.416  3976  4001 I Layer   : id=38320 removeFromCurrentState ActivityRecord{d7e1683 u0 com.example.dogglers/androidx.test.core.app.InstrumentationActivityInvoker$EmptyActivity t1417}#0 (93)
08-30 15:11:22.417 23627 23627 I ViewRootImpl@1fc6ee[InstrumentationActivityInvoker$EmptyActivity]: MSG_WINDOW_FOCUS_CHANGED 0 1
08-30 15:11:22.417  3976  4001 I SurfaceFlinger: id=38320 Removed ActivityRecord{d7e1683 u0 com.example.dogglers/androidx.test.core.app.InstrumentationActivityInvoker$EmptyActivity t1417}#0 (93)
08-30 15:11:22.418 23627 23627 I ViewRootImpl@1fc6ee[InstrumentationActivityInvoker$EmptyActivity]: MSG_WINDOW_FOCUS_CHANGED 0 1
08-30 15:11:22.418  4349  4913 V WindowManager: Relayout Window{b49dc7f u0 com.sec.android.app.launcher/com.sec.android.app.launcher.activities.LauncherActivity}: viewVisibility=4 req=720x1560
08-30 15:11:22.418 23627 23651 I TestRunner: finished: grid_list_content_at_last_position(com.example.dogglers.GridListTests)
