08-30 15:11:20.813 23627 23627 I SurfaceControl: assignNativeObject: nativeObject = 0 Surface(name=null)/@0x5dd9875 / android.view.SurfaceControl.readFromParcel:1117 android.view.IWindowSession$Stub$Proxy.relayout:1836 android.view.ViewRootImpl.relayoutWindow:9005 android.view.ViewRootImpl.performTraversals:3360 android.view.ViewRootImpl.doTraversal:2618 android.view.ViewRootImpl$TraversalRunnable.run:9971 android.view.Choreographer$CallbackRecord.run:1010 android.view.Choreographer.doCallbacks:809 android.view.Choreographer.doFrame:744 android.view.Choreographer$FrameDisplayEventReceiver.run:995
08-30 15:11:20.815 23627 23627 I ViewRootImpl@a6533ac[InstrumentationActivityInvoker$EmptyActivity]: Relayout returned: old=(0,0,720,1560) new=(0,0,720,1560) req=(720,1560)0 dur=12 res=0x7 s={true 478231728128} ch=true fn=-1
08-30 15:11:20.815  3976  6075 I Layer   : id=38286 removeFromCurrentState Surface(name=1096c8d StatusBar)/@0xeaf4dd0 - animation-leash#1 (95)
08-30 15:11:20.815  3976  6075 I Layer   : id=38287 removeFromCurrentState Surface(name=b07ecc5 NavigationBar0)/@0xa8376fc - animation-leash#0 (95)
08-30 15:11:20.818 23627 23627 I ViewRootImpl@a6533ac[InstrumentationActivityInvoker$EmptyActivity]: [DP] dp(1) 1 android.view.ViewRootImpl.reportNextDraw:10957 android.view.ViewRootImpl.performTraversals:3845 android.view.ViewRootImpl.doTraversal:2618
08-30 15:11:20.818  3899 10978 D gralloc : [mali_gralloc_allocate] begin
08-30 15:11:20.818  3899 10978 D gralloc : buffer_descriptor: wh(720 1560) usage_pc(0x40000000000b00 0x40000000000b00) hal_format(0x1) layer_count(1) sizes(0 0 0) strde(0) byte_stride(0) alloc_wh(0 0) internal_format(0x0) alloc_format(0x0) fd_count(1) plane_count(0)
08-30 15:11:20.819 23627 23627 I ViewRootImpl@a6533ac[InstrumentationActivityInvoker$EmptyActivity]: [DP] pd() Asnyc report
08-30 15:11:20.819  3899 10978 D gralloc : [mali_gralloc_allocate] allocation successful
08-30 15:11:20.820  3899 10978 D gralloc : [mali_gralloc_allocate] begin
08-30 15:11:20.820  3899 10978 D gralloc : buffer_descriptor: wh(720 1560) usage_pc(0x40000000000b00 0x40000000000b00) hal_format(0x1) layer_count(1) sizes(0 0 0) strde(0) byte_stride(0) alloc_wh(0 0) internal_format(0x0) alloc_format(0x0) fd_count(1) plane_count(0)
08-30 15:11:20.821  3899 10978 D gralloc : [mali_gralloc_allocate] allocation successful
08-30 15:11:20.821  3899 10978 D gralloc : [mali_gralloc_allocate] begin
08-30 15:11:20.821  3899 10978 D gralloc : buffer_descriptor: wh(720 1560) usage_pc(0x40000000000b00 0x40000000000b00) hal_format(0x1) layer_count(1) sizes(0 0 0) strde(0) byte_stride(0) alloc_wh(0 0) internal_format(0x0) alloc_format(0x0) fd_count(1) plane_count(0)
08-30 15:11:20.822  3899 10978 D gralloc : [mali_gralloc_allocate] allocation successful
08-30 15:11:20.825 23627 23627 I ViewRootImpl@a6533ac[InstrumentationActivityInvoker$EmptyActivity]: [DP] pdf(0) 1 android.view.ViewRootImpl.lambda$performDraw$1$ViewRootImpl:4668 android.view.-$$Lambda$ViewRootImpl$DJd0VUYJgsebcnSohO6h8zc_ONI.run:6 android.os.Handler.handleCallback:938
08-30 15:11:20.825 23627 23627 I ViewRootImpl@a6533ac[InstrumentationActivityInvoker$EmptyActivity]: [DP] rdf()
08-30 15:11:20.828 23627 23627 I ViewRootImpl@ad65e8b[InstrumentationActivityInvoker$EmptyActivity]: MSG_WINDOW_FOCUS_CHANGED 0 1
08-30 15:11:20.830  4349  4372 D PkgPredictorService: pkg:com.example.dogglers activity:androidx.test.core.app.InstrumentationActivityInvoker$EmptyActivity thisTime:190
08-30 15:11:20.832  4349  4372 I SemDvfsHyPerManager: acquire hyper - AMS_RESUME_TAIL/4349@18, type = -999
08-30 15:11:20.832  4349  4376 I ActivityTaskManager: Displayed com.example.dogglers/androidx.test.core.app.InstrumentationActivityInvoker$EmptyActivity: +190ms
08-30 15:11:20.832  4349  4372 I SemDvfsHyPerManager: acquire hyper - AMS_ACT_LAZY/4349@19, type = -999
08-30 15:11:20.832  3927  3954 I HYPER-HAL: [RequestManager.cpp]acquire(): Acquired ID : 9537546  [4349 / 18]    HINT : AMS_RESUME_TAIL    list :
08-30 15:11:20.832  3927  3954 E HYPER-HAL: [HandlerSysfs.cpp]doResourceHandling(): Couldn't Open Sysfs - /sys/power/cstate_control
08-30 15:11:20.832  3927  3954 I HYPER-HAL: [ResourceManager.cpp]updateResource(): [CPUMinFreq] UpdateResource Request ID : 9537546    Value : 1560000
08-30 15:11:20.832  5589  5589 E pageboostd: Received HALT command code 2
08-30 15:11:20.832  3927  3954 I HYPER-HAL: [RequestManager.cpp]acquire(): Acquired ID : 9541915  [4349 / 19]    HINT :      list :
08-30 15:11:20.833  3927  3954 E HYPER-HAL: [Request.cpp]acquire(): Request:: id : 9541915, No Resource to set
08-30 15:11:20.833  3927  3954 E HYPER-HAL: [HandlerSysfs.cpp]doResourceHandling(): Couldn't Open Sysfs - /sys/power/cstate_control
08-30 15:11:20.833  3927  3954 I HYPER-HAL: [ResourceManager.cpp]removeResource(): [CPUMinFreq] RemoveResource Request ID : 9528811
08-30 15:11:20.833  3927  3954 I HYPER-HAL: [RequestManager.cpp]releaseLocked(): Released ID : 9528811
08-30 15:11:20.841 23627 23627 I SurfaceControl: nativeRelease nativeObject s[476571797920]
08-30 15:11:20.841 23627 23627 I SurfaceControl: nativeRelease nativeObject e[476571797920]
08-30 15:11:20.841 23627 23627 I SurfaceControl: nativeRelease nativeObject s[476571797824]
08-30 15:11:20.841 23627 23627 I SurfaceControl: nativeRelease nativeObject e[476571797824]
08-30 15:11:20.841 23627 23627 I SurfaceControl: nativeRelease nativeObject s[476571797728]
08-30 15:11:20.841 23627 23627 I SurfaceControl: nativeRelease nativeObject e[476571797728]
08-30 15:11:20.841  3976  6075 I SurfaceFlinger: id=38287 Removed Surface(name=b07ecc5 NavigationBar0)/@0xa8376fc - animation-leash#0 (95)
08-30 15:11:20.841  3976  6075 I SurfaceFlinger: id=38286 Removed Surface(name=1096c8d StatusBar)/@0xeaf4dd0 - animation-leash#1 (95)
08-30 15:11:20.847  3976  3976 I Layer   : id=38287[1] Destroyed Surface(name=b07ecc5 NavigationBar0)/@0xa8376fc - animation-leash#0
08-30 15:11:20.847  3976  3976 I Layer   : id=38286[1] Destroyed Surface(name=1096c8d StatusBar)/@0xeaf4dd0 - animation-leash#1
08-30 15:11:20.849  4349  6765 I InputDispatcher: Focus entered window (23627): 7b77fd0 in display 0 0
08-30 15:11:20.851  4349  5464 D InputDispatcher: Focused application set to (0): 641dc7a
08-30 15:11:20.857  3976  3976 D SurfaceFlinger: Display 0 HWC layers:
08-30 15:11:20.857  3976  3976 D SurfaceFlinger:      CLIENT | 0x75743a6ac0 | 0002 | RGBA_8888    |    0.0    0.0  720.0 1560.0 |    0    0  720 1560 | com.example.dogglers/androidx.test.c[...]tivityInvoker$EmptyActivity$_23627#1
08-30 15:11:20.857  3976  3976 D SurfaceFlinger:      CLIENT | 0x74f0414e40 | 0000 | RGBA_8888    |    0.0    0.0  720.0   53.0 |    0    0  720   53 | StatusBar$_4708#0
08-30 15:11:20.857  3976  3976 D SurfaceFlinger:      CLIENT | 0x74d157fa00 | 0000 | RGBA_8888    |    0.0    0.0   67.0  232.0 |  653  151  720  383 | com.samsung.android.app.cocktailbars[...]rservice.CocktailBarService$_14146#0
08-30 15:11:20.857  3976  3976 D SurfaceFlinger:      CLIENT | 0x75743a7380 | 0000 | RGBA_8888    |    0.0    0.0  720.0   84.0 |    0 1476  720 1560 | NavigationBar0$_4708#0
08-30 15:11:20.857  3976  3976 D SurfaceFlinger:      CLIENT | 0x74f0413e00 | 0000 | RGBA_8888    |    0.0    0.0  720.0  101.0 |    0    0  720  101 | ScreenDecorOverlay$_4708#0
08-30 15:11:20.857  3976  3976 D SurfaceFlinger:      CLIENT | 0x75743a7b00 | 0000 | RGBA_8888    |    0.0    0.0  720.0  101.0 |    0 1459  720 1560 | ScreenDecorOverlayBottom$_4708#0
08-30 15:11:20.857  3976  3976 D SurfaceFlinger:
08-30 15:11:20.859  4349  4371 D PersonaActivityHelper: Activity not in resumed state, do not run immediate lock
08-30 15:11:20.860  4349  5464 D SecContentProvider: query(), uri = 17 selection = isSettingsChangesAllowed
08-30 15:11:20.863  3976  4002 E BufferQueueProducer: [com.example.dogglers/androidx.test.core.app.InstrumentationActivityInvoker$EmptyActivity$_23627#0](id:f88000033c5,api:0,p:-1,c:3976) disconnect: not connected (req=1)
08-30 15:11:20.863 23627 23685 W libEGL  : EGLNativeWindowType 0x6efcf58010 disconnect failed
08-30 15:11:20.865  4349  5464 V WindowManager: Relayout Window{9c4d044 u0 com.example.dogglers/androidx.test.core.app.InstrumentationActivityInvoker$EmptyActivity}: viewVisibility=8 req=720x1560
08-30 15:11:20.869  4349  5464 V WindowManager: Relayout hash=9c4d044, pid=23627: mAttrs={(0,0)(fillxfill) sim={adjust=pan forwardNavigation} ty=BASE_APPLICATION wanim=0x1030001
08-30 15:11:20.869  4349  5464 V WindowManager:   fl=1810100
08-30 15:11:20.869  4349  5464 V WindowManager:   pfl=12020000
08-30 15:11:20.869  4349  5464 V WindowManager:   fitSides= naviIconColor=0}
08-30 15:11:20.869 23627 23627 I SurfaceControl: nativeRelease nativeObject s[478236421312]
08-30 15:11:20.870 23627 23627 I SurfaceControl: nativeRelease nativeObject e[478236421312]
08-30 15:11:20.870 23627 23627 I SurfaceControl: assignNativeObject: nativeObject = 0 Surface(name=null)/@0x34bc00a / android.view.SurfaceControl.readFromParcel:1117 android.view.IWindowSession$Stub$Proxy.relayout:1826 android.view.ViewRootImpl.relayoutWindow:9005 android.view.ViewRootImpl.performTraversals:3360 android.view.ViewRootImpl.doTraversal:2618 android.view.ViewRootImpl$TraversalRunnable.run:9971 android.view.Choreographer$CallbackRecord.run:1010 android.view.Choreographer.doCallbacks:809 android.view.Choreographer.doFrame:744 android.view.Choreographer$FrameDisplayEventReceiver.run:995
08-30 15:11:20.870 23627 23627 I SurfaceControl: assignNativeObject: nativeObject = 0 Surface(name=null)/@0x896cb68 / android.view.SurfaceControl.readFromParcel:1117 android.view.IWindowSession$Stub$Proxy.relayout:1836 android.view.ViewRootImpl.relayoutWindow:9005 android.view.ViewRootImpl.performTraversals:3360 android.view.ViewRootImpl.doTraversal:2618 android.view.ViewRootImpl$TraversalRunnable.run:9971 android.view.Choreographer$CallbackRecord.run:1010 android.view.Choreographer.doCallbacks:809 android.view.Choreographer.doFrame:744 android.view.Choreographer$FrameDisplayEventReceiver.run:995
08-30 15:11:20.871 23627 23627 I SurfaceControl: nativeRelease nativeObject s[476571798016]
08-30 15:11:20.871 23627 23627 I SurfaceControl: nativeRelease nativeObject e[476571798016]
08-30 15:11:20.871 23627 23627 I ViewRootImpl@ad65e8b[InstrumentationActivityInvoker$EmptyActivity]: Relayout returned: old=(0,0,720,1560) new=(0,0,720,1560) req=(720,1560)8 dur=6 res=0x5 s={false 0} ch=true fn=2
08-30 15:11:20.872 23627 23627 I ViewRootImpl@ad65e8b[InstrumentationActivityInvoker$EmptyActivity]: stopped(true) old=false
08-30 15:11:20.873 23627 23627 D LifecycleMonitor: Lifecycle status change: androidx.test.core.app.InstrumentationActivityInvoker$EmptyActivity@4ae294e in: STOPPED
08-30 15:11:20.873 23627 23627 V ActivityScenario: Activity lifecycle changed event received but ignored because the intent does not match. startActivityIntent=Intent { act=android.intent.action.MAIN cat=[android.intent.category.LAUNCHER] cmp=com.example.dogglers/.GridListActivity }, activity.getIntent()=Intent { act=android.intent.action.MAIN cat=[android.intent.category.LAUNCHER] flg=0x10000000 cmp=com.example.dogglers/androidx.test.core.app.InstrumentationActivityInvoker$EmptyActivity }, activity=androidx.test.core.app.InstrumentationActivityInvoker$EmptyActivity@4ae294e
08-30 15:11:20.875 23627 23627 D LifecycleMonitor: Lifecycle status change: androidx.test.core.app.InstrumentationActivityInvoker$EmptyActivity@4ae294e in: DESTROYED
08-30 15:11:20.876 23627 23627 V ActivityScenario: Activity lifecycle changed event received but ignored because the intent does not match. startActivityIntent=Intent { act=android.intent.action.MAIN cat=[android.intent.category.LAUNCHER] cmp=com.example.dogglers/.GridListActivity }, activity.getIntent()=Intent { act=android.intent.action.MAIN cat=[android.intent.category.LAUNCHER] flg=0x10000000 cmp=com.example.dogglers/androidx.test.core.app.InstrumentationActivityInvoker$EmptyActivity }, activity=androidx.test.core.app.InstrumentationActivityInvoker$EmptyActivity@4ae294e
08-30 15:11:20.877 23627 23627 I ViewRootImpl@ad65e8b[InstrumentationActivityInvoker$EmptyActivity]: dispatchDetachedFromWindow
08-30 15:11:20.877  4349  5464 D InputTransport: Input channel destroyed: '9c4d044', fd=760
08-30 15:11:20.878  4349  5464 I SurfaceControl: nativeRelease nativeObject s[476017807552]
08-30 15:11:20.878  4349  5464 I SurfaceControl: nativeRelease nativeObject e[476017807552]
08-30 15:11:20.878  4349  5464 D WindowManager: isScreenshotDisabledLocked - win: Window{9c4d044 u0 com.example.dogglers/androidx.test.core.app.InstrumentationActivityInvoker$EmptyActivity}
08-30 15:11:20.878  4349  5464 D WindowManager: isScreenshotDisabledLocked: userId = 0, disabled =false
08-30 15:11:20.878  4349  5464 I SurfaceControl: nativeRelease nativeObject s[476016224192]
08-30 15:11:20.878  4349  5464 I SurfaceControl: nativeRelease nativeObject e[476016224192]
08-30 15:11:20.878  3976  6075 I SurfaceFlinger: id=38294 createSurf (0x0),-1 flag=24004, Surface(name=749d536 InputMethod)/@0x72f94d3 - animation-leash#0
08-30 15:11:20.880  4349  5464 I SurfaceControl: nativeRelease nativeObject s[476017810144]
08-30 15:11:20.880  4349  5464 I SurfaceControl: nativeRelease nativeObject e[476017810144]
08-30 15:11:20.880  3976  6075 I Layer   : id=38285 removeFromCurrentState com.example.dogglers/androidx.test.core.app.InstrumentationActivityInvoker$EmptyActivity$_23627#0 (94)
08-30 15:11:20.881  4349  6765 I InputDispatcher: Focus left window (23627): 7b77fd0 in display 0 0
08-30 15:11:20.883  3976  6075 I Layer   : id=38284 removeFromCurrentState 9c4d044 com.example.dogglers/androidx.test.core.app.InstrumentationActivityInvoker$EmptyActivity#0 (94)
08-30 15:11:20.883  3976  6075 I Layer   : id=38289 removeFromCurrentState Surface(name=749d536 InputMethod)/@0x72f94d3 - animation-leash#1 (94)
08-30 15:11:20.883  3976  4002 I SurfaceFlinger: id=38285 Removed com.example.dogglers/androidx.test.core.app.InstrumentationActivityInvoker$EmptyActivity$_23627#0 (94)
08-30 15:11:20.884  3976  4002 I SurfaceFlinger: id=38284 Removed 9c4d044 com.example.dogglers/androidx.test.core.app.InstrumentationActivityInvoker$EmptyActivity#0 (94)
08-30 15:11:20.884 23627 23627 D InputTransport: Input channel destroyed: '9c4d044', fd=90
08-30 15:11:20.886  4349  6779 I SurfaceControl: nativeRelease nativeObject s[476009103264]
08-30 15:11:20.886  4349  6779 I SurfaceControl: nativeRelease nativeObject e[476009103264]
08-30 15:11:20.887 23627 23627 D LifecycleMonitor: Lifecycle status change: androidx.test.core.app.InstrumentationActivityInvoker$EmptyActivity@21a1403 in: PAUSED
08-30 15:11:20.887 23627 23627 V ActivityScenario: Activity lifecycle changed event received but ignored because the intent does not match. startActivityIntent=Intent { act=android.intent.action.MAIN cat=[android.intent.category.LAUNCHER] cmp=com.example.dogglers/.GridListActivity }, activity.getIntent()=Intent { act=android.intent.action.MAIN cat=[android.intent.category.LAUNCHER] flg=0x10000000 cmp=com.example.dogglers/androidx.test.core.app.InstrumentationActivityInvoker$EmptyActivity }, activity=androidx.test.core.app.InstrumentationActivityInvoker$EmptyActivity@21a1403
08-30 15:11:20.890  4349  5464 I SemDvfsHyPerManager: acquire hyper - AMS_APP_HOME/4349@35, type = -999
08-30 15:11:20.890  3976  3976 I Layer   : id=38285[1] Destroyed com.example.dogglers/androidx.test.core.app.InstrumentationActivityInvoker$EmptyActivity$_23627#0
08-30 15:11:20.890  3976  3976 I Layer   : id=38284[1] Destroyed 9c4d044 com.example.dogglers/androidx.test.core.app.InstrumentationActivityInvoker$EmptyActivity#0
08-30 15:11:20.893  3927  3954 I HYPER-HAL: [RequestManager.cpp]acquire(): Acquired ID : 9611955  [4349 / 35]    HINT : AMS_APP_HOME    list :
08-30 15:11:20.893  3927  3954 E HYPER-HAL: [HandlerSysfs.cpp]doResourceHandling(): Couldn't Open Sysfs - /sys/power/cstate_control
08-30 15:11:20.893  3881  3886 E statsd  : Predicate -7037417284711607308 dropping data for dimension key (10)0x2010101->10429[I] (10)0x30000->*launch*[S]
08-30 15:11:20.893  3927  3954 I HYPER-HAL: [ResourceManager.cpp]updateResource(): [CPUMinFreq] UpdateResource Request ID : 9611955    Value : 1768000
08-30 15:11:20.895  4349  5464 V WindowOrientationListener: getProposedRotation: -1
08-30 15:11:20.895  4349  5464 V WindowOrientationListener: getProposedRotation: -1
08-30 15:11:20.896  4349  5464 V WindowOrientationListener: getProposedRotation: -1
08-30 15:11:20.902  3976  4002 I Layer   : id=38283 removeFromCurrentState ActivityRecord{3d470b2 u0 com.example.dogglers/androidx.test.core.app.InstrumentationActivityInvoker$EmptyActivity t1416}#0 (92)
08-30 15:11:20.903  3976  4002 I SurfaceFlinger: id=38283 Removed ActivityRecord{3d470b2 u0 com.example.dogglers/androidx.test.core.app.InstrumentationActivityInvoker$EmptyActivity t1416}#0 (92)
08-30 15:11:20.904 23627 23627 I ViewRootImpl@a6533ac[InstrumentationActivityInvoker$EmptyActivity]: MSG_WINDOW_FOCUS_CHANGED 0 1
08-30 15:11:20.904 23627 23627 I ViewRootImpl@a6533ac[InstrumentationActivityInvoker$EmptyActivity]: MSG_WINDOW_FOCUS_CHANGED 0 1
08-30 15:11:20.905 23627 23651 I TestRunner: finished: vertical_scrolling(com.example.dogglers.GridListTests)
