08-30 15:11:08.519  3976  5385 I Layer   : id=37976 removeFromCurrentState Surface(name=ActivityRecord{d7be4fb u0 com.example.dogglers/.HorizontalListActivity t1409})/@0xfbf42b6 - animation-bounds#0 (106)
08-30 15:11:08.519  3976  5385 I Layer   : id=37975 removeFromCurrentState Surface(name=ActivityRecord{d7be4fb u0 com.example.dogglers/.HorizontalListActivity t1409})/@0xfbf42b6 - animation-leash#0 (106)
08-30 15:11:08.519  3976  5385 I Layer   : id=37966 removeFromCurrentState ActivityRecord{d7be4fb u0 com.example.dogglers/.HorizontalListActivity t1409}#0 (106)
08-30 15:11:08.520  3976  5385 I Layer   : id=37967 removeFromCurrentState 28c02eb com.example.dogglers/com.example.dogglers.HorizontalListActivity#0 (106)
08-30 15:11:08.520  3976  5385 I Layer   : id=37968 removeFromCurrentState com.example.dogglers/com.example.dogglers.HorizontalListActivity$_23627#0 (106)
08-30 15:11:08.520  3976  5385 I Layer   : id=37966 addToCurrentState ActivityRecord{d7be4fb u0 com.example.dogglers/.HorizontalListActivity t1409}#0 (106)
08-30 15:11:08.520  3976  5385 I Layer   : id=37967 addToCurrentState 28c02eb com.example.dogglers/com.example.dogglers.HorizontalListActivity#0 (106)
08-30 15:11:08.520  3976  5385 I Layer   : id=37968 addToCurrentState com.example.dogglers/com.example.dogglers.HorizontalListActivity$_23627#0 (106)
08-30 15:11:08.520  3976  5385 I Layer   : id=37975 removeFromCurrentState Surface(name=ActivityRecord{d7be4fb u0 com.example.dogglers/.HorizontalListActivity t1409})/@0xfbf42b6 - animation-leash#0 (106)
08-30 15:11:08.520  3976  5385 I Layer   : id=37955 addToCurrentState ActivityRecord{2765d0e u0 com.example.dogglers/.MainActivity t1409}#0 (106)
08-30 15:11:08.520  3976  5385 I Layer   : id=37960 addToCurrentState 711799c com.example.dogglers/com.example.dogglers.MainActivity#0 (106)
08-30 15:11:08.520  3976  5385 I Layer   : id=37961 addToCurrentState com.example.dogglers/com.example.dogglers.MainActivity$_23627#0 (106)
08-30 15:11:08.520  3976  5385 I Layer   : id=37974 removeFromCurrentState Surface(name=ActivityRecord{2765d0e u0 com.example.dogglers/.MainActivity t1409})/@0x7520b2a - animation-bounds#0 (106)
08-30 15:11:08.520  3976  4318 I SurfaceFlinger: id=37971 Removed Surface(name=ActivityRecord{2765d0e u0 com.example.dogglers/.MainActivity t1409})/@0x7520b2a - animation-leash#0 (106)
08-30 15:11:08.520  3976  4318 I SurfaceFlinger: id=37972 Removed Dim Layer for - Task=1409 - animating-dim#0 (106)
08-30 15:11:08.520  3976  4318 I SurfaceFlinger: id=37974 Removed Surface(name=ActivityRecord{2765d0e u0 com.example.dogglers/.MainActivity t1409})/@0x7520b2a - animation-bounds#0 (106)
08-30 15:11:08.521  3976  5385 I SurfaceFlinger: id=37976 Removed Surface(name=ActivityRecord{d7be4fb u0 com.example.dogglers/.HorizontalListActivity t1409})/@0xfbf42b6 - animation-bounds#0 (106)
08-30 15:11:08.521  3976  5385 I SurfaceFlinger: id=37975 Removed Surface(name=ActivityRecord{d7be4fb u0 com.example.dogglers/.HorizontalListActivity t1409})/@0xfbf42b6 - animation-leash#0 (106)
08-30 15:11:08.523  3976  3976 I Layer   : id=37970[1] Destroyed Surface(name=b07ecc5 NavigationBar0)/@0xa8376fc - animation-leash#1
08-30 15:11:08.523  3976  3976 I Layer   : id=37969[1] Destroyed Surface(name=1096c8d StatusBar)/@0xeaf4dd0 - animation-leash#0
08-30 15:11:08.523  3976  3976 I Layer   : id=37972[1] Destroyed Dim Layer for - Task=1409 - animating-dim#0
08-30 15:11:08.523  3976  3976 I Layer   : id=37974[1] Destroyed Surface(name=ActivityRecord{2765d0e u0 com.example.dogglers/.MainActivity t1409})/@0x7520b2a - animation-bounds#0
08-30 15:11:08.523  3976  3976 I Layer   : id=37971[1] Destroyed Surface(name=ActivityRecord{2765d0e u0 com.example.dogglers/.MainActivity t1409})/@0x7520b2a - animation-leash#0
08-30 15:11:08.523  3976  3976 I Layer   : id=37976[1] Destroyed Surface(name=ActivityRecord{d7be4fb u0 com.example.dogglers/.HorizontalListActivity t1409})/@0xfbf42b6 - animation-bounds#0
08-30 15:11:08.523  3976  3976 I Layer   : id=37975[1] Destroyed Surface(name=ActivityRecord{d7be4fb u0 com.example.dogglers/.HorizontalListActivity t1409})/@0xfbf42b6 - animation-leash#0
08-30 15:11:08.529  3976  3976 D SurfaceFlinger: Display 0 HWC layers:
08-30 15:11:08.529  3976  3976 D SurfaceFlinger:      DEVICE | 0x75743a6c00 | 0002 | RGBA_8888    |    0.0    0.0  720.0 1560.0 |    0    0  720 1560 | com.example.dogglers/androidx.test.c[...]tivityInvoker$EmptyActivity$_23627#0
08-30 15:11:08.529  3976  3976 D SurfaceFlinger:      DEVICE | 0x75743a6fc0 | 0000 | RGBA_8888    |    0.0    0.0  720.0   53.0 |    0    0  720   53 | StatusBar$_4708#0
08-30 15:11:08.529  3976  3976 D SurfaceFlinger:      DEVICE | 0x74d157fa00 | 0000 | RGBA_8888    |    0.0    0.0   67.0  232.0 |  653  151  720  383 | com.samsung.android.app.cocktailbars[...]rservice.CocktailBarService$_14146#0
08-30 15:11:08.529  3976  3976 D SurfaceFlinger:      DEVICE | 0x75743a7380 | 0000 | RGBA_8888    |    0.0    0.0  720.0   84.0 |    0 1476  720 1560 | NavigationBar0$_4708#0
08-30 15:11:08.529  3976  3976 D SurfaceFlinger:      DEVICE | 0x74f0413e00 | 0000 | RGBA_8888    |    0.0    0.0  720.0  101.0 |    0    0  720  101 | ScreenDecorOverlay$_4708#0
08-30 15:11:08.529  3976  3976 D SurfaceFlinger:      DEVICE | 0x75743a7b00 | 0000 | RGBA_8888    |    0.0    0.0  720.0  101.0 |    0 1459  720 1560 | ScreenDecorOverlayBottom$_4708#0
08-30 15:11:08.529  3976  3976 D SurfaceFlinger:
08-30 15:11:08.531  4349  7427 I SemDvfsHyPerManager: acquire hyper - AMS_ACT_START/4349@16, type = -999
08-30 15:11:08.532  3927  3954 I HYPER-HAL: [RequestManager.cpp]acquire(): Acquired ID : 9528811  [4349 / 16]    HINT : AMS_ACT_START    list :
08-30 15:11:08.532  3927  3954 E HYPER-HAL: [HandlerSysfs.cpp]doResourceHandling(): Couldn't Open Sysfs - /sys/power/cstate_control
08-30 15:11:08.532  3927  3954 I HYPER-HAL: [ResourceManager.cpp]updateResource(): [CPUMinFreq] UpdateResource Request ID : 9528811    Value : 1560000
08-30 15:11:08.532  3976  4001 I SurfaceFlinger: id=37983 createSurf (0x0),-1 flag=80004, ActivityRecord{378fcfa u0 com.example.dogglers/androidx.test.core.app.InstrumentationActivityInvoker$EmptyActivity t1409}#0
08-30 15:11:08.542 23627 23627 I ViewRootImpl@dbf7ec8[InstrumentationActivityInvoker$EmptyActivity]: MSG_WINDOW_FOCUS_CHANGED 1 1
08-30 15:11:08.542 23627 23627 D InputMethodManager: prepareNavigationBarInfo() DecorView@88a05e5[InstrumentationActivityInvoker$EmptyActivity]
08-30 15:11:08.542 23627 23627 D InputMethodManager: getNavigationBarColor() -16711423
08-30 15:11:08.543 23627 23627 D InputMethodManager: prepareNavigationBarInfo() DecorView@88a05e5[InstrumentationActivityInvoker$EmptyActivity]
08-30 15:11:08.543 23627 23627 D InputMethodManager: getNavigationBarColor() -16711423
08-30 15:11:08.543 23627 23627 V InputMethodManager: Starting input: tba=com.example.dogglers ic=null mNaviBarColor -16711423 mIsGetNaviBarColorSuccess true , NavVisible : true , NavTrans : false
08-30 15:11:08.543 23627 23627 D InputMethodManager: startInputInner - Id : 0
08-30 15:11:08.543 23627 23627 I InputMethodManager: startInputInner - mService.startInputOrWindowGainedFocus
08-30 15:11:08.545  4349  5464 D InputMethodManagerService: mSecureKeypadEnabled = false
08-30 15:11:08.545  4349  5464 V InputMethodManagerService: hideCurrentInputLocked : shouldHideSoftInput is false
08-30 15:11:08.545  4349  5464 D InputMethodManagerService: mDesktopModeManager null!
08-30 15:11:08.545  4349  5464 V InputMethodManagerService: getDisplayIdOfInputMethodWindowToBeAdded : 0
08-30 15:11:08.546  4349  5464 D InputMethodManagerService: checkDisplayOfStartInputAndUpdateKeyboard display Id 0last 0
08-30 15:11:08.546  4349  5464 D InputTransport: Input channel constructed: 'ClientS', fd=773
08-30 15:11:08.546  4349  5464 D InputTransport: Input channel destroyed: 'ClientS', fd=773
08-30 15:11:08.547 23627 23627 D InputTransport: Input channel constructed: 'ClientS', fd=101
08-30 15:11:08.547 23627 23627 D InputTransport: Input channel destroyed: 'ClientS', fd=99
08-30 15:11:08.547  4349  7427 I SurfaceControl: nativeRelease nativeObject s[476016225824]
08-30 15:11:08.547  4349  7427 I SurfaceControl: nativeRelease nativeObject e[476016225824]
08-30 15:11:08.548  3976  4001 I SurfaceFlinger: id=37984 createSurf (0x0),-1 flag=24004, Surface(name=749d536 InputMethod)/@0x72f94d3 - animation-leash#0
08-30 15:11:08.549  7475  7475 I HBD     : HoneyBoardService onFinishInput
08-30 15:11:08.549  7475  7475 I HBD     : a IC have been unbinded,  InputConnectionWrapper{idHash=#90f863f mMissingMethods=}
08-30 15:11:08.550  7475  7475 I HBD     : HoneyBoardService [PF_CL][onFinishInput]  412961 ns
08-30 15:11:08.550 23627 23627 D LifecycleMonitor: Lifecycle status change: androidx.test.core.app.InstrumentationActivityInvoker$EmptyActivity@73ae14f in: PAUSED
08-30 15:11:08.550  7475  7475 I HBD     : HoneyBoardService [IMI] onStartInput - caller pid : 23627 , caller uid : 10429
08-30 15:11:08.550  7475  7475 I HBD     : i updateConfigs
08-30 15:11:08.550  7475  7475 I HBD     : i isEnabledNightMode : true
08-30 15:11:08.550  7475  7475 I HBD     : a IC have been binded, InputConnectionWrapper{idHash=#90f863f mMissingMethods=}
08-30 15:11:08.551  7475  7475 I HBD     : h [EditorInputType]setPrivateImeOptionsToTable privateImeOptions ( null )
08-30 15:11:08.551 23627 23627 V ActivityScenario: Activity lifecycle changed event received but ignored because the intent does not match. startActivityIntent=Intent { act=android.intent.action.MAIN cat=[android.intent.category.LAUNCHER] cmp=com.example.dogglers/.MainActivity }, activity.getIntent()=Intent { act=android.intent.action.MAIN cat=[android.intent.category.LAUNCHER] flg=0x10000000 cmp=com.example.dogglers/androidx.test.core.app.InstrumentationActivityInvoker$EmptyActivity }, activity=androidx.test.core.app.InstrumentationActivityInvoker$EmptyActivity@73ae14f
08-30 15:11:08.551  7475  7475 I HBD     : b incognitoMode : false
08-30 15:11:08.551  7475  7475 I HBD     : a needOff = true , isForceOff = false, isNullInputClass : true
08-30 15:11:08.551  7475  7475 I HBD     : h getDefaultInputRange : UNKNOWN
08-30 15:11:08.551  7475  7475 I HBD     : h getDefaultInputRange : UNKNOWN
08-30 15:11:08.551  7475  7475 I HBD     : h getDefaultInputRange : UNKNOWN
08-30 15:11:08.552  4349  5464 D SdpManagerService: Not an enterprise user : 0
08-30 15:11:08.552  4349  5464 D SdpManagerService: Not an enterprise user : 0
08-30 15:11:08.553  7475  7475 I HBD     : h getDefaultInputRange : UNKNOWN
08-30 15:11:08.553  7475  7475 I HBD     : a currentState : 0
08-30 15:11:08.555  4349  7427 V WindowOrientationListener: getProposedRotation: -1
08-30 15:11:08.555  4349  7427 V WindowOrientationListener: getProposedRotation: -1
08-30 15:11:08.556  7475  7475 I HBD     : h load selected json info : {"version":"1.0","currentLanguageOrder":2,"selected":[{"activeOptionList":["auto_replace","spell_check","auto_spacing"],"engName":"Russian","id":3342336,"inputType":"qwerty","isUsed":true},{"activeOptionList":["auto_replace","spell_check","auto_spacing"],"engName":"English","id":65537,"inputType":"qwerty","isUsed":true},{"activeOptionList":["auto_replace","spell_check","auto_spacing"],"engName":"Ukrainian","id":4456448,"inputType":"qwerty","isUsed":true}]}
08-30 15:11:08.556  4349  7427 V WindowOrientationListener: getProposedRotation: -1
08-30 15:11:08.557  7475  7475 I HBD     : a [UpdatePolicy] [post] a: 0 cl: 4456448 kit: [0/0] vt: 0 ir: 1
08-30 15:11:08.558  4349  7427 D InputDispatcher: Focused application set to (0): 378fcfa
08-30 15:11:08.559  7475  7475 I HBD     : HoneyBoardService [PF_OP][onStartInput]  8409385 ns
08-30 15:11:08.564  3976  4001 I Layer   : id=37977 removeFromCurrentState Surface(name=749d536 InputMethod)/@0x72f94d3 - animation-leash#1 (101)
08-30 15:11:08.571 23627 23627 D LifecycleMonitor: Lifecycle status change: androidx.test.core.app.InstrumentationActivityInvoker$BootstrapActivity@e77fe46 in: DESTROYED
08-30 15:11:08.571 23627 23627 V ActivityScenario: Activity lifecycle changed event received but ignored because the intent does not match. startActivityIntent=Intent { act=android.intent.action.MAIN cat=[android.intent.category.LAUNCHER] cmp=com.example.dogglers/.MainActivity }, activity.getIntent()=Intent { act=android.intent.action.MAIN cat=[android.intent.category.LAUNCHER] flg=0x10008000 cmp=com.example.dogglers/androidx.test.core.app.InstrumentationActivityInvoker$BootstrapActivity (has extras) }, activity=androidx.test.core.app.InstrumentationActivityInvoker$BootstrapActivity@e77fe46
08-30 15:11:08.575  4349  7427 I SurfaceControl: nativeRelease nativeObject s[478079925568]
08-30 15:11:08.575  4349  7427 I SurfaceControl: nativeRelease nativeObject e[478079925568]
08-30 15:11:08.577  3976  4001 E BufferQueueProducer: [com.example.dogglers/com.example.dogglers.MainActivity$_23627#0](id:f880000339b,api:0,p:-1,c:3976) disconnect: not connected (req=1)
08-30 15:11:08.577 23627 23685 W libEGL  : EGLNativeWindowType 0x6f4e873010 disconnect failed
08-30 15:11:08.578  4349  5464 V WindowManager: Relayout Window{711799c u0 com.example.dogglers/com.example.dogglers.MainActivity}: viewVisibility=8 req=720x1560
08-30 15:11:08.580  3976  4001 I Layer   : id=37950 removeFromCurrentState ActivityRecord{43c5bbc u0 com.example.dogglers/androidx.test.core.app.InstrumentationActivityInvoker$BootstrapActivity t1409}#0 (101)
08-30 15:11:08.581  4349  5464 V WindowManager: Relayout hash=711799c, pid=23627: mAttrs={(0,0)(fillxfill) sim={adjust=pan forwardNavigation} ty=BASE_APPLICATION wanim=0x1030304
08-30 15:11:08.581  4349  5464 V WindowManager:   fl=81810100
08-30 15:11:08.581  4349  5464 V WindowManager:   pfl=12020000
08-30 15:11:08.581  4349  5464 V WindowManager:   fitSides= naviIconColor=0}
08-30 15:11:08.582  3976  5385 I SurfaceFlinger: id=37950 Removed ActivityRecord{43c5bbc u0 com.example.dogglers/androidx.test.core.app.InstrumentationActivityInvoker$BootstrapActivity t1409}#0 (101)
08-30 15:11:08.583 23627 23627 I SurfaceControl: nativeRelease nativeObject s[478080202720]
08-30 15:11:08.583 23627 23627 I SurfaceControl: nativeRelease nativeObject e[478080202720]
08-30 15:11:08.584 23627 23627 I SurfaceControl: assignNativeObject: nativeObject = 0 Surface(name=null)/@0x82bab47 / android.view.SurfaceControl.readFromParcel:1117 android.view.IWindowSession$Stub$Proxy.relayout:1826 android.view.ViewRootImpl.relayoutWindow:9005 android.view.ViewRootImpl.performTraversals:3360 android.view.ViewRootImpl.doTraversal:2618 android.view.ViewRootImpl$TraversalRunnable.run:9971 android.view.Choreographer$CallbackRecord.run:1010 android.view.Choreographer.doCallbacks:809 android.view.Choreographer.doFrame:744 android.view.Choreographer$FrameDisplayEventReceiver.run:995
08-30 15:11:08.584 23627 23627 I SurfaceControl: assignNativeObject: nativeObject = 0 Surface(name=null)/@0x97c33cb / android.view.SurfaceControl.readFromParcel:1117 android.view.IWindowSession$Stub$Proxy.relayout:1836 android.view.ViewRootImpl.relayoutWindow:9005 android.view.ViewRootImpl.performTraversals:3360 android.view.ViewRootImpl.doTraversal:2618 android.view.ViewRootImpl$TraversalRunnable.run:9971 android.view.Choreographer$CallbackRecord.run:1010 android.view.Choreographer.doCallbacks:809 android.view.Choreographer.doFrame:744 android.view.Choreographer$FrameDisplayEventReceiver.run:995
08-30 15:11:08.586 23627 23627 I ViewRootImpl@d9ef942[MainActivity]: Relayout returned: old=(0,0,720,1560) new=(0,0,720,1560) req=(720,1560)8 dur=8 res=0x5 s={false 0} ch=true fn=28
08-30 15:11:08.589  3976  4001 E BufferQueueProducer: [com.example.dogglers/com.example.dogglers.HorizontalListActivity$_23627#0](id:f880000339c,api:0,p:-1,c:3976) disconnect: not connected (req=1)
08-30 15:11:08.589 23627 23685 W libEGL  : EGLNativeWindowType 0x6f4e8ef010 disconnect failed
08-30 15:11:08.589  3976  3976 I Layer   : id=37950[1] Destroyed ActivityRecord{43c5bbc u0 com.example.dogglers/androidx.test.core.app.InstrumentationActivityInvoker$BootstrapActivity t1409}#0
08-30 15:11:08.591  4349  7427 V WindowManager: Relayout Window{28c02eb u0 com.example.dogglers/com.example.dogglers.HorizontalListActivity}: viewVisibility=8 req=720x1560
08-30 15:11:08.591  4349  7290 I InputDispatcher: Focus left window (23627): bb7add8 in display 0 0
08-30 15:11:08.595  4349  7427 V WindowManager: Relayout hash=28c02eb, pid=23627: mAttrs={(0,0)(fillxfill) sim={adjust=resize forwardNavigation} ty=BASE_APPLICATION wanim=0x1030304
08-30 15:11:08.595  4349  7427 V WindowManager:   fl=81810100
08-30 15:11:08.595  4349  7427 V WindowManager:   pfl=12020000
08-30 15:11:08.595  4349  7427 V WindowManager:   fitSides= naviIconColor=0}
08-30 15:11:08.596 23627 23627 I SurfaceControl: nativeRelease nativeObject s[478080201184]
08-30 15:11:08.597 23627 23627 I SurfaceControl: nativeRelease nativeObject e[478080201184]
08-30 15:11:08.597 23627 23627 I SurfaceControl: assignNativeObject: nativeObject = 0 Surface(name=null)/@0x8b1bf74 / android.view.SurfaceControl.readFromParcel:1117 android.view.IWindowSession$Stub$Proxy.relayout:1826 android.view.ViewRootImpl.relayoutWindow:9005 android.view.ViewRootImpl.performTraversals:3360 android.view.ViewRootImpl.doTraversal:2618 android.view.ViewRootImpl$TraversalRunnable.run:9971 android.view.Choreographer$CallbackRecord.run:1010 android.view.Choreographer.doCallbacks:809 android.view.Choreographer.doFrame:744 android.view.Choreographer$FrameDisplayEventReceiver.run:995
08-30 15:11:08.598 23627 23627 I SurfaceControl: assignNativeObject: nativeObject = 0 Surface(name=null)/@0x9d53f1 / android.view.SurfaceControl.readFromParcel:1117 android.view.IWindowSession$Stub$Proxy.relayout:1836 android.view.ViewRootImpl.relayoutWindow:9005 android.view.ViewRootImpl.performTraversals:3360 android.view.ViewRootImpl.doTraversal:2618 android.view.ViewRootImpl$TraversalRunnable.run:9971 android.view.Choreographer$CallbackRecord.run:1010 android.view.Choreographer.doCallbacks:809 android.view.Choreographer.doFrame:744 android.view.Choreographer$FrameDisplayEventReceiver.run:995
08-30 15:11:08.598 23627 23627 I SurfaceControl: nativeRelease nativeObject s[478247330656]
08-30 15:11:08.598 23627 23627 I SurfaceControl: nativeRelease nativeObject e[478247330656]
08-30 15:11:08.598  3976  4001 I SurfaceFlinger: id=37977 Removed Surface(name=749d536 InputMethod)/@0x72f94d3 - animation-leash#1 (100)
08-30 15:11:08.599  4349  4371 I SemPersonaManager: SecureFolder personaId = 150
08-30 15:11:08.599 23627 23627 I ViewRootImpl@ff1f911[HorizontalListActivity]: Relayout returned: old=(0,0,720,1560) new=(0,0,720,1560) req=(720,1560)8 dur=8 res=0x5 s={false 0} ch=true fn=5
08-30 15:11:08.600 23627 23627 I ViewRootImpl@ff1f911[HorizontalListActivity]: stopped(true) old=false
08-30 15:11:08.602 23627 23627 D LifecycleMonitor: Lifecycle status change: com.example.dogglers.HorizontalListActivity@a9aac84 in: STOPPED
08-30 15:11:08.602 23627 23627 V ActivityScenario: Activity lifecycle changed event received but ignored because the intent does not match. startActivityIntent=Intent { act=android.intent.action.MAIN cat=[android.intent.category.LAUNCHER] cmp=com.example.dogglers/.MainActivity }, activity.getIntent()=Intent { cmp=com.example.dogglers/.HorizontalListActivity }, activity=com.example.dogglers.HorizontalListActivity@a9aac84
08-30 15:11:08.606  3976  3976 I Layer   : id=37977[1] Destroyed Surface(name=749d536 InputMethod)/@0x72f94d3 - animation-leash#1
08-30 15:11:08.608 23627 23627 I ViewRootImpl@d9ef942[MainActivity]: stopped(true) old=false
08-30 15:11:08.609 23627 23627 D LifecycleMonitor: Lifecycle status change: com.example.dogglers.MainActivity@4f40c59 in: STOPPED
08-30 15:11:08.610 23627 23627 V ActivityScenario: Update currentActivityStage to STOPPED, currentActivity=com.example.dogglers.MainActivity@4f40c59
08-30 15:11:08.612 23627 23627 D LifecycleMonitor: Lifecycle status change: com.example.dogglers.MainActivity@4f40c59 in: DESTROYED
08-30 15:11:08.613 23627 23627 V ActivityScenario: Update currentActivityStage to DESTROYED, currentActivity=null
08-30 15:11:08.616 23627 23627 I ViewRootImpl@d9ef942[MainActivity]: dispatchDetachedFromWindow
08-30 15:11:08.617  4349  7427 D InputTransport: Input channel destroyed: '711799c', fd=770
08-30 15:11:08.617  4349  7427 I SurfaceControl: nativeRelease nativeObject s[476017807552]
08-30 15:11:08.617  4349  7427 I SurfaceControl: nativeRelease nativeObject e[476017807552]
08-30 15:11:08.617  4349  7427 D WindowManager: isScreenshotDisabledLocked - win: Window{711799c u0 com.example.dogglers/com.example.dogglers.MainActivity}
08-30 15:11:08.617  4349  7427 D WindowManager: isScreenshotDisabledLocked: userId = 0, disabled =false
08-30 15:11:08.618  4349  7427 I SurfaceControl: nativeRelease nativeObject s[476016225344]
08-30 15:11:08.618  4349  7427 I SurfaceControl: nativeRelease nativeObject e[476016225344]
08-30 15:11:08.619  3976  5385 I Layer   : id=37961 removeFromCurrentState com.example.dogglers/com.example.dogglers.MainActivity$_23627#0 (99)
08-30 15:11:08.619  3976  5385 I SurfaceFlinger: id=37961 Removed com.example.dogglers/com.example.dogglers.MainActivity$_23627#0 (99)
08-30 15:11:08.621  3976  5385 I Layer   : id=37960 removeFromCurrentState 711799c com.example.dogglers/com.example.dogglers.MainActivity#0 (99)
08-30 15:11:08.623 23627 23627 D InputTransport: Input channel destroyed: '711799c', fd=81
08-30 15:11:08.623  3976  3976 I Layer   : id=37961[1] Destroyed com.example.dogglers/com.example.dogglers.MainActivity$_23627#0
08-30 15:11:08.623  3976  5385 I SurfaceFlinger: id=37960 Removed 711799c com.example.dogglers/com.example.dogglers.MainActivity#0 (98)
08-30 15:11:08.625  4349  7290 I SurfaceControl: nativeRelease nativeObject s[478079924320]
08-30 15:11:08.625  4349  7290 I SurfaceControl: nativeRelease nativeObject e[478079924320]
08-30 15:11:08.631  3976  5385 I Layer   : id=37955 removeFromCurrentState ActivityRecord{2765d0e u0 com.example.dogglers/.MainActivity t1409}#0 (98)
08-30 15:11:08.631  3976  5385 I SurfaceFlinger: id=37955 Removed ActivityRecord{2765d0e u0 com.example.dogglers/.MainActivity t1409}#0 (98)
08-30 15:11:08.634 23627 23627 D LifecycleMonitor: Lifecycle status change: androidx.test.core.app.InstrumentationActivityInvoker$EmptyActivity@4f1890c in: PRE_ON_CREATE
08-30 15:11:08.635 23627 23627 V ActivityScenario: Activity lifecycle changed event received but ignored because the intent does not match. startActivityIntent=Intent { act=android.intent.action.MAIN cat=[android.intent.category.LAUNCHER] cmp=com.example.dogglers/.MainActivity }, activity.getIntent()=Intent { act=android.intent.action.MAIN cat=[android.intent.category.LAUNCHER] flg=0x10000000 cmp=com.example.dogglers/androidx.test.core.app.InstrumentationActivityInvoker$EmptyActivity }, activity=androidx.test.core.app.InstrumentationActivityInvoker$EmptyActivity@4f1890c
08-30 15:11:08.639  3976  3976 I Layer   : id=37960[1] Destroyed 711799c com.example.dogglers/com.example.dogglers.MainActivity#0
08-30 15:11:08.639  3976  3976 I Layer   : id=37955[1] Destroyed ActivityRecord{2765d0e u0 com.example.dogglers/.MainActivity t1409}#0
08-30 15:11:08.652  4349  4371 D EnterpriseDeviceManagerService: isMdmAdminPresentInternal() : MDM Admin Found - com.samsung.knox.securefolder
08-30 15:11:08.665 23627 23627 I DecorView: [INFO] isPopOver=false, config=true
08-30 15:11:08.665 23627 23627 I DecorView: updateCaptionType >> DecorView@8f6846a[], isFloating=false, isApplication=true, hasWindowDecorCaption=false, hasWindowControllerCallback=true
08-30 15:11:08.665 23627 23627 D DecorView: setCaptionType = 0, this = DecorView@8f6846a[]
08-30 15:11:08.672 23627 23627 D LifecycleMonitor: Lifecycle status change: androidx.test.core.app.InstrumentationActivityInvoker$EmptyActivity@4f1890c in: CREATED
08-30 15:11:08.673 23627 23627 V ActivityScenario: Activity lifecycle changed event received but ignored because the intent does not match. startActivityIntent=Intent { act=android.intent.action.MAIN cat=[android.intent.category.LAUNCHER] cmp=com.example.dogglers/.MainActivity }, activity.getIntent()=Intent { act=android.intent.action.MAIN cat=[android.intent.category.LAUNCHER] flg=0x10000000 cmp=com.example.dogglers/androidx.test.core.app.InstrumentationActivityInvoker$EmptyActivity }, activity=androidx.test.core.app.InstrumentationActivityInvoker$EmptyActivity@4f1890c
08-30 15:11:08.675 23627 23627 D LifecycleMonitor: Lifecycle status change: androidx.test.core.app.InstrumentationActivityInvoker$EmptyActivity@4f1890c in: STARTED
08-30 15:11:08.676 23627 23627 V ActivityScenario: Activity lifecycle changed event received but ignored because the intent does not match. startActivityIntent=Intent { act=android.intent.action.MAIN cat=[android.intent.category.LAUNCHER] cmp=com.example.dogglers/.MainActivity }, activity.getIntent()=Intent { act=android.intent.action.MAIN cat=[android.intent.category.LAUNCHER] flg=0x10000000 cmp=com.example.dogglers/androidx.test.core.app.InstrumentationActivityInvoker$EmptyActivity }, activity=androidx.test.core.app.InstrumentationActivityInvoker$EmptyActivity@4f1890c
08-30 15:11:08.679 23627 23627 D LifecycleMonitor: Lifecycle status change: androidx.test.core.app.InstrumentationActivityInvoker$EmptyActivity@4f1890c in: RESUMED
08-30 15:11:08.680 23627 23627 V ActivityScenario: Activity lifecycle changed event received but ignored because the intent does not match. startActivityIntent=Intent { act=android.intent.action.MAIN cat=[android.intent.category.LAUNCHER] cmp=com.example.dogglers/.MainActivity }, activity.getIntent()=Intent { act=android.intent.action.MAIN cat=[android.intent.category.LAUNCHER] flg=0x10000000 cmp=com.example.dogglers/androidx.test.core.app.InstrumentationActivityInvoker$EmptyActivity }, activity=androidx.test.core.app.InstrumentationActivityInvoker$EmptyActivity@4f1890c
08-30 15:11:08.685  4349  5464 D InputTransport: Input channel constructed: '8ac777 ', fd=773
08-30 15:11:08.685  4349  5464 D InputTransport: Input channel constructed: '8ac777 ', fd=779
08-30 15:11:08.686  3976  6075 I SurfaceFlinger: id=37985 createSurf (0x0),-1 flag=80004, 8ac777 com.example.dogglers/androidx.test.core.app.InstrumentationActivityInvoker$EmptyActivity#0
08-30 15:11:08.687  4349  5464 D WindowManager: isScreenshotDisabledLocked - win: Window{8ac777 u0 com.example.dogglers/androidx.test.core.app.InstrumentationActivityInvoker$EmptyActivity}
08-30 15:11:08.687  4349  5464 D WindowManager: isScreenshotDisabledLocked: userId = 0, disabled =false
08-30 15:11:08.687  4349  5464 D InputTransport: Input channel destroyed: '8ac777 ', fd=779
08-30 15:11:08.688 23627 23627 D InputTransport: Input channel constructed: '8ac777 ', fd=81
08-30 15:11:08.690 23627 23627 I ViewRootImpl@e4f9ed1[InstrumentationActivityInvoker$EmptyActivity]: setView = com.android.internal.policy.DecorView@8f6846a TM=true
08-30 15:11:08.693  4349  5464 D SamsungIMMSHWKeyboard: isConnectedDexOnPC false
08-30 15:11:08.693  4349  5464 D InputMethodManagerService: isImeSwitcherDisabledPackage : false
08-30 15:11:08.693 23627 23627 I SurfaceControl: nativeRelease nativeObject s[476571792160]
08-30 15:11:08.693 23627 23627 I SurfaceControl: nativeRelease nativeObject e[476571792160]
08-30 15:11:08.694 23627 23627 I SurfaceControl: nativeRelease nativeObject s[476571792064]
08-30 15:11:08.694 23627 23627 I SurfaceControl: nativeRelease nativeObject e[476571792064]
08-30 15:11:08.695 23627 23627 I ViewRootImpl@dbf7ec8[InstrumentationActivityInvoker$EmptyActivity]: MSG_WINDOW_FOCUS_CHANGED 0 1
08-30 15:11:08.697  4349  7290 V WindowManager: Relayout Window{28c02eb u0 com.example.dogglers/com.example.dogglers.HorizontalListActivity}: viewVisibility=8 req=720x1560
08-30 15:11:08.701  4349  7290 V WindowManager: Relayout hash=28c02eb, pid=23627: mAttrs={(0,0)(fillxfill) sim={adjust=pan} ty=BASE_APPLICATION wanim=0x1030304
08-30 15:11:08.701  4349  7290 V WindowManager:   fl=81810100
08-30 15:11:08.701  4349  7290 V WindowManager:   pfl=12020000
08-30 15:11:08.701  4349  7290 V WindowManager:   fitSides= naviIconColor=0}
08-30 15:11:08.702 23627 23627 I SurfaceControl: assignNativeObject: nativeObject = 0 Surface(name=null)/@0x8b1bf74 / android.view.SurfaceControl.readFromParcel:1117 android.view.IWindowSession$Stub$Proxy.relayout:1826 android.view.ViewRootImpl.relayoutWindow:9005 android.view.ViewRootImpl.performTraversals:3360 android.view.ViewRootImpl.doTraversal:2618 android.view.ViewRootImpl$TraversalRunnable.run:9971 android.view.Choreographer$CallbackRecord.run:1010 android.view.Choreographer.doCallbacks:809 android.view.Choreographer.doFrame:744 android.view.Choreographer$FrameDisplayEventReceiver.run:995
08-30 15:11:08.703 23627 23627 I SurfaceControl: assignNativeObject: nativeObject = 0 Surface(name=null)/@0x9d53f1 / android.view.SurfaceControl.readFromParcel:1117 android.view.IWindowSession$Stub$Proxy.relayout:1836 android.view.ViewRootImpl.relayoutWindow:9005 android.view.ViewRootImpl.performTraversals:3360 android.view.ViewRootImpl.doTraversal:2618 android.view.ViewRootImpl$TraversalRunnable.run:9971 android.view.Choreographer$CallbackRecord.run:1010 android.view.Choreographer.doCallbacks:809 android.view.Choreographer.doFrame:744 android.view.Choreographer$FrameDisplayEventReceiver.run:995
08-30 15:11:08.704 23627 23627 I ViewRootImpl@ff1f911[HorizontalListActivity]: Relayout returned: old=(0,0,720,1560) new=(0,0,720,1560) req=(720,1560)8 dur=6 res=0x5 s={false 0} ch=false fn=-1
08-30 15:11:08.710  4349  5464 V WindowManager: Relayout Window{8ac777 u0 com.example.dogglers/androidx.test.core.app.InstrumentationActivityInvoker$EmptyActivity}: viewVisibility=0 req=720x1560
08-30 15:11:08.712  4349  5464 D WindowManager: isScreenshotDisabledLocked - win: Window{8ac777 u0 com.example.dogglers/androidx.test.core.app.InstrumentationActivityInvoker$EmptyActivity}
08-30 15:11:08.712  4349  5464 D WindowManager: isScreenshotDisabledLocked: userId = 0, disabled =false
08-30 15:11:08.713  3976  5385 I SurfaceFlinger: id=37986 createSurf (720x1560),1 flag=404, com.example.dogglers/androidx.test.core.app.InstrumentationActivityInvoker$EmptyActivity$_23627#1
08-30 15:11:08.715  4349  5464 I SurfaceControl: nativeRelease nativeObject s[477997782976]
08-30 15:11:08.715  4349  5464 I SurfaceControl: nativeRelease nativeObject e[477997782976]
08-30 15:11:08.715 14146 14146 I TrayStateController: systemUiVisibilityChanged : 0 0
08-30 15:11:08.715  3976  6075 I SurfaceFlinger: id=37987 createSurf (0x0),-1 flag=24000, Surface(name=1096c8d StatusBar)/@0xeaf4dd0 - animation-leash#0
08-30 15:11:08.716  4349  5464 I SurfaceControl: nativeRelease nativeObject s[477997783072]
08-30 15:11:08.716  4349  5464 I SurfaceControl: nativeRelease nativeObject e[477997783072]
08-30 15:11:08.717  3976  6075 I SurfaceFlinger: id=37988 createSurf (0x0),-1 flag=24000, Surface(name=b07ecc5 NavigationBar0)/@0xa8376fc - animation-leash#1
08-30 15:11:08.719  4349  5464 V WindowManager: Relayout hash=8ac777, pid=23627: mAttrs={(0,0)(fillxfill) sim={adjust=pan forwardNavigation} ty=BASE_APPLICATION wanim=0x1030001
08-30 15:11:08.719  4349  5464 V WindowManager:   fl=1810100
08-30 15:11:08.719  4349  5464 V WindowManager:   pfl=12020000
08-30 15:11:08.719  4349  5464 V WindowManager:   fitSides= naviIconColor=0}
08-30 15:11:08.719  4349  5464 I SurfaceControl: nativeRelease nativeObject s[478079925568]
08-30 15:11:08.719  4349  5464 I SurfaceControl: nativeRelease nativeObject e[478079925568]
08-30 15:11:08.721 23627 23627 I SurfaceControl: assignNativeObject: nativeObject = 0 Surface(name=null)/@0xf07d36 / android.view.SurfaceControl.readFromParcel:1117 android.view.IWindowSession$Stub$Proxy.relayout:1836 android.view.ViewRootImpl.relayoutWindow:9005 android.view.ViewRootImpl.performTraversals:3360 android.view.ViewRootImpl.doTraversal:2618 android.view.ViewRootImpl$TraversalRunnable.run:9971 android.view.Choreographer$CallbackRecord.run:1010 android.view.Choreographer.doCallbacks:809 android.view.Choreographer.doFrame:744 android.view.Choreographer$FrameDisplayEventReceiver.run:995
08-30 15:11:08.723 23627 23627 I ViewRootImpl@e4f9ed1[InstrumentationActivityInvoker$EmptyActivity]: Relayout returned: old=(0,0,720,1560) new=(0,0,720,1560) req=(720,1560)0 dur=12 res=0x7 s={true 478059360256} ch=true fn=-1
08-30 15:11:08.723  3976  4001 I Layer   : id=37981 removeFromCurrentState Surface(name=1096c8d StatusBar)/@0xeaf4dd0 - animation-leash#1 (100)
08-30 15:11:08.724  3976  4001 I Layer   : id=37982 removeFromCurrentState Surface(name=b07ecc5 NavigationBar0)/@0xa8376fc - animation-leash#0 (100)
08-30 15:11:08.727  3899 10978 D gralloc : [mali_gralloc_allocate] begin
08-30 15:11:08.727  3899 10978 D gralloc : buffer_descriptor: wh(720 1560) usage_pc(0x40000000000b00 0x40000000000b00) hal_format(0x1) layer_count(1) sizes(0 0 0) strde(0) byte_stride(0) alloc_wh(0 0) internal_format(0x0) alloc_format(0x0) fd_count(1) plane_count(0)
08-30 15:11:08.727  3899 10978 D gralloc : [mali_gralloc_allocate] allocation successful
08-30 15:11:08.728 23627 23627 I ViewRootImpl@e4f9ed1[InstrumentationActivityInvoker$EmptyActivity]: [DP] dp(1) 1 android.view.ViewRootImpl.reportNextDraw:10957 android.view.ViewRootImpl.performTraversals:3845 android.view.ViewRootImpl.doTraversal:2618
08-30 15:11:08.728 23627 23627 I ViewRootImpl@e4f9ed1[InstrumentationActivityInvoker$EmptyActivity]: [DP] pd() Asnyc report
08-30 15:11:08.728  3899 10978 D gralloc : [mali_gralloc_allocate] begin
08-30 15:11:08.728  3899 10978 D gralloc : buffer_descriptor: wh(720 1560) usage_pc(0x40000000000b00 0x40000000000b00) hal_format(0x1) layer_count(1) sizes(0 0 0) strde(0) byte_stride(0) alloc_wh(0 0) internal_format(0x0) alloc_format(0x0) fd_count(1) plane_count(0)
08-30 15:11:08.729  3899 10978 D gralloc : [mali_gralloc_allocate] allocation successful
08-30 15:11:08.730  3899 10978 D gralloc : [mali_gralloc_allocate] begin
08-30 15:11:08.730  3899 10978 D gralloc : buffer_descriptor: wh(720 1560) usage_pc(0x40000000000b00 0x40000000000b00) hal_format(0x1) layer_count(1) sizes(0 0 0) strde(0) byte_stride(0) alloc_wh(0 0) internal_format(0x0) alloc_format(0x0) fd_count(1) plane_count(0)
08-30 15:11:08.731  3899 10978 D gralloc : [mali_gralloc_allocate] allocation successful
08-30 15:11:08.735 23627 23627 I ViewRootImpl@e4f9ed1[InstrumentationActivityInvoker$EmptyActivity]: [DP] pdf(0) 1 android.view.ViewRootImpl.lambda$performDraw$1$ViewRootImpl:4668 android.view.-$$Lambda$ViewRootImpl$DJd0VUYJgsebcnSohO6h8zc_ONI.run:6 android.os.Handler.handleCallback:938
08-30 15:11:08.736 23627 23627 I ViewRootImpl@e4f9ed1[InstrumentationActivityInvoker$EmptyActivity]: [DP] rdf()
08-30 15:11:08.741  4349  4372 D PkgPredictorService: pkg:com.example.dogglers activity:androidx.test.core.app.InstrumentationActivityInvoker$EmptyActivity thisTime:216
08-30 15:11:08.743  4349  4372 I SemDvfsHyPerManager: acquire hyper - AMS_RESUME_TAIL/4349@18, type = -999
08-30 15:11:08.743  4349  4376 I ActivityTaskManager: Displayed com.example.dogglers/androidx.test.core.app.InstrumentationActivityInvoker$EmptyActivity: +216ms
08-30 15:11:08.743  4349  4372 I SemDvfsHyPerManager: acquire hyper - AMS_ACT_LAZY/4349@19, type = -999
08-30 15:11:08.743  3927  3954 I HYPER-HAL: [RequestManager.cpp]acquire(): Acquired ID : 9537546  [4349 / 18]    HINT : AMS_RESUME_TAIL    list :
08-30 15:11:08.743  3927  3954 E HYPER-HAL: [HandlerSysfs.cpp]doResourceHandling(): Couldn't Open Sysfs - /sys/power/cstate_control
08-30 15:11:08.743  3927  3954 I HYPER-HAL: [ResourceManager.cpp]updateResource(): [CPUMinFreq] UpdateResource Request ID : 9537546    Value : 1560000
08-30 15:11:08.743  5589  5589 E pageboostd: Received HALT command code 2
08-30 15:11:08.743  3927  3954 I HYPER-HAL: [RequestManager.cpp]acquire(): Acquired ID : 9541915  [4349 / 19]    HINT :      list :
08-30 15:11:08.744  3927  3954 E HYPER-HAL: [Request.cpp]acquire(): Request:: id : 9541915, No Resource to set
08-30 15:11:08.744  3927  3954 E HYPER-HAL: [HandlerSysfs.cpp]doResourceHandling(): Couldn't Open Sysfs - /sys/power/cstate_control
08-30 15:11:08.744  3927  3954 I HYPER-HAL: [ResourceManager.cpp]removeResource(): [CPUMinFreq] RemoveResource Request ID : 9528811
08-30 15:11:08.744  3927  3954 I HYPER-HAL: [RequestManager.cpp]releaseLocked(): Released ID : 9528811
08-30 15:11:08.747  4349  7427 I SurfaceControl: nativeRelease nativeObject s[476023400736]
08-30 15:11:08.747  4349  7427 I SurfaceControl: nativeRelease nativeObject e[476023400736]
08-30 15:11:08.747  3976  5385 I Layer   : id=37968 removeFromCurrentState com.example.dogglers/com.example.dogglers.HorizontalListActivity$_23627#0 (100)
08-30 15:11:08.757  4349  5464 I InputDispatcher: Focus entered window (23627): 8ac777  in display 0 0
08-30 15:11:08.757  3976  5385 I SurfaceFlinger: id=37968 Removed com.example.dogglers/com.example.dogglers.HorizontalListActivity$_23627#0 (100)
08-30 15:11:08.760 23627 23627 I SurfaceControl: nativeRelease nativeObject s[476571792640]
08-30 15:11:08.760 23627 23627 I SurfaceControl: nativeRelease nativeObject e[476571792640]
08-30 15:11:08.760 23627 23627 I SurfaceControl: nativeRelease nativeObject s[476571787744]
08-30 15:11:08.760 23627 23627 I SurfaceControl: nativeRelease nativeObject e[476571787744]
08-30 15:11:08.760 23627 23627 I SurfaceControl: nativeRelease nativeObject s[478247332672]
08-30 15:11:08.760 23627 23627 I SurfaceControl: nativeRelease nativeObject e[478247332672]
08-30 15:11:08.760  3976  5385 I SurfaceFlinger: id=37982 Removed Surface(name=b07ecc5 NavigationBar0)/@0xa8376fc - animation-leash#0 (100)
08-30 15:11:08.760  3976  4001 I SurfaceFlinger: id=37981 Removed Surface(name=1096c8d StatusBar)/@0xeaf4dd0 - animation-leash#1 (100)
08-30 15:11:08.761  3976  3976 D SurfaceFlinger: Display 0 HWC layers:
08-30 15:11:08.761  3976  3976 D SurfaceFlinger:      DEVICE | 0x74f0414f80 | 0002 | RGBA_8888    |    0.0    0.0  720.0 1560.0 |    0    0  720 1560 | com.example.dogglers/androidx.test.c[...]tivityInvoker$EmptyActivity$_23627#1
08-30 15:11:08.761  3976  3976 D SurfaceFlinger:      DEVICE | 0x75743a6fc0 | 0000 | RGBA_8888    |    0.0    0.0  720.0   53.0 |    0    0  720   53 | StatusBar$_4708#0
08-30 15:11:08.761  3976  3976 D SurfaceFlinger:      DEVICE | 0x74d157fa00 | 0000 | RGBA_8888    |    0.0    0.0   67.0  232.0 |  653  151  720  383 | com.samsung.android.app.cocktailbars[...]rservice.CocktailBarService$_14146#0
08-30 15:11:08.761  3976  3976 D SurfaceFlinger:      DEVICE | 0x75743a7380 | 0000 | RGBA_8888    |    0.0    0.0  720.0   84.0 |    0 1476  720 1560 | NavigationBar0$_4708#0
08-30 15:11:08.761  3976  3976 D SurfaceFlinger:      DEVICE | 0x74f0413e00 | 0000 | RGBA_8888    |    0.0    0.0  720.0  101.0 |    0    0  720  101 | ScreenDecorOverlay$_4708#0
08-30 15:11:08.761  3976  3976 D SurfaceFlinger:      DEVICE | 0x75743a7b00 | 0000 | RGBA_8888    |    0.0    0.0  720.0  101.0 |    0 1459  720 1560 | ScreenDecorOverlayBottom$_4708#0
08-30 15:11:08.761  3976  3976 D SurfaceFlinger:
08-30 15:11:08.763 23627 23627 I ViewRootImpl@e4f9ed1[InstrumentationActivityInvoker$EmptyActivity]: MSG_WINDOW_FOCUS_CHANGED 1 1
08-30 15:11:08.763 23627 23627 D InputMethodManager: prepareNavigationBarInfo() DecorView@8f6846a[InstrumentationActivityInvoker$EmptyActivity]
08-30 15:11:08.763 23627 23627 D InputMethodManager: getNavigationBarColor() -16711423
08-30 15:11:08.764 23627 23627 D InputMethodManager: prepareNavigationBarInfo() DecorView@8f6846a[InstrumentationActivityInvoker$EmptyActivity]
08-30 15:11:08.764 23627 23627 D InputMethodManager: getNavigationBarColor() -16711423
08-30 15:11:08.764 23627 23627 V InputMethodManager: Starting input: tba=com.example.dogglers ic=null mNaviBarColor -16711423 mIsGetNaviBarColorSuccess true , NavVisible : true , NavTrans : false
08-30 15:11:08.764 23627 23627 D InputMethodManager: startInputInner - Id : 0
08-30 15:11:08.765 23627 23627 I InputMethodManager: startInputInner - mService.startInputOrWindowGainedFocus
08-30 15:11:08.765  4349  5464 D InputMethodManagerService: mSecureKeypadEnabled = false
08-30 15:11:08.766  4349  5464 V InputMethodManagerService: hideCurrentInputLocked : shouldHideSoftInput is false
08-30 15:11:08.766  4349  5464 D InputMethodManagerService: mDesktopModeManager null!
08-30 15:11:08.766  4349  5464 V InputMethodManagerService: getDisplayIdOfInputMethodWindowToBeAdded : 0
08-30 15:11:08.766  4349  5464 D InputMethodManagerService: checkDisplayOfStartInputAndUpdateKeyboard display Id 0last 0
08-30 15:11:08.766  4349  5464 D InputTransport: Input channel constructed: 'ClientS', fd=779
08-30 15:11:08.766  4349  5464 D InputTransport: Input channel destroyed: 'ClientS', fd=779
08-30 15:11:08.767 23627 23627 D InputTransport: Input channel constructed: 'ClientS', fd=92
08-30 15:11:08.767 23627 23627 D InputTransport: Input channel destroyed: 'ClientS', fd=101
08-30 15:11:08.767  4349  5464 I SurfaceControl: nativeRelease nativeObject s[476008572192]
08-30 15:11:08.767  4349  5464 I SurfaceControl: nativeRelease nativeObject e[476008572192]
08-30 15:11:08.768  3976  4001 I SurfaceFlinger: id=37989 createSurf (0x0),-1 flag=24004, Surface(name=749d536 InputMethod)/@0x72f94d3 - animation-leash#1
08-30 15:11:08.769  7475  7475 I HBD     : HoneyBoardService onFinishInput
08-30 15:11:08.769  7475  7475 I HBD     : a IC have been unbinded,  InputConnectionWrapper{idHash=#90f863f mMissingMethods=}
08-30 15:11:08.769  7475  7475 I HBD     : HoneyBoardService [PF_CL][onFinishInput]  355807 ns
08-30 15:11:08.769  7475  7475 I HBD     : HoneyBoardService [IMI] onStartInput - caller pid : 23627 , caller uid : 10429
08-30 15:11:08.769  7475  7475 I HBD     : i updateConfigs
08-30 15:11:08.770  7475  7475 I HBD     : i isEnabledNightMode : true
08-30 15:11:08.770  7475  7475 I HBD     : a IC have been binded, InputConnectionWrapper{idHash=#90f863f mMissingMethods=}
08-30 15:11:08.770  7475  7475 I HBD     : h [EditorInputType]setPrivateImeOptionsToTable privateImeOptions ( null )
08-30 15:11:08.770  7475  7475 I HBD     : b incognitoMode : false
08-30 15:11:08.770  7475  7475 I HBD     : a needOff = true , isForceOff = false, isNullInputClass : true
08-30 15:11:08.770  7475  7475 I HBD     : h getDefaultInputRange : UNKNOWN
08-30 15:11:08.770  7475  7475 I HBD     : h getDefaultInputRange : UNKNOWN
08-30 15:11:08.770  7475  7475 I HBD     : h getDefaultInputRange : UNKNOWN
08-30 15:11:08.771  4349  7427 D SdpManagerService: Not an enterprise user : 0
08-30 15:11:08.771  4349  7427 D SdpManagerService: Not an enterprise user : 0
08-30 15:11:08.772  7475  7475 I HBD     : h getDefaultInputRange : UNKNOWN
08-30 15:11:08.773  7475  7475 I HBD     : a currentState : 0
08-30 15:11:08.773  3976  3976 I Layer   : id=37968[1] Destroyed com.example.dogglers/com.example.dogglers.HorizontalListActivity$_23627#0
08-30 15:11:08.773  3976  3976 I Layer   : id=37981[1] Destroyed Surface(name=1096c8d StatusBar)/@0xeaf4dd0 - animation-leash#1
08-30 15:11:08.773  3976  3976 I Layer   : id=37982[1] Destroyed Surface(name=b07ecc5 NavigationBar0)/@0xa8376fc - animation-leash#0
08-30 15:11:08.774  3976  5385 I Layer   : id=37984 removeFromCurrentState Surface(name=749d536 InputMethod)/@0x72f94d3 - animation-leash#0 (98)
08-30 15:11:08.774  3976  5385 E BufferQueueProducer: [com.example.dogglers/androidx.test.core.app.InstrumentationActivityInvoker$EmptyActivity$_23627#0](id:f880000339d,api:0,p:-1,c:3976) disconnect: not connected (req=1)
08-30 15:11:08.775 23627 23685 W libEGL  : EGLNativeWindowType 0x6f4fc70010 disconnect failed
08-30 15:11:08.776  4349  7427 V WindowManager: Relayout Window{bb7add8 u0 com.example.dogglers/androidx.test.core.app.InstrumentationActivityInvoker$EmptyActivity}: viewVisibility=8 req=720x1560
08-30 15:11:08.776  7475  7475 I HBD     : h load selected json info : {"version":"1.0","currentLanguageOrder":2,"selected":[{"activeOptionList":["auto_replace","spell_check","auto_spacing"],"engName":"Russian","id":3342336,"inputType":"qwerty","isUsed":true},{"activeOptionList":["auto_replace","spell_check","auto_spacing"],"engName":"English","id":65537,"inputType":"qwerty","isUsed":true},{"activeOptionList":["auto_replace","spell_check","auto_spacing"],"engName":"Ukrainian","id":4456448,"inputType":"qwerty","isUsed":true}]}
08-30 15:11:08.778  7475  7475 I HBD     : a [UpdatePolicy] [post] a: 0 cl: 4456448 kit: [0/0] vt: 0 ir: 1
08-30 15:11:08.779  7475  7475 I HBD     : HoneyBoardService [PF_OP][onStartInput]  9481654 ns
08-30 15:11:08.779  4349  7427 V WindowManager: Relayout hash=bb7add8, pid=23627: mAttrs={(0,0)(fillxfill) sim={adjust=pan forwardNavigation} ty=BASE_APPLICATION wanim=0x1030001
08-30 15:11:08.779  4349  7427 V WindowManager:   fl=1810100
08-30 15:11:08.779  4349  7427 V WindowManager:   pfl=12020000
08-30 15:11:08.779  4349  7427 V WindowManager:   fitSides= naviIconColor=0}
08-30 15:11:08.780 23627 23627 I SurfaceControl: nativeRelease nativeObject s[478080207712]
08-30 15:11:08.780 23627 23627 I SurfaceControl: nativeRelease nativeObject e[478080207712]
08-30 15:11:08.781 23627 23627 I SurfaceControl: assignNativeObject: nativeObject = 0 Surface(name=null)/@0x7bf36c2 / android.view.SurfaceControl.readFromParcel:1117 android.view.IWindowSession$Stub$Proxy.relayout:1826 android.view.ViewRootImpl.relayoutWindow:9005 android.view.ViewRootImpl.performTraversals:3360 android.view.ViewRootImpl.doTraversal:2618 android.view.ViewRootImpl$TraversalRunnable.run:9971 android.view.Choreographer$CallbackRecord.run:1010 android.view.Choreographer.doCallbacks:809 android.view.Choreographer.doFrame:744 android.view.Choreographer$FrameDisplayEventReceiver.run:995
08-30 15:11:08.782 23627 23627 I SurfaceControl: assignNativeObject: nativeObject = 0 Surface(name=null)/@0x9da1b61 / android.view.SurfaceControl.readFromParcel:1117 android.view.IWindowSession$Stub$Proxy.relayout:1836 android.view.ViewRootImpl.relayoutWindow:9005 android.view.ViewRootImpl.performTraversals:3360 android.view.ViewRootImpl.doTraversal:2618 android.view.ViewRootImpl$TraversalRunnable.run:9971 android.view.Choreographer$CallbackRecord.run:1010 android.view.Choreographer.doCallbacks:809 android.view.Choreographer.doFrame:744 android.view.Choreographer$FrameDisplayEventReceiver.run:995
08-30 15:11:08.782 23627 23627 I SurfaceControl: nativeRelease nativeObject s[476571792736]
08-30 15:11:08.782 23627 23627 I SurfaceControl: nativeRelease nativeObject e[476571792736]
08-30 15:11:08.782  3976  5385 I SurfaceFlinger: id=37984 Removed Surface(name=749d536 InputMethod)/@0x72f94d3 - animation-leash#0 (98)
08-30 15:11:08.783 23627 23627 I ViewRootImpl@dbf7ec8[InstrumentationActivityInvoker$EmptyActivity]: Relayout returned: old=(0,0,720,1560) new=(0,0,720,1560) req=(720,1560)8 dur=7 res=0x5 s={false 0} ch=true fn=2
08-30 15:11:08.789  3976  3976 I Layer   : id=37984[1] Destroyed Surface(name=749d536 InputMethod)/@0x72f94d3 - animation-leash#0
08-30 15:11:08.796  4349  5464 D SamsungIMMSHWKeyboard: isConnectedDexOnPC false
08-30 15:11:08.796  4349  5464 D InputMethodManagerService: isImeSwitcherDisabledPackage : false
08-30 15:11:08.796 23627 23627 I SurfaceControl: nativeRelease nativeObject s[478247332000]
08-30 15:11:08.796 23627 23627 I SurfaceControl: nativeRelease nativeObject e[478247332000]
08-30 15:11:08.796 23627 23627 I SurfaceControl: nativeRelease nativeObject s[478247330656]
08-30 15:11:08.796 23627 23627 I SurfaceControl: nativeRelease nativeObject e[478247330656]
08-30 15:11:08.797 23627 23627 I ViewRootImpl@dbf7ec8[InstrumentationActivityInvoker$EmptyActivity]: stopped(true) old=false
08-30 15:11:08.798 23627 23627 D LifecycleMonitor: Lifecycle status change: androidx.test.core.app.InstrumentationActivityInvoker$EmptyActivity@73ae14f in: STOPPED
08-30 15:11:08.799 23627 23627 V ActivityScenario: Activity lifecycle changed event received but ignored because the intent does not match. startActivityIntent=Intent { act=android.intent.action.MAIN cat=[android.intent.category.LAUNCHER] cmp=com.example.dogglers/.MainActivity }, activity.getIntent()=Intent { act=android.intent.action.MAIN cat=[android.intent.category.LAUNCHER] flg=0x10000000 cmp=com.example.dogglers/androidx.test.core.app.InstrumentationActivityInvoker$EmptyActivity }, activity=androidx.test.core.app.InstrumentationActivityInvoker$EmptyActivity@73ae14f
08-30 15:11:08.801 23627 23627 D LifecycleMonitor: Lifecycle status change: androidx.test.core.app.InstrumentationActivityInvoker$EmptyActivity@73ae14f in: DESTROYED
08-30 15:11:08.802 23627 23627 V ActivityScenario: Activity lifecycle changed event received but ignored because the intent does not match. startActivityIntent=Intent { act=android.intent.action.MAIN cat=[android.intent.category.LAUNCHER] cmp=com.example.dogglers/.MainActivity }, activity.getIntent()=Intent { act=android.intent.action.MAIN cat=[android.intent.category.LAUNCHER] flg=0x10000000 cmp=com.example.dogglers/androidx.test.core.app.InstrumentationActivityInvoker$EmptyActivity }, activity=androidx.test.core.app.InstrumentationActivityInvoker$EmptyActivity@73ae14f
08-30 15:11:08.803 23627 23627 I ViewRootImpl@dbf7ec8[InstrumentationActivityInvoker$EmptyActivity]: dispatchDetachedFromWindow
08-30 15:11:08.803  4349  7427 D InputTransport: Input channel destroyed: 'bb7add8', fd=772
08-30 15:11:08.803  4349  7427 I SurfaceControl: nativeRelease nativeObject s[476021493312]
08-30 15:11:08.803  4349  7427 I SurfaceControl: nativeRelease nativeObject e[476021493312]
08-30 15:11:08.803  4349  7427 D WindowManager: isScreenshotDisabledLocked - win: Window{bb7add8 u0 com.example.dogglers/androidx.test.core.app.InstrumentationActivityInvoker$EmptyActivity}
08-30 15:11:08.803  4349  7427 D WindowManager: isScreenshotDisabledLocked: userId = 0, disabled =false
08-30 15:11:08.804  4349  7427 I SurfaceControl: nativeRelease nativeObject s[476022452544]
