08-30 15:11:26.241  4349  5464 V WindowManager: Relayout hash=b49dc7f, pid=5135: mAttrs={(0,0)(fillxfill) sim={adjust=nothing} layoutInDisplayCutoutMode=shortEdges ty=BASE_APPLICATION fmt=TRANSPARENT wanim=0x10302f2
08-30 15:11:26.241  4349  5464 V WindowManager:   fl=81910100
08-30 15:11:26.241  4349  5464 V WindowManager:   pfl=16020000
08-30 15:11:26.241  4349  5464 V WindowManager:   vsysui=1700
08-30 15:11:26.241  4349  5464 V WindowManager:   bhv=SHOW_TRANSIENT_BARS_BY_SWIPE
08-30 15:11:26.241  4349  5464 V WindowManager:   fitSides= naviIconColor=0}
08-30 15:11:26.242  5135  5135 I SurfaceControl: nativeRelease nativeObject s[478247337952]
08-30 15:11:26.242  5135  5135 I SurfaceControl: nativeRelease nativeObject e[478247337952]
08-30 15:11:26.242  5135  5135 I SurfaceControl: assignNativeObject: nativeObject = 0 Surface(name=null)/@0xd6fa7c2 / android.view.SurfaceControl.readFromParcel:1117 android.view.IWindowSession$Stub$Proxy.relayout:1826 android.view.ViewRootImpl.relayoutWindow:9005 android.view.ViewRootImpl.performTraversals:3360 android.view.ViewRootImpl.doTraversal:2618 android.view.ViewRootImpl$TraversalRunnable.run:9971 android.view.Choreographer$CallbackRecord.run:1010 android.view.Choreographer.doCallbacks:809 android.view.Choreographer.doFrame:744 android.view.Choreographer$FrameDisplayEventReceiver.run:995
08-30 15:11:26.243  5135  5135 I SurfaceControl: assignNativeObject: nativeObject = 0 Surface(name=null)/@0xe42a745 / android.view.SurfaceControl.readFromParcel:1117 android.view.IWindowSession$Stub$Proxy.relayout:1836 android.view.ViewRootImpl.relayoutWindow:9005 android.view.ViewRootImpl.performTraversals:3360 android.view.ViewRootImpl.doTraversal:2618 android.view.ViewRootImpl$TraversalRunnable.run:9971 android.view.Choreographer$CallbackRecord.run:1010 android.view.Choreographer.doCallbacks:809 android.view.Choreographer.doFrame:744 android.view.Choreographer$FrameDisplayEventReceiver.run:995
08-30 15:11:26.243  4708  4881 D NetworkController.SecMobileSignalController(0/2): onSignalStrengthsChanged level=2
08-30 15:11:26.244  4708  4881 D MobileSignalIconsSelector: getDataIconGroup(): 13
08-30 15:11:26.244  4708  4881 D MobileSignalIconsSelector: getDataIconGroup(): connected=true,enabled=true,level=0,inetCondition=1,dataIconGroup=DataIconGroup(4G),activityIn=false,activityOut=false,lastModified=08-30 15:11:26.244,dataSim=true,networkName=Vodafone UA,networkNameData=Vodafone UA,dataConnected=false,roaming=false,isDefault=false,isEmergency=false,airplaneMode=false,carrierNetworkChangeMode=false,userSetup=true,defaultDataOff=false,cdmaEriIconIndex=-1,cdmaEriIconMode=-1,callState=0,voWifiConnected=false,shouldShowDisabledDataIcon=false,bluetoothTethered=false,isLTEFemtoCell=false,cardOperator=OTHERS,optionalRadioTech=0,isCAIndicator=false,isLimitedStateForCTCSlaveVoLTE=false,isSWRoaming=false,isMobileDataSettingEnabled=false,nwBoosterRilEnabled=false,nwBoosterSettingEnabled=false,emergencyModeActivated=false,ismmW5G=false,slotId=0,simState=LOADED,isDefaultDataSlot=true, iconSet = [I@4a17707
08-30 15:11:26.244  4708  4708 D StatusbarSignalPolicy: setMobileDataIndicators state = MobileIconState(subId=2, strengthId=2131233573, roaming=false, typeId=0, visible=true, activityId=0, roamingId=0, slotId=0)
08-30 15:11:26.247  5135  5135 I ViewRootImpl@fbf3973[LauncherActivity]: Relayout returned: old=(0,0,720,1560) new=(0,0,720,1560) req=(720,1560)8 dur=7 res=0x5 s={false 0} ch=true fn=19
08-30 15:11:26.248  5135  5135 I ViewRootImpl@fbf3973[LauncherActivity]: stopped(true) old=false
08-30 15:11:26.248  5135  5135 I StateManager: goToState isInState Normal
08-30 15:11:26.251  5135  5135 W LauncherAppWidgetHost: setListenIfResumed, mFlags = 7
08-30 15:11:26.251  4349  6765 I AppWidgetServiceImpl: stopListening callbacks : null
08-30 15:11:26.252  5135  5135 W Launcher.NotificationListener: removeNotificationsChangedListener
08-30 15:11:26.252  5135  5135 I BadgeCountUpdaterImpl: onNotificationsChangedDisConnected
08-30 15:11:26.252  5135  5135 I Launcher.NotificationListener: unregisterObserver, this is not notificationService!!
08-30 15:11:26.253  5135  5135 I LiveIconUpdateEventHandler: cancelMinuteChangeAlarm
08-30 15:11:26.255 12736 12736 I dnxg    : onPause
08-30 15:11:26.257  5135  5135 I LiveIconUpdateEventHandler: cancelDateChangeAlarm
08-30 15:11:26.260  5135  5135 I LiveIconUpdateEventHandler: unregisterReceiver
08-30 15:11:26.265  4349  5108 I SurfaceControl: nativeRelease nativeObject s[476017807552]
08-30 15:11:26.265  4349  5108 I SurfaceControl: nativeRelease nativeObject e[476017807552]
08-30 15:11:26.266  3976  6075 I Layer   : id=38409 removeFromCurrentState com.sec.android.app.launcher/com.sec.android.app.launcher.activities.LauncherActivity$_5135#0 (93)
08-30 15:11:26.269  3976  6075 I SurfaceFlinger: id=38409 Removed com.sec.android.app.launcher/com.sec.android.app.launcher.activities.LauncherActivity$_5135#0 (93)
08-30 15:11:26.270  4349  4369 D SehCodecSolutionService: Update top [com.example.dogglers]
08-30 15:11:26.277  4349  5464 D InputDispatcher: Inject motion (23627): action=0x1, time=302818084000000, f=0x0, d=0
08-30 15:11:26.277  4349  4492 I InputDispatcher: Delivering touch to (23627): action: 0x1, f=0x1, d=0, '3069283', t=0
08-30 15:11:26.278  3976  3976 I Layer   : id=38409[1] Destroyed com.sec.android.app.launcher/com.sec.android.app.launcher.activities.LauncherActivity$_5135#0
08-30 15:11:26.278  5135  5135 W TouchInteractionService: reset
08-30 15:11:26.279 23627 23627 I ViewRootImpl@dbcc64d[HorizontalListActivity]: ViewPostIme pointer 1
08-30 15:11:26.280  4349  4349 I SemDvfsHyPerManager: acquire hyper - GESTURE_DETECTED/4349@31, type = -999
08-30 15:11:26.280  3927  3954 I HYPER-HAL: [RequestManager.cpp]acquire(): Acquired ID : 9594421  [4349 / 31]    HINT : GESTURE_DETECTED    list : [TIMEOUT / 956]
08-30 15:11:26.280  4349  4349 I SemDvfsHyPerManager: acquire hyper - GESTURE_DETECTED/4349@31, type = -999
08-30 15:11:26.281  3927  3954 I HYPER-HAL: [ResourceManager.cpp]updateResource(): [CPUMinFreq] UpdateResource Request ID : 9594421    Value : 936000
08-30 15:11:26.281  3927  3954 I HYPER-HAL: [RequestManager.cpp]acquire(): Acquired ID : 9594421  [4349 / 31]    HINT : GESTURE_DETECTED    list : [TIMEOUT / 956]
08-30 15:11:26.281  3927  3954 I HYPER-HAL: [ResourceManager.cpp]updateResource(): [CPUMinFreq] UpdateResource Request ID : 9594421    Value : 936000
08-30 15:11:26.319 14146 14146 I Utils   : isCurrentUser current = 0, ownerId = 0
08-30 15:11:26.320 14146 14146 I TrayVisibilityController: getComputedTrayVisible : keyguardState = 1
08-30 15:11:26.320 14146 14146 I TrayVisibilityController: updateTrayVisible: State=1 visible=1 mCurrentVisible=1 specificMode=0
08-30 15:11:26.320 14146 14146 I TrayStateController: onNotifyUpdateTray: 0 to need to visible? true
08-30 15:11:26.357 23627 23627 I ViewInteraction: Checking 'MatchesViewAssertion{viewMatcher=(view has effective visibility <VISIBLE> and view.getGlobalVisibleRect() to return non-empty rectangle)}' assertion on view an instance of android.widget.TextView and view.getText() with or without transformation to match: is "Frankie"
08-30 15:11:26.367  4349  5464 I SemDvfsHyPerManager: acquire hyper - AMS_ACT_START/4349@16, type = -999
08-30 15:11:26.367  3927  3954 I HYPER-HAL: [RequestManager.cpp]acquire(): Acquired ID : 9528811  [4349 / 16]    HINT : AMS_ACT_START    list :
08-30 15:11:26.368  3927  3954 E HYPER-HAL: [HandlerSysfs.cpp]doResourceHandling(): Couldn't Open Sysfs - /sys/power/cstate_control
08-30 15:11:26.368  3927  3954 I HYPER-HAL: [ResourceManager.cpp]updateResource(): [CPUMinFreq] UpdateResource Request ID : 9528811    Value : 1560000
08-30 15:11:26.368  3976  6075 I SurfaceFlinger: id=38432 createSurf (0x0),-1 flag=80004, ActivityRecord{6a65aa7 u0 com.example.dogglers/androidx.test.core.app.InstrumentationActivityInvoker$EmptyActivity t1420}#0
08-30 15:11:26.372  3881  3886 E statsd  : Predicate -7037417284711607308 dropping data for dimension key (10)0x2010101->10429[I] (10)0x30000->*launch*[S]
08-30 15:11:26.378 23627 23627 D LifecycleMonitor: Lifecycle status change: com.example.dogglers.HorizontalListActivity@6051369 in: PAUSED
08-30 15:11:26.379 23627 23627 V ActivityScenario: Update currentActivityStage to PAUSED, currentActivity=com.example.dogglers.HorizontalListActivity@6051369
08-30 15:11:26.384  4349  6765 V WindowOrientationListener: getProposedRotation: -1
08-30 15:11:26.384  4349  6765 V WindowOrientationListener: getProposedRotation: -1
08-30 15:11:26.386  4349  6765 V WindowOrientationListener: getProposedRotation: -1
08-30 15:11:26.388  4349  6765 D InputDispatcher: Focused application set to (0): 6a65aa7
08-30 15:11:26.404  4349  4371 I SemPersonaManager: SecureFolder personaId = 150
08-30 15:11:26.405 23627 23627 D LifecycleMonitor: Lifecycle status change: androidx.test.core.app.InstrumentationActivityInvoker$EmptyActivity@4beaef8 in: PRE_ON_CREATE
08-30 15:11:26.406 23627 23627 V ActivityScenario: Activity lifecycle changed event received but ignored because the intent does not match. startActivityIntent=Intent { act=android.intent.action.MAIN cat=[android.intent.category.LAUNCHER] cmp=com.example.dogglers/.HorizontalListActivity }, activity.getIntent()=Intent { act=android.intent.action.MAIN cat=[android.intent.category.LAUNCHER] flg=0x10000000 cmp=com.example.dogglers/androidx.test.core.app.InstrumentationActivityInvoker$EmptyActivity }, activity=androidx.test.core.app.InstrumentationActivityInvoker$EmptyActivity@4beaef8
08-30 15:11:26.412  4349  4632 I AutoWifiController: set Geofence ENTER
08-30 15:11:26.412  4349  6765 I InputDispatcher: Focus left window (23627): 3069283 in display 0 0
08-30 15:11:26.446  4349  4371 D EnterpriseDeviceManagerService: isMdmAdminPresentInternal() : MDM Admin Found - com.samsung.knox.securefolder
08-30 15:11:26.457 23627 23627 I DecorView: [INFO] isPopOver=false, config=true
08-30 15:11:26.457 23627 23627 I DecorView: updateCaptionType >> DecorView@4430a36[], isFloating=false, isApplication=true, hasWindowDecorCaption=false, hasWindowControllerCallback=true
08-30 15:11:26.457 23627 23627 D DecorView: setCaptionType = 0, this = DecorView@4430a36[]
08-30 15:11:26.461 23627 23627 D LifecycleMonitor: Lifecycle status change: androidx.test.core.app.InstrumentationActivityInvoker$EmptyActivity@4beaef8 in: CREATED
08-30 15:11:26.461 23627 23627 V ActivityScenario: Activity lifecycle changed event received but ignored because the intent does not match. startActivityIntent=Intent { act=android.intent.action.MAIN cat=[android.intent.category.LAUNCHER] cmp=com.example.dogglers/.HorizontalListActivity }, activity.getIntent()=Intent { act=android.intent.action.MAIN cat=[android.intent.category.LAUNCHER] flg=0x10000000 cmp=com.example.dogglers/androidx.test.core.app.InstrumentationActivityInvoker$EmptyActivity }, activity=androidx.test.core.app.InstrumentationActivityInvoker$EmptyActivity@4beaef8
08-30 15:11:26.464 23627 23627 D LifecycleMonitor: Lifecycle status change: androidx.test.core.app.InstrumentationActivityInvoker$EmptyActivity@4beaef8 in: STARTED
08-30 15:11:26.464 23627 23627 V ActivityScenario: Activity lifecycle changed event received but ignored because the intent does not match. startActivityIntent=Intent { act=android.intent.action.MAIN cat=[android.intent.category.LAUNCHER] cmp=com.example.dogglers/.HorizontalListActivity }, activity.getIntent()=Intent { act=android.intent.action.MAIN cat=[android.intent.category.LAUNCHER] flg=0x10000000 cmp=com.example.dogglers/androidx.test.core.app.InstrumentationActivityInvoker$EmptyActivity }, activity=androidx.test.core.app.InstrumentationActivityInvoker$EmptyActivity@4beaef8
08-30 15:11:26.466 23627 23627 D LifecycleMonitor: Lifecycle status change: androidx.test.core.app.InstrumentationActivityInvoker$EmptyActivity@4beaef8 in: RESUMED
08-30 15:11:26.467 23627 23627 V ActivityScenario: Activity lifecycle changed event received but ignored because the intent does not match. startActivityIntent=Intent { act=android.intent.action.MAIN cat=[android.intent.category.LAUNCHER] cmp=com.example.dogglers/.HorizontalListActivity }, activity.getIntent()=Intent { act=android.intent.action.MAIN cat=[android.intent.category.LAUNCHER] flg=0x10000000 cmp=com.example.dogglers/androidx.test.core.app.InstrumentationActivityInvoker$EmptyActivity }, activity=androidx.test.core.app.InstrumentationActivityInvoker$EmptyActivity@4beaef8
08-30 15:11:26.471  4349  5108 D InputTransport: Input channel constructed: '3ff31 c', fd=756
08-30 15:11:26.471  4349  5108 D InputTransport: Input channel constructed: '3ff31 c', fd=760
08-30 15:11:26.472  3976  4001 I SurfaceFlinger: id=38433 createSurf (0x0),-1 flag=80004, 3ff31 com.example.dogglers/androidx.test.core.app.InstrumentationActivityInvoker$EmptyActivity#0
08-30 15:11:26.473  4349  5108 D WindowManager: isScreenshotDisabledLocked - win: Window{3ff31 u0 com.example.dogglers/androidx.test.core.app.InstrumentationActivityInvoker$EmptyActivity}
08-30 15:11:26.473  4349  5108 D WindowManager: isScreenshotDisabledLocked: userId = 0, disabled =false
08-30 15:11:26.473  4349  5108 D InputTransport: Input channel destroyed: '3ff31 c', fd=760
08-30 15:11:26.474 23627 23627 D InputTransport: Input channel constructed: '3ff31 c', fd=92
08-30 15:11:26.475 23627 23627 I ViewRootImpl@248080d[InstrumentationActivityInvoker$EmptyActivity]: setView = com.android.internal.policy.DecorView@4430a36 TM=true
08-30 15:11:26.482  4349  5108 V WindowManager: Relayout Window{3ff31 u0 com.example.dogglers/androidx.test.core.app.InstrumentationActivityInvoker$EmptyActivity}: viewVisibility=0 req=720x1560
08-30 15:11:26.484  4349  5108 D WindowManager: isScreenshotDisabledLocked - win: Window{3ff31 u0 com.example.dogglers/androidx.test.core.app.InstrumentationActivityInvoker$EmptyActivity}
08-30 15:11:26.484  4349  5108 D WindowManager: isScreenshotDisabledLocked: userId = 0, disabled =false
08-30 15:11:26.485  3976  4001 I SurfaceFlinger: id=38434 createSurf (720x1560),1 flag=404, com.example.dogglers/androidx.test.core.app.InstrumentationActivityInvoker$EmptyActivity$_23627#0
08-30 15:11:26.488  4349  5108 I SurfaceControl: nativeRelease nativeObject s[477997773952]
08-30 15:11:26.488  4349  5108 I SurfaceControl: nativeRelease nativeObject e[477997773952]
08-30 15:11:26.488 14146 14146 I TrayStateController: systemUiVisibilityChanged : 0 0
08-30 15:11:26.488  3976  6075 I SurfaceFlinger: id=38435 createSurf (0x0),-1 flag=24000, Surface(name=1096c8d StatusBar)/@0xeaf4dd0 - animation-leash#1
08-30 15:11:26.489  4349  5108 I SurfaceControl: nativeRelease nativeObject s[477997777120]
08-30 15:11:26.489  4349  5108 I SurfaceControl: nativeRelease nativeObject e[477997777120]
08-30 15:11:26.489  3976  6075 I SurfaceFlinger: id=38436 createSurf (0x0),-1 flag=24000, Surface(name=b07ecc5 NavigationBar0)/@0xa8376fc - animation-leash#0
08-30 15:11:26.491  4349  5108 V WindowManager: Relayout hash=3ff31, pid=23627: mAttrs={(0,0)(fillxfill) sim={adjust=pan forwardNavigation} ty=BASE_APPLICATION wanim=0x1030001
08-30 15:11:26.491  4349  5108 V WindowManager:   fl=1810100
08-30 15:11:26.491  4349  5108 V WindowManager:   pfl=12020000
08-30 15:11:26.491  4349  5108 V WindowManager:   fitSides= naviIconColor=0}
08-30 15:11:26.492  4349  5108 I SurfaceControl: nativeRelease nativeObject s[476017807552]
08-30 15:11:26.492  4349  5108 I SurfaceControl: nativeRelease nativeObject e[476017807552]
08-30 15:11:26.493 23627 23627 I SurfaceControl: assignNativeObject: nativeObject = 0 Surface(name=null)/@0x22d93c2 / android.view.SurfaceControl.readFromParcel:1117 android.view.IWindowSession$Stub$Proxy.relayout:1836 android.view.ViewRootImpl.relayoutWindow:9005 android.view.ViewRootImpl.performTraversals:3360 android.view.ViewRootImpl.doTraversal:2618 android.view.ViewRootImpl$TraversalRunnable.run:9971 android.view.Choreographer$CallbackRecord.run:1010 android.view.Choreographer.doCallbacks:809 android.view.Choreographer.doFrame:744 android.view.Choreographer$FrameDisplayEventReceiver.run:995
08-30 15:11:26.495 23627 23627 I ViewRootImpl@248080d[InstrumentationActivityInvoker$EmptyActivity]: Relayout returned: old=(0,0,720,1560) new=(0,0,720,1560) req=(720,1560)0 dur=12 res=0x7 s={true 478211391488} ch=true fn=-1
08-30 15:11:26.495  3976  4001 I Layer   : id=38428 removeFromCurrentState Surface(name=1096c8d StatusBar)/@0xeaf4dd0 - animation-leash#0 (97)
08-30 15:11:26.496  3976  4001 I Layer   : id=38429 removeFromCurrentState Surface(name=b07ecc5 NavigationBar0)/@0xa8376fc - animation-leash#1 (97)
08-30 15:11:26.496  3976  4001 I Layer   : id=25 removeFromCurrentState b07ecc5 NavigationBar0#0 (97)
08-30 15:11:26.496  3976  4001 I Layer   : id=32 removeFromCurrentState NavigationBar0$_4708#0 (97)
08-30 15:11:26.496  3976  4001 I Layer   : id=25 addToCurrentState b07ecc5 NavigationBar0#0 (97)
08-30 15:11:26.496  3976  4001 I Layer   : id=32 addToCurrentState NavigationBar0$_4708#0 (97)
08-30 15:11:26.498 23627 23627 I ViewRootImpl@248080d[InstrumentationActivityInvoker$EmptyActivity]: [DP] dp(1) 1 android.view.ViewRootImpl.reportNextDraw:10957 android.view.ViewRootImpl.performTraversals:3845 android.view.ViewRootImpl.doTraversal:2618
08-30 15:11:26.498 23627 23627 I ViewRootImpl@248080d[InstrumentationActivityInvoker$EmptyActivity]: [DP] pd() Asnyc report
08-30 15:11:26.498  3899  3953 D gralloc : [mali_gralloc_allocate] begin
08-30 15:11:26.499  3899  3953 D gralloc : buffer_descriptor: wh(720 1560) usage_pc(0x40000000000b00 0x40000000000b00) hal_format(0x1) layer_count(1) sizes(0 0 0) strde(0) byte_stride(0) alloc_wh(0 0) internal_format(0x0) alloc_format(0x0) fd_count(1) plane_count(0)
08-30 15:11:26.500  3899  3953 D gralloc : [mali_gralloc_allocate] allocation successful
08-30 15:11:26.501  3899  3953 D gralloc : [mali_gralloc_allocate] begin
08-30 15:11:26.501  3899  3953 D gralloc : buffer_descriptor: wh(720 1560) usage_pc(0x40000000000b00 0x40000000000b00) hal_format(0x1) layer_count(1) sizes(0 0 0) strde(0) byte_stride(0) alloc_wh(0 0) internal_format(0x0) alloc_format(0x0) fd_count(1) plane_count(0)
08-30 15:11:26.501  3899  3953 D gralloc : [mali_gralloc_allocate] allocation successful
08-30 15:11:26.502  3899  3953 D gralloc : [mali_gralloc_allocate] begin
08-30 15:11:26.502  3899  3953 D gralloc : buffer_descriptor: wh(720 1560) usage_pc(0x40000000000b00 0x40000000000b00) hal_format(0x1) layer_count(1) sizes(0 0 0) strde(0) byte_stride(0) alloc_wh(0 0) internal_format(0x0) alloc_format(0x0) fd_count(1) plane_count(0)
08-30 15:11:26.504  3899  3953 D gralloc : [mali_gralloc_allocate] allocation successful
08-30 15:11:26.506 23627 23627 I ViewRootImpl@248080d[InstrumentationActivityInvoker$EmptyActivity]: [DP] pdf(0) 1 android.view.ViewRootImpl.lambda$performDraw$1$ViewRootImpl:4668 android.view.-$$Lambda$ViewRootImpl$DJd0VUYJgsebcnSohO6h8zc_ONI.run:6 android.os.Handler.handleCallback:938
08-30 15:11:26.506 23627 23627 I ViewRootImpl@248080d[InstrumentationActivityInvoker$EmptyActivity]: [DP] rdf()
08-30 15:11:26.509 23627 23627 I ViewRootImpl@dbcc64d[HorizontalListActivity]: MSG_WINDOW_FOCUS_CHANGED 0 1
08-30 15:11:26.511  4349  4372 D PkgPredictorService: pkg:com.example.dogglers activity:androidx.test.core.app.InstrumentationActivityInvoker$EmptyActivity thisTime:146
08-30 15:11:26.512  4349  4372 I SemDvfsHyPerManager: acquire hyper - AMS_RESUME_TAIL/4349@18, type = -999
08-30 15:11:26.512  4349  4376 I ActivityTaskManager: Displayed com.example.dogglers/androidx.test.core.app.InstrumentationActivityInvoker$EmptyActivity: +146ms
08-30 15:11:26.513  4349  4372 I SemDvfsHyPerManager: acquire hyper - AMS_ACT_LAZY/4349@19, type = -999
08-30 15:11:26.513  3927  3954 I HYPER-HAL: [RequestManager.cpp]acquire(): Acquired ID : 9537546  [4349 / 18]    HINT : AMS_RESUME_TAIL    list :
08-30 15:11:26.513  3927  3954 E HYPER-HAL: [HandlerSysfs.cpp]doResourceHandling(): Couldn't Open Sysfs - /sys/power/cstate_control
08-30 15:11:26.513  3927  3954 I HYPER-HAL: [ResourceManager.cpp]updateResource(): [CPUMinFreq] UpdateResource Request ID : 9537546    Value : 1560000
08-30 15:11:26.513  5589  5589 E pageboostd: Received HALT command code 2
08-30 15:11:26.517  3927  3954 I HYPER-HAL: [RequestManager.cpp]acquire(): Acquired ID : 9541915  [4349 / 19]    HINT :      list :
08-30 15:11:26.518 23627 23627 I SurfaceControl: nativeRelease nativeObject s[476571788032]
08-30 15:11:26.518 23627 23627 I SurfaceControl: nativeRelease nativeObject e[476571788032]
08-30 15:11:26.519 23627 23627 I SurfaceControl: nativeRelease nativeObject s[478247332384]
08-30 15:11:26.519 23627 23627 I SurfaceControl: nativeRelease nativeObject e[478247332384]
08-30 15:11:26.519 23627 23627 I SurfaceControl: nativeRelease nativeObject s[478247332288]
08-30 15:11:26.519 23627 23627 I SurfaceControl: nativeRelease nativeObject e[478247332288]
08-30 15:11:26.519  3976  5385 I SurfaceFlinger: id=38429 Removed Surface(name=b07ecc5 NavigationBar0)/@0xa8376fc - animation-leash#1 (97)
08-30 15:11:26.519  3976  5385 I SurfaceFlinger: id=38428 Removed Surface(name=1096c8d StatusBar)/@0xeaf4dd0 - animation-leash#0 (97)
08-30 15:11:26.520  3927  3954 E HYPER-HAL: [Request.cpp]acquire(): Request:: id : 9541915, No Resource to set
08-30 15:11:26.520  3927  3954 E HYPER-HAL: [HandlerSysfs.cpp]doResourceHandling(): Couldn't Open Sysfs - /sys/power/cstate_control
08-30 15:11:26.520  3927  3954 I HYPER-HAL: [ResourceManager.cpp]removeResource(): [CPUMinFreq] RemoveResource Request ID : 9528811
08-30 15:11:26.520  3927  3954 I HYPER-HAL: [RequestManager.cpp]releaseLocked(): Released ID : 9528811
08-30 15:11:26.527  3976  3976 I Layer   : id=38428[1] Destroyed Surface(name=1096c8d StatusBar)/@0xeaf4dd0 - animation-leash#0
08-30 15:11:26.527  3976  3976 I Layer   : id=38429[1] Destroyed Surface(name=b07ecc5 NavigationBar0)/@0xa8376fc - animation-leash#1
08-30 15:11:26.529  4349  5108 I InputDispatcher: Focus entered window (23627): 3ff31 u in display 0 0
08-30 15:11:26.531  3976  6075 E BufferQueueProducer: [com.example.dogglers/com.example.dogglers.HorizontalListActivity$_23627#0](id:f88000033d8,api:0,p:-1,c:3976) disconnect: not connected (req=1)
08-30 15:11:26.531 23627 23685 W libEGL  : EGLNativeWindowType 0x6efcf29010 disconnect failed
08-30 15:11:26.533  3976  3976 D SurfaceFlinger: Display 0 HWC layers:
08-30 15:11:26.533  3976  3976 D SurfaceFlinger:      DEVICE | 0x75743a6d40 | 0002 | RGBA_8888    |    0.0    0.0  720.0 1560.0 |    0    0  720 1560 | com.example.dogglers/androidx.test.c[...]tivityInvoker$EmptyActivity$_23627#0
08-30 15:11:26.533  3976  3976 D SurfaceFlinger:      DEVICE | 0x75743a6fc0 | 0000 | RGBA_8888    |    0.0    0.0  720.0   53.0 |    0    0  720   53 | StatusBar$_4708#0
08-30 15:11:26.533  3976  3976 D SurfaceFlinger:      DEVICE | 0x74d157fa00 | 0000 | RGBA_8888    |    0.0    0.0   67.0  232.0 |  653  151  720  383 | com.samsung.android.app.cocktailbars[...]rservice.CocktailBarService$_14146#0
08-30 15:11:26.533  3976  3976 D SurfaceFlinger:      DEVICE | 0x75743a7380 | 0000 | RGBA_8888    |    0.0    0.0  720.0   84.0 |    0 1476  720 1560 | NavigationBar0$_4708#0
08-30 15:11:26.533  3976  3976 D SurfaceFlinger:      DEVICE | 0x74f0413e00 | 0000 | RGBA_8888    |    0.0    0.0  720.0  101.0 |    0    0  720  101 | ScreenDecorOverlay$_4708#0
08-30 15:11:26.533  3976  3976 D SurfaceFlinger:      DEVICE | 0x75743a7b00 | 0000 | RGBA_8888    |    0.0    0.0  720.0  101.0 |    0 1459  720 1560 | ScreenDecorOverlayBottom$_4708#0
08-30 15:11:26.533  3976  3976 D SurfaceFlinger:
08-30 15:11:26.534  4349  6765 V WindowManager: Relayout Window{3069283 u0 com.example.dogglers/com.example.dogglers.HorizontalListActivity}: viewVisibility=8 req=720x1560
08-30 15:11:26.537  4349  6765 V WindowManager: Relayout hash=3069283, pid=23627: mAttrs={(0,0)(fillxfill) sim={adjust=resize forwardNavigation} ty=BASE_APPLICATION wanim=0x1030304
08-30 15:11:26.537  4349  6765 V WindowManager:   fl=81810100
08-30 15:11:26.537  4349  6765 V WindowManager:   pfl=12020000
08-30 15:11:26.537  4349  6765 V WindowManager:   fitSides= naviIconColor=0}
08-30 15:11:26.538  4349  5108 I SemDvfsHyPerManager: acquire hyper - AMS_ACT_START/4349@16, type = -999
08-30 15:11:26.538  3927  3954 I HYPER-HAL: [RequestManager.cpp]acquire(): Acquired ID : 9528811  [4349 / 16]    HINT : AMS_ACT_START    list :
08-30 15:11:26.539  3927  3954 E HYPER-HAL: [HandlerSysfs.cpp]doResourceHandling(): Couldn't Open Sysfs - /sys/power/cstate_control
08-30 15:11:26.539  3927  3954 I HYPER-HAL: [ResourceManager.cpp]updateResource(): [CPUMinFreq] UpdateResource Request ID : 9528811    Value : 1560000
08-30 15:11:26.539 23627 23627 I SurfaceControl: nativeRelease nativeObject s[476145758496]
08-30 15:11:26.539 23627 23627 I SurfaceControl: nativeRelease nativeObject e[476145758496]
08-30 15:11:26.539  3976  6075 I SurfaceFlinger: id=38437 createSurf (0x0),-1 flag=80004, ActivityRecord{4928d1c u0 com.example.dogglers/androidx.test.core.app.InstrumentationActivityInvoker$EmptyActivity t1420}#0
08-30 15:11:26.539 23627 23627 I SurfaceControl: assignNativeObject: nativeObject = 0 Surface(name=null)/@0x8346510 / android.view.SurfaceControl.readFromParcel:1117 android.view.IWindowSession$Stub$Proxy.relayout:1826 android.view.ViewRootImpl.relayoutWindow:9005 android.view.ViewRootImpl.performTraversals:3360 android.view.ViewRootImpl.doTraversal:2618 android.view.ViewRootImpl$TraversalRunnable.run:9971 android.view.Choreographer$CallbackRecord.run:1010 android.view.Choreographer.doCallbacks:809 android.view.Choreographer.doFrame:744 android.view.Choreographer$FrameDisplayEventReceiver.run:995
08-30 15:11:26.540 23627 23627 I SurfaceControl: assignNativeObject: nativeObject = 0 Surface(name=null)/@0xcf25203 / android.view.SurfaceControl.readFromParcel:1117 android.view.IWindowSession$Stub$Proxy.relayout:1836 android.view.ViewRootImpl.relayoutWindow:9005 android.view.ViewRootImpl.performTraversals:3360 android.view.ViewRootImpl.doTraversal:2618 android.view.ViewRootImpl$TraversalRunnable.run:9971 android.view.Choreographer$CallbackRecord.run:1010 android.view.Choreographer.doCallbacks:809 android.view.Choreographer.doFrame:744 android.view.Choreographer$FrameDisplayEventReceiver.run:995
08-30 15:11:26.541 23627 23627 I SurfaceControl: nativeRelease nativeObject s[476571791680]
08-30 15:11:26.541 23627 23627 I SurfaceControl: nativeRelease nativeObject e[476571791680]
08-30 15:11:26.541 23627 23627 I ViewRootImpl@dbcc64d[HorizontalListActivity]: Relayout returned: old=(0,0,720,1560) new=(0,0,720,1560) req=(720,1560)8 dur=8 res=0x5 s={false 0} ch=true fn=21
08-30 15:11:26.542 23627 23627 I ViewRootImpl@dbcc64d[HorizontalListActivity]: stopped(true) old=false
08-30 15:11:26.543 23627 23627 D LifecycleMonitor: Lifecycle status change: com.example.dogglers.HorizontalListActivity@6051369 in: STOPPED
08-30 15:11:26.543 23627 23627 V ActivityScenario: Update currentActivityStage to STOPPED, currentActivity=com.example.dogglers.HorizontalListActivity@6051369
08-30 15:11:26.546 23627 23627 D LifecycleMonitor: Lifecycle status change: com.example.dogglers.HorizontalListActivity@6051369 in: DESTROYED
08-30 15:11:26.546 23627 23627 V ActivityScenario: Update currentActivityStage to DESTROYED, currentActivity=null
08-30 15:11:26.549 23627 23627 I ViewRootImpl@dbcc64d[HorizontalListActivity]: dispatchDetachedFromWindow
08-30 15:11:26.550  4349  6765 D InputTransport: Input channel destroyed: '3069283', fd=757
08-30 15:11:26.550  4349  6765 I SurfaceControl: nativeRelease nativeObject s[477997776736]
08-30 15:11:26.551  4349  6765 I SurfaceControl: nativeRelease nativeObject e[477997776736]
08-30 15:11:26.551  4349  6765 D WindowManager: isScreenshotDisabledLocked - win: Window{3069283 u0 com.example.dogglers/com.example.dogglers.HorizontalListActivity}
08-30 15:11:26.551  4349  6765 D WindowManager: isScreenshotDisabledLocked: userId = 0, disabled =false
08-30 15:11:26.551  4349  6765 I SurfaceControl: nativeRelease nativeObject s[477997773664]
08-30 15:11:26.551  4349  6765 I SurfaceControl: nativeRelease nativeObject e[477997773664]
08-30 15:11:26.551  3976  6075 I SurfaceFlinger: id=38438 createSurf (0x0),-1 flag=24004, Surface(name=749d536 InputMethod)/@0x72f94d3 - animation-leash#0
08-30 15:11:26.552  4349  6765 I SurfaceControl: nativeRelease nativeObject s[477997558368]
08-30 15:11:26.552  4349  6765 I SurfaceControl: nativeRelease nativeObject e[477997558368]
08-30 15:11:26.553  3976  6075 I Layer   : id=38427 removeFromCurrentState com.example.dogglers/com.example.dogglers.HorizontalListActivity$_23627#0 (97)
08-30 15:11:26.553  3976  6075 I SurfaceFlinger: id=38427 Removed com.example.dogglers/com.example.dogglers.HorizontalListActivity$_23627#0 (97)
08-30 15:11:26.555  3976  6075 I Layer   : id=38426 removeFromCurrentState 3069283 com.example.dogglers/com.example.dogglers.HorizontalListActivity#0 (97)
08-30 15:11:26.555  3976  6075 I Layer   : id=38431 removeFromCurrentState Surface(name=749d536 InputMethod)/@0x72f94d3 - animation-leash#1 (97)
08-30 15:11:26.555  3976  6075 I SurfaceFlinger: id=38426 Removed 3069283 com.example.dogglers/com.example.dogglers.HorizontalListActivity#0 (97)
08-30 15:11:26.557 23627 23627 D InputTransport: Input channel destroyed: '3069283', fd=81
08-30 15:11:26.558  4349  6765 I SurfaceControl: nativeRelease nativeObject s[477997783456]
08-30 15:11:26.558  4349  6765 I SurfaceControl: nativeRelease nativeObject e[477997783456]
08-30 15:11:26.560  3976  3976 I Layer   : id=38426[1] Destroyed 3069283 com.example.dogglers/com.example.dogglers.HorizontalListActivity#0
08-30 15:11:26.561  3976  3976 I Layer   : id=38427[1] Destroyed com.example.dogglers/com.example.dogglers.HorizontalListActivity$_23627#0
08-30 15:11:26.568  3976  6075 I Layer   : id=38425 removeFromCurrentState ActivityRecord{f18de93 u0 com.example.dogglers/.HorizontalListActivity t1420}#0 (95)
08-30 15:11:26.568  3976  6075 I SurfaceFlinger: id=38425 Removed ActivityRecord{f18de93 u0 com.example.dogglers/.HorizontalListActivity t1420}#0 (95)
08-30 15:11:26.569 23627 23627 I ViewRootImpl@248080d[InstrumentationActivityInvoker$EmptyActivity]: MSG_WINDOW_FOCUS_CHANGED 1 1
08-30 15:11:26.569 23627 23627 D InputMethodManager: prepareNavigationBarInfo() DecorView@4430a36[InstrumentationActivityInvoker$EmptyActivity]
08-30 15:11:26.569 23627 23627 D InputMethodManager: getNavigationBarColor() -16711423
08-30 15:11:26.569 23627 23627 D InputMethodManager: prepareNavigationBarInfo() DecorView@4430a36[InstrumentationActivityInvoker$EmptyActivity]
08-30 15:11:26.570 23627 23627 D InputMethodManager: getNavigationBarColor() -16711423
08-30 15:11:26.570 23627 23627 V InputMethodManager: Starting input: tba=com.example.dogglers ic=null mNaviBarColor -16711423 mIsGetNaviBarColorSuccess true , NavVisible : true , NavTrans : false
08-30 15:11:26.570 23627 23627 D InputMethodManager: startInputInner - Id : 0
08-30 15:11:26.570 23627 23627 I InputMethodManager: startInputInner - mService.startInputOrWindowGainedFocus
08-30 15:11:26.570  4349  5108 D InputMethodManagerService: mSecureKeypadEnabled = false
08-30 15:11:26.571  4349  5108 V InputMethodManagerService: hideCurrentInputLocked : shouldHideSoftInput is false
08-30 15:11:26.571  4349  5108 D InputMethodManagerService: mDesktopModeManager null!
08-30 15:11:26.571  4349  5108 V InputMethodManagerService: getDisplayIdOfInputMethodWindowToBeAdded : 0
08-30 15:11:26.571  4349  5108 D InputMethodManagerService: checkDisplayOfStartInputAndUpdateKeyboard display Id 0last 0
08-30 15:11:26.571  4349  5108 D InputTransport: Input channel constructed: 'ClientS', fd=757
08-30 15:11:26.571  4349  5108 D InputTransport: Input channel destroyed: 'ClientS', fd=757
08-30 15:11:26.572 23627 23627 D InputTransport: Input channel constructed: 'ClientS', fd=81
08-30 15:11:26.572 23627 23627 D InputTransport: Input channel destroyed: 'ClientS', fd=90
08-30 15:11:26.572  4349  5108 I SurfaceControl: nativeRelease nativeObject s[477997776640]
08-30 15:11:26.572  4349  5108 I SurfaceControl: nativeRelease nativeObject e[477997776640]
08-30 15:11:26.573  3976  6075 I SurfaceFlinger: id=38439 createSurf (0x0),-1 flag=24004, Surface(name=749d536 InputMethod)/@0x72f94d3 - animation-leash#1
08-30 15:11:26.574  7475  7475 I HBD     : HoneyBoardService onFinishInput
08-30 15:11:26.574  7475  7475 I HBD     : a IC have been unbinded,  InputConnectionWrapper{idHash=#a1e9615 mMissingMethods=}
08-30 15:11:26.574  7475  7475 I HBD     : HoneyBoardService [PF_CL][onFinishInput]  428385 ns
08-30 15:11:26.575 23627 23627 D LifecycleMonitor: Lifecycle status change: androidx.test.core.app.InstrumentationActivityInvoker$EmptyActivity@4beaef8 in: PAUSED
08-30 15:11:26.575  7475  7475 I HBD     : HoneyBoardService [IMI] onStartInput - caller pid : 23627 , caller uid : 10429
08-30 15:11:26.575  7475  7475 I HBD     : i updateConfigs
08-30 15:11:26.575 23627 23627 V ActivityScenario: Activity lifecycle changed event received but ignored because the intent does not match. startActivityIntent=Intent { act=android.intent.action.MAIN cat=[android.intent.category.LAUNCHER] cmp=com.example.dogglers/.HorizontalListActivity }, activity.getIntent()=Intent { act=android.intent.action.MAIN cat=[android.intent.category.LAUNCHER] flg=0x10000000 cmp=com.example.dogglers/androidx.test.core.app.InstrumentationActivityInvoker$EmptyActivity }, activity=androidx.test.core.app.InstrumentationActivityInvoker$EmptyActivity@4beaef8
08-30 15:11:26.575  7475  7475 I HBD     : i isEnabledNightMode : true
08-30 15:11:26.575  7475  7475 I HBD     : a IC have been binded, InputConnectionWrapper{idHash=#a1e9615 mMissingMethods=}
08-30 15:11:26.575  7475  7475 I HBD     : h [EditorInputType]setPrivateImeOptionsToTable privateImeOptions ( null )
08-30 15:11:26.575  7475  7475 I HBD     : b incognitoMode : false
08-30 15:11:26.575  7475  7475 I HBD     : a needOff = true , isForceOff = false, isNullInputClass : true
08-30 15:11:26.576  7475  7475 I HBD     : h getDefaultInputRange : UNKNOWN
08-30 15:11:26.576  7475  7475 I HBD     : h getDefaultInputRange : UNKNOWN
08-30 15:11:26.576  7475  7475 I HBD     : h getDefaultInputRange : UNKNOWN
08-30 15:11:26.576  4349  5108 D SdpManagerService: Not an enterprise user : 0
08-30 15:11:26.577  4349  5108 D SdpManagerService: Not an enterprise user : 0
08-30 15:11:26.577  3976  3976 I Layer   : id=38425[1] Destroyed ActivityRecord{f18de93 u0 com.example.dogglers/.HorizontalListActivity t1420}#0
08-30 15:11:26.577  4349  6765 V WindowOrientationListener: getProposedRotation: -1
08-30 15:11:26.578  4349  6765 V WindowOrientationListener: getProposedRotation: -1
08-30 15:11:26.578  7475  7475 I HBD     : h getDefaultInputRange : UNKNOWN
08-30 15:11:26.578  7475  7475 I HBD     : a currentState : 0
08-30 15:11:26.579  4349  6765 V WindowOrientationListener: getProposedRotation: -1
08-30 15:11:26.580  7475  7475 I HBD     : h load selected json info : {"version":"1.0","currentLanguageOrder":2,"selected":[{"activeOptionList":["auto_replace","spell_check","auto_spacing"],"engName":"Russian","id":3342336,"inputType":"qwerty","isUsed":true},{"activeOptionList":["auto_replace","spell_check","auto_spacing"],"engName":"English","id":65537,"inputType":"qwerty","isUsed":true},{"activeOptionList":["auto_replace","spell_check","auto_spacing"],"engName":"Ukrainian","id":4456448,"inputType":"qwerty","isUsed":true}]}
08-30 15:11:26.580  7475  7475 I HBD     : a [UpdatePolicy] [post] a: 0 cl: 4456448 kit: [0/0] vt: 0 ir: 1
08-30 15:11:26.581  4349  6765 D InputDispatcher: Focused application set to (0): 4928d1c
08-30 15:11:26.581  7475  7475 I HBD     : HoneyBoardService [PF_OP][onStartInput]  6463615 ns
08-30 15:11:26.587  3976  6075 I Layer   : id=38438 removeFromCurrentState Surface(name=749d536 InputMethod)/@0x72f94d3 - animation-leash#0 (95)
08-30 15:11:26.595 23627 23627 D LifecycleMonitor: Lifecycle status change: androidx.test.core.app.InstrumentationActivityInvoker$BootstrapActivity@f59b616 in: DESTROYED
08-30 15:11:26.595  4349  4371 I SemPersonaManager: SecureFolder personaId = 150
08-30 15:11:26.596 23627 23627 V ActivityScenario: Activity lifecycle changed event received but ignored because the intent does not match. startActivityIntent=Intent { act=android.intent.action.MAIN cat=[android.intent.category.LAUNCHER] cmp=com.example.dogglers/.HorizontalListActivity }, activity.getIntent()=Intent { act=android.intent.action.MAIN cat=[android.intent.category.LAUNCHER] flg=0x10008000 cmp=com.example.dogglers/androidx.test.core.app.InstrumentationActivityInvoker$BootstrapActivity (has extras) }, activity=androidx.test.core.app.InstrumentationActivityInvoker$BootstrapActivity@f59b616
08-30 15:11:26.597  4349  5108 I SurfaceControl: nativeRelease nativeObject s[477997784416]
08-30 15:11:26.597  4349  5108 I SurfaceControl: nativeRelease nativeObject e[477997784416]
08-30 15:11:26.600  3976  6075 I Layer   : id=38418 removeFromCurrentState ActivityRecord{82a3c76 u0 com.example.dogglers/androidx.test.core.app.InstrumentationActivityInvoker$BootstrapActivity t1420}#0 (95)
08-30 15:11:26.600  3976  6075 I SurfaceFlinger: id=38418 Removed ActivityRecord{82a3c76 u0 com.example.dogglers/androidx.test.core.app.InstrumentationActivityInvoker$BootstrapActivity t1420}#0 (95)
08-30 15:11:26.605 23627 23627 D LifecycleMonitor: Lifecycle status change: androidx.test.core.app.InstrumentationActivityInvoker$EmptyActivity@da32bc5 in: PRE_ON_CREATE
08-30 15:11:26.605 23627 23627 V ActivityScenario: Activity lifecycle changed event received but ignored because the intent does not match. startActivityIntent=Intent { act=android.intent.action.MAIN cat=[android.intent.category.LAUNCHER] cmp=com.example.dogglers/.HorizontalListActivity }, activity.getIntent()=Intent { act=android.intent.action.MAIN cat=[android.intent.category.LAUNCHER] flg=0x10000000 cmp=com.example.dogglers/androidx.test.core.app.InstrumentationActivityInvoker$EmptyActivity }, activity=androidx.test.core.app.InstrumentationActivityInvoker$EmptyActivity@da32bc5
08-30 15:11:26.610  3976  3976 I Layer   : id=38418[1] Destroyed ActivityRecord{82a3c76 u0 com.example.dogglers/androidx.test.core.app.InstrumentationActivityInvoker$BootstrapActivity t1420}#0
08-30 15:11:26.611  4349  6765 I InputDispatcher: Focus left window (23627): 3ff31 u in display 0 0
08-30 15:11:26.647  4349  4371 D EnterpriseDeviceManagerService: isMdmAdminPresentInternal() : MDM Admin Found - com.samsung.knox.securefolder
08-30 15:11:26.655 12736 12736 I dnxg    : onStop
08-30 15:11:26.659 23627 23627 I DecorView: [INFO] isPopOver=false, config=true
08-30 15:11:26.659 23627 23627 I DecorView: updateCaptionType >> DecorView@c78c4b[], isFloating=false, isApplication=true, hasWindowDecorCaption=false, hasWindowControllerCallback=true
08-30 15:11:26.659 23627 23627 D DecorView: setCaptionType = 0, this = DecorView@c78c4b[]
08-30 15:11:26.664 23627 23627 D LifecycleMonitor: Lifecycle status change: androidx.test.core.app.InstrumentationActivityInvoker$EmptyActivity@da32bc5 in: CREATED
08-30 15:11:26.664 23627 23627 V ActivityScenario: Activity lifecycle changed event received but ignored because the intent does not match. startActivityIntent=Intent { act=android.intent.action.MAIN cat=[android.intent.category.LAUNCHER] cmp=com.example.dogglers/.HorizontalListActivity }, activity.getIntent()=Intent { act=android.intent.action.MAIN cat=[android.intent.category.LAUNCHER] flg=0x10000000 cmp=com.example.dogglers/androidx.test.core.app.InstrumentationActivityInvoker$EmptyActivity }, activity=androidx.test.core.app.InstrumentationActivityInvoker$EmptyActivity@da32bc5
08-30 15:11:26.668 23627 23627 D LifecycleMonitor: Lifecycle status change: androidx.test.core.app.InstrumentationActivityInvoker$EmptyActivity@da32bc5 in: STARTED
08-30 15:11:26.668 23627 23627 V ActivityScenario: Activity lifecycle changed event received but ignored because the intent does not match. startActivityIntent=Intent { act=android.intent.action.MAIN cat=[android.intent.category.LAUNCHER] cmp=com.example.dogglers/.HorizontalListActivity }, activity.getIntent()=Intent { act=android.intent.action.MAIN cat=[android.intent.category.LAUNCHER] flg=0x10000000 cmp=com.example.dogglers/androidx.test.core.app.InstrumentationActivityInvoker$EmptyActivity }, activity=androidx.test.core.app.InstrumentationActivityInvoker$EmptyActivity@da32bc5
08-30 15:11:26.671 23627 23627 D LifecycleMonitor: Lifecycle status change: androidx.test.core.app.InstrumentationActivityInvoker$EmptyActivity@da32bc5 in: RESUMED
08-30 15:11:26.671 23627 23627 V ActivityScenario: Activity lifecycle changed event received but ignored because the intent does not match. startActivityIntent=Intent { act=android.intent.action.MAIN cat=[android.intent.category.LAUNCHER] cmp=com.example.dogglers/.HorizontalListActivity }, activity.getIntent()=Intent { act=android.intent.action.MAIN cat=[android.intent.category.LAUNCHER] flg=0x10000000 cmp=com.example.dogglers/androidx.test.core.app.InstrumentationActivityInvoker$EmptyActivity }, activity=androidx.test.core.app.InstrumentationActivityInvoker$EmptyActivity@da32bc5
08-30 15:11:26.676  4349  5464 D InputTransport: Input channel constructed: 'bb721e4', fd=757
08-30 15:11:26.677  4349  5464 D InputTransport: Input channel constructed: 'bb721e4', fd=763
08-30 15:11:26.677  3976  5385 I SurfaceFlinger: id=38440 createSurf (0x0),-1 flag=80004, bb721e4 com.example.dogglers/androidx.test.core.app.InstrumentationActivityInvoker$EmptyActivity#0
08-30 15:11:26.679  4349  5464 D WindowManager: isScreenshotDisabledLocked - win: Window{bb721e4 u0 com.example.dogglers/androidx.test.core.app.InstrumentationActivityInvoker$EmptyActivity}
08-30 15:11:26.679  4349  5464 D WindowManager: isScreenshotDisabledLocked: userId = 0, disabled =false
08-30 15:11:26.679  4349  5464 D InputTransport: Input channel destroyed: 'bb721e4', fd=763
08-30 15:11:26.680 23627 23627 D InputTransport: Input channel constructed: 'bb721e4', fd=90
08-30 15:11:26.681 23627 23627 I ViewRootImpl@fc06ce6[InstrumentationActivityInvoker$EmptyActivity]: setView = com.android.internal.policy.DecorView@c78c4b TM=true
08-30 15:11:26.684  4349  6765 D SamsungIMMSHWKeyboard: isConnectedDexOnPC false
08-30 15:11:26.684 23627 23627 I SurfaceControl: nativeRelease nativeObject s[476571794656]
08-30 15:11:26.684 23627 23627 I SurfaceControl: nativeRelease nativeObject e[476571794656]
08-30 15:11:26.684 23627 23627 I SurfaceControl: nativeRelease nativeObject s[476571794560]
08-30 15:11:26.684 23627 23627 I SurfaceControl: nativeRelease nativeObject e[476571794560]
08-30 15:11:26.684  4349  6765 D InputMethodManagerService: isImeSwitcherDisabledPackage : false
08-30 15:11:26.688  4349  5464 V WindowManager: Relayout Window{bb721e4 u0 com.example.dogglers/androidx.test.core.app.InstrumentationActivityInvoker$EmptyActivity}: viewVisibility=0 req=720x1560
08-30 15:11:26.691  4349  5464 D WindowManager: isScreenshotDisabledLocked - win: Window{bb721e4 u0 com.example.dogglers/androidx.test.core.app.InstrumentationActivityInvoker$EmptyActivity}
08-30 15:11:26.691  4349  5464 D WindowManager: isScreenshotDisabledLocked: userId = 0, disabled =false
08-30 15:11:26.692  3976  5385 I SurfaceFlinger: id=38441 createSurf (720x1560),1 flag=404, com.example.dogglers/androidx.test.core.app.InstrumentationActivityInvoker$EmptyActivity$_23627#1
08-30 15:11:26.694  4349  5464 I SurfaceControl: nativeRelease nativeObject s[477997777696]
08-30 15:11:26.695  4349  5464 I SurfaceControl: nativeRelease nativeObject e[477997777696]
08-30 15:11:26.695 14146 14146 I TrayStateController: systemUiVisibilityChanged : 0 0
08-30 15:11:26.695  3976  5385 I SurfaceFlinger: id=38442 createSurf (0x0),-1 flag=24000, Surface(name=1096c8d StatusBar)/@0xeaf4dd0 - animation-leash#0
08-30 15:11:26.696  4349  5464 I SurfaceControl: nativeRelease nativeObject s[477997782016]
08-30 15:11:26.696  4349  5464 I SurfaceControl: nativeRelease nativeObject e[477997782016]
08-30 15:11:26.696  3976  5385 I SurfaceFlinger: id=38443 createSurf (0x0),-1 flag=24000, Surface(name=b07ecc5 NavigationBar0)/@0xa8376fc - animation-leash#1
08-30 15:11:26.700  3976  5385 I Layer   : id=38435 removeFromCurrentState Surface(name=1096c8d StatusBar)/@0xeaf4dd0 - animation-leash#1 (98)
08-30 15:11:26.700  3976  5385 I Layer   : id=38436 removeFromCurrentState Surface(name=b07ecc5 NavigationBar0)/@0xa8376fc - animation-leash#0 (98)
08-30 15:11:26.701  4349  5464 V WindowManager: Relayout hash=bb721e4, pid=23627: mAttrs={(0,0)(fillxfill) sim={adjust=pan forwardNavigation} ty=BASE_APPLICATION wanim=0x1030001
08-30 15:11:26.701  4349  5464 V WindowManager:   fl=1810100
08-30 15:11:26.701  4349  5464 V WindowManager:   pfl=12020000
08-30 15:11:26.701  4349  5464 V WindowManager:   fitSides= naviIconColor=0}
08-30 15:11:26.701  4349  5464 I SurfaceControl: nativeRelease nativeObject s[477997783456]
08-30 15:11:26.701  4349  5464 I SurfaceControl: nativeRelease nativeObject e[477997783456]
08-30 15:11:26.702 23627 23627 I SurfaceControl: assignNativeObject: nativeObject = 0 Surface(name=null)/@0x600a227 / android.view.SurfaceControl.readFromParcel:1117 android.view.IWindowSession$Stub$Proxy.relayout:1836 android.view.ViewRootImpl.relayoutWindow:9005 android.view.ViewRootImpl.performTraversals:3360 android.view.ViewRootImpl.doTraversal:2618 android.view.ViewRootImpl$TraversalRunnable.run:9971 android.view.Choreographer$CallbackRecord.run:1010 android.view.Choreographer.doCallbacks:809 android.view.Choreographer.doFrame:744 android.view.Choreographer$FrameDisplayEventReceiver.run:995
08-30 15:11:26.704 23627 23627 I ViewRootImpl@fc06ce6[InstrumentationActivityInvoker$EmptyActivity]: Relayout returned: old=(0,0,720,1560) new=(0,0,720,1560) req=(720,1560)0 dur=14 res=0x7 s={true 476690157568} ch=true fn=-1
08-30 15:11:26.706  3899  3953 D gralloc : [mali_gralloc_allocate] begin
08-30 15:11:26.706  3899  3953 D gralloc : buffer_descriptor: wh(720 1560) usage_pc(0x40000000000b00 0x40000000000b00) hal_format(0x1) layer_count(1) sizes(0 0 0) strde(0) byte_stride(0) alloc_wh(0 0) internal_format(0x0) alloc_format(0x0) fd_count(1) plane_count(0)
08-30 15:11:26.707  3899  3953 D gralloc : [mali_gralloc_allocate] allocation successful
08-30 15:11:26.707  3899  3953 D gralloc : [mali_gralloc_allocate] begin
08-30 15:11:26.708  3899  3953 D gralloc : buffer_descriptor: wh(720 1560) usage_pc(0x40000000000b00 0x40000000000b00) hal_format(0x1) layer_count(1) sizes(0 0 0) strde(0) byte_stride(0) alloc_wh(0 0) internal_format(0x0) alloc_format(0x0) fd_count(1) plane_count(0)
08-30 15:11:26.708  3899  3953 D gralloc : [mali_gralloc_allocate] allocation successful
08-30 15:11:26.709  3899  3953 D gralloc : [mali_gralloc_allocate] begin
08-30 15:11:26.709  3899  3953 D gralloc : buffer_descriptor: wh(720 1560) usage_pc(0x40000000000b00 0x40000000000b00) hal_format(0x1) layer_count(1) sizes(0 0 0) strde(0) byte_stride(0) alloc_wh(0 0) internal_format(0x0) alloc_format(0x0) fd_count(1) plane_count(0)
08-30 15:11:26.710 23627 23627 I ViewRootImpl@fc06ce6[InstrumentationActivityInvoker$EmptyActivity]: [DP] dp(1) 1 android.view.ViewRootImpl.reportNextDraw:10957 android.view.ViewRootImpl.performTraversals:3845 android.view.ViewRootImpl.doTraversal:2618
08-30 15:11:26.710  3899  3953 D gralloc : [mali_gralloc_allocate] allocation successful
08-30 15:11:26.711 23627 23627 I ViewRootImpl@fc06ce6[InstrumentationActivityInvoker$EmptyActivity]: [DP] pd() Asnyc report
08-30 15:11:26.717 23627 23627 I ViewRootImpl@fc06ce6[InstrumentationActivityInvoker$EmptyActivity]: [DP] pdf(0) 1 android.view.ViewRootImpl.lambda$performDraw$1$ViewRootImpl:4668 android.view.-$$Lambda$ViewRootImpl$DJd0VUYJgsebcnSohO6h8zc_ONI.run:6 android.os.Handler.handleCallback:938
08-30 15:11:26.717 23627 23627 I ViewRootImpl@fc06ce6[InstrumentationActivityInvoker$EmptyActivity]: [DP] rdf()
08-30 15:11:26.719 23627 23627 I ViewRootImpl@248080d[InstrumentationActivityInvoker$EmptyActivity]: MSG_WINDOW_FOCUS_CHANGED 0 1
08-30 15:11:26.722  4349  4372 D PkgPredictorService: pkg:com.example.dogglers activity:androidx.test.core.app.InstrumentationActivityInvoker$EmptyActivity thisTime:189
08-30 15:11:26.724  4349  4372 I SemDvfsHyPerManager: acquire hyper - AMS_RESUME_TAIL/4349@18, type = -999
08-30 15:11:26.724  4349  4376 I ActivityTaskManager: Displayed com.example.dogglers/androidx.test.core.app.InstrumentationActivityInvoker$EmptyActivity: +189ms
08-30 15:11:26.724  4349  4372 I SemDvfsHyPerManager: acquire hyper - AMS_ACT_LAZY/4349@19, type = -999
08-30 15:11:26.725  5589  5589 E pageboostd: Received HALT command code 2
08-30 15:11:26.725  3927  3954 I HYPER-HAL: [RequestManager.cpp]acquire(): Acquired ID : 9537546  [4349 / 18]    HINT : AMS_RESUME_TAIL    list :
08-30 15:11:26.725  3927  3954 E HYPER-HAL: [HandlerSysfs.cpp]doResourceHandling(): Couldn't Open Sysfs - /sys/power/cstate_control
08-30 15:11:26.725  3927  3954 I HYPER-HAL: [ResourceManager.cpp]updateResource(): [CPUMinFreq] UpdateResource Request ID : 9537546    Value : 1560000
08-30 15:11:26.725  3927  3954 I HYPER-HAL: [RequestManager.cpp]acquire(): Acquired ID : 9541915  [4349 / 19]    HINT :      list :
08-30 15:11:26.726  3927  3954 E HYPER-HAL: [Request.cpp]acquire(): Request:: id : 9541915, No Resource to set
08-30 15:11:26.726  3927  3954 E HYPER-HAL: [HandlerSysfs.cpp]doResourceHandling(): Couldn't Open Sysfs - /sys/power/cstate_control
08-30 15:11:26.727  3927  3954 I HYPER-HAL: [ResourceManager.cpp]removeResource(): [CPUMinFreq] RemoveResource Request ID : 9528811
08-30 15:11:26.727  3927  3954 I HYPER-HAL: [RequestManager.cpp]releaseLocked(): Released ID : 9528811
08-30 15:11:26.730 23627 23627 I SurfaceControl: nativeRelease nativeObject s[478247332288]
08-30 15:11:26.730 23627 23627 I SurfaceControl: nativeRelease nativeObject e[478247332288]
