08-30 15:11:22.187  5057  5284 I PdnController<0>: onServiceStateChanged: state={mVoiceRegState=0(IN_SERVICE), mDataRegState=0(IN_SERVICE), mChannelNumber=3676, duplexMode()=1, mCellBandwidths=[], isManualNetworkSelection=true(manual), getRilVoiceRadioTechnology=14(LTE), getRilDataRadioTechnology=14(LTE), mCssIndicator=unsupported, mCdmaRoamingIndicator=-1, mCdmaDefaultRoamingIndicator=-1, VoiceRegType=0, ImsVoiceAvail=3, Snap=0, MobileVoice=IN_SERVICE, MobileData=IN_SERVICE, MobileDataRoamingType=home, MobileDataRat=LTE, PsOnly=false, FemtocellInd=0, SprDisplayRoam=false, NrBearerStatus=0, 5gStatus=0, mIsEmergencyOnly=false, isUsingCarrierAggregation=false, mLteEarfcnRsrpBoost=0, mNetworkRegistrationInfos=[NetworkRegistrationInfo{ domain=CS transportType=WWAN registrationState=HOME roamingType=NOT_ROAMING accessNetworkTechnology=LTE rejectCause=0 emergencyEnabled=false availableServices=[VOICE,SMS,VIDEO] cellIdentity=CellIdentityLte:{ mCi=1******15 mPci=320 mTac=1***2 mEarfcn=3676 mBands=[] mBandwidth=2147483647 mMcc=255 mMnc=01 mAlphaLong=Vodafone UA mAlphaShort=Vodafone UA mAdditionalPlmns={} mCsgInfo=null} voiceSpecificInfo=VoiceSpecificRegistrationInfo { mCssSupported=false mRoamingIndicator=0 mSystemIsInPrl=0 mDefaultRoamingIndicator=0} dataSpecificInfo=null nrState=NONE rRplmn=25501}, NetworkRegistrationInfo{ domain=PS transportType=WWAN registrationState=HOME roamingType=NOT_ROAMING accessNetworkTechnology=LTE rejectCause=0 emergencyEnabled=false availableServices=[DATA] cellIdentity=CellIdentityLte:{ mCi=1******15 mPci=320 mTac=1***2 mEarfcn=3676 mBands=[] mBandwidth=2147483647 mMcc=255 mMnc=01 mAlphaLong=Vodafone UA mAlphaShort=Vodafone UA mAdditionalPlmns={} mCsgInfo=null} voiceSpecificInfo=null dataSpecificInfo=android.telephony.DataSpecificRegistrationInfo :{ maxDataCalls = 4 isDcNrRestricted = false isNrAvailable = false isEnDcAvailable = false LteVopsSupportInfo :  mVopsSupport = 3 mEmcBearerSupport = 3 mIsUsingCarrierAggregation = false } nrState=NONE rRplmn=25501}], mNrFrequencyRange=0, mIsDataRoamingFromRegistration=false, mIsIwlanPreferred=false}Changed=VoPS:UNKNOWN=>NOT_SUPPORTED, VoiceNet:2=>13
08-30 15:11:22.188  4708  4708 D KeyguardBottomAreaShortcutView: mIndicationArea margin start : 105, end : 105, bottom : 266
08-30 15:11:22.188  7475  7475 I HBD     : h getDefaultInputRange : UNKNOWN
08-30 15:11:22.188  7475  7475 I HBD     : h getDefaultInputRange : UNKNOWN
08-30 15:11:22.188  7475  7475 I HBD     : h getDefaultInputRange : UNKNOWN
08-30 15:11:22.188  5057  5284 I PdnController<0>: notifyDataConnectionState
08-30 15:11:22.188  4708  4708 D CarrierTextController: onRefreshCarrierInfo(), mTelephonyCapable: true
08-30 15:11:22.188  5057  5284 I PdnController<0>: initialize PendedEPDGWeakSignal flag
08-30 15:11:22.188  5057  5284 I PdnController<0>: setPendedEPDGWeakSignal
08-30 15:11:22.188  4708  4708 D CarrierTextController: updateCarrierText(): 1
08-30 15:11:22.188  5057  5284 I PdnController<0>: notifyDataConnectionState: needNotify=true networkType=13 isEpdgConnected=false dataNetType=2=>13 dataRegState=0=>0
08-30 15:11:22.188  4708  4708 D CarrierTextController: Handling (subId=2): 5 Vodafone UA
08-30 15:11:22.188  4708  4708 D CarrierTextController: carrierTextForSimState = Vodafone UA
08-30 15:11:22.189  4349  5464 D SdpManagerService: Not an enterprise user : 0
08-30 15:11:22.189  4349  5464 D SdpManagerService: Not an enterprise user : 0
08-30 15:11:22.189  4708  4881 D MobileSignalIconsSelector: getDataIconGroup(): 2
08-30 15:11:22.189 23627 23627 D LifecycleMonitor: Lifecycle status change: androidx.test.core.app.InstrumentationActivityInvoker$EmptyActivity@a22d3cf in: PAUSED
08-30 15:11:22.190 23627 23627 V ActivityScenario: Activity lifecycle changed event received but ignored because the intent does not match. startActivityIntent=Intent { act=android.intent.action.MAIN cat=[android.intent.category.LAUNCHER] cmp=com.example.dogglers/.GridListActivity }, activity.getIntent()=Intent { act=android.intent.action.MAIN cat=[android.intent.category.LAUNCHER] flg=0x10000000 cmp=com.example.dogglers/androidx.test.core.app.InstrumentationActivityInvoker$EmptyActivity }, activity=androidx.test.core.app.InstrumentationActivityInvoker$EmptyActivity@a22d3cf
08-30 15:11:22.191 22682 22682 D CellBroadcastReceiver: onReceive Intent { act=android.intent.action.SERVICE_STATE flg=0x1000010 cmp=com.android.cellbroadcastreceiver/.CellBroadcastReceiver (has extras) }
08-30 15:11:22.191  4708  4708 D CarrierTextController: SIM ready and in service: subId=2, ss={mVoiceRegState=0(IN_SERVICE), mDataRegState=0(IN_SERVICE), mChannelNumber=3676, duplexMode()=1, mCellBandwidths=[], isManualNetworkSelection=true(manual), getRilVoiceRadioTechnology=14(LTE), getRilDataRadioTechnology=14(LTE), mCssIndicator=unsupported, mCdmaRoamingIndicator=-1, mCdmaDefaultRoamingIndicator=-1, VoiceRegType=0, ImsVoiceAvail=3, Snap=0, MobileVoice=IN_SERVICE, MobileData=IN_SERVICE, MobileDataRoamingType=home, MobileDataRat=LTE, PsOnly=false, FemtocellInd=0, SprDisplayRoam=false, NrBearerStatus=0, 5gStatus=0, mIsEmergencyOnly=false, isUsingCarrierAggregation=false, mLteEarfcnRsrpBoost=0, mNetworkRegistrationInfos=[NetworkRegistrationInfo{ domain=CS transportType=WWAN registrationState=HOME roamingType=NOT_ROAMING accessNetworkTechnology=LTE rejectCause=0 emergencyEnabled=false availableServices=[VOICE,SMS,VIDEO] cellIdentity=CellIdentityLte:{ mCi=1******15 mPci=320 mTac=1***2 mEarfcn=3676 mBands=[] mBandwidth=2147483647 mMcc=255 mMnc=01 mAlphaLong=Vodafone UA mAlphaShort=Vodafone UA mAdditionalPlmns={} mCsgInfo=null} voiceSpecificInfo=VoiceSpecificRegistrationInfo { mCssSupported=false mRoamingIndicator=0 mSystemIsInPrl=0 mDefaultRoamingIndicator=0} dataSpecificInfo=null nrState=NONE rRplmn=25501}, NetworkRegistrationInfo{ domain=PS transportType=WWAN registrationState=HOME roamingType=NOT_ROAMING accessNetworkTechnology=LTE rejectCause=0 emergencyEnabled=false availableServices=[DATA] cellIdentity=CellIdentityLte:{ mCi=1******15 mPci=320 mTac=1***2 mEarfcn=3676 mBands=[] mBandwidth=2147483647 mMcc=255 mMnc=01 mAlphaLong=Vodafone UA mAlphaShort=Vodafone UA mAdditionalPlmns={} mCsgInfo=null} voiceSpecificInfo=null dataSpecificInfo=android.telephony.DataSpecificRegistrationInfo :{ maxDataCalls = 4 isDcNrRestricted = false isNrAvailable = false isEnDcAvailable = false LteVopsSupportInfo :  mVopsSupport = 3 mEmcBearerSupport = 3 mIsUsingCarrierAggregation = false } nrState=NONE rRplmn=25501}], mNrFrequencyRange=0, mIsDataRoamingFromRegistration=false, mIsIwlanPreferred=false}
08-30 15:11:22.191  7475  7475 I HBD     : h getDefaultInputRange : UNKNOWN
08-30 15:11:22.191  7475  7475 I HBD     : a currentState : 0
08-30 15:11:22.191  4708  4708 D CarrierTextController: setText : Vodafone UA
08-30 15:11:22.191  4666  4666 D ServiceStateProvider: subId=2
08-30 15:11:22.191  4708  4708 D FaceWidgetPagesController: onRefreshCarrierInfo()
08-30 15:11:22.192  4708  4708 D FaceWidgetClockRoamManager: isNetworkRoamingState id=2
08-30 15:11:22.192  4708  4708 D FaceWidgetClockRoamManager: isNetworkRoamingState false
08-30 15:11:22.192  4708  4708 D FaceWidgetClockRoamManager: onRefreshCarrierInfo(pre, now): false, false
08-30 15:11:22.192  4708  4708 D FaceWidgetClockRoamManager: isNetworkRoamingState id=2
08-30 15:11:22.192  4708  4708 D FaceWidgetClockRoamManager: isNetworkRoamingState false
08-30 15:11:22.192  4708  4708 D FaceWidgetClockRoamManager: onRefreshCarrierInfo(pre, now): false, false
08-30 15:11:22.193  7475  7475 I HBD     : h load selected json info : {"version":"1.0","currentLanguageOrder":2,"selected":[{"activeOptionList":["auto_replace","spell_check","auto_spacing"],"engName":"Russian","id":3342336,"inputType":"qwerty","isUsed":true},{"activeOptionList":["auto_replace","spell_check","auto_spacing"],"engName":"English","id":65537,"inputType":"qwerty","isUsed":true},{"activeOptionList":["auto_replace","spell_check","auto_spacing"],"engName":"Ukrainian","id":4456448,"inputType":"qwerty","isUsed":true}]}
08-30 15:11:22.193  4349  4913 V WindowOrientationListener: getProposedRotation: -1
08-30 15:11:22.193  4349  4913 V WindowOrientationListener: getProposedRotation: -1
08-30 15:11:22.193  7475  7475 I HBD     : a [UpdatePolicy] [post] a: 0 cl: 4456448 kit: [0/0] vt: 0 ir: 1
08-30 15:11:22.194  4349  4913 V WindowOrientationListener: getProposedRotation: -1
08-30 15:11:22.195  7475  7475 I HBD     : HoneyBoardService [PF_OP][onStartInput]  7554500 ns
08-30 15:11:22.195  5057  5284 I PdnController: isWifiConnected: [type: WIFI[], state: CONNECTED/CONNECTED, reason: (unspecified), extra: , failover: false, available: true, roaming: false]
08-30 15:11:22.196  3976  3976 I Layer   : id=38309[1] Destroyed ActivityRecord{3acd055 u0 com.example.dogglers/.GridListActivity t1417}#0
08-30 15:11:22.197  4349  4913 D InputDispatcher: Focused application set to (0): 74ec4e1
08-30 15:11:22.200  5057  5284 I ImsCallSessionManager: onDataConnectionStateChanged(): networkType [LTE]isWifiConnected [true], phoneId [0]
08-30 15:11:22.203  5057  5284 I PdnController: isWifiConnected: [type: WIFI[], state: CONNECTED/CONNECTED, reason: (unspecified), extra: , failover: false, available: true, roaming: false]
08-30 15:11:22.203  3976  4318 I Layer   : id=38326 removeFromCurrentState Surface(name=749d536 InputMethod)/@0x72f94d3 - animation-leash#1 (93)
08-30 15:11:22.206  5057  5284 I PdnController: isWifiConnected: [type: WIFI[], state: CONNECTED/CONNECTED, reason: (unspecified), extra: , failover: false, available: true, roaming: false]
08-30 15:11:22.208  5057  5284 I RegiMgr-Handler<0>: onDataConnectionStateChanged(): networkType [LTE], isWifiConnected [true]
08-30 15:11:22.208  5057  5284 I PdnController<0>: notifySnapshotState: snapshotState=0 old=0
08-30 15:11:22.208  5057  5284 I RegiMgr-Handler: handleMessage: EVENT_NETWORK_TYPE
08-30 15:11:22.208  5057  5284 I RegiMgr-NetEvtCtr<0>: onNetworkChanged: suspendByIrat=false
08-30 15:11:22.211 22703 22703 I [IPSA-E] ServiceStateChangedReceiver: onReceive
08-30 15:11:22.212  5057  5284 I RegiMgr<0>: updatePani RegisterTask[0][mProfile=Global GC RCS, mRegistrationRat=18, mPdnType=1, mState=REGISTERED, mObject=UserAgent - :
08-30 15:11:22.212  5057  5284 I RegiMgr<0>:  total records=6688
08-30 15:11:22.212  5057  5284 I RegiMgr<0>:  rec[0]: time=08-30 15:09:30.048 processed=ReadyState org=RegisteredState dest=<null> what=34(0x22)
08-30 15:11:22.212  5057  5284 I RegiMgr<0>:  rec[1]: time=08-30 15:09:38.988 processed=ReadyState org=RegisteredState dest=<null> what=34(0x22)
08-30 15:11:22.212  5057  5284 I RegiMgr<0>:  rec[2]: time=08-30 15:09:38.989 processed=ReadyState org=RegisteredState dest=<null> what=50(0x32)
08-30 15:11:22.212  5057  5284 I RegiMgr<0>:  rec[3]: time=08-30 15:09:39.139 processed=ReadyState org=RegisteredState dest=<null> what=34(0x22)
08-30 15:11:22.212  5057  5284 I RegiMgr<0>:  rec[4]: time=08-30 15:09:39.161 processed=ReadyState org=RegisteredState dest=<null> what=34(0x22)
08-30 15:11:22.212  5057  5284 I RegiMgr<0>:  rec[5]: time=08-30 15:09:44.364 processed=ReadyState org=RegisteredState dest=<null> what=34(0x22)
08-30 15:11:22.212  5057  5284 I RegiMgr<0>:  rec[6]: time=08-30 15:09:44.365 processed=ReadyState org=RegisteredState dest=<null> what=50(0x32)
08-30 15:11:22.212  5057  5284 I RegiMgr<0>:  rec[7]: time=08-30 15:09:49.873 processed=ReadyState org=RegisteredState dest=<null> what=34(0x22)
08-30 15:11:22.212  5057  5284 I RegiMgr<0>:  rec[8]: time=08-30 15:09:57.423 processed=ReadyState org=RegisteredState dest=<null> what=34(0x22)
08-30 15:11:22.212  5057  5284 I RegiMgr<0>:  rec[9]: time=08-30 15:10:01.256 processed=ReadyState org=RegisteredState dest=<null> what=34(0x22)
08-30 15:11:22.212  5057  5284 I RegiMgr<0>:  rec[10]: time=08-30 15:10:01.257 processed=ReadyState org=RegisteredState dest=<null> what=50(0x32)
08-30 15:11:22.212  5057  5284 I RegiMgr<0>:  rec[11]: time=08-30 15:10:01.412 processed=ReadyState org=RegisteredState dest=<null> what=34(0x22)
08-30 15:11:22.212  5057  5284 I RegiMgr<0>:  rec[12]: time=08-30 15:10:34.367 processed=ReadyState org=RegisteredState dest=<null> what=34(0x22)
08-30 15:11:22.212  5057  5284 I RegiMgr<0>:  rec[13]: time=08-30 15:10:34.369 processed=ReadyState org=RegisteredState dest=<null> what=50(0x32)
08-30 15:11:22.212  5057  5284 I RegiMgr<0>:  rec[14]: time=08-30 15:10:34.599 processed=ReadyState org=RegisteredState dest=<null> what=34(0x22)
08-30 15:11:22.212  5057  5284 I RegiMgr<0>:  rec[15]: time=08-30 15:10:34.632 processed=ReadyState org=RegisteredState dest=<null> what=34(0x22)
08-30 15:11:22.212  5057  5284 I RegiMgr<0>:  rec[16]: time=08-30 15:10:51.268 processed=ReadyState org=RegisteredState dest=<null> what=34(0x22)
08-30 15:11:22.212  5057  5284 I RegiMgr<0>:  rec[17]: time=08-30 15:10:51.268 processed=ReadyState org=RegisteredState dest=<null> what=50(0x32)
08-30 15:11:22.212  5057  5284 I RegiMgr<0>:  rec[18]: time=08-30 15:10:51.409 processed=ReadyState org=RegisteredState dest=<null> what=34(0x22)
08-30 15:11:22.212  5057  5284 I RegiMgr<0>:  rec[19]: time=08-30 15:10:51.433 processed=ReadyState org=RegisteredState dest=<null> what=34(0x22)
08-30 15:11:22.212  5057  5284 I RegiMgr<0>: curState=RegisteredState
08-30 15:11:22.212  5057  5284 I RegiMgr<0>: , mReason=, mPcscfHostname=ua-vodafone.rcs.telephony.goog, mDeregiReason=41]
08-30 15:11:22.212  4349  4918 D SLocation: SGeofenceCellManager - onCellLocationChanged 2 / 0
08-30 15:11:22.213  5057  5284 I PaniGenerator<0>: generate: subId - 2
08-30 15:11:22.214  5057  5284 I PaniGenerator<0>: generate: network=18, fallbackPlmn=
08-30 15:11:22.214  5057  5284 E GlobalSettingsRepoBase: globalgcsettings No matched key : iwlan_pani_format
08-30 15:11:22.215  5057  5284 I PaniGenerator<0>: generateWiFiPani: Format for generating PANI - <PREFIX>;<NODE_ID>
08-30 15:11:22.215  5057  5284 I PaniGenerator: WifiManager.getBSSID(): [3c:cd:57:70:16:5d]
08-30 15:11:22.216  5057  5284 I PaniGenerator<0>: generateWiFiPani: normalized PANI: IEEE-802.11;i-wlan-node-id=3ccd5770165d
08-30 15:11:22.216  5057  5284 I PaniGenerator: setLkcForLastPani: No Last PANI header for Global GC RCS
08-30 15:11:22.216 23627 23627 D LifecycleMonitor: Lifecycle status change: androidx.test.core.app.InstrumentationActivityInvoker$BootstrapActivity@eedd2d6 in: DESTROYED
08-30 15:11:22.217 23627 23627 V ActivityScenario: Activity lifecycle changed event received but ignored because the intent does not match. startActivityIntent=Intent { act=android.intent.action.MAIN cat=[android.intent.category.LAUNCHER] cmp=com.example.dogglers/.GridListActivity }, activity.getIntent()=Intent { act=android.intent.action.MAIN cat=[android.intent.category.LAUNCHER] flg=0x10008000 cmp=com.example.dogglers/androidx.test.core.app.InstrumentationActivityInvoker$BootstrapActivity (has extras) }, activity=androidx.test.core.app.InstrumentationActivityInvoker$BootstrapActivity@eedd2d6
08-30 15:11:22.218  4349  4913 I SurfaceControl: nativeRelease nativeObject s[478169918496]
08-30 15:11:22.218  4349  4913 I SurfaceControl: nativeRelease nativeObject e[478169918496]
08-30 15:11:22.219 22703 22703 I [IPSA-E] EmergencySharedPref: getEmergencyAlertEnabled: true
08-30 15:11:22.219  5057  5284 I UserAgent<0>: updatePani: pani=IEEE-802.11;i-wlan-node-id=3ccd5770165d, updatePani: lastPani=3GPP-E-UTRAN-FDD;utran-cell-id-3gpp=255065b0ce060b1f;"2023-08-30T15:11:22+0300"
08-30 15:11:22.220 22703 22703 I [IPSA-C] IpsUtilityFunction: getMcc : 255
08-30 15:11:22.220  5057  5628 I StackIF : updatePani: 12456 pani: [IEEE-802.11;i-wlan-node-id=3ccd5770165d, 3GPP-E-UTRAN-FDD;utran-cell-id-3gpp=255065b0ce060b1f;"2023-08-30T15:11:22+0300"]
08-30 15:11:22.220 22703 22703 I [IPSA-E] EmergencyService: isCountryChanged : currentMcc == lastMcc == 255
08-30 15:11:22.220  5057  5628 I SECIMSJ : [6131]> 204
08-30 15:11:22.220 22703 22703 I [IPSA-E] EmergencyService: isCountryChangeTimeRemained: lastCountryChangeTime=0, activeDuration=10800000, now=1693397482220result=false
08-30 15:11:22.220  5057  5634 I [IMS6.0]: IMS_onResponse()
08-30 15:11:22.220  5057  5628 I StackIF : updateRat: 12456 network: 13
08-30 15:11:22.221  5057  5634 I StackIF : processMessage 2
08-30 15:11:22.221  5057  5634 I StackIF : Processing Response
08-30 15:11:22.221  5057  5634 I SECIMSJ : [6131]< 600
08-30 15:11:22.221  5057  5634 I StackIF : processResponse: reqId 600
08-30 15:11:22.221  5057  5628 I SECIMSJ : [6132]> 80
08-30 15:11:22.221  5057  5634 I StackIF : processResponse: handle 12456 result 0 reason 0
08-30 15:11:22.221  5057  5634 I [IMS6.0]: IMS_onResponse()
08-30 15:11:22.221  5057  5634 I StackIF : processMessage 2
08-30 15:11:22.221  5057  5634 I StackIF : Processing Response
08-30 15:11:22.221  5057  5634 I SECIMSJ : [6132]< 602
08-30 15:11:22.221  5057  5634 I StackIF : processResponse: reqId 602
08-30 15:11:22.221  5057  5634 I StackIF : processResponse: handle 12456 result 0 reason 0
08-30 15:11:22.222  3976  5385 I Layer   : id=38304 removeFromCurrentState ActivityRecord{e4bff42 u0 com.example.dogglers/androidx.test.core.app.InstrumentationActivityInvoker$BootstrapActivity t1417}#0 (93)
08-30 15:11:22.223  3976  5385 I SurfaceFlinger: id=38304 Removed ActivityRecord{e4bff42 u0 com.example.dogglers/androidx.test.core.app.InstrumentationActivityInvoker$BootstrapActivity t1417}#0 (93)
08-30 15:11:22.223  4666  4666 I Telephony: TelecomAccountRegistry$AccountEntry: isRttCurrentlySupported -- regular acct,, hasVoiceAvailability: false, isRttSupported: false, isRoaming: false, isOnWfc: false
08-30 15:11:22.223  4666  4666 V PhoneGlobals: handleServiceStateChanged
08-30 15:11:22.225  4666  4666 D NotificationMgr: updateNetworkSelection, Use Samsung codes instead of AOSP codes
08-30 15:11:22.225  4666  4666 V PhoneGlobals: subId=2,mDefaultDataSubId=2,ss roaming=false
08-30 15:11:22.225  4666  4666 V PhoneGlobals: updateDataRoamingStatus
08-30 15:11:22.227  4666  4666 V PhoneGlobals: dataAllowed=true, reasons=Data allowed, reason: NORMAL
08-30 15:11:22.227  4349  4371 I SemPersonaManager: SecureFolder personaId = 150
08-30 15:11:22.229  5057  5284 I RegiMgr-NetEvtCtr<0>: onNetworkEventChanged:Changed Event: Network type(16=>13), Voice network(2=>13), VoPS(UNKNOWN=>NOT_SUPPORTED)
08-30 15:11:22.229  5057  5284 I UtServiceModule<0>: onNetworkChanged to NetworkEvent [network=13, voiceNetwork=13, voiceOverPs=NOT_SUPPORTED, outOfService=false, isDataRoaming=false, isVoiceRoaming=false, csOutOfService=false, isWifiConnected=true, isEpdgConnected=false, isEpdgAvailable=false, operatorNumeric=25501, isPsOnlyReg=false, isDataConnected=false]
08-30 15:11:22.229  5057  5284 I ImModule: onNetworkChanged phoneId:0, to NetworkEvent [network=13, voiceNetwork=13, voiceOverPs=NOT_SUPPORTED, outOfService=false, isDataRoaming=false, isVoiceRoaming=false, csOutOfService=false, isWifiConnected=true, isEpdgConnected=false, isEpdgAvailable=false, operatorNumeric=25501, isPsOnlyReg=false, isDataConnected=false]
08-30 15:11:22.229  5057  5284 I ImModule: updateFeatures: phoneId = 0
08-30 15:11:22.230  5057  5284 I ImsServiceSwitchEur[0]:  isRcsEnabled: true mDefaultSms true mUpsmEnabled false mEmergencyEnabled false
08-30 15:11:22.230  3976  3976 I Layer   : id=38304[1] Destroyed ActivityRecord{e4bff42 u0 com.example.dogglers/androidx.test.core.app.InstrumentationActivityInvoker$BootstrapActivity t1417}#0
08-30 15:11:22.230  5057  5284 I ImsServiceSwitchEur[0]:  isRcsEnabled: true mDefaultSms true mUpsmEnabled false mEmergencyEnabled false
08-30 15:11:22.231  4349  6779 I InputDispatcher: Focus left window (23627): 9e1a673 in display 0 0
08-30 15:11:22.232 23627 23627 D LifecycleMonitor: Lifecycle status change: androidx.test.core.app.InstrumentationActivityInvoker$EmptyActivity@cf8066d in: PRE_ON_CREATE
08-30 15:11:22.233 23627 23627 V ActivityScenario: Activity lifecycle changed event received but ignored because the intent does not match. startActivityIntent=Intent { act=android.intent.action.MAIN cat=[android.intent.category.LAUNCHER] cmp=com.example.dogglers/.GridListActivity }, activity.getIntent()=Intent { act=android.intent.action.MAIN cat=[android.intent.category.LAUNCHER] flg=0x10000000 cmp=com.example.dogglers/androidx.test.core.app.InstrumentationActivityInvoker$EmptyActivity }, activity=androidx.test.core.app.InstrumentationActivityInvoker$EmptyActivity@cf8066d
08-30 15:11:22.233  4708  4881 D NetworkController.SecMobileSignalController(0/2): onDataActivity: direction=0
08-30 15:11:22.240  5057  5284 I ImModule: isDefaultMessageAppInUse : true
08-30 15:11:22.240  5057  5284 E GlobalSettingsRepoBase: globalgcsettings No matched key : support_cancel_message
08-30 15:11:22.240  5057  5284 I ImsServiceSwitchEur[0]:  isRcsEnabled: true mDefaultSms true mUpsmEnabled false mEmergencyEnabled false
08-30 15:11:22.240  5057  5284 I ImsServiceSwitchEur[0]:  isRcsEnabled: true mDefaultSms true mUpsmEnabled false mEmergencyEnabled false
08-30 15:11:22.241  5057  5284 I ImsServiceSwitchEur[0]:  isRcsEnabled: true mDefaultSms true mUpsmEnabled false mEmergencyEnabled false
08-30 15:11:22.241  5057  5284 I ImsServiceSwitchEur[0]:  isRcsEnabled: true mDefaultSms true mUpsmEnabled false mEmergencyEnabled false
08-30 15:11:22.241  5057  5284 I ConfigProvider: query uri:xxxxx
08-30 15:11:22.244  4708  4881 D NetworkController.SecMobileSignalController(0/2): onDisplayInfoChanged: displayInfo=TelephonyDisplayInfo {network=LTE, override=NONE}, is5gAvailable = false
08-30 15:11:22.244  4708  4881 D MobileSignalIconsSelector: getDataIconGroup(): 13
08-30 15:11:22.246  4708  4881 D MobileSignalIconsSelector: getDataIconGroup(): connected=true,enabled=true,level=3,inetCondition=1,dataIconGroup=DataIconGroup(4G),activityIn=false,activityOut=false,lastModified=08-30 15:11:22.244,dataSim=true,networkName=Vodafone UA,networkNameData=Vodafone UA,dataConnected=false,roaming=false,isDefault=false,isEmergency=false,airplaneMode=false,carrierNetworkChangeMode=false,userSetup=true,defaultDataOff=false,cdmaEriIconIndex=-1,cdmaEriIconMode=-1,callState=0,voWifiConnected=false,shouldShowDisabledDataIcon=false,bluetoothTethered=false,isLTEFemtoCell=false,cardOperator=OTHERS,optionalRadioTech=0,isCAIndicator=false,isLimitedStateForCTCSlaveVoLTE=false,isSWRoaming=false,isMobileDataSettingEnabled=false,nwBoosterRilEnabled=false,nwBoosterSettingEnabled=false,emergencyModeActivated=false,ismmW5G=false,slotId=0,simState=LOADED,isDefaultDataSlot=true, iconSet = [I@4a17707
08-30 15:11:22.246  4708  4708 D StatusbarSignalPolicy: setMobileDataIndicators state = MobileIconState(subId=2, strengthId=2131233577, roaming=false, typeId=0, visible=true, activityId=0, roamingId=0, slotId=0)
08-30 15:11:22.248 23627 23627 I DecorView: [INFO] isPopOver=false, config=true
08-30 15:11:22.249 23627 23627 I DecorView: updateCaptionType >> DecorView@46e4b33[], isFloating=false, isApplication=true, hasWindowDecorCaption=false, hasWindowControllerCallback=true
08-30 15:11:22.249 23627 23627 D DecorView: setCaptionType = 0, this = DecorView@46e4b33[]
08-30 15:11:22.252  5057  5284 I ConfigProvider: queryStorage path content://com.samsung.rcs.autoconfigurationprovider/parameter/geolocPushAuth#simslot0
08-30 15:11:22.254 23627 23627 D LifecycleMonitor: Lifecycle status change: androidx.test.core.app.InstrumentationActivityInvoker$EmptyActivity@cf8066d in: CREATED
08-30 15:11:22.254  5057  5284 I FeatureUpdater: isEnableGls: true
08-30 15:11:22.254 23627 23627 V ActivityScenario: Activity lifecycle changed event received but ignored because the intent does not match. startActivityIntent=Intent { act=android.intent.action.MAIN cat=[android.intent.category.LAUNCHER] cmp=com.example.dogglers/.GridListActivity }, activity.getIntent()=Intent { act=android.intent.action.MAIN cat=[android.intent.category.LAUNCHER] flg=0x10000000 cmp=com.example.dogglers/androidx.test.core.app.InstrumentationActivityInvoker$EmptyActivity }, activity=androidx.test.core.app.InstrumentationActivityInvoker$EmptyActivity@cf8066d
08-30 15:11:22.254  5057  5284 I ImsServiceSwitchEur[0]:  isRcsEnabled: true mDefaultSms true mUpsmEnabled false mEmergencyEnabled false
08-30 15:11:22.255  5057  5284 I CapexInfo: getFeatureTag: features = 1099513200780 [128, 1099511627776, 4, 8, 524288, 1048576]
08-30 15:11:22.255  5057  5284 I FeatureUpdater: updateFeatures: +g.3gpp.iari-ref="urn%3Aurn-7%3A3gpp-application.ims.iari.rcs.fthttp",+g.3gpp.iari-ref="urn%3Aurn-7%3A3gpp-application.ims.iari.rcs.chatbot",+g.3gpp.iari-ref="urn%3Aurn-7%3A3gpp-application.ims.iari.rcse.im",+g.3gpp.iari-ref="urn%3Aurn-7%3A3gpp-application.ims.iari.rcs.fullsfgroupchat",+g.3gpp.iari-ref="urn%3Aurn-7%3A3gpp-application.ims.iari.rcs.geopush",+g.3gpp.iari-ref="urn%3Aurn-7%3A3gpp-application.ims.iari.joyn.intmsg",
08-30 15:11:22.255  5057  5284 I ImModule: FEATURE_CHATBOT_EXTENDED_MSG enabled ver:1.2
08-30 15:11:22.255  5057  5284 I UiUtils : isDualRcsReg: mIsDualRcsReg false
08-30 15:11:22.255  5057  5284 I SmsServiceModule: regInfo: null
08-30 15:11:22.255  5057  5284 I SmsServiceModule: disallow sms Service
08-30 15:11:22.255  5057  5284 I SmsServiceModule: Sms Service queryCapabilityStatus[0]: removeCapabilities CAPABILITY_TYPE_SMS
08-30 15:11:22.255  5057  5284 E CmcServiceHelper: disallow Call Service
08-30 15:11:22.255  5057  5284 E CmcServiceHelper: disallow Call Service
08-30 15:11:22.256  5057  5284 E GlobalSettingsRepoBase: globalgcsettings No matched key : ss_domain_setting
08-30 15:11:22.256  5057  5284 I UtServiceModule<0>: isUtEnabled with policy : CS_ALWAYS enabled = false
08-30 15:11:22.256  5057  5284 I PdnController: isConnected:  [true] networktype [1]
08-30 15:11:22.256  5057  5284 I RegiMgr : isPdnConnected: true, PdnType: 1
08-30 15:11:22.257 23627 23627 D LifecycleMonitor: Lifecycle status change: androidx.test.core.app.InstrumentationActivityInvoker$EmptyActivity@cf8066d in: STARTED
08-30 15:11:22.257  4065  4904 I GNSS_MEMS: TGT_MEMS SCSCMemsReportSensorDrops: dropped 0 events (spam) 1 events (rate limit) out of 210 total for sensor 0 since last report
08-30 15:11:22.257 23627 23627 V ActivityScenario: Activity lifecycle changed event received but ignored because the intent does not match. startActivityIntent=Intent { act=android.intent.action.MAIN cat=[android.intent.category.LAUNCHER] cmp=com.example.dogglers/.GridListActivity }, activity.getIntent()=Intent { act=android.intent.action.MAIN cat=[android.intent.category.LAUNCHER] flg=0x10000000 cmp=com.example.dogglers/androidx.test.core.app.InstrumentationActivityInvoker$EmptyActivity }, activity=androidx.test.core.app.InstrumentationActivityInvoker$EmptyActivity@cf8066d
08-30 15:11:22.261  5057  5284 I PdnController: getDefaultNetworkBearer:  WIFI
08-30 15:11:22.264  5057  5284 I PdnController: isWifiConnected: [type: WIFI[], state: CONNECTED/CONNECTED, reason: (unspecified), extra: , failover: false, available: true, roaming: false]
08-30 15:11:22.265  5057  5284 I RegiMgr-Utils<0>: findBestNetwork: WIFI needWifiNetwork = true
08-30 15:11:22.265  5057  5284 I RegiMgr : slot[0]: [Global GC RCS|REGISTERED] updateRegistration: reason= by network event changed, rat=18, isForceReRegi=false, immediately=false
08-30 15:11:22.266  5057  5284 I RegiGvnBase: checkRegiStatus: getState()=REGISTERED mIsUpdateRegistering=false
08-30 15:11:22.266  5057  5284 I RegiMgr<0>: getTelephonyCallStatus:
08-30 15:11:22.270  5057  5284 I ConfigProvider: query uri:xxxxx
08-30 15:11:22.275  5057  5284 I ConfigProvider: queryStorage path content://com.samsung.rcs.autoconfigurationprovider/parameter/version#simslot0
08-30 15:11:22.283  4349  4371 D EnterpriseDeviceManagerService: isMdmAdminPresentInternal() : MDM Admin Found - com.samsung.knox.securefolder
08-30 15:11:22.287  5057  5284 I RegisterTask: isSuspended: mSuspended(false) mSuspendByIrat(false)
08-30 15:11:22.287  5057  5284 I ConfigProvider: query uri:xxxxx
08-30 15:11:22.290 23627 23627 D LifecycleMonitor: Lifecycle status change: androidx.test.core.app.InstrumentationActivityInvoker$EmptyActivity@cf8066d in: RESUMED
08-30 15:11:22.291 23627 23627 V ActivityScenario: Activity lifecycle changed event received but ignored because the intent does not match. startActivityIntent=Intent { act=android.intent.action.MAIN cat=[android.intent.category.LAUNCHER] cmp=com.example.dogglers/.GridListActivity }, activity.getIntent()=Intent { act=android.intent.action.MAIN cat=[android.intent.category.LAUNCHER] flg=0x10000000 cmp=com.example.dogglers/androidx.test.core.app.InstrumentationActivityInvoker$EmptyActivity }, activity=androidx.test.core.app.InstrumentationActivityInvoker$EmptyActivity@cf8066d
08-30 15:11:22.295  5057  5284 I ConfigProvider: queryStorage path content://com.samsung.rcs.autoconfigurationprovider/parameter/UserPwd#simslot0
08-30 15:11:22.296  5057  5284 I RegiGvnBase<0>: isNeedToDeRegistration:
08-30 15:11:22.297  4349  4913 D InputTransport: Input channel constructed: '50cef90', fd=746
08-30 15:11:22.297  4349  4913 D InputTransport: Input channel constructed: '50cef90', fd=756
08-30 15:11:22.298  5057  5284 I ImsProfile: isRttSupportByCallApp : false ttyType : 1
08-30 15:11:22.298  5057  5284 I RegiMgr<0>: getServiceForNetwork: network 18
08-30 15:11:22.298  3976  6075 I SurfaceFlinger: id=38328 createSurf (0x0),-1 flag=80004, 50cef90 com.example.dogglers/androidx.test.core.app.InstrumentationActivityInvoker$EmptyActivity#0
08-30 15:11:22.298  5057  5284 I RegiMgr<0>: getServiceForNetwork: service {options, chatbot-communication, ft_http, im, euc, gls}
08-30 15:11:22.298  5057  5284 I ImsServiceSwitchEur[0]:  isRcsEnabled: true mDefaultSms true mUpsmEnabled false mEmergencyEnabled false
08-30 15:11:22.299  4349  4913 D WindowManager: isScreenshotDisabledLocked - win: Window{50cef90 u0 com.example.dogglers/androidx.test.core.app.InstrumentationActivityInvoker$EmptyActivity}
08-30 15:11:22.299  4349  4913 D WindowManager: isScreenshotDisabledLocked: userId = 0, disabled =false
08-30 15:11:22.299  4349  4913 D InputTransport: Input channel destroyed: '50cef90', fd=756
08-30 15:11:22.300 23627 23627 D InputTransport: Input channel constructed: '50cef90', fd=90
08-30 15:11:22.302 23627 23627 I ViewRootImpl@1fc6ee[InstrumentationActivityInvoker$EmptyActivity]: setView = com.android.internal.policy.DecorView@46e4b33 TM=true
08-30 15:11:22.305  4349  6779 D SamsungIMMSHWKeyboard: isConnectedDexOnPC false
08-30 15:11:22.305  4349  6779 D InputMethodManagerService: isImeSwitcherDisabledPackage : false
08-30 15:11:22.305 23627 23627 I SurfaceControl: nativeRelease nativeObject s[476571790048]
08-30 15:11:22.305 23627 23627 I SurfaceControl: nativeRelease nativeObject e[476571790048]
08-30 15:11:22.305 23627 23627 I SurfaceControl: nativeRelease nativeObject s[476571789952]
08-30 15:11:22.305 23627 23627 I SurfaceControl: nativeRelease nativeObject e[476571789952]
08-30 15:11:22.309  5057  5284 I ConfigTrigger<0>: isValidAcsVersion:
08-30 15:11:22.309  5057  5284 E GlobalSettingsRepoBase: globalgcsettings No matched key : dual_rcs_policy
08-30 15:11:22.310  5057  5284 I ConfigProvider: query uri:xxxxx
08-30 15:11:22.310  4349  4913 V WindowManager: Relayout Window{50cef90 u0 com.example.dogglers/androidx.test.core.app.InstrumentationActivityInvoker$EmptyActivity}: viewVisibility=0 req=720x1560
08-30 15:11:22.316  4349  4913 D WindowManager: isScreenshotDisabledLocked - win: Window{50cef90 u0 com.example.dogglers/androidx.test.core.app.InstrumentationActivityInvoker$EmptyActivity}
08-30 15:11:22.316  4349  4913 D WindowManager: isScreenshotDisabledLocked: userId = 0, disabled =false
08-30 15:11:22.317  5057  5284 I ConfigProvider: queryStorage path content://com.samsung.rcs.autoconfigurationprovider/parameter/version#simslot0
08-30 15:11:22.317  3976  6075 I SurfaceFlinger: id=38329 createSurf (720x1560),1 flag=404, com.example.dogglers/androidx.test.core.app.InstrumentationActivityInvoker$EmptyActivity$_23627#1
08-30 15:11:22.319  4349  6779 D SecContentProvider2: query(), uri = 18 selection = isRCSEnabled
08-30 15:11:22.319  4349  4913 I SurfaceControl: nativeRelease nativeObject s[476017199072]
08-30 15:11:22.320  4349  4913 I SurfaceControl: nativeRelease nativeObject e[476017199072]
08-30 15:11:22.320 14146 14146 I TrayStateController: systemUiVisibilityChanged : 0 0
08-30 15:11:22.320  4349  6779 I PhoneRestrictionPolicy: isRCSEnabledInternal(), showMsg: false, columnName: enableRCS
08-30 15:11:22.320  3976  5385 I SurfaceFlinger: id=38330 createSurf (0x0),-1 flag=24000, Surface(name=1096c8d StatusBar)/@0xeaf4dd0 - animation-leash#1
08-30 15:11:22.321  4349  6779 I PhoneRestrictionPolicy: isRCSEnabledInternal(), showMsg: false, columnName: enableRCSForSimSlot0
08-30 15:11:22.321  4349  4913 I SurfaceControl: nativeRelease nativeObject s[476017203296]
08-30 15:11:22.321  4349  4913 I SurfaceControl: nativeRelease nativeObject e[476017203296]
08-30 15:11:22.321  3976  5385 I SurfaceFlinger: id=38331 createSurf (0x0),-1 flag=24000, Surface(name=b07ecc5 NavigationBar0)/@0xa8376fc - animation-leash#0
08-30 15:11:22.323  4349  4913 V WindowManager: Relayout hash=50cef90, pid=23627: mAttrs={(0,0)(fillxfill) sim={adjust=pan forwardNavigation} ty=BASE_APPLICATION wanim=0x1030001
08-30 15:11:22.323  4349  4913 V WindowManager:   fl=1810100
08-30 15:11:22.323  4349  4913 V WindowManager:   pfl=12020000
08-30 15:11:22.323  4349  4913 V WindowManager:   fitSides= naviIconColor=0}
08-30 15:11:22.323  4349  4913 I SurfaceControl: nativeRelease nativeObject s[477998029472]
08-30 15:11:22.323  4349  4913 I SurfaceControl: nativeRelease nativeObject e[477998029472]
08-30 15:11:22.324  3976  5385 I Layer   : id=38323 removeFromCurrentState Surface(name=1096c8d StatusBar)/@0xeaf4dd0 - animation-leash#0 (96)
08-30 15:11:22.324  3976  5385 I Layer   : id=38324 removeFromCurrentState Surface(name=b07ecc5 NavigationBar0)/@0xa8376fc - animation-leash#1 (96)
08-30 15:11:22.325 23627 23627 I SurfaceControl: assignNativeObject: nativeObject = 0 Surface(name=null)/@0x638678f / android.view.SurfaceControl.readFromParcel:1117 android.view.IWindowSession$Stub$Proxy.relayout:1836 android.view.ViewRootImpl.relayoutWindow:9005 android.view.ViewRootImpl.performTraversals:3360 android.view.ViewRootImpl.doTraversal:2618 android.view.ViewRootImpl$TraversalRunnable.run:9971 android.view.Choreographer$CallbackRecord.run:1010 android.view.Choreographer.doCallbacks:809 android.view.Choreographer.doFrame:744 android.view.Choreographer$FrameDisplayEventReceiver.run:995
08-30 15:11:22.326 23627 23627 I ViewRootImpl@1fc6ee[InstrumentationActivityInvoker$EmptyActivity]: Relayout returned: old=(0,0,720,1560) new=(0,0,720,1560) req=(720,1560)0 dur=15 res=0x7 s={true 478231728128} ch=true fn=-1
08-30 15:11:22.327  5057  5284 I ConfigTrigger<0>: RCS switch: true, version: 3, isRcsAcsCompleted: true
08-30 15:11:22.327  5057  5284 I WorkflowBase: mLastErrorCode 200
08-30 15:11:22.327  5057  5284 I ImsServiceSwitchEur[0]:  isRcsEnabled: true mDefaultSms true mUpsmEnabled false mEmergencyEnabled false
08-30 15:11:22.327  5057  5284 I ImsServiceSwitchEur[0]:  isRcsEnabled: true mDefaultSms true mUpsmEnabled false mEmergencyEnabled false
08-30 15:11:22.327  5057  5284 I ImsServiceSwitchEur[0]:  isRcsEnabled: true mDefaultSms true mUpsmEnabled false mEmergencyEnabled false
08-30 15:11:22.327  5057  5284 I ImsServiceSwitchEur[0]:  isRcsEnabled: true mDefaultSms true mUpsmEnabled false mEmergencyEnabled false
08-30 15:11:22.327  5057  5284 I ImsServiceSwitchEur[0]:  isRcsEnabled: true mDefaultSms true mUpsmEnabled false mEmergencyEnabled false
08-30 15:11:22.327  5057  5284 I ImsServiceSwitchEur[0]:  isRcsEnabled: true mDefaultSms true mUpsmEnabled false mEmergencyEnabled false
08-30 15:11:22.327  5057  5284 I ImsServiceSwitchEur[0]:  isRcsEnabled: true mDefaultSms true mUpsmEnabled false mEmergencyEnabled false
08-30 15:11:22.327  5057  5284 I ImsServiceSwitchEur[0]:  isRcsEnabled: true mDefaultSms true mUpsmEnabled false mEmergencyEnabled false
08-30 15:11:22.327  5057  5284 I ImsServiceSwitchEur[0]:  isRcsEnabled: true mDefaultSms true mUpsmEnabled false mEmergencyEnabled false
08-30 15:11:22.327  5057  5284 I ImsServiceSwitchEur[0]:  isRcsEnabled: true mDefaultSms true mUpsmEnabled false mEmergencyEnabled false
08-30 15:11:22.327  5057  5284 I ImsServiceSwitchEur[0]:  isRcsEnabled: true mDefaultSms true mUpsmEnabled false mEmergencyEnabled false
08-30 15:11:22.328  5057  5284 I ImsServiceSwitchEur[0]:  isRcsEnabled: true mDefaultSms true mUpsmEnabled false mEmergencyEnabled false
08-30 15:11:22.328  5057  5284 I ImsServiceSwitchEur[0]:  isRcsEnabled: true mDefaultSms true mUpsmEnabled false mEmergencyEnabled false
08-30 15:11:22.328  5057  5284 I ImsServiceSwitchEur[0]:  isRcsEnabled: true mDefaultSms true mUpsmEnabled false mEmergencyEnabled false
08-30 15:11:22.328  5057  5284 I ImsServiceSwitchEur[0]:  isRcsEnabled: true mDefaultSms true mUpsmEnabled false mEmergencyEnabled false
08-30 15:11:22.331  3899 10978 D gralloc : [mali_gralloc_allocate] begin
08-30 15:11:22.331  3899 10978 D gralloc : buffer_descriptor: wh(720 1560) usage_pc(0x40000000000b00 0x40000000000b00) hal_format(0x1) layer_count(1) sizes(0 0 0) strde(0) byte_stride(0) alloc_wh(0 0) internal_format(0x0) alloc_format(0x0) fd_count(1) plane_count(0)
08-30 15:11:22.331  5057  5284 I RegiGvnBase: isVideoCallEnabled: Disable
08-30 15:11:22.331  5057  5284 I RegiMgr<0>: getServiceForNetwork: filtered service [ft_http, chatbot-communication, euc, im, options, gls]
08-30 15:11:22.331  5057  5284 I RegiMgr<0>: getServiceForNetwork: registered service [ft_http, chatbot-communication, euc, im, options, gls]
08-30 15:11:22.331  5057  5284 I RegiMgr-Utils<0>: updateRegistration: no need to re-register due to the policy
08-30 15:11:22.331  5057  5284 E GlobalSettingsRepoBase: globalgcsettings No matched key : remove_icon_nosvc
08-30 15:11:22.331  5057  5284 I RegiMgr<0>: updateRegistration: updateRegistrationIcon: remove_icon_nosvc: false
08-30 15:11:22.331  5057  5284 I RegisterTask: isSuspended: mSuspended(false) mSuspendByIrat(false)
08-30 15:11:22.331  5057  5284 E GlobalSettingsRepoBase: globalgcsettings No matched key : show_vowifi_regi_icon
08-30 15:11:22.331  5057  5284 E GlobalSettingsRepoBase: globalgcsettings No matched key : show_volte_regi_icon
08-30 15:11:22.332  5057  5284 E GlobalSettingsRepoBase: globalgcsettings No matched key : remove_icon_nosvc
08-30 15:11:22.332  5057  5284 I ImsIconManager<0>: Volte/RCS RegistrationIcon: turned off.
08-30 15:11:22.332  5057  5284 I ImsIconManager<0>: updateRegistrationIcon: VoLTE [show: false, regi: false] VoWiFi [show: true, regi: false] RCS [show: false, regi: true] (SUSPENDED: false)
08-30 15:11:22.332  5057  5284 I SimManager: getRilSimOperator: ETC
08-30 15:11:22.332  3899 10978 D gralloc : [mali_gralloc_allocate] allocation successful
08-30 15:11:22.332  5057  5284 I ImsIconManager<0>: needShowNoCTCVoLTEIcon: false
08-30 15:11:22.332  5057  5284 E GlobalSettingsRepoBase: globalgcsettings No matched key : show_rcs_regi_icon
08-30 15:11:22.332  5057  5284 I ImsIconManager<0>: isRcsIconVisible: true
08-30 15:11:22.333  5057  5284 E GlobalSettingsRepoBase: globalgcsettings No matched key : vowifi_operator_label
08-30 15:11:22.333  5057  5284 I PaniGenerator<0>: generate: subId - 2
08-30 15:11:22.333 23627 23627 I ViewRootImpl@1fc6ee[InstrumentationActivityInvoker$EmptyActivity]: [DP] dp(1) 1 android.view.ViewRootImpl.reportNextDraw:10957 android.view.ViewRootImpl.performTraversals:3845 android.view.ViewRootImpl.doTraversal:2618
08-30 15:11:22.333  3899 10978 D gralloc : [mali_gralloc_allocate] begin
08-30 15:11:22.333  3899 10978 D gralloc : buffer_descriptor: wh(720 1560) usage_pc(0x40000000000b00 0x40000000000b00) hal_format(0x1) layer_count(1) sizes(0 0 0) strde(0) byte_stride(0) alloc_wh(0 0) internal_format(0x0) alloc_format(0x0) fd_count(1) plane_count(0)
08-30 15:11:22.333 23627 23627 I ViewRootImpl@1fc6ee[InstrumentationActivityInvoker$EmptyActivity]: [DP] pd() Asnyc report
08-30 15:11:22.334  3899 10978 D gralloc : [mali_gralloc_allocate] allocation successful
08-30 15:11:22.335  5057  5284 I PaniGenerator<0>: generate: network=18, fallbackPlmn=
08-30 15:11:22.335  3899 10978 D gralloc : [mali_gralloc_allocate] begin
08-30 15:11:22.335  3899 10978 D gralloc : buffer_descriptor: wh(720 1560) usage_pc(0x40000000000b00 0x40000000000b00) hal_format(0x1) layer_count(1) sizes(0 0 0) strde(0) byte_stride(0) alloc_wh(0 0) internal_format(0x0) alloc_format(0x0) fd_count(1) plane_count(0)
08-30 15:11:22.335  5057  5284 E GlobalSettingsRepoBase: globalgcsettings No matched key : iwlan_pani_format
08-30 15:11:22.335  5057  5284 I PaniGenerator<0>: generateWiFiPani: Format for generating PANI - <PREFIX>;<NODE_ID>
08-30 15:11:22.336  3899 10978 D gralloc : [mali_gralloc_allocate] allocation successful
08-30 15:11:22.336  5057  5284 I PaniGenerator: WifiManager.getBSSID(): [3c:cd:57:70:16:5d]
08-30 15:11:22.337  5057  5284 I PaniGenerator<0>: generateWiFiPani: normalized PANI: IEEE-802.11;i-wlan-node-id=3ccd5770165d
08-30 15:11:22.337  5057  5284 I PaniGenerator: setLkcForLastPani: No Last PANI header for Global GC RCS
08-30 15:11:22.337  5057  5284 I UserAgent<0>: updatePani: pani=IEEE-802.11;i-wlan-node-id=3ccd5770165d, updatePani: lastPani=3GPP-E-UTRAN-FDD;utran-cell-id-3gpp=255065b0ce060b1f;"2023-08-30T15:11:22+0300"
08-30 15:11:22.338  5057  5628 I StackIF : updatePani: 12456 pani: [IEEE-802.11;i-wlan-node-id=3ccd5770165d, 3GPP-E-UTRAN-FDD;utran-cell-id-3gpp=255065b0ce060b1f;"2023-08-30T15:11:22+0300"]
08-30 15:11:22.338  5057  5628 I SECIMSJ : [6133]> 204
08-30 15:11:22.338  5057  5634 I [IMS6.0]: IMS_onResponse()
08-30 15:11:22.338  5057  5634 I StackIF : processMessage 2
08-30 15:11:22.338  5057  5634 I StackIF : Processing Response
08-30 15:11:22.339  5057  5634 I SECIMSJ : [6133]< 600
08-30 15:11:22.339  5057  5634 I StackIF : processResponse: reqId 600
08-30 15:11:22.339  5057  5634 I StackIF : processResponse: handle 12456 result 0 reason 0
08-30 15:11:22.339  5057  5284 I SimManager: getRilSimOperator: ETC
08-30 15:11:22.340 23627 23627 I ViewRootImpl@1fc6ee[InstrumentationActivityInvoker$EmptyActivity]: [DP] pdf(0) 1 android.view.ViewRootImpl.lambda$performDraw$1$ViewRootImpl:4668 android.view.-$$Lambda$ViewRootImpl$DJd0VUYJgsebcnSohO6h8zc_ONI.run:6 android.os.Handler.handleCallback:938
08-30 15:11:22.340 23627 23627 I ViewRootImpl@1fc6ee[InstrumentationActivityInvoker$EmptyActivity]: [DP] rdf()
08-30 15:11:22.340  5057  5284 I SimManager<0>: hasIsim: [false]
08-30 15:11:22.341  5057  5284 E GlobalSettingsRepoBase: globalgcsettings No matched key : use_usim_on_invalid_isim
08-30 15:11:22.341  5057  5284 I SimManager: mSimState:LOADED, mIsimLoaded:false, hasIsim():false
08-30 15:11:22.342  5057  5284 I SimManager: getRilSimOperator: ETC
08-30 15:11:22.343 23627 23627 I ViewRootImpl@bb5d5b5[InstrumentationActivityInvoker$EmptyActivity]: MSG_WINDOW_FOCUS_CHANGED 0 1
08-30 15:11:22.345  5057  5284 I SimManager<0>: hasIsim: [false]
08-30 15:11:22.345  5057  5284 E GlobalSettingsRepoBase: globalgcsettings No matched key : use_usim_on_invalid_isim
08-30 15:11:22.345  5057  5284 E GlobalSettingsRepoBase: globalgcsettings No matched key : ss_enable_in_roaming
08-30 15:11:22.345  4349  4372 D PkgPredictorService: pkg:com.example.dogglers activity:androidx.test.core.app.InstrumentationActivityInvoker$EmptyActivity thisTime:203
08-30 15:11:22.345  5057  5284 I RegiMgr-NetEvtCtr<0>: onNetworkEventChanged: tryRegister by phoneID
08-30 15:11:22.345  5057  5284 I RegiMgr<0>: tryRegister:
08-30 15:11:22.345  5057  5284 I RegiMgr<0>: RegisterTask(s): Global GC RCS (REGISTERED, rat = 18, service = [ft_http, chatbot-communication, euc, im, options, gls])
08-30 15:11:22.345  5057  5284 I RcsPolicyMgr<0>: pendingRcsRegister: mDefaultPhoneId = 0
08-30 15:11:22.345  5057  5284 I GeolocationCon: handleMessage : what = SERVICE_STATE_CHANGED
08-30 15:11:22.346  5057  5284 I GeolocationCon: onServiceStateChanged({mVoiceRegState=0(IN_SERVICE), mDataRegState=0(IN_SERVICE), mChannelNumber=3676, duplexMode()=1, mCellBandwidths=[], isManualNetworkSelection=true(manual), getRilVoiceRadioTechnology=14(LTE), getRilDataRadioTechnology=14(LTE), mCssIndicator=unsupported, mCdmaRoamingIndicator=-1, mCdmaDefaultRoamingIndicator=-1, VoiceRegType=0, ImsVoiceAvail=3, Snap=0, MobileVoice=IN_SERVICE, MobileData=IN_SERVICE, MobileDataRoamingType=home, MobileDataRat=LTE, PsOnly=false, FemtocellInd=0, SprDisplayRoam=false, NrBearerStatus=0, 5gStatus=0, mIsEmergencyOnly=false, isUsingCarrierAggregation=false, mLteEarfcnRsrpBoost=0, mNetworkRegistrationInfos=[NetworkRegistrationInfo{ domain=CS transportType=WWAN registrationState=HOME roamingType=NOT_ROAMING accessNetworkTechnology=LTE rejectCause=0 emergencyEnabled=false availableServices=[VOICE,SMS,VIDEO] cellIdentity=CellIdentityLte:{ mCi=1******15 mPci=320 mTac=1***2 mEarfcn=3676 mBands=[] mBandwidth=2147483647 mMcc=255 mMnc=01 mAlphaLong=Vodafone UA mAlphaShort=Vodafone UA mAdditionalPlmns={} mCsgInfo=null} voiceSpecificInfo=VoiceSpecificRegistrationInfo { mCssSupported=false mRoamingIndicator=0 mSystemIsInPrl=0 mDefaultRoamingIndicator=0} dataSpecificInfo=null nrState=NONE rRplmn=25501}, NetworkRegistrationInfo{ domain=PS transportType=WWAN registrationState=HOME roamingType=NOT_ROAMING accessNetworkTechnology=LTE rejectCause=0 emergencyEnabled=false availableServices=[DATA] cellIdentity=CellIdentityLte:{ mCi=1******15 mPci=320 mTac=1***2 mEarfcn=3676 mBands=[] mBandwidth=2147483647 mMcc=255 mMnc=01 mAlphaLong=Vodafone UA mAlphaShort=Vodafone UA mAdditionalPlmns={} mCsgInfo=null} voiceSpecificInfo=null dataSpecificInfo=android.telephony.DataSpecificRegistrationInfo :{ maxDataCalls = 4 isDcNrRestricted = false isNrAvailable = false isEnDcAvailable = false LteVopsSupportInfo :  mVopsSupport = 3 mEmcBearerSupport = 3 mIsUsingCarrierAggregation = false } nrState=NONE rRplmn=25501}], mNrFrequencyRange=0, mIsDataRoamingFromRegistration=false, mIsIwlanPreferred=false})
08-30 15:11:22.348  5057  5284 I GeolocationCon: onServiceStateChanged[0] : mCountryIso = ua, iso = ua
08-30 15:11:22.348  4349  4372 I SemDvfsHyPerManager: acquire hyper - AMS_RESUME_TAIL/4349@18, type = -999
08-30 15:11:22.348  4349  4376 I ActivityTaskManager: Displayed com.example.dogglers/androidx.test.core.app.InstrumentationActivityInvoker$EmptyActivity: +203ms
08-30 15:11:22.348  5057  5284 I PdnController<0>: onCellLocationChanged: ns=not null
08-30 15:11:22.348  5057  5284 I ImsCallSessionManager: onCellLocationChanged, phoneId: 0
08-30 15:11:22.348  4349  4372 I SemDvfsHyPerManager: acquire hyper - AMS_ACT_LAZY/4349@19, type = -999
08-30 15:11:22.348  5057  5284 I RegiMgr-Handler: handleMessage: EVENT_DO_PENDING_UPDATE_REGISTRATION
08-30 15:11:22.348  5057  5284 I RegiMgr-Handler: handleMessage: EVENT_CELL_LOCATION_CHANGED
08-30 15:11:22.348  3927  3954 I HYPER-HAL: [RequestManager.cpp]acquire(): Acquired ID : 9537546  [4349 / 18]    HINT : AMS_RESUME_TAIL    list :
08-30 15:11:22.348  5589  5589 E pageboostd: Received HALT command code 2
08-30 15:11:22.349  3927  3954 E HYPER-HAL: [HandlerSysfs.cpp]doResourceHandling(): Couldn't Open Sysfs - /sys/power/cstate_control
08-30 15:11:22.349  3927  3954 I HYPER-HAL: [ResourceManager.cpp]updateResource(): [CPUMinFreq] UpdateResource Request ID : 9537546    Value : 1560000
08-30 15:11:22.349  3927  3954 I HYPER-HAL: [RequestManager.cpp]acquire(): Acquired ID : 9541915  [4349 / 19]    HINT :      list :
08-30 15:11:22.349  5057  5284 I RegiMgr<0>: updatePani RegisterTask[0][mProfile=Global GC RCS, mRegistrationRat=18, mPdnType=1, mState=REGISTERED, mObject=UserAgent - :
08-30 15:11:22.349  5057  5284 I RegiMgr<0>:  total records=6691
08-30 15:11:22.349  5057  5284 I RegiMgr<0>:  rec[0]: time=08-30 15:09:39.139 processed=ReadyState org=RegisteredState dest=<null> what=34(0x22)
08-30 15:11:22.349  5057  5284 I RegiMgr<0>:  rec[1]: time=08-30 15:09:39.161 processed=ReadyState org=RegisteredState dest=<null> what=34(0x22)
08-30 15:11:22.349  5057  5284 I RegiMgr<0>:  rec[2]: time=08-30 15:09:44.364 processed=ReadyState org=RegisteredState dest=<null> what=34(0x22)
08-30 15:11:22.349  5057  5284 I RegiMgr<0>:  rec[3]: time=08-30 15:09:44.365 processed=ReadyState org=RegisteredState dest=<null> what=50(0x32)
08-30 15:11:22.349  5057  5284 I RegiMgr<0>:  rec[4]: time=08-30 15:09:49.873 processed=ReadyState org=RegisteredState dest=<null> what=34(0x22)
08-30 15:11:22.349  5057  5284 I RegiMgr<0>:  rec[5]: time=08-30 15:09:57.423 processed=ReadyState org=RegisteredState dest=<null> what=34(0x22)
08-30 15:11:22.349  5057  5284 I RegiMgr<0>:  rec[6]: time=08-30 15:10:01.256 processed=ReadyState org=RegisteredState dest=<null> what=34(0x22)
08-30 15:11:22.349  5057  5284 I RegiMgr<0>:  rec[7]: time=08-30 15:10:01.257 processed=ReadyState org=RegisteredState dest=<null> what=50(0x32)
08-30 15:11:22.349  5057  5284 I RegiMgr<0>:  rec[8]: time=08-30 15:10:01.412 processed=ReadyState org=RegisteredState dest=<null> what=34(0x22)
08-30 15:11:22.349  5057  5284 I RegiMgr<0>:  rec[9]: time=08-30 15:10:34.367 processed=ReadyState org=RegisteredState dest=<null> what=34(0x22)
08-30 15:11:22.349  5057  5284 I RegiMgr<0>:  rec[10]: time=08-30 15:10:34.369 processed=ReadyState org=RegisteredState dest=<null> what=50(0x32)
08-30 15:11:22.349  5057  5284 I RegiMgr<0>:  rec[11]: time=08-30 15:10:34.599 processed=ReadyState org=RegisteredState dest=<null> what=34(0x22)
08-30 15:11:22.349  5057  5284 I RegiMgr<0>:  rec[12]: time=08-30 15:10:34.632 processed=ReadyState org=RegisteredState dest=<null> what=34(0x22)
08-30 15:11:22.349  5057  5284 I RegiMgr<0>:  rec[13]: time=08-30 15:10:51.268 processed=ReadyState org=RegisteredState dest=<null> what=34(0x22)
08-30 15:11:22.349  5057  5284 I RegiMgr<0>:  rec[14]: time=08-30 15:10:51.268 processed=ReadyState org=RegisteredState dest=<null> what=50(0x32)
