08-30 15:11:09.978  3976  3976 D SurfaceFlinger: Display 0 HWC layers:
08-30 15:11:09.978  3976  3976 D SurfaceFlinger:      DEVICE | 0x74f0415340 | 0002 | RGBA_8888    |    0.0    0.0  720.0 1560.0 |    0    0  720 1560 | com.example.dogglers/com.example.dogglers.MainActivity$_23627#0
08-30 15:11:09.978  3976  3976 D SurfaceFlinger:      DEVICE | 0x75743a6fc0 | 0000 | RGBA_8888    |    0.0    0.0  720.0   53.0 |    0    0  720   53 | StatusBar$_4708#0
08-30 15:11:09.978  3976  3976 D SurfaceFlinger:      DEVICE | 0x74d157fa00 | 0000 | RGBA_8888    |    0.0    0.0   67.0  232.0 |  653  151  720  383 | com.samsung.android.app.cocktailbars[...]rservice.CocktailBarService$_14146#0
08-30 15:11:09.978  3976  3976 D SurfaceFlinger:      DEVICE | 0x75743a7380 | 0000 | RGBA_8888    |    0.0    0.0  720.0   84.0 |    0 1476  720 1560 | NavigationBar0$_4708#0
08-30 15:11:09.978  3976  3976 D SurfaceFlinger:      DEVICE | 0x74f0413e00 | 0000 | RGBA_8888    |    0.0    0.0  720.0  101.0 |    0    0  720  101 | ScreenDecorOverlay$_4708#0
08-30 15:11:09.978  3976  3976 D SurfaceFlinger:      DEVICE | 0x75743a7b00 | 0000 | RGBA_8888    |    0.0    0.0  720.0  101.0 |    0 1459  720 1560 | ScreenDecorOverlayBottom$_4708#0
08-30 15:11:09.978  3976  3976 D SurfaceFlinger:
08-30 15:11:09.986 23627 23627 D LifecycleMonitor: Lifecycle status change: com.example.dogglers.MainActivity@a39c5be in: PAUSED
08-30 15:11:09.987 23627 23627 V ActivityScenario: Update currentActivityStage to PAUSED, currentActivity=com.example.dogglers.MainActivity@a39c5be
08-30 15:11:09.991  4349  7290 V WindowOrientationListener: getProposedRotation: -1
08-30 15:11:09.991  4349  7290 V WindowOrientationListener: getProposedRotation: -1
08-30 15:11:09.993  4349  7290 V WindowOrientationListener: getProposedRotation: -1
08-30 15:11:09.995  4349  7290 D InputDispatcher: Focused application set to (0): 9a2a10b
08-30 15:11:10.007  4349  4372 I SurfaceControl: nativeRelease nativeObject s[476016291936]
08-30 15:11:10.007  4349  4372 I SurfaceControl: nativeRelease nativeObject e[476016291936]
08-30 15:11:10.008 12736 12736 I dnxg    : onPause
08-30 15:11:10.012  4349  4371 I SemPersonaManager: SecureFolder personaId = 150
08-30 15:11:10.017 23627 23627 D LifecycleMonitor: Lifecycle status change: com.example.dogglers.GridListActivity@f922bb7 in: PRE_ON_CREATE
08-30 15:11:10.017 23627 23627 V ActivityScenario: Activity lifecycle changed event received but ignored because the intent does not match. startActivityIntent=Intent { act=android.intent.action.MAIN cat=[android.intent.category.LAUNCHER] cmp=com.example.dogglers/.MainActivity }, activity.getIntent()=Intent { cmp=com.example.dogglers/.GridListActivity }, activity=com.example.dogglers.GridListActivity@f922bb7
08-30 15:11:10.023  3976  4001 I Layer   : id=38011 removeFromCurrentState Surface(name=Dim Layer for - Task=1410 - animating-dim)/@0xd35314b - animation-leash#0 (90)
08-30 15:11:10.023  4349  5464 I InputDispatcher: Focus left window (23627): 523f404 in display 0 0
08-30 15:11:10.023  3976  4001 I SurfaceFlinger: id=38011 Removed Surface(name=Dim Layer for - Task=1410 - animating-dim)/@0xd35314b - animation-leash#0 (90)
08-30 15:11:10.032  4349  4577 W SemWifiTransportLayerUtils: getApplicationCategory - IOException com.example.dogglers
08-30 15:11:10.032  4349  4577 W System.err: java.io.FileNotFoundException: https://play.google.com/store/apps/details?id=com.example.dogglers&hl=en
08-30 15:11:10.032  4349  4577 W System.err: 	at com.android.okhttp.internal.huc.HttpURLConnectionImpl.getInputStream(HttpURLConnectionImpl.java:255)
08-30 15:11:10.033  4349  4577 W System.err: 	at com.android.okhttp.internal.huc.DelegatingHttpsURLConnection.getInputStream(DelegatingHttpsURLConnection.java:211)
08-30 15:11:10.033  4349  4577 W System.err: 	at com.android.okhttp.internal.huc.HttpsURLConnectionImpl.getInputStream(HttpsURLConnectionImpl.java:30)
08-30 15:11:10.033  4349  4577 W System.err: 	at com.samsung.android.server.wifi.tcp.SemWifiTransportLayerUtils.getApplicationCategory(SemWifiTransportLayerUtils.java:103)
08-30 15:11:10.033  4349  4577 W System.err: 	at com.samsung.android.server.wifi.tcp.SemWifiTransportLayerMonitor$TcpMonitorHandler.handleMessage(SemWifiTransportLayerMonitor.java:242)
08-30 15:11:10.033  4349  4577 W System.err: 	at android.os.Handler.dispatchMessage(Handler.java:106)
08-30 15:11:10.033  4349  4577 W System.err: 	at android.os.Looper.loop(Looper.java:246)
08-30 15:11:10.033  4349  4577 W System.err: 	at android.os.HandlerThread.run(HandlerThread.java:67)
08-30 15:11:10.034  4349  4577 D SemWifiPackageInfo: isSkipCategory - skip:FAILED
08-30 15:11:10.034  4349  4577 D SemWifiTransportLayerMonitor.TcpMonitorHandler: MSG_SAVE_PACKAGE_INFO
08-30 15:11:10.034  4349  4577 D SemWifiTransportLayerFileManager: saveWifiPackageInfoToFile
08-30 15:11:10.034  4349  4577 D SemWifiTransportLayerFileManager: writeWifiPackageInfoList
08-30 15:11:10.038  3976  3976 I Layer   : id=38011[1] Destroyed Surface(name=Dim Layer for - Task=1410 - animating-dim)/@0xd35314b - animation-leash#0
08-30 15:11:10.039 23627 23627 I DecorView: [INFO] isPopOver=false, config=true
08-30 15:11:10.039 23627 23627 I DecorView: updateCaptionType >> DecorView@40c9ebc[], isFloating=false, isApplication=true, hasWindowDecorCaption=false, hasWindowControllerCallback=true
08-30 15:11:10.039 23627 23627 D DecorView: setCaptionType = 0, this = DecorView@40c9ebc[]
08-30 15:11:10.071 14146 14146 I Utils   : isCurrentUser current = 0, ownerId = 0
08-30 15:11:10.072 14146 14146 I TrayVisibilityController: getComputedTrayVisible : keyguardState = 1
08-30 15:11:10.072 14146 14146 I TrayVisibilityController: updateTrayVisible: State=1 visible=1 mCurrentVisible=1 specificMode=0
08-30 15:11:10.073 14146 14146 I TrayStateController: onNotifyUpdateTray: 0 to need to visible? true
08-30 15:11:10.074 23627 23627 D LifecycleMonitor: Lifecycle status change: com.example.dogglers.GridListActivity@f922bb7 in: CREATED
08-30 15:11:10.074  4349  4371 D EnterpriseDeviceManagerService: isMdmAdminPresentInternal() : MDM Admin Found - com.samsung.knox.securefolder
08-30 15:11:10.075 23627 23627 V ActivityScenario: Activity lifecycle changed event received but ignored because the intent does not match. startActivityIntent=Intent { act=android.intent.action.MAIN cat=[android.intent.category.LAUNCHER] cmp=com.example.dogglers/.MainActivity }, activity.getIntent()=Intent { cmp=com.example.dogglers/.GridListActivity }, activity=com.example.dogglers.GridListActivity@f922bb7
08-30 15:11:10.081 23627 23627 D LifecycleMonitor: Lifecycle status change: com.example.dogglers.GridListActivity@f922bb7 in: STARTED
08-30 15:11:10.081 23627 23627 V ActivityScenario: Activity lifecycle changed event received but ignored because the intent does not match. startActivityIntent=Intent { act=android.intent.action.MAIN cat=[android.intent.category.LAUNCHER] cmp=com.example.dogglers/.MainActivity }, activity.getIntent()=Intent { cmp=com.example.dogglers/.GridListActivity }, activity=com.example.dogglers.GridListActivity@f922bb7
08-30 15:11:10.084 23627 23627 D LifecycleMonitor: Lifecycle status change: com.example.dogglers.GridListActivity@f922bb7 in: RESUMED
08-30 15:11:10.085 23627 23627 V ActivityScenario: Activity lifecycle changed event received but ignored because the intent does not match. startActivityIntent=Intent { act=android.intent.action.MAIN cat=[android.intent.category.LAUNCHER] cmp=com.example.dogglers/.MainActivity }, activity.getIntent()=Intent { cmp=com.example.dogglers/.GridListActivity }, activity=com.example.dogglers.GridListActivity@f922bb7
08-30 15:11:10.089  4349  4372 I SurfaceControl: nativeRelease nativeObject s[476016219296]
08-30 15:11:10.089  4349  4372 I SurfaceControl: nativeRelease nativeObject e[476016219296]
08-30 15:11:10.090  4349  4372 I SurfaceControl: nativeRelease nativeObject s[476016291840]
08-30 15:11:10.090  4349  4372 I SurfaceControl: nativeRelease nativeObject e[476016291840]
08-30 15:11:10.093  4349  7290 D InputTransport: Input channel constructed: '232d71 ', fd=693
08-30 15:11:10.093  4349  7290 D InputTransport: Input channel constructed: '232d71 ', fd=714
08-30 15:11:10.094  3976  6075 I SurfaceFlinger: id=38020 createSurf (0x0),-1 flag=80004, 232d71 com.example.dogglers/com.example.dogglers.GridListActivity#0
08-30 15:11:10.094  4349  7290 D WindowManager: isScreenshotDisabledLocked - win: Window{232d71 u0 com.example.dogglers/com.example.dogglers.GridListActivity}
08-30 15:11:10.094  4349  7290 D WindowManager: isScreenshotDisabledLocked: userId = 0, disabled =false
08-30 15:11:10.095  4349  7290 D InputTransport: Input channel destroyed: '232d71 ', fd=714
08-30 15:11:10.095 23627 23627 D InputTransport: Input channel constructed: '232d71 ', fd=95
08-30 15:11:10.097 23627 23627 I ViewRootImpl@245a4bb[GridListActivity]: setView = com.android.internal.policy.DecorView@40c9ebc TM=true
08-30 15:11:10.106  3976  4001 I Layer   : id=38009 removeFromCurrentState Surface(name=ActivityRecord{7ff6f72 u0 com.example.dogglers/androidx.test.core.app.InstrumentationActivityInvoker$BootstrapActivity t1410})/@0xcd5f33c - animation-leash#0 (90)
08-30 15:11:10.106  3976  4001 I Layer   : id=38012 removeFromCurrentState Surface(name=ActivityRecord{7ff6f72 u0 com.example.dogglers/androidx.test.core.app.InstrumentationActivityInvoker$BootstrapActivity t1410})/@0xcd5f33c - animation-bounds#0 (90)
08-30 15:11:10.107  3976  6075 I SurfaceFlinger: id=38009 Removed Surface(name=ActivityRecord{7ff6f72 u0 com.example.dogglers/androidx.test.core.app.InstrumentationActivityInvoker$BootstrapActivity t1410})/@0xcd5f33c - animation-leash#0 (90)
08-30 15:11:10.107  3976  6075 I SurfaceFlinger: id=38012 Removed Surface(name=ActivityRecord{7ff6f72 u0 com.example.dogglers/androidx.test.core.app.InstrumentationActivityInvoker$BootstrapActivity t1410})/@0xcd5f33c - animation-bounds#0 (90)
08-30 15:11:10.112  4349  7290 V WindowManager: Relayout Window{232d71 u0 com.example.dogglers/com.example.dogglers.GridListActivity}: viewVisibility=0 req=720x1560
08-30 15:11:10.114  4349  7290 D WindowManager: isScreenshotDisabledLocked - win: Window{232d71 u0 com.example.dogglers/com.example.dogglers.GridListActivity}
08-30 15:11:10.114  4349  7290 D WindowManager: isScreenshotDisabledLocked: userId = 0, disabled =false
08-30 15:11:10.115  3976  4318 I SurfaceFlinger: id=38021 createSurf (720x1560),1 flag=404, com.example.dogglers/com.example.dogglers.GridListActivity$_23627#0
08-30 15:11:10.117  4349  7290 I SurfaceControl: nativeRelease nativeObject s[476016225728]
08-30 15:11:10.117  4349  7290 I SurfaceControl: nativeRelease nativeObject e[476016225728]
08-30 15:11:10.117 14146 14146 I TrayStateController: systemUiVisibilityChanged : 0 0
08-30 15:11:10.118  3976  4318 I SurfaceFlinger: id=38022 createSurf (0x0),-1 flag=24000, Surface(name=1096c8d StatusBar)/@0xeaf4dd0 - animation-leash#1
08-30 15:11:10.118  4349  7290 I SurfaceControl: nativeRelease nativeObject s[476016226112]
08-30 15:11:10.118  4349  7290 I SurfaceControl: nativeRelease nativeObject e[476016226112]
08-30 15:11:10.119  3976  4318 I SurfaceFlinger: id=38023 createSurf (0x0),-1 flag=24000, Surface(name=b07ecc5 NavigationBar0)/@0xa8376fc - animation-leash#0
08-30 15:11:10.120  4349  7290 V WindowManager: Relayout hash=232d71, pid=23627: mAttrs={(0,0)(fillxfill) sim={adjust=resize forwardNavigation} ty=BASE_APPLICATION wanim=0x1030304
08-30 15:11:10.120  4349  7290 V WindowManager:   fl=81810100
08-30 15:11:10.120  4349  7290 V WindowManager:   pfl=12020000
08-30 15:11:10.120  4349  7290 V WindowManager:   fitSides= naviIconColor=0}
08-30 15:11:10.121  4349  7290 I SurfaceControl: nativeRelease nativeObject s[476017810048]
08-30 15:11:10.121  4349  7290 I SurfaceControl: nativeRelease nativeObject e[476017810048]
08-30 15:11:10.122  3976  3976 I Layer   : id=38012[1] Destroyed Surface(name=ActivityRecord{7ff6f72 u0 com.example.dogglers/androidx.test.core.app.InstrumentationActivityInvoker$BootstrapActivity t1410})/@0xcd5f33c - animation-bounds#0
08-30 15:11:10.122  3976  3976 I Layer   : id=38009[1] Destroyed Surface(name=ActivityRecord{7ff6f72 u0 com.example.dogglers/androidx.test.core.app.InstrumentationActivityInvoker$BootstrapActivity t1410})/@0xcd5f33c - animation-leash#0
08-30 15:11:10.123 23627 23627 I SurfaceControl: assignNativeObject: nativeObject = 0 Surface(name=null)/@0x37a4dd8 / android.view.SurfaceControl.readFromParcel:1117 android.view.IWindowSession$Stub$Proxy.relayout:1836 android.view.ViewRootImpl.relayoutWindow:9005 android.view.ViewRootImpl.performTraversals:3360 android.view.ViewRootImpl.doTraversal:2618 android.view.ViewRootImpl$TraversalRunnable.run:9971 android.view.Choreographer$CallbackRecord.run:1010 android.view.Choreographer.doCallbacks:809 android.view.Choreographer.doFrame:744 android.view.Choreographer$FrameDisplayEventReceiver.run:995
08-30 15:11:10.123  3976  4318 I Layer   : id=38016 removeFromCurrentState Surface(name=b07ecc5 NavigationBar0)/@0xa8376fc - animation-leash#1 (91)
08-30 15:11:10.123  3976  4318 I Layer   : id=25 removeFromCurrentState b07ecc5 NavigationBar0#0 (91)
08-30 15:11:10.123  3976  4318 I Layer   : id=32 removeFromCurrentState NavigationBar0$_4708#0 (91)
08-30 15:11:10.123  3976  4318 I Layer   : id=38015 removeFromCurrentState Surface(name=1096c8d StatusBar)/@0xeaf4dd0 - animation-leash#0 (91)
08-30 15:11:10.123  3976  4318 I Layer   : id=25 addToCurrentState b07ecc5 NavigationBar0#0 (91)
08-30 15:11:10.123  3976  4318 I Layer   : id=32 addToCurrentState NavigationBar0$_4708#0 (91)
08-30 15:11:10.125 23627 23627 I ViewRootImpl@245a4bb[GridListActivity]: Relayout returned: old=(0,0,720,1560) new=(0,0,720,1560) req=(720,1560)0 dur=12 res=0x7 s={true 476139552768} ch=true fn=-1
08-30 15:11:10.129  3899 10978 D gralloc : [mali_gralloc_allocate] begin
08-30 15:11:10.129  3899 10978 D gralloc : buffer_descriptor: wh(720 1560) usage_pc(0x40000000000b00 0x40000000000b00) hal_format(0x1) layer_count(1) sizes(0 0 0) strde(0) byte_stride(0) alloc_wh(0 0) internal_format(0x0) alloc_format(0x0) fd_count(1) plane_count(0)
08-30 15:11:10.130  3899 10978 D gralloc : [mali_gralloc_allocate] allocation successful
08-30 15:11:10.130 12736 12736 I dnxg    : onStop
08-30 15:11:10.131  3899 10978 D gralloc : [mali_gralloc_allocate] begin
08-30 15:11:10.131  3899 10978 D gralloc : buffer_descriptor: wh(720 1560) usage_pc(0x40000000000b00 0x40000000000b00) hal_format(0x1) layer_count(1) sizes(0 0 0) strde(0) byte_stride(0) alloc_wh(0 0) internal_format(0x0) alloc_format(0x0) fd_count(1) plane_count(0)
08-30 15:11:10.132  3899 10978 D gralloc : [mali_gralloc_allocate] allocation successful
08-30 15:11:10.133  3899 10978 D gralloc : [mali_gralloc_allocate] begin
08-30 15:11:10.133  3899 10978 D gralloc : buffer_descriptor: wh(720 1560) usage_pc(0x40000000000b00 0x40000000000b00) hal_format(0x1) layer_count(1) sizes(0 0 0) strde(0) byte_stride(0) alloc_wh(0 0) internal_format(0x0) alloc_format(0x0) fd_count(1) plane_count(0)
08-30 15:11:10.133  3899 10978 D gralloc : [mali_gralloc_allocate] allocation successful
08-30 15:11:10.137  4065  4904 I GNSS_MEMS: TGT_MEMS SCSCMemsReportSensorDrops: dropped 0 events (spam) 2 events (rate limit) out of 52 total for sensor 0 since last report
08-30 15:11:10.367 23627 23627 I ViewRootImpl@245a4bb[GridListActivity]: [DP] dp(1) 1 android.view.ViewRootImpl.reportNextDraw:10957 android.view.ViewRootImpl.performTraversals:3845 android.view.ViewRootImpl.doTraversal:2618
08-30 15:11:10.367 23627 23627 I ViewRootImpl@245a4bb[GridListActivity]: [DP] pd() Asnyc report
08-30 15:11:10.381 14146 14146 I Utils   : isCurrentUser current = 0, ownerId = 0
08-30 15:11:10.382 14146 14146 I TrayVisibilityController: getComputedTrayVisible : keyguardState = 1
08-30 15:11:10.382 14146 14146 I TrayVisibilityController: updateTrayVisible: State=1 visible=1 mCurrentVisible=1 specificMode=0
08-30 15:11:10.382 14146 14146 I TrayStateController: onNotifyUpdateTray: 0 to need to visible? true
08-30 15:11:10.459 23627 23627 I ViewRootImpl@245a4bb[GridListActivity]: [DP] pdf(0) 1 android.view.ViewRootImpl.lambda$performDraw$1$ViewRootImpl:4668 android.view.-$$Lambda$ViewRootImpl$DJd0VUYJgsebcnSohO6h8zc_ONI.run:6 android.os.Handler.handleCallback:938
08-30 15:11:10.459 23627 23627 I ViewRootImpl@245a4bb[GridListActivity]: [DP] rdf()
08-30 15:11:10.464 23627 23627 I ViewRootImpl@6c91873[MainActivity]: MSG_WINDOW_FOCUS_CHANGED 0 1
08-30 15:11:10.465  3976  6075 I SurfaceFlinger: id=38024 createSurf (0x0),-1 flag=24000, Surface(name=ActivityRecord{612bb5b u0 com.example.dogglers/.MainActivity t1410})/@0x7b27f46 - animation-leash#0
08-30 15:11:10.466  3976  6075 I SurfaceFlinger: id=38025 createSurf (0x0),-1 flag=20004, Dim Layer for - Task=1410 - animating-dim#0
08-30 15:11:10.468  3976  6075 I SurfaceFlinger: id=38026 createSurf (0x0),-1 flag=24000, Surface(name=Dim Layer for - Task=1410 - animating-dim)/@0x690685c - animation-leash#0
08-30 15:11:10.469  3976  6075 I SurfaceFlinger: id=38027 createSurf (0x0),-1 flag=80004, Surface(name=ActivityRecord{612bb5b u0 com.example.dogglers/.MainActivity t1410})/@0x7b27f46 - animation-bounds#0
08-30 15:11:10.473  3976  6075 I SurfaceFlinger: id=38028 createSurf (0x0),-1 flag=24004, Surface(name=ActivityRecord{9a2a10b u0 com.example.dogglers/.GridListActivity t1410})/@0xc0f66f4 - animation-leash#0
08-30 15:11:10.474  3976  6075 I SurfaceFlinger: id=38029 createSurf (0x0),-1 flag=80004, Surface(name=ActivityRecord{9a2a10b u0 com.example.dogglers/.GridListActivity t1410})/@0xc0f66f4 - animation-bounds#0
08-30 15:11:10.475  4349  4372 D PkgPredictorService: pkg:com.example.dogglers activity:com.example.dogglers.GridListActivity thisTime:508
08-30 15:11:10.479  4349  4376 I ActivityTaskManager: Displayed com.example.dogglers/.GridListActivity: +508ms
08-30 15:11:10.479  5589  5589 E pageboostd: Received HALT command code 2
08-30 15:11:10.487 23627 23627 I SurfaceControl: nativeRelease nativeObject s[476571788128]
08-30 15:11:10.487 23627 23627 I SurfaceControl: nativeRelease nativeObject e[476571788128]
08-30 15:11:10.487 23627 23627 I SurfaceControl: nativeRelease nativeObject s[476571788032]
08-30 15:11:10.487 23627 23627 I SurfaceControl: nativeRelease nativeObject e[476571788032]
08-30 15:11:10.487  3927 23768 E HYPER-HAL: [HandlerSysfs.cpp]doResourceHandling(): Couldn't Open Sysfs - /sys/power/cstate_control
08-30 15:11:10.487  3927 23768 I HYPER-HAL: [ResourceManager.cpp]removeResource(): [CPUMinFreq] RemoveResource Request ID : 9537546
08-30 15:11:10.487  3976  6075 I SurfaceFlinger: id=38016 Removed Surface(name=b07ecc5 NavigationBar0)/@0xa8376fc - animation-leash#1 (97)
08-30 15:11:10.487 23627 23627 I SurfaceControl: nativeRelease nativeObject s[476571787744]
08-30 15:11:10.487 23627 23627 I SurfaceControl: nativeRelease nativeObject e[476571787744]
08-30 15:11:10.487  3976  6075 I SurfaceFlinger: id=38015 Removed Surface(name=1096c8d StatusBar)/@0xeaf4dd0 - animation-leash#0 (97)
08-30 15:11:10.488  3927 23768 I HYPER-HAL: [RequestManager.cpp]releaseLocked(): Released ID : 9537546
08-30 15:11:10.488  3976  3976 I Layer   : id=38015[1] Destroyed Surface(name=1096c8d StatusBar)/@0xeaf4dd0 - animation-leash#0
08-30 15:11:10.488  3976  3976 I Layer   : id=38016[1] Destroyed Surface(name=b07ecc5 NavigationBar0)/@0xa8376fc - animation-leash#1
08-30 15:11:10.490  4349  5464 I InputDispatcher: Focus entered window (23627): 232d71  in display 0 0
08-30 15:11:10.496 23627 23627 I ViewRootImpl@245a4bb[GridListActivity]: MSG_WINDOW_FOCUS_CHANGED 1 1
08-30 15:11:10.496 23627 23627 D InputMethodManager: prepareNavigationBarInfo() DecorView@40c9ebc[GridListActivity]
08-30 15:11:10.497 23627 23627 D InputMethodManager: getNavigationBarColor() -16711423
08-30 15:11:10.498 23627 23627 D InputMethodManager: prepareNavigationBarInfo() DecorView@40c9ebc[GridListActivity]
08-30 15:11:10.498 23627 23627 D InputMethodManager: getNavigationBarColor() -16711423
08-30 15:11:10.498 23627 23627 V InputMethodManager: Starting input: tba=com.example.dogglers ic=null mNaviBarColor -16711423 mIsGetNaviBarColorSuccess true , NavVisible : true , NavTrans : false
08-30 15:11:10.499 23627 23627 D InputMethodManager: startInputInner - Id : 0
08-30 15:11:10.499 23627 23627 I InputMethodManager: startInputInner - mService.startInputOrWindowGainedFocus
08-30 15:11:10.500  4349  5464 D InputMethodManagerService: mSecureKeypadEnabled = false
08-30 15:11:10.500  4349  5464 V InputMethodManagerService: hideCurrentInputLocked : shouldHideSoftInput is false
08-30 15:11:10.500  4349  5464 D InputMethodManagerService: mDesktopModeManager null!
08-30 15:11:10.500  4349  5464 V InputMethodManagerService: getDisplayIdOfInputMethodWindowToBeAdded : 0
08-30 15:11:10.500  4349  5464 D InputMethodManagerService: checkDisplayOfStartInputAndUpdateKeyboard display Id 0last 0
08-30 15:11:10.500  4349  5464 D InputTransport: Input channel constructed: 'ClientS', fd=714
08-30 15:11:10.500  4349  5464 D InputTransport: Input channel destroyed: 'ClientS', fd=714
08-30 15:11:10.501 23627 23627 D InputTransport: Input channel constructed: 'ClientS', fd=91
08-30 15:11:10.501 23627 23627 D InputTransport: Input channel destroyed: 'ClientS', fd=90
08-30 15:11:10.501  4349  5464 I SurfaceControl: nativeRelease nativeObject s[476016225440]
08-30 15:11:10.501  4349  5464 I SurfaceControl: nativeRelease nativeObject e[476016225440]
08-30 15:11:10.502  3976  4318 I SurfaceFlinger: id=38030 createSurf (0x0),-1 flag=24004, Surface(name=749d536 InputMethod)/@0x72f94d3 - animation-leash#1
08-30 15:11:10.503  7475  7475 I HBD     : HoneyBoardService onFinishInput
08-30 15:11:10.503  4349  7290 I SemDvfsHyPerManager: acquire hyper - AMS_RESUME_TAIL/4349@18, type = -999
08-30 15:11:10.503  4349  7290 I SemDvfsHyPerManager: acquire hyper - AMS_ACT_LAZY/4349@19, type = -999
08-30 15:11:10.503  7475  7475 I HBD     : a IC have been unbinded,  InputConnectionWrapper{idHash=#371fe37 mMissingMethods=}
08-30 15:11:10.503  7475  7475 I HBD     : HoneyBoardService [PF_CL][onFinishInput]  555193 ns
08-30 15:11:10.504  7475  7475 I HBD     : HoneyBoardService [IMI] onStartInput - caller pid : 23627 , caller uid : 10429
08-30 15:11:10.504  7475  7475 I HBD     : i updateConfigs
08-30 15:11:10.504  3927  3954 I HYPER-HAL: [RequestManager.cpp]acquire(): Acquired ID : 9537546  [4349 / 18]    HINT : AMS_RESUME_TAIL    list :
08-30 15:11:10.504  7475  7475 I HBD     : i isEnabledNightMode : true
08-30 15:11:10.504  7475  7475 I HBD     : a IC have been binded, InputConnectionWrapper{idHash=#371fe37 mMissingMethods=}
08-30 15:11:10.504  3881  3886 E statsd  : Predicate -7037417284711607308 dropping data for dimension key (10)0x2010101->10429[I] (10)0x30000->*launch*[S]
08-30 15:11:10.504  3927  3954 E HYPER-HAL: [HandlerSysfs.cpp]doResourceHandling(): Couldn't Open Sysfs - /sys/power/cstate_control
08-30 15:11:10.504  3927  3954 I HYPER-HAL: [ResourceManager.cpp]updateResource(): [CPUMinFreq] UpdateResource Request ID : 9537546    Value : 1560000
08-30 15:11:10.505  7475  7475 I HBD     : h [EditorInputType]setPrivateImeOptionsToTable privateImeOptions ( null )
08-30 15:11:10.505  7475  7475 I HBD     : b incognitoMode : false
08-30 15:11:10.505  3927  3954 I HYPER-HAL: [RequestManager.cpp]acquire(): Acquired ID : 9541915  [4349 / 19]    HINT :      list :
08-30 15:11:10.505  7475  7475 I HBD     : a needOff = true , isForceOff = false, isNullInputClass : true
08-30 15:11:10.505  3927  3954 E HYPER-HAL: [Request.cpp]acquire(): Request:: id : 9541915, No Resource to set
08-30 15:11:10.505  7475  7475 I HBD     : h getDefaultInputRange : UNKNOWN
08-30 15:11:10.505  7475  7475 I HBD     : h getDefaultInputRange : UNKNOWN
08-30 15:11:10.505  7475  7475 I HBD     : h getDefaultInputRange : UNKNOWN
08-30 15:11:10.505  3927  3954 E HYPER-HAL: [HandlerSysfs.cpp]doResourceHandling(): Couldn't Open Sysfs - /sys/power/cstate_control
08-30 15:11:10.505  3927  3954 I HYPER-HAL: [ResourceManager.cpp]removeResource(): [CPUMinFreq] RemoveResource Request ID : 9528811
08-30 15:11:10.506  3927  3954 I HYPER-HAL: [RequestManager.cpp]releaseLocked(): Released ID : 9528811
08-30 15:11:10.506  4349  5464 D SdpManagerService: Not an enterprise user : 0
08-30 15:11:10.506  4349  5464 D SdpManagerService: Not an enterprise user : 0
08-30 15:11:10.507  7475  7475 I HBD     : h getDefaultInputRange : UNKNOWN
08-30 15:11:10.508  7475  7475 I HBD     : a currentState : 0
08-30 15:11:10.509 23627 23627 D LifecycleMonitor: Lifecycle status change: androidx.test.core.app.InstrumentationActivityInvoker$BootstrapActivity@f505927 in: STOPPED
08-30 15:11:10.510  3976  4318 I Layer   : id=38018 removeFromCurrentState Surface(name=749d536 InputMethod)/@0x72f94d3 - animation-leash#0 (96)
08-30 15:11:10.510  3976  4318 I Layer   : id=83 removeFromCurrentState 749d536 InputMethod#0 (96)
08-30 15:11:10.510 23627 23627 V ActivityScenario: Activity lifecycle changed event received but ignored because the intent does not match. startActivityIntent=Intent { act=android.intent.action.MAIN cat=[android.intent.category.LAUNCHER] cmp=com.example.dogglers/.MainActivity }, activity.getIntent()=Intent { act=android.intent.action.MAIN cat=[android.intent.category.LAUNCHER] flg=0x10008000 cmp=com.example.dogglers/androidx.test.core.app.InstrumentationActivityInvoker$BootstrapActivity (has extras) }, activity=androidx.test.core.app.InstrumentationActivityInvoker$BootstrapActivity@f505927
08-30 15:11:10.510  3976  4318 I Layer   : id=83 addToCurrentState 749d536 InputMethod#0 (96)
08-30 15:11:10.511  3976  3976 D SurfaceFlinger: Display 0 HWC layers:
08-30 15:11:10.511  3976  3976 D SurfaceFlinger:      DEVICE | 0x74f0415480 | 0002 | RGBA_8888    |    0.0    5.0  720.0 1560.0 |    0    0  720 1555 | com.example.dogglers/com.example.dogglers.MainActivity$_23627#0
08-30 15:11:10.511  3976  3976 D SurfaceFlinger:      DEVICE | 0x75743a6340 | 0002 | RGBA_8888    |    0.0    0.0  720.0 1298.0 |    0  262  720 1560 | com.example.dogglers/com.example.dogglers.GridListActivity$_23627#0
08-30 15:11:10.511  3976  3976 D SurfaceFlinger:      DEVICE | 0x75743a6fc0 | 0000 | RGBA_8888    |    0.0    0.0  720.0   53.0 |    0    0  720   53 | StatusBar$_4708#0
08-30 15:11:10.511  3976  3976 D SurfaceFlinger:      DEVICE | 0x74d157fa00 | 0000 | RGBA_8888    |    0.0    0.0   67.0  232.0 |  653  151  720  383 | com.samsung.android.app.cocktailbars[...]rservice.CocktailBarService$_14146#0
08-30 15:11:10.511  3976  3976 D SurfaceFlinger:      DEVICE | 0x75743a7380 | 0000 | RGBA_8888    |    0.0    0.0  720.0   84.0 |    0 1476  720 1560 | NavigationBar0$_4708#0
08-30 15:11:10.511  3976  3976 D SurfaceFlinger:      DEVICE | 0x74f0413e00 | 0000 | RGBA_8888    |    0.0    0.0  720.0  101.0 |    0    0  720  101 | ScreenDecorOverlay$_4708#0
08-30 15:11:10.511  3976  3976 D SurfaceFlinger:      DEVICE | 0x75743a7b00 | 0000 | RGBA_8888    |    0.0    0.0  720.0  101.0 |    0 1459  720 1560 | Sc
08-30 15:11:10.511  3976  3976 D SurfaceFlinger: reenDecorOverlayBottom$_4708#0
08-30 15:11:10.511  3976  3976 D SurfaceFlinger:
08-30 15:11:10.513  7475  7475 I HBD     : h load selected json info : {"version":"1.0","currentLanguageOrder":2,"selected":[{"activeOptionList":["auto_replace","spell_check","auto_spacing"],"engName":"Russian","id":3342336,"inputType":"qwerty","isUsed":true},{"activeOptionList":["auto_replace","spell_check","auto_spacing"],"engName":"English","id":65537,"inputType":"qwerty","isUsed":true},{"activeOptionList":["auto_replace","spell_check","auto_spacing"],"engName":"Ukrainian","id":4456448,"inputType":"qwerty","isUsed":true}]}
08-30 15:11:10.514  7475  7475 I HBD     : a [UpdatePolicy] [post] a: 0 cl: 4456448 kit: [0/0] vt: 0 ir: 1
08-30 15:11:10.515  7475  7475 I HBD     : HoneyBoardService [PF_OP][onStartInput]  11197000 ns
08-30 15:11:10.517 23627 23627 I SurfaceControl: nativeRelease nativeObject s[476571790432]
08-30 15:11:10.517 23627 23627 I SurfaceControl: nativeRelease nativeObject e[476571790432]
08-30 15:11:10.517  3976  4318 I SurfaceFlinger: id=38018 Removed Surface(name=749d536 InputMethod)/@0x72f94d3 - animation-leash#0 (96)
08-30 15:11:10.519  4349  7290 D SamsungIMMSHWKeyboard: isConnectedDexOnPC false
08-30 15:11:10.519  4349  7290 D InputMethodManagerService: isImeSwitcherDisabledPackage : false
08-30 15:11:10.519 23627 23627 I SurfaceControl: nativeRelease nativeObject s[476571792832]
08-30 15:11:10.519 23627 23627 I SurfaceControl: nativeRelease nativeObject e[476571792832]
08-30 15:11:10.519 23627 23627 I SurfaceControl: nativeRelease nativeObject s[476571790240]
08-30 15:11:10.519 23627 23627 I SurfaceControl: nativeRelease nativeObject e[476571790240]
08-30 15:11:10.521  3976  3976 I Layer   : id=38018[1] Destroyed Surface(name=749d536 InputMethod)/@0x72f94d3 - animation-leash#0
08-30 15:11:10.527  3976  3976 D SurfaceFlinger: Display 0 HWC layers:
08-30 15:11:10.527  3976  3976 D SurfaceFlinger:      DEVICE | 0x74f0415480 | 0002 | RGBA_8888    |    0.0   13.0  720.0 1560.0 |    0    0  720 1547 | com.example.dogglers/com.example.dogglers.MainActivity$_23627#0
08-30 15:11:10.527  3976  3976 D SurfaceFlinger:  SOLID_COLOR |              | 0000 |  Unknown  |    0.0    0.0    0.0    0.0 |    0    0  720 1560 | Dim Layer for - Task=1410 - animating-dim#0
08-30 15:11:10.527  3976  3976 D SurfaceFlinger:      DEVICE | 0x75743a6340 | 0002 | RGBA_8888    |    0.0    0.0  720.0 1343.0 |    0  217  720 1560 | com.example.dogglers/com.example.dogglers.GridListActivity$_23627#0
08-30 15:11:10.527  3976  3976 D SurfaceFlinger:      DEVICE | 0x75743a6fc0 | 0000 | RGBA_8888    |    0.0    0.0  720.0   53.0 |    0    0  720   53 | StatusBar$_4708#0
08-30 15:11:10.527  3976  3976 D SurfaceFlinger:      DEVICE | 0x74d157fa00 | 0000 | RGBA_8888    |    0.0    0.0   67.0  232.0 |  653  151  720  383 | com.samsung.android.app.cocktailbars[...]rservice.CocktailBarService$_14146#0
08-30 15:11:10.527  3976  3976 D SurfaceFlinger:      DEVICE | 0x75743a7380 | 0000 | RGBA_8888    |    0.0    0.0  720.0   84.0 |    0 1476  720 1560 | NavigationBar0$_4708#0
08-30 15:11:10.527  3976  3976 D SurfaceFlinger:      DEVICE | 0x74f0413e00 | 0000 | RGBA_8888    |    0.0    0.0  720.0  101.0 |    0    0
08-30 15:11:10.527  3976  3976 D SurfaceFlinger:   720  101 | ScreenDecorOverlay$_4708#0
08-30 15:11:10.527  3976  3976 D SurfaceFlinger:      DEVICE | 0x75743a7b00 | 0000 | RGBA_8888    |    0.0    0.0  720.0  101.0 |    0 1459  720 1560 | ScreenDecorOverlayBottom$_4708#0
08-30 15:11:10.527  3976  3976 D SurfaceFlinger:
08-30 15:11:10.720 23627 23627 I ViewInteraction: Checking 'MatchesViewAssertion{viewMatcher=(view has effective visibility <VISIBLE> and view.getGlobalVisibleRect() to return non-empty rectangle)}' assertion on view view.getId() is <2131230937/com.example.dogglers:id/grid_recycler_view>
08-30 15:11:10.729  4349  5464 I SemDvfsHyPerManager: acquire hyper - AMS_ACT_START/4349@16, type = -999
08-30 15:11:10.729  3927  3954 I HYPER-HAL: [RequestManager.cpp]acquire(): Acquired ID : 9528811  [4349 / 16]    HINT : AMS_ACT_START    list :
08-30 15:11:10.730  3927  3954 E HYPER-HAL: [HandlerSysfs.cpp]doResourceHandling(): Couldn't Open Sysfs - /sys/power/cstate_control
08-30 15:11:10.730  3927  3954 I HYPER-HAL: [ResourceManager.cpp]updateResource(): [CPUMinFreq] UpdateResource Request ID : 9528811    Value : 1560000
08-30 15:11:10.730  3976  4318 I SurfaceFlinger: id=38031 createSurf (0x0),-1 flag=80004, ActivityRecord{9d47524 u0 com.example.dogglers/androidx.test.core.app.InstrumentationActivityInvoker$EmptyActivity t1410}#0
08-30 15:11:10.734  3881  3886 E statsd  : Predicate -7037417284711607308 dropping data for dimension key (10)0x2010101->10429[I] (10)0x30000->*launch*[S]
08-30 15:11:10.740 23627 23627 D LifecycleMonitor: Lifecycle status change: com.example.dogglers.GridListActivity@f922bb7 in: PAUSED
08-30 15:11:10.741 23627 23627 V ActivityScenario: Activity lifecycle changed event received but ignored because the intent does not match. startActivityIntent=Intent { act=android.intent.action.MAIN cat=[android.intent.category.LAUNCHER] cmp=com.example.dogglers/.MainActivity }, activity.getIntent()=Intent { cmp=com.example.dogglers/.GridListActivity }, activity=com.example.dogglers.GridListActivity@f922bb7
08-30 15:11:10.746  4349  7427 V WindowOrientationListener: getProposedRotation: -1
08-30 15:11:10.747  4349  7427 V WindowOrientationListener: getProposedRotation: -1
08-30 15:11:10.748  4349  7427 V WindowOrientationListener: getProposedRotation: -1
08-30 15:11:10.750  4349  7427 D InputDispatcher: Focused application set to (0): 9d47524
08-30 15:11:10.764 23627 23627 D LifecycleMonitor: Lifecycle status change: androidx.test.core.app.InstrumentationActivityInvoker$EmptyActivity@9d8b1c2 in: PRE_ON_CREATE
08-30 15:11:10.765 23627 23627 V ActivityScenario: Activity lifecycle changed event received but ignored because the intent does not match. startActivityIntent=Intent { act=android.intent.action.MAIN cat=[android.intent.category.LAUNCHER] cmp=com.example.dogglers/.MainActivity }, activity.getIntent()=Intent { act=android.intent.action.MAIN cat=[android.intent.category.LAUNCHER] flg=0x10000000 cmp=com.example.dogglers/androidx.test.core.app.InstrumentationActivityInvoker$EmptyActivity }, activity=androidx.test.core.app.InstrumentationActivityInvoker$EmptyActivity@9d8b1c2
08-30 15:11:10.767  4349  4371 I SemPersonaManager: SecureFolder personaId = 150
08-30 15:11:10.772  4349  7290 I InputDispatcher: Focus left window (23627): 232d71  in display 0 0
08-30 15:11:10.774 23627 23627 I DecorView: [INFO] isPopOver=false, config=true
08-30 15:11:10.774 23627 23627 I DecorView: updateCaptionType >> DecorView@96fb310[], isFloating=false, isApplication=true, hasWindowDecorCaption=false, hasWindowControllerCallback=true
08-30 15:11:10.774 23627 23627 D DecorView: setCaptionType = 0, this = DecorView@96fb310[]
08-30 15:11:10.782 23627 23627 D LifecycleMonitor: Lifecycle status change: androidx.test.core.app.InstrumentationActivityInvoker$EmptyActivity@9d8b1c2 in: CREATED
08-30 15:11:10.783 23627 23627 V ActivityScenario: Activity lifecycle changed event received but ignored because the intent does not match. startActivityIntent=Intent { act=android.intent.action.MAIN cat=[android.intent.category.LAUNCHER] cmp=com.example.dogglers/.MainActivity }, activity.getIntent()=Intent { act=android.intent.action.MAIN cat=[android.intent.category.LAUNCHER] flg=0x10000000 cmp=com.example.dogglers/androidx.test.core.app.InstrumentationActivityInvoker$EmptyActivity }, activity=androidx.test.core.app.InstrumentationActivityInvoker$EmptyActivity@9d8b1c2
08-30 15:11:10.785 23627 23627 D LifecycleMonitor: Lifecycle status change: androidx.test.core.app.InstrumentationActivityInvoker$EmptyActivity@9d8b1c2 in: STARTED
08-30 15:11:10.786  3883  3883 I Zygote  : Process 22552 exited due to signal 9 (Killed)
08-30 15:11:10.786 23627 23627 V ActivityScenario: Activity lifecycle changed event received but ignored because the intent does not match. startActivityIntent=Intent { act=android.intent.action.MAIN cat=[android.intent.category.LAUNCHER] cmp=com.example.dogglers/.MainActivity }, activity.getIntent()=Intent { act=android.intent.action.MAIN cat=[android.intent.category.LAUNCHER] flg=0x10000000 cmp=com.example.dogglers/androidx.test.core.app.InstrumentationActivityInvoker$EmptyActivity }, activity=androidx.test.core.app.InstrumentationActivityInvoker$EmptyActivity@9d8b1c2
08-30 15:11:10.787  4349  4380 I libprocessgroup: Successfully killed process cgroup uid 1000 pid 22552 in 22ms
08-30 15:11:10.789  4349  4372 I SurfaceControl: nativeRelease nativeObject s[476016219296]
08-30 15:11:10.789  4349  4372 I SurfaceControl: nativeRelease nativeObject e[476016219296]
08-30 15:11:10.805  3976  4001 I Layer   : id=38026 removeFromCurrentState Surface(name=Dim Layer for - Task=1410 - animating-dim)/@0x690685c - animation-leash#0 (96)
08-30 15:11:10.805  3976  4001 I SurfaceFlinger: id=38026 Removed Surface(name=Dim Layer for - Task=1410 - animating-dim)/@0x690685c - animation-leash#0 (96)
08-30 15:11:10.814  4349  4371 D EnterpriseDeviceManagerService: isMdmAdminPresentInternal() : MDM Admin Found - com.samsung.knox.securefolder
08-30 15:11:10.821  3976  3976 I Layer   : id=38026[1] Destroyed Surface(name=Dim Layer for - Task=1410 - animating-dim)/@0x690685c - animation-leash#0
08-30 15:11:10.826 23627 23627 D LifecycleMonitor: Lifecycle status change: androidx.test.core.app.InstrumentationActivityInvoker$EmptyActivity@9d8b1c2 in: RESUMED
08-30 15:11:10.827 23627 23627 V ActivityScenario: Activity lifecycle changed event received but ignored because the intent does not match. startActivityIntent=Intent { act=android.intent.action.MAIN cat=[android.intent.category.LAUNCHER] cmp=com.example.dogglers/.MainActivity }, activity.getIntent()=Intent { act=android.intent.action.MAIN cat=[android.intent.category.LAUNCHER] flg=0x10000000 cmp=com.example.dogglers/androidx.test.core.app.InstrumentationActivityInvoker$EmptyActivity }, activity=androidx.test.core.app.InstrumentationActivityInvoker$EmptyActivity@9d8b1c2
08-30 15:11:10.833  4349  6779 D InputTransport: Input channel constructed: 'efeaea7', fd=722
08-30 15:11:10.833  4349  6779 D InputTransport: Input channel constructed: 'efeaea7', fd=723
08-30 15:11:10.833  3976  4002 I SurfaceFlinger: id=38032 createSurf (0x0),-1 flag=80004, efeaea7 com.example.dogglers/androidx.test.core.app.InstrumentationActivityInvoker$EmptyActivity#0
08-30 15:11:10.834  4349  6779 D WindowManager: isScreenshotDisabledLocked - win: Window{efeaea7 u0 com.example.dogglers/androidx.test.core.app.InstrumentationActivityInvoker$EmptyActivity}
08-30 15:11:10.834  4349  6779 D WindowManager: isScreenshotDisabledLocked: userId = 0, disabled =false
08-30 15:11:10.834  4349  6779 D InputTransport: Input channel destroyed: 'efeaea7', fd=723
08-30 15:11:10.835 23627 23627 D InputTransport: Input channel constructed: 'efeaea7', fd=90
08-30 15:11:10.837 23627 23627 I ViewRootImpl@94d822f[InstrumentationActivityInvoker$EmptyActivity]: setView = com.android.internal.policy.DecorView@96fb310 TM=true
08-30 15:11:10.846  4349  6779 V WindowManager: Relayout Window{efeaea7 u0 com.example.dogglers/androidx.test.core.app.InstrumentationActivityInvoker$EmptyActivity}: viewVisibility=0 req=720x1560
08-30 15:11:10.848  4349  6779 D WindowManager: isScreenshotDisabledLocked - win: Window{efeaea7 u0 com.example.dogglers/androidx.test.core.app.InstrumentationActivityInvoker$EmptyActivity}
08-30 15:11:10.848  4349  6779 D WindowManager: isScreenshotDisabledLocked: userId = 0, disabled =false
08-30 15:11:10.849  3976  4001 I SurfaceFlinger: id=38033 createSurf (720x1560),1 flag=404, com.example.dogglers/androidx.test.core.app.InstrumentationActivityInvoker$EmptyActivity$_23627#0
08-30 15:11:10.851 14146 14146 I TrayStateController: systemUiVisibilityChanged : 0 0
08-30 15:11:10.851  4349  6779 I SurfaceControl: nativeRelease nativeObject s[477997555200]
08-30 15:11:10.851  4349  6779 I SurfaceControl: nativeRelease nativeObject e[477997555200]
08-30 15:11:10.852  3976  4002 I SurfaceFlinger: id=38034 createSurf (0x0),-1 flag=24000, Surface(name=1096c8d StatusBar)/@0xeaf4dd0 - animation-leash#0
08-30 15:11:10.853  4349  6779 I SurfaceControl: nativeRelease nativeObject s[477997555296]
08-30 15:11:10.853  4349  6779 I SurfaceControl: nativeRelease nativeObject e[477997555296]
08-30 15:11:10.853  3976  4002 I SurfaceFlinger: id=38035 createSurf (0x0),-1 flag=24000, Surface(name=b07ecc5 NavigationBar0)/@0xa8376fc - animation-leash#1
08-30 15:11:10.855  4349  6779 V WindowManager: Relayout hash=efeaea7, pid=23627: mAttrs={(0,0)(fillxfill) sim={adjust=pan forwardNavigation} ty=BASE_APPLICATION wanim=0x1030001
08-30 15:11:10.855  4349  6779 V WindowManager:   fl=1810100
08-30 15:11:10.855  4349  6779 V WindowManager:   pfl=12020000
08-30 15:11:10.855  4349  6779 V WindowManager:   fitSides= naviIconColor=0}
08-30 15:11:10.856  4349  6779 I SurfaceControl: nativeRelease nativeObject s[476016220448]
08-30 15:11:10.856  4349  6779 I SurfaceControl: nativeRelease nativeObject e[476016220448]
08-30 15:11:10.857  3976  6075 I Layer   : id=38022 removeFromCurrentState Surface(name=1096c8d StatusBar)/@0xeaf4dd0 - animation-leash#1 (99)
08-30 15:11:10.857  3976  6075 I Layer   : id=38023 removeFromCurrentState Surface(name=b07ecc5 NavigationBar0)/@0xa8376fc - animation-leash#0 (99)
08-30 15:11:10.858 23627 23627 I SurfaceControl: assignNativeObject: nativeObject = 0 Surface(name=null)/@0x304f03c / android.view.SurfaceControl.readFromParcel:1117 android.view.IWindowSession$Stub$Proxy.relayout:1836 android.view.ViewRootImpl.relayoutWindow:9005 android.view.ViewRootImpl.performTraversals:3360 android.view.ViewRootImpl.doTraversal:2618 android.view.ViewRootImpl$TraversalRunnable.run:9971 android.view.Choreographer$CallbackRecord.run:1010 android.view.Choreographer.doCallbacks:809 android.view.Choreographer.doFrame:744 android.view.Choreographer$FrameDisplayEventReceiver.run:995
08-30 15:11:10.860 23627 23627 I ViewRootImpl@94d822f[InstrumentationActivityInvoker$EmptyActivity]: Relayout returned: old=(0,0,720,1560) new=(0,0,720,1560) req=(720,1560)0 dur=13 res=0x7 s={true 478060556288} ch=true fn=-1
08-30 15:11:10.860  3976  3976 D SurfaceFlinger: Display 0 HWC layers:
08-30 15:11:10.860  3976  3976 D SurfaceFlinger:      DEVICE | 0x75743a6340 | 0002 | RGBA_8888    |    0.0    0.0  720.0 1560.0 |    0    0  720 1560 | com.example.dogglers/com.example.dogglers.GridListActivity$_23627#0
08-30 15:11:10.860  3976  3976 D SurfaceFlinger:      DEVICE | 0x75743a6fc0 | 0000 | RGBA_8888    |    0.0    0.0  720.0   53.0 |    0    0  720   53 | StatusBar$_4708#0
08-30 15:11:10.860  3976  3976 D SurfaceFlinger:      DEVICE | 0x74d157fa00 | 0000 | RGBA_8888    |    0.0    0.0   67.0  232.0 |  653  151  720  383 | com.samsung.android.app.cocktailbars[...]rservice.CocktailBarService$_14146#0
08-30 15:11:10.860  3976  3976 D SurfaceFlinger:      DEVICE | 0x75743a7380 | 0000 | RGBA_8888    |    0.0    0.0  720.0   84.0 |    0 1476  720 1560 | NavigationBar0$_4708#0
08-30 15:11:10.860  3976  3976 D SurfaceFlinger:      DEVICE | 0x74f0413e00 | 0000 | RGBA_8888    |    0.0    0.0  720.0  101.0 |    0    0  720  101 | ScreenDecorOverlay$_4708#0
08-30 15:11:10.860  3976  3976 D SurfaceFlinger:      DEVICE | 0x75743a7b00 | 0000 | RGBA_8888    |    0.0    0.0  720.0  101.0 |    0 1459  720 1560 | ScreenDecorOverlayBottom$_4708#0
08-30 15:11:10.860  3976  3976 D SurfaceFlinger:
08-30 15:11:10.863  3899 10978 D gralloc : [mali_gralloc_allocate] begin
08-30 15:11:10.863  3899 10978 D gralloc : buffer_descriptor: wh(720 1560) usage_pc(0x40000000000b00 0x40000000000b00) hal_format(0x1) layer_count(1) sizes(0 0 0) strde(0) byte_stride(0) alloc_wh(0 0) internal_format(0x0) alloc_format(0x0) fd_count(1) plane_count(0)
08-30 15:11:10.864 23627 23627 I ViewRootImpl@94d822f[InstrumentationActivityInvoker$EmptyActivity]: [DP] dp(1) 1 android.view.ViewRootImpl.reportNextDraw:10957 android.view.ViewRootImpl.performTraversals:3845 android.view.ViewRootImpl.doTraversal:2618
08-30 15:11:10.864 23627 23627 I ViewRootImpl@94d822f[InstrumentationActivityInvoker$EmptyActivity]: [DP] pd() Asnyc report
08-30 15:11:10.864  3899 10978 D gralloc : [mali_gralloc_allocate] allocation successful
08-30 15:11:10.865  3899 10978 D gralloc : [mali_gralloc_allocate] begin
08-30 15:11:10.865  3899 10978 D gralloc : buffer_descriptor: wh(720 1560) usage_pc(0x40000000000b00 0x40000000000b00) hal_format(0x1) layer_count(1) sizes(0 0 0) strde(0) byte_stride(0) alloc_wh(0 0) internal_format(0x0) alloc_format(0x0) fd_count(1) plane_count(0)
08-30 15:11:10.868  3899 10978 D gralloc : [mali_gralloc_allocate] allocation successful
08-30 15:11:10.869  3899 10978 D gralloc : [mali_gralloc_allocate] begin
08-30 15:11:10.869  3899 10978 D gralloc : buffer_descriptor: wh(720 1560) usage_pc(0x40000000000b00 0x40000000000b00) hal_format(0x1) layer_count(1) sizes(0 0 0) strde(0) byte_stride(0) alloc_wh(0 0) internal_format(0x0) alloc_format(0x0) fd_count(1) plane_count(0)
08-30 15:11:10.872 23627 23627 I ViewRootImpl@94d822f[InstrumentationActivityInvoker$EmptyActivity]: [DP] pdf(0) 1 android.view.ViewRootImpl.lambda$performDraw$1$ViewRootImpl:4668 android.view.-$$Lambda$ViewRootImpl$DJd0VUYJgsebcnSohO6h8zc_ONI.run:6 android.os.Handler.handleCallback:938
08-30 15:11:10.872  3899 10978 D gralloc : [mali_gralloc_allocate] allocation successful
08-30 15:11:10.872 23627 23627 I ViewRootImpl@94d822f[InstrumentationActivityInvoker$EmptyActivity]: [DP] rdf()
08-30 15:11:10.874 23627 23627 I ViewRootImpl@245a4bb[GridListActivity]: MSG_WINDOW_FOCUS_CHANGED 0 1
08-30 15:11:10.876  4349  4372 D PkgPredictorService: pkg:com.example.dogglers activity:androidx.test.core.app.InstrumentationActivityInvoker$EmptyActivity thisTime:148
08-30 15:11:10.877  4349  4376 I ActivityTaskManager: Displayed com.example.dogglers/androidx.test.core.app.InstrumentationActivityInvoker$EmptyActivity: +148ms
08-30 15:11:10.878  5589  5589 E pageboostd: Received HALT command code 2
08-30 15:11:10.883 23627 23627 I SurfaceControl: nativeRelease nativeObject s[476571790720]
08-30 15:11:10.883 23627 23627 I SurfaceControl: nativeRelease nativeObject e[476571790720]
08-30 15:11:10.883 23627 23627 I SurfaceControl: nativeRelease nativeObject s[476571790624]
08-30 15:11:10.883 23627 23627 I SurfaceControl: nativeRelease nativeObject e[476571790624]
08-30 15:11:10.884 23627 23627 I SurfaceControl: nativeRelease nativeObject s[476571790528]
08-30 15:11:10.884 23627 23627 I SurfaceControl: nativeRelease nativeObject e[476571790528]
08-30 15:11:10.884  3976  6075 I SurfaceFlinger: id=38023 Removed Surface(name=b07ecc5 NavigationBar0)/@0xa8376fc - animation-leash#0 (99)
08-30 15:11:10.884  3976  6075 I SurfaceFlinger: id=38022 Removed Surface(name=1096c8d StatusBar)/@0xeaf4dd0 - animation-leash#1 (99)
08-30 15:11:10.887  3976  3976 I Layer   : id=38022[1] Destroyed Surface(name=1096c8d StatusBar)/@0xeaf4dd0 - animation-leash#1
08-30 15:11:10.887  3976  3976 I Layer   : id=38023[1] Destroyed Surface(name=b07ecc5 NavigationBar0)/@0xa8376fc - animation-leash#0
08-30 15:11:10.888  4349  5464 I SemDvfsHyPerManager: acquire hyper - AMS_RESUME_TAIL/4349@18, type = -999
08-30 15:11:10.888  4349  5464 I SemDvfsHyPerManager: acquire hyper - AMS_ACT_LAZY/4349@19, type = -999
08-30 15:11:10.888  3927  3954 I HYPER-HAL: [RequestManager.cpp]acquire(): Acquired ID : 9537546  [4349 / 18]    HINT : AMS_RESUME_TAIL    list :
08-30 15:11:10.888  3927  3954 E HYPER-HAL: [HandlerSysfs.cpp]doResourceHandling(): Couldn't Open Sysfs - /sys/power/cstate_control
08-30 15:11:10.888  3927  3954 I HYPER-HAL: [ResourceManager.cpp]updateResource(): [CPUMinFreq] UpdateResource Request ID : 9537546    Value : 1560000
08-30 15:11:10.888  3927  3954 I HYPER-HAL: [RequestManager.cpp]acquire(): Acquired ID : 9541915  [4349 / 19]    HINT :      list :
08-30 15:11:10.889  3881  3886 E statsd  : Predicate -7037417284711607308 dropping data for dimension key (10)0x2010101->10429[I] (10)0x30000->*launch*[S]
08-30 15:11:10.889  4349  6779 I InputDispatcher: Focus entered window (23627): efeaea7 in display 0 0
08-30 15:11:10.889  3927  3954 E HYPER-HAL: [Request.cpp]acquire(): Request:: id : 9541915, No Resource to set
08-30 15:11:10.889  3927  3954 E HYPER-HAL: [HandlerSysfs.cpp]doResourceHandling(): Couldn't Open Sysfs - /sys/power/cstate_control
08-30 15:11:10.889  3927  3954 I HYPER-HAL: [ResourceManager.cpp]removeResource(): [CPUMinFreq] RemoveResource Request ID : 9528811
08-30 15:11:10.889  3927  3954 I HYPER-HAL: [RequestManager.cpp]releaseLocked(): Released ID : 9528811
08-30 15:11:10.890  4349  4372 I SurfaceControl: nativeRelease nativeObject s[476016226112]
08-30 15:11:10.890  4349  4372 I SurfaceControl: nativeRelease nativeObject e[476016226112]
08-30 15:11:10.890  4349  4372 I SurfaceControl: nativeRelease nativeObject s[476016291840]
08-30 15:11:10.890  4349  4372 I SurfaceControl: nativeRelease nativeObject e[476016291840]
08-30 15:11:10.890  4349  4372 I SurfaceControl: nativeRelease nativeObject s[477997555008]
08-30 15:11:10.890  4349  4372 I SurfaceControl: nativeRelease nativeObject e[477997555008]
08-30 15:11:10.891  4349  4372 I SurfaceControl: nativeRelease nativeObject s[476016291936]
08-30 15:11:10.891  4349  4372 I SurfaceControl: nativeRelease nativeObject e[476016291936]
08-30 15:11:10.892  4349  4372 I SurfaceControl: nativeRelease nativeObject s[476016225728]
08-30 15:11:10.892  4349  4372 I SurfaceControl: nativeRelease nativeObject e[476016225728]
08-30 15:11:10.895  3976  4318 I Layer   : id=38029 removeFromCurrentState Surface(name=ActivityRecord{9a2a10b u0 com.example.dogglers/.GridListActivity t1410})/@0xc0f66f4 - animation-bounds#0 (97)
08-30 15:11:10.895  3976  4318 I Layer   : id=38028 removeFromCurrentState Surface(name=ActivityRecord{9a2a10b u0 com.example.dogglers/.GridListActivity t1410})/@0xc0f66f4 - animation-leash#0 (97)
08-30 15:11:10.895  3976  4318 I Layer   : id=38019 removeFromCurrentState ActivityRecord{9a2a10b u0 com.example.dogglers/.GridListActivity t1410}#0 (97)
08-30 15:11:10.895  3976  4318 I Layer   : id=38020 removeFromCurrentState 232d71 com.example.dogglers/com.example.dogglers.GridListActivity#0 (97)
08-30 15:11:10.895  3976  4318 I Layer   : id=38021 removeFromCurrentState com.example.dogglers/com.example.dogglers.GridListActivity$_23627#0 (97)
08-30 15:11:10.895  3976  4318 I Layer   : id=38024 removeFromCurrentState Surface(name=ActivityRecord{612bb5b u0 com.example.dogglers/.MainActivity t1410})/@0x7b27f46 - animation-leash#0 (97)
08-30 15:11:10.895  3976  4318 I Layer   : id=38027 removeFromCurrentState Surface(name=ActivityRecord{612bb5b u0 com.example.dogglers/.MainActivity t1410})/@0x7b27f46 - animation-bounds#0 (97)
