08-30 15:11:15.853  3927  3954 E HYPER-HAL: [HandlerSysfs.cpp]doResourceHandling(): Couldn't Open Sysfs - /sys/power/cstate_control
08-30 15:11:15.853  3927  3954 I HYPER-HAL: [ResourceManager.cpp]updateResource(): [CPUMinFreq] UpdateResource Request ID : 9528811    Value : 1560000
08-30 15:11:15.853  3976  4002 I SurfaceFlinger: id=38162 createSurf (0x0),-1 flag=80004, ActivityRecord{47684f4 u0 com.example.dogglers/androidx.test.core.app.InstrumentationActivityInvoker$EmptyActivity t1413}#0
08-30 15:11:15.858  3881  3886 E statsd  : Predicate -7037417284711607308 dropping data for dimension key (10)0x2010101->10429[I] (10)0x30000->*launch*[S]
08-30 15:11:15.858  3976  3976 D SurfaceFlinger: Display 0 HWC layers:
08-30 15:11:15.858  3976  3976 D SurfaceFlinger:      DEVICE | 0x75743a5d00 | 0002 | RGBA_8888    |    0.0    0.0  720.0 1560.0 |    0    0  720 1560 | com.example.dogglers/com.example.dogglers.MainActivity$_23627#0
08-30 15:11:15.858  3976  3976 D SurfaceFlinger:      DEVICE | 0x75743a5940 | 0002 | RGBA_8888    |    0.0    0.0  720.0 1560.0 |    0    0  720 1560 | Splash Screen com.example.dogglers#0
08-30 15:11:15.858  3976  3976 D SurfaceFlinger:      DEVICE | 0x75743a6200 | 0000 | RGBA_8888    |    0.0    0.0  720.0   53.0 |    0    0  720   53 | StatusBar$_4708#0
08-30 15:11:15.858  3976  3976 D SurfaceFlinger:      DEVICE | 0x74d157fa00 | 0000 | RGBA_8888    |    0.0    0.0   67.0  232.0 |  653  151  720  383 | com.samsung.android.app.cocktailbars[...]rservice.CocktailBarService$_14146#0
08-30 15:11:15.858  3976  3976 D SurfaceFlinger:      DEVICE | 0x75743a7380 | 0000 | RGBA_8888    |    0.0    0.0  720.0   84.0 |    0 1476  720 1560 | NavigationBar0$_4708#0
08-30 15:11:15.858  3976  3976 D SurfaceFlinger:      DEVICE | 0x74f0413e00 | 0000 | RGBA_8888    |    0.0    0.0  720.0  101.0 |    0    0  720  101 | ScreenDecorOverlay$_4708#0
08-30 15:11:15.858  3976  3976 D SurfaceFlinger:      DEVICE | 0x75743a7b00 | 0000 | RGBA_8888    |    0.0    0.0  720.0  101.0 |    0 1459  720 1560 | ScreenDecorOverlayBottom$_4708#0
08-30 15:11:15.858  3976  3976 D SurfaceFlinger:
08-30 15:11:15.862 23627 23627 D LifecycleMonitor: Lifecycle status change: com.example.dogglers.MainActivity@97eb9f in: PAUSED
08-30 15:11:15.863 23627 23627 V ActivityScenario: Update currentActivityStage to PAUSED, currentActivity=com.example.dogglers.MainActivity@97eb9f
08-30 15:11:15.865  4349  6779 V WindowOrientationListener: getProposedRotation: -1
08-30 15:11:15.865  4349  6779 V WindowOrientationListener: getProposedRotation: -1
08-30 15:11:15.867  4349  6779 V WindowOrientationListener: getProposedRotation: -1
08-30 15:11:15.869  4349  6779 D InputDispatcher: Focused application set to (0): 47684f4
08-30 15:11:15.871  4349  6779 I SurfaceControl: nativeRelease nativeObject s[476007087680]
08-30 15:11:15.871  4349  6779 I SurfaceControl: nativeRelease nativeObject e[476007087680]
08-30 15:11:15.871 14146 14146 I TrayStateController: systemUiVisibilityChanged : 0 0
08-30 15:11:15.871  3976  4002 I SurfaceFlinger: id=38163 createSurf (0x0),-1 flag=24000, Surface(name=1096c8d StatusBar)/@0xeaf4dd0 - animation-leash#0
08-30 15:11:15.872  4349  6779 I SurfaceControl: nativeRelease nativeObject s[478079924608]
08-30 15:11:15.872  4349  6779 I SurfaceControl: nativeRelease nativeObject e[478079924608]
08-30 15:11:15.872  3976  4002 I SurfaceFlinger: id=38164 createSurf (0x0),-1 flag=24000, Surface(name=b07ecc5 NavigationBar0)/@0xa8376fc - animation-leash#1
08-30 15:11:15.876  5057  5634 I StackIF : processMessage 3
08-30 15:11:15.876  5057  5634 I StackIF : Processing Notify
08-30 15:11:15.876  5057  5634 I SECIMSJ : [UNSL]< 20001
08-30 15:11:15.876  5057  5634 I StackIF : processNotify: id 20001
08-30 15:11:15.876  5057  5634 I ResipMiscHandler: onAlarmRequested: delay=10000 id=15498
08-30 15:11:15.877  5057  5636 I reSIProcate: INFO | RESIP:TRANSPORT | TransportSelector.cxx:810 | Via=SIP/2.0/ ;branch=z9hG4bK-524287-1---8f7b4dade4746058;rport
08-30 15:11:15.877  5057  5636 I reSIProcate: INFO | RESIP:TRANSPORT | TransportSelector.cxx:811 | Target=[ V4 216.239.36.127:443 TLS target domain=216.239.36.127 mFlowKey=166 ] cport =0 ] mInterface= ] transportKey=490 ]
08-30 15:11:15.877  5057  5636 I reSIProcate: INFO | RESIP:TRANSPORT | TransportSelector.cxx:1656 | target.transportKey : 490, mTransports.size() : 1
08-30 15:11:15.878  5057  5636 I reSIProcate: INFO | RESIP:TRANSPORT | TransportSelector.cxx:1500 | Transmitting to [ V4 216.239.36.127:443 TLS target domain=216.239.36.127 mFlowKey=166 ] cport =0 ] mInterface= ] transportKey=490 ] tlsDomain= via [ V4 0.0.0.0:443 TLS target domain=unspecified mFlowKey=0 ] cport =0 ] mInterface= ] transportKey=0 ]
08-30 15:11:15.878  5057  5636 I reSIProcate:
08-30 15:11:15.878  5057  5636 I reSIProcate:
08-30 15:11:15.878  5057  5636 I reSIProcate: sigcomp id=
08-30 15:11:15.878  3976  4002 I Layer   : id=38158 removeFromCurrentState Surface(name=1096c8d StatusBar)/@0xeaf4dd0 - animation-leash#1 (99)
08-30 15:11:15.878  3976  4002 I Layer   : id=38159 removeFromCurrentState Surface(name=b07ecc5 NavigationBar0)/@0xa8376fc - animation-leash#0 (99)
08-30 15:11:15.879  5057  5636 I reSIProcate: INFO | RESIP:TRANSPORT | Connection.cxx:229 | Interface : wlan0, Tried to send 4 bytes, sent 4 bytes
08-30 15:11:15.885  4349  4372 I SurfaceControl: nativeRelease nativeObject s[476017199264]
08-30 15:11:15.885  4349  4372 I SurfaceControl: nativeRelease nativeObject e[476017199264]
08-30 15:11:15.886  4349  4372 I SurfaceControl: nativeRelease nativeObject s[476008573152]
08-30 15:11:15.886  4349  4372 I SurfaceControl: nativeRelease nativeObject e[476008573152]
08-30 15:11:15.887  3976  4002 I Layer   : id=38148 removeFromCurrentState Splash Screen com.example.dogglers#0 (99)
08-30 15:11:15.887  4349  4372 I SurfaceControl: nativeRelease nativeObject s[476016225632]
08-30 15:11:15.887  4349  4372 I SurfaceControl: nativeRelease nativeObject e[476016225632]
08-30 15:11:15.888  4349  4372 I SurfaceControl: nativeRelease nativeObject s[478079924800]
08-30 15:11:15.888  4349  4372 I SurfaceControl: nativeRelease nativeObject e[478079924800]
08-30 15:11:15.889 14146 14146 I TrayStateController: systemUiVisibilityChanged : 0 0
08-30 15:11:15.889  3976  4002 I SurfaceFlinger: id=38165 createSurf (0x0),-1 flag=24000, Surface(name=1096c8d StatusBar)/@0xeaf4dd0 - animation-leash#1
08-30 15:11:15.890  4349  4372 I SurfaceControl: nativeRelease nativeObject s[476021493216]
08-30 15:11:15.890  4349  4372 I SurfaceControl: nativeRelease nativeObject e[476021493216]
08-30 15:11:15.890  3976  4002 I SurfaceFlinger: id=38166 createSurf (0x0),-1 flag=24000, Surface(name=b07ecc5 NavigationBar0)/@0xa8376fc - animation-leash#0
08-30 15:11:15.892  3976  4002 I Layer   : id=38147 removeFromCurrentState d5355a7 Splash Screen com.example.dogglers#0 (101)
08-30 15:11:15.892  3976  4002 I Layer   : id=38160 removeFromCurrentState Surface(name=d5355a7 Splash Screen com.example.dogglers)/@0x9a264a2 - animation-leash#0 (101)
08-30 15:11:15.892  3976  4002 I Layer   : id=38163 removeFromCurrentState Surface(name=1096c8d StatusBar)/@0xeaf4dd0 - animation-leash#0 (101)
08-30 15:11:15.892  3976  4002 I Layer   : id=29 removeFromCurrentState 1096c8d StatusBar#0 (101)
08-30 15:11:15.892  3976  4002 I Layer   : id=36 removeFromCurrentState StatusBar$_4708#0 (101)
08-30 15:11:15.892  3976  4002 I Layer   : id=38164 removeFromCurrentState Surface(name=b07ecc5 NavigationBar0)/@0xa8376fc - animation-leash#1 (101)
08-30 15:11:15.892  3976  4002 I Layer   : id=25 removeFromCurrentState b07ecc5 NavigationBar0#0 (101)
08-30 15:11:15.892  3976  4002 I Layer   : id=32 removeFromCurrentState NavigationBar0$_4708#0 (101)
08-30 15:11:15.892  3976  4002 I Layer   : id=29 addToCurrentState 1096c8d StatusBar#0 (101)
08-30 15:11:15.892  3976  4002 I Layer   : id=36 addToCurrentState StatusBar$_4708#0 (101)
08-30 15:11:15.892  3976  4002 I Layer   : id=25 addToCurrentState b07ecc5 NavigationBar0#0 (101)
08-30 15:11:15.892  3976  4002 I Layer   : id=32 addToCurrentState NavigationBar0$_4708#0 (101)
08-30 15:11:15.892  3976  6075 I SurfaceFlinger: id=38147 Removed d5355a7 Splash Screen com.example.dogglers#0 (101)
08-30 15:11:15.893  3976  4002 I SurfaceFlinger: id=38160 Removed Surface(name=d5355a7 Splash Screen com.example.dogglers)/@0x9a264a2 - animation-leash#0 (101)
08-30 15:11:15.893  3976  4002 I SurfaceFlinger: id=38148 Removed Splash Screen com.example.dogglers#0 (101)
08-30 15:11:15.895 23627 23627 D LifecycleMonitor: Lifecycle status change: androidx.test.core.app.InstrumentationActivityInvoker$EmptyActivity@777015e in: PRE_ON_CREATE
08-30 15:11:15.895 23627 23627 V ActivityScenario: Activity lifecycle changed event received but ignored because the intent does not match. startActivityIntent=Intent { act=android.intent.action.MAIN cat=[android.intent.category.LAUNCHER] cmp=com.example.dogglers/.MainActivity }, activity.getIntent()=Intent { act=android.intent.action.MAIN cat=[android.intent.category.LAUNCHER] flg=0x10000000 cmp=com.example.dogglers/androidx.test.core.app.InstrumentationActivityInvoker$EmptyActivity }, activity=androidx.test.core.app.InstrumentationActivityInvoker$EmptyActivity@777015e
08-30 15:11:15.898  4349  4371 I SemPersonaManager: SecureFolder personaId = 150
08-30 15:11:15.901  3976  3976 I Layer   : id=38160[1] Destroyed Surface(name=d5355a7 Splash Screen com.example.dogglers)/@0x9a264a2 - animation-leash#0
08-30 15:11:15.901  3976  3976 I Layer   : id=38147[1] Destroyed d5355a7 Splash Screen com.example.dogglers#0
08-30 15:11:15.902  4349  4468 I InputDispatcher: Focus left window (23627): b93a74b in display 0 0
08-30 15:11:15.904  3976  3976 I Layer   : id=38148[1] Destroyed Splash Screen com.example.dogglers#0
08-30 15:11:15.907  3976  3976 D SurfaceFlinger: Display 0 HWC layers:
08-30 15:11:15.907  3976  3976 D SurfaceFlinger:      DEVICE | 0x75743a5d00 | 0002 | RGBA_8888    |    0.0    0.0  720.0 1560.0 |    0    0  720 1560 | com.example.dogglers/com.example.dogglers.MainActivity$_23627#0
08-30 15:11:15.907  3976  3976 D SurfaceFlinger:      DEVICE | 0x75743a6200 | 0000 | RGBA_8888    |    0.0    0.0  720.0   53.0 |    0    0  720   53 | StatusBar$_4708#0
08-30 15:11:15.907  3976  3976 D SurfaceFlinger:      DEVICE | 0x74d157fa00 | 0000 | RGBA_8888    |    0.0    0.0   67.0  232.0 |  653  151  720  383 | com.samsung.android.app.cocktailbars[...]rservice.CocktailBarService$_14146#0
08-30 15:11:15.907  3976  3976 D SurfaceFlinger:      DEVICE | 0x75743a7380 | 0000 | RGBA_8888    |    0.0    0.0  720.0   84.0 |    0 1476  720 1560 | NavigationBar0$_4708#0
08-30 15:11:15.907  3976  3976 D SurfaceFlinger:      DEVICE | 0x74f0413e00 | 0000 | RGBA_8888    |    0.0    0.0  720.0  101.0 |    0    0  720  101 | ScreenDecorOverlay$_4708#0
08-30 15:11:15.907  3976  3976 D SurfaceFlinger:      DEVICE | 0x75743a7b00 | 0000 | RGBA_8888    |    0.0    0.0  720.0  101.0 |    0 1459  720 1560 | ScreenDecorOverlayBottom$_4708#0
08-30 15:11:15.907  3976  3976 D SurfaceFlinger:
08-30 15:11:15.907 12736 12736 I dnxg    : onPause
08-30 15:11:15.908 23627 23627 I DecorView: [INFO] isPopOver=false, config=true
08-30 15:11:15.909 23627 23627 I DecorView: updateCaptionType >> DecorView@3fa320c[], isFloating=false, isApplication=true, hasWindowDecorCaption=false, hasWindowControllerCallback=true
08-30 15:11:15.909 23627 23627 D DecorView: setCaptionType = 0, this = DecorView@3fa320c[]
08-30 15:11:15.918 23627 23627 D LifecycleMonitor: Lifecycle status change: androidx.test.core.app.InstrumentationActivityInvoker$EmptyActivity@777015e in: CREATED
08-30 15:11:15.918 23627 23627 V ActivityScenario: Activity lifecycle changed event received but ignored because the intent does not match. startActivityIntent=Intent { act=android.intent.action.MAIN cat=[android.intent.category.LAUNCHER] cmp=com.example.dogglers/.MainActivity }, activity.getIntent()=Intent { act=android.intent.action.MAIN cat=[android.intent.category.LAUNCHER] flg=0x10000000 cmp=com.example.dogglers/androidx.test.core.app.InstrumentationActivityInvoker$EmptyActivity }, activity=androidx.test.core.app.InstrumentationActivityInvoker$EmptyActivity@777015e
08-30 15:11:15.921 23627 23627 D LifecycleMonitor: Lifecycle status change: androidx.test.core.app.InstrumentationActivityInvoker$EmptyActivity@777015e in: STARTED
08-30 15:11:15.922 23627 23627 V ActivityScenario: Activity lifecycle changed event received but ignored because the intent does not match. startActivityIntent=Intent { act=android.intent.action.MAIN cat=[android.intent.category.LAUNCHER] cmp=com.example.dogglers/.MainActivity }, activity.getIntent()=Intent { act=android.intent.action.MAIN cat=[android.intent.category.LAUNCHER] flg=0x10000000 cmp=com.example.dogglers/androidx.test.core.app.InstrumentationActivityInvoker$EmptyActivity }, activity=androidx.test.core.app.InstrumentationActivityInvoker$EmptyActivity@777015e
08-30 15:11:15.934  5057  5636 I reSIProcate: INFO | RESIP:TRANSPORT | Connection.cxx:450 | Connection::performReads()  read=2
08-30 15:11:15.935  5057  5634 I StackIF : processMessage 3
08-30 15:11:15.935  5057  5634 I StackIF : Processing Notify
08-30 15:11:15.935  5057  5634 I SECIMSJ : [UNSL]< 20002
08-30 15:11:15.935  5057  5634 I StackIF : processNotify: id 20002
08-30 15:11:15.935  5057  5634 I ResipMiscHandler: onAlarmCancelled: id=15498
08-30 15:11:15.936  5057  5634 I StackIF : processMessage 3
08-30 15:11:15.936  5057  5634 I StackIF : Processing Notify
08-30 15:11:15.936  5057  5634 I SECIMSJ : [UNSL]< 20001
08-30 15:11:15.937  5057  5634 I StackIF : processNotify: id 20001
08-30 15:11:15.937  5057  5634 I ResipMiscHandler: onAlarmRequested: delay=198000 id=15499
08-30 15:11:15.944  4349  4371 D EnterpriseDeviceManagerService: isMdmAdminPresentInternal() : MDM Admin Found - com.samsung.knox.securefolder
08-30 15:11:15.951  4349  4372 I SurfaceControl: nativeRelease nativeObject s[478247336704]
08-30 15:11:15.951  4349  4372 I SurfaceControl: nativeRelease nativeObject e[478247336704]
08-30 15:11:15.957 23627 23627 D LifecycleMonitor: Lifecycle status change: androidx.test.core.app.InstrumentationActivityInvoker$EmptyActivity@777015e in: RESUMED
08-30 15:11:15.957 23627 23627 V ActivityScenario: Activity lifecycle changed event received but ignored because the intent does not match. startActivityIntent=Intent { act=android.intent.action.MAIN cat=[android.intent.category.LAUNCHER] cmp=com.example.dogglers/.MainActivity }, activity.getIntent()=Intent { act=android.intent.action.MAIN cat=[android.intent.category.LAUNCHER] flg=0x10000000 cmp=com.example.dogglers/androidx.test.core.app.InstrumentationActivityInvoker$EmptyActivity }, activity=androidx.test.core.app.InstrumentationActivityInvoker$EmptyActivity@777015e
08-30 15:11:15.963  4349  5464 D InputTransport: Input channel constructed: '24f368b', fd=707
08-30 15:11:15.963  4349  5464 D InputTransport: Input channel constructed: '24f368b', fd=708
08-30 15:11:15.964  3976  4002 I SurfaceFlinger: id=38167 createSurf (0x0),-1 flag=80004, 24f368b com.example.dogglers/androidx.test.core.app.InstrumentationActivityInvoker$EmptyActivity#0
08-30 15:11:15.965  4349  5464 D WindowManager: isScreenshotDisabledLocked - win: Window{24f368b u0 com.example.dogglers/androidx.test.core.app.InstrumentationActivityInvoker$EmptyActivity}
08-30 15:11:15.965  4349  5464 D WindowManager: isScreenshotDisabledLocked: userId = 0, disabled =false
08-30 15:11:15.965  4349  5464 D InputTransport: Input channel destroyed: '24f368b', fd=708
08-30 15:11:15.965 23627 23627 D InputTransport: Input channel constructed: '24f368b', fd=91
08-30 15:11:15.967 23627 23627 I ViewRootImpl@3865a5b[InstrumentationActivityInvoker$EmptyActivity]: setView = com.android.internal.policy.DecorView@3fa320c TM=true
08-30 15:11:15.968  3976  4002 I Layer   : id=38154 removeFromCurrentState Surface(name=Dim Layer for - Task=1413 - animating-dim)/@0xab759a1 - animation-leash#0 (99)
08-30 15:11:15.969  3976  4002 I SurfaceFlinger: id=38154 Removed Surface(name=Dim Layer for - Task=1413 - animating-dim)/@0xab759a1 - animation-leash#0 (99)
08-30 15:11:15.971 23627 23627 I SurfaceControl: nativeRelease nativeObject s[480791763456]
08-30 15:11:15.971 23627 23627 I SurfaceControl: nativeRelease nativeObject e[480791763456]
08-30 15:11:15.971 23627 23627 I SurfaceControl: nativeRelease nativeObject s[480791760672]
08-30 15:11:15.971 23627 23627 I SurfaceControl: nativeRelease nativeObject e[480791760672]
08-30 15:11:15.971 23627 23627 I SurfaceControl: nativeRelease nativeObject s[480791760576]
08-30 15:11:15.971 23627 23627 I SurfaceControl: nativeRelease nativeObject e[480791760576]
08-30 15:11:15.971  3976  4002 I SurfaceFlinger: id=38159 Removed Surface(name=b07ecc5 NavigationBar0)/@0xa8376fc - animation-leash#0 (99)
08-30 15:11:15.971  3976  4318 I SurfaceFlinger: id=38158 Removed Surface(name=1096c8d StatusBar)/@0xeaf4dd0 - animation-leash#1 (99)
08-30 15:11:15.976  4349  5464 V WindowManager: Relayout Window{24f368b u0 com.example.dogglers/androidx.test.core.app.InstrumentationActivityInvoker$EmptyActivity}: viewVisibility=0 req=720x1560
08-30 15:11:15.979  4349  5464 D WindowManager: isScreenshotDisabledLocked - win: Window{24f368b u0 com.example.dogglers/androidx.test.core.app.InstrumentationActivityInvoker$EmptyActivity}
08-30 15:11:15.979  4349  5464 D WindowManager: isScreenshotDisabledLocked: userId = 0, disabled =false
08-30 15:11:15.980  3976  4318 I SurfaceFlinger: id=38168 createSurf (720x1560),1 flag=404, com.example.dogglers/androidx.test.core.app.InstrumentationActivityInvoker$EmptyActivity$_23627#0
08-30 15:11:15.982  4349  5464 I SurfaceControl: nativeRelease nativeObject s[476008574304]
08-30 15:11:15.982  4349  5464 I SurfaceControl: nativeRelease nativeObject e[476008574304]
08-30 15:11:15.982 14146 14146 I TrayStateController: systemUiVisibilityChanged : 0 0
08-30 15:11:15.983  3976  4002 I SurfaceFlinger: id=38169 createSurf (0x0),-1 flag=24000, Surface(name=1096c8d StatusBar)/@0xeaf4dd0 - animation-leash#0
08-30 15:11:15.984  4349  5464 I SurfaceControl: nativeRelease nativeObject s[476008574592]
08-30 15:11:15.984  4349  5464 I SurfaceControl: nativeRelease nativeObject e[476008574592]
08-30 15:11:15.984  3976  3976 I Layer   : id=38158[1] Destroyed Surface(name=1096c8d StatusBar)/@0xeaf4dd0 - animation-leash#1
08-30 15:11:15.984  3976  3976 I Layer   : id=38159[1] Destroyed Surface(name=b07ecc5 NavigationBar0)/@0xa8376fc - animation-leash#0
08-30 15:11:15.984  3976  3976 I Layer   : id=38154[1] Destroyed Surface(name=Dim Layer for - Task=1413 - animating-dim)/@0xab759a1 - animation-leash#0
08-30 15:11:15.985  3976  4318 I SurfaceFlinger: id=38170 createSurf (0x0),-1 flag=24000, Surface(name=b07ecc5 NavigationBar0)/@0xa8376fc - animation-leash#1
08-30 15:11:15.987  4349  5464 V WindowManager: Relayout hash=24f368b, pid=23627: mAttrs={(0,0)(fillxfill) sim={adjust=pan forwardNavigation} ty=BASE_APPLICATION wanim=0x1030001
08-30 15:11:15.987  4349  5464 V WindowManager:   fl=1810100
08-30 15:11:15.987  4349  5464 V WindowManager:   pfl=12020000
08-30 15:11:15.987  4349  5464 V WindowManager:   fitSides= naviIconColor=0}
08-30 15:11:15.987  4349  5464 I SurfaceControl: nativeRelease nativeObject s[476007086528]
08-30 15:11:15.987  4349  5464 I SurfaceControl: nativeRelease nativeObject e[476007086528]
08-30 15:11:15.988 11488 23401 I Finsky  : [70875] tds.p(41): Completed 0 account content syncs with 0 successful.
08-30 15:11:15.989  3976  4318 I Layer   : id=38165 removeFromCurrentState Surface(name=1096c8d StatusBar)/@0xeaf4dd0 - animation-leash#1 (99)
08-30 15:11:15.989  3976  4318 I Layer   : id=29 removeFromCurrentState 1096c8d StatusBar#0 (99)
08-30 15:11:15.989  3976  4318 I Layer   : id=36 removeFromCurrentState StatusBar$_4708#0 (99)
08-30 15:11:15.989  3976  4318 I Layer   : id=38166 removeFromCurrentState Surface(name=b07ecc5 NavigationBar0)/@0xa8376fc - animation-leash#0 (99)
08-30 15:11:15.989  3976  4318 I Layer   : id=29 addToCurrentState 1096c8d StatusBar#0 (99)
08-30 15:11:15.989  3976  4318 I Layer   : id=36 addToCurrentState StatusBar$_4708#0 (99)
08-30 15:11:15.989 11488 11488 I Finsky  : [2] ContentSyncJob.a(14): [ContentSync] Installation state replication succeeded.
08-30 15:11:15.990 11488 11488 I Finsky  : [2] yvj.r(83): SCH: jobFinished: 12-1. TimeElapsed: 1658ms.
08-30 15:11:15.990 23627 23627 I SurfaceControl: assignNativeObject: nativeObject = 0 Surface(name=null)/@0xd1e62f8 / android.view.SurfaceControl.readFromParcel:1117 android.view.IWindowSession$Stub$Proxy.relayout:1836 android.view.ViewRootImpl.relayoutWindow:9005 android.view.ViewRootImpl.performTraversals:3360 android.view.ViewRootImpl.doTraversal:2618 android.view.ViewRootImpl$TraversalRunnable.run:9971 android.view.Choreographer$CallbackRecord.run:1010 android.view.Choreographer.doCallbacks:809 android.view.Choreographer.doFrame:744 android.view.Choreographer$FrameDisplayEventReceiver.run:995
08-30 15:11:15.992 23627 23627 I ViewRootImpl@3865a5b[InstrumentationActivityInvoker$EmptyActivity]: Relayout returned: old=(0,0,720,1560) new=(0,0,720,1560) req=(720,1560)0 dur=15 res=0x7 s={true 478231502848} ch=true fn=-1
08-30 15:11:15.994  3899 10978 D gralloc : [mali_gralloc_allocate] begin
08-30 15:11:15.994  3899 10978 D gralloc : buffer_descriptor: wh(720 1560) usage_pc(0x40000000000b00 0x40000000000b00) hal_format(0x1) layer_count(1) sizes(0 0 0) strde(0) byte_stride(0) alloc_wh(0 0) internal_format(0x0) alloc_format(0x0) fd_count(1) plane_count(0)
08-30 15:11:15.995 23627 23627 I ViewRootImpl@3865a5b[InstrumentationActivityInvoker$EmptyActivity]: [DP] dp(1) 1 android.view.ViewRootImpl.reportNextDraw:10957 android.view.ViewRootImpl.performTraversals:3845 android.view.ViewRootImpl.doTraversal:2618
08-30 15:11:15.996 23627 23627 I ViewRootImpl@3865a5b[InstrumentationActivityInvoker$EmptyActivity]: [DP] pd() Asnyc report
08-30 15:11:15.996  3899 10978 D gralloc : [mali_gralloc_allocate] allocation successful
08-30 15:11:15.997  3899 10978 D gralloc : [mali_gralloc_allocate] begin
08-30 15:11:15.997  3899 10978 D gralloc : buffer_descriptor: wh(720 1560) usage_pc(0x40000000000b00 0x40000000000b00) hal_format(0x1) layer_count(1) sizes(0 0 0) strde(0) byte_stride(0) alloc_wh(0 0) internal_format(0x0) alloc_format(0x0) fd_count(1) plane_count(0)
08-30 15:11:15.999  3899 10978 D gralloc : [mali_gralloc_allocate] allocation successful
08-30 15:11:15.999  3899 10978 D gralloc : [mali_gralloc_allocate] begin
08-30 15:11:15.999  3899 10978 D gralloc : buffer_descriptor: wh(720 1560) usage_pc(0x40000000000b00 0x40000000000b00) hal_format(0x1) layer_count(1) sizes(0 0 0) strde(0) byte_stride(0) alloc_wh(0 0) internal_format(0x0) alloc_format(0x0) fd_count(1) plane_count(0)
08-30 15:11:16.003 23627 23627 I ViewRootImpl@3865a5b[InstrumentationActivityInvoker$EmptyActivity]: [DP] pdf(0) 1 android.view.ViewRootImpl.lambda$performDraw$1$ViewRootImpl:4668 android.view.-$$Lambda$ViewRootImpl$DJd0VUYJgsebcnSohO6h8zc_ONI.run:6 android.os.Handler.handleCallback:938
08-30 15:11:16.003 23627 23627 I ViewRootImpl@3865a5b[InstrumentationActivityInvoker$EmptyActivity]: [DP] rdf()
08-30 15:11:16.004  3899 10978 D gralloc : [mali_gralloc_allocate] allocation successful
08-30 15:11:16.005 23627 23627 I SurfaceControl: nativeRelease nativeObject s[478061396768]
08-30 15:11:16.006 23627 23627 I SurfaceControl: nativeRelease nativeObject e[478061396768]
08-30 15:11:16.008  4349  4372 D PkgPredictorService: pkg:com.example.dogglers activity:androidx.test.core.app.InstrumentationActivityInvoker$EmptyActivity thisTime:159
08-30 15:11:16.009  4349  4376 I ActivityTaskManager: Displayed com.example.dogglers/androidx.test.core.app.InstrumentationActivityInvoker$EmptyActivity: +159ms
08-30 15:11:16.010  5589  5589 E pageboostd: Received HALT command code 2
08-30 15:11:16.012 23627 23627 I ViewRootImpl@45402b0[MainActivity]: MSG_WINDOW_FOCUS_CHANGED 0 1
08-30 15:11:16.015 23627 23627 I SurfaceControl: nativeRelease nativeObject s[478061397152]
08-30 15:11:16.015 23627 23627 I SurfaceControl: nativeRelease nativeObject e[478061397152]
08-30 15:11:16.015 23627 23627 I SurfaceControl: nativeRelease nativeObject s[478061397344]
08-30 15:11:16.015 23627 23627 I SurfaceControl: nativeRelease nativeObject e[478061397344]
08-30 15:11:16.015 23627 23627 I SurfaceControl: nativeRelease nativeObject s[478061397248]
08-30 15:11:16.015 23627 23627 I SurfaceControl: nativeRelease nativeObject e[478061397248]
08-30 15:11:16.015  3976  4318 I SurfaceFlinger: id=38166 Removed Surface(name=b07ecc5 NavigationBar0)/@0xa8376fc - animation-leash#0 (99)
08-30 15:11:16.015  3976  5385 I SurfaceFlinger: id=38165 Removed Surface(name=1096c8d StatusBar)/@0xeaf4dd0 - animation-leash#1 (99)
08-30 15:11:16.017  3976  3976 I Layer   : id=38165[1] Destroyed Surface(name=1096c8d StatusBar)/@0xeaf4dd0 - animation-leash#1
08-30 15:11:16.017  3976  3976 I Layer   : id=38166[1] Destroyed Surface(name=b07ecc5 NavigationBar0)/@0xa8376fc - animation-leash#0
08-30 15:11:16.018  4349  4372 I SemDvfsHyPerManager: acquire hyper - AMS_RESUME_TAIL/4349@18, type = -999
08-30 15:11:16.018  4349  4372 I SemDvfsHyPerManager: acquire hyper - AMS_ACT_LAZY/4349@19, type = -999
08-30 15:11:16.019  3927  3954 I HYPER-HAL: [RequestManager.cpp]acquire(): Acquired ID : 9537546  [4349 / 18]    HINT : AMS_RESUME_TAIL    list :
08-30 15:11:16.019  4349  7427 I InputDispatcher: Focus entered window (23627): 24f368b in display 0 0
08-30 15:11:16.019  3927  3954 E HYPER-HAL: [HandlerSysfs.cpp]doResourceHandling(): Couldn't Open Sysfs - /sys/power/cstate_control
08-30 15:11:16.019  3927  3954 I HYPER-HAL: [ResourceManager.cpp]updateResource(): [CPUMinFreq] UpdateResource Request ID : 9537546    Value : 1560000
08-30 15:11:16.019  3927  3954 I HYPER-HAL: [RequestManager.cpp]acquire(): Acquired ID : 9541915  [4349 / 19]    HINT :      list :
08-30 15:11:16.020  3927  3954 E HYPER-HAL: [Request.cpp]acquire(): Request:: id : 9541915, No Resource to set
08-30 15:11:16.020  3927  3954 E HYPER-HAL: [HandlerSysfs.cpp]doResourceHandling(): Couldn't Open Sysfs - /sys/power/cstate_control
08-30 15:11:16.020  3927  3954 I HYPER-HAL: [ResourceManager.cpp]removeResource(): [CPUMinFreq] RemoveResource Request ID : 9528811
08-30 15:11:16.020  3927  3954 I HYPER-HAL: [RequestManager.cpp]releaseLocked(): Released ID : 9528811
08-30 15:11:16.023  3976  3976 D SurfaceFlinger: Display 0 HWC layers:
08-30 15:11:16.023  3976  3976 D SurfaceFlinger:      DEVICE | 0x75743a4f40 | 0002 | RGBA_8888    |    0.0    0.0  720.0 1560.0 |    0    0  720 1560 | com.example.dogglers/androidx.test.c[...]tivityInvoker$EmptyActivity$_23627#0
08-30 15:11:16.023  3976  3976 D SurfaceFlinger:      DEVICE | 0x75743a6200 | 0000 | RGBA_8888    |    0.0    0.0  720.0   53.0 |    0    0  720   53 | StatusBar$_4708#0
08-30 15:11:16.023  3976  3976 D SurfaceFlinger:      DEVICE | 0x74d157fa00 | 0000 | RGBA_8888    |    0.0    0.0   67.0  232.0 |  653  151  720  383 | com.samsung.android.app.cocktailbars[...]rservice.CocktailBarService$_14146#0
08-30 15:11:16.023  3976  3976 D SurfaceFlinger:      DEVICE | 0x75743a7380 | 0000 | RGBA_8888    |    0.0    0.0  720.0   84.0 |    0 1476  720 1560 | NavigationBar0$_4708#0
08-30 15:11:16.023  3976  3976 D SurfaceFlinger:      DEVICE | 0x74f0413e00 | 0000 | RGBA_8888    |    0.0    0.0  720.0  101.0 |    0    0  720  101 | ScreenDecorOverlay$_4708#0
08-30 15:11:16.023  3976  3976 D SurfaceFlinger:      DEVICE | 0x75743a7b00 | 0000 | RGBA_8888    |    0.0    0.0  720.0  101.0 |    0 1459  720 1560 | ScreenDecorOverlayBottom$_4708#0
08-30 15:11:16.023  3976  3976 D SurfaceFlinger:
08-30 15:11:16.023  3976  5385 E BufferQueueProducer: [com.example.dogglers/com.example.dogglers.MainActivity$_23627#0](id:f88000033b5,api:0,p:-1,c:3976) disconnect: not connected (req=1)
08-30 15:11:16.024 23627 23685 W libEGL  : EGLNativeWindowType 0x6f58d51010 disconnect failed
08-30 15:11:16.025  4349  7427 V WindowManager: Relayout Window{b93a74b u0 com.example.dogglers/com.example.dogglers.MainActivity}: viewVisibility=8 req=720x1560
08-30 15:11:16.029  4349  7427 V WindowManager: Relayout hash=b93a74b, pid=23627: mAttrs={(0,0)(fillxfill) sim={adjust=pan forwardNavigation} ty=BASE_APPLICATION wanim=0x1030304
08-30 15:11:16.029  4349  7427 V WindowManager:   fl=81810100
08-30 15:11:16.029  4349  7427 V WindowManager:   pfl=12020000
08-30 15:11:16.029  4349  7427 V WindowManager:   fitSides= naviIconColor=0}
08-30 15:11:16.030 23627 23627 I SurfaceControl: nativeRelease nativeObject s[478061403008]
08-30 15:11:16.030 23627 23627 I SurfaceControl: nativeRelease nativeObject e[478061403008]
08-30 15:11:16.030 23627 23627 I SurfaceControl: assignNativeObject: nativeObject = 0 Surface(name=null)/@0xbe7e3d1 / android.view.SurfaceControl.readFromParcel:1117 android.view.IWindowSession$Stub$Proxy.relayout:1826 android.view.ViewRootImpl.relayoutWindow:9005 android.view.ViewRootImpl.performTraversals:3360 android.view.ViewRootImpl.doTraversal:2618 android.view.ViewRootImpl$TraversalRunnable.run:9971 android.view.Choreographer$CallbackRecord.run:1010 android.view.Choreographer.doCallbacks:809 android.view.Choreographer.doFrame:744 android.view.Choreographer$FrameDisplayEventReceiver.run:995
08-30 15:11:16.031 23627 23627 I SurfaceControl: assignNativeObject: nativeObject = 0 Surface(name=null)/@0x3a72061 / android.view.SurfaceControl.readFromParcel:1117 android.view.IWindowSession$Stub$Proxy.relayout:1836 android.view.ViewRootImpl.relayoutWindow:9005 android.view.ViewRootImpl.performTraversals:3360 android.view.ViewRootImpl.doTraversal:2618 android.view.ViewRootImpl$TraversalRunnable.run:9971 android.view.Choreographer$CallbackRecord.run:1010 android.view.Choreographer.doCallbacks:809 android.view.Choreographer.doFrame:744 android.view.Choreographer$FrameDisplayEventReceiver.run:995
08-30 15:11:16.031 23627 23627 I SurfaceControl: nativeRelease nativeObject s[480791759712]
08-30 15:11:16.031 23627 23627 I SurfaceControl: nativeRelease nativeObject e[480791759712]
08-30 15:11:16.032 23627 23627 I ViewRootImpl@45402b0[MainActivity]: Relayout returned: old=(0,0,720,1560) new=(0,0,720,1560) req=(720,1560)8 dur=7 res=0x5 s={false 0} ch=true fn=4
08-30 15:11:16.034 23627 23627 I ViewRootImpl@3865a5b[InstrumentationActivityInvoker$EmptyActivity]: MSG_WINDOW_FOCUS_CHANGED 1 1
08-30 15:11:16.034 23627 23627 D InputMethodManager: prepareNavigationBarInfo() DecorView@3fa320c[InstrumentationActivityInvoker$EmptyActivity]
08-30 15:11:16.035 23627 23627 D InputMethodManager: getNavigationBarColor() -16711423
08-30 15:11:16.035 23627 23627 D InputMethodManager: prepareNavigationBarInfo() DecorView@3fa320c[InstrumentationActivityInvoker$EmptyActivity]
08-30 15:11:16.035 23627 23627 D InputMethodManager: getNavigationBarColor() -16711423
08-30 15:11:16.035 23627 23627 V InputMethodManager: Starting input: tba=com.example.dogglers ic=null mNaviBarColor -16711423 mIsGetNaviBarColorSuccess true , NavVisible : true , NavTrans : false
08-30 15:11:16.035 23627 23627 D InputMethodManager: startInputInner - Id : 0
08-30 15:11:16.035 23627 23627 I InputMethodManager: startInputInner - mService.startInputOrWindowGainedFocus
08-30 15:11:16.036  4349  5464 D InputMethodManagerService: mSecureKeypadEnabled = false
08-30 15:11:16.038  4065  4904 I GNSS_MEMS: TGT_MEMS SCSCMemsReportSensorDrops: dropped 0 events (spam) 2 events (rate limit) out of 52 total for sensor 0 since last report
08-30 15:11:16.038  4349  4372 I SurfaceControl: nativeRelease nativeObject s[477997782976]
08-30 15:11:16.038  4349  4372 I SurfaceControl: nativeRelease nativeObject e[477997782976]
08-30 15:11:16.038  4349  4372 I SurfaceControl: nativeRelease nativeObject s[478247330560]
08-30 15:11:16.038  4349  4372 I SurfaceControl: nativeRelease nativeObject e[478247330560]
08-30 15:11:16.039  4349  5464 V InputMethodManagerService: hideCurrentInputLocked : shouldHideSoftInput is false
08-30 15:11:16.039  4349  5464 D InputMethodManagerService: mDesktopModeManager null!
08-30 15:11:16.039  4349  5464 V InputMethodManagerService: getDisplayIdOfInputMethodWindowToBeAdded : 0
08-30 15:11:16.040  4349  5464 D InputMethodManagerService: checkDisplayOfStartInputAndUpdateKeyboard display Id 0last 0
08-30 15:11:16.040  4349  5464 D InputTransport: Input channel constructed: 'ClientS', fd=708
08-30 15:11:16.040  4349  5464 D InputTransport: Input channel destroyed: 'ClientS', fd=708
08-30 15:11:16.041 23627 23627 D InputTransport: Input channel constructed: 'ClientS', fd=92
08-30 15:11:16.041 23627 23627 D InputTransport: Input channel destroyed: 'ClientS', fd=90
08-30 15:11:16.041  4349  5464 I SurfaceControl: nativeRelease nativeObject s[476017198304]
08-30 15:11:16.041  4349  5464 I SurfaceControl: nativeRelease nativeObject e[476017198304]
08-30 15:11:16.042 23627 23627 I ViewRootImpl@45402b0[MainActivity]: stopped(true) old=false
08-30 15:11:16.042  3976  5385 I SurfaceFlinger: id=38171 createSurf (0x0),-1 flag=24004, Surface(name=749d536 InputMethod)/@0x72f94d3 - animation-leash#1
08-30 15:11:16.043 23627 23627 D LifecycleMonitor: Lifecycle status change: com.example.dogglers.MainActivity@97eb9f in: STOPPED
08-30 15:11:16.043  7475  7475 I HBD     : HoneyBoardService onFinishInput
08-30 15:11:16.043 23627 23627 V ActivityScenario: Update currentActivityStage to STOPPED, currentActivity=com.example.dogglers.MainActivity@97eb9f
08-30 15:11:16.044  7475  7475 I HBD     : a IC have been unbinded,  InputConnectionWrapper{idHash=#c7a4e79 mMissingMethods=}
08-30 15:11:16.044  7475  7475 I HBD     : HoneyBoardService [PF_CL][onFinishInput]  471654 ns
08-30 15:11:16.044  7475  7475 I HBD     : HoneyBoardService [IMI] onStartInput - caller pid : 23627 , caller uid : 10429
08-30 15:11:16.044  7475  7475 I HBD     : i updateConfigs
08-30 15:11:16.045  7475  7475 I HBD     : i isEnabledNightMode : true
08-30 15:11:16.045  7475  7475 I HBD     : a IC have been binded, InputConnectionWrapper{idHash=#c7a4e79 mMissingMethods=}
08-30 15:11:16.045  7475  7475 I HBD     : h [EditorInputType]setPrivateImeOptionsToTable privateImeOptions ( null )
08-30 15:11:16.045  7475  7475 I HBD     : b incognitoMode : false
08-30 15:11:16.045  7475  7475 I HBD     : a needOff = true , isForceOff = false, isNullInputClass : true
08-30 15:11:16.045  4349  7427 I SemDvfsHyPerManager: acquire hyper - AMS_ACT_START/4349@16, type = -999
08-30 15:11:16.045  7475  7475 I HBD     : h getDefaultInputRange : UNKNOWN
08-30 15:11:16.045  7475  7475 I HBD     : h getDefaultInputRange : UNKNOWN
08-30 15:11:16.045  7475  7475 I HBD     : h getDefaultInputRange : UNKNOWN
08-30 15:11:16.045  3927  3954 I HYPER-HAL: [RequestManager.cpp]acquire(): Acquired ID : 9528811  [4349 / 16]    HINT : AMS_ACT_START    list :
08-30 15:11:16.046 23627 23627 D LifecycleMonitor: Lifecycle status change: com.example.dogglers.MainActivity@97eb9f in: DESTROYED
08-30 15:11:16.046  3927  3954 E HYPER-HAL: [HandlerSysfs.cpp]doResourceHandling(): Couldn't Open Sysfs - /sys/power/cstate_control
08-30 15:11:16.046  4349  5464 D SdpManagerService: Not an enterprise user : 0
08-30 15:11:16.046  4349  5464 D SdpManagerService: Not an enterprise user : 0
08-30 15:11:16.046 23627 23627 V ActivityScenario: Update currentActivityStage to DESTROYED, currentActivity=null
08-30 15:11:16.046  3927  3954 I HYPER-HAL: [ResourceManager.cpp]updateResource(): [CPUMinFreq] UpdateResource Request ID : 9528811    Value : 1560000
08-30 15:11:16.047  3976  5385 I SurfaceFlinger: id=38172 createSurf (0x0),-1 flag=80004, ActivityRecord{ef9d698 u0 com.example.dogglers/androidx.test.core.app.InstrumentationActivityInvoker$EmptyActivity t1413}#0
08-30 15:11:16.047  7475  7475 I HBD     : h getDefaultInputRange : UNKNOWN
08-30 15:11:16.047  7475  7475 I HBD     : a currentState : 0
08-30 15:11:16.048  7475  7475 I HBD     : h load selected json info : {"version":"1.0","currentLanguageOrder":2,"selected":[{"activeOptionList":["auto_replace","spell_check","auto_spacing"],"engName":"Russian","id":3342336,"inputType":"qwerty","isUsed":true},{"activeOptionList":["auto_replace","spell_check","auto_spacing"],"engName":"English","id":65537,"inputType":"qwerty","isUsed":true},{"activeOptionList":["auto_replace","spell_check","auto_spacing"],"engName":"Ukrainian","id":4456448,"inputType":"qwerty","isUsed":true}]}
08-30 15:11:16.049 23627 23627 I ViewRootImpl@45402b0[MainActivity]: dispatchDetachedFromWindow
08-30 15:11:16.049  7475  7475 I HBD     : a [UpdatePolicy] [post] a: 0 cl: 4456448 kit: [0/0] vt: 0 ir: 1
08-30 15:11:16.050  7475  7475 I HBD     : HoneyBoardService [PF_OP][onStartInput]  6060846 ns
08-30 15:11:16.052  3976  5385 I Layer   : id=38152 removeFromCurrentState Surface(name=ActivityRecord{84295c3 u0 com.example.dogglers/androidx.test.core.app.InstrumentationActivityInvoker$BootstrapActivity t1413})/@0xe8fe5fa - animation-leash#0 (99)
08-30 15:11:16.052  3976  5385 I Layer   : id=38155 removeFromCurrentState Surface(name=ActivityRecord{84295c3 u0 com.example.dogglers/androidx.test.core.app.InstrumentationActivityInvoker$BootstrapActivity t1413})/@0xe8fe5fa - animation-bounds#0 (99)
08-30 15:11:16.053  3976  5385 I Layer   : id=38161 removeFromCurrentState Surface(name=749d536 InputMethod)/@0x72f94d3 - animation-leash#0 (99)
08-30 15:11:16.054  3976  4002 I SurfaceFlinger: id=38152 Removed Surface(name=ActivityRecord{84295c3 u0 com.example.dogglers/androidx.test.core.app.InstrumentationActivityInvoker$BootstrapActivity t1413})/@0xe8fe5fa - animation-leash#0 (99)
08-30 15:11:16.054  3976  4002 I SurfaceFlinger: id=38155 Removed Surface(name=ActivityRecord{84295c3 u0 com.example.dogglers/androidx.test.core.app.InstrumentationActivityInvoker$BootstrapActivity t1413})/@0xe8fe5fa - animation-bounds#0 (99)
08-30 15:11:16.064  4349  5464 D InputTransport: Input channel destroyed: 'b93a74b', fd=692
08-30 15:11:16.064  4349  5464 I SurfaceControl: nativeRelease nativeObject s[476016292896]
08-30 15:11:16.064  4349  5464 I SurfaceControl: nativeRelease nativeObject e[476016292896]
08-30 15:11:16.064  4349  5464 D WindowManager: isScreenshotDisabledLocked - win: Window{b93a74b u0 com.example.dogglers/com.example.dogglers.MainActivity}
08-30 15:11:16.064  4349  5464 D WindowManager: isScreenshotDisabledLocked: userId = 0, disabled =false
08-30 15:11:16.065  4349  5464 I SurfaceControl: nativeRelease nativeObject s[476017810528]
08-30 15:11:16.065  4349  5464 I SurfaceControl: nativeRelease nativeObject e[476017810528]
08-30 15:11:16.065 11488 11531 I Finsky  : [70721] xtg.accept(378): SCH: Scheduling phonesky job Id: 1-1337, CT: 1693360510618, Constraints: [{ L: 42544274, D: 85744274, C: 1, I: 1, N: 1 }]
08-30 15:11:16.065  3976  4002 I Layer   : id=38157 removeFromCurrentState com.example.dogglers/com.example.dogglers.MainActivity$_23627#0 (99)
08-30 15:11:16.066 11488 11531 I Finsky  : [70721] xtg.accept(378): SCH: Scheduling phonesky job Id: 34-4784, CT: 1693322113661, Constraints: [{ L: 79199529, D: 1375199529, C: 1, I: 1, N: 1 }]
08-30 15:11:16.067  3976  3976 I Layer   : id=38155[1] Destroyed Surface(name=ActivityRecord{84295c3 u0 com.example.dogglers/androidx.test.core.app.InstrumentationActivityInvoker$BootstrapActivity t1413})/@0xe8fe5fa - animation-bounds#0
08-30 15:11:16.067  3976  3976 I Layer   : id=38152[1] Destroyed Surface(name=ActivityRecord{84295c3 u0 com.example.dogglers/androidx.test.core.app.InstrumentationActivityInvoker$BootstrapActivity t1413})/@0xe8fe5fa - animation-leash#0
08-30 15:11:16.068  3976  4002 I Layer   : id=38156 removeFromCurrentState b93a74b com.example.dogglers/com.example.dogglers.MainActivity#0 (97)
08-30 15:11:16.069  3976  5385 I SurfaceFlinger: id=38157 Removed com.example.dogglers/com.example.dogglers.MainActivity$_23627#0 (97)
08-30 15:11:16.069  3976  5385 I SurfaceFlinger: id=38156 Removed b93a74b com.example.dogglers/com.example.dogglers.MainActivity#0 (97)
08-30 15:11:16.069 23627 23627 D InputTransport: Input channel destroyed: 'b93a74b', fd=81
08-30 15:11:16.072  4349  5464 I SurfaceControl: nativeRelease nativeObject s[477997553088]
08-30 15:11:16.072  4349  5464 I SurfaceControl: nativeRelease nativeObject e[477997553088]
08-30 15:11:16.076  3976  4001 I Layer   : id=38151 removeFromCurrentState ActivityRecord{7c33084 u0 com.example.dogglers/.MainActivity t1413}#0 (97)
08-30 15:11:16.076  3976  5385 I SurfaceFlinger: id=38151 Removed ActivityRecord{7c33084 u0 com.example.dogglers/.MainActivity t1413}#0 (97)
08-30 15:11:16.080 23627 23627 D LifecycleMonitor: Lifecycle status change: androidx.test.core.app.InstrumentationActivityInvoker$BootstrapActivity@3b60f54 in: STOPPED
08-30 15:11:16.081 23627 23627 V ActivityScenario: Activity lifecycle changed event received but ignored because the intent does not match. startActivityIntent=Intent { act=android.intent.action.MAIN cat=[android.intent.category.LAUNCHER] cmp=com.example.dogglers/.MainActivity }, activity.getIntent()=Intent { act=android.intent.action.MAIN cat=[android.intent.category.LAUNCHER] flg=0x10008000 cmp=com.example.dogglers/androidx.test.core.app.InstrumentationActivityInvoker$BootstrapActivity (has extras) }, activity=androidx.test.core.app.InstrumentationActivityInvoker$BootstrapActivity@3b60f54
08-30 15:11:16.083 23627 23627 D LifecycleMonitor: Lifecycle status change: androidx.test.core.app.InstrumentationActivityInvoker$EmptyActivity@777015e in: PAUSED
08-30 15:11:16.083 23627 23627 V ActivityScenario: Activity lifecycle changed event received but ignored because the intent does not match. startActivityIntent=Intent { act=android.intent.action.MAIN cat=[android.intent.category.LAUNCHER] cmp=com.example.dogglers/.MainActivity }, activity.getIntent()=Intent { act=android.intent.action.MAIN cat=[android.intent.category.LAUNCHER] flg=0x10000000 cmp=com.example.dogglers/androidx.test.core.app.InstrumentationActivityInvoker$EmptyActivity }, activity=androidx.test.core.app.InstrumentationActivityInvoker$EmptyActivity@777015e
08-30 15:11:16.084  3976  3976 I Layer   : id=38157[1] Destroyed com.example.dogglers/com.example.dogglers.MainActivity$_23627#0
08-30 15:11:16.084  3976  3976 I Layer   : id=38151[1] Destroyed ActivityRecord{7c33084 u0 com.example.dogglers/.MainActivity t1413}#0
08-30 15:11:16.084  3976  3976 I Layer   : id=38156[1] Destroyed b93a74b com.example.dogglers/com.example.dogglers.MainActivity#0
08-30 15:11:16.088  4349  7427 V WindowOrientationListener: getProposedRotation: -1
08-30 15:11:16.088  4349  7427 V WindowOrientationListener: getProposedRotation: -1
08-30 15:11:16.089  4349  7427 V WindowOrientationListener: getProposedRotation: -1
08-30 15:11:16.090 11488 11549 I Finsky  : [70728] yuu.apply(681): SCH: Scheduling 1 system job(s)
08-30 15:11:16.091 12736 12736 I dnxg    : onStop
08-30 15:11:16.091 11488 11549 I Finsky  : [70728] yvg.d(263): SCH: Scheduling system job Id: 9783, L: 3837099, D: 48778801, C: false, I: false, N: 1
08-30 15:11:16.092  4349  7427 D InputDispatcher: Focused application set to (0): ef9d698
08-30 15:11:16.095  5057  5284 I ResipMiscHandler: ALARM_WAKE_UP id=15497
08-30 15:11:16.095  5057  5284 I SECIMSJ : [6130]> 64
08-30 15:11:16.095  5057  5634 I [IMS6.0]: IMS_onResponse()
08-30 15:11:16.095  5057  5634 I StackIF : processMessage 2
08-30 15:11:16.095  5057  5634 I StackIF : Processing Response
08-30 15:11:16.095  5057  5634 I SECIMSJ : [6130]< 901
08-30 15:11:16.095  5057  5634 I StackIF : processResponse: reqId 901
08-30 15:11:16.095  5057  5634 I StackIF : processResponse: handle -1 result 0 reason 0
08-30 15:11:16.098 23627 23627 I SurfaceControl: nativeRelease nativeObject s[478061403008]
08-30 15:11:16.098 23627 23627 I SurfaceControl: nativeRelease nativeObject e[478061403008]
08-30 15:11:16.100  4349  6800 D SamsungIMMSHWKeyboard: isConnectedDexOnPC false
08-30 15:11:16.100 23627 23627 I SurfaceControl: nativeRelease nativeObject s[476571791680]
08-30 15:11:16.100 23627 23627 I SurfaceControl: nativeRelease nativeObject e[476571791680]
08-30 15:11:16.100 23627 23627 I SurfaceControl: nativeRelease nativeObject s[476571790048]
08-30 15:11:16.100 23627 23627 I SurfaceControl: nativeRelease nativeObject e[476571790048]
08-30 15:11:16.103  4349  6800 D InputMethodManagerService: isImeSwitcherDisabledPackage : false
08-30 15:11:16.110 23627 23627 D LifecycleMonitor: Lifecycle status change: androidx.test.core.app.InstrumentationActivityInvoker$BootstrapActivity@3b60f54 in: DESTROYED
08-30 15:11:16.111 23627 23627 V ActivityScenario: Activity lifecycle changed event received but ignored because the intent does not match. startActivityIntent=Intent { act=android.intent.action.MAIN cat=[android.intent.category.LAUNCHER] cmp=com.example.dogglers/.MainActivity }, activity.getIntent()=Intent { act=android.intent.action.MAIN cat=[android.intent.category.LAUNCHER] flg=0x10008000 cmp=com.example.dogglers/androidx.test.core.app.InstrumentationActivityInvoker$BootstrapActivity (has extras) }, activity=androidx.test.core.app.InstrumentationActivityInvoker$BootstrapActivity@3b60f54
08-30 15:11:16.112  4349  7290 I SurfaceControl: nativeRelease nativeObject s[477997552416]
08-30 15:11:16.112  4349  7290 I SurfaceControl: nativeRelease nativeObject e[477997552416]
08-30 15:11:16.114 11488 23400 I Finsky  : [70874] ywv.a(17): SCH: job service finished with id 9779.
08-30 15:11:16.116  3976  5385 I Layer   : id=38146 removeFromCurrentState ActivityRecord{84295c3 u0 com.example.dogglers/androidx.test.core.app.InstrumentationActivityInvoker$BootstrapActivity t1413}#0 (94)
08-30 15:11:16.116  3976  5385 I SurfaceFlinger: id=38146 Removed ActivityRecord{84295c3 u0 com.example.dogglers/androidx.test.core.app.InstrumentationActivityInvoker$BootstrapActivity t1413}#0 (94)
08-30 15:11:16.117  3976  3976 I Layer   : id=38146[1] Destroyed ActivityRecord{84295c3 u0 com.example.dogglers/androidx.test.core.app.InstrumentationActivityInvoker$BootstrapActivity t1413}#0
08-30 15:11:16.118  4349  7290 I InputDispatcher: Focus left window (23627): 24f368b in display 0 0
08-30 15:11:16.120  4349  4371 I SemPersonaManager: SecureFolder personaId = 150
08-30 15:11:16.133 23627 23627 D LifecycleMonitor: Lifecycle status change: androidx.test.core.app.InstrumentationActivityInvoker$EmptyActivity@fb3b9d3 in: PRE_ON_CREATE
08-30 15:11:16.134 23627 23627 V ActivityScenario: Activity lifecycle changed event received but ignored because the intent does not match. startActivityIntent=Intent { act=android.intent.action.MAIN cat=[android.intent.category.LAUNCHER] cmp=com.example.dogglers/.MainActivity }, activity.getIntent()=Intent { act=android.intent.action.MAIN cat=[android.intent.category.LAUNCHER] flg=0x10000000 cmp=com.example.dogglers/androidx.test.core.app.InstrumentationActivityInvoker$EmptyActivity }, activity=androidx.test.core.app.InstrumentationActivityInvoker$EmptyActivity@fb3b9d3
08-30 15:11:16.169  4349  4371 D EnterpriseDeviceManagerService: isMdmAdminPresentInternal() : MDM Admin Found - com.samsung.knox.securefolder
08-30 15:11:16.181 23627 23627 I DecorView: [INFO] isPopOver=false, config=true
08-30 15:11:16.181 23627 23627 I DecorView: updateCaptionType >> DecorView@fe23c09[], isFloating=false, isApplication=true, hasWindowDecorCaption=false, hasWindowControllerCallback=true
08-30 15:11:16.181 23627 23627 D DecorView: setCaptionType = 0, this = DecorView@fe23c09[]
08-30 15:11:16.188 23627 23627 D LifecycleMonitor: Lifecycle status change: androidx.test.core.app.InstrumentationActivityInvoker$EmptyActivity@fb3b9d3 in: CREATED
08-30 15:11:16.188 23627 23627 V ActivityScenario: Activity lifecycle changed event received but ignored because the intent does not match. startActivityIntent=Intent { act=android.intent.action.MAIN cat=[android.intent.category.LAUNCHER] cmp=com.example.dogglers/.MainActivity }, activity.getIntent()=Intent { act=android.intent.action.MAIN cat=[android.intent.category.LAUNCHER] flg=0x10000000 cmp=com.example.dogglers/androidx.test.core.app.InstrumentationActivityInvoker$EmptyActivity }, activity=androidx.test.core.app.InstrumentationActivityInvoker$EmptyActivity@fb3b9d3
08-30 15:11:16.191 23627 23627 D LifecycleMonitor: Lifecycle status change: androidx.test.core.app.InstrumentationActivityInvoker$EmptyActivity@fb3b9d3 in: STARTED
08-30 15:11:16.191 23627 23627 V ActivityScenario: Activity lifecycle changed event received but ignored because the intent does not match. startActivityIntent=Intent { act=android.intent.action.MAIN cat=[android.intent.category.LAUNCHER] cmp=com.example.dogglers/.MainActivity }, activity.getIntent()=Intent { act=android.intent.action.MAIN cat=[android.intent.category.LAUNCHER] flg=0x10000000 cmp=com.example.dogglers/androidx.test.core.app.InstrumentationActivityInvoker$EmptyActivity }, activity=androidx.test.core.app.InstrumentationActivityInvoker$EmptyActivity@fb3b9d3
08-30 15:11:16.195 23627 23627 D LifecycleMonitor: Lifecycle status change: androidx.test.core.app.InstrumentationActivityInvoker$EmptyActivity@fb3b9d3 in: RESUMED
08-30 15:11:16.196 23627 23627 V ActivityScenario: Activity lifecycle changed event received but ignored because the intent does not match. startActivityIntent=Intent { act=android.intent.action.MAIN cat=[android.intent.category.LAUNCHER] cmp=com.example.dogglers/.MainActivity }, activity.getIntent()=Intent { act=android.intent.action.MAIN cat=[android.intent.category.LAUNCHER] flg=0x10000000 cmp=com.example.dogglers/androidx.test.core.app.InstrumentationActivityInvoker$EmptyActivity }, activity=androidx.test.core.app.InstrumentationActivityInvoker$EmptyActivity@fb3b9d3
08-30 15:11:16.203  4349  6779 D InputTransport: Input channel constructed: '8c66e47', fd=715
08-30 15:11:16.203  4349  6779 D InputTransport: Input channel constructed: '8c66e47', fd=716
