08-30 15:11:20.182  3976  4002 I Layer   : id=38269 removeFromCurrentState Splash Screen com.example.dogglers#0 (103)
08-30 15:11:20.183  4349  4372 I SurfaceControl: nativeRelease nativeObject s[477998031968]
08-30 15:11:20.183  4349  4372 I SurfaceControl: nativeRelease nativeObject e[477998031968]
08-30 15:11:20.183 12736 12736 I dnxg    : onPause
08-30 15:11:20.185  3976  4002 I Layer   : id=38268 removeFromCurrentState 64616e1 Splash Screen com.example.dogglers#0 (103)
08-30 15:11:20.185  3976  4002 I Layer   : id=38281 removeFromCurrentState Surface(name=64616e1 Splash Screen com.example.dogglers)/@0xc3bf2b6 - animation-leash#0 (103)
08-30 15:11:20.186  3976  5385 I SurfaceFlinger: id=38268 Removed 64616e1 Splash Screen com.example.dogglers#0 (103)
08-30 15:11:20.186  3976  4002 I SurfaceFlinger: id=38281 Removed Surface(name=64616e1 Splash Screen com.example.dogglers)/@0xc3bf2b6 - animation-leash#0 (103)
08-30 15:11:20.186  3976  6075 I SurfaceFlinger: id=38269 Removed Splash Screen com.example.dogglers#0 (103)
08-30 15:11:20.198  3976  3976 I Layer   : id=38281[1] Destroyed Surface(name=64616e1 Splash Screen com.example.dogglers)/@0xc3bf2b6 - animation-leash#0
08-30 15:11:20.198  3976  3976 I Layer   : id=38268[1] Destroyed 64616e1 Splash Screen com.example.dogglers#0
08-30 15:11:20.200  3976  3976 I Layer   : id=38269[1] Destroyed Splash Screen com.example.dogglers#0
08-30 15:11:20.204  3976  3976 D SurfaceFlinger: Display 0 HWC layers:
08-30 15:11:20.204  3976  3976 D SurfaceFlinger:      DEVICE | 0x74d157f500 | 0002 | RGBA_8888    |    0.0    0.0  720.0 1560.0 |    0    0  720 1560 | com.example.dogglers/com.example.dogglers.GridListActivity$_23627#0
08-30 15:11:20.204  3976  3976 D SurfaceFlinger:      DEVICE | 0x74f0414e40 | 0000 | RGBA_8888    |    0.0    0.0  720.0   53.0 |    0    0  720   53 | StatusBar$_4708#0
08-30 15:11:20.204  3976  3976 D SurfaceFlinger:      DEVICE | 0x74d157fa00 | 0000 | RGBA_8888    |    0.0    0.0   67.0  232.0 |  653  151  720  383 | com.samsung.android.app.cocktailbars[...]rservice.CocktailBarService$_14146#0
08-30 15:11:20.204  3976  3976 D SurfaceFlinger:      DEVICE | 0x75743a7380 | 0000 | RGBA_8888    |    0.0    0.0  720.0   84.0 |    0 1476  720 1560 | NavigationBar0$_4708#0
08-30 15:11:20.204  3976  3976 D SurfaceFlinger:      DEVICE | 0x74f0413e00 | 0000 | RGBA_8888    |    0.0    0.0  720.0  101.0 |    0    0  720  101 | ScreenDecorOverlay$_4708#0
08-30 15:11:20.204  3976  3976 D SurfaceFlinger:      DEVICE | 0x75743a7b00 | 0000 | RGBA_8888    |    0.0    0.0  720.0  101.0 |    0 1459  720 1560 | ScreenDecorOverlayBottom$_4708#0
08-30 15:11:20.204  3976  3976 D SurfaceFlinger:
08-30 15:11:20.231 14146 14146 I Utils   : isCurrentUser current = 0, ownerId = 0
08-30 15:11:20.232 14146 14146 I TrayVisibilityController: getComputedTrayVisible : keyguardState = 1
08-30 15:11:20.232 14146 14146 I TrayVisibilityController: updateTrayVisible: State=1 visible=1 mCurrentVisible=1 specificMode=0
08-30 15:11:20.232 14146 14146 I TrayStateController: onNotifyUpdateTray: 0 to need to visible? true
08-30 15:11:20.248  4349  4372 I SurfaceControl: nativeRelease nativeObject s[477997559328]
08-30 15:11:20.248  4349  4372 I SurfaceControl: nativeRelease nativeObject e[477997559328]
08-30 15:11:20.248  4349  4372 I SurfaceControl: nativeRelease nativeObject s[477997773280]
08-30 15:11:20.248  4349  4372 I SurfaceControl: nativeRelease nativeObject e[477997773280]
08-30 15:11:20.263 23627 23627 D LifecycleMonitor: Lifecycle status change: androidx.test.core.app.InstrumentationActivityInvoker$BootstrapActivity@7ff5093 in: STOPPED
08-30 15:11:20.263 23627 23627 V ActivityScenario: Activity lifecycle changed event received but ignored because the intent does not match. startActivityIntent=Intent { act=android.intent.action.MAIN cat=[android.intent.category.LAUNCHER] cmp=com.example.dogglers/.GridListActivity }, activity.getIntent()=Intent { act=android.intent.action.MAIN cat=[android.intent.category.LAUNCHER] flg=0x10008000 cmp=com.example.dogglers/androidx.test.core.app.InstrumentationActivityInvoker$BootstrapActivity (has extras) }, activity=androidx.test.core.app.InstrumentationActivityInvoker$BootstrapActivity@7ff5093
08-30 15:11:20.265  3976  5385 I Layer   : id=38273 removeFromCurrentState Surface(name=ActivityRecord{856a70d u0 com.example.dogglers/androidx.test.core.app.InstrumentationActivityInvoker$BootstrapActivity t1416})/@0x15aaaaf - animation-leash#0 (100)
08-30 15:11:20.265  3976  5385 I Layer   : id=38276 removeFromCurrentState Surface(name=ActivityRecord{856a70d u0 com.example.dogglers/androidx.test.core.app.InstrumentationActivityInvoker$BootstrapActivity t1416})/@0x15aaaaf - animation-bounds#0 (100)
08-30 15:11:20.266  3976  5385 I SurfaceFlinger: id=38273 Removed Surface(name=ActivityRecord{856a70d u0 com.example.dogglers/androidx.test.core.app.InstrumentationActivityInvoker$BootstrapActivity t1416})/@0x15aaaaf - animation-leash#0 (100)
08-30 15:11:20.266  3976  6075 I SurfaceFlinger: id=38276 Removed Surface(name=ActivityRecord{856a70d u0 com.example.dogglers/androidx.test.core.app.InstrumentationActivityInvoker$BootstrapActivity t1416})/@0x15aaaaf - animation-bounds#0 (100)
08-30 15:11:20.281  3976  3976 I Layer   : id=38276[1] Destroyed Surface(name=ActivityRecord{856a70d u0 com.example.dogglers/androidx.test.core.app.InstrumentationActivityInvoker$BootstrapActivity t1416})/@0x15aaaaf - animation-bounds#0
08-30 15:11:20.281  3976  3976 I Layer   : id=38273[1] Destroyed Surface(name=ActivityRecord{856a70d u0 com.example.dogglers/androidx.test.core.app.InstrumentationActivityInvoker$BootstrapActivity t1416})/@0x15aaaaf - animation-leash#0
08-30 15:11:20.284 12736 12736 I dnxg    : onStop
08-30 15:11:20.313  4349  5464 D InputDispatcher: Inject motion (23627): action=0x1, time=302812121000000, f=0x0, d=0
08-30 15:11:20.314  4349  4492 I InputDispatcher: Delivering touch to (23627): action: 0x1, f=0x1, d=0, '1767531', t=0
08-30 15:11:20.314  5135  5135 W TouchInteractionService: reset
08-30 15:11:20.315  4349  4349 I SemDvfsHyPerManager: acquire hyper - GESTURE_DETECTED/4349@31, type = -999
08-30 15:11:20.316  3927  3954 I HYPER-HAL: [RequestManager.cpp]acquire(): Acquired ID : 9594421  [4349 / 31]    HINT : GESTURE_DETECTED    list : [TIMEOUT / 1568]
08-30 15:11:20.316  3927  3954 I HYPER-HAL: [ResourceManager.cpp]updateResource(): [CPUMinFreq] UpdateResource Request ID : 9594421    Value : 936000
08-30 15:11:20.316  4349  4349 I SemDvfsHyPerManager: acquire hyper - GESTURE_DETECTED/4349@31, type = -999
08-30 15:11:20.316  3927  3954 I HYPER-HAL: [RequestManager.cpp]acquire(): Acquired ID : 9594421  [4349 / 31]    HINT : GESTURE_DETECTED    list : [TIMEOUT / 1568]
08-30 15:11:20.316  3927  3954 I HYPER-HAL: [ResourceManager.cpp]updateResource(): [CPUMinFreq] UpdateResource Request ID : 9594421    Value : 936000
08-30 15:11:20.345 23627 23627 I ViewRootImpl@dc0912e[GridListActivity]: ViewPostIme pointer 1
08-30 15:11:20.423 23627 23627 I ViewInteraction: Checking 'MatchesViewAssertion{viewMatcher=(view has effective visibility <VISIBLE> and view.getGlobalVisibleRect() to return non-empty rectangle)}' assertion on view an instance of android.widget.TextView and view.getText() with or without transformation to match: is "Bella"
08-30 15:11:20.432  4349  5464 I SemDvfsHyPerManager: acquire hyper - AMS_ACT_START/4349@16, type = -999
08-30 15:11:20.433  3976  4318 I SurfaceFlinger: id=38283 createSurf (0x0),-1 flag=80004, ActivityRecord{3d470b2 u0 com.example.dogglers/androidx.test.core.app.InstrumentationActivityInvoker$EmptyActivity t1416}#0
08-30 15:11:20.433  3927  3954 I HYPER-HAL: [RequestManager.cpp]acquire(): Acquired ID : 9528811  [4349 / 16]    HINT : AMS_ACT_START    list :
08-30 15:11:20.434  3927  3954 E HYPER-HAL: [HandlerSysfs.cpp]doResourceHandling(): Couldn't Open Sysfs - /sys/power/cstate_control
08-30 15:11:20.434  3927  3954 I HYPER-HAL: [ResourceManager.cpp]updateResource(): [CPUMinFreq] UpdateResource Request ID : 9528811    Value : 1560000
08-30 15:11:20.437  3881  3886 E statsd  : Predicate -7037417284711607308 dropping data for dimension key (10)0x2010101->10429[I] (10)0x30000->*launch*[S]
08-30 15:11:20.442 23627 23627 D LifecycleMonitor: Lifecycle status change: com.example.dogglers.GridListActivity@d389eda in: PAUSED
08-30 15:11:20.443 23627 23627 V ActivityScenario: Update currentActivityStage to PAUSED, currentActivity=com.example.dogglers.GridListActivity@d389eda
08-30 15:11:20.445  4349  6779 V WindowOrientationListener: getProposedRotation: -1
08-30 15:11:20.445  4349  6779 V WindowOrientationListener: getProposedRotation: -1
08-30 15:11:20.447  4349  6779 V WindowOrientationListener: getProposedRotation: -1
08-30 15:11:20.449  4349  6779 D InputDispatcher: Focused application set to (0): 3d470b2
08-30 15:11:20.463  4349  4371 I SemPersonaManager: SecureFolder personaId = 150
08-30 15:11:20.466 23627 23627 D LifecycleMonitor: Lifecycle status change: androidx.test.core.app.InstrumentationActivityInvoker$EmptyActivity@4ae294e in: PRE_ON_CREATE
08-30 15:11:20.467 23627 23627 V ActivityScenario: Activity lifecycle changed event received but ignored because the intent does not match. startActivityIntent=Intent { act=android.intent.action.MAIN cat=[android.intent.category.LAUNCHER] cmp=com.example.dogglers/.GridListActivity }, activity.getIntent()=Intent { act=android.intent.action.MAIN cat=[android.intent.category.LAUNCHER] flg=0x10000000 cmp=com.example.dogglers/androidx.test.core.app.InstrumentationActivityInvoker$EmptyActivity }, activity=androidx.test.core.app.InstrumentationActivityInvoker$EmptyActivity@4ae294e
08-30 15:11:20.482  4349  6765 I InputDispatcher: Focus left window (23627): 1767531 in display 0 0
08-30 15:11:20.512  4349  4371 D EnterpriseDeviceManagerService: isMdmAdminPresentInternal() : MDM Admin Found - com.samsung.knox.securefolder
08-30 15:11:20.527 23627 23627 I DecorView: [INFO] isPopOver=false, config=true
08-30 15:11:20.527 23627 23627 I DecorView: updateCaptionType >> DecorView@37ff37c[], isFloating=false, isApplication=true, hasWindowDecorCaption=false, hasWindowControllerCallback=true
08-30 15:11:20.527 23627 23627 D DecorView: setCaptionType = 0, this = DecorView@37ff37c[]
08-30 15:11:20.532 23627 23627 D LifecycleMonitor: Lifecycle status change: androidx.test.core.app.InstrumentationActivityInvoker$EmptyActivity@4ae294e in: CREATED
08-30 15:11:20.533 23627 23627 V ActivityScenario: Activity lifecycle changed event received but ignored because the intent does not match. startActivityIntent=Intent { act=android.intent.action.MAIN cat=[android.intent.category.LAUNCHER] cmp=com.example.dogglers/.GridListActivity }, activity.getIntent()=Intent { act=android.intent.action.MAIN cat=[android.intent.category.LAUNCHER] flg=0x10000000 cmp=com.example.dogglers/androidx.test.core.app.InstrumentationActivityInvoker$EmptyActivity }, activity=androidx.test.core.app.InstrumentationActivityInvoker$EmptyActivity@4ae294e
08-30 15:11:20.536 23627 23627 D LifecycleMonitor: Lifecycle status change: androidx.test.core.app.InstrumentationActivityInvoker$EmptyActivity@4ae294e in: STARTED
08-30 15:11:20.536 23627 23627 V ActivityScenario: Activity lifecycle changed event received but ignored because the intent does not match. startActivityIntent=Intent { act=android.intent.action.MAIN cat=[android.intent.category.LAUNCHER] cmp=com.example.dogglers/.GridListActivity }, activity.getIntent()=Intent { act=android.intent.action.MAIN cat=[android.intent.category.LAUNCHER] flg=0x10000000 cmp=com.example.dogglers/androidx.test.core.app.InstrumentationActivityInvoker$EmptyActivity }, activity=androidx.test.core.app.InstrumentationActivityInvoker$EmptyActivity@4ae294e
08-30 15:11:20.539 23627 23627 D LifecycleMonitor: Lifecycle status change: androidx.test.core.app.InstrumentationActivityInvoker$EmptyActivity@4ae294e in: RESUMED
08-30 15:11:20.540 23627 23627 V ActivityScenario: Activity lifecycle changed event received but ignored because the intent does not match. startActivityIntent=Intent { act=android.intent.action.MAIN cat=[android.intent.category.LAUNCHER] cmp=com.example.dogglers/.GridListActivity }, activity.getIntent()=Intent { act=android.intent.action.MAIN cat=[android.intent.category.LAUNCHER] flg=0x10000000 cmp=com.example.dogglers/androidx.test.core.app.InstrumentationActivityInvoker$EmptyActivity }, activity=androidx.test.core.app.InstrumentationActivityInvoker$EmptyActivity@4ae294e
08-30 15:11:20.546  4349  6779 D InputTransport: Input channel constructed: '9c4d044', fd=760
08-30 15:11:20.546  4349  6779 D InputTransport: Input channel constructed: '9c4d044', fd=768
08-30 15:11:20.547  3976  4318 I SurfaceFlinger: id=38284 createSurf (0x0),-1 flag=80004, 9c4d044 com.example.dogglers/androidx.test.core.app.InstrumentationActivityInvoker$EmptyActivity#0
08-30 15:11:20.548  4349  6779 D WindowManager: isScreenshotDisabledLocked - win: Window{9c4d044 u0 com.example.dogglers/androidx.test.core.app.InstrumentationActivityInvoker$EmptyActivity}
08-30 15:11:20.548  4349  6779 D WindowManager: isScreenshotDisabledLocked: userId = 0, disabled =false
08-30 15:11:20.548  4349  6779 D InputTransport: Input channel destroyed: '9c4d044', fd=768
08-30 15:11:20.549 23627 23627 D InputTransport: Input channel constructed: '9c4d044', fd=90
08-30 15:11:20.551 23627 23627 I ViewRootImpl@ad65e8b[InstrumentationActivityInvoker$EmptyActivity]: setView = com.android.internal.policy.DecorView@37ff37c TM=true
08-30 15:11:20.558  4349  6779 V WindowManager: Relayout Window{9c4d044 u0 com.example.dogglers/androidx.test.core.app.InstrumentationActivityInvoker$EmptyActivity}: viewVisibility=0 req=720x1560
08-30 15:11:20.561  4349  6779 D WindowManager: isScreenshotDisabledLocked - win: Window{9c4d044 u0 com.example.dogglers/androidx.test.core.app.InstrumentationActivityInvoker$EmptyActivity}
08-30 15:11:20.561  4349  6779 D WindowManager: isScreenshotDisabledLocked: userId = 0, disabled =false
08-30 15:11:20.562  3976  4318 I SurfaceFlinger: id=38285 createSurf (720x1560),1 flag=404, com.example.dogglers/androidx.test.core.app.InstrumentationActivityInvoker$EmptyActivity$_23627#0
08-30 15:11:20.565  4349  6779 I SurfaceControl: nativeRelease nativeObject s[476017807744]
08-30 15:11:20.565  4349  6779 I SurfaceControl: nativeRelease nativeObject e[476017807744]
08-30 15:11:20.566 14146 14146 I TrayStateController: systemUiVisibilityChanged : 0 0
08-30 15:11:20.566  3976  4002 I SurfaceFlinger: id=38286 createSurf (0x0),-1 flag=24000, Surface(name=1096c8d StatusBar)/@0xeaf4dd0 - animation-leash#1
08-30 15:11:20.567  4349  6779 I SurfaceControl: nativeRelease nativeObject s[476017809952]
08-30 15:11:20.567  4349  6779 I SurfaceControl: nativeRelease nativeObject e[476017809952]
08-30 15:11:20.567  3976  4318 I SurfaceFlinger: id=38287 createSurf (0x0),-1 flag=24000, Surface(name=b07ecc5 NavigationBar0)/@0xa8376fc - animation-leash#0
08-30 15:11:20.570  4349  6779 V WindowManager: Relayout hash=9c4d044, pid=23627: mAttrs={(0,0)(fillxfill) sim={adjust=pan forwardNavigation} ty=BASE_APPLICATION wanim=0x1030001
08-30 15:11:20.570  4349  6779 V WindowManager:   fl=1810100
08-30 15:11:20.570  4349  6779 V WindowManager:   pfl=12020000
08-30 15:11:20.570  4349  6779 V WindowManager:   fitSides= naviIconColor=0}
08-30 15:11:20.570  4349  6779 I SurfaceControl: nativeRelease nativeObject s[476021494752]
08-30 15:11:20.570  4349  6779 I SurfaceControl: nativeRelease nativeObject e[476021494752]
08-30 15:11:20.571  3976  4318 I Layer   : id=38279 removeFromCurrentState Surface(name=1096c8d StatusBar)/@0xeaf4dd0 - animation-leash#0 (103)
08-30 15:11:20.571  3976  4318 I Layer   : id=38280 removeFromCurrentState Surface(name=b07ecc5 NavigationBar0)/@0xa8376fc - animation-leash#1 (103)
08-30 15:11:20.572 23627 23627 I SurfaceControl: assignNativeObject: nativeObject = 0 Surface(name=null)/@0x896cb68 / android.view.SurfaceControl.readFromParcel:1117 android.view.IWindowSession$Stub$Proxy.relayout:1836 android.view.ViewRootImpl.relayoutWindow:9005 android.view.ViewRootImpl.performTraversals:3360 android.view.ViewRootImpl.doTraversal:2618 android.view.ViewRootImpl$TraversalRunnable.run:9971 android.view.Choreographer$CallbackRecord.run:1010 android.view.Choreographer.doCallbacks:809 android.view.Choreographer.doFrame:744 android.view.Choreographer$FrameDisplayEventReceiver.run:995
08-30 15:11:20.574 23627 23627 I ViewRootImpl@ad65e8b[InstrumentationActivityInvoker$EmptyActivity]: Relayout returned: old=(0,0,720,1560) new=(0,0,720,1560) req=(720,1560)0 dur=15 res=0x7 s={true 476690350080} ch=true fn=-1
08-30 15:11:20.577  3899 10978 D gralloc : [mali_gralloc_allocate] begin
08-30 15:11:20.577  3899 10978 D gralloc : buffer_descriptor: wh(720 1560) usage_pc(0x40000000000b00 0x40000000000b00) hal_format(0x1) layer_count(1) sizes(0 0 0) strde(0) byte_stride(0) alloc_wh(0 0) internal_format(0x0) alloc_format(0x0) fd_count(1) plane_count(0)
08-30 15:11:20.578  3899 10978 D gralloc : [mali_gralloc_allocate] allocation successful
08-30 15:11:20.578 23627 23627 I ViewRootImpl@ad65e8b[InstrumentationActivityInvoker$EmptyActivity]: [DP] dp(1) 1 android.view.ViewRootImpl.reportNextDraw:10957 android.view.ViewRootImpl.performTraversals:3845 android.view.ViewRootImpl.doTraversal:2618
08-30 15:11:20.578 23627 23627 I ViewRootImpl@ad65e8b[InstrumentationActivityInvoker$EmptyActivity]: [DP] pd() Asnyc report
08-30 15:11:20.579  3899 10978 D gralloc : [mali_gralloc_allocate] begin
08-30 15:11:20.579  3899 10978 D gralloc : buffer_descriptor: wh(720 1560) usage_pc(0x40000000000b00 0x40000000000b00) hal_format(0x1) layer_count(1) sizes(0 0 0) strde(0) byte_stride(0) alloc_wh(0 0) internal_format(0x0) alloc_format(0x0) fd_count(1) plane_count(0)
08-30 15:11:20.579  3899 10978 D gralloc : [mali_gralloc_allocate] allocation successful
08-30 15:11:20.580  3899 10978 D gralloc : [mali_gralloc_allocate] begin
08-30 15:11:20.580  3899 10978 D gralloc : buffer_descriptor: wh(720 1560) usage_pc(0x40000000000b00 0x40000000000b00) hal_format(0x1) layer_count(1) sizes(0 0 0) strde(0) byte_stride(0) alloc_wh(0 0) internal_format(0x0) alloc_format(0x0) fd_count(1) plane_count(0)
08-30 15:11:20.582  3899 10978 D gralloc : [mali_gralloc_allocate] allocation successful
08-30 15:11:20.587 23627 23627 I ViewRootImpl@ad65e8b[InstrumentationActivityInvoker$EmptyActivity]: [DP] pdf(0) 1 android.view.ViewRootImpl.lambda$performDraw$1$ViewRootImpl:4668 android.view.-$$Lambda$ViewRootImpl$DJd0VUYJgsebcnSohO6h8zc_ONI.run:6 android.os.Handler.handleCallback:938
08-30 15:11:20.587 23627 23627 I ViewRootImpl@ad65e8b[InstrumentationActivityInvoker$EmptyActivity]: [DP] rdf()
08-30 15:11:20.593  4349  4372 D PkgPredictorService: pkg:com.example.dogglers activity:androidx.test.core.app.InstrumentationActivityInvoker$EmptyActivity thisTime:163
08-30 15:11:20.595  4349  4372 I SemDvfsHyPerManager: acquire hyper - AMS_RESUME_TAIL/4349@18, type = -999
08-30 15:11:20.595  4349  4376 I ActivityTaskManager: Displayed com.example.dogglers/androidx.test.core.app.InstrumentationActivityInvoker$EmptyActivity: +163ms
08-30 15:11:20.595  4349  4372 I SemDvfsHyPerManager: acquire hyper - AMS_ACT_LAZY/4349@19, type = -999
08-30 15:11:20.596  3927  3954 I HYPER-HAL: [RequestManager.cpp]acquire(): Acquired ID : 9537546  [4349 / 18]    HINT : AMS_RESUME_TAIL    list :
08-30 15:11:20.596  3927  3954 E HYPER-HAL: [HandlerSysfs.cpp]doResourceHandling(): Couldn't Open Sysfs - /sys/power/cstate_control
08-30 15:11:20.596  3927  3954 I HYPER-HAL: [ResourceManager.cpp]updateResource(): [CPUMinFreq] UpdateResource Request ID : 9537546    Value : 1560000
08-30 15:11:20.596  5589  5589 E pageboostd: Received HALT command code 2
08-30 15:11:20.596  3927  3954 I HYPER-HAL: [RequestManager.cpp]acquire(): Acquired ID : 9541915  [4349 / 19]    HINT :      list :
08-30 15:11:20.597  3927  3954 E HYPER-HAL: [Request.cpp]acquire(): Request:: id : 9541915, No Resource to set
08-30 15:11:20.597  3927  3954 E HYPER-HAL: [HandlerSysfs.cpp]doResourceHandling(): Couldn't Open Sysfs - /sys/power/cstate_control
08-30 15:11:20.597  3927  3954 I HYPER-HAL: [ResourceManager.cpp]removeResource(): [CPUMinFreq] RemoveResource Request ID : 9528811
08-30 15:11:20.597  3927  3954 I HYPER-HAL: [RequestManager.cpp]releaseLocked(): Released ID : 9528811
08-30 15:11:20.611 23627 23627 I ViewRootImpl@dc0912e[GridListActivity]: MSG_WINDOW_FOCUS_CHANGED 0 1
08-30 15:11:20.615 23627 23627 I SurfaceControl: nativeRelease nativeObject s[476571795328]
08-30 15:11:20.615 23627 23627 I SurfaceControl: nativeRelease nativeObject e[476571795328]
08-30 15:11:20.615 23627 23627 I SurfaceControl: nativeRelease nativeObject s[476571795232]
08-30 15:11:20.615 23627 23627 I SurfaceControl: nativeRelease nativeObject e[476571795232]
08-30 15:11:20.615 23627 23627 I SurfaceControl: nativeRelease nativeObject s[476571794752]
08-30 15:11:20.615 23627 23627 I SurfaceControl: nativeRelease nativeObject e[476571794752]
08-30 15:11:20.616  3976  5385 I SurfaceFlinger: id=38280 Removed Surface(name=b07ecc5 NavigationBar0)/@0xa8376fc - animation-leash#1 (103)
08-30 15:11:20.616  3976  5385 I SurfaceFlinger: id=38279 Removed Surface(name=1096c8d StatusBar)/@0xeaf4dd0 - animation-leash#0 (103)
08-30 15:11:20.616  4349  6779 I InputDispatcher: Focus entered window (23627): 9c4d044 in display 0 0
08-30 15:11:20.621  3976  3976 D SurfaceFlinger: Display 0 HWC layers:
08-30 15:11:20.621  3976  3976 D SurfaceFlinger:      DEVICE | 0x75743a7d80 | 0002 | RGBA_8888    |    0.0    0.0  720.0 1560.0 |    0    0  720 1560 | com.example.dogglers/androidx.test.c[...]tivityInvoker$EmptyActivity$_23627#0
08-30 15:11:20.621  3976  3976 D SurfaceFlinger:      DEVICE | 0x74f0414e40 | 0000 | RGBA_8888    |    0.0    0.0  720.0   53.0 |    0    0  720   53 | StatusBar$_4708#0
08-30 15:11:20.621  3976  3976 D SurfaceFlinger:      DEVICE | 0x74d157fa00 | 0000 | RGBA_8888    |    0.0    0.0   67.0  232.0 |  653  151  720  383 | com.samsung.android.app.cocktailbars[...]rservice.CocktailBarService$_14146#0
08-30 15:11:20.621  3976  3976 D SurfaceFlinger:      DEVICE | 0x75743a7380 | 0000 | RGBA_8888    |    0.0    0.0  720.0   84.0 |    0 1476  720 1560 | NavigationBar0$_4708#0
08-30 15:11:20.621  3976  3976 D SurfaceFlinger:      DEVICE | 0x74f0413e00 | 0000 | RGBA_8888    |    0.0    0.0  720.0  101.0 |    0    0  720  101 | ScreenDecorOverlay$_4708#0
08-30 15:11:20.621  3976  3976 D SurfaceFlinger:      DEVICE | 0x75743a7b00 | 0000 | RGBA_8888    |    0.0    0.0  720.0  101.0 |    0 1459  720 1560 | ScreenDecorOverlayBottom$_4708#0
08-30 15:11:20.621  3976  3976 D SurfaceFlinger:
08-30 15:11:20.631  3976  3976 I Layer   : id=38279[1] Destroyed Surface(name=1096c8d StatusBar)/@0xeaf4dd0 - animation-leash#0
08-30 15:11:20.631  3976  3976 I Layer   : id=38280[1] Destroyed Surface(name=b07ecc5 NavigationBar0)/@0xa8376fc - animation-leash#1
08-30 15:11:20.633  3976  4002 E BufferQueueProducer: [com.example.dogglers/com.example.dogglers.GridListActivity$_23627#0](id:f88000033c4,api:0,p:-1,c:3976) disconnect: not connected (req=1)
08-30 15:11:20.634 23627 23685 W libEGL  : EGLNativeWindowType 0x6f58d51010 disconnect failed
08-30 15:11:20.634  4349  6765 V WindowManager: Relayout Window{1767531 u0 com.example.dogglers/com.example.dogglers.GridListActivity}: viewVisibility=8 req=720x1560
08-30 15:11:20.639  4349  6765 V WindowManager: Relayout hash=1767531, pid=23627: mAttrs={(0,0)(fillxfill) sim={adjust=resize forwardNavigation} ty=BASE_APPLICATION wanim=0x1030304
08-30 15:11:20.639  4349  6765 V WindowManager:   fl=81810100
08-30 15:11:20.639  4349  6765 V WindowManager:   pfl=12020000
08-30 15:11:20.639  4349  6765 V WindowManager:   fitSides= naviIconColor=0}
08-30 15:11:20.641 23627 23627 I SurfaceControl: nativeRelease nativeObject s[478234528992]
08-30 15:11:20.641 23627 23627 I SurfaceControl: nativeRelease nativeObject e[478234528992]
08-30 15:11:20.641 23627 23627 I SurfaceControl: assignNativeObject: nativeObject = 0 Surface(name=null)/@0x7e21426 / android.view.SurfaceControl.readFromParcel:1117 android.view.IWindowSession$Stub$Proxy.relayout:1826 android.view.ViewRootImpl.relayoutWindow:9005 android.view.ViewRootImpl.performTraversals:3360 android.view.ViewRootImpl.doTraversal:2618 android.view.ViewRootImpl$TraversalRunnable.run:9971 android.view.Choreographer$CallbackRecord.run:1010 android.view.Choreographer.doCallbacks:809 android.view.Choreographer.doFrame:744 android.view.Choreographer$FrameDisplayEventReceiver.run:995
08-30 15:11:20.641 23627 23627 I SurfaceControl: assignNativeObject: nativeObject = 0 Surface(name=null)/@0xece04cf / android.view.SurfaceControl.readFromParcel:1117 android.view.IWindowSession$Stub$Proxy.relayout:1836 android.view.ViewRootImpl.relayoutWindow:9005 android.view.ViewRootImpl.performTraversals:3360 android.view.ViewRootImpl.doTraversal:2618 android.view.ViewRootImpl$TraversalRunnable.run:9971 android.view.Choreographer$CallbackRecord.run:1010 android.view.Choreographer.doCallbacks:809 android.view.Choreographer.doFrame:744 android.view.Choreographer$FrameDisplayEventReceiver.run:995
08-30 15:11:20.642 23627 23627 I SurfaceControl: nativeRelease nativeObject s[478234523616]
08-30 15:11:20.642 23627 23627 I SurfaceControl: nativeRelease nativeObject e[478234523616]
08-30 15:11:20.643 23627 23627 I ViewRootImpl@dc0912e[GridListActivity]: Relayout returned: old=(0,0,720,1560) new=(0,0,720,1560) req=(720,1560)8 dur=8 res=0x5 s={false 0} ch=true fn=16
08-30 15:11:20.643  4349  5464 I SemDvfsHyPerManager: acquire hyper - AMS_ACT_START/4349@16, type = -999
08-30 15:11:20.643  3927  3954 I HYPER-HAL: [RequestManager.cpp]acquire(): Acquired ID : 9528811  [4349 / 16]    HINT : AMS_ACT_START    list :
08-30 15:11:20.643 23627 23627 I ViewRootImpl@ad65e8b[InstrumentationActivityInvoker$EmptyActivity]: MSG_WINDOW_FOCUS_CHANGED 1 1
08-30 15:11:20.644  3927  3954 E HYPER-HAL: [HandlerSysfs.cpp]doResourceHandling(): Couldn't Open Sysfs - /sys/power/cstate_control
08-30 15:11:20.644 23627 23627 D InputMethodManager: prepareNavigationBarInfo() DecorView@37ff37c[InstrumentationActivityInvoker$EmptyActivity]
08-30 15:11:20.644 23627 23627 D InputMethodManager: getNavigationBarColor() -16711423
08-30 15:11:20.644  3927  3954 I HYPER-HAL: [ResourceManager.cpp]updateResource(): [CPUMinFreq] UpdateResource Request ID : 9528811    Value : 1560000
08-30 15:11:20.644  3976  5385 I SurfaceFlinger: id=38288 createSurf (0x0),-1 flag=80004, ActivityRecord{316e3ba u0 com.example.dogglers/androidx.test.core.app.InstrumentationActivityInvoker$EmptyActivity t1416}#0
08-30 15:11:20.644 23627 23627 D InputMethodManager: prepareNavigationBarInfo() DecorView@37ff37c[InstrumentationActivityInvoker$EmptyActivity]
08-30 15:11:20.644 23627 23627 D InputMethodManager: getNavigationBarColor() -16711423
08-30 15:11:20.644 23627 23627 V InputMethodManager: Starting input: tba=com.example.dogglers ic=null mNaviBarColor -16711423 mIsGetNaviBarColorSuccess true , NavVisible : true , NavTrans : false
08-30 15:11:20.645 23627 23627 D InputMethodManager: startInputInner - Id : 0
08-30 15:11:20.645 23627 23627 I InputMethodManager: startInputInner - mService.startInputOrWindowGainedFocus
08-30 15:11:20.645  4349  6765 D InputMethodManagerService: mSecureKeypadEnabled = false
08-30 15:11:20.651  4349  4358 I system_server: Background young concurrent copying GC freed 186908(11MB) AllocSpace objects, 258(5224KB) LOS objects, 12% free, 107MB/123MB, paused 284us total 162.706ms
08-30 15:11:20.656  4349  6765 V InputMethodManagerService: hideCurrentInputLocked : shouldHideSoftInput is false
08-30 15:11:20.656  4349  6765 D InputMethodManagerService: mDesktopModeManager null!
08-30 15:11:20.656  4349  6765 V InputMethodManagerService: getDisplayIdOfInputMethodWindowToBeAdded : 0
08-30 15:11:20.657  4349  6765 D InputMethodManagerService: checkDisplayOfStartInputAndUpdateKeyboard display Id 0last 0
08-30 15:11:20.657  4349  6765 D InputTransport: Input channel constructed: 'ClientS', fd=720
08-30 15:11:20.657  4349  6765 D InputTransport: Input channel destroyed: 'ClientS', fd=720
08-30 15:11:20.657  4349  4360 W System  : A resource failed to call release.
08-30 15:11:20.657  4349  4360 I SurfaceControl: nativeRelease nativeObject s[477997773952]
08-30 15:11:20.657  4349  4360 I SurfaceControl: nativeRelease nativeObject e[477997773952]
08-30 15:11:20.657 23627 23627 D InputTransport: Input channel constructed: 'ClientS', fd=92
08-30 15:11:20.658 23627 23627 D InputTransport: Input channel destroyed: 'ClientS', fd=91
08-30 15:11:20.658  4349  4360 W System  : A resource failed to call release.
08-30 15:11:20.658  4349  4360 I SurfaceControl: nativeRelease nativeObject s[476021497152]
08-30 15:11:20.658  4349  4360 I SurfaceControl: nativeRelease nativeObject e[476021497152]
08-30 15:11:20.658  4349  6779 I SurfaceControl: nativeRelease nativeObject s[476021501184]
08-30 15:11:20.658  3976  5385 I SurfaceFlinger: id=38265 Removed Surface(name=749d536 InputMethod)/@0x72f94d3 - animation-leash#1 (102)
08-30 15:11:20.658  4349  6779 I SurfaceControl: nativeRelease nativeObject e[476021501184]
08-30 15:11:20.658  4349  4360 W System  : A resource failed to call release.
08-30 15:11:20.658  4349  4360 I SurfaceControl: nativeRelease nativeObject s[476007087584]
08-30 15:11:20.658  4349  4360 I SurfaceControl: nativeRelease nativeObject e[476007087584]
08-30 15:11:20.659  3976  5385 I SurfaceFlinger: id=38260 Removed Surface(name=b07ecc5 NavigationBar0)/@0xa8376fc - animation-leash#1 (102)
08-30 15:11:20.659  4349  4360 W System  : A resource failed to call release.
08-30 15:11:20.659  4349  4360 I SurfaceControl: nativeRelease nativeObject s[476021494848]
08-30 15:11:20.659  4349  4360 I SurfaceControl: nativeRelease nativeObject e[476021494848]
08-30 15:11:20.659 23627 23627 I ViewRootImpl@dc0912e[GridListActivity]: stopped(true) old=false
08-30 15:11:20.659  3976  5385 I SurfaceFlinger: id=38259 Removed Surface(name=1096c8d StatusBar)/@0xeaf4dd0 - animation-leash#0 (102)
08-30 15:11:20.659  3976  4002 I SurfaceFlinger: id=38289 createSurf (0x0),-1 flag=24004, Surface(name=749d536 InputMethod)/@0x72f94d3 - animation-leash#1
08-30 15:11:20.660 23627 23627 D LifecycleMonitor: Lifecycle status change: com.example.dogglers.GridListActivity@d389eda in: STOPPED
08-30 15:11:20.660 23627 23627 V ActivityScenario: Update currentActivityStage to STOPPED, currentActivity=com.example.dogglers.GridListActivity@d389eda
08-30 15:11:20.660  7475  7475 I HBD     : HoneyBoardService onFinishInput
08-30 15:11:20.661  7475  7475 I HBD     : a IC have been unbinded,  InputConnectionWrapper{idHash=#9f06870 mMissingMethods=}
08-30 15:11:20.661  7475  7475 I HBD     : HoneyBoardService [PF_CL][onFinishInput]  401231 ns
08-30 15:11:20.661  7475  7475 I HBD     : HoneyBoardService [IMI] onStartInput - caller pid : 23627 , caller uid : 10429
08-30 15:11:20.661  7475  7475 I HBD     : i updateConfigs
08-30 15:11:20.661  7475  7475 I HBD     : i isEnabledNightMode : true
08-30 15:11:20.662  7475  7475 I HBD     : a IC have been binded, InputConnectionWrapper{idHash=#9f06870 mMissingMethods=}
08-30 15:11:20.662  3976  4002 I Layer   : id=38282 removeFromCurrentState Surface(name=749d536 InputMethod)/@0x72f94d3 - animation-leash#0 (103)
08-30 15:11:20.662  7475  7475 I HBD     : h [EditorInputType]setPrivateImeOptionsToTable privateImeOptions ( null )
08-30 15:11:20.662  7475  7475 I HBD     : b incognitoMode : false
08-30 15:11:20.662  4349  4360 W System  : A resource failed to call release.
08-30 15:11:20.662  7475  7475 I HBD     : a needOff = true , isForceOff = false, isNullInputClass : true
08-30 15:11:20.662  4349  4360 I SurfaceControl: nativeRelease nativeObject s[477998034176]
08-30 15:11:20.662  4349  4360 I SurfaceControl: nativeRelease nativeObject e[477998034176]
08-30 15:11:20.662  7475  7475 I HBD     : h getDefaultInputRange : UNKNOWN
08-30 15:11:20.662  7475  7475 I HBD     : h getDefaultInputRange : UNKNOWN
08-30 15:11:20.662  7475  7475 I HBD     : h getDefaultInputRange : UNKNOWN
08-30 15:11:20.663 23627 23627 D LifecycleMonitor: Lifecycle status change: com.example.dogglers.GridListActivity@d389eda in: DESTROYED
08-30 15:11:20.663  4349  6779 D SdpManagerService: Not an enterprise user : 0
08-30 15:11:20.663  4349  6779 D SdpManagerService: Not an enterprise user : 0
08-30 15:11:20.663 23627 23627 V ActivityScenario: Update currentActivityStage to DESTROYED, currentActivity=null
08-30 15:11:20.664  4349  4360 W System  : A resource failed to call release.
08-30 15:11:20.664  4349  4360 I SurfaceControl: nativeRelease nativeObject s[476007093536]
08-30 15:11:20.664  4349  4360 I SurfaceControl: nativeRelease nativeObject e[476007093536]
08-30 15:11:20.664  3976  3976 I Layer   : id=38265[1] Destroyed Surface(name=749d536 InputMethod)/@0x72f94d3 - animation-leash#1
08-30 15:11:20.664  3976  3976 I Layer   : id=38259[1] Destroyed Surface(name=1096c8d StatusBar)/@0xeaf4dd0 - animation-leash#0
08-30 15:11:20.664  3976  3976 I Layer   : id=38260[1] Destroyed Surface(name=b07ecc5 NavigationBar0)/@0xa8376fc - animation-leash#1
08-30 15:11:20.666  4349  4360 W System  : A resource failed to call release.
08-30 15:11:20.666  4349  4360 I SurfaceControl: nativeRelease nativeObject s[477996351456]
08-30 15:11:20.666  4349  4360 I SurfaceControl: nativeRelease nativeObject e[477996351456]
08-30 15:11:20.666  3976  4002 I SurfaceFlinger: id=38242 Removed Surface(name=1096c8d StatusBar)/@0xeaf4dd0 - animation-leash#0 (100)
08-30 15:11:20.666  4349  4360 W System  : A resource failed to call release.
08-30 15:11:20.666  4349  4360 I SurfaceControl: nativeRelease nativeObject s[477996351936]
08-30 15:11:20.666  4349  4360 I SurfaceControl: nativeRelease nativeObject e[477996351936]
08-30 15:11:20.667  3976  4002 I SurfaceFlinger: id=38243 Removed Surface(name=b07ecc5 NavigationBar0)/@0xa8376fc - animation-leash#1 (100)
08-30 15:11:20.667 23627 23627 I ViewRootImpl@dc0912e[GridListActivity]: dispatchDetachedFromWindow
08-30 15:11:20.668  4349  6779 D InputTransport: Input channel destroyed: '1767531', fd=770
08-30 15:11:20.668  4349  6779 I SurfaceControl: nativeRelease nativeObject s[476016220448]
08-30 15:11:20.668  4349  6779 I SurfaceControl: nativeRelease nativeObject e[476016220448]
08-30 15:11:20.668  4349  6779 D WindowManager: isScreenshotDisabledLocked - win: Window{1767531 u0 com.example.dogglers/com.example.dogglers.GridListActivity}
08-30 15:11:20.668  4349  6779 D WindowManager: isScreenshotDisabledLocked: userId = 0, disabled =false
08-30 15:11:20.669  4349  4360 W System  : A resource failed to call release.
08-30 15:11:20.669  4349  4360 I SurfaceControl: nativeRelease nativeObject s[477997784224]
08-30 15:11:20.669  4349  4360 I SurfaceControl: nativeRelease nativeObject e[477997784224]
08-30 15:11:20.669  7475  7475 I HBD     : h getDefaultInputRange : UNKNOWN
08-30 15:11:20.669  4349  4360 W System  : A resource failed to call release.
08-30 15:11:20.669  4349  4360 I SurfaceControl: nativeRelease nativeObject s[476016220352]
08-30 15:11:20.669  4349  4360 I SurfaceControl: nativeRelease nativeObject e[476016220352]
08-30 15:11:20.669  7475  7475 I HBD     : a currentState : 0
08-30 15:11:20.669  4349  4360 W System  : A resource failed to call release.
08-30 15:11:20.669  4349  4360 I SurfaceControl: nativeRelease nativeObject s[476016219776]
08-30 15:11:20.669  4349  4360 I SurfaceControl: nativeRelease nativeObject e[476016219776]
08-30 15:11:20.669  3976  4002 I SurfaceFlinger: id=38223 Removed Surface(name=749d536 InputMethod)/@0x72f94d3 - animation-leash#0 (100)
08-30 15:11:20.669  4349  4360 W System  : A resource failed to call release.
08-30 15:11:20.669  4349  4360 I SurfaceControl: nativeRelease nativeObject s[476017810048]
08-30 15:11:20.669  3976  5385 I SurfaceFlinger: id=38218 Removed Surface(name=b07ecc5 NavigationBar0)/@0xa8376fc - animation-leash#0 (100)
08-30 15:11:20.669  4349  4360 I SurfaceControl: nativeRelease nativeObject e[476017810048]
08-30 15:11:20.669  3976  5385 I SurfaceFlinger: id=38217 Removed Surface(name=1096c8d StatusBar)/@0xeaf4dd0 - animation-leash#1 (100)
08-30 15:11:20.669  4349  6779 I SurfaceControl: nativeRelease nativeObject s[477998031680]
08-30 15:11:20.669  4349  6779 I SurfaceControl: nativeRelease nativeObject e[477998031680]
08-30 15:11:20.669  3976  5385 I Layer   : id=38278 removeFromCurrentState com.example.dogglers/com.example.dogglers.GridListActivity$_23627#0 (100)
08-30 15:11:20.670  3976  5385 I SurfaceFlinger: id=38278 Removed com.example.dogglers/com.example.dogglers.GridListActivity$_23627#0 (100)
08-30 15:11:20.670  7475  7475 I HBD     : h load selected json info : {"version":"1.0","currentLanguageOrder":2,"selected":[{"activeOptionList":["auto_replace","spell_check","auto_spacing"],"engName":"Russian","id":3342336,"inputType":"qwerty","isUsed":true},{"activeOptionList":["auto_replace","spell_check","auto_spacing"],"engName":"English","id":65537,"inputType":"qwerty","isUsed":true},{"activeOptionList":["auto_replace","spell_check","auto_spacing"],"engName":"Ukrainian","id":4456448,"inputType":"qwerty","isUsed":true}]}
08-30 15:11:20.671  7475  7475 I HBD     : a [UpdatePolicy] [post] a: 0 cl: 4456448 kit: [0/0] vt: 0 ir: 1
08-30 15:11:20.671  3976  5385 I Layer   : id=38277 removeFromCurrentState 1767531 com.example.dogglers/com.example.dogglers.GridListActivity#0 (100)
08-30 15:11:20.672  7475  7475 I HBD     : HoneyBoardService [PF_OP][onStartInput]  10796808 ns
08-30 15:11:20.672  3976  5385 I SurfaceFlinger: id=38277 Removed 1767531 com.example.dogglers/com.example.dogglers.GridListActivity#0 (100)
08-30 15:11:20.673 23627 23627 D InputTransport: Input channel destroyed: '1767531', fd=81
08-30 15:11:20.674  4349  6765 I SurfaceControl: nativeRelease nativeObject s[478247330848]
08-30 15:11:20.674  4349  6765 I SurfaceControl: nativeRelease nativeObject e[478247330848]
08-30 15:11:20.681  3976  3976 I Layer   : id=38242[1] Destroyed Surface(name=1096c8d StatusBar)/@0xeaf4dd0 - animation-leash#0
08-30 15:11:20.681  3976  3976 I Layer   : id=38243[1] Destroyed Surface(name=b07ecc5 NavigationBar0)/@0xa8376fc - animation-leash#1
08-30 15:11:20.681  3976  3976 I Layer   : id=38217[1] Destroyed Surface(name=1096c8d StatusBar)/@0xeaf4dd0 - animation-leash#1
08-30 15:11:20.681  3976  3976 I Layer   : id=38218[1] Destroyed Surface(name=b07ecc5 NavigationBar0)/@0xa8376fc - animation-leash#0
08-30 15:11:20.681  3976  3976 I Layer   : id=38223[1] Destroyed Surface(name=749d536 InputMethod)/@0x72f94d3 - animation-leash#0
08-30 15:11:20.681  3976  3976 I Layer   : id=38277[1] Destroyed 1767531 com.example.dogglers/com.example.dogglers.GridListActivity#0
08-30 15:11:20.681  3976  3976 I Layer   : id=38278[1] Destroyed com.example.dogglers/com.example.dogglers.GridListActivity$_23627#0
08-30 15:11:20.682  3976  5385 I Layer   : id=38272 removeFromCurrentState ActivityRecord{c0e4378 u0 com.example.dogglers/.GridListActivity t1416}#0 (93)
08-30 15:11:20.683  3976  4002 I SurfaceFlinger: id=38272 Removed ActivityRecord{c0e4378 u0 com.example.dogglers/.GridListActivity t1416}#0 (93)
08-30 15:11:20.684 23627 23627 D LifecycleMonitor: Lifecycle status change: androidx.test.core.app.InstrumentationActivityInvoker$EmptyActivity@4ae294e in: PAUSED
08-30 15:11:20.684 23627 23627 V ActivityScenario: Activity lifecycle changed event received but ignored because the intent does not match. startActivityIntent=Intent { act=android.intent.action.MAIN cat=[android.intent.category.LAUNCHER] cmp=com.example.dogglers/.GridListActivity }, activity.getIntent()=Intent { act=android.intent.action.MAIN cat=[android.intent.category.LAUNCHER] flg=0x10000000 cmp=com.example.dogglers/androidx.test.core.app.InstrumentationActivityInvoker$EmptyActivity }, activity=androidx.test.core.app.InstrumentationActivityInvoker$EmptyActivity@4ae294e
08-30 15:11:20.687  4349  6779 V WindowOrientationListener: getProposedRotation: -1
08-30 15:11:20.687  4349  6779 V WindowOrientationListener: getProposedRotation: -1
08-30 15:11:20.688  4349  6779 V WindowOrientationListener: getProposedRotation: -1
08-30 15:11:20.690  4349  6779 D InputDispatcher: Focused application set to (0): 316e3ba
08-30 15:11:20.696 23627 23627 I SurfaceControl: nativeRelease nativeObject s[478234528992]
08-30 15:11:20.697 23627 23627 I SurfaceControl: nativeRelease nativeObject e[478234528992]
08-30 15:11:20.697  3976  3976 I Layer   : id=38272[1] Destroyed ActivityRecord{c0e4378 u0 com.example.dogglers/.GridListActivity t1416}#0
08-30 15:11:20.700  4349  6765 D SamsungIMMSHWKeyboard: isConnectedDexOnPC false
08-30 15:11:20.700 23627 23627 I SurfaceControl: nativeRelease nativeObject s[476571795520]
08-30 15:11:20.700 23627 23627 I SurfaceControl: nativeRelease nativeObject e[476571795520]
08-30 15:11:20.700  4349  6765 D InputMethodManagerService: isImeSwitcherDisabledPackage : false
08-30 15:11:20.700 23627 23627 I SurfaceControl: nativeRelease nativeObject s[476571795424]
08-30 15:11:20.700 23627 23627 I SurfaceControl: nativeRelease nativeObject e[476571795424]
08-30 15:11:20.704  4349  4371 I SemPersonaManager: SecureFolder personaId = 150
08-30 15:11:20.705 23627 23627 D LifecycleMonitor: Lifecycle status change: androidx.test.core.app.InstrumentationActivityInvoker$BootstrapActivity@7ff5093 in: DESTROYED
08-30 15:11:20.705 23627 23627 V ActivityScenario: Activity lifecycle changed event received but ignored because the intent does not match. startActivityIntent=Intent { act=android.intent.action.MAIN cat=[android.intent.category.LAUNCHER] cmp=com.example.dogglers/.GridListActivity }, activity.getIntent()=Intent { act=android.intent.action.MAIN cat=[android.intent.category.LAUNCHER] flg=0x10008000 cmp=com.example.dogglers/androidx.test.core.app.InstrumentationActivityInvoker$BootstrapActivity (has extras) }, activity=androidx.test.core.app.InstrumentationActivityInvoker$BootstrapActivity@7ff5093
08-30 15:11:20.706  4349  6765 I SurfaceControl: nativeRelease nativeObject s[477996351360]
08-30 15:11:20.706  4349  6765 I SurfaceControl: nativeRelease nativeObject e[477996351360]
08-30 15:11:20.710  3976  4002 I Layer   : id=38267 removeFromCurrentState ActivityRecord{856a70d u0 com.example.dogglers/androidx.test.core.app.InstrumentationActivityInvoker$BootstrapActivity t1416}#0 (92)
08-30 15:11:20.711  3976  4002 I SurfaceFlinger: id=38267 Removed ActivityRecord{856a70d u0 com.example.dogglers/androidx.test.core.app.InstrumentationActivityInvoker$BootstrapActivity t1416}#0 (92)
08-30 15:11:20.714  3976  3976 I Layer   : id=38267[1] Destroyed ActivityRecord{856a70d u0 com.example.dogglers/androidx.test.core.app.InstrumentationActivityInvoker$BootstrapActivity t1416}#0
08-30 15:11:20.716  4349  6765 I InputDispatcher: Focus left window (23627): 9c4d044 in display 0 0
08-30 15:11:20.716 23627 23627 D LifecycleMonitor: Lifecycle status change: androidx.test.core.app.InstrumentationActivityInvoker$EmptyActivity@21a1403 in: PRE_ON_CREATE
08-30 15:11:20.716 23627 23627 V ActivityScenario: Activity lifecycle changed event received but ignored because the intent does not match. startActivityIntent=Intent { act=android.intent.action.MAIN cat=[android.intent.category.LAUNCHER] cmp=com.example.dogglers/.GridListActivity }, activity.getIntent()=Intent { act=android.intent.action.MAIN cat=[android.intent.category.LAUNCHER] flg=0x10000000 cmp=com.example.dogglers/androidx.test.core.app.InstrumentationActivityInvoker$EmptyActivity }, activity=androidx.test.core.app.InstrumentationActivityInvoker$EmptyActivity@21a1403
08-30 15:11:20.754  4349  4371 D EnterpriseDeviceManagerService: isMdmAdminPresentInternal() : MDM Admin Found - com.samsung.knox.securefolder
08-30 15:11:20.766 23627 23627 I DecorView: [INFO] isPopOver=false, config=true
08-30 15:11:20.766 23627 23627 I DecorView: updateCaptionType >> DecorView@7e19b9[], isFloating=false, isApplication=true, hasWindowDecorCaption=false, hasWindowControllerCallback=true
08-30 15:11:20.766 23627 23627 D DecorView: setCaptionType = 0, this = DecorView@7e19b9[]
08-30 15:11:20.771 23627 23627 D LifecycleMonitor: Lifecycle status change: androidx.test.core.app.InstrumentationActivityInvoker$EmptyActivity@21a1403 in: CREATED
08-30 15:11:20.771 23627 23627 V ActivityScenario: Activity lifecycle changed event received but ignored because the intent does not match. startActivityIntent=Intent { act=android.intent.action.MAIN cat=[android.intent.category.LAUNCHER] cmp=com.example.dogglers/.GridListActivity }, activity.getIntent()=Intent { act=android.intent.action.MAIN cat=[android.intent.category.LAUNCHER] flg=0x10000000 cmp=com.example.dogglers/androidx.test.core.app.InstrumentationActivityInvoker$EmptyActivity }, activity=androidx.test.core.app.InstrumentationActivityInvoker$EmptyActivity@21a1403
08-30 15:11:20.774 23627 23627 D LifecycleMonitor: Lifecycle status change: androidx.test.core.app.InstrumentationActivityInvoker$EmptyActivity@21a1403 in: STARTED
08-30 15:11:20.774 23627 23627 V ActivityScenario: Activity lifecycle changed event received but ignored because the intent does not match. startActivityIntent=Intent { act=android.intent.action.MAIN cat=[android.intent.category.LAUNCHER] cmp=com.example.dogglers/.GridListActivity }, activity.getIntent()=Intent { act=android.intent.action.MAIN cat=[android.intent.category.LAUNCHER] flg=0x10000000 cmp=com.example.dogglers/androidx.test.core.app.InstrumentationActivityInvoker$EmptyActivity }, activity=androidx.test.core.app.InstrumentationActivityInvoker$EmptyActivity@21a1403
08-30 15:11:20.777 23627 23627 D LifecycleMonitor: Lifecycle status change: androidx.test.core.app.InstrumentationActivityInvoker$EmptyActivity@21a1403 in: RESUMED
08-30 15:11:20.777 23627 23627 V ActivityScenario: Activity lifecycle changed event received but ignored because the intent does not match. startActivityIntent=Intent { act=android.intent.action.MAIN cat=[android.intent.category.LAUNCHER] cmp=com.example.dogglers/.GridListActivity }, activity.getIntent()=Intent { act=android.intent.action.MAIN cat=[android.intent.category.LAUNCHER] flg=0x10000000 cmp=com.example.dogglers/androidx.test.core.app.InstrumentationActivityInvoker$EmptyActivity }, activity=androidx.test.core.app.InstrumentationActivityInvoker$EmptyActivity@21a1403
08-30 15:11:20.783  4349  5464 D InputTransport: Input channel constructed: '7b77fd0', fd=692
08-30 15:11:20.783  4349  5464 D InputTransport: Input channel constructed: '7b77fd0', fd=693
08-30 15:11:20.784  3976  4002 I SurfaceFlinger: id=38290 createSurf (0x0),-1 flag=80004, 7b77fd0 com.example.dogglers/androidx.test.core.app.InstrumentationActivityInvoker$EmptyActivity#0
08-30 15:11:20.784  4349  5464 D WindowManager: isScreenshotDisabledLocked - win: Window{7b77fd0 u0 com.example.dogglers/androidx.test.core.app.InstrumentationActivityInvoker$EmptyActivity}
08-30 15:11:20.784  4349  5464 D WindowManager: isScreenshotDisabledLocked: userId = 0, disabled =false
08-30 15:11:20.785  4349  5464 D InputTransport: Input channel destroyed: '7b77fd0', fd=693
08-30 15:11:20.785 23627 23627 D InputTransport: Input channel constructed: '7b77fd0', fd=81
08-30 15:11:20.787 23627 23627 I ViewRootImpl@a6533ac[InstrumentationActivityInvoker$EmptyActivity]: setView = com.android.internal.policy.DecorView@7e19b9 TM=true
08-30 15:11:20.801  4349  5464 V WindowManager: Relayout Window{7b77fd0 u0 com.example.dogglers/androidx.test.core.app.InstrumentationActivityInvoker$EmptyActivity}: viewVisibility=0 req=720x1560
08-30 15:11:20.804  4349  5464 D WindowManager: isScreenshotDisabledLocked - win: Window{7b77fd0 u0 com.example.dogglers/androidx.test.core.app.InstrumentationActivityInvoker$EmptyActivity}
08-30 15:11:20.804  4349  5464 D WindowManager: isScreenshotDisabledLocked: userId = 0, disabled =false
08-30 15:11:20.805  3976  4002 I SurfaceFlinger: id=38291 createSurf (720x1560),1 flag=404, com.example.dogglers/androidx.test.core.app.InstrumentationActivityInvoker$EmptyActivity$_23627#1
08-30 15:11:20.808  4349  5464 I SurfaceControl: nativeRelease nativeObject s[476008574304]
08-30 15:11:20.808  4349  5464 I SurfaceControl: nativeRelease nativeObject e[476008574304]
08-30 15:11:20.808 14146 14146 I TrayStateController: systemUiVisibilityChanged : 0 0
08-30 15:11:20.808  3976  4002 I SurfaceFlinger: id=38292 createSurf (0x0),-1 flag=24000, Surface(name=1096c8d StatusBar)/@0xeaf4dd0 - animation-leash#0
08-30 15:11:20.809  4349  5464 I SurfaceControl: nativeRelease nativeObject s[476011684128]
08-30 15:11:20.809  4349  5464 I SurfaceControl: nativeRelease nativeObject e[476011684128]
08-30 15:11:20.809  3976  4002 I SurfaceFlinger: id=38293 createSurf (0x0),-1 flag=24000, Surface(name=b07ecc5 NavigationBar0)/@0xa8376fc - animation-leash#1
08-30 15:11:20.811  4349  5464 V WindowManager: Relayout hash=7b77fd0, pid=23627: mAttrs={(0,0)(fillxfill) sim={adjust=pan forwardNavigation} ty=BASE_APPLICATION wanim=0x1030001
08-30 15:11:20.811  4349  5464 V WindowManager:   fl=1810100
08-30 15:11:20.811  4349  5464 V WindowManager:   pfl=12020000
08-30 15:11:20.811  4349  5464 V WindowManager:   fitSides= naviIconColor=0}
08-30 15:11:20.811  4349  5464 I SurfaceControl: nativeRelease nativeObject s[476011683936]
08-30 15:11:20.811  4349  5464 I SurfaceControl: nativeRelease nativeObject e[476011683936]
