08-30 15:11:10.895  3976  4318 I Layer   : id=38025 removeFromCurrentState Dim Layer for - Task=1410 - animating-dim#0 (97)
08-30 15:11:10.895  3976  4318 I Layer   : id=38019 addToCurrentState ActivityRecord{9a2a10b u0 com.example.dogglers/.GridListActivity t1410}#0 (97)
08-30 15:11:10.895  3976  4318 I Layer   : id=38020 addToCurrentState 232d71 com.example.dogglers/com.example.dogglers.GridListActivity#0 (97)
08-30 15:11:10.895  3976  4318 I Layer   : id=38021 addToCurrentState com.example.dogglers/com.example.dogglers.GridListActivity$_23627#0 (97)
08-30 15:11:10.895  3976  4318 I Layer   : id=38028 removeFromCurrentState Surface(name=ActivityRecord{9a2a10b u0 com.example.dogglers/.GridListActivity t1410})/@0xc0f66f4 - animation-leash#0 (97)
08-30 15:11:10.896  3976  6075 I SurfaceFlinger: id=38029 Removed Surface(name=ActivityRecord{9a2a10b u0 com.example.dogglers/.GridListActivity t1410})/@0xc0f66f4 - animation-bounds#0 (97)
08-30 15:11:10.896  3976  6075 I SurfaceFlinger: id=38024 Removed Surface(name=ActivityRecord{612bb5b u0 com.example.dogglers/.MainActivity t1410})/@0x7b27f46 - animation-leash#0 (97)
08-30 15:11:10.896  3976  4318 I SurfaceFlinger: id=38025 Removed Dim Layer for - Task=1410 - animating-dim#0 (97)
08-30 15:11:10.896  3976  4002 I SurfaceFlinger: id=38028 Removed Surface(name=ActivityRecord{9a2a10b u0 com.example.dogglers/.GridListActivity t1410})/@0xc0f66f4 - animation-leash#0 (97)
08-30 15:11:10.896  3976  5385 I SurfaceFlinger: id=38027 Removed Surface(name=ActivityRecord{612bb5b u0 com.example.dogglers/.MainActivity t1410})/@0x7b27f46 - animation-bounds#0 (97)
08-30 15:11:10.904  3976  3976 I Layer   : id=38025[1] Destroyed Dim Layer for - Task=1410 - animating-dim#0
08-30 15:11:10.904  3976  3976 I Layer   : id=38027[1] Destroyed Surface(name=ActivityRecord{612bb5b u0 com.example.dogglers/.MainActivity t1410})/@0x7b27f46 - animation-bounds#0
08-30 15:11:10.905  3976  3976 I Layer   : id=38024[1] Destroyed Surface(name=ActivityRecord{612bb5b u0 com.example.dogglers/.MainActivity t1410})/@0x7b27f46 - animation-leash#0
08-30 15:11:10.905  3976  3976 I Layer   : id=38029[1] Destroyed Surface(name=ActivityRecord{9a2a10b u0 com.example.dogglers/.GridListActivity t1410})/@0xc0f66f4 - animation-bounds#0
08-30 15:11:10.905  3976  3976 I Layer   : id=38028[1] Destroyed Surface(name=ActivityRecord{9a2a10b u0 com.example.dogglers/.GridListActivity t1410})/@0xc0f66f4 - animation-leash#0
08-30 15:11:10.907  3976  5385 E BufferQueueProducer: [com.example.dogglers/com.example.dogglers.MainActivity$_23627#0](id:f88000033a2,api:0,p:-1,c:3976) disconnect: not connected (req=1)
08-30 15:11:10.908 23627 23685 W libEGL  : EGLNativeWindowType 0x6f4fc70010 disconnect failed
08-30 15:11:10.909  4349  5464 V WindowManager: Relayout Window{523f404 u0 com.example.dogglers/com.example.dogglers.MainActivity}: viewVisibility=8 req=720x1560
08-30 15:11:10.911  3976  3976 D SurfaceFlinger: Display 0 HWC layers:
08-30 15:11:10.911  3976  3976 D SurfaceFlinger:      DEVICE | 0x75743a6ac0 | 0002 | RGBA_8888    |    0.0    0.0  720.0 1560.0 |    0    0  720 1560 | com.example.dogglers/androidx.test.c[...]tivityInvoker$EmptyActivity$_23627#0
08-30 15:11:10.911  3976  3976 D SurfaceFlinger:      DEVICE | 0x75743a6fc0 | 0000 | RGBA_8888    |    0.0    0.0  720.0   53.0 |    0    0  720   53 | StatusBar$_4708#0
08-30 15:11:10.911  3976  3976 D SurfaceFlinger:      DEVICE | 0x74d157fa00 | 0000 | RGBA_8888    |    0.0    0.0   67.0  232.0 |  653  151  720  383 | com.samsung.android.app.cocktailbars[...]rservice.CocktailBarService$_14146#0
08-30 15:11:10.911  3976  3976 D SurfaceFlinger:      DEVICE | 0x75743a7380 | 0000 | RGBA_8888    |    0.0    0.0  720.0   84.0 |    0 1476  720 1560 | NavigationBar0$_4708#0
08-30 15:11:10.911  3976  3976 D SurfaceFlinger:      DEVICE | 0x74f0413e00 | 0000 | RGBA_8888    |    0.0    0.0  720.0  101.0 |    0    0  720  101 | ScreenDecorOverlay$_4708#0
08-30 15:11:10.911  3976  3976 D SurfaceFlinger:      DEVICE | 0x75743a7b00 | 0000 | RGBA_8888    |    0.0    0.0  720.0  101.0 |    0 1459  720 1560 | ScreenDecorOverlayBottom$_4708#0
08-30 15:11:10.911  3976  3976 D SurfaceFlinger:
08-30 15:11:10.913  4349  5464 V WindowManager: Relayout hash=523f404, pid=23627: mAttrs={(0,0)(fillxfill) sim={adjust=pan forwardNavigation} ty=BASE_APPLICATION wanim=0x1030304
08-30 15:11:10.913  4349  5464 V WindowManager:   fl=81810100
08-30 15:11:10.913  4349  5464 V WindowManager:   pfl=12020000
08-30 15:11:10.913  4349  5464 V WindowManager:   fitSides= naviIconColor=0}
08-30 15:11:10.914 23627 23627 I SurfaceControl: nativeRelease nativeObject s[478080204928]
08-30 15:11:10.914 23627 23627 I SurfaceControl: nativeRelease nativeObject e[478080204928]
08-30 15:11:10.915 23627 23627 I SurfaceControl: assignNativeObject: nativeObject = 0 Surface(name=null)/@0x75eb71a / android.view.SurfaceControl.readFromParcel:1117 android.view.IWindowSession$Stub$Proxy.relayout:1826 android.view.ViewRootImpl.relayoutWindow:9005 android.view.ViewRootImpl.performTraversals:3360 android.view.ViewRootImpl.doTraversal:2618 android.view.ViewRootImpl$TraversalRunnable.run:9971 android.view.Choreographer$CallbackRecord.run:1010 android.view.Choreographer.doCallbacks:809 android.view.Choreographer.doFrame:744 android.view.Choreographer$FrameDisplayEventReceiver.run:995
08-30 15:11:10.915 23627 23627 I SurfaceControl: assignNativeObject: nativeObject = 0 Surface(name=null)/@0xd4da848 / android.view.SurfaceControl.readFromParcel:1117 android.view.IWindowSession$Stub$Proxy.relayout:1836 android.view.ViewRootImpl.relayoutWindow:9005 android.view.ViewRootImpl.performTraversals:3360 android.view.ViewRootImpl.doTraversal:2618 android.view.ViewRootImpl$TraversalRunnable.run:9971 android.view.Choreographer$CallbackRecord.run:1010 android.view.Choreographer.doCallbacks:809 android.view.Choreographer.doFrame:744 android.view.Choreographer$FrameDisplayEventReceiver.run:995
08-30 15:11:10.916 23627 23627 I ViewRootImpl@6c91873[MainActivity]: Relayout returned: old=(0,0,720,1560) new=(0,0,720,1560) req=(720,1560)8 dur=6 res=0x5 s={false 0} ch=true fn=29
08-30 15:11:10.916  4349  6800 I SemDvfsHyPerManager: acquire hyper - AMS_ACT_START/4349@16, type = -999
08-30 15:11:10.916 23627 23627 I ViewRootImpl@94d822f[InstrumentationActivityInvoker$EmptyActivity]: MSG_WINDOW_FOCUS_CHANGED 1 1
08-30 15:11:10.916  3927  3954 I HYPER-HAL: [RequestManager.cpp]acquire(): Acquired ID : 9528811  [4349 / 16]    HINT : AMS_ACT_START    list :
08-30 15:11:10.917 23627 23627 D InputMethodManager: prepareNavigationBarInfo() DecorView@96fb310[InstrumentationActivityInvoker$EmptyActivity]
08-30 15:11:10.917 23627 23627 D InputMethodManager: getNavigationBarColor() -16711423
08-30 15:11:10.917  3927  3954 E HYPER-HAL: [HandlerSysfs.cpp]doResourceHandling(): Couldn't Open Sysfs - /sys/power/cstate_control
08-30 15:11:10.917  3927  3954 I HYPER-HAL: [ResourceManager.cpp]updateResource(): [CPUMinFreq] UpdateResource Request ID : 9528811    Value : 1560000
08-30 15:11:10.917 23627 23627 D InputMethodManager: prepareNavigationBarInfo() DecorView@96fb310[InstrumentationActivityInvoker$EmptyActivity]
08-30 15:11:10.917 23627 23627 D InputMethodManager: getNavigationBarColor() -16711423
08-30 15:11:10.918 23627 23627 V InputMethodManager: Starting input: tba=com.example.dogglers ic=null mNaviBarColor -16711423 mIsGetNaviBarColorSuccess true , NavVisible : true , NavTrans : false
08-30 15:11:10.918 23627 23627 D InputMethodManager: startInputInner - Id : 0
08-30 15:11:10.918 23627 23627 I InputMethodManager: startInputInner - mService.startInputOrWindowGainedFocus
08-30 15:11:10.918  3976  5385 I SurfaceFlinger: id=38036 createSurf (0x0),-1 flag=80004, ActivityRecord{cfc3331 u0 com.example.dogglers/androidx.test.core.app.InstrumentationActivityInvoker$EmptyActivity t1410}#0
08-30 15:11:10.919  4349  6779 D InputMethodManagerService: mSecureKeypadEnabled = false
08-30 15:11:10.922  3881  3886 E statsd  : Predicate -7037417284711607308 dropping data for dimension key (10)0x2010101->10429[I] (10)0x30000->*launch*[S]
08-30 15:11:10.926  4349  6779 V InputMethodManagerService: hideCurrentInputLocked : shouldHideSoftInput is false
08-30 15:11:10.926  4349  6779 D InputMethodManagerService: mDesktopModeManager null!
08-30 15:11:10.926  4349  6779 V InputMethodManagerService: getDisplayIdOfInputMethodWindowToBeAdded : 0
08-30 15:11:10.927  4349  6779 D InputMethodManagerService: checkDisplayOfStartInputAndUpdateKeyboard display Id 0last 0
08-30 15:11:10.927  4349  6779 D InputTransport: Input channel constructed: 'ClientS', fd=723
08-30 15:11:10.927  4349  6779 D InputTransport: Input channel destroyed: 'ClientS', fd=723
08-30 15:11:10.927 23627 23627 D InputTransport: Input channel constructed: 'ClientS', fd=93
08-30 15:11:10.927 23627 23627 D InputTransport: Input channel destroyed: 'ClientS', fd=91
08-30 15:11:10.928  4349  6779 I SurfaceControl: nativeRelease nativeObject s[476011684512]
08-30 15:11:10.928  4349  6779 I SurfaceControl: nativeRelease nativeObject e[476011684512]
08-30 15:11:10.929  3976  5385 I SurfaceFlinger: id=38037 createSurf (0x0),-1 flag=24004, Surface(name=749d536 InputMethod)/@0x72f94d3 - animation-leash#0
08-30 15:11:10.930  7475  7475 I HBD     : HoneyBoardService onFinishInput
08-30 15:11:10.930  7475  7475 I HBD     : a IC have been unbinded,  InputConnectionWrapper{idHash=#371fe37 mMissingMethods=}
08-30 15:11:10.930  7475  7475 I HBD     : HoneyBoardService [PF_CL][onFinishInput]  374730 ns
08-30 15:11:10.930  7475  7475 I HBD     : HoneyBoardService [IMI] onStartInput - caller pid : 23627 , caller uid : 10429
08-30 15:11:10.930  7475  7475 I HBD     : i updateConfigs
08-30 15:11:10.931  7475  7475 I HBD     : i isEnabledNightMode : true
08-30 15:11:10.931  7475  7475 I HBD     : a IC have been binded, InputConnectionWrapper{idHash=#371fe37 mMissingMethods=}
08-30 15:11:10.931  7475  7475 I HBD     : h [EditorInputType]setPrivateImeOptionsToTable privateImeOptions ( null )
08-30 15:11:10.931  7475  7475 I HBD     : b incognitoMode : false
08-30 15:11:10.931  7475  7475 I HBD     : a needOff = true , isForceOff = false, isNullInputClass : true
08-30 15:11:10.931  7475  7475 I HBD     : h getDefaultInputRange : UNKNOWN
08-30 15:11:10.932  7475  7475 I HBD     : h getDefaultInputRange : UNKNOWN
08-30 15:11:10.932  7475  7475 I HBD     : h getDefaultInputRange : UNKNOWN
08-30 15:11:10.932  4349  6779 D SdpManagerService: Not an enterprise user : 0
08-30 15:11:10.932  4349  6779 D SdpManagerService: Not an enterprise user : 0
08-30 15:11:10.933  7475  7475 I HBD     : h getDefaultInputRange : UNKNOWN
08-30 15:11:10.934  7475  7475 I HBD     : a currentState : 0
08-30 15:11:10.935  7475  7475 I HBD     : h load selected json info : {"version":"1.0","currentLanguageOrder":2,"selected":[{"activeOptionList":["auto_replace","spell_check","auto_spacing"],"engName":"Russian","id":3342336,"inputType":"qwerty","isUsed":true},{"activeOptionList":["auto_replace","spell_check","auto_spacing"],"engName":"English","id":65537,"inputType":"qwerty","isUsed":true},{"activeOptionList":["auto_replace","spell_check","auto_spacing"],"engName":"Ukrainian","id":4456448,"inputType":"qwerty","isUsed":true}]}
08-30 15:11:10.936  7475  7475 I HBD     : a [UpdatePolicy] [post] a: 0 cl: 4456448 kit: [0/0] vt: 0 ir: 1
08-30 15:11:10.938  3976  5385 E BufferQueueProducer: [com.example.dogglers/com.example.dogglers.GridListActivity$_23627#0](id:f88000033a3,api:0,p:-1,c:3976) disconnect: not connected (req=1)
08-30 15:11:10.938 23627 23685 W libEGL  : EGLNativeWindowType 0x6edc210010 disconnect failed
08-30 15:11:10.939  3976  5385 I Layer   : id=38030 removeFromCurrentState Surface(name=749d536 InputMethod)/@0x72f94d3 - animation-leash#1 (94)
08-30 15:11:10.940  4349  6779 V WindowManager: Relayout Window{232d71 u0 com.example.dogglers/com.example.dogglers.GridListActivity}: viewVisibility=8 req=720x1560
08-30 15:11:10.941  7475  7475 I HBD     : HoneyBoardService [PF_OP][onStartInput]  10720038 ns
08-30 15:11:10.944  4349  6779 V WindowManager: Relayout hash=232d71, pid=23627: mAttrs={(0,0)(fillxfill) sim={adjust=resize forwardNavigation} ty=BASE_APPLICATION wanim=0x1030304
08-30 15:11:10.944  4349  6779 V WindowManager:   fl=81810100
08-30 15:11:10.944  4349  6779 V WindowManager:   pfl=12020000
08-30 15:11:10.944  4349  6779 V WindowManager:   fitSides= naviIconColor=0}
08-30 15:11:10.945 23627 23627 I SurfaceControl: nativeRelease nativeObject s[478080209248]
08-30 15:11:10.945 23627 23627 I SurfaceControl: nativeRelease nativeObject e[478080209248]
08-30 15:11:10.946 23627 23627 I SurfaceControl: assignNativeObject: nativeObject = 0 Surface(name=null)/@0x73a124b / android.view.SurfaceControl.readFromParcel:1117 android.view.IWindowSession$Stub$Proxy.relayout:1826 android.view.ViewRootImpl.relayoutWindow:9005 android.view.ViewRootImpl.performTraversals:3360 android.view.ViewRootImpl.doTraversal:2618 android.view.ViewRootImpl$TraversalRunnable.run:9971 android.view.Choreographer$CallbackRecord.run:1010 android.view.Choreographer.doCallbacks:809 android.view.Choreographer.doFrame:744 android.view.Choreographer$FrameDisplayEventReceiver.run:995
08-30 15:11:10.946 23627 23627 I SurfaceControl: assignNativeObject: nativeObject = 0 Surface(name=null)/@0x37a4dd8 / android.view.SurfaceControl.readFromParcel:1117 android.view.IWindowSession$Stub$Proxy.relayout:1836 android.view.ViewRootImpl.relayoutWindow:9005 android.view.ViewRootImpl.performTraversals:3360 android.view.ViewRootImpl.doTraversal:2618 android.view.ViewRootImpl$TraversalRunnable.run:9971 android.view.Choreographer$CallbackRecord.run:1010 android.view.Choreographer.doCallbacks:809 android.view.Choreographer.doFrame:744 android.view.Choreographer$FrameDisplayEventReceiver.run:995
08-30 15:11:10.946 23627 23627 I SurfaceControl: nativeRelease nativeObject s[476571793408]
08-30 15:11:10.946 23627 23627 I SurfaceControl: nativeRelease nativeObject e[476571793408]
08-30 15:11:10.946  3976  5385 I SurfaceFlinger: id=38030 Removed Surface(name=749d536 InputMethod)/@0x72f94d3 - animation-leash#1 (94)
08-30 15:11:10.947 23627 23627 I ViewRootImpl@245a4bb[GridListActivity]: Relayout returned: old=(0,0,720,1560) new=(0,0,720,1560) req=(720,1560)8 dur=7 res=0x5 s={false 0} ch=true fn=3
08-30 15:11:10.949 23627 23627 D LifecycleMonitor: Lifecycle status change: androidx.test.core.app.InstrumentationActivityInvoker$EmptyActivity@9d8b1c2 in: PAUSED
08-30 15:11:10.950 23627 23627 V ActivityScenario: Activity lifecycle changed event received but ignored because the intent does not match. startActivityIntent=Intent { act=android.intent.action.MAIN cat=[android.intent.category.LAUNCHER] cmp=com.example.dogglers/.MainActivity }, activity.getIntent()=Intent { act=android.intent.action.MAIN cat=[android.intent.category.LAUNCHER] flg=0x10000000 cmp=com.example.dogglers/androidx.test.core.app.InstrumentationActivityInvoker$EmptyActivity }, activity=androidx.test.core.app.InstrumentationActivityInvoker$EmptyActivity@9d8b1c2
08-30 15:11:10.953  4349  6779 V WindowOrientationListener: getProposedRotation: -1
08-30 15:11:10.953  4349  6779 V WindowOrientationListener: getProposedRotation: -1
08-30 15:11:10.954  4349  6779 V WindowOrientationListener: getProposedRotation: -1
08-30 15:11:10.954  3976  3976 I Layer   : id=38030[1] Destroyed Surface(name=749d536 InputMethod)/@0x72f94d3 - animation-leash#1
08-30 15:11:10.956  4349  6779 D InputDispatcher: Focused application set to (0): cfc3331
08-30 15:11:10.966 23627 23627 D LifecycleMonitor: Lifecycle status change: androidx.test.core.app.InstrumentationActivityInvoker$BootstrapActivity@f505927 in: DESTROYED
08-30 15:11:10.967 23627 23627 V ActivityScenario: Activity lifecycle changed event received but ignored because the intent does not match. startActivityIntent=Intent { act=android.intent.action.MAIN cat=[android.intent.category.LAUNCHER] cmp=com.example.dogglers/.MainActivity }, activity.getIntent()=Intent { act=android.intent.action.MAIN cat=[android.intent.category.LAUNCHER] flg=0x10008000 cmp=com.example.dogglers/androidx.test.core.app.InstrumentationActivityInvoker$BootstrapActivity (has extras) }, activity=androidx.test.core.app.InstrumentationActivityInvoker$BootstrapActivity@f505927
08-30 15:11:10.968 23627 23627 I ViewRootImpl@245a4bb[GridListActivity]: stopped(true) old=false
08-30 15:11:10.968  4349  5464 I SurfaceControl: nativeRelease nativeObject s[476023400736]
08-30 15:11:10.968  4349  5464 I SurfaceControl: nativeRelease nativeObject e[476023400736]
08-30 15:11:10.969 23627 23627 D LifecycleMonitor: Lifecycle status change: com.example.dogglers.GridListActivity@f922bb7 in: STOPPED
08-30 15:11:10.970 23627 23627 V ActivityScenario: Activity lifecycle changed event received but ignored because the intent does not match. startActivityIntent=Intent { act=android.intent.action.MAIN cat=[android.intent.category.LAUNCHER] cmp=com.example.dogglers/.MainActivity }, activity.getIntent()=Intent { cmp=com.example.dogglers/.GridListActivity }, activity=com.example.dogglers.GridListActivity@f922bb7
08-30 15:11:10.973  3976  5385 I Layer   : id=38003 removeFromCurrentState ActivityRecord{7ff6f72 u0 com.example.dogglers/androidx.test.core.app.InstrumentationActivityInvoker$BootstrapActivity t1410}#0 (93)
08-30 15:11:10.973 23627 23627 I ViewRootImpl@6c91873[MainActivity]: stopped(true) old=false
08-30 15:11:10.974  3976  5385 I SurfaceFlinger: id=38003 Removed ActivityRecord{7ff6f72 u0 com.example.dogglers/androidx.test.core.app.InstrumentationActivityInvoker$BootstrapActivity t1410}#0 (93)
08-30 15:11:10.975 23627 23627 D LifecycleMonitor: Lifecycle status change: com.example.dogglers.MainActivity@a39c5be in: STOPPED
08-30 15:11:10.976 23627 23627 V ActivityScenario: Update currentActivityStage to STOPPED, currentActivity=com.example.dogglers.MainActivity@a39c5be
08-30 15:11:10.978 23627 23627 D LifecycleMonitor: Lifecycle status change: com.example.dogglers.MainActivity@a39c5be in: DESTROYED
08-30 15:11:10.979 23627 23627 V ActivityScenario: Update currentActivityStage to DESTROYED, currentActivity=null
08-30 15:11:10.981 23627 23627 I ViewRootImpl@6c91873[MainActivity]: dispatchDetachedFromWindow
08-30 15:11:10.981  4349  4371 I SemPersonaManager: SecureFolder personaId = 150
08-30 15:11:10.982  4349  5464 D InputTransport: Input channel destroyed: '523f404', fd=717
08-30 15:11:10.982  4349  5464 I SurfaceControl: nativeRelease nativeObject s[476011685088]
08-30 15:11:10.982  4349  5464 I SurfaceControl: nativeRelease nativeObject e[476011685088]
08-30 15:11:10.982  4349  5464 D WindowManager: isScreenshotDisabledLocked - win: Window{523f404 u0 com.example.dogglers/com.example.dogglers.MainActivity}
08-30 15:11:10.983  4349  5464 D WindowManager: isScreenshotDisabledLocked: userId = 0, disabled =false
08-30 15:11:10.983  4349  5464 I SurfaceControl: nativeRelease nativeObject s[476011684992]
08-30 15:11:10.983  4349  5464 I SurfaceControl: nativeRelease nativeObject e[476011684992]
08-30 15:11:10.983  3976  5385 I Layer   : id=38014 removeFromCurrentState com.example.dogglers/com.example.dogglers.MainActivity$_23627#0 (93)
08-30 15:11:10.986  3976  5385 I Layer   : id=38013 removeFromCurrentState 523f404 com.example.dogglers/com.example.dogglers.MainActivity#0 (93)
08-30 15:11:10.987 23627 23627 D InputTransport: Input channel destroyed: '523f404', fd=81
08-30 15:11:10.988  3976  3976 I Layer   : id=38003[1] Destroyed ActivityRecord{7ff6f72 u0 com.example.dogglers/androidx.test.core.app.InstrumentationActivityInvoker$BootstrapActivity t1410}#0
08-30 15:11:10.988  3976  4318 I SurfaceFlinger: id=38014 Removed com.example.dogglers/com.example.dogglers.MainActivity$_23627#0 (92)
08-30 15:11:10.988  3976  4318 I SurfaceFlinger: id=38013 Removed 523f404 com.example.dogglers/com.example.dogglers.MainActivity#0 (92)
08-30 15:11:10.989  4349  6779 I InputDispatcher: Focus left window (23627): efeaea7 in display 0 0
08-30 15:11:10.989  4349  4468 D SamsungIMMSHWKeyboard: isConnectedDexOnPC false
08-30 15:11:10.990  4349  4468 D InputMethodManagerService: isImeSwitcherDisabledPackage : false
08-30 15:11:10.990 23627 23627 I SurfaceControl: nativeRelease nativeObject s[476571788032]
08-30 15:11:10.990 23627 23627 I SurfaceControl: nativeRelease nativeObject e[476571788032]
08-30 15:11:10.990 23627 23627 I SurfaceControl: nativeRelease nativeObject s[476571787744]
08-30 15:11:10.990 23627 23627 I SurfaceControl: nativeRelease nativeObject e[476571787744]
08-30 15:11:10.990  4349  5464 I SurfaceControl: nativeRelease nativeObject s[476017198592]
08-30 15:11:10.991  4349  5464 I SurfaceControl: nativeRelease nativeObject e[476017198592]
08-30 15:11:10.996  3976  4318 I Layer   : id=38008 removeFromCurrentState ActivityRecord{612bb5b u0 com.example.dogglers/.MainActivity t1410}#0 (92)
08-30 15:11:10.996  3976  4318 I SurfaceFlinger: id=38008 Removed ActivityRecord{612bb5b u0 com.example.dogglers/.MainActivity t1410}#0 (92)
08-30 15:11:11.000 23627 23627 D LifecycleMonitor: Lifecycle status change: androidx.test.core.app.InstrumentationActivityInvoker$EmptyActivity@1487fc3 in: PRE_ON_CREATE
08-30 15:11:11.001 23627 23627 V ActivityScenario: Activity lifecycle changed event received but ignored because the intent does not match. startActivityIntent=Intent { act=android.intent.action.MAIN cat=[android.intent.category.LAUNCHER] cmp=com.example.dogglers/.MainActivity }, activity.getIntent()=Intent { act=android.intent.action.MAIN cat=[android.intent.category.LAUNCHER] flg=0x10000000 cmp=com.example.dogglers/androidx.test.core.app.InstrumentationActivityInvoker$EmptyActivity }, activity=androidx.test.core.app.InstrumentationActivityInvoker$EmptyActivity@1487fc3
08-30 15:11:11.004  3976  3976 I Layer   : id=38014[1] Destroyed com.example.dogglers/com.example.dogglers.MainActivity$_23627#0
08-30 15:11:11.004  3976  3976 I Layer   : id=38013[1] Destroyed 523f404 com.example.dogglers/com.example.dogglers.MainActivity#0
08-30 15:11:11.005  3976  3976 I Layer   : id=38008[1] Destroyed ActivityRecord{612bb5b u0 com.example.dogglers/.MainActivity t1410}#0
08-30 15:11:11.029  4349  4371 D EnterpriseDeviceManagerService: isMdmAdminPresentInternal() : MDM Admin Found - com.samsung.knox.securefolder
08-30 15:11:11.042 23627 23627 I DecorView: [INFO] isPopOver=false, config=true
08-30 15:11:11.042 23627 23627 I DecorView: updateCaptionType >> DecorView@6d9cb79[], isFloating=false, isApplication=true, hasWindowDecorCaption=false, hasWindowControllerCallback=true
08-30 15:11:11.042 23627 23627 D DecorView: setCaptionType = 0, this = DecorView@6d9cb79[]
08-30 15:11:11.047 23627 23627 D LifecycleMonitor: Lifecycle status change: androidx.test.core.app.InstrumentationActivityInvoker$EmptyActivity@1487fc3 in: CREATED
08-30 15:11:11.048 23627 23627 V ActivityScenario: Activity lifecycle changed event received but ignored because the intent does not match. startActivityIntent=Intent { act=android.intent.action.MAIN cat=[android.intent.category.LAUNCHER] cmp=com.example.dogglers/.MainActivity }, activity.getIntent()=Intent { act=android.intent.action.MAIN cat=[android.intent.category.LAUNCHER] flg=0x10000000 cmp=com.example.dogglers/androidx.test.core.app.InstrumentationActivityInvoker$EmptyActivity }, activity=androidx.test.core.app.InstrumentationActivityInvoker$EmptyActivity@1487fc3
08-30 15:11:11.050 23627 23627 D LifecycleMonitor: Lifecycle status change: androidx.test.core.app.InstrumentationActivityInvoker$EmptyActivity@1487fc3 in: STARTED
08-30 15:11:11.051 23627 23627 V ActivityScenario: Activity lifecycle changed event received but ignored because the intent does not match. startActivityIntent=Intent { act=android.intent.action.MAIN cat=[android.intent.category.LAUNCHER] cmp=com.example.dogglers/.MainActivity }, activity.getIntent()=Intent { act=android.intent.action.MAIN cat=[android.intent.category.LAUNCHER] flg=0x10000000 cmp=com.example.dogglers/androidx.test.core.app.InstrumentationActivityInvoker$EmptyActivity }, activity=androidx.test.core.app.InstrumentationActivityInvoker$EmptyActivity@1487fc3
08-30 15:11:11.053 23627 23627 D LifecycleMonitor: Lifecycle status change: androidx.test.core.app.InstrumentationActivityInvoker$EmptyActivity@1487fc3 in: RESUMED
08-30 15:11:11.054 23627 23627 V ActivityScenario: Activity lifecycle changed event received but ignored because the intent does not match. startActivityIntent=Intent { act=android.intent.action.MAIN cat=[android.intent.category.LAUNCHER] cmp=com.example.dogglers/.MainActivity }, activity.getIntent()=Intent { act=android.intent.action.MAIN cat=[android.intent.category.LAUNCHER] flg=0x10000000 cmp=com.example.dogglers/androidx.test.core.app.InstrumentationActivityInvoker$EmptyActivity }, activity=androidx.test.core.app.InstrumentationActivityInvoker$EmptyActivity@1487fc3
08-30 15:11:11.060  4349  4468 D InputTransport: Input channel constructed: 'e7f27b4', fd=726
08-30 15:11:11.060  4349  4468 D InputTransport: Input channel constructed: 'e7f27b4', fd=729
08-30 15:11:11.061  3976  6075 I SurfaceFlinger: id=38038 createSurf (0x0),-1 flag=80004, e7f27b4 com.example.dogglers/androidx.test.core.app.InstrumentationActivityInvoker$EmptyActivity#0
08-30 15:11:11.061  4349  4468 D WindowManager: isScreenshotDisabledLocked - win: Window{e7f27b4 u0 com.example.dogglers/androidx.test.core.app.InstrumentationActivityInvoker$EmptyActivity}
08-30 15:11:11.061  4349  4468 D WindowManager: isScreenshotDisabledLocked: userId = 0, disabled =false
08-30 15:11:11.061  4349  4468 D InputTransport: Input channel destroyed: 'e7f27b4', fd=729
08-30 15:11:11.062 23627 23627 D InputTransport: Input channel constructed: 'e7f27b4', fd=81
08-30 15:11:11.064 23627 23627 I ViewRootImpl@a82e06c[InstrumentationActivityInvoker$EmptyActivity]: setView = com.android.internal.policy.DecorView@6d9cb79 TM=true
08-30 15:11:11.067  4349  4468 V WindowManager: Relayout Window{232d71 u0 com.example.dogglers/com.example.dogglers.GridListActivity}: viewVisibility=8 req=720x1560
08-30 15:11:11.072  4349  4468 V WindowManager: Relayout hash=232d71, pid=23627: mAttrs={(0,0)(fillxfill) sim={adjust=pan} ty=BASE_APPLICATION wanim=0x1030304
08-30 15:11:11.072  4349  4468 V WindowManager:   fl=81810100
08-30 15:11:11.072  4349  4468 V WindowManager:   pfl=12020000
08-30 15:11:11.072  4349  4468 V WindowManager:   fitSides= naviIconColor=0}
08-30 15:11:11.074 23627 23627 I SurfaceControl: assignNativeObject: nativeObject = 0 Surface(name=null)/@0x73a124b / android.view.SurfaceControl.readFromParcel:1117 android.view.IWindowSession$Stub$Proxy.relayout:1826 android.view.ViewRootImpl.relayoutWindow:9005 android.view.ViewRootImpl.performTraversals:3360 android.view.ViewRootImpl.doTraversal:2618 android.view.ViewRootImpl$TraversalRunnable.run:9971 android.view.Choreographer$CallbackRecord.run:1010 android.view.Choreographer.doCallbacks:809 android.view.Choreographer.doFrame:744 android.view.Choreographer$FrameDisplayEventReceiver.run:995
08-30 15:11:11.074 23627 23627 I SurfaceControl: assignNativeObject: nativeObject = 0 Surface(name=null)/@0x37a4dd8 / android.view.SurfaceControl.readFromParcel:1117 android.view.IWindowSession$Stub$Proxy.relayout:1836 android.view.ViewRootImpl.relayoutWindow:9005 android.view.ViewRootImpl.performTraversals:3360 android.view.ViewRootImpl.doTraversal:2618 android.view.ViewRootImpl$TraversalRunnable.run:9971 android.view.Choreographer$CallbackRecord.run:1010 android.view.Choreographer.doCallbacks:809 android.view.Choreographer.doFrame:744 android.view.Choreographer$FrameDisplayEventReceiver.run:995
08-30 15:11:11.075 23627 23627 I ViewRootImpl@245a4bb[GridListActivity]: Relayout returned: old=(0,0,720,1560) new=(0,0,720,1560) req=(720,1560)8 dur=8 res=0x5 s={false 0} ch=false fn=-1
08-30 15:11:11.080  4349  4468 V WindowManager: Relayout Window{e7f27b4 u0 com.example.dogglers/androidx.test.core.app.InstrumentationActivityInvoker$EmptyActivity}: viewVisibility=0 req=720x1560
08-30 15:11:11.082  4349  4468 D WindowManager: isScreenshotDisabledLocked - win: Window{e7f27b4 u0 com.example.dogglers/androidx.test.core.app.InstrumentationActivityInvoker$EmptyActivity}
08-30 15:11:11.082  4349  4468 D WindowManager: isScreenshotDisabledLocked: userId = 0, disabled =false
08-30 15:11:11.083  3976  6075 I SurfaceFlinger: id=38039 createSurf (720x1560),1 flag=404, com.example.dogglers/androidx.test.core.app.InstrumentationActivityInvoker$EmptyActivity$_23627#1
08-30 15:11:11.085  4349  4468 I SurfaceControl: nativeRelease nativeObject s[476017810912]
08-30 15:11:11.085  4349  4468 I SurfaceControl: nativeRelease nativeObject e[476017810912]
08-30 15:11:11.085 14146 14146 I TrayStateController: systemUiVisibilityChanged : 0 0
08-30 15:11:11.086  3976  4318 I SurfaceFlinger: id=38040 createSurf (0x0),-1 flag=24000, Surface(name=1096c8d StatusBar)/@0xeaf4dd0 - animation-leash#1
08-30 15:11:11.086  4349  4468 I SurfaceControl: nativeRelease nativeObject s[476017811104]
08-30 15:11:11.086  4349  4468 I SurfaceControl: nativeRelease nativeObject e[476017811104]
08-30 15:11:11.088  3976  4318 I SurfaceFlinger: id=38041 createSurf (0x0),-1 flag=24000, Surface(name=b07ecc5 NavigationBar0)/@0xa8376fc - animation-leash#0
08-30 15:11:11.089  4349  4468 V WindowManager: Relayout hash=e7f27b4, pid=23627: mAttrs={(0,0)(fillxfill) sim={adjust=pan forwardNavigation} ty=BASE_APPLICATION wanim=0x1030001
08-30 15:11:11.089  4349  4468 V WindowManager:   fl=1810100
08-30 15:11:11.089  4349  4468 V WindowManager:   pfl=12020000
08-30 15:11:11.089  4349  4468 V WindowManager:   fitSides= naviIconColor=0}
08-30 15:11:11.090  4349  4468 I SurfaceControl: nativeRelease nativeObject s[477996345504]
08-30 15:11:11.090  4349  4468 I SurfaceControl: nativeRelease nativeObject e[477996345504]
08-30 15:11:11.091  3976  4318 I Layer   : id=38035 removeFromCurrentState Surface(name=b07ecc5 NavigationBar0)/@0xa8376fc - animation-leash#1 (93)
08-30 15:11:11.092  3976  4318 I Layer   : id=25 removeFromCurrentState b07ecc5 NavigationBar0#0 (93)
08-30 15:11:11.092  3976  4318 I Layer   : id=32 removeFromCurrentState NavigationBar0$_4708#0 (93)
08-30 15:11:11.092  3976  4318 I Layer   : id=38034 removeFromCurrentState Surface(name=1096c8d StatusBar)/@0xeaf4dd0 - animation-leash#0 (93)
08-30 15:11:11.092  3976  4318 I Layer   : id=25 addToCurrentState b07ecc5 NavigationBar0#0 (93)
08-30 15:11:11.092 23627 23627 I SurfaceControl: assignNativeObject: nativeObject = 0 Surface(name=null)/@0x9a2a635 / android.view.SurfaceControl.readFromParcel:1117 android.view.IWindowSession$Stub$Proxy.relayout:1836 android.view.ViewRootImpl.relayoutWindow:9005 android.view.ViewRootImpl.performTraversals:3360 android.view.ViewRootImpl.doTraversal:2618 android.view.ViewRootImpl$TraversalRunnable.run:9971 android.view.Choreographer$CallbackRecord.run:1010 android.view.Choreographer.doCallbacks:809 android.view.Choreographer.doFrame:744 android.view.Choreographer$FrameDisplayEventReceiver.run:995
08-30 15:11:11.092  3976  4318 I Layer   : id=32 addToCurrentState NavigationBar0$_4708#0 (93)
08-30 15:11:11.094 23627 23627 I ViewRootImpl@a82e06c[InstrumentationActivityInvoker$EmptyActivity]: Relayout returned: old=(0,0,720,1560) new=(0,0,720,1560) req=(720,1560)0 dur=13 res=0x7 s={true 476139552768} ch=true fn=-1
08-30 15:11:11.096  3899 10978 D gralloc : [mali_gralloc_allocate] begin
08-30 15:11:11.096  3899 10978 D gralloc : buffer_descriptor: wh(720 1560) usage_pc(0x40000000000b00 0x40000000000b00) hal_format(0x1) layer_count(1) sizes(0 0 0) strde(0) byte_stride(0) alloc_wh(0 0) internal_format(0x0) alloc_format(0x0) fd_count(1) plane_count(0)
08-30 15:11:11.097  3899 10978 D gralloc : [mali_gralloc_allocate] allocation successful
08-30 15:11:11.097 23627 23627 I ViewRootImpl@a82e06c[InstrumentationActivityInvoker$EmptyActivity]: [DP] dp(1) 1 android.view.ViewRootImpl.reportNextDraw:10957 android.view.ViewRootImpl.performTraversals:3845 android.view.ViewRootImpl.doTraversal:2618
08-30 15:11:11.098 23627 23627 I ViewRootImpl@a82e06c[InstrumentationActivityInvoker$EmptyActivity]: [DP] pd() Asnyc report
08-30 15:11:11.098  3899 10978 D gralloc : [mali_gralloc_allocate] begin
08-30 15:11:11.098  3899 10978 D gralloc : buffer_descriptor: wh(720 1560) usage_pc(0x40000000000b00 0x40000000000b00) hal_format(0x1) layer_count(1) sizes(0 0 0) strde(0) byte_stride(0) alloc_wh(0 0) internal_format(0x0) alloc_format(0x0) fd_count(1) plane_count(0)
08-30 15:11:11.099  3899 10978 D gralloc : [mali_gralloc_allocate] allocation successful
08-30 15:11:11.100  3899 10978 D gralloc : [mali_gralloc_allocate] begin
08-30 15:11:11.100  3899 10978 D gralloc : buffer_descriptor: wh(720 1560) usage_pc(0x40000000000b00 0x40000000000b00) hal_format(0x1) layer_count(1) sizes(0 0 0) strde(0) byte_stride(0) alloc_wh(0 0) internal_format(0x0) alloc_format(0x0) fd_count(1) plane_count(0)
08-30 15:11:11.100  3899 10978 D gralloc : [mali_gralloc_allocate] allocation successful
08-30 15:11:11.105 23627 23627 I ViewRootImpl@a82e06c[InstrumentationActivityInvoker$EmptyActivity]: [DP] pdf(0) 1 android.view.ViewRootImpl.lambda$performDraw$1$ViewRootImpl:4668 android.view.-$$Lambda$ViewRootImpl$DJd0VUYJgsebcnSohO6h8zc_ONI.run:6 android.os.Handler.handleCallback:938
08-30 15:11:11.105 23627 23627 I ViewRootImpl@a82e06c[InstrumentationActivityInvoker$EmptyActivity]: [DP] rdf()
08-30 15:11:11.109  4349  4372 D PkgPredictorService: pkg:com.example.dogglers activity:androidx.test.core.app.InstrumentationActivityInvoker$EmptyActivity thisTime:196
08-30 15:11:11.111  4349  4372 I SemDvfsHyPerManager: acquire hyper - AMS_RESUME_TAIL/4349@18, type = -999
08-30 15:11:11.111  4349  4376 I ActivityTaskManager: Displayed com.example.dogglers/androidx.test.core.app.InstrumentationActivityInvoker$EmptyActivity: +196ms
08-30 15:11:11.111  4349  4372 I SemDvfsHyPerManager: acquire hyper - AMS_ACT_LAZY/4349@19, type = -999
08-30 15:11:11.111  3927  3954 I HYPER-HAL: [RequestManager.cpp]acquire(): Acquired ID : 9537546  [4349 / 18]    HINT : AMS_RESUME_TAIL    list :
08-30 15:11:11.111  3927  3954 E HYPER-HAL: [HandlerSysfs.cpp]doResourceHandling(): Couldn't Open Sysfs - /sys/power/cstate_control
08-30 15:11:11.111  3927  3954 I HYPER-HAL: [ResourceManager.cpp]updateResource(): [CPUMinFreq] UpdateResource Request ID : 9537546    Value : 1560000
08-30 15:11:11.111  3927  3954 I HYPER-HAL: [RequestManager.cpp]acquire(): Acquired ID : 9541915  [4349 / 19]    HINT :      list :
08-30 15:11:11.111  5589  5589 E pageboostd: Received HALT command code 2
08-30 15:11:11.112  3927  3954 E HYPER-HAL: [Request.cpp]acquire(): Request:: id : 9541915, No Resource to set
08-30 15:11:11.112  3927  3954 E HYPER-HAL: [HandlerSysfs.cpp]doResourceHandling(): Couldn't Open Sysfs - /sys/power/cstate_control
08-30 15:11:11.112  3927  3954 I HYPER-HAL: [ResourceManager.cpp]removeResource(): [CPUMinFreq] RemoveResource Request ID : 9528811
08-30 15:11:11.112  3927  3954 I HYPER-HAL: [RequestManager.cpp]releaseLocked(): Released ID : 9528811
08-30 15:11:11.115  4349  6800 I SurfaceControl: nativeRelease nativeObject s[477997782880]
08-30 15:11:11.115  4349  6800 I SurfaceControl: nativeRelease nativeObject e[477997782880]
08-30 15:11:11.115  3976  4318 I Layer   : id=38021 removeFromCurrentState com.example.dogglers/com.example.dogglers.GridListActivity$_23627#0 (93)
08-30 15:11:11.120 23627 23627 I ViewRootImpl@94d822f[InstrumentationActivityInvoker$EmptyActivity]: MSG_WINDOW_FOCUS_CHANGED 0 1
08-30 15:11:11.121  3976  4002 I SurfaceFlinger: id=38021 Removed com.example.dogglers/com.example.dogglers.GridListActivity$_23627#0 (93)
08-30 15:11:11.122  4349  4468 I InputDispatcher: Focus entered window (23627): e7f27b4 in display 0 0
08-30 15:11:11.123 23627 23627 I SurfaceControl: nativeRelease nativeObject s[478247332000]
08-30 15:11:11.123 23627 23627 I SurfaceControl: nativeRelease nativeObject e[478247332000]
08-30 15:11:11.123 23627 23627 I SurfaceControl: nativeRelease nativeObject s[476571794752]
08-30 15:11:11.123 23627 23627 I SurfaceControl: nativeRelease nativeObject e[476571794752]
08-30 15:11:11.124 23627 23627 I SurfaceControl: nativeRelease nativeObject s[476571788128]
08-30 15:11:11.124  3976  4002 I SurfaceFlinger: id=38035 Removed Surface(name=b07ecc5 NavigationBar0)/@0xa8376fc - animation-leash#1 (93)
08-30 15:11:11.124 23627 23627 I SurfaceControl: nativeRelease nativeObject e[476571788128]
08-30 15:11:11.124  3976  4002 I SurfaceFlinger: id=38034 Removed Surface(name=1096c8d StatusBar)/@0xeaf4dd0 - animation-leash#0 (93)
08-30 15:11:11.126  3976  3976 D SurfaceFlinger: Display 0 HWC layers:
08-30 15:11:11.126  3976  3976 D SurfaceFlinger:      DEVICE | 0x75743a5440 | 0002 | RGBA_8888    |    0.0    0.0  720.0 1560.0 |    0    0  720 1560 | com.example.dogglers/androidx.test.c[...]tivityInvoker$EmptyActivity$_23627#1
08-30 15:11:11.126  3976  3976 D SurfaceFlinger:      DEVICE | 0x75743a6fc0 | 0000 | RGBA_8888    |    0.0    0.0  720.0   53.0 |    0    0  720   53 | StatusBar$_4708#0
08-30 15:11:11.126  3976  3976 D SurfaceFlinger:      DEVICE | 0x74d157fa00 | 0000 | RGBA_8888    |    0.0    0.0   67.0  232.0 |  653  151  720  383 | com.samsung.android.app.cocktailbars[...]rservice.CocktailBarService$_14146#0
08-30 15:11:11.126  3976  3976 D SurfaceFlinger:      DEVICE | 0x75743a7380 | 0000 | RGBA_8888    |    0.0    0.0  720.0   84.0 |    0 1476  720 1560 | NavigationBar0$_4708#0
08-30 15:11:11.126  3976  3976 D SurfaceFlinger:      DEVICE | 0x74f0413e00 | 0000 | RGBA_8888    |    0.0    0.0  720.0  101.0 |    0    0  720  101 | ScreenDecorOverlay$_4708#0
08-30 15:11:11.126  3976  3976 D SurfaceFlinger:      DEVICE | 0x75743a7b00 | 0000 | RGBA_8888    |    0.0    0.0  720.0  101.0 |    0 1459  720 1560 | ScreenDecorOverlayBottom$_4708#0
08-30 15:11:11.126  3976  3976 D SurfaceFlinger:
08-30 15:11:11.128 23627 23627 I ViewRootImpl@a82e06c[InstrumentationActivityInvoker$EmptyActivity]: MSG_WINDOW_FOCUS_CHANGED 1 1
08-30 15:11:11.128 23627 23627 D InputMethodManager: prepareNavigationBarInfo() DecorView@6d9cb79[InstrumentationActivityInvoker$EmptyActivity]
08-30 15:11:11.128 23627 23627 D InputMethodManager: getNavigationBarColor() -16711423
08-30 15:11:11.129 23627 23627 D InputMethodManager: prepareNavigationBarInfo() DecorView@6d9cb79[InstrumentationActivityInvoker$EmptyActivity]
08-30 15:11:11.129 23627 23627 D InputMethodManager: getNavigationBarColor() -16711423
08-30 15:11:11.129 23627 23627 V InputMethodManager: Starting input: tba=com.example.dogglers ic=null mNaviBarColor -16711423 mIsGetNaviBarColorSuccess true , NavVisible : true , NavTrans : false
08-30 15:11:11.129 23627 23627 D InputMethodManager: startInputInner - Id : 0
08-30 15:11:11.129 23627 23627 I InputMethodManager: startInputInner - mService.startInputOrWindowGainedFocus
08-30 15:11:11.130  4349  4468 D InputMethodManagerService: mSecureKeypadEnabled = false
08-30 15:11:11.131  4349  4468 V InputMethodManagerService: hideCurrentInputLocked : shouldHideSoftInput is false
08-30 15:11:11.131  4349  4468 D InputMethodManagerService: mDesktopModeManager null!
08-30 15:11:11.131  4349  4468 V InputMethodManagerService: getDisplayIdOfInputMethodWindowToBeAdded : 0
08-30 15:11:11.132  4349  4468 D InputMethodManagerService: checkDisplayOfStartInputAndUpdateKeyboard display Id 0last 0
08-30 15:11:11.132  4349  4468 D InputTransport: Input channel constructed: 'ClientS', fd=729
08-30 15:11:11.132  4349  4468 D InputTransport: Input channel destroyed: 'ClientS', fd=729
08-30 15:11:11.132 23627 23627 D InputTransport: Input channel constructed: 'ClientS', fd=94
08-30 15:11:11.132 23627 23627 D InputTransport: Input channel destroyed: 'ClientS', fd=93
08-30 15:11:11.133  4349  4468 I SurfaceControl: nativeRelease nativeObject s[476017810720]
08-30 15:11:11.133  4349  4468 I SurfaceControl: nativeRelease nativeObject e[476017810720]
08-30 15:11:11.133  3976  4002 I SurfaceFlinger: id=38042 createSurf (0x0),-1 flag=24004, Surface(name=749d536 InputMethod)/@0x72f94d3 - animation-leash#1
08-30 15:11:11.134  7475  7475 I HBD     : HoneyBoardService onFinishInput
08-30 15:11:11.134  7475  7475 I HBD     : a IC have been unbinded,  InputConnectionWrapper{idHash=#371fe37 mMissingMethods=}
08-30 15:11:11.135  7475  7475 I HBD     : HoneyBoardService [PF_CL][onFinishInput]  377038 ns
08-30 15:11:11.135  7475  7475 I HBD     : HoneyBoardService [IMI] onStartInput - caller pid : 23627 , caller uid : 10429
08-30 15:11:11.135  7475  7475 I HBD     : i updateConfigs
08-30 15:11:11.135  7475  7475 I HBD     : i isEnabledNightMode : true
08-30 15:11:11.135  7475  7475 I HBD     : a IC have been binded, InputConnectionWrapper{idHash=#371fe37 mMissingMethods=}
08-30 15:11:11.135  7475  7475 I HBD     : h [EditorInputType]setPrivateImeOptionsToTable privateImeOptions ( null )
08-30 15:11:11.135  7475  7475 I HBD     : b incognitoMode : false
08-30 15:11:11.136  7475  7475 I HBD     : a needOff = true , isForceOff = false, isNullInputClass : true
08-30 15:11:11.136  7475  7475 I HBD     : h getDefaultInputRange : UNKNOWN
08-30 15:11:11.136  7475  7475 I HBD     : h getDefaultInputRange : UNKNOWN
08-30 15:11:11.136  7475  7475 I HBD     : h getDefaultInputRange : UNKNOWN
08-30 15:11:11.137  4349  4468 D SdpManagerService: Not an enterprise user : 0
08-30 15:11:11.137  3976  3976 I Layer   : id=38021[1] Destroyed com.example.dogglers/com.example.dogglers.GridListActivity$_23627#0
08-30 15:11:11.137  4349  4468 D SdpManagerService: Not an enterprise user : 0
08-30 15:11:11.137  3976  3976 I Layer   : id=38034[1] Destroyed Surface(name=1096c8d StatusBar)/@0xeaf4dd0 - animation-leash#0
08-30 15:11:11.137  3976  3976 I Layer   : id=38035[1] Destroyed Surface(name=b07ecc5 NavigationBar0)/@0xa8376fc - animation-leash#1
08-30 15:11:11.138  7475  7475 I HBD     : h getDefaultInputRange : UNKNOWN
08-30 15:11:11.138  3976  4318 I Layer   : id=38037 removeFromCurrentState Surface(name=749d536 InputMethod)/@0x72f94d3 - animation-leash#0 (91)
08-30 15:11:11.139  7475  7475 I HBD     : a currentState : 0
08-30 15:11:11.139  3976  4318 E BufferQueueProducer: [com.example.dogglers/androidx.test.core.app.InstrumentationActivityInvoker$EmptyActivity$_23627#0](id:f88000033a4,api:0,p:-1,c:3976) disconnect: not connected (req=1)
08-30 15:11:11.139 23627 23685 W libEGL  : EGLNativeWindowType 0x6f4ea13010 disconnect failed
08-30 15:11:11.140  4349  4468 V WindowManager: Relayout Window{efeaea7 u0 com.example.dogglers/androidx.test.core.app.InstrumentationActivityInvoker$EmptyActivity}: viewVisibility=8 req=720x1560
08-30 15:11:11.140  7475  7475 I HBD     : h load selected json info : {"version":"1.0","currentLanguageOrder":2,"selected":[{"activeOptionList":["auto_replace","spell_check","auto_spacing"],"engName":"Russian","id":3342336,"inputType":"qwerty","isUsed":true},{"activeOptionList":["auto_replace","spell_check","auto_spacing"],"engName":"English","id":65537,"inputType":"qwerty","isUsed":true},{"activeOptionList":["auto_replace","spell_check","auto_spacing"],"engName":"Ukrainian","id":4456448,"inputType":"qwerty","isUsed":true}]}
08-30 15:11:11.141  7475  7475 I HBD     : a [UpdatePolicy] [post] a: 0 cl: 4456448 kit: [0/0] vt: 0 ir: 1
08-30 15:11:11.143  7475  7475 I HBD     : HoneyBoardService [PF_OP][onStartInput]  7652577 ns
08-30 15:11:11.144  4349  4468 V WindowManager: Relayout hash=efeaea7, pid=23627: mAttrs={(0,0)(fillxfill) sim={adjust=pan forwardNavigation} ty=BASE_APPLICATION wanim=0x1030001
08-30 15:11:11.144  4349  4468 V WindowManager:   fl=1810100
08-30 15:11:11.144  4349  4468 V WindowManager:   pfl=12020000
08-30 15:11:11.144  4349  4468 V WindowManager:   fitSides= naviIconColor=0}
08-30 15:11:11.145 23627 23627 I SurfaceControl: nativeRelease nativeObject s[478061397056]
08-30 15:11:11.145 23627 23627 I SurfaceControl: nativeRelease nativeObject e[478061397056]
08-30 15:11:11.145 23627 23627 I SurfaceControl: assignNativeObject: nativeObject = 0 Surface(name=null)/@0x718243b / android.view.SurfaceControl.readFromParcel:1117 android.view.IWindowSession$Stub$Proxy.relayout:1826 android.view.ViewRootImpl.relayoutWindow:9005 android.view.ViewRootImpl.performTraversals:3360 android.view.ViewRootImpl.doTraversal:2618 android.view.ViewRootImpl$TraversalRunnable.run:9971 android.view.Choreographer$CallbackRecord.run:1010 android.view.Choreographer.doCallbacks:809 android.view.Choreographer.doFrame:744 android.view.Choreographer$FrameDisplayEventReceiver.run:995
08-30 15:11:11.145 23627 23627 I SurfaceControl: assignNativeObject: nativeObject = 0 Surface(name=null)/@0x304f03c / android.view.SurfaceControl.readFromParcel:1117 android.view.IWindowSession$Stub$Proxy.relayout:1836 android.view.ViewRootImpl.relayoutWindow:9005 android.view.ViewRootImpl.performTraversals:3360 android.view.ViewRootImpl.doTraversal:2618 android.view.ViewRootImpl$TraversalRunnable.run:9971 android.view.Choreographer$CallbackRecord.run:1010 android.view.Choreographer.doCallbacks:809 android.view.Choreographer.doFrame:744 android.view.Choreographer$FrameDisplayEventReceiver.run:995
08-30 15:11:11.146 23627 23627 I SurfaceControl: nativeRelease nativeObject s[476571793504]
08-30 15:11:11.146 23627 23627 I SurfaceControl: nativeRelease nativeObject e[476571793504]
08-30 15:11:11.146  3976  4002 I SurfaceFlinger: id=38037 Removed Surface(name=749d536 InputMethod)/@0x72f94d3 - animation-leash#0 (91)
08-30 15:11:11.147 23627 23627 I ViewRootImpl@94d822f[InstrumentationActivityInvoker$EmptyActivity]: Relayout returned: old=(0,0,720,1560) new=(0,0,720,1560) req=(720,1560)8 dur=6 res=0x5 s={false 0} ch=true fn=2
08-30 15:11:11.154  3976  3976 I Layer   : id=38037[1] Destroyed Surface(name=749d536 InputMethod)/@0x72f94d3 - animation-leash#0
08-30 15:11:11.157  4349  6800 D SamsungIMMSHWKeyboard: isConnectedDexOnPC false
08-30 15:11:11.158  4349  6800 D InputMethodManagerService: isImeSwitcherDisabledPackage : false
08-30 15:11:11.158 23627 23627 I SurfaceControl: nativeRelease nativeObject s[476571788800]
08-30 15:11:11.158 23627 23627 I SurfaceControl: nativeRelease nativeObject e[476571788800]
08-30 15:11:11.158 23627 23627 I SurfaceControl: nativeRelease nativeObject s[478247332384]
08-30 15:11:11.158 23627 23627 I SurfaceControl: nativeRelease nativeObject e[478247332384]
08-30 15:11:11.159 23627 23627 I ViewRootImpl@94d822f[InstrumentationActivityInvoker$EmptyActivity]: stopped(true) old=false
08-30 15:11:11.159 23627 23627 D LifecycleMonitor: Lifecycle status change: androidx.test.core.app.InstrumentationActivityInvoker$EmptyActivity@9d8b1c2 in: STOPPED
08-30 15:11:11.160 23627 23627 V ActivityScenario: Activity lifecycle changed event received but ignored because the intent does not match. startActivityIntent=Intent { act=android.intent.action.MAIN cat=[android.intent.category.LAUNCHER] cmp=com.example.dogglers/.MainActivity }, activity.getIntent()=Intent { act=android.intent.action.MAIN cat=[android.intent.category.LAUNCHER] flg=0x10000000 cmp=com.example.dogglers/androidx.test.core.app.InstrumentationActivityInvoker$EmptyActivity }, activity=androidx.test.core.app.InstrumentationActivityInvoker$EmptyActivity@9d8b1c2
08-30 15:11:11.162 23627 23627 D LifecycleMonitor: Lifecycle status change: androidx.test.core.app.InstrumentationActivityInvoker$EmptyActivity@9d8b1c2 in: DESTROYED
08-30 15:11:11.163 23627 23627 V ActivityScenario: Activity lifecycle changed event received but ignored because the intent does not match. startActivityIntent=Intent { act=android.intent.action.MAIN cat=[android.intent.category.LAUNCHER] cmp=com.example.dogglers/.MainActivity }, activity.getIntent()=Intent { act=android.intent.action.MAIN cat=[android.intent.category.LAUNCHER] flg=0x10000000 cmp=com.example.dogglers/androidx.test.core.app.InstrumentationActivityInvoker$EmptyActivity }, activity=androidx.test.core.app.InstrumentationActivityInvoker$EmptyActivity@9d8b1c2
08-30 15:11:11.164 23627 23627 I ViewRootImpl@94d822f[InstrumentationActivityInvoker$EmptyActivity]: dispatchDetachedFromWindow
08-30 15:11:11.164  4349  6800 D InputTransport: Input channel destroyed: 'efeaea7', fd=722
08-30 15:11:11.165  4349  6800 I SurfaceControl: nativeRelease nativeObject s[476016220352]
08-30 15:11:11.165  4349  6800 I SurfaceControl: nativeRelease nativeObject e[476016220352]
08-30 15:11:11.165  4349  6800 D WindowManager: isScreenshotDisabledLocked - win: Window{efeaea7 u0 com.example.dogglers/androidx.test.core.app.InstrumentationActivityInvoker$EmptyActivity}
08-30 15:11:11.165  4349  6800 D WindowManager: isScreenshotDisabledLocked: userId = 0, disabled =false
08-30 15:11:11.165  4349  6800 I SurfaceControl: nativeRelease nativeObject s[476017203296]
08-30 15:11:11.165  4349  6800 I SurfaceControl: nativeRelease nativeObject e[476017203296]
08-30 15:11:11.165  3976  4318 I Layer   : id=38033 removeFromCurrentState com.example.dogglers/androidx.test.core.app.InstrumentationActivityInvoker$EmptyActivity$_23627#0 (90)
08-30 15:11:11.166  3976  4318 I SurfaceFlinger: id=38033 Removed com.example.dogglers/androidx.test.core.app.InstrumentationActivityInvoker$EmptyActivity$_23627#0 (90)
08-30 15:11:11.168  3976  4318 I Layer   : id=38032 removeFromCurrentState efeaea7 com.example.dogglers/androidx.test.core.app.InstrumentationActivityInvoker$EmptyActivity#0 (90)
08-30 15:11:11.169  3976  4318 I SurfaceFlinger: id=38032 Removed efeaea7 com.example.dogglers/androidx.test.core.app.InstrumentationActivityInvoker$EmptyActivity#0 (90)
08-30 15:11:11.171  3976  3976 I Layer   : id=38032[1] Destroyed efeaea7 com.example.dogglers/androidx.test.core.app.InstrumentationActivityInvoker$EmptyActivity#0
08-30 15:11:11.171  3976  3976 I Layer   : id=38033[1] Destroyed com.example.dogglers/androidx.test.core.app.InstrumentationActivityInvoker$EmptyActivity$_23627#0
08-30 15:11:11.171 23627 23627 D InputTransport: Input channel destroyed: 'efeaea7', fd=90
